
> test
> jest

FAIL server modules/server/src/test/game-state-serialization.spec.ts
  ● game-state-serialization › carbon-copy MapSchema

    TypeError: fragment.encode is not a function

      10 |     // In @colyseus/schema v3, use encodeAll() method
      11 |     // eslint-disable-next-line @typescript-eslint/no-explicit-any
    > 12 |     const encoded = (fragment as any).encodeAll ? (fragment as any).encodeAll() : (fragment as any).encode();
         |                                                                                                     ^
      13 |     const zipped = await do_gzip(Buffer.from(encoded) as Uint8Array);
      14 |     return zipped.toString('base64');
      15 | }

      at schemaToString (modules/server/src/serialization/game-state-serialization.ts:12:101)
      at Object.<anonymous> (modules/server/src/test/game-state-serialization.spec.ts:15:64)

PASS core modules/core/test/space-state.spec.ts
PASS core modules/core/test/range.spec.ts
PASS core modules/core/test/traverse.spec.ts
PASS core modules/core/test/system.spec.ts
PASS core modules/core/test/xy.spec.ts
PASS core modules/core/test/ship-areas.spec.ts
PASS core modules/core/test/formulas.spec.ts
FAIL server modules/server/src/test/server-api.spec.ts
  ● Console

    console.error
      can't save game when no game is running

      75 |                 res.send(await schemaToString(gameState));
      76 |             } else {
    > 77 |                 console.error(`can't save game when no game is running`);
         |                         ^
      78 |                 res.sendStatus(HTTP_CONFLICT_STATUS);
      79 |             }
      80 |         }),

      at modules/server/src/server.ts:77:25
      at asyncUtilWrap (node_modules/express-async-handler/index.js:3:20)
      at Layer.handle [as handle_request] (node_modules/express/lib/router/layer.js:95:5)
      at next (node_modules/express/lib/router/route.js:149:13)
      at Route.dispatch (node_modules/express/lib/router/route.js:119:3)
      at Layer.handle [as handle_request] (node_modules/express/lib/router/layer.js:95:5)
      at node_modules/express/lib/router/index.js:284:15
      at Function.process_params (node_modules/express/lib/router/index.js:346:12)
      at next (node_modules/express/lib/router/index.js:280:10)
      at jsonParser (node_modules/body-parser/lib/types/json.js:122:7)
      at Layer.handle [as handle_request] (node_modules/express/lib/router/layer.js:95:5)
      at trim_prefix (node_modules/express/lib/router/index.js:328:13)
      at node_modules/express/lib/router/index.js:286:9
      at Function.process_params (node_modules/express/lib/router/index.js:346:12)
      at next (node_modules/express/lib/router/index.js:280:10)
      at serveStatic (node_modules/serve-static/index.js:75:16)
      at Layer.handle [as handle_request] (node_modules/express/lib/router/layer.js:95:5)
      at trim_prefix (node_modules/express/lib/router/index.js:328:13)
      at node_modules/express/lib/router/index.js:286:9
      at Function.process_params (node_modules/express/lib/router/index.js:346:12)
      at next (node_modules/express/lib/router/index.js:280:10)
      at jsonParser (node_modules/body-parser/lib/types/json.js:122:7)
      at Layer.handle [as handle_request] (node_modules/express/lib/router/layer.js:95:5)
      at trim_prefix (node_modules/express/lib/router/index.js:328:13)
      at node_modules/express/lib/router/index.js:286:9
      at Function.process_params (node_modules/express/lib/router/index.js:346:12)
      at next (node_modules/express/lib/router/index.js:280:10)
      at expressInit (node_modules/express/lib/middleware/init.js:40:5)
      at Layer.handle [as handle_request] (node_modules/express/lib/router/layer.js:95:5)
      at trim_prefix (node_modules/express/lib/router/index.js:328:13)
      at node_modules/express/lib/router/index.js:286:9
      at Function.process_params (node_modules/express/lib/router/index.js:346:12)
      at next (node_modules/express/lib/router/index.js:280:10)
      at query (node_modules/express/lib/middleware/query.js:45:5)
      at Layer.handle [as handle_request] (node_modules/express/lib/router/layer.js:95:5)
      at trim_prefix (node_modules/express/lib/router/index.js:328:13)
      at node_modules/express/lib/router/index.js:286:9
      at Function.process_params (node_modules/express/lib/router/index.js:346:12)
      at next (node_modules/express/lib/router/index.js:280:10)
      at Function.handle (node_modules/express/lib/router/index.js:175:3)
      at Function.handle (node_modules/express/lib/application.js:181:10)
      at Server.app (node_modules/express/lib/express.js:39:9)
      at Server.<anonymous> (node_modules/@colyseus/core/build/Server.js:202:24)

  ● server-API › save game functionality › saved game can be created and is non-empty

    expected 200 "OK", got 500 "Internal Server Error"

      32 |
      33 |         it('saved game can be created and is non-empty', async () => {
    > 34 |             const response = await supertest(gameDriver.httpServer).post('/save-game').expect(200);
         |                                                                                        ^
      35 |
      36 |             expect(response.text).toBeTruthy();
      37 |             expect(response.text.length).toBeGreaterThan(100);

      at Object.<anonymous> (modules/server/src/test/server-api.spec.ts:34:88)
      ----
      at Test._assertStatus (node_modules/supertest/lib/test.js:252:14)
      at node_modules/supertest/lib/test.js:308:13
      at Test._assertFunction (node_modules/supertest/lib/test.js:285:13)
      at Test.assert (node_modules/supertest/lib/test.js:164:23)
      at localAssert (node_modules/supertest/lib/test.js:120:14)
      at node_modules/supertest/lib/test.js:125:7
      at Test.fn [as callback] (node_modules/superagent/src/node/index.js:925:3)
      at callback (node_modules/superagent/src/node/index.js:1166:18)
      at IncomingMessage.fn (node_modules/superagent/src/node/parsers/json.js:19:7)

  ● server-API › save game functionality › two save game operations return same data

    expected 200 "OK", got 500 "Internal Server Error"

      43 |
      44 |         it('two save game operations return same data', async () => {
    > 45 |             const response = await supertest(gameDriver.httpServer).post('/save-game').expect(200);
         |                                                                                        ^
      46 |             const response2 = await supertest(gameDriver.httpServer).post('/save-game').expect(200);
      47 |             expect(await getUnzipped(response.text)).toEqual(await getUnzipped(response2.text));
      48 |         });

      at Object.<anonymous> (modules/server/src/test/server-api.spec.ts:45:88)
      ----
      at Test._assertStatus (node_modules/supertest/lib/test.js:252:14)
      at node_modules/supertest/lib/test.js:308:13
      at Test._assertFunction (node_modules/supertest/lib/test.js:285:13)
      at Test.assert (node_modules/supertest/lib/test.js:164:23)
      at localAssert (node_modules/supertest/lib/test.js:120:14)
      at node_modules/supertest/lib/test.js:125:7
      at Test.fn [as callback] (node_modules/superagent/src/node/index.js:925:3)
      at callback (node_modules/superagent/src/node/index.js:1166:18)
      at IncomingMessage.fn (node_modules/superagent/src/node/parsers/json.js:19:7)

  ● server-API › save game functionality › saved game contains same data as game state

    expected 200 "OK", got 500 "Internal Server Error"

      49 |
      50 |         it('saved game contains same data as game state', async () => {
    > 51 |             const response = await supertest(gameDriver.httpServer).post('/save-game').expect(200);
         |                                                                                        ^
      52 |             await gameDriver.assertSameState(response.text);
      53 |         });
      54 |

      at Object.<anonymous> (modules/server/src/test/server-api.spec.ts:51:88)
      ----
      at Test._assertStatus (node_modules/supertest/lib/test.js:252:14)
      at node_modules/supertest/lib/test.js:308:13
      at Test._assertFunction (node_modules/supertest/lib/test.js:285:13)
      at Test.assert (node_modules/supertest/lib/test.js:164:23)
      at localAssert (node_modules/supertest/lib/test.js:120:14)
      at node_modules/supertest/lib/test.js:125:7
      at Test.fn [as callback] (node_modules/superagent/src/node/index.js:925:3)
      at callback (node_modules/superagent/src/node/index.js:1166:18)
      at IncomingMessage.fn (node_modules/superagent/src/node/parsers/json.js:19:7)

  ● server-API › save game functionality › load saved game retains data

    expected 200 "OK", got 500 "Internal Server Error"

      55 |         it('load saved game retains data', async () => {
      56 |             // create a save game
    > 57 |             const firstSaveGame = await supertest(gameDriver.httpServer).post('/save-game').expect(200);
         |                                                                                             ^
      58 |             const savedGameRawData = firstSaveGame.text;
      59 |             await supertest(gameDriver.httpServer).post('/stop-game').expect(200);
      60 |             // load saved game

      at Object.<anonymous> (modules/server/src/test/server-api.spec.ts:57:93)
      ----
      at Test._assertStatus (node_modules/supertest/lib/test.js:252:14)
      at node_modules/supertest/lib/test.js:308:13
      at Test._assertFunction (node_modules/supertest/lib/test.js:285:13)
      at Test.assert (node_modules/supertest/lib/test.js:164:23)
      at localAssert (node_modules/supertest/lib/test.js:120:14)
      at node_modules/supertest/lib/test.js:125:7
      at Test.fn [as callback] (node_modules/superagent/src/node/index.js:925:3)
      at callback (node_modules/superagent/src/node/index.js:1166:18)
      at IncomingMessage.fn (node_modules/superagent/src/node/parsers/json.js:19:7)

PASS core modules/core/test/space-manager.spec.ts
PASS core modules/core/test/thruster-ship-integration.spec.ts
FAIL node-red modules/node-red/src/ship-write/ship-write.spec.ts
  ● Console

    console.log
      connection error: TypeError: Cannot read properties of undefined (reading 'decoder')
          at wireEvents (/data/Workspace/helios/starwards/node_modules/colyseus-events/src/wire-events.ts:30:40)
          at /data/Workspace/helios/starwards/modules/core/src/client/admin.ts:20:5
          at processTicksAndRejections (node:internal/process/task_queues:95:5)
          at /data/Workspace/helios/starwards/modules/core/src/client/connection-manager.ts:131:21

      at ConnectionManager.onConnectionError (modules/core/src/client/connection-manager.ts:144:21)

    console.log
      connection error: Error: disconnected from server
          at EventEmitter.<anonymous> (/data/Workspace/helios/starwards/modules/core/src/client/driver.ts:53:58)
          at /data/Workspace/helios/starwards/node_modules/colyseus.js/src/core/signal.ts:15:48
          at Array.forEach (<anonymous>)
          at EventEmitter.invoke (/data/Workspace/helios/starwards/node_modules/colyseus.js/src/core/signal.ts:15:19)
          at Function.register.invoke (/data/Workspace/helios/starwards/node_modules/colyseus.js/src/core/signal.ts:57:81)
          at WebSocket.connection.events.onclose (/data/Workspace/helios/starwards/node_modules/colyseus.js/src/Room.ts:89:30)
          at callListener (/data/Workspace/helios/starwards/node_modules/colyseus.js/node_modules/ws/lib/event-target.js:290:14)
          at WebSocket.onClose (/data/Workspace/helios/starwards/node_modules/colyseus.js/node_modules/ws/lib/event-target.js:220:9)
          at WebSocket.emit (node:events:524:28)
          at WebSocket.emitClose (/data/Workspace/helios/starwards/node_modules/colyseus.js/node_modules/ws/lib/websocket.js:272:10)
          at Socket.socketOnClose (/data/Workspace/helios/starwards/node_modules/colyseus.js/node_modules/ws/lib/websocket.js:1341:15)
          at Socket.emit (node:events:524:28)
          at TCP.<anonymous> (node:net:343:12)

      at ConnectionManager.onConnectionError (modules/core/src/client/connection-manager.ts:144:21)
          at Array.forEach (<anonymous>)

    console.log
      connection error: TypeError: Cannot read properties of undefined (reading 'decoder')
          at wireEvents (/data/Workspace/helios/starwards/node_modules/colyseus-events/src/wire-events.ts:30:40)
          at /data/Workspace/helios/starwards/modules/core/src/client/admin.ts:20:5
          at processTicksAndRejections (node:internal/process/task_queues:95:5)
          at /data/Workspace/helios/starwards/modules/core/src/client/connection-manager.ts:131:21

      at ConnectionManager.onConnectionError (modules/core/src/client/connection-manager.ts:144:21)

    console.log
      connection error: Error: disconnected from server
          at EventEmitter.<anonymous> (/data/Workspace/helios/starwards/modules/core/src/client/driver.ts:53:58)
          at /data/Workspace/helios/starwards/node_modules/colyseus.js/src/core/signal.ts:15:48
          at Array.forEach (<anonymous>)
          at EventEmitter.invoke (/data/Workspace/helios/starwards/node_modules/colyseus.js/src/core/signal.ts:15:19)
          at Function.register.invoke (/data/Workspace/helios/starwards/node_modules/colyseus.js/src/core/signal.ts:57:81)
          at WebSocket.connection.events.onclose (/data/Workspace/helios/starwards/node_modules/colyseus.js/src/Room.ts:89:30)
          at callListener (/data/Workspace/helios/starwards/node_modules/colyseus.js/node_modules/ws/lib/event-target.js:290:14)
          at WebSocket.onClose (/data/Workspace/helios/starwards/node_modules/colyseus.js/node_modules/ws/lib/event-target.js:220:9)
          at WebSocket.emit (node:events:524:28)
          at WebSocket.emitClose (/data/Workspace/helios/starwards/node_modules/colyseus.js/node_modules/ws/lib/websocket.js:272:10)
          at Socket.socketOnClose (/data/Workspace/helios/starwards/node_modules/colyseus.js/node_modules/ws/lib/websocket.js:1341:15)
          at Socket.emit (node:events:524:28)
          at TCP.<anonymous> (node:net:343:12)

      at ConnectionManager.onConnectionError (modules/core/src/client/connection-manager.ts:144:21)
          at Array.forEach (<anonymous>)

    console.log
      connection error: TypeError: Cannot read properties of undefined (reading 'decoder')
          at wireEvents (/data/Workspace/helios/starwards/node_modules/colyseus-events/src/wire-events.ts:30:40)
          at /data/Workspace/helios/starwards/modules/core/src/client/admin.ts:20:5
          at processTicksAndRejections (node:internal/process/task_queues:95:5)
          at /data/Workspace/helios/starwards/modules/core/src/client/connection-manager.ts:131:21

      at ConnectionManager.onConnectionError (modules/core/src/client/connection-manager.ts:144:21)

    console.log
      connection error: Error: disconnected from server
          at EventEmitter.<anonymous> (/data/Workspace/helios/starwards/modules/core/src/client/driver.ts:53:58)
          at /data/Workspace/helios/starwards/node_modules/colyseus.js/src/core/signal.ts:15:48
          at Array.forEach (<anonymous>)
          at EventEmitter.invoke (/data/Workspace/helios/starwards/node_modules/colyseus.js/src/core/signal.ts:15:19)
          at Function.register.invoke (/data/Workspace/helios/starwards/node_modules/colyseus.js/src/core/signal.ts:57:81)
          at WebSocket.connection.events.onclose (/data/Workspace/helios/starwards/node_modules/colyseus.js/src/Room.ts:89:30)
          at callListener (/data/Workspace/helios/starwards/node_modules/colyseus.js/node_modules/ws/lib/event-target.js:290:14)
          at WebSocket.onClose (/data/Workspace/helios/starwards/node_modules/colyseus.js/node_modules/ws/lib/event-target.js:220:9)
          at WebSocket.emit (node:events:524:28)
          at WebSocket.emitClose (/data/Workspace/helios/starwards/node_modules/colyseus.js/node_modules/ws/lib/websocket.js:272:10)
          at Socket.socketOnClose (/data/Workspace/helios/starwards/node_modules/colyseus.js/node_modules/ws/lib/websocket.js:1341:15)
          at Socket.emit (node:events:524:28)
          at TCP.<anonymous> (node:net:343:12)

      at ConnectionManager.onConnectionError (modules/core/src/client/connection-manager.ts:144:21)
          at Array.forEach (<anonymous>)

  ● ship-write › relay commands to server

    expect(received).toEqual(expected) // deep equality

    - Expected  - 3
    + Received  + 4

    - ObjectContaining {
    -   "fill": "green",
    -   "text": "connected",
    + Object {
    +   "fill": "red",
    +   "shape": "dot",
    +   "text": "err: Cannot read properties of undefined (reading 'decoder')",
      }

      54 |             waitFor(() => {
      55 |                 expect(node.status.callCount).toBeGreaterThan(0);
    > 56 |                 expect(node.status.lastCall.firstArg).toEqual(expected);
         |                                                       ^
      57 |             }, 3_000),
      58 |         waitForOutput: (msg: Partial<NodeMessage>) =>
      59 |             waitFor(() => {

      at modules/node-red/src/test-driver.ts:56:55
      at waitFor (modules/core/src/utils.ts:66:26)
      at Object.<anonymous> (modules/node-red/src/ship-write/ship-write.spec.ts:42:9)

FAIL node-red modules/node-red/src/starwards-config/starwards-config.spec.ts (6.877 s)
  ● Console

    console.log
      connection error: TypeError: Cannot read properties of undefined (reading 'decoder')
          at wireEvents (/data/Workspace/helios/starwards/node_modules/colyseus-events/src/wire-events.ts:30:40)
          at /data/Workspace/helios/starwards/modules/core/src/client/admin.ts:20:5
          at processTicksAndRejections (node:internal/process/task_queues:95:5)
          at /data/Workspace/helios/starwards/modules/core/src/client/connection-manager.ts:131:21

      at ConnectionManager.onConnectionError (modules/core/src/client/connection-manager.ts:144:21)

    console.log
      connection error: Error: disconnected from server
          at EventEmitter.<anonymous> (/data/Workspace/helios/starwards/modules/core/src/client/driver.ts:53:58)
          at /data/Workspace/helios/starwards/node_modules/colyseus.js/src/core/signal.ts:15:48
          at Array.forEach (<anonymous>)
          at EventEmitter.invoke (/data/Workspace/helios/starwards/node_modules/colyseus.js/src/core/signal.ts:15:19)
          at Function.register.invoke (/data/Workspace/helios/starwards/node_modules/colyseus.js/src/core/signal.ts:57:81)
          at WebSocket.connection.events.onclose (/data/Workspace/helios/starwards/node_modules/colyseus.js/src/Room.ts:89:30)
          at callListener (/data/Workspace/helios/starwards/node_modules/colyseus.js/node_modules/ws/lib/event-target.js:290:14)
          at WebSocket.onClose (/data/Workspace/helios/starwards/node_modules/colyseus.js/node_modules/ws/lib/event-target.js:220:9)
          at WebSocket.emit (node:events:524:28)
          at WebSocket.emitClose (/data/Workspace/helios/starwards/node_modules/colyseus.js/node_modules/ws/lib/websocket.js:272:10)
          at Socket.socketOnClose (/data/Workspace/helios/starwards/node_modules/colyseus.js/node_modules/ws/lib/websocket.js:1341:15)
          at Socket.emit (node:events:524:28)
          at TCP.<anonymous> (node:net:343:12)

      at ConnectionManager.onConnectionError (modules/core/src/client/connection-manager.ts:144:21)
          at Array.forEach (<anonymous>)

    console.log
      connection error: TypeError: Cannot read properties of undefined (reading 'decoder')
          at wireEvents (/data/Workspace/helios/starwards/node_modules/colyseus-events/src/wire-events.ts:30:40)
          at /data/Workspace/helios/starwards/modules/core/src/client/admin.ts:20:5
          at processTicksAndRejections (node:internal/process/task_queues:95:5)
          at /data/Workspace/helios/starwards/modules/core/src/client/connection-manager.ts:131:21

      at ConnectionManager.onConnectionError (modules/core/src/client/connection-manager.ts:144:21)

    console.log
      connection error: Error: disconnected from server
          at EventEmitter.<anonymous> (/data/Workspace/helios/starwards/modules/core/src/client/driver.ts:53:58)
          at /data/Workspace/helios/starwards/node_modules/colyseus.js/src/core/signal.ts:15:48
          at Array.forEach (<anonymous>)
          at EventEmitter.invoke (/data/Workspace/helios/starwards/node_modules/colyseus.js/src/core/signal.ts:15:19)
          at Function.register.invoke (/data/Workspace/helios/starwards/node_modules/colyseus.js/src/core/signal.ts:57:81)
          at WebSocket.connection.events.onclose (/data/Workspace/helios/starwards/node_modules/colyseus.js/src/Room.ts:89:30)
          at callListener (/data/Workspace/helios/starwards/node_modules/colyseus.js/node_modules/ws/lib/event-target.js:290:14)
          at WebSocket.onClose (/data/Workspace/helios/starwards/node_modules/colyseus.js/node_modules/ws/lib/event-target.js:220:9)
          at WebSocket.emit (node:events:524:28)
          at WebSocket.emitClose (/data/Workspace/helios/starwards/node_modules/colyseus.js/node_modules/ws/lib/websocket.js:272:10)
          at Socket.socketOnClose (/data/Workspace/helios/starwards/node_modules/colyseus.js/node_modules/ws/lib/websocket.js:1341:15)
          at Socket.emit (node:events:524:28)
          at TCP.<anonymous> (node:net:343:12)

      at ConnectionManager.onConnectionError (modules/core/src/client/connection-manager.ts:144:21)
          at Array.forEach (<anonymous>)

    console.log
      connection error: TypeError: Cannot read properties of undefined (reading 'decoder')
          at wireEvents (/data/Workspace/helios/starwards/node_modules/colyseus-events/src/wire-events.ts:30:40)
          at /data/Workspace/helios/starwards/modules/core/src/client/admin.ts:20:5
          at processTicksAndRejections (node:internal/process/task_queues:95:5)
          at /data/Workspace/helios/starwards/modules/core/src/client/connection-manager.ts:131:21

      at ConnectionManager.onConnectionError (modules/core/src/client/connection-manager.ts:144:21)

    console.log
      connection error: Error: disconnected from server
          at EventEmitter.<anonymous> (/data/Workspace/helios/starwards/modules/core/src/client/driver.ts:53:58)
          at /data/Workspace/helios/starwards/node_modules/colyseus.js/src/core/signal.ts:15:48
          at Array.forEach (<anonymous>)
          at EventEmitter.invoke (/data/Workspace/helios/starwards/node_modules/colyseus.js/src/core/signal.ts:15:19)
          at Function.register.invoke (/data/Workspace/helios/starwards/node_modules/colyseus.js/src/core/signal.ts:57:81)
          at WebSocket.connection.events.onclose (/data/Workspace/helios/starwards/node_modules/colyseus.js/src/Room.ts:89:30)
          at callListener (/data/Workspace/helios/starwards/node_modules/colyseus.js/node_modules/ws/lib/event-target.js:290:14)
          at WebSocket.onClose (/data/Workspace/helios/starwards/node_modules/colyseus.js/node_modules/ws/lib/event-target.js:220:9)
          at WebSocket.emit (node:events:524:28)
          at WebSocket.emitClose (/data/Workspace/helios/starwards/node_modules/colyseus.js/node_modules/ws/lib/websocket.js:272:10)
          at Socket.socketOnClose (/data/Workspace/helios/starwards/node_modules/colyseus.js/node_modules/ws/lib/websocket.js:1341:15)
          at Socket.emit (node:events:524:28)
          at TCP.<anonymous> (node:net:343:12)

      at ConnectionManager.onConnectionError (modules/core/src/client/connection-manager.ts:144:21)
          at Array.forEach (<anonymous>)

    console.log
      connection error: TypeError: Cannot read properties of undefined (reading 'decoder')
          at wireEvents (/data/Workspace/helios/starwards/node_modules/colyseus-events/src/wire-events.ts:30:40)
          at /data/Workspace/helios/starwards/modules/core/src/client/admin.ts:20:5
          at processTicksAndRejections (node:internal/process/task_queues:95:5)
          at /data/Workspace/helios/starwards/modules/core/src/client/connection-manager.ts:131:21

      at ConnectionManager.onConnectionError (modules/core/src/client/connection-manager.ts:144:21)

    console.log
      connection error: Error: disconnected from server
          at EventEmitter.<anonymous> (/data/Workspace/helios/starwards/modules/core/src/client/driver.ts:53:58)
          at /data/Workspace/helios/starwards/node_modules/colyseus.js/src/core/signal.ts:15:48
          at Array.forEach (<anonymous>)
          at EventEmitter.invoke (/data/Workspace/helios/starwards/node_modules/colyseus.js/src/core/signal.ts:15:19)
          at Function.register.invoke (/data/Workspace/helios/starwards/node_modules/colyseus.js/src/core/signal.ts:57:81)
          at WebSocket.connection.events.onclose (/data/Workspace/helios/starwards/node_modules/colyseus.js/src/Room.ts:89:30)
          at callListener (/data/Workspace/helios/starwards/node_modules/colyseus.js/node_modules/ws/lib/event-target.js:290:14)
          at WebSocket.onClose (/data/Workspace/helios/starwards/node_modules/colyseus.js/node_modules/ws/lib/event-target.js:220:9)
          at WebSocket.emit (node:events:524:28)
          at WebSocket.emitClose (/data/Workspace/helios/starwards/node_modules/colyseus.js/node_modules/ws/lib/websocket.js:272:10)
          at Socket.socketOnClose (/data/Workspace/helios/starwards/node_modules/colyseus.js/node_modules/ws/lib/websocket.js:1341:15)
          at Socket.emit (node:events:524:28)
          at TCP.<anonymous> (node:net:343:12)

      at ConnectionManager.onConnectionError (modules/core/src/client/connection-manager.ts:144:21)
          at Array.forEach (<anonymous>)

    console.log
      connection error: TypeError: Cannot read properties of undefined (reading 'decoder')
          at wireEvents (/data/Workspace/helios/starwards/node_modules/colyseus-events/src/wire-events.ts:30:40)
          at /data/Workspace/helios/starwards/modules/core/src/client/admin.ts:20:5
          at processTicksAndRejections (node:internal/process/task_queues:95:5)
          at /data/Workspace/helios/starwards/modules/core/src/client/connection-manager.ts:131:21

      at ConnectionManager.onConnectionError (modules/core/src/client/connection-manager.ts:144:21)

    console.log
      connection error: Error: disconnected from server
          at EventEmitter.<anonymous> (/data/Workspace/helios/starwards/modules/core/src/client/driver.ts:53:58)
          at /data/Workspace/helios/starwards/node_modules/colyseus.js/src/core/signal.ts:15:48
          at Array.forEach (<anonymous>)
          at EventEmitter.invoke (/data/Workspace/helios/starwards/node_modules/colyseus.js/src/core/signal.ts:15:19)
          at Function.register.invoke (/data/Workspace/helios/starwards/node_modules/colyseus.js/src/core/signal.ts:57:81)
          at WebSocket.connection.events.onclose (/data/Workspace/helios/starwards/node_modules/colyseus.js/src/Room.ts:89:30)
          at callListener (/data/Workspace/helios/starwards/node_modules/colyseus.js/node_modules/ws/lib/event-target.js:290:14)
          at WebSocket.onClose (/data/Workspace/helios/starwards/node_modules/colyseus.js/node_modules/ws/lib/event-target.js:220:9)
          at WebSocket.emit (node:events:524:28)
          at WebSocket.emitClose (/data/Workspace/helios/starwards/node_modules/colyseus.js/node_modules/ws/lib/websocket.js:272:10)
          at Socket.socketOnClose (/data/Workspace/helios/starwards/node_modules/colyseus.js/node_modules/ws/lib/websocket.js:1341:15)
          at Socket.emit (node:events:524:28)
          at TCP.<anonymous> (node:net:343:12)

      at ConnectionManager.onConnectionError (modules/core/src/client/connection-manager.ts:144:21)
          at Array.forEach (<anonymous>)

  ● starwards-config › integration with server › detects game status

    thrown: "Exceeded timeout of 5000 ms for a test.
    Add a timeout value to this test to increase the timeout, if this is a long-running test. See https://jestjs.io/docs/api#testname-fn-timeout."

      36 |         });
      37 |
    > 38 |         it('detects game status', async () => {
         |         ^
      39 |             const flows: Flows = [{ id: 'n1', type: 'starwards-config', url: gameDriver.url() }];
      40 |             await helper.load(initNodes, flows);
      41 |             const { node } = getNode<StarwardsConfigNode>('n1');

      at modules/node-red/src/starwards-config/starwards-config.spec.ts:38:9
      at modules/node-red/src/starwards-config/starwards-config.spec.ts:31:5
      at Object.<anonymous> (modules/node-red/src/starwards-config/starwards-config.spec.ts:12:1)

PASS core modules/core/test/ship-manager.spec.ts (7.502 s)
FAIL node-red modules/node-red/src/ship-read/ship-read.spec.ts (7.96 s)
  ● Console

    console.log
      connection error: TypeError: Cannot read properties of undefined (reading 'decoder')
          at wireEvents (/data/Workspace/helios/starwards/node_modules/colyseus-events/src/wire-events.ts:30:40)
          at /data/Workspace/helios/starwards/modules/core/src/client/admin.ts:20:5
          at processTicksAndRejections (node:internal/process/task_queues:95:5)
          at /data/Workspace/helios/starwards/modules/core/src/client/connection-manager.ts:131:21

      at ConnectionManager.onConnectionError (modules/core/src/client/connection-manager.ts:144:21)

    console.log
      connection error: Error: disconnected from server
          at EventEmitter.<anonymous> (/data/Workspace/helios/starwards/modules/core/src/client/driver.ts:53:58)
          at /data/Workspace/helios/starwards/node_modules/colyseus.js/src/core/signal.ts:15:48
          at Array.forEach (<anonymous>)
          at EventEmitter.invoke (/data/Workspace/helios/starwards/node_modules/colyseus.js/src/core/signal.ts:15:19)
          at Function.register.invoke (/data/Workspace/helios/starwards/node_modules/colyseus.js/src/core/signal.ts:57:81)
          at WebSocket.connection.events.onclose (/data/Workspace/helios/starwards/node_modules/colyseus.js/src/Room.ts:89:30)
          at callListener (/data/Workspace/helios/starwards/node_modules/colyseus.js/node_modules/ws/lib/event-target.js:290:14)
          at WebSocket.onClose (/data/Workspace/helios/starwards/node_modules/colyseus.js/node_modules/ws/lib/event-target.js:220:9)
          at WebSocket.emit (node:events:524:28)
          at WebSocket.emitClose (/data/Workspace/helios/starwards/node_modules/colyseus.js/node_modules/ws/lib/websocket.js:272:10)
          at Socket.socketOnClose (/data/Workspace/helios/starwards/node_modules/colyseus.js/node_modules/ws/lib/websocket.js:1341:15)
          at Socket.emit (node:events:524:28)
          at TCP.<anonymous> (node:net:343:12)

      at ConnectionManager.onConnectionError (modules/core/src/client/connection-manager.ts:144:21)
          at Array.forEach (<anonymous>)

    console.log
      connection error: TypeError: Cannot read properties of undefined (reading 'decoder')
          at wireEvents (/data/Workspace/helios/starwards/node_modules/colyseus-events/src/wire-events.ts:30:40)
          at /data/Workspace/helios/starwards/modules/core/src/client/admin.ts:20:5
          at processTicksAndRejections (node:internal/process/task_queues:95:5)
          at /data/Workspace/helios/starwards/modules/core/src/client/connection-manager.ts:131:21

      at ConnectionManager.onConnectionError (modules/core/src/client/connection-manager.ts:144:21)

    console.log
      connection error: Error: disconnected from server
          at EventEmitter.<anonymous> (/data/Workspace/helios/starwards/modules/core/src/client/driver.ts:53:58)
          at /data/Workspace/helios/starwards/node_modules/colyseus.js/src/core/signal.ts:15:48
          at Array.forEach (<anonymous>)
          at EventEmitter.invoke (/data/Workspace/helios/starwards/node_modules/colyseus.js/src/core/signal.ts:15:19)
          at Function.register.invoke (/data/Workspace/helios/starwards/node_modules/colyseus.js/src/core/signal.ts:57:81)
          at WebSocket.connection.events.onclose (/data/Workspace/helios/starwards/node_modules/colyseus.js/src/Room.ts:89:30)
          at callListener (/data/Workspace/helios/starwards/node_modules/colyseus.js/node_modules/ws/lib/event-target.js:290:14)
          at WebSocket.onClose (/data/Workspace/helios/starwards/node_modules/colyseus.js/node_modules/ws/lib/event-target.js:220:9)
          at WebSocket.emit (node:events:524:28)
          at WebSocket.emitClose (/data/Workspace/helios/starwards/node_modules/colyseus.js/node_modules/ws/lib/websocket.js:272:10)
          at Socket.socketOnClose (/data/Workspace/helios/starwards/node_modules/colyseus.js/node_modules/ws/lib/websocket.js:1341:15)
          at Socket.emit (node:events:524:28)
          at TCP.<anonymous> (node:net:343:12)

      at ConnectionManager.onConnectionError (modules/core/src/client/connection-manager.ts:144:21)
          at Array.forEach (<anonymous>)

    console.log
      connection error: TypeError: Cannot read properties of undefined (reading 'decoder')
          at wireEvents (/data/Workspace/helios/starwards/node_modules/colyseus-events/src/wire-events.ts:30:40)
          at /data/Workspace/helios/starwards/modules/core/src/client/admin.ts:20:5
          at processTicksAndRejections (node:internal/process/task_queues:95:5)
          at /data/Workspace/helios/starwards/modules/core/src/client/connection-manager.ts:131:21

      at ConnectionManager.onConnectionError (modules/core/src/client/connection-manager.ts:144:21)

    console.log
      connection error: Error: disconnected from server
          at EventEmitter.<anonymous> (/data/Workspace/helios/starwards/modules/core/src/client/driver.ts:53:58)
          at /data/Workspace/helios/starwards/node_modules/colyseus.js/src/core/signal.ts:15:48
          at Array.forEach (<anonymous>)
          at EventEmitter.invoke (/data/Workspace/helios/starwards/node_modules/colyseus.js/src/core/signal.ts:15:19)
          at Function.register.invoke (/data/Workspace/helios/starwards/node_modules/colyseus.js/src/core/signal.ts:57:81)
          at WebSocket.connection.events.onclose (/data/Workspace/helios/starwards/node_modules/colyseus.js/src/Room.ts:89:30)
          at callListener (/data/Workspace/helios/starwards/node_modules/colyseus.js/node_modules/ws/lib/event-target.js:290:14)
          at WebSocket.onClose (/data/Workspace/helios/starwards/node_modules/colyseus.js/node_modules/ws/lib/event-target.js:220:9)
          at WebSocket.emit (node:events:524:28)
          at WebSocket.emitClose (/data/Workspace/helios/starwards/node_modules/colyseus.js/node_modules/ws/lib/websocket.js:272:10)
          at Socket.socketOnClose (/data/Workspace/helios/starwards/node_modules/colyseus.js/node_modules/ws/lib/websocket.js:1341:15)
          at Socket.emit (node:events:524:28)
          at TCP.<anonymous> (node:net:343:12)

      at ConnectionManager.onConnectionError (modules/core/src/client/connection-manager.ts:144:21)
          at Array.forEach (<anonymous>)

    console.log
      connection error: TypeError: Cannot read properties of undefined (reading 'decoder')
          at wireEvents (/data/Workspace/helios/starwards/node_modules/colyseus-events/src/wire-events.ts:30:40)
          at /data/Workspace/helios/starwards/modules/core/src/client/admin.ts:20:5
          at processTicksAndRejections (node:internal/process/task_queues:95:5)
          at /data/Workspace/helios/starwards/modules/core/src/client/connection-manager.ts:131:21

      at ConnectionManager.onConnectionError (modules/core/src/client/connection-manager.ts:144:21)

    console.log
      connection error: Error: disconnected from server
          at EventEmitter.<anonymous> (/data/Workspace/helios/starwards/modules/core/src/client/driver.ts:53:58)
          at /data/Workspace/helios/starwards/node_modules/colyseus.js/src/core/signal.ts:15:48
          at Array.forEach (<anonymous>)
          at EventEmitter.invoke (/data/Workspace/helios/starwards/node_modules/colyseus.js/src/core/signal.ts:15:19)
          at Function.register.invoke (/data/Workspace/helios/starwards/node_modules/colyseus.js/src/core/signal.ts:57:81)
          at WebSocket.connection.events.onclose (/data/Workspace/helios/starwards/node_modules/colyseus.js/src/Room.ts:89:30)
          at callListener (/data/Workspace/helios/starwards/node_modules/colyseus.js/node_modules/ws/lib/event-target.js:290:14)
          at WebSocket.onClose (/data/Workspace/helios/starwards/node_modules/colyseus.js/node_modules/ws/lib/event-target.js:220:9)
          at WebSocket.emit (node:events:524:28)
          at WebSocket.emitClose (/data/Workspace/helios/starwards/node_modules/colyseus.js/node_modules/ws/lib/websocket.js:272:10)
          at Socket.socketOnClose (/data/Workspace/helios/starwards/node_modules/colyseus.js/node_modules/ws/lib/websocket.js:1341:15)
          at Socket.emit (node:events:524:28)
          at TCP.<anonymous> (node:net:343:12)

      at ConnectionManager.onConnectionError (modules/core/src/client/connection-manager.ts:144:21)
          at Array.forEach (<anonymous>)

    console.log
      connection error: TypeError: Cannot read properties of undefined (reading 'decoder')
          at wireEvents (/data/Workspace/helios/starwards/node_modules/colyseus-events/src/wire-events.ts:30:40)
          at /data/Workspace/helios/starwards/modules/core/src/client/admin.ts:20:5
          at processTicksAndRejections (node:internal/process/task_queues:95:5)
          at /data/Workspace/helios/starwards/modules/core/src/client/connection-manager.ts:131:21

      at ConnectionManager.onConnectionError (modules/core/src/client/connection-manager.ts:144:21)

    console.log
      connection error: Error: disconnected from server
          at EventEmitter.<anonymous> (/data/Workspace/helios/starwards/modules/core/src/client/driver.ts:53:58)
          at /data/Workspace/helios/starwards/node_modules/colyseus.js/src/core/signal.ts:15:48
          at Array.forEach (<anonymous>)
          at EventEmitter.invoke (/data/Workspace/helios/starwards/node_modules/colyseus.js/src/core/signal.ts:15:19)
          at Function.register.invoke (/data/Workspace/helios/starwards/node_modules/colyseus.js/src/core/signal.ts:57:81)
          at WebSocket.connection.events.onclose (/data/Workspace/helios/starwards/node_modules/colyseus.js/src/Room.ts:89:30)
          at callListener (/data/Workspace/helios/starwards/node_modules/colyseus.js/node_modules/ws/lib/event-target.js:290:14)
          at WebSocket.onClose (/data/Workspace/helios/starwards/node_modules/colyseus.js/node_modules/ws/lib/event-target.js:220:9)
          at WebSocket.emit (node:events:524:28)
          at WebSocket.emitClose (/data/Workspace/helios/starwards/node_modules/colyseus.js/node_modules/ws/lib/websocket.js:272:10)
          at Socket.socketOnClose (/data/Workspace/helios/starwards/node_modules/colyseus.js/node_modules/ws/lib/websocket.js:1341:15)
          at Socket.emit (node:events:524:28)
          at TCP.<anonymous> (node:net:343:12)

      at ConnectionManager.onConnectionError (modules/core/src/client/connection-manager.ts:144:21)
          at Array.forEach (<anonymous>)

    console.log
      connection error: TypeError: Cannot read properties of undefined (reading 'decoder')
          at wireEvents (/data/Workspace/helios/starwards/node_modules/colyseus-events/src/wire-events.ts:30:40)
          at /data/Workspace/helios/starwards/modules/core/src/client/admin.ts:20:5
          at processTicksAndRejections (node:internal/process/task_queues:95:5)
          at /data/Workspace/helios/starwards/modules/core/src/client/connection-manager.ts:131:21

      at ConnectionManager.onConnectionError (modules/core/src/client/connection-manager.ts:144:21)

    console.log
      connection error: Error: disconnected from server
          at EventEmitter.<anonymous> (/data/Workspace/helios/starwards/modules/core/src/client/driver.ts:53:58)
          at /data/Workspace/helios/starwards/node_modules/colyseus.js/src/core/signal.ts:15:48
          at Array.forEach (<anonymous>)
          at EventEmitter.invoke (/data/Workspace/helios/starwards/node_modules/colyseus.js/src/core/signal.ts:15:19)
          at Function.register.invoke (/data/Workspace/helios/starwards/node_modules/colyseus.js/src/core/signal.ts:57:81)
          at WebSocket.connection.events.onclose (/data/Workspace/helios/starwards/node_modules/colyseus.js/src/Room.ts:89:30)
          at callListener (/data/Workspace/helios/starwards/node_modules/colyseus.js/node_modules/ws/lib/event-target.js:290:14)
          at WebSocket.onClose (/data/Workspace/helios/starwards/node_modules/colyseus.js/node_modules/ws/lib/event-target.js:220:9)
          at WebSocket.emit (node:events:524:28)
          at WebSocket.emitClose (/data/Workspace/helios/starwards/node_modules/colyseus.js/node_modules/ws/lib/websocket.js:272:10)
          at Socket.socketOnClose (/data/Workspace/helios/starwards/node_modules/colyseus.js/node_modules/ws/lib/websocket.js:1341:15)
          at Socket.emit (node:events:524:28)
          at TCP.<anonymous> (node:net:343:12)

      at ConnectionManager.onConnectionError (modules/core/src/client/connection-manager.ts:144:21)
          at Array.forEach (<anonymous>)

  ● ship-read › queries state

    expect(received).toEqual(expected) // deep equality

    - Expected  - 3
    + Received  + 4

    - ObjectContaining {
    -   "fill": "green",
    -   "text": "connected",
    + Object {
    +   "fill": "red",
    +   "shape": "dot",
    +   "text": "err: Cannot read properties of undefined (reading 'decoder')",
      }

      54 |             waitFor(() => {
      55 |                 expect(node.status.callCount).toBeGreaterThan(0);
    > 56 |                 expect(node.status.lastCall.firstArg).toEqual(expected);
         |                                                       ^
      57 |             }, 3_000),
      58 |         waitForOutput: (msg: Partial<NodeMessage>) =>
      59 |             waitFor(() => {

      at modules/node-red/src/test-driver.ts:56:55
      at waitFor (modules/core/src/utils.ts:66:26)
      at Object.<anonymous> (modules/node-red/src/ship-read/ship-read.spec.ts:42:9)

  ● ship-read › reacts to ship state changes

    expect(received).toEqual(expected) // deep equality

    - Expected  - 3
    + Received  + 4

    - ObjectContaining {
    -   "fill": "green",
    -   "text": "connected",
    + Object {
    +   "fill": "red",
    +   "shape": "dot",
    +   "text": "err: Cannot read properties of undefined (reading 'decoder')",
      }

      54 |             waitFor(() => {
      55 |                 expect(node.status.callCount).toBeGreaterThan(0);
    > 56 |                 expect(node.status.lastCall.firstArg).toEqual(expected);
         |                                                       ^
      57 |             }, 3_000),
      58 |         waitForOutput: (msg: Partial<NodeMessage>) =>
      59 |             waitFor(() => {

      at modules/node-red/src/test-driver.ts:56:55
      at waitFor (modules/core/src/utils.ts:66:26)
      at Object.<anonymous> (modules/node-red/src/ship-read/ship-read.spec.ts:55:9)

FAIL node-red modules/node-red/src/shared/ship-node.spec.ts (11.041 s)
  ● Console

    console.log
      connection error: ServerError: connect ECONNREFUSED 127.1.2.3:8123
          at /data/Workspace/helios/starwards/node_modules/colyseus.js/src/HTTP.ts:42:19
          at processTicksAndRejections (node:internal/process/task_queues:95:5)

      at ConnectionManager.onConnectionError (modules/core/src/client/connection-manager.ts:144:21)

    console.log
      connection error: TypeError: Cannot read properties of undefined (reading 'decoder')
          at wireEvents (/data/Workspace/helios/starwards/node_modules/colyseus-events/src/wire-events.ts:30:40)
          at /data/Workspace/helios/starwards/modules/core/src/client/admin.ts:20:5
          at processTicksAndRejections (node:internal/process/task_queues:95:5)
          at /data/Workspace/helios/starwards/modules/core/src/client/connection-manager.ts:131:21

      at ConnectionManager.onConnectionError (modules/core/src/client/connection-manager.ts:144:21)

    console.log
      connection error: Error: disconnected from server
          at EventEmitter.<anonymous> (/data/Workspace/helios/starwards/modules/core/src/client/driver.ts:53:58)
          at /data/Workspace/helios/starwards/node_modules/colyseus.js/src/core/signal.ts:15:48
          at Array.forEach (<anonymous>)
          at EventEmitter.invoke (/data/Workspace/helios/starwards/node_modules/colyseus.js/src/core/signal.ts:15:19)
          at Function.register.invoke (/data/Workspace/helios/starwards/node_modules/colyseus.js/src/core/signal.ts:57:81)
          at WebSocket.connection.events.onclose (/data/Workspace/helios/starwards/node_modules/colyseus.js/src/Room.ts:89:30)
          at callListener (/data/Workspace/helios/starwards/node_modules/colyseus.js/node_modules/ws/lib/event-target.js:290:14)
          at WebSocket.onClose (/data/Workspace/helios/starwards/node_modules/colyseus.js/node_modules/ws/lib/event-target.js:220:9)
          at WebSocket.emit (node:events:524:28)
          at WebSocket.emitClose (/data/Workspace/helios/starwards/node_modules/colyseus.js/node_modules/ws/lib/websocket.js:272:10)
          at Socket.socketOnClose (/data/Workspace/helios/starwards/node_modules/colyseus.js/node_modules/ws/lib/websocket.js:1341:15)
          at Socket.emit (node:events:524:28)
          at TCP.<anonymous> (node:net:343:12)

      at ConnectionManager.onConnectionError (modules/core/src/client/connection-manager.ts:144:21)
          at Array.forEach (<anonymous>)

    console.log
      connection error: TypeError: Cannot read properties of undefined (reading 'decoder')
          at wireEvents (/data/Workspace/helios/starwards/node_modules/colyseus-events/src/wire-events.ts:30:40)
          at /data/Workspace/helios/starwards/modules/core/src/client/admin.ts:20:5
          at processTicksAndRejections (node:internal/process/task_queues:95:5)
          at /data/Workspace/helios/starwards/modules/core/src/client/connection-manager.ts:131:21

      at ConnectionManager.onConnectionError (modules/core/src/client/connection-manager.ts:144:21)

    console.log
      connection error: Error: disconnected from server
          at EventEmitter.<anonymous> (/data/Workspace/helios/starwards/modules/core/src/client/driver.ts:53:58)
          at /data/Workspace/helios/starwards/node_modules/colyseus.js/src/core/signal.ts:15:48
          at Array.forEach (<anonymous>)
          at EventEmitter.invoke (/data/Workspace/helios/starwards/node_modules/colyseus.js/src/core/signal.ts:15:19)
          at Function.register.invoke (/data/Workspace/helios/starwards/node_modules/colyseus.js/src/core/signal.ts:57:81)
          at WebSocket.connection.events.onclose (/data/Workspace/helios/starwards/node_modules/colyseus.js/src/Room.ts:89:30)
          at callListener (/data/Workspace/helios/starwards/node_modules/colyseus.js/node_modules/ws/lib/event-target.js:290:14)
          at WebSocket.onClose (/data/Workspace/helios/starwards/node_modules/colyseus.js/node_modules/ws/lib/event-target.js:220:9)
          at WebSocket.emit (node:events:524:28)
          at WebSocket.emitClose (/data/Workspace/helios/starwards/node_modules/colyseus.js/node_modules/ws/lib/websocket.js:272:10)
          at Socket.socketOnClose (/data/Workspace/helios/starwards/node_modules/colyseus.js/node_modules/ws/lib/websocket.js:1341:15)
          at Socket.emit (node:events:524:28)
          at TCP.<anonymous> (node:net:343:12)

      at ConnectionManager.onConnectionError (modules/core/src/client/connection-manager.ts:144:21)
          at Array.forEach (<anonymous>)

    console.log
      connection error: TypeError: Cannot read properties of undefined (reading 'decoder')
          at wireEvents (/data/Workspace/helios/starwards/node_modules/colyseus-events/src/wire-events.ts:30:40)
          at /data/Workspace/helios/starwards/modules/core/src/client/admin.ts:20:5
          at processTicksAndRejections (node:internal/process/task_queues:95:5)
          at /data/Workspace/helios/starwards/modules/core/src/client/connection-manager.ts:131:21

      at ConnectionManager.onConnectionError (modules/core/src/client/connection-manager.ts:144:21)

    console.log
      connection error: Error: disconnected from server
          at EventEmitter.<anonymous> (/data/Workspace/helios/starwards/modules/core/src/client/driver.ts:53:58)
          at /data/Workspace/helios/starwards/node_modules/colyseus.js/src/core/signal.ts:15:48
          at Array.forEach (<anonymous>)
          at EventEmitter.invoke (/data/Workspace/helios/starwards/node_modules/colyseus.js/src/core/signal.ts:15:19)
          at Function.register.invoke (/data/Workspace/helios/starwards/node_modules/colyseus.js/src/core/signal.ts:57:81)
          at WebSocket.connection.events.onclose (/data/Workspace/helios/starwards/node_modules/colyseus.js/src/Room.ts:89:30)
          at callListener (/data/Workspace/helios/starwards/node_modules/colyseus.js/node_modules/ws/lib/event-target.js:290:14)
          at WebSocket.onClose (/data/Workspace/helios/starwards/node_modules/colyseus.js/node_modules/ws/lib/event-target.js:220:9)
          at WebSocket.emit (node:events:524:28)
          at WebSocket.emitClose (/data/Workspace/helios/starwards/node_modules/colyseus.js/node_modules/ws/lib/websocket.js:272:10)
          at Socket.socketOnClose (/data/Workspace/helios/starwards/node_modules/colyseus.js/node_modules/ws/lib/websocket.js:1341:15)
          at Socket.emit (node:events:524:28)
          at TCP.<anonymous> (node:net:343:12)

      at ConnectionManager.onConnectionError (modules/core/src/client/connection-manager.ts:144:21)
          at Array.forEach (<anonymous>)

    console.log
      connection error: TypeError: Cannot read properties of undefined (reading 'decoder')
          at wireEvents (/data/Workspace/helios/starwards/node_modules/colyseus-events/src/wire-events.ts:30:40)
          at /data/Workspace/helios/starwards/modules/core/src/client/admin.ts:20:5
          at processTicksAndRejections (node:internal/process/task_queues:95:5)
          at /data/Workspace/helios/starwards/modules/core/src/client/connection-manager.ts:131:21

      at ConnectionManager.onConnectionError (modules/core/src/client/connection-manager.ts:144:21)

    console.log
      connection error: Error: disconnected from server
          at EventEmitter.<anonymous> (/data/Workspace/helios/starwards/modules/core/src/client/driver.ts:53:58)
          at /data/Workspace/helios/starwards/node_modules/colyseus.js/src/core/signal.ts:15:48
          at Array.forEach (<anonymous>)
          at EventEmitter.invoke (/data/Workspace/helios/starwards/node_modules/colyseus.js/src/core/signal.ts:15:19)
          at Function.register.invoke (/data/Workspace/helios/starwards/node_modules/colyseus.js/src/core/signal.ts:57:81)
          at WebSocket.connection.events.onclose (/data/Workspace/helios/starwards/node_modules/colyseus.js/src/Room.ts:89:30)
          at callListener (/data/Workspace/helios/starwards/node_modules/colyseus.js/node_modules/ws/lib/event-target.js:290:14)
          at WebSocket.onClose (/data/Workspace/helios/starwards/node_modules/colyseus.js/node_modules/ws/lib/event-target.js:220:9)
          at WebSocket.emit (node:events:524:28)
          at WebSocket.emitClose (/data/Workspace/helios/starwards/node_modules/colyseus.js/node_modules/ws/lib/websocket.js:272:10)
          at Socket.socketOnClose (/data/Workspace/helios/starwards/node_modules/colyseus.js/node_modules/ws/lib/websocket.js:1341:15)
          at Socket.emit (node:events:524:28)
          at TCP.<anonymous> (node:net:343:12)

      at ConnectionManager.onConnectionError (modules/core/src/client/connection-manager.ts:144:21)
          at Array.forEach (<anonymous>)

    console.log
      connection error: TypeError: Cannot read properties of undefined (reading 'decoder')
          at wireEvents (/data/Workspace/helios/starwards/node_modules/colyseus-events/src/wire-events.ts:30:40)
          at /data/Workspace/helios/starwards/modules/core/src/client/admin.ts:20:5
          at processTicksAndRejections (node:internal/process/task_queues:95:5)
          at /data/Workspace/helios/starwards/modules/core/src/client/connection-manager.ts:131:21

      at ConnectionManager.onConnectionError (modules/core/src/client/connection-manager.ts:144:21)

    console.log
      connection error: Error: disconnected from server
          at EventEmitter.<anonymous> (/data/Workspace/helios/starwards/modules/core/src/client/driver.ts:53:58)
          at /data/Workspace/helios/starwards/node_modules/colyseus.js/src/core/signal.ts:15:48
          at Array.forEach (<anonymous>)
          at EventEmitter.invoke (/data/Workspace/helios/starwards/node_modules/colyseus.js/src/core/signal.ts:15:19)
          at Function.register.invoke (/data/Workspace/helios/starwards/node_modules/colyseus.js/src/core/signal.ts:57:81)
          at WebSocket.connection.events.onclose (/data/Workspace/helios/starwards/node_modules/colyseus.js/src/Room.ts:89:30)
          at callListener (/data/Workspace/helios/starwards/node_modules/colyseus.js/node_modules/ws/lib/event-target.js:290:14)
          at WebSocket.onClose (/data/Workspace/helios/starwards/node_modules/colyseus.js/node_modules/ws/lib/event-target.js:220:9)
          at WebSocket.emit (node:events:524:28)
          at WebSocket.emitClose (/data/Workspace/helios/starwards/node_modules/colyseus.js/node_modules/ws/lib/websocket.js:272:10)
          at Socket.socketOnClose (/data/Workspace/helios/starwards/node_modules/colyseus.js/node_modules/ws/lib/websocket.js:1341:15)
          at Socket.emit (node:events:524:28)
          at TCP.<anonymous> (node:net:343:12)

      at ConnectionManager.onConnectionError (modules/core/src/client/connection-manager.ts:144:21)
          at Array.forEach (<anonymous>)

    console.log
      connection error: TypeError: Cannot read properties of undefined (reading 'decoder')
          at wireEvents (/data/Workspace/helios/starwards/node_modules/colyseus-events/src/wire-events.ts:30:40)
          at /data/Workspace/helios/starwards/modules/core/src/client/admin.ts:20:5
          at processTicksAndRejections (node:internal/process/task_queues:95:5)
          at /data/Workspace/helios/starwards/modules/core/src/client/connection-manager.ts:131:21

      at ConnectionManager.onConnectionError (modules/core/src/client/connection-manager.ts:144:21)

    console.log
      connection error: Error: disconnected from server
          at EventEmitter.<anonymous> (/data/Workspace/helios/starwards/modules/core/src/client/driver.ts:53:58)
          at /data/Workspace/helios/starwards/node_modules/colyseus.js/src/core/signal.ts:15:48
          at Array.forEach (<anonymous>)
          at EventEmitter.invoke (/data/Workspace/helios/starwards/node_modules/colyseus.js/src/core/signal.ts:15:19)
          at Function.register.invoke (/data/Workspace/helios/starwards/node_modules/colyseus.js/src/core/signal.ts:57:81)
          at WebSocket.connection.events.onclose (/data/Workspace/helios/starwards/node_modules/colyseus.js/src/Room.ts:89:30)
          at callListener (/data/Workspace/helios/starwards/node_modules/colyseus.js/node_modules/ws/lib/event-target.js:290:14)
          at WebSocket.onClose (/data/Workspace/helios/starwards/node_modules/colyseus.js/node_modules/ws/lib/event-target.js:220:9)
          at WebSocket.emit (node:events:524:28)
          at WebSocket.emitClose (/data/Workspace/helios/starwards/node_modules/colyseus.js/node_modules/ws/lib/websocket.js:272:10)
          at Socket.socketOnClose (/data/Workspace/helios/starwards/node_modules/colyseus.js/node_modules/ws/lib/websocket.js:1341:15)
          at Socket.emit (node:events:524:28)
          at TCP.<anonymous> (node:net:343:12)

      at ConnectionManager.onConnectionError (modules/core/src/client/connection-manager.ts:144:21)
          at Array.forEach (<anonymous>)

    console.log
      connection error: TypeError: Cannot read properties of undefined (reading 'decoder')
          at wireEvents (/data/Workspace/helios/starwards/node_modules/colyseus-events/src/wire-events.ts:30:40)
          at /data/Workspace/helios/starwards/modules/core/src/client/admin.ts:20:5
          at processTicksAndRejections (node:internal/process/task_queues:95:5)
          at /data/Workspace/helios/starwards/modules/core/src/client/connection-manager.ts:131:21

      at ConnectionManager.onConnectionError (modules/core/src/client/connection-manager.ts:144:21)

    console.log
      connection error: Error: disconnected from server
          at EventEmitter.<anonymous> (/data/Workspace/helios/starwards/modules/core/src/client/driver.ts:53:58)
          at /data/Workspace/helios/starwards/node_modules/colyseus.js/src/core/signal.ts:15:48
          at Array.forEach (<anonymous>)
          at EventEmitter.invoke (/data/Workspace/helios/starwards/node_modules/colyseus.js/src/core/signal.ts:15:19)
          at Function.register.invoke (/data/Workspace/helios/starwards/node_modules/colyseus.js/src/core/signal.ts:57:81)
          at WebSocket.connection.events.onclose (/data/Workspace/helios/starwards/node_modules/colyseus.js/src/Room.ts:89:30)
          at callListener (/data/Workspace/helios/starwards/node_modules/colyseus.js/node_modules/ws/lib/event-target.js:290:14)
          at WebSocket.onClose (/data/Workspace/helios/starwards/node_modules/colyseus.js/node_modules/ws/lib/event-target.js:220:9)
          at WebSocket.emit (node:events:524:28)
          at WebSocket.emitClose (/data/Workspace/helios/starwards/node_modules/colyseus.js/node_modules/ws/lib/websocket.js:272:10)
          at Socket.socketOnClose (/data/Workspace/helios/starwards/node_modules/colyseus.js/node_modules/ws/lib/websocket.js:1341:15)
          at Socket.emit (node:events:524:28)
          at TCP.<anonymous> (node:net:343:12)

      at ConnectionManager.onConnectionError (modules/core/src/client/connection-manager.ts:144:21)
          at Array.forEach (<anonymous>)

    console.log
      connection error: TypeError: Cannot read properties of undefined (reading 'decoder')
          at wireEvents (/data/Workspace/helios/starwards/node_modules/colyseus-events/src/wire-events.ts:30:40)
          at /data/Workspace/helios/starwards/modules/core/src/client/admin.ts:20:5
          at processTicksAndRejections (node:internal/process/task_queues:95:5)
          at /data/Workspace/helios/starwards/modules/core/src/client/connection-manager.ts:131:21

      at ConnectionManager.onConnectionError (modules/core/src/client/connection-manager.ts:144:21)

    console.log
      connection error: Error: disconnected from server
          at EventEmitter.<anonymous> (/data/Workspace/helios/starwards/modules/core/src/client/driver.ts:53:58)
          at /data/Workspace/helios/starwards/node_modules/colyseus.js/src/core/signal.ts:15:48
          at Array.forEach (<anonymous>)
          at EventEmitter.invoke (/data/Workspace/helios/starwards/node_modules/colyseus.js/src/core/signal.ts:15:19)
          at Function.register.invoke (/data/Workspace/helios/starwards/node_modules/colyseus.js/src/core/signal.ts:57:81)
          at WebSocket.connection.events.onclose (/data/Workspace/helios/starwards/node_modules/colyseus.js/src/Room.ts:89:30)
          at callListener (/data/Workspace/helios/starwards/node_modules/colyseus.js/node_modules/ws/lib/event-target.js:290:14)
          at WebSocket.onClose (/data/Workspace/helios/starwards/node_modules/colyseus.js/node_modules/ws/lib/event-target.js:220:9)
          at WebSocket.emit (node:events:524:28)
          at WebSocket.emitClose (/data/Workspace/helios/starwards/node_modules/colyseus.js/node_modules/ws/lib/websocket.js:272:10)
          at Socket.socketOnClose (/data/Workspace/helios/starwards/node_modules/colyseus.js/node_modules/ws/lib/websocket.js:1341:15)
          at Socket.emit (node:events:524:28)
          at TCP.<anonymous> (node:net:343:12)

      at ConnectionManager.onConnectionError (modules/core/src/client/connection-manager.ts:144:21)
          at Array.forEach (<anonymous>)

    console.log
      connection error: TypeError: Cannot read properties of undefined (reading 'decoder')
          at wireEvents (/data/Workspace/helios/starwards/node_modules/colyseus-events/src/wire-events.ts:30:40)
          at /data/Workspace/helios/starwards/modules/core/src/client/admin.ts:20:5
          at processTicksAndRejections (node:internal/process/task_queues:95:5)
          at /data/Workspace/helios/starwards/modules/core/src/client/connection-manager.ts:131:21

      at ConnectionManager.onConnectionError (modules/core/src/client/connection-manager.ts:144:21)

    console.log
      connection error: Error: disconnected from server
          at EventEmitter.<anonymous> (/data/Workspace/helios/starwards/modules/core/src/client/driver.ts:53:58)
          at /data/Workspace/helios/starwards/node_modules/colyseus.js/src/core/signal.ts:15:48
          at Array.forEach (<anonymous>)
          at EventEmitter.invoke (/data/Workspace/helios/starwards/node_modules/colyseus.js/src/core/signal.ts:15:19)
          at Function.register.invoke (/data/Workspace/helios/starwards/node_modules/colyseus.js/src/core/signal.ts:57:81)
          at WebSocket.connection.events.onclose (/data/Workspace/helios/starwards/node_modules/colyseus.js/src/Room.ts:89:30)
          at callListener (/data/Workspace/helios/starwards/node_modules/colyseus.js/node_modules/ws/lib/event-target.js:290:14)
          at WebSocket.onClose (/data/Workspace/helios/starwards/node_modules/colyseus.js/node_modules/ws/lib/event-target.js:220:9)
          at WebSocket.emit (node:events:524:28)
          at WebSocket.emitClose (/data/Workspace/helios/starwards/node_modules/colyseus.js/node_modules/ws/lib/websocket.js:272:10)
          at Socket.socketOnClose (/data/Workspace/helios/starwards/node_modules/colyseus.js/node_modules/ws/lib/websocket.js:1341:15)
          at Socket.emit (node:events:524:28)
          at TCP.<anonymous> (node:net:343:12)

      at ConnectionManager.onConnectionError (modules/core/src/client/connection-manager.ts:144:21)
          at Array.forEach (<anonymous>)

  ● ship-node › with server › detects game status 

    expect(received).toEqual(expected) // deep equality

    - Expected  - 3
    + Received  + 4

    - ObjectContaining {
    -   "fill": "green",
    -   "text": "connected",
    + Object {
    +   "fill": "red",
    +   "shape": "dot",
    +   "text": "err: Cannot read properties of undefined (reading 'decoder')",
      }

      54 |             waitFor(() => {
      55 |                 expect(node.status.callCount).toBeGreaterThan(0);
    > 56 |                 expect(node.status.lastCall.firstArg).toEqual(expected);
         |                                                       ^
      57 |             }, 3_000),
      58 |         waitForOutput: (msg: Partial<NodeMessage>) =>
      59 |             waitFor(() => {

      at modules/node-red/src/test-driver.ts:56:55
      at waitFor (modules/core/src/utils.ts:66:26)
      at Object.<anonymous> (modules/node-red/src/shared/ship-node.spec.ts:71:13)

  ● ship-node › with server › handles input

    expect(received).toEqual(expected) // deep equality

    - Expected  - 3
    + Received  + 4

    - ObjectContaining {
    -   "fill": "green",
    -   "text": "connected",
    + Object {
    +   "fill": "red",
    +   "shape": "dot",
    +   "text": "err: Cannot read properties of undefined (reading 'decoder')",
      }

      54 |             waitFor(() => {
      55 |                 expect(node.status.callCount).toBeGreaterThan(0);
    > 56 |                 expect(node.status.lastCall.firstArg).toEqual(expected);
         |                                                       ^
      57 |             }, 3_000),
      58 |         waitForOutput: (msg: Partial<NodeMessage>) =>
      59 |             waitFor(() => {

      at modules/node-red/src/test-driver.ts:56:55
      at waitFor (modules/core/src/utils.ts:66:26)
      at Object.<anonymous> (modules/node-red/src/shared/ship-node.spec.ts:81:13)

  ● ship-node › with server › handles ship found

    expect(received).toEqual(expected) // deep equality

    Expected: ArrayContaining [{"topic": "found"}]
    Received: []

      58 |         waitForOutput: (msg: Partial<NodeMessage>) =>
      59 |             waitFor(() => {
    > 60 |                 expect(output).toEqual(expect.arrayContaining([msg]));
         |                                ^
      61 |             }, 3_000),
      62 |     };
      63 | }

      at modules/node-red/src/test-driver.ts:60:32
      at waitFor (modules/core/src/utils.ts:66:26)
      at Object.<anonymous> (modules/node-red/src/shared/ship-node.spec.ts:94:13)

FAIL server modules/server/src/test/multi-client-concurrent.spec.ts (11.799 s)
  ● Console

    console.error
      Error setting value 45 in /Spaceship/GVTS/angle : Error: pointer /Spaceship/GVTS/angle does not point at a legal location: target=undefined, propertyName="angle"
          at tryGetRange (/data/Workspace/helios/starwards/modules/core/src/range.ts:94:15)
          at handleJsonPointerCommand (/data/Workspace/helios/starwards/modules/core/src/commands.ts:97:35)
          at Object.callback (/data/Workspace/helios/starwards/modules/server/src/space/room.ts:35:22)
          at SpaceRoom._onMessage (/data/Workspace/helios/starwards/node_modules/@colyseus/core/build/Room.js:750:89)
          at WebSocket.emit (node:events:524:28)
          at Receiver.receiverOnMessage (/data/Workspace/helios/starwards/modules/server/node_modules/ws/lib/websocket.js:1220:20)
          at Receiver.emit (node:events:524:28)
          at Receiver.dataMessage (/data/Workspace/helios/starwards/modules/server/node_modules/ws/lib/receiver.js:569:14)
          at Receiver.getData (/data/Workspace/helios/starwards/modules/server/node_modules/ws/lib/receiver.js:496:10)
          at Receiver.startLoop (/data/Workspace/helios/starwards/modules/server/node_modules/ws/lib/receiver.js:167:16)
          at Receiver._write (/data/Workspace/helios/starwards/modules/server/node_modules/ws/lib/receiver.js:94:10)
          at writeOrBuffer (node:internal/streams/writable:572:12)
          at _write (node:internal/streams/writable:501:10)
          at Receiver.Writable.write (node:internal/streams/writable:510:10)
          at Socket.socketOnData (/data/Workspace/helios/starwards/modules/server/node_modules/ws/lib/websocket.js:1355:35)
          at Socket.emit (node:events:524:28)
          at addChunk (node:internal/streams/readable:561:12)
          at readableAddChunkPushByteMode (node:internal/streams/readable:512:3)
          at Socket.Readable.push (node:internal/streams/readable:392:5)
          at TCP.onStreamRead (node:internal/stream_base_commons:191:23)

      104 |             } catch (e) {
      105 |                 // eslint-disable-next-line no-console
    > 106 |                 console.error(`Error setting value ${String(value)} in ${type} : ${printError(e)}`);
          |                         ^
      107 |             }
      108 |         } else {
      109 |             // eslint-disable-next-line no-console

      at handleJsonPointerCommand (modules/core/src/commands.ts:106:25)
      at Object.callback (modules/server/src/space/room.ts:35:22)
      at SpaceRoom._onMessage (node_modules/@colyseus/core/build/Room.js:750:89)
      at Receiver.receiverOnMessage (modules/server/node_modules/ws/lib/websocket.js:1220:20)
      at Receiver.dataMessage (modules/server/node_modules/ws/lib/receiver.js:569:14)
      at Receiver.getData (modules/server/node_modules/ws/lib/receiver.js:496:10)
      at Receiver.startLoop (modules/server/node_modules/ws/lib/receiver.js:167:16)
      at Receiver._write (modules/server/node_modules/ws/lib/receiver.js:94:10)
      at Socket.socketOnData (modules/server/node_modules/ws/lib/websocket.js:1355:35)

    console.error
      JSON pointer command can't be handled. message="{"value":45}" type="/Spaceship/GVTS/angle"

      35 |                 if (!handleJsonPointerCommand(message, type, manager.state)) {
      36 |                     // eslint-disable-next-line no-console
    > 37 |                     console.error(
         |                             ^
      38 |                         `JSON pointer command can't be handled. message="${JSON.stringify(message)}" type="${type}"`,
      39 |                     );
      40 |                 }

      at Object.callback (modules/server/src/space/room.ts:37:29)
      at SpaceRoom._onMessage (node_modules/@colyseus/core/build/Room.js:750:89)
      at Receiver.receiverOnMessage (modules/server/node_modules/ws/lib/websocket.js:1220:20)
      at Receiver.dataMessage (modules/server/node_modules/ws/lib/receiver.js:569:14)
      at Receiver.getData (modules/server/node_modules/ws/lib/receiver.js:496:10)
      at Receiver.startLoop (modules/server/node_modules/ws/lib/receiver.js:167:16)
      at Receiver._write (modules/server/node_modules/ws/lib/receiver.js:94:10)
      at Socket.socketOnData (modules/server/node_modules/ws/lib/websocket.js:1355:35)

    console.error
      Error setting value 90 in /Spaceship/GVTS/angle : Error: pointer /Spaceship/GVTS/angle does not point at a legal location: target=undefined, propertyName="angle"
          at tryGetRange (/data/Workspace/helios/starwards/modules/core/src/range.ts:94:15)
          at handleJsonPointerCommand (/data/Workspace/helios/starwards/modules/core/src/commands.ts:97:35)
          at Object.callback (/data/Workspace/helios/starwards/modules/server/src/space/room.ts:35:22)
          at SpaceRoom._onMessage (/data/Workspace/helios/starwards/node_modules/@colyseus/core/build/Room.js:750:89)
          at WebSocket.emit (node:events:524:28)
          at Receiver.receiverOnMessage (/data/Workspace/helios/starwards/modules/server/node_modules/ws/lib/websocket.js:1220:20)
          at Receiver.emit (node:events:524:28)
          at Receiver.dataMessage (/data/Workspace/helios/starwards/modules/server/node_modules/ws/lib/receiver.js:569:14)
          at Receiver.getData (/data/Workspace/helios/starwards/modules/server/node_modules/ws/lib/receiver.js:496:10)
          at Receiver.startLoop (/data/Workspace/helios/starwards/modules/server/node_modules/ws/lib/receiver.js:167:16)
          at Receiver._write (/data/Workspace/helios/starwards/modules/server/node_modules/ws/lib/receiver.js:94:10)
          at writeOrBuffer (node:internal/streams/writable:572:12)
          at _write (node:internal/streams/writable:501:10)
          at Receiver.Writable.write (node:internal/streams/writable:510:10)
          at Socket.socketOnData (/data/Workspace/helios/starwards/modules/server/node_modules/ws/lib/websocket.js:1355:35)
          at Socket.emit (node:events:524:28)
          at addChunk (node:internal/streams/readable:561:12)
          at readableAddChunkPushByteMode (node:internal/streams/readable:512:3)
          at Socket.Readable.push (node:internal/streams/readable:392:5)
          at TCP.onStreamRead (node:internal/stream_base_commons:191:23)

      104 |             } catch (e) {
      105 |                 // eslint-disable-next-line no-console
    > 106 |                 console.error(`Error setting value ${String(value)} in ${type} : ${printError(e)}`);
          |                         ^
      107 |             }
      108 |         } else {
      109 |             // eslint-disable-next-line no-console

      at handleJsonPointerCommand (modules/core/src/commands.ts:106:25)
      at Object.callback (modules/server/src/space/room.ts:35:22)
      at SpaceRoom._onMessage (node_modules/@colyseus/core/build/Room.js:750:89)
      at Receiver.receiverOnMessage (modules/server/node_modules/ws/lib/websocket.js:1220:20)
      at Receiver.dataMessage (modules/server/node_modules/ws/lib/receiver.js:569:14)
      at Receiver.getData (modules/server/node_modules/ws/lib/receiver.js:496:10)
      at Receiver.startLoop (modules/server/node_modules/ws/lib/receiver.js:167:16)
      at Receiver._write (modules/server/node_modules/ws/lib/receiver.js:94:10)
      at Socket.socketOnData (modules/server/node_modules/ws/lib/websocket.js:1355:35)

    console.error
      JSON pointer command can't be handled. message="{"value":90}" type="/Spaceship/GVTS/angle"

      35 |                 if (!handleJsonPointerCommand(message, type, manager.state)) {
      36 |                     // eslint-disable-next-line no-console
    > 37 |                     console.error(
         |                             ^
      38 |                         `JSON pointer command can't be handled. message="${JSON.stringify(message)}" type="${type}"`,
      39 |                     );
      40 |                 }

      at Object.callback (modules/server/src/space/room.ts:37:29)
      at SpaceRoom._onMessage (node_modules/@colyseus/core/build/Room.js:750:89)
      at Receiver.receiverOnMessage (modules/server/node_modules/ws/lib/websocket.js:1220:20)
      at Receiver.dataMessage (modules/server/node_modules/ws/lib/receiver.js:569:14)
      at Receiver.getData (modules/server/node_modules/ws/lib/receiver.js:496:10)
      at Receiver.startLoop (modules/server/node_modules/ws/lib/receiver.js:167:16)
      at Receiver._write (modules/server/node_modules/ws/lib/receiver.js:94:10)
      at Socket.socketOnData (modules/server/node_modules/ws/lib/websocket.js:1355:35)

    console.error
      Error setting value 0 in /Spaceship/GVTS/angle : Error: pointer /Spaceship/GVTS/angle does not point at a legal location: target=undefined, propertyName="angle"
          at tryGetRange (/data/Workspace/helios/starwards/modules/core/src/range.ts:94:15)
          at handleJsonPointerCommand (/data/Workspace/helios/starwards/modules/core/src/commands.ts:97:35)
          at Object.callback (/data/Workspace/helios/starwards/modules/server/src/space/room.ts:35:22)
          at SpaceRoom._onMessage (/data/Workspace/helios/starwards/node_modules/@colyseus/core/build/Room.js:750:89)
          at WebSocket.emit (node:events:524:28)
          at Receiver.receiverOnMessage (/data/Workspace/helios/starwards/modules/server/node_modules/ws/lib/websocket.js:1220:20)
          at Receiver.emit (node:events:524:28)
          at Receiver.dataMessage (/data/Workspace/helios/starwards/modules/server/node_modules/ws/lib/receiver.js:569:14)
          at Receiver.getData (/data/Workspace/helios/starwards/modules/server/node_modules/ws/lib/receiver.js:496:10)
          at Receiver.startLoop (/data/Workspace/helios/starwards/modules/server/node_modules/ws/lib/receiver.js:167:16)
          at Receiver._write (/data/Workspace/helios/starwards/modules/server/node_modules/ws/lib/receiver.js:94:10)
          at writeOrBuffer (node:internal/streams/writable:572:12)
          at _write (node:internal/streams/writable:501:10)
          at Receiver.Writable.write (node:internal/streams/writable:510:10)
          at Socket.socketOnData (/data/Workspace/helios/starwards/modules/server/node_modules/ws/lib/websocket.js:1355:35)
          at Socket.emit (node:events:524:28)
          at addChunk (node:internal/streams/readable:561:12)
          at readableAddChunkPushByteMode (node:internal/streams/readable:512:3)
          at Socket.Readable.push (node:internal/streams/readable:392:5)
          at TCP.onStreamRead (node:internal/stream_base_commons:191:23)

      104 |             } catch (e) {
      105 |                 // eslint-disable-next-line no-console
    > 106 |                 console.error(`Error setting value ${String(value)} in ${type} : ${printError(e)}`);
          |                         ^
      107 |             }
      108 |         } else {
      109 |             // eslint-disable-next-line no-console

      at handleJsonPointerCommand (modules/core/src/commands.ts:106:25)
      at Object.callback (modules/server/src/space/room.ts:35:22)
      at SpaceRoom._onMessage (node_modules/@colyseus/core/build/Room.js:750:89)
      at Receiver.receiverOnMessage (modules/server/node_modules/ws/lib/websocket.js:1220:20)
      at Receiver.dataMessage (modules/server/node_modules/ws/lib/receiver.js:569:14)
      at Receiver.getData (modules/server/node_modules/ws/lib/receiver.js:496:10)
      at Receiver.startLoop (modules/server/node_modules/ws/lib/receiver.js:167:16)
      at Receiver._write (modules/server/node_modules/ws/lib/receiver.js:94:10)
      at Socket.socketOnData (modules/server/node_modules/ws/lib/websocket.js:1355:35)

    console.error
      JSON pointer command can't be handled. message="{"value":0}" type="/Spaceship/GVTS/angle"

      35 |                 if (!handleJsonPointerCommand(message, type, manager.state)) {
      36 |                     // eslint-disable-next-line no-console
    > 37 |                     console.error(
         |                             ^
      38 |                         `JSON pointer command can't be handled. message="${JSON.stringify(message)}" type="${type}"`,
      39 |                     );
      40 |                 }

      at Object.callback (modules/server/src/space/room.ts:37:29)
      at SpaceRoom._onMessage (node_modules/@colyseus/core/build/Room.js:750:89)
      at Receiver.receiverOnMessage (modules/server/node_modules/ws/lib/websocket.js:1220:20)
      at Receiver.dataMessage (modules/server/node_modules/ws/lib/receiver.js:569:14)
      at Receiver.getData (modules/server/node_modules/ws/lib/receiver.js:496:10)
      at Receiver.startLoop (modules/server/node_modules/ws/lib/receiver.js:167:16)
      at Receiver._write (modules/server/node_modules/ws/lib/receiver.js:94:10)
      at Socket.socketOnData (modules/server/node_modules/ws/lib/websocket.js:1355:35)

    console.error
      Error setting value 10 in /Spaceship/GVTS/angle : Error: pointer /Spaceship/GVTS/angle does not point at a legal location: target=undefined, propertyName="angle"
          at tryGetRange (/data/Workspace/helios/starwards/modules/core/src/range.ts:94:15)
          at handleJsonPointerCommand (/data/Workspace/helios/starwards/modules/core/src/commands.ts:97:35)
          at Object.callback (/data/Workspace/helios/starwards/modules/server/src/space/room.ts:35:22)
          at SpaceRoom._onMessage (/data/Workspace/helios/starwards/node_modules/@colyseus/core/build/Room.js:750:89)
          at WebSocket.emit (node:events:524:28)
          at Receiver.receiverOnMessage (/data/Workspace/helios/starwards/modules/server/node_modules/ws/lib/websocket.js:1220:20)
          at Receiver.emit (node:events:524:28)
          at Receiver.dataMessage (/data/Workspace/helios/starwards/modules/server/node_modules/ws/lib/receiver.js:569:14)
          at Receiver.getData (/data/Workspace/helios/starwards/modules/server/node_modules/ws/lib/receiver.js:496:10)
          at Receiver.startLoop (/data/Workspace/helios/starwards/modules/server/node_modules/ws/lib/receiver.js:167:16)
          at Receiver._write (/data/Workspace/helios/starwards/modules/server/node_modules/ws/lib/receiver.js:94:10)
          at writeOrBuffer (node:internal/streams/writable:572:12)
          at _write (node:internal/streams/writable:501:10)
          at Receiver.Writable.write (node:internal/streams/writable:510:10)
          at Socket.socketOnData (/data/Workspace/helios/starwards/modules/server/node_modules/ws/lib/websocket.js:1355:35)
          at Socket.emit (node:events:524:28)
          at addChunk (node:internal/streams/readable:561:12)
          at readableAddChunkPushByteMode (node:internal/streams/readable:512:3)
          at Socket.Readable.push (node:internal/streams/readable:392:5)
          at TCP.onStreamRead (node:internal/stream_base_commons:191:23)

      104 |             } catch (e) {
      105 |                 // eslint-disable-next-line no-console
    > 106 |                 console.error(`Error setting value ${String(value)} in ${type} : ${printError(e)}`);
          |                         ^
      107 |             }
      108 |         } else {
      109 |             // eslint-disable-next-line no-console

      at handleJsonPointerCommand (modules/core/src/commands.ts:106:25)
      at Object.callback (modules/server/src/space/room.ts:35:22)
      at SpaceRoom._onMessage (node_modules/@colyseus/core/build/Room.js:750:89)
      at Receiver.receiverOnMessage (modules/server/node_modules/ws/lib/websocket.js:1220:20)
      at Receiver.dataMessage (modules/server/node_modules/ws/lib/receiver.js:569:14)
      at Receiver.getData (modules/server/node_modules/ws/lib/receiver.js:496:10)
      at Receiver.startLoop (modules/server/node_modules/ws/lib/receiver.js:167:16)
      at Receiver._write (modules/server/node_modules/ws/lib/receiver.js:94:10)
      at Socket.socketOnData (modules/server/node_modules/ws/lib/websocket.js:1355:35)

    console.error
      JSON pointer command can't be handled. message="{"value":10}" type="/Spaceship/GVTS/angle"

      35 |                 if (!handleJsonPointerCommand(message, type, manager.state)) {
      36 |                     // eslint-disable-next-line no-console
    > 37 |                     console.error(
         |                             ^
      38 |                         `JSON pointer command can't be handled. message="${JSON.stringify(message)}" type="${type}"`,
      39 |                     );
      40 |                 }

      at Object.callback (modules/server/src/space/room.ts:37:29)
      at SpaceRoom._onMessage (node_modules/@colyseus/core/build/Room.js:750:89)
      at Receiver.receiverOnMessage (modules/server/node_modules/ws/lib/websocket.js:1220:20)
      at Receiver.dataMessage (modules/server/node_modules/ws/lib/receiver.js:569:14)
      at Receiver.getData (modules/server/node_modules/ws/lib/receiver.js:496:10)
      at Receiver.startLoop (modules/server/node_modules/ws/lib/receiver.js:167:16)
      at Receiver._write (modules/server/node_modules/ws/lib/receiver.js:94:10)
      at Socket.socketOnData (modules/server/node_modules/ws/lib/websocket.js:1355:35)

    console.error
      Error setting value 20 in /Spaceship/GVTS/angle : Error: pointer /Spaceship/GVTS/angle does not point at a legal location: target=undefined, propertyName="angle"
          at tryGetRange (/data/Workspace/helios/starwards/modules/core/src/range.ts:94:15)
          at handleJsonPointerCommand (/data/Workspace/helios/starwards/modules/core/src/commands.ts:97:35)
          at Object.callback (/data/Workspace/helios/starwards/modules/server/src/space/room.ts:35:22)
          at SpaceRoom._onMessage (/data/Workspace/helios/starwards/node_modules/@colyseus/core/build/Room.js:750:89)
          at WebSocket.emit (node:events:524:28)
          at Receiver.receiverOnMessage (/data/Workspace/helios/starwards/modules/server/node_modules/ws/lib/websocket.js:1220:20)
          at Receiver.emit (node:events:524:28)
          at Receiver.dataMessage (/data/Workspace/helios/starwards/modules/server/node_modules/ws/lib/receiver.js:569:14)
          at Receiver.getData (/data/Workspace/helios/starwards/modules/server/node_modules/ws/lib/receiver.js:496:10)
          at Receiver.startLoop (/data/Workspace/helios/starwards/modules/server/node_modules/ws/lib/receiver.js:167:16)
          at Receiver._write (/data/Workspace/helios/starwards/modules/server/node_modules/ws/lib/receiver.js:94:10)
          at writeOrBuffer (node:internal/streams/writable:572:12)
          at _write (node:internal/streams/writable:501:10)
          at Receiver.Writable.write (node:internal/streams/writable:510:10)
          at Socket.socketOnData (/data/Workspace/helios/starwards/modules/server/node_modules/ws/lib/websocket.js:1355:35)
          at Socket.emit (node:events:524:28)
          at addChunk (node:internal/streams/readable:561:12)
          at readableAddChunkPushByteMode (node:internal/streams/readable:512:3)
          at Socket.Readable.push (node:internal/streams/readable:392:5)
          at TCP.onStreamRead (node:internal/stream_base_commons:191:23)

      104 |             } catch (e) {
      105 |                 // eslint-disable-next-line no-console
    > 106 |                 console.error(`Error setting value ${String(value)} in ${type} : ${printError(e)}`);
          |                         ^
      107 |             }
      108 |         } else {
      109 |             // eslint-disable-next-line no-console

      at handleJsonPointerCommand (modules/core/src/commands.ts:106:25)
      at Object.callback (modules/server/src/space/room.ts:35:22)
      at SpaceRoom._onMessage (node_modules/@colyseus/core/build/Room.js:750:89)
      at Receiver.receiverOnMessage (modules/server/node_modules/ws/lib/websocket.js:1220:20)
      at Receiver.dataMessage (modules/server/node_modules/ws/lib/receiver.js:569:14)
      at Receiver.getData (modules/server/node_modules/ws/lib/receiver.js:496:10)
      at Receiver.startLoop (modules/server/node_modules/ws/lib/receiver.js:167:16)
      at Receiver._write (modules/server/node_modules/ws/lib/receiver.js:94:10)
      at Socket.socketOnData (modules/server/node_modules/ws/lib/websocket.js:1355:35)

    console.error
      JSON pointer command can't be handled. message="{"value":20}" type="/Spaceship/GVTS/angle"

      35 |                 if (!handleJsonPointerCommand(message, type, manager.state)) {
      36 |                     // eslint-disable-next-line no-console
    > 37 |                     console.error(
         |                             ^
      38 |                         `JSON pointer command can't be handled. message="${JSON.stringify(message)}" type="${type}"`,
      39 |                     );
      40 |                 }

      at Object.callback (modules/server/src/space/room.ts:37:29)
      at SpaceRoom._onMessage (node_modules/@colyseus/core/build/Room.js:750:89)
      at Receiver.receiverOnMessage (modules/server/node_modules/ws/lib/websocket.js:1220:20)
      at Receiver.dataMessage (modules/server/node_modules/ws/lib/receiver.js:569:14)
      at Receiver.getData (modules/server/node_modules/ws/lib/receiver.js:496:10)
      at Receiver.startLoop (modules/server/node_modules/ws/lib/receiver.js:167:16)
      at Receiver._write (modules/server/node_modules/ws/lib/receiver.js:94:10)
      at Socket.socketOnData (modules/server/node_modules/ws/lib/websocket.js:1355:35)

    console.error
      Error setting value 30 in /Spaceship/GVTS/angle : Error: pointer /Spaceship/GVTS/angle does not point at a legal location: target=undefined, propertyName="angle"
          at tryGetRange (/data/Workspace/helios/starwards/modules/core/src/range.ts:94:15)
          at handleJsonPointerCommand (/data/Workspace/helios/starwards/modules/core/src/commands.ts:97:35)
          at Object.callback (/data/Workspace/helios/starwards/modules/server/src/space/room.ts:35:22)
          at SpaceRoom._onMessage (/data/Workspace/helios/starwards/node_modules/@colyseus/core/build/Room.js:750:89)
          at WebSocket.emit (node:events:524:28)
          at Receiver.receiverOnMessage (/data/Workspace/helios/starwards/modules/server/node_modules/ws/lib/websocket.js:1220:20)
          at Receiver.emit (node:events:524:28)
          at Receiver.dataMessage (/data/Workspace/helios/starwards/modules/server/node_modules/ws/lib/receiver.js:569:14)
          at Receiver.getData (/data/Workspace/helios/starwards/modules/server/node_modules/ws/lib/receiver.js:496:10)
          at Receiver.startLoop (/data/Workspace/helios/starwards/modules/server/node_modules/ws/lib/receiver.js:167:16)
          at Receiver._write (/data/Workspace/helios/starwards/modules/server/node_modules/ws/lib/receiver.js:94:10)
          at writeOrBuffer (node:internal/streams/writable:572:12)
          at _write (node:internal/streams/writable:501:10)
          at Receiver.Writable.write (node:internal/streams/writable:510:10)
          at Socket.socketOnData (/data/Workspace/helios/starwards/modules/server/node_modules/ws/lib/websocket.js:1355:35)
          at Socket.emit (node:events:524:28)
          at addChunk (node:internal/streams/readable:561:12)
          at readableAddChunkPushByteMode (node:internal/streams/readable:512:3)
          at Socket.Readable.push (node:internal/streams/readable:392:5)
          at TCP.onStreamRead (node:internal/stream_base_commons:191:23)

      104 |             } catch (e) {
      105 |                 // eslint-disable-next-line no-console
    > 106 |                 console.error(`Error setting value ${String(value)} in ${type} : ${printError(e)}`);
          |                         ^
      107 |             }
      108 |         } else {
      109 |             // eslint-disable-next-line no-console

      at handleJsonPointerCommand (modules/core/src/commands.ts:106:25)
      at Object.callback (modules/server/src/space/room.ts:35:22)
      at SpaceRoom._onMessage (node_modules/@colyseus/core/build/Room.js:750:89)
      at Receiver.receiverOnMessage (modules/server/node_modules/ws/lib/websocket.js:1220:20)
      at Receiver.dataMessage (modules/server/node_modules/ws/lib/receiver.js:569:14)
      at Receiver.getData (modules/server/node_modules/ws/lib/receiver.js:496:10)
      at Receiver.startLoop (modules/server/node_modules/ws/lib/receiver.js:167:16)
      at Receiver._write (modules/server/node_modules/ws/lib/receiver.js:94:10)
      at Socket.socketOnData (modules/server/node_modules/ws/lib/websocket.js:1355:35)

    console.error
      JSON pointer command can't be handled. message="{"value":30}" type="/Spaceship/GVTS/angle"

      35 |                 if (!handleJsonPointerCommand(message, type, manager.state)) {
      36 |                     // eslint-disable-next-line no-console
    > 37 |                     console.error(
         |                             ^
      38 |                         `JSON pointer command can't be handled. message="${JSON.stringify(message)}" type="${type}"`,
      39 |                     );
      40 |                 }

      at Object.callback (modules/server/src/space/room.ts:37:29)
      at SpaceRoom._onMessage (node_modules/@colyseus/core/build/Room.js:750:89)
      at Receiver.receiverOnMessage (modules/server/node_modules/ws/lib/websocket.js:1220:20)
      at Receiver.dataMessage (modules/server/node_modules/ws/lib/receiver.js:569:14)
      at Receiver.getData (modules/server/node_modules/ws/lib/receiver.js:496:10)
      at Receiver.startLoop (modules/server/node_modules/ws/lib/receiver.js:167:16)
      at Receiver._write (modules/server/node_modules/ws/lib/receiver.js:94:10)
      at Socket.socketOnData (modules/server/node_modules/ws/lib/websocket.js:1355:35)

    console.error
      Error setting value 40 in /Spaceship/GVTS/angle : Error: pointer /Spaceship/GVTS/angle does not point at a legal location: target=undefined, propertyName="angle"
          at tryGetRange (/data/Workspace/helios/starwards/modules/core/src/range.ts:94:15)
          at handleJsonPointerCommand (/data/Workspace/helios/starwards/modules/core/src/commands.ts:97:35)
          at Object.callback (/data/Workspace/helios/starwards/modules/server/src/space/room.ts:35:22)
          at SpaceRoom._onMessage (/data/Workspace/helios/starwards/node_modules/@colyseus/core/build/Room.js:750:89)
          at WebSocket.emit (node:events:524:28)
          at Receiver.receiverOnMessage (/data/Workspace/helios/starwards/modules/server/node_modules/ws/lib/websocket.js:1220:20)
          at Receiver.emit (node:events:524:28)
          at Receiver.dataMessage (/data/Workspace/helios/starwards/modules/server/node_modules/ws/lib/receiver.js:569:14)
          at Receiver.getData (/data/Workspace/helios/starwards/modules/server/node_modules/ws/lib/receiver.js:496:10)
          at Receiver.startLoop (/data/Workspace/helios/starwards/modules/server/node_modules/ws/lib/receiver.js:167:16)
          at Receiver._write (/data/Workspace/helios/starwards/modules/server/node_modules/ws/lib/receiver.js:94:10)
          at writeOrBuffer (node:internal/streams/writable:572:12)
          at _write (node:internal/streams/writable:501:10)
          at Receiver.Writable.write (node:internal/streams/writable:510:10)
          at Socket.socketOnData (/data/Workspace/helios/starwards/modules/server/node_modules/ws/lib/websocket.js:1355:35)
          at Socket.emit (node:events:524:28)
          at addChunk (node:internal/streams/readable:561:12)
          at readableAddChunkPushByteMode (node:internal/streams/readable:512:3)
          at Socket.Readable.push (node:internal/streams/readable:392:5)
          at TCP.onStreamRead (node:internal/stream_base_commons:191:23)

      104 |             } catch (e) {
      105 |                 // eslint-disable-next-line no-console
    > 106 |                 console.error(`Error setting value ${String(value)} in ${type} : ${printError(e)}`);
          |                         ^
      107 |             }
      108 |         } else {
      109 |             // eslint-disable-next-line no-console

      at handleJsonPointerCommand (modules/core/src/commands.ts:106:25)
      at Object.callback (modules/server/src/space/room.ts:35:22)
      at SpaceRoom._onMessage (node_modules/@colyseus/core/build/Room.js:750:89)
      at Receiver.receiverOnMessage (modules/server/node_modules/ws/lib/websocket.js:1220:20)
      at Receiver.dataMessage (modules/server/node_modules/ws/lib/receiver.js:569:14)
      at Receiver.getData (modules/server/node_modules/ws/lib/receiver.js:496:10)
      at Receiver.startLoop (modules/server/node_modules/ws/lib/receiver.js:167:16)
      at Receiver._write (modules/server/node_modules/ws/lib/receiver.js:94:10)
      at Socket.socketOnData (modules/server/node_modules/ws/lib/websocket.js:1355:35)

    console.error
      JSON pointer command can't be handled. message="{"value":40}" type="/Spaceship/GVTS/angle"

      35 |                 if (!handleJsonPointerCommand(message, type, manager.state)) {
      36 |                     // eslint-disable-next-line no-console
    > 37 |                     console.error(
         |                             ^
      38 |                         `JSON pointer command can't be handled. message="${JSON.stringify(message)}" type="${type}"`,
      39 |                     );
      40 |                 }

      at Object.callback (modules/server/src/space/room.ts:37:29)
      at SpaceRoom._onMessage (node_modules/@colyseus/core/build/Room.js:750:89)
      at Receiver.receiverOnMessage (modules/server/node_modules/ws/lib/websocket.js:1220:20)
      at Receiver.dataMessage (modules/server/node_modules/ws/lib/receiver.js:569:14)
      at Receiver.getData (modules/server/node_modules/ws/lib/receiver.js:496:10)
      at Receiver.startLoop (modules/server/node_modules/ws/lib/receiver.js:167:16)
      at Receiver._write (modules/server/node_modules/ws/lib/receiver.js:94:10)
      at Socket.socketOnData (modules/server/node_modules/ws/lib/websocket.js:1355:35)

  ● multi-client state synchronization › last write wins when clients modify same property

    thrown: "Exceeded timeout of 5000 ms for a test.
    Add a timeout value to this test to increase the timeout, if this is a long-running test. See https://jestjs.io/docs/api#testname-fn-timeout."

      15 |     });
      16 |
    > 17 |     it('last write wins when clients modify same property', async () => {
         |     ^
      18 |         const client1 = driver.createClient('client1');
      19 |         const client2 = driver.createClient('client2');
      20 |

      at modules/server/src/test/multi-client-concurrent.spec.ts:17:5
      at Object.<anonymous> (modules/server/src/test/multi-client-concurrent.spec.ts:6:1)

  ● multi-client state synchronization › rapid sequential commands preserve final value

    thrown: "Exceeded timeout of 5000 ms for a test.
    Add a timeout value to this test to increase the timeout, if this is a long-running test. See https://jestjs.io/docs/api#testname-fn-timeout."

      46 |     });
      47 |
    > 48 |     it('rapid sequential commands preserve final value', async () => {
         |     ^
      49 |         const client1 = driver.createClient('client1');
      50 |         const space1 = await client1.connectSpace();
      51 |         await client1.waitForSync(space1);

      at modules/server/src/test/multi-client-concurrent.spec.ts:48:5
      at Object.<anonymous> (modules/server/src/test/multi-client-concurrent.spec.ts:6:1)

PASS core modules/core/test/helm-assist.spec.ts (19.26 s)
FAIL core modules/core/test/client-status.spec.ts (22.734 s)
  ● Console

    console.log
      connection error: AggregateError

      at ConnectionManager.onConnectionError (modules/core/src/client/connection-manager.ts:144:21)

    console.log
      connection error: TypeError: Cannot read properties of undefined (reading 'decoder')
          at wireEvents (/data/Workspace/helios/starwards/node_modules/colyseus-events/src/wire-events.ts:30:40)
          at /data/Workspace/helios/starwards/modules/core/src/client/admin.ts:20:5
          at processTicksAndRejections (node:internal/process/task_queues:95:5)
          at /data/Workspace/helios/starwards/modules/core/src/client/connection-manager.ts:131:21

      at ConnectionManager.onConnectionError (modules/core/src/client/connection-manager.ts:144:21)

    console.log
      connection error: Error: disconnected from server
          at EventEmitter.<anonymous> (/data/Workspace/helios/starwards/modules/core/src/client/driver.ts:53:58)
          at /data/Workspace/helios/starwards/node_modules/colyseus.js/src/core/signal.ts:15:48
          at Array.forEach (<anonymous>)
          at EventEmitter.invoke (/data/Workspace/helios/starwards/node_modules/colyseus.js/src/core/signal.ts:15:19)
          at Function.register.invoke (/data/Workspace/helios/starwards/node_modules/colyseus.js/src/core/signal.ts:57:81)
          at WebSocket.connection.events.onclose (/data/Workspace/helios/starwards/node_modules/colyseus.js/src/Room.ts:89:30)
          at callListener (/data/Workspace/helios/starwards/node_modules/colyseus.js/node_modules/ws/lib/event-target.js:290:14)
          at WebSocket.onClose (/data/Workspace/helios/starwards/node_modules/colyseus.js/node_modules/ws/lib/event-target.js:220:9)
          at WebSocket.emit (node:events:524:28)
          at WebSocket.emitClose (/data/Workspace/helios/starwards/node_modules/colyseus.js/node_modules/ws/lib/websocket.js:272:10)
          at Socket.socketOnClose (/data/Workspace/helios/starwards/node_modules/colyseus.js/node_modules/ws/lib/websocket.js:1341:15)
          at Socket.emit (node:events:524:28)
          at TCP.<anonymous> (node:net:343:12)

      at ConnectionManager.onConnectionError (modules/core/src/client/connection-manager.ts:144:21)
          at Array.forEach (<anonymous>)

    console.log
      connection error: TypeError: Cannot read properties of undefined (reading 'decoder')
          at wireEvents (/data/Workspace/helios/starwards/node_modules/colyseus-events/src/wire-events.ts:30:40)
          at /data/Workspace/helios/starwards/modules/core/src/client/admin.ts:20:5
          at processTicksAndRejections (node:internal/process/task_queues:95:5)
          at /data/Workspace/helios/starwards/modules/core/src/client/connection-manager.ts:131:21

      at ConnectionManager.onConnectionError (modules/core/src/client/connection-manager.ts:144:21)

    console.log
      connection error: Error: disconnected from server
          at EventEmitter.<anonymous> (/data/Workspace/helios/starwards/modules/core/src/client/driver.ts:53:58)
          at /data/Workspace/helios/starwards/node_modules/colyseus.js/src/core/signal.ts:15:48
          at Array.forEach (<anonymous>)
          at EventEmitter.invoke (/data/Workspace/helios/starwards/node_modules/colyseus.js/src/core/signal.ts:15:19)
          at Function.register.invoke (/data/Workspace/helios/starwards/node_modules/colyseus.js/src/core/signal.ts:57:81)
          at WebSocket.connection.events.onclose (/data/Workspace/helios/starwards/node_modules/colyseus.js/src/Room.ts:89:30)
          at callListener (/data/Workspace/helios/starwards/node_modules/colyseus.js/node_modules/ws/lib/event-target.js:290:14)
          at WebSocket.onClose (/data/Workspace/helios/starwards/node_modules/colyseus.js/node_modules/ws/lib/event-target.js:220:9)
          at WebSocket.emit (node:events:524:28)
          at WebSocket.emitClose (/data/Workspace/helios/starwards/node_modules/colyseus.js/node_modules/ws/lib/websocket.js:272:10)
          at Socket.socketOnClose (/data/Workspace/helios/starwards/node_modules/colyseus.js/node_modules/ws/lib/websocket.js:1341:15)
          at Socket.emit (node:events:524:28)
          at TCP.<anonymous> (node:net:343:12)

      at ConnectionManager.onConnectionError (modules/core/src/client/connection-manager.ts:144:21)
          at Array.forEach (<anonymous>)

    console.log
      connection error: TypeError: Cannot read properties of undefined (reading 'decoder')
          at wireEvents (/data/Workspace/helios/starwards/node_modules/colyseus-events/src/wire-events.ts:30:40)
          at /data/Workspace/helios/starwards/modules/core/src/client/admin.ts:20:5
          at processTicksAndRejections (node:internal/process/task_queues:95:5)
          at /data/Workspace/helios/starwards/modules/core/src/client/connection-manager.ts:131:21

      at ConnectionManager.onConnectionError (modules/core/src/client/connection-manager.ts:144:21)

    console.log
      connection error: Error: disconnected from server
          at EventEmitter.<anonymous> (/data/Workspace/helios/starwards/modules/core/src/client/driver.ts:53:58)
          at /data/Workspace/helios/starwards/node_modules/colyseus.js/src/core/signal.ts:15:48
          at Array.forEach (<anonymous>)
          at EventEmitter.invoke (/data/Workspace/helios/starwards/node_modules/colyseus.js/src/core/signal.ts:15:19)
          at Function.register.invoke (/data/Workspace/helios/starwards/node_modules/colyseus.js/src/core/signal.ts:57:81)
          at WebSocket.connection.events.onclose (/data/Workspace/helios/starwards/node_modules/colyseus.js/src/Room.ts:89:30)
          at callListener (/data/Workspace/helios/starwards/node_modules/colyseus.js/node_modules/ws/lib/event-target.js:290:14)
          at WebSocket.onClose (/data/Workspace/helios/starwards/node_modules/colyseus.js/node_modules/ws/lib/event-target.js:220:9)
          at WebSocket.emit (node:events:524:28)
          at WebSocket.emitClose (/data/Workspace/helios/starwards/node_modules/colyseus.js/node_modules/ws/lib/websocket.js:272:10)
          at Socket.socketOnClose (/data/Workspace/helios/starwards/node_modules/colyseus.js/node_modules/ws/lib/websocket.js:1341:15)
          at Socket.emit (node:events:524:28)
          at TCP.<anonymous> (node:net:343:12)

      at ConnectionManager.onConnectionError (modules/core/src/client/connection-manager.ts:144:21)
          at Array.forEach (<anonymous>)

    console.log
      connection error: TypeError: Cannot read properties of undefined (reading 'decoder')
          at wireEvents (/data/Workspace/helios/starwards/node_modules/colyseus-events/src/wire-events.ts:30:40)
          at /data/Workspace/helios/starwards/modules/core/src/client/admin.ts:20:5
          at processTicksAndRejections (node:internal/process/task_queues:95:5)
          at /data/Workspace/helios/starwards/modules/core/src/client/connection-manager.ts:131:21

      at ConnectionManager.onConnectionError (modules/core/src/client/connection-manager.ts:144:21)

    console.log
      connection error: Error: disconnected from server
          at EventEmitter.<anonymous> (/data/Workspace/helios/starwards/modules/core/src/client/driver.ts:53:58)
          at /data/Workspace/helios/starwards/node_modules/colyseus.js/src/core/signal.ts:15:48
          at Array.forEach (<anonymous>)
          at EventEmitter.invoke (/data/Workspace/helios/starwards/node_modules/colyseus.js/src/core/signal.ts:15:19)
          at Function.register.invoke (/data/Workspace/helios/starwards/node_modules/colyseus.js/src/core/signal.ts:57:81)
          at WebSocket.connection.events.onclose (/data/Workspace/helios/starwards/node_modules/colyseus.js/src/Room.ts:89:30)
          at callListener (/data/Workspace/helios/starwards/node_modules/colyseus.js/node_modules/ws/lib/event-target.js:290:14)
          at WebSocket.onClose (/data/Workspace/helios/starwards/node_modules/colyseus.js/node_modules/ws/lib/event-target.js:220:9)
          at WebSocket.emit (node:events:524:28)
          at WebSocket.emitClose (/data/Workspace/helios/starwards/node_modules/colyseus.js/node_modules/ws/lib/websocket.js:272:10)
          at Socket.socketOnClose (/data/Workspace/helios/starwards/node_modules/colyseus.js/node_modules/ws/lib/websocket.js:1341:15)
          at Socket.emit (node:events:524:28)
          at TCP.<anonymous> (node:net:343:12)

      at ConnectionManager.onConnectionError (modules/core/src/client/connection-manager.ts:144:21)
          at Array.forEach (<anonymous>)

    console.log
      connection error: TypeError: Cannot read properties of undefined (reading 'decoder')
          at wireEvents (/data/Workspace/helios/starwards/node_modules/colyseus-events/src/wire-events.ts:30:40)
          at /data/Workspace/helios/starwards/modules/core/src/client/admin.ts:20:5
          at processTicksAndRejections (node:internal/process/task_queues:95:5)
          at /data/Workspace/helios/starwards/modules/core/src/client/connection-manager.ts:131:21

      at ConnectionManager.onConnectionError (modules/core/src/client/connection-manager.ts:144:21)

    console.log
      connection error: Error: disconnected from server
          at EventEmitter.<anonymous> (/data/Workspace/helios/starwards/modules/core/src/client/driver.ts:53:58)
          at /data/Workspace/helios/starwards/node_modules/colyseus.js/src/core/signal.ts:15:48
          at Array.forEach (<anonymous>)
          at EventEmitter.invoke (/data/Workspace/helios/starwards/node_modules/colyseus.js/src/core/signal.ts:15:19)
          at Function.register.invoke (/data/Workspace/helios/starwards/node_modules/colyseus.js/src/core/signal.ts:57:81)
          at WebSocket.connection.events.onclose (/data/Workspace/helios/starwards/node_modules/colyseus.js/src/Room.ts:89:30)
          at callListener (/data/Workspace/helios/starwards/node_modules/colyseus.js/node_modules/ws/lib/event-target.js:290:14)
          at WebSocket.onClose (/data/Workspace/helios/starwards/node_modules/colyseus.js/node_modules/ws/lib/event-target.js:220:9)
          at WebSocket.emit (node:events:524:28)
          at WebSocket.emitClose (/data/Workspace/helios/starwards/node_modules/colyseus.js/node_modules/ws/lib/websocket.js:272:10)
          at Socket.socketOnClose (/data/Workspace/helios/starwards/node_modules/colyseus.js/node_modules/ws/lib/websocket.js:1341:15)
          at Socket.emit (node:events:524:28)
          at TCP.<anonymous> (node:net:343:12)

      at ConnectionManager.onConnectionError (modules/core/src/client/connection-manager.ts:144:21)
          at Array.forEach (<anonymous>)

    console.log
      connection error: TypeError: Cannot read properties of undefined (reading 'decoder')
          at wireEvents (/data/Workspace/helios/starwards/node_modules/colyseus-events/src/wire-events.ts:30:40)
          at /data/Workspace/helios/starwards/modules/core/src/client/admin.ts:20:5
          at processTicksAndRejections (node:internal/process/task_queues:95:5)
          at /data/Workspace/helios/starwards/modules/core/src/client/connection-manager.ts:131:21

      at ConnectionManager.onConnectionError (modules/core/src/client/connection-manager.ts:144:21)

    console.log
      connection error: Error: disconnected from server
          at EventEmitter.<anonymous> (/data/Workspace/helios/starwards/modules/core/src/client/driver.ts:53:58)
          at /data/Workspace/helios/starwards/node_modules/colyseus.js/src/core/signal.ts:15:48
          at Array.forEach (<anonymous>)
          at EventEmitter.invoke (/data/Workspace/helios/starwards/node_modules/colyseus.js/src/core/signal.ts:15:19)
          at Function.register.invoke (/data/Workspace/helios/starwards/node_modules/colyseus.js/src/core/signal.ts:57:81)
          at WebSocket.connection.events.onclose (/data/Workspace/helios/starwards/node_modules/colyseus.js/src/Room.ts:89:30)
          at callListener (/data/Workspace/helios/starwards/node_modules/colyseus.js/node_modules/ws/lib/event-target.js:290:14)
          at WebSocket.onClose (/data/Workspace/helios/starwards/node_modules/colyseus.js/node_modules/ws/lib/event-target.js:220:9)
          at WebSocket.emit (node:events:524:28)
          at WebSocket.emitClose (/data/Workspace/helios/starwards/node_modules/colyseus.js/node_modules/ws/lib/websocket.js:272:10)
          at Socket.socketOnClose (/data/Workspace/helios/starwards/node_modules/colyseus.js/node_modules/ws/lib/websocket.js:1341:15)
          at Socket.emit (node:events:524:28)
          at TCP.<anonymous> (node:net:343:12)

      at ConnectionManager.onConnectionError (modules/core/src/client/connection-manager.ts:144:21)
          at Array.forEach (<anonymous>)

    console.log
      connection error: TypeError: Cannot read properties of undefined (reading 'decoder')
          at wireEvents (/data/Workspace/helios/starwards/node_modules/colyseus-events/src/wire-events.ts:30:40)
          at /data/Workspace/helios/starwards/modules/core/src/client/admin.ts:20:5
          at processTicksAndRejections (node:internal/process/task_queues:95:5)
          at /data/Workspace/helios/starwards/modules/core/src/client/connection-manager.ts:131:21

      at ConnectionManager.onConnectionError (modules/core/src/client/connection-manager.ts:144:21)

    console.log
      connection error: Error: disconnected from server
          at EventEmitter.<anonymous> (/data/Workspace/helios/starwards/modules/core/src/client/driver.ts:53:58)
          at /data/Workspace/helios/starwards/node_modules/colyseus.js/src/core/signal.ts:15:48
          at Array.forEach (<anonymous>)
          at EventEmitter.invoke (/data/Workspace/helios/starwards/node_modules/colyseus.js/src/core/signal.ts:15:19)
          at Function.register.invoke (/data/Workspace/helios/starwards/node_modules/colyseus.js/src/core/signal.ts:57:81)
          at WebSocket.connection.events.onclose (/data/Workspace/helios/starwards/node_modules/colyseus.js/src/Room.ts:89:30)
          at callListener (/data/Workspace/helios/starwards/node_modules/colyseus.js/node_modules/ws/lib/event-target.js:290:14)
          at WebSocket.onClose (/data/Workspace/helios/starwards/node_modules/colyseus.js/node_modules/ws/lib/event-target.js:220:9)
          at WebSocket.emit (node:events:524:28)
          at WebSocket.emitClose (/data/Workspace/helios/starwards/node_modules/colyseus.js/node_modules/ws/lib/websocket.js:272:10)
          at Socket.socketOnClose (/data/Workspace/helios/starwards/node_modules/colyseus.js/node_modules/ws/lib/websocket.js:1341:15)
          at Socket.emit (node:events:524:28)
          at TCP.<anonymous> (node:net:343:12)

      at ConnectionManager.onConnectionError (modules/core/src/client/connection-manager.ts:144:21)
          at Array.forEach (<anonymous>)

    console.log
      connection error: TypeError: Cannot read properties of undefined (reading 'decoder')
          at wireEvents (/data/Workspace/helios/starwards/node_modules/colyseus-events/src/wire-events.ts:30:40)
          at /data/Workspace/helios/starwards/modules/core/src/client/admin.ts:20:5
          at processTicksAndRejections (node:internal/process/task_queues:95:5)
          at /data/Workspace/helios/starwards/modules/core/src/client/connection-manager.ts:131:21

      at ConnectionManager.onConnectionError (modules/core/src/client/connection-manager.ts:144:21)

    console.log
      connection error: Error: disconnected from server
          at EventEmitter.<anonymous> (/data/Workspace/helios/starwards/modules/core/src/client/driver.ts:53:58)
          at /data/Workspace/helios/starwards/node_modules/colyseus.js/src/core/signal.ts:15:48
          at Array.forEach (<anonymous>)
          at EventEmitter.invoke (/data/Workspace/helios/starwards/node_modules/colyseus.js/src/core/signal.ts:15:19)
          at Function.register.invoke (/data/Workspace/helios/starwards/node_modules/colyseus.js/src/core/signal.ts:57:81)
          at WebSocket.connection.events.onclose (/data/Workspace/helios/starwards/node_modules/colyseus.js/src/Room.ts:89:30)
          at callListener (/data/Workspace/helios/starwards/node_modules/colyseus.js/node_modules/ws/lib/event-target.js:290:14)
          at WebSocket.onClose (/data/Workspace/helios/starwards/node_modules/colyseus.js/node_modules/ws/lib/event-target.js:220:9)
          at WebSocket.emit (node:events:524:28)
          at WebSocket.emitClose (/data/Workspace/helios/starwards/node_modules/colyseus.js/node_modules/ws/lib/websocket.js:272:10)
          at Socket.socketOnClose (/data/Workspace/helios/starwards/node_modules/colyseus.js/node_modules/ws/lib/websocket.js:1341:15)
          at Socket.emit (node:events:524:28)
          at TCP.<anonymous> (node:net:343:12)

      at ConnectionManager.onConnectionError (modules/core/src/client/connection-manager.ts:144:21)
          at Array.forEach (<anonymous>)

    console.log
      connection error: TypeError: Cannot read properties of undefined (reading 'decoder')
          at wireEvents (/data/Workspace/helios/starwards/node_modules/colyseus-events/src/wire-events.ts:30:40)
          at /data/Workspace/helios/starwards/modules/core/src/client/admin.ts:20:5
          at processTicksAndRejections (node:internal/process/task_queues:95:5)
          at /data/Workspace/helios/starwards/modules/core/src/client/connection-manager.ts:131:21

      at ConnectionManager.onConnectionError (modules/core/src/client/connection-manager.ts:144:21)

    console.log
      connection error: Error: disconnected from server
          at EventEmitter.<anonymous> (/data/Workspace/helios/starwards/modules/core/src/client/driver.ts:53:58)
          at /data/Workspace/helios/starwards/node_modules/colyseus.js/src/core/signal.ts:15:48
          at Array.forEach (<anonymous>)
          at EventEmitter.invoke (/data/Workspace/helios/starwards/node_modules/colyseus.js/src/core/signal.ts:15:19)
          at Function.register.invoke (/data/Workspace/helios/starwards/node_modules/colyseus.js/src/core/signal.ts:57:81)
          at WebSocket.connection.events.onclose (/data/Workspace/helios/starwards/node_modules/colyseus.js/src/Room.ts:89:30)
          at callListener (/data/Workspace/helios/starwards/node_modules/colyseus.js/node_modules/ws/lib/event-target.js:290:14)
          at WebSocket.onClose (/data/Workspace/helios/starwards/node_modules/colyseus.js/node_modules/ws/lib/event-target.js:220:9)
          at WebSocket.emit (node:events:524:28)
          at WebSocket.emitClose (/data/Workspace/helios/starwards/node_modules/colyseus.js/node_modules/ws/lib/websocket.js:272:10)
          at Socket.socketOnClose (/data/Workspace/helios/starwards/node_modules/colyseus.js/node_modules/ws/lib/websocket.js:1341:15)
          at Socket.emit (node:events:524:28)
          at TCP.<anonymous> (node:net:343:12)

      at ConnectionManager.onConnectionError (modules/core/src/client/connection-manager.ts:144:21)
          at Array.forEach (<anonymous>)

    console.log
      connection error: TypeError: Cannot read properties of undefined (reading 'decoder')
          at wireEvents (/data/Workspace/helios/starwards/node_modules/colyseus-events/src/wire-events.ts:30:40)
          at /data/Workspace/helios/starwards/modules/core/src/client/admin.ts:20:5
          at processTicksAndRejections (node:internal/process/task_queues:95:5)
          at /data/Workspace/helios/starwards/modules/core/src/client/connection-manager.ts:131:21

      at ConnectionManager.onConnectionError (modules/core/src/client/connection-manager.ts:144:21)

    console.log
      connection error: Error: disconnected from server
          at EventEmitter.<anonymous> (/data/Workspace/helios/starwards/modules/core/src/client/driver.ts:53:58)
          at /data/Workspace/helios/starwards/node_modules/colyseus.js/src/core/signal.ts:15:48
          at Array.forEach (<anonymous>)
          at EventEmitter.invoke (/data/Workspace/helios/starwards/node_modules/colyseus.js/src/core/signal.ts:15:19)
          at Function.register.invoke (/data/Workspace/helios/starwards/node_modules/colyseus.js/src/core/signal.ts:57:81)
          at WebSocket.connection.events.onclose (/data/Workspace/helios/starwards/node_modules/colyseus.js/src/Room.ts:89:30)
          at callListener (/data/Workspace/helios/starwards/node_modules/colyseus.js/node_modules/ws/lib/event-target.js:290:14)
          at WebSocket.onClose (/data/Workspace/helios/starwards/node_modules/colyseus.js/node_modules/ws/lib/event-target.js:220:9)
          at WebSocket.emit (node:events:524:28)
          at WebSocket.emitClose (/data/Workspace/helios/starwards/node_modules/colyseus.js/node_modules/ws/lib/websocket.js:272:10)
          at Socket.socketOnClose (/data/Workspace/helios/starwards/node_modules/colyseus.js/node_modules/ws/lib/websocket.js:1341:15)
          at Socket.emit (node:events:524:28)
          at TCP.<anonymous> (node:net:343:12)

      at ConnectionManager.onConnectionError (modules/core/src/client/connection-manager.ts:144:21)
          at Array.forEach (<anonymous>)

    console.log
      connection error: TypeError: Cannot read properties of undefined (reading 'decoder')
          at wireEvents (/data/Workspace/helios/starwards/node_modules/colyseus-events/src/wire-events.ts:30:40)
          at /data/Workspace/helios/starwards/modules/core/src/client/admin.ts:20:5
          at processTicksAndRejections (node:internal/process/task_queues:95:5)
          at /data/Workspace/helios/starwards/modules/core/src/client/connection-manager.ts:131:21

      at ConnectionManager.onConnectionError (modules/core/src/client/connection-manager.ts:144:21)

    console.log
      connection error: Error: disconnected from server
          at EventEmitter.<anonymous> (/data/Workspace/helios/starwards/modules/core/src/client/driver.ts:53:58)
          at /data/Workspace/helios/starwards/node_modules/colyseus.js/src/core/signal.ts:15:48
          at Array.forEach (<anonymous>)
          at EventEmitter.invoke (/data/Workspace/helios/starwards/node_modules/colyseus.js/src/core/signal.ts:15:19)
          at Function.register.invoke (/data/Workspace/helios/starwards/node_modules/colyseus.js/src/core/signal.ts:57:81)
          at WebSocket.connection.events.onclose (/data/Workspace/helios/starwards/node_modules/colyseus.js/src/Room.ts:89:30)
          at callListener (/data/Workspace/helios/starwards/node_modules/colyseus.js/node_modules/ws/lib/event-target.js:290:14)
          at WebSocket.onClose (/data/Workspace/helios/starwards/node_modules/colyseus.js/node_modules/ws/lib/event-target.js:220:9)
          at WebSocket.emit (node:events:524:28)
          at WebSocket.emitClose (/data/Workspace/helios/starwards/node_modules/colyseus.js/node_modules/ws/lib/websocket.js:272:10)
          at Socket.socketOnClose (/data/Workspace/helios/starwards/node_modules/colyseus.js/node_modules/ws/lib/websocket.js:1341:15)
          at Socket.emit (node:events:524:28)
          at TCP.<anonymous> (node:net:343:12)

      at ConnectionManager.onConnectionError (modules/core/src/client/connection-manager.ts:144:21)
          at Array.forEach (<anonymous>)

    console.log
      connection error: TypeError: Cannot read properties of undefined (reading 'decoder')
          at wireEvents (/data/Workspace/helios/starwards/node_modules/colyseus-events/src/wire-events.ts:30:40)
          at /data/Workspace/helios/starwards/modules/core/src/client/admin.ts:20:5
          at processTicksAndRejections (node:internal/process/task_queues:95:5)
          at /data/Workspace/helios/starwards/modules/core/src/client/connection-manager.ts:131:21

      at ConnectionManager.onConnectionError (modules/core/src/client/connection-manager.ts:144:21)

    console.log
      connection error: Error: disconnected from server
          at EventEmitter.<anonymous> (/data/Workspace/helios/starwards/modules/core/src/client/driver.ts:53:58)
          at /data/Workspace/helios/starwards/node_modules/colyseus.js/src/core/signal.ts:15:48
          at Array.forEach (<anonymous>)
          at EventEmitter.invoke (/data/Workspace/helios/starwards/node_modules/colyseus.js/src/core/signal.ts:15:19)
          at Function.register.invoke (/data/Workspace/helios/starwards/node_modules/colyseus.js/src/core/signal.ts:57:81)
          at WebSocket.connection.events.onclose (/data/Workspace/helios/starwards/node_modules/colyseus.js/src/Room.ts:89:30)
          at callListener (/data/Workspace/helios/starwards/node_modules/colyseus.js/node_modules/ws/lib/event-target.js:290:14)
          at WebSocket.onClose (/data/Workspace/helios/starwards/node_modules/colyseus.js/node_modules/ws/lib/event-target.js:220:9)
          at WebSocket.emit (node:events:524:28)
          at WebSocket.emitClose (/data/Workspace/helios/starwards/node_modules/colyseus.js/node_modules/ws/lib/websocket.js:272:10)
          at Socket.socketOnClose (/data/Workspace/helios/starwards/node_modules/colyseus.js/node_modules/ws/lib/websocket.js:1341:15)
          at Socket.emit (node:events:524:28)
          at TCP.<anonymous> (node:net:343:12)

      at ConnectionManager.onConnectionError (modules/core/src/client/connection-manager.ts:144:21)
          at Array.forEach (<anonymous>)

    console.log
      connection error: TypeError: Cannot read properties of undefined (reading 'decoder')
          at wireEvents (/data/Workspace/helios/starwards/node_modules/colyseus-events/src/wire-events.ts:30:40)
          at /data/Workspace/helios/starwards/modules/core/src/client/admin.ts:20:5
          at processTicksAndRejections (node:internal/process/task_queues:95:5)
          at /data/Workspace/helios/starwards/modules/core/src/client/connection-manager.ts:131:21

      at ConnectionManager.onConnectionError (modules/core/src/client/connection-manager.ts:144:21)

    console.log
      connection error: Error: disconnected from server
          at EventEmitter.<anonymous> (/data/Workspace/helios/starwards/modules/core/src/client/driver.ts:53:58)
          at /data/Workspace/helios/starwards/node_modules/colyseus.js/src/core/signal.ts:15:48
          at Array.forEach (<anonymous>)
          at EventEmitter.invoke (/data/Workspace/helios/starwards/node_modules/colyseus.js/src/core/signal.ts:15:19)
          at Function.register.invoke (/data/Workspace/helios/starwards/node_modules/colyseus.js/src/core/signal.ts:57:81)
          at WebSocket.connection.events.onclose (/data/Workspace/helios/starwards/node_modules/colyseus.js/src/Room.ts:89:30)
          at callListener (/data/Workspace/helios/starwards/node_modules/colyseus.js/node_modules/ws/lib/event-target.js:290:14)
          at WebSocket.onClose (/data/Workspace/helios/starwards/node_modules/colyseus.js/node_modules/ws/lib/event-target.js:220:9)
          at WebSocket.emit (node:events:524:28)
          at WebSocket.emitClose (/data/Workspace/helios/starwards/node_modules/colyseus.js/node_modules/ws/lib/websocket.js:272:10)
          at Socket.socketOnClose (/data/Workspace/helios/starwards/node_modules/colyseus.js/node_modules/ws/lib/websocket.js:1341:15)
          at Socket.emit (node:events:524:28)
          at TCP.<anonymous> (node:net:343:12)

      at ConnectionManager.onConnectionError (modules/core/src/client/connection-manager.ts:144:21)
          at Array.forEach (<anonymous>)

    console.log
      connection error: TypeError: Cannot read properties of undefined (reading 'decoder')
          at wireEvents (/data/Workspace/helios/starwards/node_modules/colyseus-events/src/wire-events.ts:30:40)
          at /data/Workspace/helios/starwards/modules/core/src/client/admin.ts:20:5
          at processTicksAndRejections (node:internal/process/task_queues:95:5)
          at /data/Workspace/helios/starwards/modules/core/src/client/connection-manager.ts:131:21

      at ConnectionManager.onConnectionError (modules/core/src/client/connection-manager.ts:144:21)

    console.log
      connection error: Error: disconnected from server
          at EventEmitter.<anonymous> (/data/Workspace/helios/starwards/modules/core/src/client/driver.ts:53:58)
          at /data/Workspace/helios/starwards/node_modules/colyseus.js/src/core/signal.ts:15:48
          at Array.forEach (<anonymous>)
          at EventEmitter.invoke (/data/Workspace/helios/starwards/node_modules/colyseus.js/src/core/signal.ts:15:19)
          at Function.register.invoke (/data/Workspace/helios/starwards/node_modules/colyseus.js/src/core/signal.ts:57:81)
          at WebSocket.connection.events.onclose (/data/Workspace/helios/starwards/node_modules/colyseus.js/src/Room.ts:89:30)
          at callListener (/data/Workspace/helios/starwards/node_modules/colyseus.js/node_modules/ws/lib/event-target.js:290:14)
          at WebSocket.onClose (/data/Workspace/helios/starwards/node_modules/colyseus.js/node_modules/ws/lib/event-target.js:220:9)
          at WebSocket.emit (node:events:524:28)
          at WebSocket.emitClose (/data/Workspace/helios/starwards/node_modules/colyseus.js/node_modules/ws/lib/websocket.js:272:10)
          at Socket.socketOnClose (/data/Workspace/helios/starwards/node_modules/colyseus.js/node_modules/ws/lib/websocket.js:1341:15)
          at Socket.emit (node:events:524:28)
          at TCP.<anonymous> (node:net:343:12)

      at ConnectionManager.onConnectionError (modules/core/src/client/connection-manager.ts:144:21)
          at Array.forEach (<anonymous>)

    console.log
      connection error: TypeError: Cannot read properties of undefined (reading 'decoder')
          at wireEvents (/data/Workspace/helios/starwards/node_modules/colyseus-events/src/wire-events.ts:30:40)
          at /data/Workspace/helios/starwards/modules/core/src/client/admin.ts:20:5
          at processTicksAndRejections (node:internal/process/task_queues:95:5)
          at /data/Workspace/helios/starwards/modules/core/src/client/connection-manager.ts:131:21

      at ConnectionManager.onConnectionError (modules/core/src/client/connection-manager.ts:144:21)

    console.log
      connection error: Error: disconnected from server
          at EventEmitter.<anonymous> (/data/Workspace/helios/starwards/modules/core/src/client/driver.ts:53:58)
          at /data/Workspace/helios/starwards/node_modules/colyseus.js/src/core/signal.ts:15:48
          at Array.forEach (<anonymous>)
          at EventEmitter.invoke (/data/Workspace/helios/starwards/node_modules/colyseus.js/src/core/signal.ts:15:19)
          at Function.register.invoke (/data/Workspace/helios/starwards/node_modules/colyseus.js/src/core/signal.ts:57:81)
          at WebSocket.connection.events.onclose (/data/Workspace/helios/starwards/node_modules/colyseus.js/src/Room.ts:89:30)
          at callListener (/data/Workspace/helios/starwards/node_modules/colyseus.js/node_modules/ws/lib/event-target.js:290:14)
          at WebSocket.onClose (/data/Workspace/helios/starwards/node_modules/colyseus.js/node_modules/ws/lib/event-target.js:220:9)
          at WebSocket.emit (node:events:524:28)
          at WebSocket.emitClose (/data/Workspace/helios/starwards/node_modules/colyseus.js/node_modules/ws/lib/websocket.js:272:10)
          at Socket.socketOnClose (/data/Workspace/helios/starwards/node_modules/colyseus.js/node_modules/ws/lib/websocket.js:1341:15)
          at Socket.emit (node:events:524:28)
          at TCP.<anonymous> (node:net:343:12)

      at ConnectionManager.onConnectionError (modules/core/src/client/connection-manager.ts:144:21)
          at Array.forEach (<anonymous>)

    console.log
      connection error: TypeError: Cannot read properties of undefined (reading 'decoder')
          at wireEvents (/data/Workspace/helios/starwards/node_modules/colyseus-events/src/wire-events.ts:30:40)
          at /data/Workspace/helios/starwards/modules/core/src/client/admin.ts:20:5
          at processTicksAndRejections (node:internal/process/task_queues:95:5)
          at /data/Workspace/helios/starwards/modules/core/src/client/connection-manager.ts:131:21

      at ConnectionManager.onConnectionError (modules/core/src/client/connection-manager.ts:144:21)

    console.log
      connection error: Error: disconnected from server
          at EventEmitter.<anonymous> (/data/Workspace/helios/starwards/modules/core/src/client/driver.ts:53:58)
          at /data/Workspace/helios/starwards/node_modules/colyseus.js/src/core/signal.ts:15:48
          at Array.forEach (<anonymous>)
          at EventEmitter.invoke (/data/Workspace/helios/starwards/node_modules/colyseus.js/src/core/signal.ts:15:19)
          at Function.register.invoke (/data/Workspace/helios/starwards/node_modules/colyseus.js/src/core/signal.ts:57:81)
          at WebSocket.connection.events.onclose (/data/Workspace/helios/starwards/node_modules/colyseus.js/src/Room.ts:89:30)
          at callListener (/data/Workspace/helios/starwards/node_modules/colyseus.js/node_modules/ws/lib/event-target.js:290:14)
          at WebSocket.onClose (/data/Workspace/helios/starwards/node_modules/colyseus.js/node_modules/ws/lib/event-target.js:220:9)
          at WebSocket.emit (node:events:524:28)
          at WebSocket.emitClose (/data/Workspace/helios/starwards/node_modules/colyseus.js/node_modules/ws/lib/websocket.js:272:10)
          at Socket.socketOnClose (/data/Workspace/helios/starwards/node_modules/colyseus.js/node_modules/ws/lib/websocket.js:1341:15)
          at Socket.emit (node:events:524:28)
          at TCP.<anonymous> (node:net:343:12)

      at ConnectionManager.onConnectionError (modules/core/src/client/connection-manager.ts:144:21)
          at Array.forEach (<anonymous>)

    console.log
      connection error: TypeError: Cannot read properties of undefined (reading 'decoder')
          at wireEvents (/data/Workspace/helios/starwards/node_modules/colyseus-events/src/wire-events.ts:30:40)
          at /data/Workspace/helios/starwards/modules/core/src/client/admin.ts:20:5
          at processTicksAndRejections (node:internal/process/task_queues:95:5)
          at /data/Workspace/helios/starwards/modules/core/src/client/connection-manager.ts:131:21

      at ConnectionManager.onConnectionError (modules/core/src/client/connection-manager.ts:144:21)

    console.log
      connection error: Error: disconnected from server
          at EventEmitter.<anonymous> (/data/Workspace/helios/starwards/modules/core/src/client/driver.ts:53:58)
          at /data/Workspace/helios/starwards/node_modules/colyseus.js/src/core/signal.ts:15:48
          at Array.forEach (<anonymous>)
          at EventEmitter.invoke (/data/Workspace/helios/starwards/node_modules/colyseus.js/src/core/signal.ts:15:19)
          at Function.register.invoke (/data/Workspace/helios/starwards/node_modules/colyseus.js/src/core/signal.ts:57:81)
          at WebSocket.connection.events.onclose (/data/Workspace/helios/starwards/node_modules/colyseus.js/src/Room.ts:89:30)
          at callListener (/data/Workspace/helios/starwards/node_modules/colyseus.js/node_modules/ws/lib/event-target.js:290:14)
          at WebSocket.onClose (/data/Workspace/helios/starwards/node_modules/colyseus.js/node_modules/ws/lib/event-target.js:220:9)
          at WebSocket.emit (node:events:524:28)
          at WebSocket.emitClose (/data/Workspace/helios/starwards/node_modules/colyseus.js/node_modules/ws/lib/websocket.js:272:10)
          at Socket.socketOnClose (/data/Workspace/helios/starwards/node_modules/colyseus.js/node_modules/ws/lib/websocket.js:1341:15)
          at Socket.emit (node:events:524:28)
          at TCP.<anonymous> (node:net:343:12)

      at ConnectionManager.onConnectionError (modules/core/src/client/connection-manager.ts:144:21)
          at Array.forEach (<anonymous>)

    console.log
      connection error: TypeError: Cannot read properties of undefined (reading 'decoder')
          at wireEvents (/data/Workspace/helios/starwards/node_modules/colyseus-events/src/wire-events.ts:30:40)
          at /data/Workspace/helios/starwards/modules/core/src/client/admin.ts:20:5
          at processTicksAndRejections (node:internal/process/task_queues:95:5)
          at /data/Workspace/helios/starwards/modules/core/src/client/connection-manager.ts:131:21

      at ConnectionManager.onConnectionError (modules/core/src/client/connection-manager.ts:144:21)

    console.log
      connection error: Error: disconnected from server
          at EventEmitter.<anonymous> (/data/Workspace/helios/starwards/modules/core/src/client/driver.ts:53:58)
          at /data/Workspace/helios/starwards/node_modules/colyseus.js/src/core/signal.ts:15:48
          at Array.forEach (<anonymous>)
          at EventEmitter.invoke (/data/Workspace/helios/starwards/node_modules/colyseus.js/src/core/signal.ts:15:19)
          at Function.register.invoke (/data/Workspace/helios/starwards/node_modules/colyseus.js/src/core/signal.ts:57:81)
          at WebSocket.connection.events.onclose (/data/Workspace/helios/starwards/node_modules/colyseus.js/src/Room.ts:89:30)
          at callListener (/data/Workspace/helios/starwards/node_modules/colyseus.js/node_modules/ws/lib/event-target.js:290:14)
          at WebSocket.onClose (/data/Workspace/helios/starwards/node_modules/colyseus.js/node_modules/ws/lib/event-target.js:220:9)
          at WebSocket.emit (node:events:524:28)
          at WebSocket.emitClose (/data/Workspace/helios/starwards/node_modules/colyseus.js/node_modules/ws/lib/websocket.js:272:10)
          at Socket.socketOnClose (/data/Workspace/helios/starwards/node_modules/colyseus.js/node_modules/ws/lib/websocket.js:1341:15)
          at Socket.emit (node:events:524:28)
          at TCP.<anonymous> (node:net:343:12)

      at ConnectionManager.onConnectionError (modules/core/src/client/connection-manager.ts:144:21)
          at Array.forEach (<anonymous>)

    console.log
      connection error: TypeError: Cannot read properties of undefined (reading 'decoder')
          at wireEvents (/data/Workspace/helios/starwards/node_modules/colyseus-events/src/wire-events.ts:30:40)
          at /data/Workspace/helios/starwards/modules/core/src/client/admin.ts:20:5
          at processTicksAndRejections (node:internal/process/task_queues:95:5)
          at /data/Workspace/helios/starwards/modules/core/src/client/connection-manager.ts:131:21

      at ConnectionManager.onConnectionError (modules/core/src/client/connection-manager.ts:144:21)

    console.log
      connection error: Error: disconnected from server
          at EventEmitter.<anonymous> (/data/Workspace/helios/starwards/modules/core/src/client/driver.ts:53:58)
          at /data/Workspace/helios/starwards/node_modules/colyseus.js/src/core/signal.ts:15:48
          at Array.forEach (<anonymous>)
          at EventEmitter.invoke (/data/Workspace/helios/starwards/node_modules/colyseus.js/src/core/signal.ts:15:19)
          at Function.register.invoke (/data/Workspace/helios/starwards/node_modules/colyseus.js/src/core/signal.ts:57:81)
          at WebSocket.connection.events.onclose (/data/Workspace/helios/starwards/node_modules/colyseus.js/src/Room.ts:89:30)
          at callListener (/data/Workspace/helios/starwards/node_modules/colyseus.js/node_modules/ws/lib/event-target.js:290:14)
          at WebSocket.onClose (/data/Workspace/helios/starwards/node_modules/colyseus.js/node_modules/ws/lib/event-target.js:220:9)
          at WebSocket.emit (node:events:524:28)
          at WebSocket.emitClose (/data/Workspace/helios/starwards/node_modules/colyseus.js/node_modules/ws/lib/websocket.js:272:10)
          at Socket.socketOnClose (/data/Workspace/helios/starwards/node_modules/colyseus.js/node_modules/ws/lib/websocket.js:1341:15)
          at Socket.emit (node:events:524:28)
          at TCP.<anonymous> (node:net:343:12)

      at ConnectionManager.onConnectionError (modules/core/src/client/connection-manager.ts:144:21)
          at Array.forEach (<anonymous>)

    console.log
      connection error: TypeError: Cannot read properties of undefined (reading 'decoder')
          at wireEvents (/data/Workspace/helios/starwards/node_modules/colyseus-events/src/wire-events.ts:30:40)
          at /data/Workspace/helios/starwards/modules/core/src/client/admin.ts:20:5
          at processTicksAndRejections (node:internal/process/task_queues:95:5)
          at /data/Workspace/helios/starwards/modules/core/src/client/connection-manager.ts:131:21

      at ConnectionManager.onConnectionError (modules/core/src/client/connection-manager.ts:144:21)

    console.log
      connection error: Error: disconnected from server
          at EventEmitter.<anonymous> (/data/Workspace/helios/starwards/modules/core/src/client/driver.ts:53:58)
          at /data/Workspace/helios/starwards/node_modules/colyseus.js/src/core/signal.ts:15:48
          at Array.forEach (<anonymous>)
          at EventEmitter.invoke (/data/Workspace/helios/starwards/node_modules/colyseus.js/src/core/signal.ts:15:19)
          at Function.register.invoke (/data/Workspace/helios/starwards/node_modules/colyseus.js/src/core/signal.ts:57:81)
          at WebSocket.connection.events.onclose (/data/Workspace/helios/starwards/node_modules/colyseus.js/src/Room.ts:89:30)
          at callListener (/data/Workspace/helios/starwards/node_modules/colyseus.js/node_modules/ws/lib/event-target.js:290:14)
          at WebSocket.onClose (/data/Workspace/helios/starwards/node_modules/colyseus.js/node_modules/ws/lib/event-target.js:220:9)
          at WebSocket.emit (node:events:524:28)
          at WebSocket.emitClose (/data/Workspace/helios/starwards/node_modules/colyseus.js/node_modules/ws/lib/websocket.js:272:10)
          at Socket.socketOnClose (/data/Workspace/helios/starwards/node_modules/colyseus.js/node_modules/ws/lib/websocket.js:1341:15)
          at Socket.emit (node:events:524:28)
          at TCP.<anonymous> (node:net:343:12)

      at ConnectionManager.onConnectionError (modules/core/src/client/connection-manager.ts:144:21)
          at Array.forEach (<anonymous>)

    console.log
      connection error: TypeError: Cannot read properties of undefined (reading 'decoder')
          at wireEvents (/data/Workspace/helios/starwards/node_modules/colyseus-events/src/wire-events.ts:30:40)
          at /data/Workspace/helios/starwards/modules/core/src/client/admin.ts:20:5
          at processTicksAndRejections (node:internal/process/task_queues:95:5)
          at /data/Workspace/helios/starwards/modules/core/src/client/connection-manager.ts:131:21

      at ConnectionManager.onConnectionError (modules/core/src/client/connection-manager.ts:144:21)

    console.log
      connection error: Error: disconnected from server
          at EventEmitter.<anonymous> (/data/Workspace/helios/starwards/modules/core/src/client/driver.ts:53:58)
          at /data/Workspace/helios/starwards/node_modules/colyseus.js/src/core/signal.ts:15:48
          at Array.forEach (<anonymous>)
          at EventEmitter.invoke (/data/Workspace/helios/starwards/node_modules/colyseus.js/src/core/signal.ts:15:19)
          at Function.register.invoke (/data/Workspace/helios/starwards/node_modules/colyseus.js/src/core/signal.ts:57:81)
          at WebSocket.connection.events.onclose (/data/Workspace/helios/starwards/node_modules/colyseus.js/src/Room.ts:89:30)
          at callListener (/data/Workspace/helios/starwards/node_modules/colyseus.js/node_modules/ws/lib/event-target.js:290:14)
          at WebSocket.onClose (/data/Workspace/helios/starwards/node_modules/colyseus.js/node_modules/ws/lib/event-target.js:220:9)
          at WebSocket.emit (node:events:524:28)
          at WebSocket.emitClose (/data/Workspace/helios/starwards/node_modules/colyseus.js/node_modules/ws/lib/websocket.js:272:10)
          at Socket.socketOnClose (/data/Workspace/helios/starwards/node_modules/colyseus.js/node_modules/ws/lib/websocket.js:1341:15)
          at Socket.emit (node:events:524:28)
          at TCP.<anonymous> (node:net:343:12)

      at ConnectionManager.onConnectionError (modules/core/src/client/connection-manager.ts:144:21)
          at Array.forEach (<anonymous>)

    console.log
      connection error: TypeError: Cannot read properties of undefined (reading 'decoder')
          at wireEvents (/data/Workspace/helios/starwards/node_modules/colyseus-events/src/wire-events.ts:30:40)
          at /data/Workspace/helios/starwards/modules/core/src/client/admin.ts:20:5
          at processTicksAndRejections (node:internal/process/task_queues:95:5)
          at /data/Workspace/helios/starwards/modules/core/src/client/connection-manager.ts:131:21

      at ConnectionManager.onConnectionError (modules/core/src/client/connection-manager.ts:144:21)

    console.log
      connection error: Error: disconnected from server
          at EventEmitter.<anonymous> (/data/Workspace/helios/starwards/modules/core/src/client/driver.ts:53:58)
          at /data/Workspace/helios/starwards/node_modules/colyseus.js/src/core/signal.ts:15:48
          at Array.forEach (<anonymous>)
          at EventEmitter.invoke (/data/Workspace/helios/starwards/node_modules/colyseus.js/src/core/signal.ts:15:19)
          at Function.register.invoke (/data/Workspace/helios/starwards/node_modules/colyseus.js/src/core/signal.ts:57:81)
          at WebSocket.connection.events.onclose (/data/Workspace/helios/starwards/node_modules/colyseus.js/src/Room.ts:89:30)
          at callListener (/data/Workspace/helios/starwards/node_modules/colyseus.js/node_modules/ws/lib/event-target.js:290:14)
          at WebSocket.onClose (/data/Workspace/helios/starwards/node_modules/colyseus.js/node_modules/ws/lib/event-target.js:220:9)
          at WebSocket.emit (node:events:524:28)
          at WebSocket.emitClose (/data/Workspace/helios/starwards/node_modules/colyseus.js/node_modules/ws/lib/websocket.js:272:10)
          at Socket.socketOnClose (/data/Workspace/helios/starwards/node_modules/colyseus.js/node_modules/ws/lib/websocket.js:1341:15)
          at Socket.emit (node:events:524:28)
          at TCP.<anonymous> (node:net:343:12)

      at ConnectionManager.onConnectionError (modules/core/src/client/connection-manager.ts:144:21)
          at Array.forEach (<anonymous>)

    console.log
      connection error: TypeError: Cannot read properties of undefined (reading 'decoder')
          at wireEvents (/data/Workspace/helios/starwards/node_modules/colyseus-events/src/wire-events.ts:30:40)
          at /data/Workspace/helios/starwards/modules/core/src/client/admin.ts:20:5
          at processTicksAndRejections (node:internal/process/task_queues:95:5)
          at /data/Workspace/helios/starwards/modules/core/src/client/connection-manager.ts:131:21

      at ConnectionManager.onConnectionError (modules/core/src/client/connection-manager.ts:144:21)

    console.log
      connection error: Error: disconnected from server
          at EventEmitter.<anonymous> (/data/Workspace/helios/starwards/modules/core/src/client/driver.ts:53:58)
          at /data/Workspace/helios/starwards/node_modules/colyseus.js/src/core/signal.ts:15:48
          at Array.forEach (<anonymous>)
          at EventEmitter.invoke (/data/Workspace/helios/starwards/node_modules/colyseus.js/src/core/signal.ts:15:19)
          at Function.register.invoke (/data/Workspace/helios/starwards/node_modules/colyseus.js/src/core/signal.ts:57:81)
          at WebSocket.connection.events.onclose (/data/Workspace/helios/starwards/node_modules/colyseus.js/src/Room.ts:89:30)
          at callListener (/data/Workspace/helios/starwards/node_modules/colyseus.js/node_modules/ws/lib/event-target.js:290:14)
          at WebSocket.onClose (/data/Workspace/helios/starwards/node_modules/colyseus.js/node_modules/ws/lib/event-target.js:220:9)
          at WebSocket.emit (node:events:524:28)
          at WebSocket.emitClose (/data/Workspace/helios/starwards/node_modules/colyseus.js/node_modules/ws/lib/websocket.js:272:10)
          at Socket.socketOnClose (/data/Workspace/helios/starwards/node_modules/colyseus.js/node_modules/ws/lib/websocket.js:1341:15)
          at Socket.emit (node:events:524:28)
          at TCP.<anonymous> (node:net:343:12)

      at ConnectionManager.onConnectionError (modules/core/src/client/connection-manager.ts:144:21)
          at Array.forEach (<anonymous>)

    console.log
      connection error: TypeError: Cannot read properties of undefined (reading 'decoder')
          at wireEvents (/data/Workspace/helios/starwards/node_modules/colyseus-events/src/wire-events.ts:30:40)
          at /data/Workspace/helios/starwards/modules/core/src/client/admin.ts:20:5
          at processTicksAndRejections (node:internal/process/task_queues:95:5)
          at /data/Workspace/helios/starwards/modules/core/src/client/connection-manager.ts:131:21

      at ConnectionManager.onConnectionError (modules/core/src/client/connection-manager.ts:144:21)

    console.log
      connection error: Error: disconnected from server
          at EventEmitter.<anonymous> (/data/Workspace/helios/starwards/modules/core/src/client/driver.ts:53:58)
          at /data/Workspace/helios/starwards/node_modules/colyseus.js/src/core/signal.ts:15:48
          at Array.forEach (<anonymous>)
          at EventEmitter.invoke (/data/Workspace/helios/starwards/node_modules/colyseus.js/src/core/signal.ts:15:19)
          at Function.register.invoke (/data/Workspace/helios/starwards/node_modules/colyseus.js/src/core/signal.ts:57:81)
          at WebSocket.connection.events.onclose (/data/Workspace/helios/starwards/node_modules/colyseus.js/src/Room.ts:89:30)
          at callListener (/data/Workspace/helios/starwards/node_modules/colyseus.js/node_modules/ws/lib/event-target.js:290:14)
          at WebSocket.onClose (/data/Workspace/helios/starwards/node_modules/colyseus.js/node_modules/ws/lib/event-target.js:220:9)
          at WebSocket.emit (node:events:524:28)
          at WebSocket.emitClose (/data/Workspace/helios/starwards/node_modules/colyseus.js/node_modules/ws/lib/websocket.js:272:10)
          at Socket.socketOnClose (/data/Workspace/helios/starwards/node_modules/colyseus.js/node_modules/ws/lib/websocket.js:1341:15)
          at Socket.emit (node:events:524:28)
          at TCP.<anonymous> (node:net:343:12)

      at ConnectionManager.onConnectionError (modules/core/src/client/connection-manager.ts:144:21)
          at Array.forEach (<anonymous>)

    console.log
      connection error: TypeError: Cannot read properties of undefined (reading 'decoder')
          at wireEvents (/data/Workspace/helios/starwards/node_modules/colyseus-events/src/wire-events.ts:30:40)
          at /data/Workspace/helios/starwards/modules/core/src/client/admin.ts:20:5
          at processTicksAndRejections (node:internal/process/task_queues:95:5)
          at /data/Workspace/helios/starwards/modules/core/src/client/connection-manager.ts:131:21

      at ConnectionManager.onConnectionError (modules/core/src/client/connection-manager.ts:144:21)

    console.log
      connection error: Error: disconnected from server
          at EventEmitter.<anonymous> (/data/Workspace/helios/starwards/modules/core/src/client/driver.ts:53:58)
          at /data/Workspace/helios/starwards/node_modules/colyseus.js/src/core/signal.ts:15:48
          at Array.forEach (<anonymous>)
          at EventEmitter.invoke (/data/Workspace/helios/starwards/node_modules/colyseus.js/src/core/signal.ts:15:19)
          at Function.register.invoke (/data/Workspace/helios/starwards/node_modules/colyseus.js/src/core/signal.ts:57:81)
          at WebSocket.connection.events.onclose (/data/Workspace/helios/starwards/node_modules/colyseus.js/src/Room.ts:89:30)
          at callListener (/data/Workspace/helios/starwards/node_modules/colyseus.js/node_modules/ws/lib/event-target.js:290:14)
          at WebSocket.onClose (/data/Workspace/helios/starwards/node_modules/colyseus.js/node_modules/ws/lib/event-target.js:220:9)
          at WebSocket.emit (node:events:524:28)
          at WebSocket.emitClose (/data/Workspace/helios/starwards/node_modules/colyseus.js/node_modules/ws/lib/websocket.js:272:10)
          at Socket.socketOnClose (/data/Workspace/helios/starwards/node_modules/colyseus.js/node_modules/ws/lib/websocket.js:1341:15)
          at Socket.emit (node:events:524:28)
          at TCP.<anonymous> (node:net:343:12)

      at ConnectionManager.onConnectionError (modules/core/src/client/connection-manager.ts:144:21)
          at Array.forEach (<anonymous>)

    console.log
      connection error: TypeError: Cannot read properties of undefined (reading 'decoder')
          at wireEvents (/data/Workspace/helios/starwards/node_modules/colyseus-events/src/wire-events.ts:30:40)
          at /data/Workspace/helios/starwards/modules/core/src/client/admin.ts:20:5
          at processTicksAndRejections (node:internal/process/task_queues:95:5)
          at /data/Workspace/helios/starwards/modules/core/src/client/connection-manager.ts:131:21

      at ConnectionManager.onConnectionError (modules/core/src/client/connection-manager.ts:144:21)

    console.log
      connection error: Error: disconnected from server
          at EventEmitter.<anonymous> (/data/Workspace/helios/starwards/modules/core/src/client/driver.ts:53:58)
          at /data/Workspace/helios/starwards/node_modules/colyseus.js/src/core/signal.ts:15:48
          at Array.forEach (<anonymous>)
          at EventEmitter.invoke (/data/Workspace/helios/starwards/node_modules/colyseus.js/src/core/signal.ts:15:19)
          at Function.register.invoke (/data/Workspace/helios/starwards/node_modules/colyseus.js/src/core/signal.ts:57:81)
          at WebSocket.connection.events.onclose (/data/Workspace/helios/starwards/node_modules/colyseus.js/src/Room.ts:89:30)
          at callListener (/data/Workspace/helios/starwards/node_modules/colyseus.js/node_modules/ws/lib/event-target.js:290:14)
          at WebSocket.onClose (/data/Workspace/helios/starwards/node_modules/colyseus.js/node_modules/ws/lib/event-target.js:220:9)
          at WebSocket.emit (node:events:524:28)
          at WebSocket.emitClose (/data/Workspace/helios/starwards/node_modules/colyseus.js/node_modules/ws/lib/websocket.js:272:10)
          at Socket.socketOnClose (/data/Workspace/helios/starwards/node_modules/colyseus.js/node_modules/ws/lib/websocket.js:1341:15)
          at Socket.emit (node:events:524:28)
          at TCP.<anonymous> (node:net:343:12)

      at ConnectionManager.onConnectionError (modules/core/src/client/connection-manager.ts:144:21)
          at Array.forEach (<anonymous>)

    console.log
      connection error: TypeError: Cannot read properties of undefined (reading 'decoder')
          at wireEvents (/data/Workspace/helios/starwards/node_modules/colyseus-events/src/wire-events.ts:30:40)
          at /data/Workspace/helios/starwards/modules/core/src/client/admin.ts:20:5
          at processTicksAndRejections (node:internal/process/task_queues:95:5)
          at /data/Workspace/helios/starwards/modules/core/src/client/connection-manager.ts:131:21

      at ConnectionManager.onConnectionError (modules/core/src/client/connection-manager.ts:144:21)

    console.log
      connection error: Error: disconnected from server
          at EventEmitter.<anonymous> (/data/Workspace/helios/starwards/modules/core/src/client/driver.ts:53:58)
          at /data/Workspace/helios/starwards/node_modules/colyseus.js/src/core/signal.ts:15:48
          at Array.forEach (<anonymous>)
          at EventEmitter.invoke (/data/Workspace/helios/starwards/node_modules/colyseus.js/src/core/signal.ts:15:19)
          at Function.register.invoke (/data/Workspace/helios/starwards/node_modules/colyseus.js/src/core/signal.ts:57:81)
          at WebSocket.connection.events.onclose (/data/Workspace/helios/starwards/node_modules/colyseus.js/src/Room.ts:89:30)
          at callListener (/data/Workspace/helios/starwards/node_modules/colyseus.js/node_modules/ws/lib/event-target.js:290:14)
          at WebSocket.onClose (/data/Workspace/helios/starwards/node_modules/colyseus.js/node_modules/ws/lib/event-target.js:220:9)
          at WebSocket.emit (node:events:524:28)
          at WebSocket.emitClose (/data/Workspace/helios/starwards/node_modules/colyseus.js/node_modules/ws/lib/websocket.js:272:10)
          at Socket.socketOnClose (/data/Workspace/helios/starwards/node_modules/colyseus.js/node_modules/ws/lib/websocket.js:1341:15)
          at Socket.emit (node:events:524:28)
          at TCP.<anonymous> (node:net:343:12)

      at ConnectionManager.onConnectionError (modules/core/src/client/connection-manager.ts:144:21)
          at Array.forEach (<anonymous>)

    console.log
      connection error: TypeError: Cannot read properties of undefined (reading 'decoder')
          at wireEvents (/data/Workspace/helios/starwards/node_modules/colyseus-events/src/wire-events.ts:30:40)
          at /data/Workspace/helios/starwards/modules/core/src/client/admin.ts:20:5
          at processTicksAndRejections (node:internal/process/task_queues:95:5)
          at /data/Workspace/helios/starwards/modules/core/src/client/connection-manager.ts:131:21

      at ConnectionManager.onConnectionError (modules/core/src/client/connection-manager.ts:144:21)

    console.log
      connection error: Error: disconnected from server
          at EventEmitter.<anonymous> (/data/Workspace/helios/starwards/modules/core/src/client/driver.ts:53:58)
          at /data/Workspace/helios/starwards/node_modules/colyseus.js/src/core/signal.ts:15:48
          at Array.forEach (<anonymous>)
          at EventEmitter.invoke (/data/Workspace/helios/starwards/node_modules/colyseus.js/src/core/signal.ts:15:19)
          at Function.register.invoke (/data/Workspace/helios/starwards/node_modules/colyseus.js/src/core/signal.ts:57:81)
          at WebSocket.connection.events.onclose (/data/Workspace/helios/starwards/node_modules/colyseus.js/src/Room.ts:89:30)
          at callListener (/data/Workspace/helios/starwards/node_modules/colyseus.js/node_modules/ws/lib/event-target.js:290:14)
          at WebSocket.onClose (/data/Workspace/helios/starwards/node_modules/colyseus.js/node_modules/ws/lib/event-target.js:220:9)
          at WebSocket.emit (node:events:524:28)
          at WebSocket.emitClose (/data/Workspace/helios/starwards/node_modules/colyseus.js/node_modules/ws/lib/websocket.js:272:10)
          at Socket.socketOnClose (/data/Workspace/helios/starwards/node_modules/colyseus.js/node_modules/ws/lib/websocket.js:1341:15)
          at Socket.emit (node:events:524:28)
          at TCP.<anonymous> (node:net:343:12)

      at ConnectionManager.onConnectionError (modules/core/src/client/connection-manager.ts:144:21)
          at Array.forEach (<anonymous>)

    console.log
      connection error: TypeError: Cannot read properties of undefined (reading 'decoder')
          at wireEvents (/data/Workspace/helios/starwards/node_modules/colyseus-events/src/wire-events.ts:30:40)
          at /data/Workspace/helios/starwards/modules/core/src/client/admin.ts:20:5
          at processTicksAndRejections (node:internal/process/task_queues:95:5)
          at /data/Workspace/helios/starwards/modules/core/src/client/connection-manager.ts:131:21

      at ConnectionManager.onConnectionError (modules/core/src/client/connection-manager.ts:144:21)

    console.log
      connection error: Error: disconnected from server
          at EventEmitter.<anonymous> (/data/Workspace/helios/starwards/modules/core/src/client/driver.ts:53:58)
          at /data/Workspace/helios/starwards/node_modules/colyseus.js/src/core/signal.ts:15:48
          at Array.forEach (<anonymous>)
          at EventEmitter.invoke (/data/Workspace/helios/starwards/node_modules/colyseus.js/src/core/signal.ts:15:19)
          at Function.register.invoke (/data/Workspace/helios/starwards/node_modules/colyseus.js/src/core/signal.ts:57:81)
          at WebSocket.connection.events.onclose (/data/Workspace/helios/starwards/node_modules/colyseus.js/src/Room.ts:89:30)
          at callListener (/data/Workspace/helios/starwards/node_modules/colyseus.js/node_modules/ws/lib/event-target.js:290:14)
          at WebSocket.onClose (/data/Workspace/helios/starwards/node_modules/colyseus.js/node_modules/ws/lib/event-target.js:220:9)
          at WebSocket.emit (node:events:524:28)
          at WebSocket.emitClose (/data/Workspace/helios/starwards/node_modules/colyseus.js/node_modules/ws/lib/websocket.js:272:10)
          at Socket.socketOnClose (/data/Workspace/helios/starwards/node_modules/colyseus.js/node_modules/ws/lib/websocket.js:1341:15)
          at Socket.emit (node:events:524:28)
          at TCP.<anonymous> (node:net:343:12)

      at ConnectionManager.onConnectionError (modules/core/src/client/connection-manager.ts:144:21)
          at Array.forEach (<anonymous>)

    console.log
      connection error: TypeError: Cannot read properties of undefined (reading 'decoder')
          at wireEvents (/data/Workspace/helios/starwards/node_modules/colyseus-events/src/wire-events.ts:30:40)
          at /data/Workspace/helios/starwards/modules/core/src/client/admin.ts:20:5
          at processTicksAndRejections (node:internal/process/task_queues:95:5)
          at /data/Workspace/helios/starwards/modules/core/src/client/connection-manager.ts:131:21

      at ConnectionManager.onConnectionError (modules/core/src/client/connection-manager.ts:144:21)

    console.log
      connection error: Error: disconnected from server
          at EventEmitter.<anonymous> (/data/Workspace/helios/starwards/modules/core/src/client/driver.ts:53:58)
          at /data/Workspace/helios/starwards/node_modules/colyseus.js/src/core/signal.ts:15:48
          at Array.forEach (<anonymous>)
          at EventEmitter.invoke (/data/Workspace/helios/starwards/node_modules/colyseus.js/src/core/signal.ts:15:19)
          at Function.register.invoke (/data/Workspace/helios/starwards/node_modules/colyseus.js/src/core/signal.ts:57:81)
          at WebSocket.connection.events.onclose (/data/Workspace/helios/starwards/node_modules/colyseus.js/src/Room.ts:89:30)
          at callListener (/data/Workspace/helios/starwards/node_modules/colyseus.js/node_modules/ws/lib/event-target.js:290:14)
          at WebSocket.onClose (/data/Workspace/helios/starwards/node_modules/colyseus.js/node_modules/ws/lib/event-target.js:220:9)
          at WebSocket.emit (node:events:524:28)
          at WebSocket.emitClose (/data/Workspace/helios/starwards/node_modules/colyseus.js/node_modules/ws/lib/websocket.js:272:10)
          at Socket.socketOnClose (/data/Workspace/helios/starwards/node_modules/colyseus.js/node_modules/ws/lib/websocket.js:1341:15)
          at Socket.emit (node:events:524:28)
          at TCP.<anonymous> (node:net:343:12)

      at ConnectionManager.onConnectionError (modules/core/src/client/connection-manager.ts:144:21)
          at Array.forEach (<anonymous>)

    console.log
      connection error: TypeError: Cannot read properties of undefined (reading 'decoder')
          at wireEvents (/data/Workspace/helios/starwards/node_modules/colyseus-events/src/wire-events.ts:30:40)
          at /data/Workspace/helios/starwards/modules/core/src/client/admin.ts:20:5
          at processTicksAndRejections (node:internal/process/task_queues:95:5)
          at /data/Workspace/helios/starwards/modules/core/src/client/connection-manager.ts:131:21

      at ConnectionManager.onConnectionError (modules/core/src/client/connection-manager.ts:144:21)

    console.log
      connection error: Error: disconnected from server
          at EventEmitter.<anonymous> (/data/Workspace/helios/starwards/modules/core/src/client/driver.ts:53:58)
          at /data/Workspace/helios/starwards/node_modules/colyseus.js/src/core/signal.ts:15:48
          at Array.forEach (<anonymous>)
          at EventEmitter.invoke (/data/Workspace/helios/starwards/node_modules/colyseus.js/src/core/signal.ts:15:19)
          at Function.register.invoke (/data/Workspace/helios/starwards/node_modules/colyseus.js/src/core/signal.ts:57:81)
          at WebSocket.connection.events.onclose (/data/Workspace/helios/starwards/node_modules/colyseus.js/src/Room.ts:89:30)
          at callListener (/data/Workspace/helios/starwards/node_modules/colyseus.js/node_modules/ws/lib/event-target.js:290:14)
          at WebSocket.onClose (/data/Workspace/helios/starwards/node_modules/colyseus.js/node_modules/ws/lib/event-target.js:220:9)
          at WebSocket.emit (node:events:524:28)
          at WebSocket.emitClose (/data/Workspace/helios/starwards/node_modules/colyseus.js/node_modules/ws/lib/websocket.js:272:10)
          at Socket.socketOnClose (/data/Workspace/helios/starwards/node_modules/colyseus.js/node_modules/ws/lib/websocket.js:1341:15)
          at Socket.emit (node:events:524:28)
          at TCP.<anonymous> (node:net:343:12)

      at ConnectionManager.onConnectionError (modules/core/src/client/connection-manager.ts:144:21)
          at Array.forEach (<anonymous>)

    console.log
      connection error: TypeError: Cannot read properties of undefined (reading 'decoder')
          at wireEvents (/data/Workspace/helios/starwards/node_modules/colyseus-events/src/wire-events.ts:30:40)
          at /data/Workspace/helios/starwards/modules/core/src/client/admin.ts:20:5
          at processTicksAndRejections (node:internal/process/task_queues:95:5)
          at /data/Workspace/helios/starwards/modules/core/src/client/connection-manager.ts:131:21

      at ConnectionManager.onConnectionError (modules/core/src/client/connection-manager.ts:144:21)

    console.log
      connection error: Error: disconnected from server
          at EventEmitter.<anonymous> (/data/Workspace/helios/starwards/modules/core/src/client/driver.ts:53:58)
          at /data/Workspace/helios/starwards/node_modules/colyseus.js/src/core/signal.ts:15:48
          at Array.forEach (<anonymous>)
          at EventEmitter.invoke (/data/Workspace/helios/starwards/node_modules/colyseus.js/src/core/signal.ts:15:19)
          at Function.register.invoke (/data/Workspace/helios/starwards/node_modules/colyseus.js/src/core/signal.ts:57:81)
          at WebSocket.connection.events.onclose (/data/Workspace/helios/starwards/node_modules/colyseus.js/src/Room.ts:89:30)
          at callListener (/data/Workspace/helios/starwards/node_modules/colyseus.js/node_modules/ws/lib/event-target.js:290:14)
          at WebSocket.onClose (/data/Workspace/helios/starwards/node_modules/colyseus.js/node_modules/ws/lib/event-target.js:220:9)
          at WebSocket.emit (node:events:524:28)
          at WebSocket.emitClose (/data/Workspace/helios/starwards/node_modules/colyseus.js/node_modules/ws/lib/websocket.js:272:10)
          at Socket.socketOnClose (/data/Workspace/helios/starwards/node_modules/colyseus.js/node_modules/ws/lib/websocket.js:1341:15)
          at Socket.emit (node:events:524:28)
          at TCP.<anonymous> (node:net:343:12)

      at ConnectionManager.onConnectionError (modules/core/src/client/connection-manager.ts:144:21)
          at Array.forEach (<anonymous>)

    console.log
      connection error: TypeError: Cannot read properties of undefined (reading 'decoder')
          at wireEvents (/data/Workspace/helios/starwards/node_modules/colyseus-events/src/wire-events.ts:30:40)
          at /data/Workspace/helios/starwards/modules/core/src/client/admin.ts:20:5
          at processTicksAndRejections (node:internal/process/task_queues:95:5)
          at /data/Workspace/helios/starwards/modules/core/src/client/connection-manager.ts:131:21

      at ConnectionManager.onConnectionError (modules/core/src/client/connection-manager.ts:144:21)

    console.log
      connection error: Error: disconnected from server
          at EventEmitter.<anonymous> (/data/Workspace/helios/starwards/modules/core/src/client/driver.ts:53:58)
          at /data/Workspace/helios/starwards/node_modules/colyseus.js/src/core/signal.ts:15:48
          at Array.forEach (<anonymous>)
          at EventEmitter.invoke (/data/Workspace/helios/starwards/node_modules/colyseus.js/src/core/signal.ts:15:19)
          at Function.register.invoke (/data/Workspace/helios/starwards/node_modules/colyseus.js/src/core/signal.ts:57:81)
          at WebSocket.connection.events.onclose (/data/Workspace/helios/starwards/node_modules/colyseus.js/src/Room.ts:89:30)
          at callListener (/data/Workspace/helios/starwards/node_modules/colyseus.js/node_modules/ws/lib/event-target.js:290:14)
          at WebSocket.onClose (/data/Workspace/helios/starwards/node_modules/colyseus.js/node_modules/ws/lib/event-target.js:220:9)
          at WebSocket.emit (node:events:524:28)
          at WebSocket.emitClose (/data/Workspace/helios/starwards/node_modules/colyseus.js/node_modules/ws/lib/websocket.js:272:10)
          at Socket.socketOnClose (/data/Workspace/helios/starwards/node_modules/colyseus.js/node_modules/ws/lib/websocket.js:1341:15)
          at Socket.emit (node:events:524:28)
          at TCP.<anonymous> (node:net:343:12)

      at ConnectionManager.onConnectionError (modules/core/src/client/connection-manager.ts:144:21)
          at Array.forEach (<anonymous>)

    console.log
      connection error: TypeError: Cannot read properties of undefined (reading 'decoder')
          at wireEvents (/data/Workspace/helios/starwards/node_modules/colyseus-events/src/wire-events.ts:30:40)
          at /data/Workspace/helios/starwards/modules/core/src/client/admin.ts:20:5
          at processTicksAndRejections (node:internal/process/task_queues:95:5)
          at /data/Workspace/helios/starwards/modules/core/src/client/connection-manager.ts:131:21

      at ConnectionManager.onConnectionError (modules/core/src/client/connection-manager.ts:144:21)

    console.log
      connection error: Error: disconnected from server
          at EventEmitter.<anonymous> (/data/Workspace/helios/starwards/modules/core/src/client/driver.ts:53:58)
          at /data/Workspace/helios/starwards/node_modules/colyseus.js/src/core/signal.ts:15:48
          at Array.forEach (<anonymous>)
          at EventEmitter.invoke (/data/Workspace/helios/starwards/node_modules/colyseus.js/src/core/signal.ts:15:19)
          at Function.register.invoke (/data/Workspace/helios/starwards/node_modules/colyseus.js/src/core/signal.ts:57:81)
          at WebSocket.connection.events.onclose (/data/Workspace/helios/starwards/node_modules/colyseus.js/src/Room.ts:89:30)
          at callListener (/data/Workspace/helios/starwards/node_modules/colyseus.js/node_modules/ws/lib/event-target.js:290:14)
          at WebSocket.onClose (/data/Workspace/helios/starwards/node_modules/colyseus.js/node_modules/ws/lib/event-target.js:220:9)
          at WebSocket.emit (node:events:524:28)
          at WebSocket.emitClose (/data/Workspace/helios/starwards/node_modules/colyseus.js/node_modules/ws/lib/websocket.js:272:10)
          at Socket.socketOnClose (/data/Workspace/helios/starwards/node_modules/colyseus.js/node_modules/ws/lib/websocket.js:1341:15)
          at Socket.emit (node:events:524:28)
          at TCP.<anonymous> (node:net:343:12)

      at ConnectionManager.onConnectionError (modules/core/src/client/connection-manager.ts:144:21)
          at Array.forEach (<anonymous>)

    console.log
      connection error: TypeError: Cannot read properties of undefined (reading 'decoder')
          at wireEvents (/data/Workspace/helios/starwards/node_modules/colyseus-events/src/wire-events.ts:30:40)
          at /data/Workspace/helios/starwards/modules/core/src/client/admin.ts:20:5
          at processTicksAndRejections (node:internal/process/task_queues:95:5)
          at /data/Workspace/helios/starwards/modules/core/src/client/connection-manager.ts:131:21

      at ConnectionManager.onConnectionError (modules/core/src/client/connection-manager.ts:144:21)

    console.log
      connection error: Error: disconnected from server
          at EventEmitter.<anonymous> (/data/Workspace/helios/starwards/modules/core/src/client/driver.ts:53:58)
          at /data/Workspace/helios/starwards/node_modules/colyseus.js/src/core/signal.ts:15:48
          at Array.forEach (<anonymous>)
          at EventEmitter.invoke (/data/Workspace/helios/starwards/node_modules/colyseus.js/src/core/signal.ts:15:19)
          at Function.register.invoke (/data/Workspace/helios/starwards/node_modules/colyseus.js/src/core/signal.ts:57:81)
          at WebSocket.connection.events.onclose (/data/Workspace/helios/starwards/node_modules/colyseus.js/src/Room.ts:89:30)
          at callListener (/data/Workspace/helios/starwards/node_modules/colyseus.js/node_modules/ws/lib/event-target.js:290:14)
          at WebSocket.onClose (/data/Workspace/helios/starwards/node_modules/colyseus.js/node_modules/ws/lib/event-target.js:220:9)
          at WebSocket.emit (node:events:524:28)
          at WebSocket.emitClose (/data/Workspace/helios/starwards/node_modules/colyseus.js/node_modules/ws/lib/websocket.js:272:10)
          at Socket.socketOnClose (/data/Workspace/helios/starwards/node_modules/colyseus.js/node_modules/ws/lib/websocket.js:1341:15)
          at Socket.emit (node:events:524:28)
          at TCP.<anonymous> (node:net:343:12)

      at ConnectionManager.onConnectionError (modules/core/src/client/connection-manager.ts:144:21)
          at Array.forEach (<anonymous>)

    console.log
      connection error: TypeError: Cannot read properties of undefined (reading 'decoder')
          at wireEvents (/data/Workspace/helios/starwards/node_modules/colyseus-events/src/wire-events.ts:30:40)
          at /data/Workspace/helios/starwards/modules/core/src/client/admin.ts:20:5
          at processTicksAndRejections (node:internal/process/task_queues:95:5)
          at /data/Workspace/helios/starwards/modules/core/src/client/connection-manager.ts:131:21

      at ConnectionManager.onConnectionError (modules/core/src/client/connection-manager.ts:144:21)

    console.log
      connection error: Error: disconnected from server
          at EventEmitter.<anonymous> (/data/Workspace/helios/starwards/modules/core/src/client/driver.ts:53:58)
          at /data/Workspace/helios/starwards/node_modules/colyseus.js/src/core/signal.ts:15:48
          at Array.forEach (<anonymous>)
          at EventEmitter.invoke (/data/Workspace/helios/starwards/node_modules/colyseus.js/src/core/signal.ts:15:19)
          at Function.register.invoke (/data/Workspace/helios/starwards/node_modules/colyseus.js/src/core/signal.ts:57:81)
          at WebSocket.connection.events.onclose (/data/Workspace/helios/starwards/node_modules/colyseus.js/src/Room.ts:89:30)
          at callListener (/data/Workspace/helios/starwards/node_modules/colyseus.js/node_modules/ws/lib/event-target.js:290:14)
          at WebSocket.onClose (/data/Workspace/helios/starwards/node_modules/colyseus.js/node_modules/ws/lib/event-target.js:220:9)
          at WebSocket.emit (node:events:524:28)
          at WebSocket.emitClose (/data/Workspace/helios/starwards/node_modules/colyseus.js/node_modules/ws/lib/websocket.js:272:10)
          at Socket.socketOnClose (/data/Workspace/helios/starwards/node_modules/colyseus.js/node_modules/ws/lib/websocket.js:1341:15)
          at Socket.emit (node:events:524:28)
          at TCP.<anonymous> (node:net:343:12)

      at ConnectionManager.onConnectionError (modules/core/src/client/connection-manager.ts:144:21)
          at Array.forEach (<anonymous>)

    console.log
      connection error: TypeError: Cannot read properties of undefined (reading 'decoder')
          at wireEvents (/data/Workspace/helios/starwards/node_modules/colyseus-events/src/wire-events.ts:30:40)
          at /data/Workspace/helios/starwards/modules/core/src/client/admin.ts:20:5
          at processTicksAndRejections (node:internal/process/task_queues:95:5)
          at /data/Workspace/helios/starwards/modules/core/src/client/connection-manager.ts:131:21

      at ConnectionManager.onConnectionError (modules/core/src/client/connection-manager.ts:144:21)

    console.log
      connection error: Error: disconnected from server
          at EventEmitter.<anonymous> (/data/Workspace/helios/starwards/modules/core/src/client/driver.ts:53:58)
          at /data/Workspace/helios/starwards/node_modules/colyseus.js/src/core/signal.ts:15:48
          at Array.forEach (<anonymous>)
          at EventEmitter.invoke (/data/Workspace/helios/starwards/node_modules/colyseus.js/src/core/signal.ts:15:19)
          at Function.register.invoke (/data/Workspace/helios/starwards/node_modules/colyseus.js/src/core/signal.ts:57:81)
          at WebSocket.connection.events.onclose (/data/Workspace/helios/starwards/node_modules/colyseus.js/src/Room.ts:89:30)
          at callListener (/data/Workspace/helios/starwards/node_modules/colyseus.js/node_modules/ws/lib/event-target.js:290:14)
          at WebSocket.onClose (/data/Workspace/helios/starwards/node_modules/colyseus.js/node_modules/ws/lib/event-target.js:220:9)
          at WebSocket.emit (node:events:524:28)
          at WebSocket.emitClose (/data/Workspace/helios/starwards/node_modules/colyseus.js/node_modules/ws/lib/websocket.js:272:10)
          at Socket.socketOnClose (/data/Workspace/helios/starwards/node_modules/colyseus.js/node_modules/ws/lib/websocket.js:1341:15)
          at Socket.emit (node:events:524:28)
          at TCP.<anonymous> (node:net:343:12)

      at ConnectionManager.onConnectionError (modules/core/src/client/connection-manager.ts:144:21)
          at Array.forEach (<anonymous>)

    console.log
      connection error: TypeError: Cannot read properties of undefined (reading 'decoder')
          at wireEvents (/data/Workspace/helios/starwards/node_modules/colyseus-events/src/wire-events.ts:30:40)
          at /data/Workspace/helios/starwards/modules/core/src/client/admin.ts:20:5
          at processTicksAndRejections (node:internal/process/task_queues:95:5)
          at /data/Workspace/helios/starwards/modules/core/src/client/connection-manager.ts:131:21

      at ConnectionManager.onConnectionError (modules/core/src/client/connection-manager.ts:144:21)

    console.log
      connection error: Error: disconnected from server
          at EventEmitter.<anonymous> (/data/Workspace/helios/starwards/modules/core/src/client/driver.ts:53:58)
          at /data/Workspace/helios/starwards/node_modules/colyseus.js/src/core/signal.ts:15:48
          at Array.forEach (<anonymous>)
          at EventEmitter.invoke (/data/Workspace/helios/starwards/node_modules/colyseus.js/src/core/signal.ts:15:19)
          at Function.register.invoke (/data/Workspace/helios/starwards/node_modules/colyseus.js/src/core/signal.ts:57:81)
          at WebSocket.connection.events.onclose (/data/Workspace/helios/starwards/node_modules/colyseus.js/src/Room.ts:89:30)
          at callListener (/data/Workspace/helios/starwards/node_modules/colyseus.js/node_modules/ws/lib/event-target.js:290:14)
          at WebSocket.onClose (/data/Workspace/helios/starwards/node_modules/colyseus.js/node_modules/ws/lib/event-target.js:220:9)
          at WebSocket.emit (node:events:524:28)
          at WebSocket.emitClose (/data/Workspace/helios/starwards/node_modules/colyseus.js/node_modules/ws/lib/websocket.js:272:10)
          at Socket.socketOnClose (/data/Workspace/helios/starwards/node_modules/colyseus.js/node_modules/ws/lib/websocket.js:1341:15)
          at Socket.emit (node:events:524:28)
          at TCP.<anonymous> (node:net:343:12)

      at ConnectionManager.onConnectionError (modules/core/src/client/connection-manager.ts:144:21)
          at Array.forEach (<anonymous>)

    console.log
      connection error: TypeError: Cannot read properties of undefined (reading 'decoder')
          at wireEvents (/data/Workspace/helios/starwards/node_modules/colyseus-events/src/wire-events.ts:30:40)
          at /data/Workspace/helios/starwards/modules/core/src/client/admin.ts:20:5
          at processTicksAndRejections (node:internal/process/task_queues:95:5)
          at /data/Workspace/helios/starwards/modules/core/src/client/connection-manager.ts:131:21

      at ConnectionManager.onConnectionError (modules/core/src/client/connection-manager.ts:144:21)

    console.log
      connection error: Error: disconnected from server
          at EventEmitter.<anonymous> (/data/Workspace/helios/starwards/modules/core/src/client/driver.ts:53:58)
          at /data/Workspace/helios/starwards/node_modules/colyseus.js/src/core/signal.ts:15:48
          at Array.forEach (<anonymous>)
          at EventEmitter.invoke (/data/Workspace/helios/starwards/node_modules/colyseus.js/src/core/signal.ts:15:19)
          at Function.register.invoke (/data/Workspace/helios/starwards/node_modules/colyseus.js/src/core/signal.ts:57:81)
          at WebSocket.connection.events.onclose (/data/Workspace/helios/starwards/node_modules/colyseus.js/src/Room.ts:89:30)
          at callListener (/data/Workspace/helios/starwards/node_modules/colyseus.js/node_modules/ws/lib/event-target.js:290:14)
          at WebSocket.onClose (/data/Workspace/helios/starwards/node_modules/colyseus.js/node_modules/ws/lib/event-target.js:220:9)
          at WebSocket.emit (node:events:524:28)
          at WebSocket.emitClose (/data/Workspace/helios/starwards/node_modules/colyseus.js/node_modules/ws/lib/websocket.js:272:10)
          at Socket.socketOnClose (/data/Workspace/helios/starwards/node_modules/colyseus.js/node_modules/ws/lib/websocket.js:1341:15)
          at Socket.emit (node:events:524:28)
          at TCP.<anonymous> (node:net:343:12)

      at ConnectionManager.onConnectionError (modules/core/src/client/connection-manager.ts:144:21)
          at Array.forEach (<anonymous>)

    console.log
      connection error: TypeError: Cannot read properties of undefined (reading 'decoder')
          at wireEvents (/data/Workspace/helios/starwards/node_modules/colyseus-events/src/wire-events.ts:30:40)
          at /data/Workspace/helios/starwards/modules/core/src/client/admin.ts:20:5
          at processTicksAndRejections (node:internal/process/task_queues:95:5)
          at /data/Workspace/helios/starwards/modules/core/src/client/connection-manager.ts:131:21

      at ConnectionManager.onConnectionError (modules/core/src/client/connection-manager.ts:144:21)

    console.log
      connection error: Error: disconnected from server
          at EventEmitter.<anonymous> (/data/Workspace/helios/starwards/modules/core/src/client/driver.ts:53:58)
          at /data/Workspace/helios/starwards/node_modules/colyseus.js/src/core/signal.ts:15:48
          at Array.forEach (<anonymous>)
          at EventEmitter.invoke (/data/Workspace/helios/starwards/node_modules/colyseus.js/src/core/signal.ts:15:19)
          at Function.register.invoke (/data/Workspace/helios/starwards/node_modules/colyseus.js/src/core/signal.ts:57:81)
          at WebSocket.connection.events.onclose (/data/Workspace/helios/starwards/node_modules/colyseus.js/src/Room.ts:89:30)
          at callListener (/data/Workspace/helios/starwards/node_modules/colyseus.js/node_modules/ws/lib/event-target.js:290:14)
          at WebSocket.onClose (/data/Workspace/helios/starwards/node_modules/colyseus.js/node_modules/ws/lib/event-target.js:220:9)
          at WebSocket.emit (node:events:524:28)
          at WebSocket.emitClose (/data/Workspace/helios/starwards/node_modules/colyseus.js/node_modules/ws/lib/websocket.js:272:10)
          at Socket.socketOnClose (/data/Workspace/helios/starwards/node_modules/colyseus.js/node_modules/ws/lib/websocket.js:1341:15)
          at Socket.emit (node:events:524:28)
          at TCP.<anonymous> (node:net:343:12)

      at ConnectionManager.onConnectionError (modules/core/src/client/connection-manager.ts:144:21)
          at Array.forEach (<anonymous>)

    console.log
      connection error: TypeError: Cannot read properties of undefined (reading 'decoder')
          at wireEvents (/data/Workspace/helios/starwards/node_modules/colyseus-events/src/wire-events.ts:30:40)
          at /data/Workspace/helios/starwards/modules/core/src/client/admin.ts:20:5
          at processTicksAndRejections (node:internal/process/task_queues:95:5)
          at /data/Workspace/helios/starwards/modules/core/src/client/connection-manager.ts:131:21

      at ConnectionManager.onConnectionError (modules/core/src/client/connection-manager.ts:144:21)

    console.log
      connection error: Error: disconnected from server
          at EventEmitter.<anonymous> (/data/Workspace/helios/starwards/modules/core/src/client/driver.ts:53:58)
          at /data/Workspace/helios/starwards/node_modules/colyseus.js/src/core/signal.ts:15:48
          at Array.forEach (<anonymous>)
          at EventEmitter.invoke (/data/Workspace/helios/starwards/node_modules/colyseus.js/src/core/signal.ts:15:19)
          at Function.register.invoke (/data/Workspace/helios/starwards/node_modules/colyseus.js/src/core/signal.ts:57:81)
          at WebSocket.connection.events.onclose (/data/Workspace/helios/starwards/node_modules/colyseus.js/src/Room.ts:89:30)
          at callListener (/data/Workspace/helios/starwards/node_modules/colyseus.js/node_modules/ws/lib/event-target.js:290:14)
          at WebSocket.onClose (/data/Workspace/helios/starwards/node_modules/colyseus.js/node_modules/ws/lib/event-target.js:220:9)
          at WebSocket.emit (node:events:524:28)
          at WebSocket.emitClose (/data/Workspace/helios/starwards/node_modules/colyseus.js/node_modules/ws/lib/websocket.js:272:10)
          at Socket.socketOnClose (/data/Workspace/helios/starwards/node_modules/colyseus.js/node_modules/ws/lib/websocket.js:1341:15)
          at Socket.emit (node:events:524:28)
          at TCP.<anonymous> (node:net:343:12)

      at ConnectionManager.onConnectionError (modules/core/src/client/connection-manager.ts:144:21)
          at Array.forEach (<anonymous>)

    console.log
      connection error: TypeError: Cannot read properties of undefined (reading 'decoder')
          at wireEvents (/data/Workspace/helios/starwards/node_modules/colyseus-events/src/wire-events.ts:30:40)
          at /data/Workspace/helios/starwards/modules/core/src/client/admin.ts:20:5
          at processTicksAndRejections (node:internal/process/task_queues:95:5)
          at /data/Workspace/helios/starwards/modules/core/src/client/connection-manager.ts:131:21

      at ConnectionManager.onConnectionError (modules/core/src/client/connection-manager.ts:144:21)

    console.log
      connection error: Error: disconnected from server
          at EventEmitter.<anonymous> (/data/Workspace/helios/starwards/modules/core/src/client/driver.ts:53:58)
          at /data/Workspace/helios/starwards/node_modules/colyseus.js/src/core/signal.ts:15:48
          at Array.forEach (<anonymous>)
          at EventEmitter.invoke (/data/Workspace/helios/starwards/node_modules/colyseus.js/src/core/signal.ts:15:19)
          at Function.register.invoke (/data/Workspace/helios/starwards/node_modules/colyseus.js/src/core/signal.ts:57:81)
          at WebSocket.connection.events.onclose (/data/Workspace/helios/starwards/node_modules/colyseus.js/src/Room.ts:89:30)
          at callListener (/data/Workspace/helios/starwards/node_modules/colyseus.js/node_modules/ws/lib/event-target.js:290:14)
          at WebSocket.onClose (/data/Workspace/helios/starwards/node_modules/colyseus.js/node_modules/ws/lib/event-target.js:220:9)
          at WebSocket.emit (node:events:524:28)
          at WebSocket.emitClose (/data/Workspace/helios/starwards/node_modules/colyseus.js/node_modules/ws/lib/websocket.js:272:10)
          at Socket.socketOnClose (/data/Workspace/helios/starwards/node_modules/colyseus.js/node_modules/ws/lib/websocket.js:1341:15)
          at Socket.emit (node:events:524:28)
          at TCP.<anonymous> (node:net:343:12)

      at ConnectionManager.onConnectionError (modules/core/src/client/connection-manager.ts:144:21)
          at Array.forEach (<anonymous>)

    console.log
      connection error: TypeError: Cannot read properties of undefined (reading 'decoder')
          at wireEvents (/data/Workspace/helios/starwards/node_modules/colyseus-events/src/wire-events.ts:30:40)
          at /data/Workspace/helios/starwards/modules/core/src/client/admin.ts:20:5
          at processTicksAndRejections (node:internal/process/task_queues:95:5)
          at /data/Workspace/helios/starwards/modules/core/src/client/connection-manager.ts:131:21

      at ConnectionManager.onConnectionError (modules/core/src/client/connection-manager.ts:144:21)

    console.log
      connection error: Error: disconnected from server
          at EventEmitter.<anonymous> (/data/Workspace/helios/starwards/modules/core/src/client/driver.ts:53:58)
          at /data/Workspace/helios/starwards/node_modules/colyseus.js/src/core/signal.ts:15:48
          at Array.forEach (<anonymous>)
          at EventEmitter.invoke (/data/Workspace/helios/starwards/node_modules/colyseus.js/src/core/signal.ts:15:19)
          at Function.register.invoke (/data/Workspace/helios/starwards/node_modules/colyseus.js/src/core/signal.ts:57:81)
          at WebSocket.connection.events.onclose (/data/Workspace/helios/starwards/node_modules/colyseus.js/src/Room.ts:89:30)
          at callListener (/data/Workspace/helios/starwards/node_modules/colyseus.js/node_modules/ws/lib/event-target.js:290:14)
          at WebSocket.onClose (/data/Workspace/helios/starwards/node_modules/colyseus.js/node_modules/ws/lib/event-target.js:220:9)
          at WebSocket.emit (node:events:524:28)
          at WebSocket.emitClose (/data/Workspace/helios/starwards/node_modules/colyseus.js/node_modules/ws/lib/websocket.js:272:10)
          at Socket.socketOnClose (/data/Workspace/helios/starwards/node_modules/colyseus.js/node_modules/ws/lib/websocket.js:1341:15)
          at Socket.emit (node:events:524:28)
          at TCP.<anonymous> (node:net:343:12)

      at ConnectionManager.onConnectionError (modules/core/src/client/connection-manager.ts:144:21)
          at Array.forEach (<anonymous>)

    console.log
      connection error: TypeError: Cannot read properties of undefined (reading 'decoder')
          at wireEvents (/data/Workspace/helios/starwards/node_modules/colyseus-events/src/wire-events.ts:30:40)
          at /data/Workspace/helios/starwards/modules/core/src/client/admin.ts:20:5
          at processTicksAndRejections (node:internal/process/task_queues:95:5)
          at /data/Workspace/helios/starwards/modules/core/src/client/connection-manager.ts:131:21

      at ConnectionManager.onConnectionError (modules/core/src/client/connection-manager.ts:144:21)

    console.log
      connection error: Error: disconnected from server
          at EventEmitter.<anonymous> (/data/Workspace/helios/starwards/modules/core/src/client/driver.ts:53:58)
          at /data/Workspace/helios/starwards/node_modules/colyseus.js/src/core/signal.ts:15:48
          at Array.forEach (<anonymous>)
          at EventEmitter.invoke (/data/Workspace/helios/starwards/node_modules/colyseus.js/src/core/signal.ts:15:19)
          at Function.register.invoke (/data/Workspace/helios/starwards/node_modules/colyseus.js/src/core/signal.ts:57:81)
          at WebSocket.connection.events.onclose (/data/Workspace/helios/starwards/node_modules/colyseus.js/src/Room.ts:89:30)
          at callListener (/data/Workspace/helios/starwards/node_modules/colyseus.js/node_modules/ws/lib/event-target.js:290:14)
          at WebSocket.onClose (/data/Workspace/helios/starwards/node_modules/colyseus.js/node_modules/ws/lib/event-target.js:220:9)
          at WebSocket.emit (node:events:524:28)
          at WebSocket.emitClose (/data/Workspace/helios/starwards/node_modules/colyseus.js/node_modules/ws/lib/websocket.js:272:10)
          at Socket.socketOnClose (/data/Workspace/helios/starwards/node_modules/colyseus.js/node_modules/ws/lib/websocket.js:1341:15)
          at Socket.emit (node:events:524:28)
          at TCP.<anonymous> (node:net:343:12)

      at ConnectionManager.onConnectionError (modules/core/src/client/connection-manager.ts:144:21)
          at Array.forEach (<anonymous>)

    console.log
      connection error: TypeError: Cannot read properties of undefined (reading 'decoder')
          at wireEvents (/data/Workspace/helios/starwards/node_modules/colyseus-events/src/wire-events.ts:30:40)
          at /data/Workspace/helios/starwards/modules/core/src/client/admin.ts:20:5
          at processTicksAndRejections (node:internal/process/task_queues:95:5)
          at /data/Workspace/helios/starwards/modules/core/src/client/connection-manager.ts:131:21

      at ConnectionManager.onConnectionError (modules/core/src/client/connection-manager.ts:144:21)

    console.log
      connection error: Error: disconnected from server
          at EventEmitter.<anonymous> (/data/Workspace/helios/starwards/modules/core/src/client/driver.ts:53:58)
          at /data/Workspace/helios/starwards/node_modules/colyseus.js/src/core/signal.ts:15:48
          at Array.forEach (<anonymous>)
          at EventEmitter.invoke (/data/Workspace/helios/starwards/node_modules/colyseus.js/src/core/signal.ts:15:19)
          at Function.register.invoke (/data/Workspace/helios/starwards/node_modules/colyseus.js/src/core/signal.ts:57:81)
          at WebSocket.connection.events.onclose (/data/Workspace/helios/starwards/node_modules/colyseus.js/src/Room.ts:89:30)
          at callListener (/data/Workspace/helios/starwards/node_modules/colyseus.js/node_modules/ws/lib/event-target.js:290:14)
          at WebSocket.onClose (/data/Workspace/helios/starwards/node_modules/colyseus.js/node_modules/ws/lib/event-target.js:220:9)
          at WebSocket.emit (node:events:524:28)
          at WebSocket.emitClose (/data/Workspace/helios/starwards/node_modules/colyseus.js/node_modules/ws/lib/websocket.js:272:10)
          at Socket.socketOnClose (/data/Workspace/helios/starwards/node_modules/colyseus.js/node_modules/ws/lib/websocket.js:1341:15)
          at Socket.emit (node:events:524:28)
          at TCP.<anonymous> (node:net:343:12)

      at ConnectionManager.onConnectionError (modules/core/src/client/connection-manager.ts:144:21)
          at Array.forEach (<anonymous>)

    console.log
      connection error: TypeError: Cannot read properties of undefined (reading 'decoder')
          at wireEvents (/data/Workspace/helios/starwards/node_modules/colyseus-events/src/wire-events.ts:30:40)
          at /data/Workspace/helios/starwards/modules/core/src/client/admin.ts:20:5
          at processTicksAndRejections (node:internal/process/task_queues:95:5)
          at /data/Workspace/helios/starwards/modules/core/src/client/connection-manager.ts:131:21

      at ConnectionManager.onConnectionError (modules/core/src/client/connection-manager.ts:144:21)

    console.log
      connection error: Error: disconnected from server
          at EventEmitter.<anonymous> (/data/Workspace/helios/starwards/modules/core/src/client/driver.ts:53:58)
          at /data/Workspace/helios/starwards/node_modules/colyseus.js/src/core/signal.ts:15:48
          at Array.forEach (<anonymous>)
          at EventEmitter.invoke (/data/Workspace/helios/starwards/node_modules/colyseus.js/src/core/signal.ts:15:19)
          at Function.register.invoke (/data/Workspace/helios/starwards/node_modules/colyseus.js/src/core/signal.ts:57:81)
          at WebSocket.connection.events.onclose (/data/Workspace/helios/starwards/node_modules/colyseus.js/src/Room.ts:89:30)
          at callListener (/data/Workspace/helios/starwards/node_modules/colyseus.js/node_modules/ws/lib/event-target.js:290:14)
          at WebSocket.onClose (/data/Workspace/helios/starwards/node_modules/colyseus.js/node_modules/ws/lib/event-target.js:220:9)
          at WebSocket.emit (node:events:524:28)
          at WebSocket.emitClose (/data/Workspace/helios/starwards/node_modules/colyseus.js/node_modules/ws/lib/websocket.js:272:10)
          at Socket.socketOnClose (/data/Workspace/helios/starwards/node_modules/colyseus.js/node_modules/ws/lib/websocket.js:1341:15)
          at Socket.emit (node:events:524:28)
          at TCP.<anonymous> (node:net:343:12)

      at ConnectionManager.onConnectionError (modules/core/src/client/connection-manager.ts:144:21)
          at Array.forEach (<anonymous>)

    console.log
      connection error: TypeError: Cannot read properties of undefined (reading 'decoder')
          at wireEvents (/data/Workspace/helios/starwards/node_modules/colyseus-events/src/wire-events.ts:30:40)
          at /data/Workspace/helios/starwards/modules/core/src/client/admin.ts:20:5
          at processTicksAndRejections (node:internal/process/task_queues:95:5)
          at /data/Workspace/helios/starwards/modules/core/src/client/connection-manager.ts:131:21

      at ConnectionManager.onConnectionError (modules/core/src/client/connection-manager.ts:144:21)

    console.log
      connection error: Error: disconnected from server
          at EventEmitter.<anonymous> (/data/Workspace/helios/starwards/modules/core/src/client/driver.ts:53:58)
          at /data/Workspace/helios/starwards/node_modules/colyseus.js/src/core/signal.ts:15:48
          at Array.forEach (<anonymous>)
          at EventEmitter.invoke (/data/Workspace/helios/starwards/node_modules/colyseus.js/src/core/signal.ts:15:19)
          at Function.register.invoke (/data/Workspace/helios/starwards/node_modules/colyseus.js/src/core/signal.ts:57:81)
          at WebSocket.connection.events.onclose (/data/Workspace/helios/starwards/node_modules/colyseus.js/src/Room.ts:89:30)
          at callListener (/data/Workspace/helios/starwards/node_modules/colyseus.js/node_modules/ws/lib/event-target.js:290:14)
          at WebSocket.onClose (/data/Workspace/helios/starwards/node_modules/colyseus.js/node_modules/ws/lib/event-target.js:220:9)
          at WebSocket.emit (node:events:524:28)
          at WebSocket.emitClose (/data/Workspace/helios/starwards/node_modules/colyseus.js/node_modules/ws/lib/websocket.js:272:10)
          at Socket.socketOnClose (/data/Workspace/helios/starwards/node_modules/colyseus.js/node_modules/ws/lib/websocket.js:1341:15)
          at Socket.emit (node:events:524:28)
          at TCP.<anonymous> (node:net:343:12)

      at ConnectionManager.onConnectionError (modules/core/src/client/connection-manager.ts:144:21)
          at Array.forEach (<anonymous>)

    console.log
      connection error: TypeError: Cannot read properties of undefined (reading 'decoder')
          at wireEvents (/data/Workspace/helios/starwards/node_modules/colyseus-events/src/wire-events.ts:30:40)
          at /data/Workspace/helios/starwards/modules/core/src/client/admin.ts:20:5
          at processTicksAndRejections (node:internal/process/task_queues:95:5)
          at /data/Workspace/helios/starwards/modules/core/src/client/connection-manager.ts:131:21

      at ConnectionManager.onConnectionError (modules/core/src/client/connection-manager.ts:144:21)

    console.log
      connection error: Error: disconnected from server
          at EventEmitter.<anonymous> (/data/Workspace/helios/starwards/modules/core/src/client/driver.ts:53:58)
          at /data/Workspace/helios/starwards/node_modules/colyseus.js/src/core/signal.ts:15:48
          at Array.forEach (<anonymous>)
          at EventEmitter.invoke (/data/Workspace/helios/starwards/node_modules/colyseus.js/src/core/signal.ts:15:19)
          at Function.register.invoke (/data/Workspace/helios/starwards/node_modules/colyseus.js/src/core/signal.ts:57:81)
          at WebSocket.connection.events.onclose (/data/Workspace/helios/starwards/node_modules/colyseus.js/src/Room.ts:89:30)
          at callListener (/data/Workspace/helios/starwards/node_modules/colyseus.js/node_modules/ws/lib/event-target.js:290:14)
          at WebSocket.onClose (/data/Workspace/helios/starwards/node_modules/colyseus.js/node_modules/ws/lib/event-target.js:220:9)
          at WebSocket.emit (node:events:524:28)
          at WebSocket.emitClose (/data/Workspace/helios/starwards/node_modules/colyseus.js/node_modules/ws/lib/websocket.js:272:10)
          at Socket.socketOnClose (/data/Workspace/helios/starwards/node_modules/colyseus.js/node_modules/ws/lib/websocket.js:1341:15)
          at Socket.emit (node:events:524:28)
          at TCP.<anonymous> (node:net:343:12)

      at ConnectionManager.onConnectionError (modules/core/src/client/connection-manager.ts:144:21)
          at Array.forEach (<anonymous>)

    console.log
      connection error: TypeError: Cannot read properties of undefined (reading 'decoder')
          at wireEvents (/data/Workspace/helios/starwards/node_modules/colyseus-events/src/wire-events.ts:30:40)
          at /data/Workspace/helios/starwards/modules/core/src/client/admin.ts:20:5
          at processTicksAndRejections (node:internal/process/task_queues:95:5)
          at /data/Workspace/helios/starwards/modules/core/src/client/connection-manager.ts:131:21

      at ConnectionManager.onConnectionError (modules/core/src/client/connection-manager.ts:144:21)

    console.log
      connection error: Error: disconnected from server
          at EventEmitter.<anonymous> (/data/Workspace/helios/starwards/modules/core/src/client/driver.ts:53:58)
          at /data/Workspace/helios/starwards/node_modules/colyseus.js/src/core/signal.ts:15:48
          at Array.forEach (<anonymous>)
          at EventEmitter.invoke (/data/Workspace/helios/starwards/node_modules/colyseus.js/src/core/signal.ts:15:19)
          at Function.register.invoke (/data/Workspace/helios/starwards/node_modules/colyseus.js/src/core/signal.ts:57:81)
          at WebSocket.connection.events.onclose (/data/Workspace/helios/starwards/node_modules/colyseus.js/src/Room.ts:89:30)
          at callListener (/data/Workspace/helios/starwards/node_modules/colyseus.js/node_modules/ws/lib/event-target.js:290:14)
          at WebSocket.onClose (/data/Workspace/helios/starwards/node_modules/colyseus.js/node_modules/ws/lib/event-target.js:220:9)
          at WebSocket.emit (node:events:524:28)
          at WebSocket.emitClose (/data/Workspace/helios/starwards/node_modules/colyseus.js/node_modules/ws/lib/websocket.js:272:10)
          at Socket.socketOnClose (/data/Workspace/helios/starwards/node_modules/colyseus.js/node_modules/ws/lib/websocket.js:1341:15)
          at Socket.emit (node:events:524:28)
          at TCP.<anonymous> (node:net:343:12)

      at ConnectionManager.onConnectionError (modules/core/src/client/connection-manager.ts:144:21)
          at Array.forEach (<anonymous>)

    console.log
      connection error: TypeError: Cannot read properties of undefined (reading 'decoder')
          at wireEvents (/data/Workspace/helios/starwards/node_modules/colyseus-events/src/wire-events.ts:30:40)
          at /data/Workspace/helios/starwards/modules/core/src/client/admin.ts:20:5
          at processTicksAndRejections (node:internal/process/task_queues:95:5)
          at /data/Workspace/helios/starwards/modules/core/src/client/connection-manager.ts:131:21

      at ConnectionManager.onConnectionError (modules/core/src/client/connection-manager.ts:144:21)

    console.log
      connection error: Error: disconnected from server
          at EventEmitter.<anonymous> (/data/Workspace/helios/starwards/modules/core/src/client/driver.ts:53:58)
          at /data/Workspace/helios/starwards/node_modules/colyseus.js/src/core/signal.ts:15:48
          at Array.forEach (<anonymous>)
          at EventEmitter.invoke (/data/Workspace/helios/starwards/node_modules/colyseus.js/src/core/signal.ts:15:19)
          at Function.register.invoke (/data/Workspace/helios/starwards/node_modules/colyseus.js/src/core/signal.ts:57:81)
          at WebSocket.connection.events.onclose (/data/Workspace/helios/starwards/node_modules/colyseus.js/src/Room.ts:89:30)
          at callListener (/data/Workspace/helios/starwards/node_modules/colyseus.js/node_modules/ws/lib/event-target.js:290:14)
          at WebSocket.onClose (/data/Workspace/helios/starwards/node_modules/colyseus.js/node_modules/ws/lib/event-target.js:220:9)
          at WebSocket.emit (node:events:524:28)
          at WebSocket.emitClose (/data/Workspace/helios/starwards/node_modules/colyseus.js/node_modules/ws/lib/websocket.js:272:10)
          at Socket.socketOnClose (/data/Workspace/helios/starwards/node_modules/colyseus.js/node_modules/ws/lib/websocket.js:1341:15)
          at Socket.emit (node:events:524:28)
          at TCP.<anonymous> (node:net:343:12)

      at ConnectionManager.onConnectionError (modules/core/src/client/connection-manager.ts:144:21)
          at Array.forEach (<anonymous>)

    console.log
      connection error: TypeError: Cannot read properties of undefined (reading 'decoder')
          at wireEvents (/data/Workspace/helios/starwards/node_modules/colyseus-events/src/wire-events.ts:30:40)
          at /data/Workspace/helios/starwards/modules/core/src/client/admin.ts:20:5
          at processTicksAndRejections (node:internal/process/task_queues:95:5)
          at /data/Workspace/helios/starwards/modules/core/src/client/connection-manager.ts:131:21

      at ConnectionManager.onConnectionError (modules/core/src/client/connection-manager.ts:144:21)

    console.log
      connection error: Error: disconnected from server
          at EventEmitter.<anonymous> (/data/Workspace/helios/starwards/modules/core/src/client/driver.ts:53:58)
          at /data/Workspace/helios/starwards/node_modules/colyseus.js/src/core/signal.ts:15:48
          at Array.forEach (<anonymous>)
          at EventEmitter.invoke (/data/Workspace/helios/starwards/node_modules/colyseus.js/src/core/signal.ts:15:19)
          at Function.register.invoke (/data/Workspace/helios/starwards/node_modules/colyseus.js/src/core/signal.ts:57:81)
          at WebSocket.connection.events.onclose (/data/Workspace/helios/starwards/node_modules/colyseus.js/src/Room.ts:89:30)
          at callListener (/data/Workspace/helios/starwards/node_modules/colyseus.js/node_modules/ws/lib/event-target.js:290:14)
          at WebSocket.onClose (/data/Workspace/helios/starwards/node_modules/colyseus.js/node_modules/ws/lib/event-target.js:220:9)
          at WebSocket.emit (node:events:524:28)
          at WebSocket.emitClose (/data/Workspace/helios/starwards/node_modules/colyseus.js/node_modules/ws/lib/websocket.js:272:10)
          at Socket.socketOnClose (/data/Workspace/helios/starwards/node_modules/colyseus.js/node_modules/ws/lib/websocket.js:1341:15)
          at Socket.emit (node:events:524:28)
          at TCP.<anonymous> (node:net:343:12)

      at ConnectionManager.onConnectionError (modules/core/src/client/connection-manager.ts:144:21)
          at Array.forEach (<anonymous>)

    console.log
      connection error: TypeError: Cannot read properties of undefined (reading 'decoder')
          at wireEvents (/data/Workspace/helios/starwards/node_modules/colyseus-events/src/wire-events.ts:30:40)
          at /data/Workspace/helios/starwards/modules/core/src/client/admin.ts:20:5
          at processTicksAndRejections (node:internal/process/task_queues:95:5)
          at /data/Workspace/helios/starwards/modules/core/src/client/connection-manager.ts:131:21

      at ConnectionManager.onConnectionError (modules/core/src/client/connection-manager.ts:144:21)

    console.log
      connection error: Error: disconnected from server
          at EventEmitter.<anonymous> (/data/Workspace/helios/starwards/modules/core/src/client/driver.ts:53:58)
          at /data/Workspace/helios/starwards/node_modules/colyseus.js/src/core/signal.ts:15:48
          at Array.forEach (<anonymous>)
          at EventEmitter.invoke (/data/Workspace/helios/starwards/node_modules/colyseus.js/src/core/signal.ts:15:19)
          at Function.register.invoke (/data/Workspace/helios/starwards/node_modules/colyseus.js/src/core/signal.ts:57:81)
          at WebSocket.connection.events.onclose (/data/Workspace/helios/starwards/node_modules/colyseus.js/src/Room.ts:89:30)
          at callListener (/data/Workspace/helios/starwards/node_modules/colyseus.js/node_modules/ws/lib/event-target.js:290:14)
          at WebSocket.onClose (/data/Workspace/helios/starwards/node_modules/colyseus.js/node_modules/ws/lib/event-target.js:220:9)
          at WebSocket.emit (node:events:524:28)
          at WebSocket.emitClose (/data/Workspace/helios/starwards/node_modules/colyseus.js/node_modules/ws/lib/websocket.js:272:10)
          at Socket.socketOnClose (/data/Workspace/helios/starwards/node_modules/colyseus.js/node_modules/ws/lib/websocket.js:1341:15)
          at Socket.emit (node:events:524:28)
          at TCP.<anonymous> (node:net:343:12)

      at ConnectionManager.onConnectionError (modules/core/src/client/connection-manager.ts:144:21)
          at Array.forEach (<anonymous>)

    console.log
      connection error: TypeError: Cannot read properties of undefined (reading 'decoder')
          at wireEvents (/data/Workspace/helios/starwards/node_modules/colyseus-events/src/wire-events.ts:30:40)
          at /data/Workspace/helios/starwards/modules/core/src/client/admin.ts:20:5
          at processTicksAndRejections (node:internal/process/task_queues:95:5)
          at /data/Workspace/helios/starwards/modules/core/src/client/connection-manager.ts:131:21

      at ConnectionManager.onConnectionError (modules/core/src/client/connection-manager.ts:144:21)

    console.log
      connection error: Error: disconnected from server
          at EventEmitter.<anonymous> (/data/Workspace/helios/starwards/modules/core/src/client/driver.ts:53:58)
          at /data/Workspace/helios/starwards/node_modules/colyseus.js/src/core/signal.ts:15:48
          at Array.forEach (<anonymous>)
          at EventEmitter.invoke (/data/Workspace/helios/starwards/node_modules/colyseus.js/src/core/signal.ts:15:19)
          at Function.register.invoke (/data/Workspace/helios/starwards/node_modules/colyseus.js/src/core/signal.ts:57:81)
          at WebSocket.connection.events.onclose (/data/Workspace/helios/starwards/node_modules/colyseus.js/src/Room.ts:89:30)
          at callListener (/data/Workspace/helios/starwards/node_modules/colyseus.js/node_modules/ws/lib/event-target.js:290:14)
          at WebSocket.onClose (/data/Workspace/helios/starwards/node_modules/colyseus.js/node_modules/ws/lib/event-target.js:220:9)
          at WebSocket.emit (node:events:524:28)
          at WebSocket.emitClose (/data/Workspace/helios/starwards/node_modules/colyseus.js/node_modules/ws/lib/websocket.js:272:10)
          at Socket.socketOnClose (/data/Workspace/helios/starwards/node_modules/colyseus.js/node_modules/ws/lib/websocket.js:1341:15)
          at Socket.emit (node:events:524:28)
          at TCP.<anonymous> (node:net:343:12)

      at ConnectionManager.onConnectionError (modules/core/src/client/connection-manager.ts:144:21)
          at Array.forEach (<anonymous>)

    console.log
      connection error: TypeError: Cannot read properties of undefined (reading 'decoder')
          at wireEvents (/data/Workspace/helios/starwards/node_modules/colyseus-events/src/wire-events.ts:30:40)
          at /data/Workspace/helios/starwards/modules/core/src/client/admin.ts:20:5
          at processTicksAndRejections (node:internal/process/task_queues:95:5)
          at /data/Workspace/helios/starwards/modules/core/src/client/connection-manager.ts:131:21

      at ConnectionManager.onConnectionError (modules/core/src/client/connection-manager.ts:144:21)

    console.log
      connection error: Error: disconnected from server
          at EventEmitter.<anonymous> (/data/Workspace/helios/starwards/modules/core/src/client/driver.ts:53:58)
          at /data/Workspace/helios/starwards/node_modules/colyseus.js/src/core/signal.ts:15:48
          at Array.forEach (<anonymous>)
          at EventEmitter.invoke (/data/Workspace/helios/starwards/node_modules/colyseus.js/src/core/signal.ts:15:19)
          at Function.register.invoke (/data/Workspace/helios/starwards/node_modules/colyseus.js/src/core/signal.ts:57:81)
          at WebSocket.connection.events.onclose (/data/Workspace/helios/starwards/node_modules/colyseus.js/src/Room.ts:89:30)
          at callListener (/data/Workspace/helios/starwards/node_modules/colyseus.js/node_modules/ws/lib/event-target.js:290:14)
          at WebSocket.onClose (/data/Workspace/helios/starwards/node_modules/colyseus.js/node_modules/ws/lib/event-target.js:220:9)
          at WebSocket.emit (node:events:524:28)
          at WebSocket.emitClose (/data/Workspace/helios/starwards/node_modules/colyseus.js/node_modules/ws/lib/websocket.js:272:10)
          at Socket.socketOnClose (/data/Workspace/helios/starwards/node_modules/colyseus.js/node_modules/ws/lib/websocket.js:1341:15)
          at Socket.emit (node:events:524:28)
          at TCP.<anonymous> (node:net:343:12)

      at ConnectionManager.onConnectionError (modules/core/src/client/connection-manager.ts:144:21)
          at Array.forEach (<anonymous>)

    console.log
      connection error: TypeError: Cannot read properties of undefined (reading 'decoder')
          at wireEvents (/data/Workspace/helios/starwards/node_modules/colyseus-events/src/wire-events.ts:30:40)
          at /data/Workspace/helios/starwards/modules/core/src/client/admin.ts:20:5
          at processTicksAndRejections (node:internal/process/task_queues:95:5)
          at /data/Workspace/helios/starwards/modules/core/src/client/connection-manager.ts:131:21

      at ConnectionManager.onConnectionError (modules/core/src/client/connection-manager.ts:144:21)

    console.log
      connection error: Error: disconnected from server
          at EventEmitter.<anonymous> (/data/Workspace/helios/starwards/modules/core/src/client/driver.ts:53:58)
          at /data/Workspace/helios/starwards/node_modules/colyseus.js/src/core/signal.ts:15:48
          at Array.forEach (<anonymous>)
          at EventEmitter.invoke (/data/Workspace/helios/starwards/node_modules/colyseus.js/src/core/signal.ts:15:19)
          at Function.register.invoke (/data/Workspace/helios/starwards/node_modules/colyseus.js/src/core/signal.ts:57:81)
          at WebSocket.connection.events.onclose (/data/Workspace/helios/starwards/node_modules/colyseus.js/src/Room.ts:89:30)
          at callListener (/data/Workspace/helios/starwards/node_modules/colyseus.js/node_modules/ws/lib/event-target.js:290:14)
          at WebSocket.onClose (/data/Workspace/helios/starwards/node_modules/colyseus.js/node_modules/ws/lib/event-target.js:220:9)
          at WebSocket.emit (node:events:524:28)
          at WebSocket.emitClose (/data/Workspace/helios/starwards/node_modules/colyseus.js/node_modules/ws/lib/websocket.js:272:10)
          at Socket.socketOnClose (/data/Workspace/helios/starwards/node_modules/colyseus.js/node_modules/ws/lib/websocket.js:1341:15)
          at Socket.emit (node:events:524:28)
          at TCP.<anonymous> (node:net:343:12)

      at ConnectionManager.onConnectionError (modules/core/src/client/connection-manager.ts:144:21)
          at Array.forEach (<anonymous>)

    console.log
      connection error: TypeError: Cannot read properties of undefined (reading 'decoder')
          at wireEvents (/data/Workspace/helios/starwards/node_modules/colyseus-events/src/wire-events.ts:30:40)
          at /data/Workspace/helios/starwards/modules/core/src/client/admin.ts:20:5
          at processTicksAndRejections (node:internal/process/task_queues:95:5)
          at /data/Workspace/helios/starwards/modules/core/src/client/connection-manager.ts:131:21

      at ConnectionManager.onConnectionError (modules/core/src/client/connection-manager.ts:144:21)

    console.log
      connection error: Error: disconnected from server
          at EventEmitter.<anonymous> (/data/Workspace/helios/starwards/modules/core/src/client/driver.ts:53:58)
          at /data/Workspace/helios/starwards/node_modules/colyseus.js/src/core/signal.ts:15:48
          at Array.forEach (<anonymous>)
          at EventEmitter.invoke (/data/Workspace/helios/starwards/node_modules/colyseus.js/src/core/signal.ts:15:19)
          at Function.register.invoke (/data/Workspace/helios/starwards/node_modules/colyseus.js/src/core/signal.ts:57:81)
          at WebSocket.connection.events.onclose (/data/Workspace/helios/starwards/node_modules/colyseus.js/src/Room.ts:89:30)
          at callListener (/data/Workspace/helios/starwards/node_modules/colyseus.js/node_modules/ws/lib/event-target.js:290:14)
          at WebSocket.onClose (/data/Workspace/helios/starwards/node_modules/colyseus.js/node_modules/ws/lib/event-target.js:220:9)
          at WebSocket.emit (node:events:524:28)
          at WebSocket.emitClose (/data/Workspace/helios/starwards/node_modules/colyseus.js/node_modules/ws/lib/websocket.js:272:10)
          at Socket.socketOnClose (/data/Workspace/helios/starwards/node_modules/colyseus.js/node_modules/ws/lib/websocket.js:1341:15)
          at Socket.emit (node:events:524:28)
          at TCP.<anonymous> (node:net:343:12)

      at ConnectionManager.onConnectionError (modules/core/src/client/connection-manager.ts:144:21)
          at Array.forEach (<anonymous>)

    console.log
      connection error: TypeError: Cannot read properties of undefined (reading 'decoder')
          at wireEvents (/data/Workspace/helios/starwards/node_modules/colyseus-events/src/wire-events.ts:30:40)
          at /data/Workspace/helios/starwards/modules/core/src/client/admin.ts:20:5
          at processTicksAndRejections (node:internal/process/task_queues:95:5)
          at /data/Workspace/helios/starwards/modules/core/src/client/connection-manager.ts:131:21

      at ConnectionManager.onConnectionError (modules/core/src/client/connection-manager.ts:144:21)

    console.log
      connection error: Error: disconnected from server
          at EventEmitter.<anonymous> (/data/Workspace/helios/starwards/modules/core/src/client/driver.ts:53:58)
          at /data/Workspace/helios/starwards/node_modules/colyseus.js/src/core/signal.ts:15:48
          at Array.forEach (<anonymous>)
          at EventEmitter.invoke (/data/Workspace/helios/starwards/node_modules/colyseus.js/src/core/signal.ts:15:19)
          at Function.register.invoke (/data/Workspace/helios/starwards/node_modules/colyseus.js/src/core/signal.ts:57:81)
          at WebSocket.connection.events.onclose (/data/Workspace/helios/starwards/node_modules/colyseus.js/src/Room.ts:89:30)
          at callListener (/data/Workspace/helios/starwards/node_modules/colyseus.js/node_modules/ws/lib/event-target.js:290:14)
          at WebSocket.onClose (/data/Workspace/helios/starwards/node_modules/colyseus.js/node_modules/ws/lib/event-target.js:220:9)
          at WebSocket.emit (node:events:524:28)
          at WebSocket.emitClose (/data/Workspace/helios/starwards/node_modules/colyseus.js/node_modules/ws/lib/websocket.js:272:10)
          at Socket.socketOnClose (/data/Workspace/helios/starwards/node_modules/colyseus.js/node_modules/ws/lib/websocket.js:1341:15)
          at Socket.emit (node:events:524:28)
          at TCP.<anonymous> (node:net:343:12)

      at ConnectionManager.onConnectionError (modules/core/src/client/connection-manager.ts:144:21)
          at Array.forEach (<anonymous>)

    console.log
      connection error: TypeError: Cannot read properties of undefined (reading 'decoder')
          at wireEvents (/data/Workspace/helios/starwards/node_modules/colyseus-events/src/wire-events.ts:30:40)
          at /data/Workspace/helios/starwards/modules/core/src/client/admin.ts:20:5
          at processTicksAndRejections (node:internal/process/task_queues:95:5)
          at /data/Workspace/helios/starwards/modules/core/src/client/connection-manager.ts:131:21

      at ConnectionManager.onConnectionError (modules/core/src/client/connection-manager.ts:144:21)

    console.log
      connection error: Error: disconnected from server
          at EventEmitter.<anonymous> (/data/Workspace/helios/starwards/modules/core/src/client/driver.ts:53:58)
          at /data/Workspace/helios/starwards/node_modules/colyseus.js/src/core/signal.ts:15:48
          at Array.forEach (<anonymous>)
          at EventEmitter.invoke (/data/Workspace/helios/starwards/node_modules/colyseus.js/src/core/signal.ts:15:19)
          at Function.register.invoke (/data/Workspace/helios/starwards/node_modules/colyseus.js/src/core/signal.ts:57:81)
          at WebSocket.connection.events.onclose (/data/Workspace/helios/starwards/node_modules/colyseus.js/src/Room.ts:89:30)
          at callListener (/data/Workspace/helios/starwards/node_modules/colyseus.js/node_modules/ws/lib/event-target.js:290:14)
          at WebSocket.onClose (/data/Workspace/helios/starwards/node_modules/colyseus.js/node_modules/ws/lib/event-target.js:220:9)
          at WebSocket.emit (node:events:524:28)
          at WebSocket.emitClose (/data/Workspace/helios/starwards/node_modules/colyseus.js/node_modules/ws/lib/websocket.js:272:10)
          at Socket.socketOnClose (/data/Workspace/helios/starwards/node_modules/colyseus.js/node_modules/ws/lib/websocket.js:1341:15)
          at Socket.emit (node:events:524:28)
          at TCP.<anonymous> (node:net:343:12)

      at ConnectionManager.onConnectionError (modules/core/src/client/connection-manager.ts:144:21)
          at Array.forEach (<anonymous>)

    console.log
      connection error: TypeError: Cannot read properties of undefined (reading 'decoder')
          at wireEvents (/data/Workspace/helios/starwards/node_modules/colyseus-events/src/wire-events.ts:30:40)
          at /data/Workspace/helios/starwards/modules/core/src/client/admin.ts:20:5
          at processTicksAndRejections (node:internal/process/task_queues:95:5)
          at /data/Workspace/helios/starwards/modules/core/src/client/connection-manager.ts:131:21

      at ConnectionManager.onConnectionError (modules/core/src/client/connection-manager.ts:144:21)

    console.log
      connection error: Error: disconnected from server
          at EventEmitter.<anonymous> (/data/Workspace/helios/starwards/modules/core/src/client/driver.ts:53:58)
          at /data/Workspace/helios/starwards/node_modules/colyseus.js/src/core/signal.ts:15:48
          at Array.forEach (<anonymous>)
          at EventEmitter.invoke (/data/Workspace/helios/starwards/node_modules/colyseus.js/src/core/signal.ts:15:19)
          at Function.register.invoke (/data/Workspace/helios/starwards/node_modules/colyseus.js/src/core/signal.ts:57:81)
          at WebSocket.connection.events.onclose (/data/Workspace/helios/starwards/node_modules/colyseus.js/src/Room.ts:89:30)
          at callListener (/data/Workspace/helios/starwards/node_modules/colyseus.js/node_modules/ws/lib/event-target.js:290:14)
          at WebSocket.onClose (/data/Workspace/helios/starwards/node_modules/colyseus.js/node_modules/ws/lib/event-target.js:220:9)
          at WebSocket.emit (node:events:524:28)
          at WebSocket.emitClose (/data/Workspace/helios/starwards/node_modules/colyseus.js/node_modules/ws/lib/websocket.js:272:10)
          at Socket.socketOnClose (/data/Workspace/helios/starwards/node_modules/colyseus.js/node_modules/ws/lib/websocket.js:1341:15)
          at Socket.emit (node:events:524:28)
          at TCP.<anonymous> (node:net:343:12)

      at ConnectionManager.onConnectionError (modules/core/src/client/connection-manager.ts:144:21)
          at Array.forEach (<anonymous>)

    console.log
      connection error: TypeError: Cannot read properties of undefined (reading 'decoder')
          at wireEvents (/data/Workspace/helios/starwards/node_modules/colyseus-events/src/wire-events.ts:30:40)
          at /data/Workspace/helios/starwards/modules/core/src/client/admin.ts:20:5
          at processTicksAndRejections (node:internal/process/task_queues:95:5)
          at /data/Workspace/helios/starwards/modules/core/src/client/connection-manager.ts:131:21

      at ConnectionManager.onConnectionError (modules/core/src/client/connection-manager.ts:144:21)

    console.log
      connection error: Error: disconnected from server
          at EventEmitter.<anonymous> (/data/Workspace/helios/starwards/modules/core/src/client/driver.ts:53:58)
          at /data/Workspace/helios/starwards/node_modules/colyseus.js/src/core/signal.ts:15:48
          at Array.forEach (<anonymous>)
          at EventEmitter.invoke (/data/Workspace/helios/starwards/node_modules/colyseus.js/src/core/signal.ts:15:19)
          at Function.register.invoke (/data/Workspace/helios/starwards/node_modules/colyseus.js/src/core/signal.ts:57:81)
          at WebSocket.connection.events.onclose (/data/Workspace/helios/starwards/node_modules/colyseus.js/src/Room.ts:89:30)
          at callListener (/data/Workspace/helios/starwards/node_modules/colyseus.js/node_modules/ws/lib/event-target.js:290:14)
          at WebSocket.onClose (/data/Workspace/helios/starwards/node_modules/colyseus.js/node_modules/ws/lib/event-target.js:220:9)
          at WebSocket.emit (node:events:524:28)
          at WebSocket.emitClose (/data/Workspace/helios/starwards/node_modules/colyseus.js/node_modules/ws/lib/websocket.js:272:10)
          at Socket.socketOnClose (/data/Workspace/helios/starwards/node_modules/colyseus.js/node_modules/ws/lib/websocket.js:1341:15)
          at Socket.emit (node:events:524:28)
          at TCP.<anonymous> (node:net:343:12)

      at ConnectionManager.onConnectionError (modules/core/src/client/connection-manager.ts:144:21)
          at Array.forEach (<anonymous>)

    console.log
      connection error: TypeError: Cannot read properties of undefined (reading 'decoder')
          at wireEvents (/data/Workspace/helios/starwards/node_modules/colyseus-events/src/wire-events.ts:30:40)
          at /data/Workspace/helios/starwards/modules/core/src/client/admin.ts:20:5
          at processTicksAndRejections (node:internal/process/task_queues:95:5)
          at /data/Workspace/helios/starwards/modules/core/src/client/connection-manager.ts:131:21

      at ConnectionManager.onConnectionError (modules/core/src/client/connection-manager.ts:144:21)

    console.log
      connection error: Error: disconnected from server
          at EventEmitter.<anonymous> (/data/Workspace/helios/starwards/modules/core/src/client/driver.ts:53:58)
          at /data/Workspace/helios/starwards/node_modules/colyseus.js/src/core/signal.ts:15:48
          at Array.forEach (<anonymous>)
          at EventEmitter.invoke (/data/Workspace/helios/starwards/node_modules/colyseus.js/src/core/signal.ts:15:19)
          at Function.register.invoke (/data/Workspace/helios/starwards/node_modules/colyseus.js/src/core/signal.ts:57:81)
          at WebSocket.connection.events.onclose (/data/Workspace/helios/starwards/node_modules/colyseus.js/src/Room.ts:89:30)
          at callListener (/data/Workspace/helios/starwards/node_modules/colyseus.js/node_modules/ws/lib/event-target.js:290:14)
          at WebSocket.onClose (/data/Workspace/helios/starwards/node_modules/colyseus.js/node_modules/ws/lib/event-target.js:220:9)
          at WebSocket.emit (node:events:524:28)
          at WebSocket.emitClose (/data/Workspace/helios/starwards/node_modules/colyseus.js/node_modules/ws/lib/websocket.js:272:10)
          at Socket.socketOnClose (/data/Workspace/helios/starwards/node_modules/colyseus.js/node_modules/ws/lib/websocket.js:1341:15)
          at Socket.emit (node:events:524:28)
          at TCP.<anonymous> (node:net:343:12)

      at ConnectionManager.onConnectionError (modules/core/src/client/connection-manager.ts:144:21)
          at Array.forEach (<anonymous>)

    console.log
      connection error: TypeError: Cannot read properties of undefined (reading 'decoder')
          at wireEvents (/data/Workspace/helios/starwards/node_modules/colyseus-events/src/wire-events.ts:30:40)
          at /data/Workspace/helios/starwards/modules/core/src/client/admin.ts:20:5
          at processTicksAndRejections (node:internal/process/task_queues:95:5)
          at /data/Workspace/helios/starwards/modules/core/src/client/connection-manager.ts:131:21

      at ConnectionManager.onConnectionError (modules/core/src/client/connection-manager.ts:144:21)

    console.log
      connection error: Error: disconnected from server
          at EventEmitter.<anonymous> (/data/Workspace/helios/starwards/modules/core/src/client/driver.ts:53:58)
          at /data/Workspace/helios/starwards/node_modules/colyseus.js/src/core/signal.ts:15:48
          at Array.forEach (<anonymous>)
          at EventEmitter.invoke (/data/Workspace/helios/starwards/node_modules/colyseus.js/src/core/signal.ts:15:19)
          at Function.register.invoke (/data/Workspace/helios/starwards/node_modules/colyseus.js/src/core/signal.ts:57:81)
          at WebSocket.connection.events.onclose (/data/Workspace/helios/starwards/node_modules/colyseus.js/src/Room.ts:89:30)
          at callListener (/data/Workspace/helios/starwards/node_modules/colyseus.js/node_modules/ws/lib/event-target.js:290:14)
          at WebSocket.onClose (/data/Workspace/helios/starwards/node_modules/colyseus.js/node_modules/ws/lib/event-target.js:220:9)
          at WebSocket.emit (node:events:524:28)
          at WebSocket.emitClose (/data/Workspace/helios/starwards/node_modules/colyseus.js/node_modules/ws/lib/websocket.js:272:10)
          at Socket.socketOnClose (/data/Workspace/helios/starwards/node_modules/colyseus.js/node_modules/ws/lib/websocket.js:1341:15)
          at Socket.emit (node:events:524:28)
          at TCP.<anonymous> (node:net:343:12)

      at ConnectionManager.onConnectionError (modules/core/src/client/connection-manager.ts:144:21)
          at Array.forEach (<anonymous>)

    console.log
      connection error: TypeError: Cannot read properties of undefined (reading 'decoder')
          at wireEvents (/data/Workspace/helios/starwards/node_modules/colyseus-events/src/wire-events.ts:30:40)
          at /data/Workspace/helios/starwards/modules/core/src/client/admin.ts:20:5
          at processTicksAndRejections (node:internal/process/task_queues:95:5)
          at /data/Workspace/helios/starwards/modules/core/src/client/connection-manager.ts:131:21

      at ConnectionManager.onConnectionError (modules/core/src/client/connection-manager.ts:144:21)

    console.log
      connection error: Error: disconnected from server
          at EventEmitter.<anonymous> (/data/Workspace/helios/starwards/modules/core/src/client/driver.ts:53:58)
          at /data/Workspace/helios/starwards/node_modules/colyseus.js/src/core/signal.ts:15:48
          at Array.forEach (<anonymous>)
          at EventEmitter.invoke (/data/Workspace/helios/starwards/node_modules/colyseus.js/src/core/signal.ts:15:19)
          at Function.register.invoke (/data/Workspace/helios/starwards/node_modules/colyseus.js/src/core/signal.ts:57:81)
          at WebSocket.connection.events.onclose (/data/Workspace/helios/starwards/node_modules/colyseus.js/src/Room.ts:89:30)
          at callListener (/data/Workspace/helios/starwards/node_modules/colyseus.js/node_modules/ws/lib/event-target.js:290:14)
          at WebSocket.onClose (/data/Workspace/helios/starwards/node_modules/colyseus.js/node_modules/ws/lib/event-target.js:220:9)
          at WebSocket.emit (node:events:524:28)
          at WebSocket.emitClose (/data/Workspace/helios/starwards/node_modules/colyseus.js/node_modules/ws/lib/websocket.js:272:10)
          at Socket.socketOnClose (/data/Workspace/helios/starwards/node_modules/colyseus.js/node_modules/ws/lib/websocket.js:1341:15)
          at Socket.emit (node:events:524:28)
          at TCP.<anonymous> (node:net:343:12)

      at ConnectionManager.onConnectionError (modules/core/src/client/connection-manager.ts:144:21)
          at Array.forEach (<anonymous>)

    console.log
      connection error: TypeError: Cannot read properties of undefined (reading 'decoder')
          at wireEvents (/data/Workspace/helios/starwards/node_modules/colyseus-events/src/wire-events.ts:30:40)
          at /data/Workspace/helios/starwards/modules/core/src/client/admin.ts:20:5
          at processTicksAndRejections (node:internal/process/task_queues:95:5)
          at /data/Workspace/helios/starwards/modules/core/src/client/connection-manager.ts:131:21

      at ConnectionManager.onConnectionError (modules/core/src/client/connection-manager.ts:144:21)

    console.log
      connection error: Error: disconnected from server
          at EventEmitter.<anonymous> (/data/Workspace/helios/starwards/modules/core/src/client/driver.ts:53:58)
          at /data/Workspace/helios/starwards/node_modules/colyseus.js/src/core/signal.ts:15:48
          at Array.forEach (<anonymous>)
          at EventEmitter.invoke (/data/Workspace/helios/starwards/node_modules/colyseus.js/src/core/signal.ts:15:19)
          at Function.register.invoke (/data/Workspace/helios/starwards/node_modules/colyseus.js/src/core/signal.ts:57:81)
          at WebSocket.connection.events.onclose (/data/Workspace/helios/starwards/node_modules/colyseus.js/src/Room.ts:89:30)
          at callListener (/data/Workspace/helios/starwards/node_modules/colyseus.js/node_modules/ws/lib/event-target.js:290:14)
          at WebSocket.onClose (/data/Workspace/helios/starwards/node_modules/colyseus.js/node_modules/ws/lib/event-target.js:220:9)
          at WebSocket.emit (node:events:524:28)
          at WebSocket.emitClose (/data/Workspace/helios/starwards/node_modules/colyseus.js/node_modules/ws/lib/websocket.js:272:10)
          at Socket.socketOnClose (/data/Workspace/helios/starwards/node_modules/colyseus.js/node_modules/ws/lib/websocket.js:1341:15)
          at Socket.emit (node:events:524:28)
          at TCP.<anonymous> (node:net:343:12)

      at ConnectionManager.onConnectionError (modules/core/src/client/connection-manager.ts:144:21)
          at Array.forEach (<anonymous>)

    console.log
      connection error: TypeError: Cannot read properties of undefined (reading 'decoder')
          at wireEvents (/data/Workspace/helios/starwards/node_modules/colyseus-events/src/wire-events.ts:30:40)
          at /data/Workspace/helios/starwards/modules/core/src/client/admin.ts:20:5
          at processTicksAndRejections (node:internal/process/task_queues:95:5)
          at /data/Workspace/helios/starwards/modules/core/src/client/connection-manager.ts:131:21

      at ConnectionManager.onConnectionError (modules/core/src/client/connection-manager.ts:144:21)

    console.log
      connection error: Error: disconnected from server
          at EventEmitter.<anonymous> (/data/Workspace/helios/starwards/modules/core/src/client/driver.ts:53:58)
          at /data/Workspace/helios/starwards/node_modules/colyseus.js/src/core/signal.ts:15:48
          at Array.forEach (<anonymous>)
          at EventEmitter.invoke (/data/Workspace/helios/starwards/node_modules/colyseus.js/src/core/signal.ts:15:19)
          at Function.register.invoke (/data/Workspace/helios/starwards/node_modules/colyseus.js/src/core/signal.ts:57:81)
          at WebSocket.connection.events.onclose (/data/Workspace/helios/starwards/node_modules/colyseus.js/src/Room.ts:89:30)
          at callListener (/data/Workspace/helios/starwards/node_modules/colyseus.js/node_modules/ws/lib/event-target.js:290:14)
          at WebSocket.onClose (/data/Workspace/helios/starwards/node_modules/colyseus.js/node_modules/ws/lib/event-target.js:220:9)
          at WebSocket.emit (node:events:524:28)
          at WebSocket.emitClose (/data/Workspace/helios/starwards/node_modules/colyseus.js/node_modules/ws/lib/websocket.js:272:10)
          at Socket.socketOnClose (/data/Workspace/helios/starwards/node_modules/colyseus.js/node_modules/ws/lib/websocket.js:1341:15)
          at Socket.emit (node:events:524:28)
          at TCP.<anonymous> (node:net:343:12)

      at ConnectionManager.onConnectionError (modules/core/src/client/connection-manager.ts:144:21)
          at Array.forEach (<anonymous>)

    console.log
      connection error: TypeError: Cannot read properties of undefined (reading 'decoder')
          at wireEvents (/data/Workspace/helios/starwards/node_modules/colyseus-events/src/wire-events.ts:30:40)
          at /data/Workspace/helios/starwards/modules/core/src/client/admin.ts:20:5
          at processTicksAndRejections (node:internal/process/task_queues:95:5)
          at /data/Workspace/helios/starwards/modules/core/src/client/connection-manager.ts:131:21

      at ConnectionManager.onConnectionError (modules/core/src/client/connection-manager.ts:144:21)

    console.log
      connection error: Error: disconnected from server
          at EventEmitter.<anonymous> (/data/Workspace/helios/starwards/modules/core/src/client/driver.ts:53:58)
          at /data/Workspace/helios/starwards/node_modules/colyseus.js/src/core/signal.ts:15:48
          at Array.forEach (<anonymous>)
          at EventEmitter.invoke (/data/Workspace/helios/starwards/node_modules/colyseus.js/src/core/signal.ts:15:19)
          at Function.register.invoke (/data/Workspace/helios/starwards/node_modules/colyseus.js/src/core/signal.ts:57:81)
          at WebSocket.connection.events.onclose (/data/Workspace/helios/starwards/node_modules/colyseus.js/src/Room.ts:89:30)
          at callListener (/data/Workspace/helios/starwards/node_modules/colyseus.js/node_modules/ws/lib/event-target.js:290:14)
          at WebSocket.onClose (/data/Workspace/helios/starwards/node_modules/colyseus.js/node_modules/ws/lib/event-target.js:220:9)
          at WebSocket.emit (node:events:524:28)
          at WebSocket.emitClose (/data/Workspace/helios/starwards/node_modules/colyseus.js/node_modules/ws/lib/websocket.js:272:10)
          at Socket.socketOnClose (/data/Workspace/helios/starwards/node_modules/colyseus.js/node_modules/ws/lib/websocket.js:1341:15)
          at Socket.emit (node:events:524:28)
          at TCP.<anonymous> (node:net:343:12)

      at ConnectionManager.onConnectionError (modules/core/src/client/connection-manager.ts:144:21)
          at Array.forEach (<anonymous>)

    console.log
      connection error: TypeError: Cannot read properties of undefined (reading 'decoder')
          at wireEvents (/data/Workspace/helios/starwards/node_modules/colyseus-events/src/wire-events.ts:30:40)
          at /data/Workspace/helios/starwards/modules/core/src/client/admin.ts:20:5
          at processTicksAndRejections (node:internal/process/task_queues:95:5)
          at /data/Workspace/helios/starwards/modules/core/src/client/connection-manager.ts:131:21

      at ConnectionManager.onConnectionError (modules/core/src/client/connection-manager.ts:144:21)

    console.log
      connection error: Error: disconnected from server
          at EventEmitter.<anonymous> (/data/Workspace/helios/starwards/modules/core/src/client/driver.ts:53:58)
          at /data/Workspace/helios/starwards/node_modules/colyseus.js/src/core/signal.ts:15:48
          at Array.forEach (<anonymous>)
          at EventEmitter.invoke (/data/Workspace/helios/starwards/node_modules/colyseus.js/src/core/signal.ts:15:19)
          at Function.register.invoke (/data/Workspace/helios/starwards/node_modules/colyseus.js/src/core/signal.ts:57:81)
          at WebSocket.connection.events.onclose (/data/Workspace/helios/starwards/node_modules/colyseus.js/src/Room.ts:89:30)
          at callListener (/data/Workspace/helios/starwards/node_modules/colyseus.js/node_modules/ws/lib/event-target.js:290:14)
          at WebSocket.onClose (/data/Workspace/helios/starwards/node_modules/colyseus.js/node_modules/ws/lib/event-target.js:220:9)
          at WebSocket.emit (node:events:524:28)
          at WebSocket.emitClose (/data/Workspace/helios/starwards/node_modules/colyseus.js/node_modules/ws/lib/websocket.js:272:10)
          at Socket.socketOnClose (/data/Workspace/helios/starwards/node_modules/colyseus.js/node_modules/ws/lib/websocket.js:1341:15)
          at Socket.emit (node:events:524:28)
          at TCP.<anonymous> (node:net:343:12)

      at ConnectionManager.onConnectionError (modules/core/src/client/connection-manager.ts:144:21)
          at Array.forEach (<anonymous>)

    console.log
      connection error: TypeError: Cannot read properties of undefined (reading 'decoder')
          at wireEvents (/data/Workspace/helios/starwards/node_modules/colyseus-events/src/wire-events.ts:30:40)
          at /data/Workspace/helios/starwards/modules/core/src/client/admin.ts:20:5
          at processTicksAndRejections (node:internal/process/task_queues:95:5)
          at /data/Workspace/helios/starwards/modules/core/src/client/connection-manager.ts:131:21

      at ConnectionManager.onConnectionError (modules/core/src/client/connection-manager.ts:144:21)

    console.log
      connection error: Error: disconnected from server
          at EventEmitter.<anonymous> (/data/Workspace/helios/starwards/modules/core/src/client/driver.ts:53:58)
          at /data/Workspace/helios/starwards/node_modules/colyseus.js/src/core/signal.ts:15:48
          at Array.forEach (<anonymous>)
          at EventEmitter.invoke (/data/Workspace/helios/starwards/node_modules/colyseus.js/src/core/signal.ts:15:19)
          at Function.register.invoke (/data/Workspace/helios/starwards/node_modules/colyseus.js/src/core/signal.ts:57:81)
          at WebSocket.connection.events.onclose (/data/Workspace/helios/starwards/node_modules/colyseus.js/src/Room.ts:89:30)
          at callListener (/data/Workspace/helios/starwards/node_modules/colyseus.js/node_modules/ws/lib/event-target.js:290:14)
          at WebSocket.onClose (/data/Workspace/helios/starwards/node_modules/colyseus.js/node_modules/ws/lib/event-target.js:220:9)
          at WebSocket.emit (node:events:524:28)
          at WebSocket.emitClose (/data/Workspace/helios/starwards/node_modules/colyseus.js/node_modules/ws/lib/websocket.js:272:10)
          at Socket.socketOnClose (/data/Workspace/helios/starwards/node_modules/colyseus.js/node_modules/ws/lib/websocket.js:1341:15)
          at Socket.emit (node:events:524:28)
          at TCP.<anonymous> (node:net:343:12)

      at ConnectionManager.onConnectionError (modules/core/src/client/connection-manager.ts:144:21)
          at Array.forEach (<anonymous>)

    console.log
      connection error: TypeError: Cannot read properties of undefined (reading 'decoder')
          at wireEvents (/data/Workspace/helios/starwards/node_modules/colyseus-events/src/wire-events.ts:30:40)
          at /data/Workspace/helios/starwards/modules/core/src/client/admin.ts:20:5
          at processTicksAndRejections (node:internal/process/task_queues:95:5)
          at /data/Workspace/helios/starwards/modules/core/src/client/connection-manager.ts:131:21

      at ConnectionManager.onConnectionError (modules/core/src/client/connection-manager.ts:144:21)

    console.log
      connection error: Error: disconnected from server
          at EventEmitter.<anonymous> (/data/Workspace/helios/starwards/modules/core/src/client/driver.ts:53:58)
          at /data/Workspace/helios/starwards/node_modules/colyseus.js/src/core/signal.ts:15:48
          at Array.forEach (<anonymous>)
          at EventEmitter.invoke (/data/Workspace/helios/starwards/node_modules/colyseus.js/src/core/signal.ts:15:19)
          at Function.register.invoke (/data/Workspace/helios/starwards/node_modules/colyseus.js/src/core/signal.ts:57:81)
          at WebSocket.connection.events.onclose (/data/Workspace/helios/starwards/node_modules/colyseus.js/src/Room.ts:89:30)
          at callListener (/data/Workspace/helios/starwards/node_modules/colyseus.js/node_modules/ws/lib/event-target.js:290:14)
          at WebSocket.onClose (/data/Workspace/helios/starwards/node_modules/colyseus.js/node_modules/ws/lib/event-target.js:220:9)
          at WebSocket.emit (node:events:524:28)
          at WebSocket.emitClose (/data/Workspace/helios/starwards/node_modules/colyseus.js/node_modules/ws/lib/websocket.js:272:10)
          at Socket.socketOnClose (/data/Workspace/helios/starwards/node_modules/colyseus.js/node_modules/ws/lib/websocket.js:1341:15)
          at Socket.emit (node:events:524:28)
          at TCP.<anonymous> (node:net:343:12)

      at ConnectionManager.onConnectionError (modules/core/src/client/connection-manager.ts:144:21)
          at Array.forEach (<anonymous>)

    console.log
      connection error: TypeError: Cannot read properties of undefined (reading 'decoder')
          at wireEvents (/data/Workspace/helios/starwards/node_modules/colyseus-events/src/wire-events.ts:30:40)
          at /data/Workspace/helios/starwards/modules/core/src/client/admin.ts:20:5
          at processTicksAndRejections (node:internal/process/task_queues:95:5)
          at /data/Workspace/helios/starwards/modules/core/src/client/connection-manager.ts:131:21

      at ConnectionManager.onConnectionError (modules/core/src/client/connection-manager.ts:144:21)

    console.log
      connection error: Error: disconnected from server
          at EventEmitter.<anonymous> (/data/Workspace/helios/starwards/modules/core/src/client/driver.ts:53:58)
          at /data/Workspace/helios/starwards/node_modules/colyseus.js/src/core/signal.ts:15:48
          at Array.forEach (<anonymous>)
          at EventEmitter.invoke (/data/Workspace/helios/starwards/node_modules/colyseus.js/src/core/signal.ts:15:19)
          at Function.register.invoke (/data/Workspace/helios/starwards/node_modules/colyseus.js/src/core/signal.ts:57:81)
          at WebSocket.connection.events.onclose (/data/Workspace/helios/starwards/node_modules/colyseus.js/src/Room.ts:89:30)
          at callListener (/data/Workspace/helios/starwards/node_modules/colyseus.js/node_modules/ws/lib/event-target.js:290:14)
          at WebSocket.onClose (/data/Workspace/helios/starwards/node_modules/colyseus.js/node_modules/ws/lib/event-target.js:220:9)
          at WebSocket.emit (node:events:524:28)
          at WebSocket.emitClose (/data/Workspace/helios/starwards/node_modules/colyseus.js/node_modules/ws/lib/websocket.js:272:10)
          at Socket.socketOnClose (/data/Workspace/helios/starwards/node_modules/colyseus.js/node_modules/ws/lib/websocket.js:1341:15)
          at Socket.emit (node:events:524:28)
          at TCP.<anonymous> (node:net:343:12)

      at ConnectionManager.onConnectionError (modules/core/src/client/connection-manager.ts:144:21)
          at Array.forEach (<anonymous>)

    console.log
      connection error: TypeError: Cannot read properties of undefined (reading 'decoder')
          at wireEvents (/data/Workspace/helios/starwards/node_modules/colyseus-events/src/wire-events.ts:30:40)
          at /data/Workspace/helios/starwards/modules/core/src/client/admin.ts:20:5
          at processTicksAndRejections (node:internal/process/task_queues:95:5)
          at /data/Workspace/helios/starwards/modules/core/src/client/connection-manager.ts:131:21

      at ConnectionManager.onConnectionError (modules/core/src/client/connection-manager.ts:144:21)

    console.log
      connection error: Error: disconnected from server
          at EventEmitter.<anonymous> (/data/Workspace/helios/starwards/modules/core/src/client/driver.ts:53:58)
          at /data/Workspace/helios/starwards/node_modules/colyseus.js/src/core/signal.ts:15:48
          at Array.forEach (<anonymous>)
          at EventEmitter.invoke (/data/Workspace/helios/starwards/node_modules/colyseus.js/src/core/signal.ts:15:19)
          at Function.register.invoke (/data/Workspace/helios/starwards/node_modules/colyseus.js/src/core/signal.ts:57:81)
          at WebSocket.connection.events.onclose (/data/Workspace/helios/starwards/node_modules/colyseus.js/src/Room.ts:89:30)
          at callListener (/data/Workspace/helios/starwards/node_modules/colyseus.js/node_modules/ws/lib/event-target.js:290:14)
          at WebSocket.onClose (/data/Workspace/helios/starwards/node_modules/colyseus.js/node_modules/ws/lib/event-target.js:220:9)
          at WebSocket.emit (node:events:524:28)
          at WebSocket.emitClose (/data/Workspace/helios/starwards/node_modules/colyseus.js/node_modules/ws/lib/websocket.js:272:10)
          at Socket.socketOnClose (/data/Workspace/helios/starwards/node_modules/colyseus.js/node_modules/ws/lib/websocket.js:1341:15)
          at Socket.emit (node:events:524:28)
          at TCP.<anonymous> (node:net:343:12)

      at ConnectionManager.onConnectionError (modules/core/src/client/connection-manager.ts:144:21)
          at Array.forEach (<anonymous>)

    console.log
      connection error: TypeError: Cannot read properties of undefined (reading 'decoder')
          at wireEvents (/data/Workspace/helios/starwards/node_modules/colyseus-events/src/wire-events.ts:30:40)
          at /data/Workspace/helios/starwards/modules/core/src/client/admin.ts:20:5
          at processTicksAndRejections (node:internal/process/task_queues:95:5)
          at /data/Workspace/helios/starwards/modules/core/src/client/connection-manager.ts:131:21

      at ConnectionManager.onConnectionError (modules/core/src/client/connection-manager.ts:144:21)

    console.log
      connection error: Error: disconnected from server
          at EventEmitter.<anonymous> (/data/Workspace/helios/starwards/modules/core/src/client/driver.ts:53:58)
          at /data/Workspace/helios/starwards/node_modules/colyseus.js/src/core/signal.ts:15:48
          at Array.forEach (<anonymous>)
          at EventEmitter.invoke (/data/Workspace/helios/starwards/node_modules/colyseus.js/src/core/signal.ts:15:19)
          at Function.register.invoke (/data/Workspace/helios/starwards/node_modules/colyseus.js/src/core/signal.ts:57:81)
          at WebSocket.connection.events.onclose (/data/Workspace/helios/starwards/node_modules/colyseus.js/src/Room.ts:89:30)
          at callListener (/data/Workspace/helios/starwards/node_modules/colyseus.js/node_modules/ws/lib/event-target.js:290:14)
          at WebSocket.onClose (/data/Workspace/helios/starwards/node_modules/colyseus.js/node_modules/ws/lib/event-target.js:220:9)
          at WebSocket.emit (node:events:524:28)
          at WebSocket.emitClose (/data/Workspace/helios/starwards/node_modules/colyseus.js/node_modules/ws/lib/websocket.js:272:10)
          at Socket.socketOnClose (/data/Workspace/helios/starwards/node_modules/colyseus.js/node_modules/ws/lib/websocket.js:1341:15)
          at Socket.emit (node:events:524:28)
          at TCP.<anonymous> (node:net:343:12)

      at ConnectionManager.onConnectionError (modules/core/src/client/connection-manager.ts:144:21)
          at Array.forEach (<anonymous>)

    console.log
      connection error: TypeError: Cannot read properties of undefined (reading 'decoder')
          at wireEvents (/data/Workspace/helios/starwards/node_modules/colyseus-events/src/wire-events.ts:30:40)
          at /data/Workspace/helios/starwards/modules/core/src/client/admin.ts:20:5
          at processTicksAndRejections (node:internal/process/task_queues:95:5)
          at /data/Workspace/helios/starwards/modules/core/src/client/connection-manager.ts:131:21

      at ConnectionManager.onConnectionError (modules/core/src/client/connection-manager.ts:144:21)

    console.log
      connection error: Error: disconnected from server
          at EventEmitter.<anonymous> (/data/Workspace/helios/starwards/modules/core/src/client/driver.ts:53:58)
          at /data/Workspace/helios/starwards/node_modules/colyseus.js/src/core/signal.ts:15:48
          at Array.forEach (<anonymous>)
          at EventEmitter.invoke (/data/Workspace/helios/starwards/node_modules/colyseus.js/src/core/signal.ts:15:19)
          at Function.register.invoke (/data/Workspace/helios/starwards/node_modules/colyseus.js/src/core/signal.ts:57:81)
          at WebSocket.connection.events.onclose (/data/Workspace/helios/starwards/node_modules/colyseus.js/src/Room.ts:89:30)
          at callListener (/data/Workspace/helios/starwards/node_modules/colyseus.js/node_modules/ws/lib/event-target.js:290:14)
          at WebSocket.onClose (/data/Workspace/helios/starwards/node_modules/colyseus.js/node_modules/ws/lib/event-target.js:220:9)
          at WebSocket.emit (node:events:524:28)
          at WebSocket.emitClose (/data/Workspace/helios/starwards/node_modules/colyseus.js/node_modules/ws/lib/websocket.js:272:10)
          at Socket.socketOnClose (/data/Workspace/helios/starwards/node_modules/colyseus.js/node_modules/ws/lib/websocket.js:1341:15)
          at Socket.emit (node:events:524:28)
          at TCP.<anonymous> (node:net:343:12)

      at ConnectionManager.onConnectionError (modules/core/src/client/connection-manager.ts:144:21)
          at Array.forEach (<anonymous>)

    console.log
      connection error: TypeError: Cannot read properties of undefined (reading 'decoder')
          at wireEvents (/data/Workspace/helios/starwards/node_modules/colyseus-events/src/wire-events.ts:30:40)
          at /data/Workspace/helios/starwards/modules/core/src/client/admin.ts:20:5
          at processTicksAndRejections (node:internal/process/task_queues:95:5)
          at /data/Workspace/helios/starwards/modules/core/src/client/connection-manager.ts:131:21

      at ConnectionManager.onConnectionError (modules/core/src/client/connection-manager.ts:144:21)

    console.log
      connection error: Error: disconnected from server
          at EventEmitter.<anonymous> (/data/Workspace/helios/starwards/modules/core/src/client/driver.ts:53:58)
          at /data/Workspace/helios/starwards/node_modules/colyseus.js/src/core/signal.ts:15:48
          at Array.forEach (<anonymous>)
          at EventEmitter.invoke (/data/Workspace/helios/starwards/node_modules/colyseus.js/src/core/signal.ts:15:19)
          at Function.register.invoke (/data/Workspace/helios/starwards/node_modules/colyseus.js/src/core/signal.ts:57:81)
          at WebSocket.connection.events.onclose (/data/Workspace/helios/starwards/node_modules/colyseus.js/src/Room.ts:89:30)
          at callListener (/data/Workspace/helios/starwards/node_modules/colyseus.js/node_modules/ws/lib/event-target.js:290:14)
          at WebSocket.onClose (/data/Workspace/helios/starwards/node_modules/colyseus.js/node_modules/ws/lib/event-target.js:220:9)
          at WebSocket.emit (node:events:524:28)
          at WebSocket.emitClose (/data/Workspace/helios/starwards/node_modules/colyseus.js/node_modules/ws/lib/websocket.js:272:10)
          at Socket.socketOnClose (/data/Workspace/helios/starwards/node_modules/colyseus.js/node_modules/ws/lib/websocket.js:1341:15)
          at Socket.emit (node:events:524:28)
          at TCP.<anonymous> (node:net:343:12)

      at ConnectionManager.onConnectionError (modules/core/src/client/connection-manager.ts:144:21)
          at Array.forEach (<anonymous>)

    console.log
      connection error: TypeError: Cannot read properties of undefined (reading 'decoder')
          at wireEvents (/data/Workspace/helios/starwards/node_modules/colyseus-events/src/wire-events.ts:30:40)
          at /data/Workspace/helios/starwards/modules/core/src/client/admin.ts:20:5
          at processTicksAndRejections (node:internal/process/task_queues:95:5)
          at /data/Workspace/helios/starwards/modules/core/src/client/connection-manager.ts:131:21

      at ConnectionManager.onConnectionError (modules/core/src/client/connection-manager.ts:144:21)

    console.log
      connection error: Error: disconnected from server
          at EventEmitter.<anonymous> (/data/Workspace/helios/starwards/modules/core/src/client/driver.ts:53:58)
          at /data/Workspace/helios/starwards/node_modules/colyseus.js/src/core/signal.ts:15:48
          at Array.forEach (<anonymous>)
          at EventEmitter.invoke (/data/Workspace/helios/starwards/node_modules/colyseus.js/src/core/signal.ts:15:19)
          at Function.register.invoke (/data/Workspace/helios/starwards/node_modules/colyseus.js/src/core/signal.ts:57:81)
          at WebSocket.connection.events.onclose (/data/Workspace/helios/starwards/node_modules/colyseus.js/src/Room.ts:89:30)
          at callListener (/data/Workspace/helios/starwards/node_modules/colyseus.js/node_modules/ws/lib/event-target.js:290:14)
          at WebSocket.onClose (/data/Workspace/helios/starwards/node_modules/colyseus.js/node_modules/ws/lib/event-target.js:220:9)
          at WebSocket.emit (node:events:524:28)
          at WebSocket.emitClose (/data/Workspace/helios/starwards/node_modules/colyseus.js/node_modules/ws/lib/websocket.js:272:10)
          at Socket.socketOnClose (/data/Workspace/helios/starwards/node_modules/colyseus.js/node_modules/ws/lib/websocket.js:1341:15)
          at Socket.emit (node:events:524:28)
          at TCP.<anonymous> (node:net:343:12)

      at ConnectionManager.onConnectionError (modules/core/src/client/connection-manager.ts:144:21)
          at Array.forEach (<anonymous>)

    console.log
      connection error: TypeError: Cannot read properties of undefined (reading 'decoder')
          at wireEvents (/data/Workspace/helios/starwards/node_modules/colyseus-events/src/wire-events.ts:30:40)
          at /data/Workspace/helios/starwards/modules/core/src/client/admin.ts:20:5
          at processTicksAndRejections (node:internal/process/task_queues:95:5)
          at /data/Workspace/helios/starwards/modules/core/src/client/connection-manager.ts:131:21

      at ConnectionManager.onConnectionError (modules/core/src/client/connection-manager.ts:144:21)

    console.log
      connection error: Error: disconnected from server
          at EventEmitter.<anonymous> (/data/Workspace/helios/starwards/modules/core/src/client/driver.ts:53:58)
          at /data/Workspace/helios/starwards/node_modules/colyseus.js/src/core/signal.ts:15:48
          at Array.forEach (<anonymous>)
          at EventEmitter.invoke (/data/Workspace/helios/starwards/node_modules/colyseus.js/src/core/signal.ts:15:19)
          at Function.register.invoke (/data/Workspace/helios/starwards/node_modules/colyseus.js/src/core/signal.ts:57:81)
          at WebSocket.connection.events.onclose (/data/Workspace/helios/starwards/node_modules/colyseus.js/src/Room.ts:89:30)
          at callListener (/data/Workspace/helios/starwards/node_modules/colyseus.js/node_modules/ws/lib/event-target.js:290:14)
          at WebSocket.onClose (/data/Workspace/helios/starwards/node_modules/colyseus.js/node_modules/ws/lib/event-target.js:220:9)
          at WebSocket.emit (node:events:524:28)
          at WebSocket.emitClose (/data/Workspace/helios/starwards/node_modules/colyseus.js/node_modules/ws/lib/websocket.js:272:10)
          at Socket.socketOnClose (/data/Workspace/helios/starwards/node_modules/colyseus.js/node_modules/ws/lib/websocket.js:1341:15)
          at Socket.emit (node:events:524:28)
          at TCP.<anonymous> (node:net:343:12)

      at ConnectionManager.onConnectionError (modules/core/src/client/connection-manager.ts:144:21)
          at Array.forEach (<anonymous>)

    console.log
      connection error: TypeError: Cannot read properties of undefined (reading 'decoder')
          at wireEvents (/data/Workspace/helios/starwards/node_modules/colyseus-events/src/wire-events.ts:30:40)
          at /data/Workspace/helios/starwards/modules/core/src/client/admin.ts:20:5
          at processTicksAndRejections (node:internal/process/task_queues:95:5)
          at /data/Workspace/helios/starwards/modules/core/src/client/connection-manager.ts:131:21

      at ConnectionManager.onConnectionError (modules/core/src/client/connection-manager.ts:144:21)

    console.log
      connection error: Error: disconnected from server
          at EventEmitter.<anonymous> (/data/Workspace/helios/starwards/modules/core/src/client/driver.ts:53:58)
          at /data/Workspace/helios/starwards/node_modules/colyseus.js/src/core/signal.ts:15:48
          at Array.forEach (<anonymous>)
          at EventEmitter.invoke (/data/Workspace/helios/starwards/node_modules/colyseus.js/src/core/signal.ts:15:19)
          at Function.register.invoke (/data/Workspace/helios/starwards/node_modules/colyseus.js/src/core/signal.ts:57:81)
          at WebSocket.connection.events.onclose (/data/Workspace/helios/starwards/node_modules/colyseus.js/src/Room.ts:89:30)
          at callListener (/data/Workspace/helios/starwards/node_modules/colyseus.js/node_modules/ws/lib/event-target.js:290:14)
          at WebSocket.onClose (/data/Workspace/helios/starwards/node_modules/colyseus.js/node_modules/ws/lib/event-target.js:220:9)
          at WebSocket.emit (node:events:524:28)
          at WebSocket.emitClose (/data/Workspace/helios/starwards/node_modules/colyseus.js/node_modules/ws/lib/websocket.js:272:10)
          at Socket.socketOnClose (/data/Workspace/helios/starwards/node_modules/colyseus.js/node_modules/ws/lib/websocket.js:1341:15)
          at Socket.emit (node:events:524:28)
          at TCP.<anonymous> (node:net:343:12)

      at ConnectionManager.onConnectionError (modules/core/src/client/connection-manager.ts:144:21)
          at Array.forEach (<anonymous>)

    console.log
      connection error: TypeError: Cannot read properties of undefined (reading 'decoder')
          at wireEvents (/data/Workspace/helios/starwards/node_modules/colyseus-events/src/wire-events.ts:30:40)
          at /data/Workspace/helios/starwards/modules/core/src/client/admin.ts:20:5
          at processTicksAndRejections (node:internal/process/task_queues:95:5)
          at /data/Workspace/helios/starwards/modules/core/src/client/connection-manager.ts:131:21

      at ConnectionManager.onConnectionError (modules/core/src/client/connection-manager.ts:144:21)

    console.log
      connection error: Error: disconnected from server
          at EventEmitter.<anonymous> (/data/Workspace/helios/starwards/modules/core/src/client/driver.ts:53:58)
          at /data/Workspace/helios/starwards/node_modules/colyseus.js/src/core/signal.ts:15:48
          at Array.forEach (<anonymous>)
          at EventEmitter.invoke (/data/Workspace/helios/starwards/node_modules/colyseus.js/src/core/signal.ts:15:19)
          at Function.register.invoke (/data/Workspace/helios/starwards/node_modules/colyseus.js/src/core/signal.ts:57:81)
          at WebSocket.connection.events.onclose (/data/Workspace/helios/starwards/node_modules/colyseus.js/src/Room.ts:89:30)
          at callListener (/data/Workspace/helios/starwards/node_modules/colyseus.js/node_modules/ws/lib/event-target.js:290:14)
          at WebSocket.onClose (/data/Workspace/helios/starwards/node_modules/colyseus.js/node_modules/ws/lib/event-target.js:220:9)
          at WebSocket.emit (node:events:524:28)
          at WebSocket.emitClose (/data/Workspace/helios/starwards/node_modules/colyseus.js/node_modules/ws/lib/websocket.js:272:10)
          at Socket.socketOnClose (/data/Workspace/helios/starwards/node_modules/colyseus.js/node_modules/ws/lib/websocket.js:1341:15)
          at Socket.emit (node:events:524:28)
          at TCP.<anonymous> (node:net:343:12)

      at ConnectionManager.onConnectionError (modules/core/src/client/connection-manager.ts:144:21)
          at Array.forEach (<anonymous>)

    console.log
      connection error: TypeError: Cannot read properties of undefined (reading 'decoder')
          at wireEvents (/data/Workspace/helios/starwards/node_modules/colyseus-events/src/wire-events.ts:30:40)
          at /data/Workspace/helios/starwards/modules/core/src/client/admin.ts:20:5
          at processTicksAndRejections (node:internal/process/task_queues:95:5)
          at /data/Workspace/helios/starwards/modules/core/src/client/connection-manager.ts:131:21

      at ConnectionManager.onConnectionError (modules/core/src/client/connection-manager.ts:144:21)

    console.log
      connection error: Error: disconnected from server
          at EventEmitter.<anonymous> (/data/Workspace/helios/starwards/modules/core/src/client/driver.ts:53:58)
          at /data/Workspace/helios/starwards/node_modules/colyseus.js/src/core/signal.ts:15:48
          at Array.forEach (<anonymous>)
          at EventEmitter.invoke (/data/Workspace/helios/starwards/node_modules/colyseus.js/src/core/signal.ts:15:19)
          at Function.register.invoke (/data/Workspace/helios/starwards/node_modules/colyseus.js/src/core/signal.ts:57:81)
          at WebSocket.connection.events.onclose (/data/Workspace/helios/starwards/node_modules/colyseus.js/src/Room.ts:89:30)
          at callListener (/data/Workspace/helios/starwards/node_modules/colyseus.js/node_modules/ws/lib/event-target.js:290:14)
          at WebSocket.onClose (/data/Workspace/helios/starwards/node_modules/colyseus.js/node_modules/ws/lib/event-target.js:220:9)
          at WebSocket.emit (node:events:524:28)
          at WebSocket.emitClose (/data/Workspace/helios/starwards/node_modules/colyseus.js/node_modules/ws/lib/websocket.js:272:10)
          at Socket.socketOnClose (/data/Workspace/helios/starwards/node_modules/colyseus.js/node_modules/ws/lib/websocket.js:1341:15)
          at Socket.emit (node:events:524:28)
          at TCP.<anonymous> (node:net:343:12)

      at ConnectionManager.onConnectionError (modules/core/src/client/connection-manager.ts:144:21)
          at Array.forEach (<anonymous>)

    console.log
      connection error: TypeError: Cannot read properties of undefined (reading 'decoder')
          at wireEvents (/data/Workspace/helios/starwards/node_modules/colyseus-events/src/wire-events.ts:30:40)
          at /data/Workspace/helios/starwards/modules/core/src/client/admin.ts:20:5
          at processTicksAndRejections (node:internal/process/task_queues:95:5)
          at /data/Workspace/helios/starwards/modules/core/src/client/connection-manager.ts:131:21

      at ConnectionManager.onConnectionError (modules/core/src/client/connection-manager.ts:144:21)

    console.log
      connection error: Error: disconnected from server
          at EventEmitter.<anonymous> (/data/Workspace/helios/starwards/modules/core/src/client/driver.ts:53:58)
          at /data/Workspace/helios/starwards/node_modules/colyseus.js/src/core/signal.ts:15:48
          at Array.forEach (<anonymous>)
          at EventEmitter.invoke (/data/Workspace/helios/starwards/node_modules/colyseus.js/src/core/signal.ts:15:19)
          at Function.register.invoke (/data/Workspace/helios/starwards/node_modules/colyseus.js/src/core/signal.ts:57:81)
          at WebSocket.connection.events.onclose (/data/Workspace/helios/starwards/node_modules/colyseus.js/src/Room.ts:89:30)
          at callListener (/data/Workspace/helios/starwards/node_modules/colyseus.js/node_modules/ws/lib/event-target.js:290:14)
          at WebSocket.onClose (/data/Workspace/helios/starwards/node_modules/colyseus.js/node_modules/ws/lib/event-target.js:220:9)
          at WebSocket.emit (node:events:524:28)
          at WebSocket.emitClose (/data/Workspace/helios/starwards/node_modules/colyseus.js/node_modules/ws/lib/websocket.js:272:10)
          at Socket.socketOnClose (/data/Workspace/helios/starwards/node_modules/colyseus.js/node_modules/ws/lib/websocket.js:1341:15)
          at Socket.emit (node:events:524:28)
          at TCP.<anonymous> (node:net:343:12)

      at ConnectionManager.onConnectionError (modules/core/src/client/connection-manager.ts:144:21)
          at Array.forEach (<anonymous>)

    console.log
      connection error: TypeError: Cannot read properties of undefined (reading 'decoder')
          at wireEvents (/data/Workspace/helios/starwards/node_modules/colyseus-events/src/wire-events.ts:30:40)
          at /data/Workspace/helios/starwards/modules/core/src/client/admin.ts:20:5
          at processTicksAndRejections (node:internal/process/task_queues:95:5)
          at /data/Workspace/helios/starwards/modules/core/src/client/connection-manager.ts:131:21

      at ConnectionManager.onConnectionError (modules/core/src/client/connection-manager.ts:144:21)

    console.log
      connection error: Error: disconnected from server
          at EventEmitter.<anonymous> (/data/Workspace/helios/starwards/modules/core/src/client/driver.ts:53:58)
          at /data/Workspace/helios/starwards/node_modules/colyseus.js/src/core/signal.ts:15:48
          at Array.forEach (<anonymous>)
          at EventEmitter.invoke (/data/Workspace/helios/starwards/node_modules/colyseus.js/src/core/signal.ts:15:19)
          at Function.register.invoke (/data/Workspace/helios/starwards/node_modules/colyseus.js/src/core/signal.ts:57:81)
          at WebSocket.connection.events.onclose (/data/Workspace/helios/starwards/node_modules/colyseus.js/src/Room.ts:89:30)
          at callListener (/data/Workspace/helios/starwards/node_modules/colyseus.js/node_modules/ws/lib/event-target.js:290:14)
          at WebSocket.onClose (/data/Workspace/helios/starwards/node_modules/colyseus.js/node_modules/ws/lib/event-target.js:220:9)
          at WebSocket.emit (node:events:524:28)
          at WebSocket.emitClose (/data/Workspace/helios/starwards/node_modules/colyseus.js/node_modules/ws/lib/websocket.js:272:10)
          at Socket.socketOnClose (/data/Workspace/helios/starwards/node_modules/colyseus.js/node_modules/ws/lib/websocket.js:1341:15)
          at Socket.emit (node:events:524:28)
          at TCP.<anonymous> (node:net:343:12)

      at ConnectionManager.onConnectionError (modules/core/src/client/connection-manager.ts:144:21)
          at Array.forEach (<anonymous>)

    console.log
      connection error: TypeError: Cannot read properties of undefined (reading 'decoder')
          at wireEvents (/data/Workspace/helios/starwards/node_modules/colyseus-events/src/wire-events.ts:30:40)
          at /data/Workspace/helios/starwards/modules/core/src/client/admin.ts:20:5
          at processTicksAndRejections (node:internal/process/task_queues:95:5)
          at /data/Workspace/helios/starwards/modules/core/src/client/connection-manager.ts:131:21

      at ConnectionManager.onConnectionError (modules/core/src/client/connection-manager.ts:144:21)

    console.log
      connection error: Error: disconnected from server
          at EventEmitter.<anonymous> (/data/Workspace/helios/starwards/modules/core/src/client/driver.ts:53:58)
          at /data/Workspace/helios/starwards/node_modules/colyseus.js/src/core/signal.ts:15:48
          at Array.forEach (<anonymous>)
          at EventEmitter.invoke (/data/Workspace/helios/starwards/node_modules/colyseus.js/src/core/signal.ts:15:19)
          at Function.register.invoke (/data/Workspace/helios/starwards/node_modules/colyseus.js/src/core/signal.ts:57:81)
          at WebSocket.connection.events.onclose (/data/Workspace/helios/starwards/node_modules/colyseus.js/src/Room.ts:89:30)
          at callListener (/data/Workspace/helios/starwards/node_modules/colyseus.js/node_modules/ws/lib/event-target.js:290:14)
          at WebSocket.onClose (/data/Workspace/helios/starwards/node_modules/colyseus.js/node_modules/ws/lib/event-target.js:220:9)
          at WebSocket.emit (node:events:524:28)
          at WebSocket.emitClose (/data/Workspace/helios/starwards/node_modules/colyseus.js/node_modules/ws/lib/websocket.js:272:10)
          at Socket.socketOnClose (/data/Workspace/helios/starwards/node_modules/colyseus.js/node_modules/ws/lib/websocket.js:1341:15)
          at Socket.emit (node:events:524:28)
          at TCP.<anonymous> (node:net:343:12)

      at ConnectionManager.onConnectionError (modules/core/src/client/connection-manager.ts:144:21)
          at Array.forEach (<anonymous>)

    console.log
      connection error: TypeError: Cannot read properties of undefined (reading 'decoder')
          at wireEvents (/data/Workspace/helios/starwards/node_modules/colyseus-events/src/wire-events.ts:30:40)
          at /data/Workspace/helios/starwards/modules/core/src/client/admin.ts:20:5
          at processTicksAndRejections (node:internal/process/task_queues:95:5)
          at /data/Workspace/helios/starwards/modules/core/src/client/connection-manager.ts:131:21

      at ConnectionManager.onConnectionError (modules/core/src/client/connection-manager.ts:144:21)

    console.log
      connection error: Error: disconnected from server
          at EventEmitter.<anonymous> (/data/Workspace/helios/starwards/modules/core/src/client/driver.ts:53:58)
          at /data/Workspace/helios/starwards/node_modules/colyseus.js/src/core/signal.ts:15:48
          at Array.forEach (<anonymous>)
          at EventEmitter.invoke (/data/Workspace/helios/starwards/node_modules/colyseus.js/src/core/signal.ts:15:19)
          at Function.register.invoke (/data/Workspace/helios/starwards/node_modules/colyseus.js/src/core/signal.ts:57:81)
          at WebSocket.connection.events.onclose (/data/Workspace/helios/starwards/node_modules/colyseus.js/src/Room.ts:89:30)
          at callListener (/data/Workspace/helios/starwards/node_modules/colyseus.js/node_modules/ws/lib/event-target.js:290:14)
          at WebSocket.onClose (/data/Workspace/helios/starwards/node_modules/colyseus.js/node_modules/ws/lib/event-target.js:220:9)
          at WebSocket.emit (node:events:524:28)
          at WebSocket.emitClose (/data/Workspace/helios/starwards/node_modules/colyseus.js/node_modules/ws/lib/websocket.js:272:10)
          at Socket.socketOnClose (/data/Workspace/helios/starwards/node_modules/colyseus.js/node_modules/ws/lib/websocket.js:1341:15)
          at Socket.emit (node:events:524:28)
          at TCP.<anonymous> (node:net:343:12)

      at ConnectionManager.onConnectionError (modules/core/src/client/connection-manager.ts:144:21)
          at Array.forEach (<anonymous>)

    console.log
      connection error: TypeError: Cannot read properties of undefined (reading 'decoder')
          at wireEvents (/data/Workspace/helios/starwards/node_modules/colyseus-events/src/wire-events.ts:30:40)
          at /data/Workspace/helios/starwards/modules/core/src/client/admin.ts:20:5
          at processTicksAndRejections (node:internal/process/task_queues:95:5)
          at /data/Workspace/helios/starwards/modules/core/src/client/connection-manager.ts:131:21

      at ConnectionManager.onConnectionError (modules/core/src/client/connection-manager.ts:144:21)

    console.log
      connection error: Error: disconnected from server
          at EventEmitter.<anonymous> (/data/Workspace/helios/starwards/modules/core/src/client/driver.ts:53:58)
          at /data/Workspace/helios/starwards/node_modules/colyseus.js/src/core/signal.ts:15:48
          at Array.forEach (<anonymous>)
          at EventEmitter.invoke (/data/Workspace/helios/starwards/node_modules/colyseus.js/src/core/signal.ts:15:19)
          at Function.register.invoke (/data/Workspace/helios/starwards/node_modules/colyseus.js/src/core/signal.ts:57:81)
          at WebSocket.connection.events.onclose (/data/Workspace/helios/starwards/node_modules/colyseus.js/src/Room.ts:89:30)
          at callListener (/data/Workspace/helios/starwards/node_modules/colyseus.js/node_modules/ws/lib/event-target.js:290:14)
          at WebSocket.onClose (/data/Workspace/helios/starwards/node_modules/colyseus.js/node_modules/ws/lib/event-target.js:220:9)
          at WebSocket.emit (node:events:524:28)
          at WebSocket.emitClose (/data/Workspace/helios/starwards/node_modules/colyseus.js/node_modules/ws/lib/websocket.js:272:10)
          at Socket.socketOnClose (/data/Workspace/helios/starwards/node_modules/colyseus.js/node_modules/ws/lib/websocket.js:1341:15)
          at Socket.emit (node:events:524:28)
          at TCP.<anonymous> (node:net:343:12)

      at ConnectionManager.onConnectionError (modules/core/src/client/connection-manager.ts:144:21)
          at Array.forEach (<anonymous>)

    console.log
      connection error: TypeError: Cannot read properties of undefined (reading 'decoder')
          at wireEvents (/data/Workspace/helios/starwards/node_modules/colyseus-events/src/wire-events.ts:30:40)
          at /data/Workspace/helios/starwards/modules/core/src/client/admin.ts:20:5
          at processTicksAndRejections (node:internal/process/task_queues:95:5)
          at /data/Workspace/helios/starwards/modules/core/src/client/connection-manager.ts:131:21

      at ConnectionManager.onConnectionError (modules/core/src/client/connection-manager.ts:144:21)

    console.log
      connection error: Error: disconnected from server
          at EventEmitter.<anonymous> (/data/Workspace/helios/starwards/modules/core/src/client/driver.ts:53:58)
          at /data/Workspace/helios/starwards/node_modules/colyseus.js/src/core/signal.ts:15:48
          at Array.forEach (<anonymous>)
          at EventEmitter.invoke (/data/Workspace/helios/starwards/node_modules/colyseus.js/src/core/signal.ts:15:19)
          at Function.register.invoke (/data/Workspace/helios/starwards/node_modules/colyseus.js/src/core/signal.ts:57:81)
          at WebSocket.connection.events.onclose (/data/Workspace/helios/starwards/node_modules/colyseus.js/src/Room.ts:89:30)
          at callListener (/data/Workspace/helios/starwards/node_modules/colyseus.js/node_modules/ws/lib/event-target.js:290:14)
          at WebSocket.onClose (/data/Workspace/helios/starwards/node_modules/colyseus.js/node_modules/ws/lib/event-target.js:220:9)
          at WebSocket.emit (node:events:524:28)
          at WebSocket.emitClose (/data/Workspace/helios/starwards/node_modules/colyseus.js/node_modules/ws/lib/websocket.js:272:10)
          at Socket.socketOnClose (/data/Workspace/helios/starwards/node_modules/colyseus.js/node_modules/ws/lib/websocket.js:1341:15)
          at Socket.emit (node:events:524:28)
          at TCP.<anonymous> (node:net:343:12)

      at ConnectionManager.onConnectionError (modules/core/src/client/connection-manager.ts:144:21)
          at Array.forEach (<anonymous>)

    console.log
      connection error: TypeError: Cannot read properties of undefined (reading 'decoder')
          at wireEvents (/data/Workspace/helios/starwards/node_modules/colyseus-events/src/wire-events.ts:30:40)
          at /data/Workspace/helios/starwards/modules/core/src/client/admin.ts:20:5
          at processTicksAndRejections (node:internal/process/task_queues:95:5)
          at /data/Workspace/helios/starwards/modules/core/src/client/connection-manager.ts:131:21

      at ConnectionManager.onConnectionError (modules/core/src/client/connection-manager.ts:144:21)

    console.log
      connection error: Error: disconnected from server
          at EventEmitter.<anonymous> (/data/Workspace/helios/starwards/modules/core/src/client/driver.ts:53:58)
          at /data/Workspace/helios/starwards/node_modules/colyseus.js/src/core/signal.ts:15:48
          at Array.forEach (<anonymous>)
          at EventEmitter.invoke (/data/Workspace/helios/starwards/node_modules/colyseus.js/src/core/signal.ts:15:19)
          at Function.register.invoke (/data/Workspace/helios/starwards/node_modules/colyseus.js/src/core/signal.ts:57:81)
          at WebSocket.connection.events.onclose (/data/Workspace/helios/starwards/node_modules/colyseus.js/src/Room.ts:89:30)
          at callListener (/data/Workspace/helios/starwards/node_modules/colyseus.js/node_modules/ws/lib/event-target.js:290:14)
          at WebSocket.onClose (/data/Workspace/helios/starwards/node_modules/colyseus.js/node_modules/ws/lib/event-target.js:220:9)
          at WebSocket.emit (node:events:524:28)
          at WebSocket.emitClose (/data/Workspace/helios/starwards/node_modules/colyseus.js/node_modules/ws/lib/websocket.js:272:10)
          at Socket.socketOnClose (/data/Workspace/helios/starwards/node_modules/colyseus.js/node_modules/ws/lib/websocket.js:1341:15)
          at Socket.emit (node:events:524:28)
          at TCP.<anonymous> (node:net:343:12)

      at ConnectionManager.onConnectionError (modules/core/src/client/connection-manager.ts:144:21)
          at Array.forEach (<anonymous>)

    console.log
      connection error: TypeError: Cannot read properties of undefined (reading 'decoder')
          at wireEvents (/data/Workspace/helios/starwards/node_modules/colyseus-events/src/wire-events.ts:30:40)
          at /data/Workspace/helios/starwards/modules/core/src/client/admin.ts:20:5
          at processTicksAndRejections (node:internal/process/task_queues:95:5)
          at /data/Workspace/helios/starwards/modules/core/src/client/connection-manager.ts:131:21

      at ConnectionManager.onConnectionError (modules/core/src/client/connection-manager.ts:144:21)

    console.log
      connection error: Error: disconnected from server
          at EventEmitter.<anonymous> (/data/Workspace/helios/starwards/modules/core/src/client/driver.ts:53:58)
          at /data/Workspace/helios/starwards/node_modules/colyseus.js/src/core/signal.ts:15:48
          at Array.forEach (<anonymous>)
          at EventEmitter.invoke (/data/Workspace/helios/starwards/node_modules/colyseus.js/src/core/signal.ts:15:19)
          at Function.register.invoke (/data/Workspace/helios/starwards/node_modules/colyseus.js/src/core/signal.ts:57:81)
          at WebSocket.connection.events.onclose (/data/Workspace/helios/starwards/node_modules/colyseus.js/src/Room.ts:89:30)
          at callListener (/data/Workspace/helios/starwards/node_modules/colyseus.js/node_modules/ws/lib/event-target.js:290:14)
          at WebSocket.onClose (/data/Workspace/helios/starwards/node_modules/colyseus.js/node_modules/ws/lib/event-target.js:220:9)
          at WebSocket.emit (node:events:524:28)
          at WebSocket.emitClose (/data/Workspace/helios/starwards/node_modules/colyseus.js/node_modules/ws/lib/websocket.js:272:10)
          at Socket.socketOnClose (/data/Workspace/helios/starwards/node_modules/colyseus.js/node_modules/ws/lib/websocket.js:1341:15)
          at Socket.emit (node:events:524:28)
          at TCP.<anonymous> (node:net:343:12)

      at ConnectionManager.onConnectionError (modules/core/src/client/connection-manager.ts:144:21)
          at Array.forEach (<anonymous>)

    console.log
      connection error: TypeError: Cannot read properties of undefined (reading 'decoder')
          at wireEvents (/data/Workspace/helios/starwards/node_modules/colyseus-events/src/wire-events.ts:30:40)
          at /data/Workspace/helios/starwards/modules/core/src/client/admin.ts:20:5
          at processTicksAndRejections (node:internal/process/task_queues:95:5)
          at /data/Workspace/helios/starwards/modules/core/src/client/connection-manager.ts:131:21

      at ConnectionManager.onConnectionError (modules/core/src/client/connection-manager.ts:144:21)

    console.log
      connection error: Error: disconnected from server
          at EventEmitter.<anonymous> (/data/Workspace/helios/starwards/modules/core/src/client/driver.ts:53:58)
          at /data/Workspace/helios/starwards/node_modules/colyseus.js/src/core/signal.ts:15:48
          at Array.forEach (<anonymous>)
          at EventEmitter.invoke (/data/Workspace/helios/starwards/node_modules/colyseus.js/src/core/signal.ts:15:19)
          at Function.register.invoke (/data/Workspace/helios/starwards/node_modules/colyseus.js/src/core/signal.ts:57:81)
          at WebSocket.connection.events.onclose (/data/Workspace/helios/starwards/node_modules/colyseus.js/src/Room.ts:89:30)
          at callListener (/data/Workspace/helios/starwards/node_modules/colyseus.js/node_modules/ws/lib/event-target.js:290:14)
          at WebSocket.onClose (/data/Workspace/helios/starwards/node_modules/colyseus.js/node_modules/ws/lib/event-target.js:220:9)
          at WebSocket.emit (node:events:524:28)
          at WebSocket.emitClose (/data/Workspace/helios/starwards/node_modules/colyseus.js/node_modules/ws/lib/websocket.js:272:10)
          at Socket.socketOnClose (/data/Workspace/helios/starwards/node_modules/colyseus.js/node_modules/ws/lib/websocket.js:1341:15)
          at Socket.emit (node:events:524:28)
          at TCP.<anonymous> (node:net:343:12)

      at ConnectionManager.onConnectionError (modules/core/src/client/connection-manager.ts:144:21)
          at Array.forEach (<anonymous>)

    console.log
      connection error: TypeError: Cannot read properties of undefined (reading 'decoder')
          at wireEvents (/data/Workspace/helios/starwards/node_modules/colyseus-events/src/wire-events.ts:30:40)
          at /data/Workspace/helios/starwards/modules/core/src/client/admin.ts:20:5
          at processTicksAndRejections (node:internal/process/task_queues:95:5)
          at /data/Workspace/helios/starwards/modules/core/src/client/connection-manager.ts:131:21

      at ConnectionManager.onConnectionError (modules/core/src/client/connection-manager.ts:144:21)

    console.log
      connection error: Error: disconnected from server
          at EventEmitter.<anonymous> (/data/Workspace/helios/starwards/modules/core/src/client/driver.ts:53:58)
          at /data/Workspace/helios/starwards/node_modules/colyseus.js/src/core/signal.ts:15:48
          at Array.forEach (<anonymous>)
          at EventEmitter.invoke (/data/Workspace/helios/starwards/node_modules/colyseus.js/src/core/signal.ts:15:19)
          at Function.register.invoke (/data/Workspace/helios/starwards/node_modules/colyseus.js/src/core/signal.ts:57:81)
          at WebSocket.connection.events.onclose (/data/Workspace/helios/starwards/node_modules/colyseus.js/src/Room.ts:89:30)
          at callListener (/data/Workspace/helios/starwards/node_modules/colyseus.js/node_modules/ws/lib/event-target.js:290:14)
          at WebSocket.onClose (/data/Workspace/helios/starwards/node_modules/colyseus.js/node_modules/ws/lib/event-target.js:220:9)
          at WebSocket.emit (node:events:524:28)
          at WebSocket.emitClose (/data/Workspace/helios/starwards/node_modules/colyseus.js/node_modules/ws/lib/websocket.js:272:10)
          at Socket.socketOnClose (/data/Workspace/helios/starwards/node_modules/colyseus.js/node_modules/ws/lib/websocket.js:1341:15)
          at Socket.emit (node:events:524:28)
          at TCP.<anonymous> (node:net:343:12)

      at ConnectionManager.onConnectionError (modules/core/src/client/connection-manager.ts:144:21)
          at Array.forEach (<anonymous>)

    console.log
      connection error: TypeError: Cannot read properties of undefined (reading 'decoder')
          at wireEvents (/data/Workspace/helios/starwards/node_modules/colyseus-events/src/wire-events.ts:30:40)
          at /data/Workspace/helios/starwards/modules/core/src/client/admin.ts:20:5
          at processTicksAndRejections (node:internal/process/task_queues:95:5)
          at /data/Workspace/helios/starwards/modules/core/src/client/connection-manager.ts:131:21

      at ConnectionManager.onConnectionError (modules/core/src/client/connection-manager.ts:144:21)

    console.log
      connection error: Error: disconnected from server
          at EventEmitter.<anonymous> (/data/Workspace/helios/starwards/modules/core/src/client/driver.ts:53:58)
          at /data/Workspace/helios/starwards/node_modules/colyseus.js/src/core/signal.ts:15:48
          at Array.forEach (<anonymous>)
          at EventEmitter.invoke (/data/Workspace/helios/starwards/node_modules/colyseus.js/src/core/signal.ts:15:19)
          at Function.register.invoke (/data/Workspace/helios/starwards/node_modules/colyseus.js/src/core/signal.ts:57:81)
          at WebSocket.connection.events.onclose (/data/Workspace/helios/starwards/node_modules/colyseus.js/src/Room.ts:89:30)
          at callListener (/data/Workspace/helios/starwards/node_modules/colyseus.js/node_modules/ws/lib/event-target.js:290:14)
          at WebSocket.onClose (/data/Workspace/helios/starwards/node_modules/colyseus.js/node_modules/ws/lib/event-target.js:220:9)
          at WebSocket.emit (node:events:524:28)
          at WebSocket.emitClose (/data/Workspace/helios/starwards/node_modules/colyseus.js/node_modules/ws/lib/websocket.js:272:10)
          at Socket.socketOnClose (/data/Workspace/helios/starwards/node_modules/colyseus.js/node_modules/ws/lib/websocket.js:1341:15)
          at Socket.emit (node:events:524:28)
          at TCP.<anonymous> (node:net:343:12)

      at ConnectionManager.onConnectionError (modules/core/src/client/connection-manager.ts:144:21)
          at Array.forEach (<anonymous>)

    console.log
      connection error: TypeError: Cannot read properties of undefined (reading 'decoder')
          at wireEvents (/data/Workspace/helios/starwards/node_modules/colyseus-events/src/wire-events.ts:30:40)
          at /data/Workspace/helios/starwards/modules/core/src/client/admin.ts:20:5
          at processTicksAndRejections (node:internal/process/task_queues:95:5)
          at /data/Workspace/helios/starwards/modules/core/src/client/connection-manager.ts:131:21

      at ConnectionManager.onConnectionError (modules/core/src/client/connection-manager.ts:144:21)

    console.log
      connection error: Error: disconnected from server
          at EventEmitter.<anonymous> (/data/Workspace/helios/starwards/modules/core/src/client/driver.ts:53:58)
          at /data/Workspace/helios/starwards/node_modules/colyseus.js/src/core/signal.ts:15:48
          at Array.forEach (<anonymous>)
          at EventEmitter.invoke (/data/Workspace/helios/starwards/node_modules/colyseus.js/src/core/signal.ts:15:19)
          at Function.register.invoke (/data/Workspace/helios/starwards/node_modules/colyseus.js/src/core/signal.ts:57:81)
          at WebSocket.connection.events.onclose (/data/Workspace/helios/starwards/node_modules/colyseus.js/src/Room.ts:89:30)
          at callListener (/data/Workspace/helios/starwards/node_modules/colyseus.js/node_modules/ws/lib/event-target.js:290:14)
          at WebSocket.onClose (/data/Workspace/helios/starwards/node_modules/colyseus.js/node_modules/ws/lib/event-target.js:220:9)
          at WebSocket.emit (node:events:524:28)
          at WebSocket.emitClose (/data/Workspace/helios/starwards/node_modules/colyseus.js/node_modules/ws/lib/websocket.js:272:10)
          at Socket.socketOnClose (/data/Workspace/helios/starwards/node_modules/colyseus.js/node_modules/ws/lib/websocket.js:1341:15)
          at Socket.emit (node:events:524:28)
          at TCP.<anonymous> (node:net:343:12)

      at ConnectionManager.onConnectionError (modules/core/src/client/connection-manager.ts:144:21)
          at Array.forEach (<anonymous>)

    console.log
      connection error: TypeError: Cannot read properties of undefined (reading 'decoder')
          at wireEvents (/data/Workspace/helios/starwards/node_modules/colyseus-events/src/wire-events.ts:30:40)
          at /data/Workspace/helios/starwards/modules/core/src/client/admin.ts:20:5
          at processTicksAndRejections (node:internal/process/task_queues:95:5)
          at /data/Workspace/helios/starwards/modules/core/src/client/connection-manager.ts:131:21

      at ConnectionManager.onConnectionError (modules/core/src/client/connection-manager.ts:144:21)

    console.log
      connection error: Error: disconnected from server
          at EventEmitter.<anonymous> (/data/Workspace/helios/starwards/modules/core/src/client/driver.ts:53:58)
          at /data/Workspace/helios/starwards/node_modules/colyseus.js/src/core/signal.ts:15:48
          at Array.forEach (<anonymous>)
          at EventEmitter.invoke (/data/Workspace/helios/starwards/node_modules/colyseus.js/src/core/signal.ts:15:19)
          at Function.register.invoke (/data/Workspace/helios/starwards/node_modules/colyseus.js/src/core/signal.ts:57:81)
          at WebSocket.connection.events.onclose (/data/Workspace/helios/starwards/node_modules/colyseus.js/src/Room.ts:89:30)
          at callListener (/data/Workspace/helios/starwards/node_modules/colyseus.js/node_modules/ws/lib/event-target.js:290:14)
          at WebSocket.onClose (/data/Workspace/helios/starwards/node_modules/colyseus.js/node_modules/ws/lib/event-target.js:220:9)
          at WebSocket.emit (node:events:524:28)
          at WebSocket.emitClose (/data/Workspace/helios/starwards/node_modules/colyseus.js/node_modules/ws/lib/websocket.js:272:10)
          at Socket.socketOnClose (/data/Workspace/helios/starwards/node_modules/colyseus.js/node_modules/ws/lib/websocket.js:1341:15)
          at Socket.emit (node:events:524:28)
          at TCP.<anonymous> (node:net:343:12)

      at ConnectionManager.onConnectionError (modules/core/src/client/connection-manager.ts:144:21)
          at Array.forEach (<anonymous>)

    console.log
      connection error: TypeError: Cannot read properties of undefined (reading 'decoder')
          at wireEvents (/data/Workspace/helios/starwards/node_modules/colyseus-events/src/wire-events.ts:30:40)
          at /data/Workspace/helios/starwards/modules/core/src/client/admin.ts:20:5
          at processTicksAndRejections (node:internal/process/task_queues:95:5)
          at /data/Workspace/helios/starwards/modules/core/src/client/connection-manager.ts:131:21

      at ConnectionManager.onConnectionError (modules/core/src/client/connection-manager.ts:144:21)

    console.log
      connection error: Error: disconnected from server
          at EventEmitter.<anonymous> (/data/Workspace/helios/starwards/modules/core/src/client/driver.ts:53:58)
          at /data/Workspace/helios/starwards/node_modules/colyseus.js/src/core/signal.ts:15:48
          at Array.forEach (<anonymous>)
          at EventEmitter.invoke (/data/Workspace/helios/starwards/node_modules/colyseus.js/src/core/signal.ts:15:19)
          at Function.register.invoke (/data/Workspace/helios/starwards/node_modules/colyseus.js/src/core/signal.ts:57:81)
          at WebSocket.connection.events.onclose (/data/Workspace/helios/starwards/node_modules/colyseus.js/src/Room.ts:89:30)
          at callListener (/data/Workspace/helios/starwards/node_modules/colyseus.js/node_modules/ws/lib/event-target.js:290:14)
          at WebSocket.onClose (/data/Workspace/helios/starwards/node_modules/colyseus.js/node_modules/ws/lib/event-target.js:220:9)
          at WebSocket.emit (node:events:524:28)
          at WebSocket.emitClose (/data/Workspace/helios/starwards/node_modules/colyseus.js/node_modules/ws/lib/websocket.js:272:10)
          at Socket.socketOnClose (/data/Workspace/helios/starwards/node_modules/colyseus.js/node_modules/ws/lib/websocket.js:1341:15)
          at Socket.emit (node:events:524:28)
          at TCP.<anonymous> (node:net:343:12)

      at ConnectionManager.onConnectionError (modules/core/src/client/connection-manager.ts:144:21)
          at Array.forEach (<anonymous>)

    console.log
      connection error: TypeError: Cannot read properties of undefined (reading 'decoder')
          at wireEvents (/data/Workspace/helios/starwards/node_modules/colyseus-events/src/wire-events.ts:30:40)
          at /data/Workspace/helios/starwards/modules/core/src/client/admin.ts:20:5
          at processTicksAndRejections (node:internal/process/task_queues:95:5)
          at /data/Workspace/helios/starwards/modules/core/src/client/connection-manager.ts:131:21

      at ConnectionManager.onConnectionError (modules/core/src/client/connection-manager.ts:144:21)

    console.log
      connection error: Error: disconnected from server
          at EventEmitter.<anonymous> (/data/Workspace/helios/starwards/modules/core/src/client/driver.ts:53:58)
          at /data/Workspace/helios/starwards/node_modules/colyseus.js/src/core/signal.ts:15:48
          at Array.forEach (<anonymous>)
          at EventEmitter.invoke (/data/Workspace/helios/starwards/node_modules/colyseus.js/src/core/signal.ts:15:19)
          at Function.register.invoke (/data/Workspace/helios/starwards/node_modules/colyseus.js/src/core/signal.ts:57:81)
          at WebSocket.connection.events.onclose (/data/Workspace/helios/starwards/node_modules/colyseus.js/src/Room.ts:89:30)
          at callListener (/data/Workspace/helios/starwards/node_modules/colyseus.js/node_modules/ws/lib/event-target.js:290:14)
          at WebSocket.onClose (/data/Workspace/helios/starwards/node_modules/colyseus.js/node_modules/ws/lib/event-target.js:220:9)
          at WebSocket.emit (node:events:524:28)
          at WebSocket.emitClose (/data/Workspace/helios/starwards/node_modules/colyseus.js/node_modules/ws/lib/websocket.js:272:10)
          at Socket.socketOnClose (/data/Workspace/helios/starwards/node_modules/colyseus.js/node_modules/ws/lib/websocket.js:1341:15)
          at Socket.emit (node:events:524:28)
          at TCP.<anonymous> (node:net:343:12)

      at ConnectionManager.onConnectionError (modules/core/src/client/connection-manager.ts:144:21)
          at Array.forEach (<anonymous>)

    console.log
      connection error: TypeError: Cannot read properties of undefined (reading 'decoder')
          at wireEvents (/data/Workspace/helios/starwards/node_modules/colyseus-events/src/wire-events.ts:30:40)
          at /data/Workspace/helios/starwards/modules/core/src/client/admin.ts:20:5
          at processTicksAndRejections (node:internal/process/task_queues:95:5)
          at /data/Workspace/helios/starwards/modules/core/src/client/connection-manager.ts:131:21

      at ConnectionManager.onConnectionError (modules/core/src/client/connection-manager.ts:144:21)

    console.log
      connection error: Error: disconnected from server
          at EventEmitter.<anonymous> (/data/Workspace/helios/starwards/modules/core/src/client/driver.ts:53:58)
          at /data/Workspace/helios/starwards/node_modules/colyseus.js/src/core/signal.ts:15:48
          at Array.forEach (<anonymous>)
          at EventEmitter.invoke (/data/Workspace/helios/starwards/node_modules/colyseus.js/src/core/signal.ts:15:19)
          at Function.register.invoke (/data/Workspace/helios/starwards/node_modules/colyseus.js/src/core/signal.ts:57:81)
          at WebSocket.connection.events.onclose (/data/Workspace/helios/starwards/node_modules/colyseus.js/src/Room.ts:89:30)
          at callListener (/data/Workspace/helios/starwards/node_modules/colyseus.js/node_modules/ws/lib/event-target.js:290:14)
          at WebSocket.onClose (/data/Workspace/helios/starwards/node_modules/colyseus.js/node_modules/ws/lib/event-target.js:220:9)
          at WebSocket.emit (node:events:524:28)
          at WebSocket.emitClose (/data/Workspace/helios/starwards/node_modules/colyseus.js/node_modules/ws/lib/websocket.js:272:10)
          at Socket.socketOnClose (/data/Workspace/helios/starwards/node_modules/colyseus.js/node_modules/ws/lib/websocket.js:1341:15)
          at Socket.emit (node:events:524:28)
          at TCP.<anonymous> (node:net:343:12)

      at ConnectionManager.onConnectionError (modules/core/src/client/connection-manager.ts:144:21)
          at Array.forEach (<anonymous>)

    console.log
      connection error: TypeError: Cannot read properties of undefined (reading 'decoder')
          at wireEvents (/data/Workspace/helios/starwards/node_modules/colyseus-events/src/wire-events.ts:30:40)
          at /data/Workspace/helios/starwards/modules/core/src/client/admin.ts:20:5
          at processTicksAndRejections (node:internal/process/task_queues:95:5)
          at /data/Workspace/helios/starwards/modules/core/src/client/connection-manager.ts:131:21

      at ConnectionManager.onConnectionError (modules/core/src/client/connection-manager.ts:144:21)

    console.log
      connection error: Error: disconnected from server
          at EventEmitter.<anonymous> (/data/Workspace/helios/starwards/modules/core/src/client/driver.ts:53:58)
          at /data/Workspace/helios/starwards/node_modules/colyseus.js/src/core/signal.ts:15:48
          at Array.forEach (<anonymous>)
          at EventEmitter.invoke (/data/Workspace/helios/starwards/node_modules/colyseus.js/src/core/signal.ts:15:19)
          at Function.register.invoke (/data/Workspace/helios/starwards/node_modules/colyseus.js/src/core/signal.ts:57:81)
          at WebSocket.connection.events.onclose (/data/Workspace/helios/starwards/node_modules/colyseus.js/src/Room.ts:89:30)
          at callListener (/data/Workspace/helios/starwards/node_modules/colyseus.js/node_modules/ws/lib/event-target.js:290:14)
          at WebSocket.onClose (/data/Workspace/helios/starwards/node_modules/colyseus.js/node_modules/ws/lib/event-target.js:220:9)
          at WebSocket.emit (node:events:524:28)
          at WebSocket.emitClose (/data/Workspace/helios/starwards/node_modules/colyseus.js/node_modules/ws/lib/websocket.js:272:10)
          at Socket.socketOnClose (/data/Workspace/helios/starwards/node_modules/colyseus.js/node_modules/ws/lib/websocket.js:1341:15)
          at Socket.emit (node:events:524:28)
          at TCP.<anonymous> (node:net:343:12)

      at ConnectionManager.onConnectionError (modules/core/src/client/connection-manager.ts:144:21)
          at Array.forEach (<anonymous>)

    console.log
      connection error: TypeError: Cannot read properties of undefined (reading 'decoder')
          at wireEvents (/data/Workspace/helios/starwards/node_modules/colyseus-events/src/wire-events.ts:30:40)
          at /data/Workspace/helios/starwards/modules/core/src/client/admin.ts:20:5
          at processTicksAndRejections (node:internal/process/task_queues:95:5)
          at /data/Workspace/helios/starwards/modules/core/src/client/connection-manager.ts:131:21

      at ConnectionManager.onConnectionError (modules/core/src/client/connection-manager.ts:144:21)

    console.log
      connection error: Error: disconnected from server
          at EventEmitter.<anonymous> (/data/Workspace/helios/starwards/modules/core/src/client/driver.ts:53:58)
          at /data/Workspace/helios/starwards/node_modules/colyseus.js/src/core/signal.ts:15:48
          at Array.forEach (<anonymous>)
          at EventEmitter.invoke (/data/Workspace/helios/starwards/node_modules/colyseus.js/src/core/signal.ts:15:19)
          at Function.register.invoke (/data/Workspace/helios/starwards/node_modules/colyseus.js/src/core/signal.ts:57:81)
          at WebSocket.connection.events.onclose (/data/Workspace/helios/starwards/node_modules/colyseus.js/src/Room.ts:89:30)
          at callListener (/data/Workspace/helios/starwards/node_modules/colyseus.js/node_modules/ws/lib/event-target.js:290:14)
          at WebSocket.onClose (/data/Workspace/helios/starwards/node_modules/colyseus.js/node_modules/ws/lib/event-target.js:220:9)
          at WebSocket.emit (node:events:524:28)
          at WebSocket.emitClose (/data/Workspace/helios/starwards/node_modules/colyseus.js/node_modules/ws/lib/websocket.js:272:10)
          at Socket.socketOnClose (/data/Workspace/helios/starwards/node_modules/colyseus.js/node_modules/ws/lib/websocket.js:1341:15)
          at Socket.emit (node:events:524:28)
          at TCP.<anonymous> (node:net:343:12)

      at ConnectionManager.onConnectionError (modules/core/src/client/connection-manager.ts:144:21)
          at Array.forEach (<anonymous>)

    console.log
      connection error: TypeError: Cannot read properties of undefined (reading 'decoder')
          at wireEvents (/data/Workspace/helios/starwards/node_modules/colyseus-events/src/wire-events.ts:30:40)
          at /data/Workspace/helios/starwards/modules/core/src/client/admin.ts:20:5
          at processTicksAndRejections (node:internal/process/task_queues:95:5)
          at /data/Workspace/helios/starwards/modules/core/src/client/connection-manager.ts:131:21

      at ConnectionManager.onConnectionError (modules/core/src/client/connection-manager.ts:144:21)

    console.log
      connection error: Error: disconnected from server
          at EventEmitter.<anonymous> (/data/Workspace/helios/starwards/modules/core/src/client/driver.ts:53:58)
          at /data/Workspace/helios/starwards/node_modules/colyseus.js/src/core/signal.ts:15:48
          at Array.forEach (<anonymous>)
          at EventEmitter.invoke (/data/Workspace/helios/starwards/node_modules/colyseus.js/src/core/signal.ts:15:19)
          at Function.register.invoke (/data/Workspace/helios/starwards/node_modules/colyseus.js/src/core/signal.ts:57:81)
          at WebSocket.connection.events.onclose (/data/Workspace/helios/starwards/node_modules/colyseus.js/src/Room.ts:89:30)
          at callListener (/data/Workspace/helios/starwards/node_modules/colyseus.js/node_modules/ws/lib/event-target.js:290:14)
          at WebSocket.onClose (/data/Workspace/helios/starwards/node_modules/colyseus.js/node_modules/ws/lib/event-target.js:220:9)
          at WebSocket.emit (node:events:524:28)
          at WebSocket.emitClose (/data/Workspace/helios/starwards/node_modules/colyseus.js/node_modules/ws/lib/websocket.js:272:10)
          at Socket.socketOnClose (/data/Workspace/helios/starwards/node_modules/colyseus.js/node_modules/ws/lib/websocket.js:1341:15)
          at Socket.emit (node:events:524:28)
          at TCP.<anonymous> (node:net:343:12)

      at ConnectionManager.onConnectionError (modules/core/src/client/connection-manager.ts:144:21)
          at Array.forEach (<anonymous>)

    console.log
      connection error: TypeError: Cannot read properties of undefined (reading 'decoder')
          at wireEvents (/data/Workspace/helios/starwards/node_modules/colyseus-events/src/wire-events.ts:30:40)
          at /data/Workspace/helios/starwards/modules/core/src/client/admin.ts:20:5
          at processTicksAndRejections (node:internal/process/task_queues:95:5)
          at /data/Workspace/helios/starwards/modules/core/src/client/connection-manager.ts:131:21

      at ConnectionManager.onConnectionError (modules/core/src/client/connection-manager.ts:144:21)

    console.log
      connection error: Error: disconnected from server
          at EventEmitter.<anonymous> (/data/Workspace/helios/starwards/modules/core/src/client/driver.ts:53:58)
          at /data/Workspace/helios/starwards/node_modules/colyseus.js/src/core/signal.ts:15:48
          at Array.forEach (<anonymous>)
          at EventEmitter.invoke (/data/Workspace/helios/starwards/node_modules/colyseus.js/src/core/signal.ts:15:19)
          at Function.register.invoke (/data/Workspace/helios/starwards/node_modules/colyseus.js/src/core/signal.ts:57:81)
          at WebSocket.connection.events.onclose (/data/Workspace/helios/starwards/node_modules/colyseus.js/src/Room.ts:89:30)
          at callListener (/data/Workspace/helios/starwards/node_modules/colyseus.js/node_modules/ws/lib/event-target.js:290:14)
          at WebSocket.onClose (/data/Workspace/helios/starwards/node_modules/colyseus.js/node_modules/ws/lib/event-target.js:220:9)
          at WebSocket.emit (node:events:524:28)
          at WebSocket.emitClose (/data/Workspace/helios/starwards/node_modules/colyseus.js/node_modules/ws/lib/websocket.js:272:10)
          at Socket.socketOnClose (/data/Workspace/helios/starwards/node_modules/colyseus.js/node_modules/ws/lib/websocket.js:1341:15)
          at Socket.emit (node:events:524:28)
          at TCP.<anonymous> (node:net:343:12)

      at ConnectionManager.onConnectionError (modules/core/src/client/connection-manager.ts:144:21)
          at Array.forEach (<anonymous>)

    console.log
      connection error: TypeError: Cannot read properties of undefined (reading 'decoder')
          at wireEvents (/data/Workspace/helios/starwards/node_modules/colyseus-events/src/wire-events.ts:30:40)
          at /data/Workspace/helios/starwards/modules/core/src/client/admin.ts:20:5
          at processTicksAndRejections (node:internal/process/task_queues:95:5)
          at /data/Workspace/helios/starwards/modules/core/src/client/connection-manager.ts:131:21

      at ConnectionManager.onConnectionError (modules/core/src/client/connection-manager.ts:144:21)

    console.log
      connection error: Error: disconnected from server
          at EventEmitter.<anonymous> (/data/Workspace/helios/starwards/modules/core/src/client/driver.ts:53:58)
          at /data/Workspace/helios/starwards/node_modules/colyseus.js/src/core/signal.ts:15:48
          at Array.forEach (<anonymous>)
          at EventEmitter.invoke (/data/Workspace/helios/starwards/node_modules/colyseus.js/src/core/signal.ts:15:19)
          at Function.register.invoke (/data/Workspace/helios/starwards/node_modules/colyseus.js/src/core/signal.ts:57:81)
          at WebSocket.connection.events.onclose (/data/Workspace/helios/starwards/node_modules/colyseus.js/src/Room.ts:89:30)
          at callListener (/data/Workspace/helios/starwards/node_modules/colyseus.js/node_modules/ws/lib/event-target.js:290:14)
          at WebSocket.onClose (/data/Workspace/helios/starwards/node_modules/colyseus.js/node_modules/ws/lib/event-target.js:220:9)
          at WebSocket.emit (node:events:524:28)
          at WebSocket.emitClose (/data/Workspace/helios/starwards/node_modules/colyseus.js/node_modules/ws/lib/websocket.js:272:10)
          at Socket.socketOnClose (/data/Workspace/helios/starwards/node_modules/colyseus.js/node_modules/ws/lib/websocket.js:1341:15)
          at Socket.emit (node:events:524:28)
          at TCP.<anonymous> (node:net:343:12)

      at ConnectionManager.onConnectionError (modules/core/src/client/connection-manager.ts:144:21)
          at Array.forEach (<anonymous>)

    console.log
      connection error: TypeError: Cannot read properties of undefined (reading 'decoder')
          at wireEvents (/data/Workspace/helios/starwards/node_modules/colyseus-events/src/wire-events.ts:30:40)
          at /data/Workspace/helios/starwards/modules/core/src/client/admin.ts:20:5
          at processTicksAndRejections (node:internal/process/task_queues:95:5)
          at /data/Workspace/helios/starwards/modules/core/src/client/connection-manager.ts:131:21

      at ConnectionManager.onConnectionError (modules/core/src/client/connection-manager.ts:144:21)

    console.log
      connection error: Error: disconnected from server
          at EventEmitter.<anonymous> (/data/Workspace/helios/starwards/modules/core/src/client/driver.ts:53:58)
          at /data/Workspace/helios/starwards/node_modules/colyseus.js/src/core/signal.ts:15:48
          at Array.forEach (<anonymous>)
          at EventEmitter.invoke (/data/Workspace/helios/starwards/node_modules/colyseus.js/src/core/signal.ts:15:19)
          at Function.register.invoke (/data/Workspace/helios/starwards/node_modules/colyseus.js/src/core/signal.ts:57:81)
          at WebSocket.connection.events.onclose (/data/Workspace/helios/starwards/node_modules/colyseus.js/src/Room.ts:89:30)
          at callListener (/data/Workspace/helios/starwards/node_modules/colyseus.js/node_modules/ws/lib/event-target.js:290:14)
          at WebSocket.onClose (/data/Workspace/helios/starwards/node_modules/colyseus.js/node_modules/ws/lib/event-target.js:220:9)
          at WebSocket.emit (node:events:524:28)
          at WebSocket.emitClose (/data/Workspace/helios/starwards/node_modules/colyseus.js/node_modules/ws/lib/websocket.js:272:10)
          at Socket.socketOnClose (/data/Workspace/helios/starwards/node_modules/colyseus.js/node_modules/ws/lib/websocket.js:1341:15)
          at Socket.emit (node:events:524:28)
          at TCP.<anonymous> (node:net:343:12)

      at ConnectionManager.onConnectionError (modules/core/src/client/connection-manager.ts:144:21)
          at Array.forEach (<anonymous>)

    console.log
      connection error: TypeError: Cannot read properties of undefined (reading 'decoder')
          at wireEvents (/data/Workspace/helios/starwards/node_modules/colyseus-events/src/wire-events.ts:30:40)
          at /data/Workspace/helios/starwards/modules/core/src/client/admin.ts:20:5
          at processTicksAndRejections (node:internal/process/task_queues:95:5)
          at /data/Workspace/helios/starwards/modules/core/src/client/connection-manager.ts:131:21

      at ConnectionManager.onConnectionError (modules/core/src/client/connection-manager.ts:144:21)

    console.log
      connection error: Error: disconnected from server
          at EventEmitter.<anonymous> (/data/Workspace/helios/starwards/modules/core/src/client/driver.ts:53:58)
          at /data/Workspace/helios/starwards/node_modules/colyseus.js/src/core/signal.ts:15:48
          at Array.forEach (<anonymous>)
          at EventEmitter.invoke (/data/Workspace/helios/starwards/node_modules/colyseus.js/src/core/signal.ts:15:19)
          at Function.register.invoke (/data/Workspace/helios/starwards/node_modules/colyseus.js/src/core/signal.ts:57:81)
          at WebSocket.connection.events.onclose (/data/Workspace/helios/starwards/node_modules/colyseus.js/src/Room.ts:89:30)
          at callListener (/data/Workspace/helios/starwards/node_modules/colyseus.js/node_modules/ws/lib/event-target.js:290:14)
          at WebSocket.onClose (/data/Workspace/helios/starwards/node_modules/colyseus.js/node_modules/ws/lib/event-target.js:220:9)
          at WebSocket.emit (node:events:524:28)
          at WebSocket.emitClose (/data/Workspace/helios/starwards/node_modules/colyseus.js/node_modules/ws/lib/websocket.js:272:10)
          at Socket.socketOnClose (/data/Workspace/helios/starwards/node_modules/colyseus.js/node_modules/ws/lib/websocket.js:1341:15)
          at Socket.emit (node:events:524:28)
          at TCP.<anonymous> (node:net:343:12)

      at ConnectionManager.onConnectionError (modules/core/src/client/connection-manager.ts:144:21)
          at Array.forEach (<anonymous>)

    console.log
      connection error: TypeError: Cannot read properties of undefined (reading 'decoder')
          at wireEvents (/data/Workspace/helios/starwards/node_modules/colyseus-events/src/wire-events.ts:30:40)
          at /data/Workspace/helios/starwards/modules/core/src/client/admin.ts:20:5
          at processTicksAndRejections (node:internal/process/task_queues:95:5)
          at /data/Workspace/helios/starwards/modules/core/src/client/connection-manager.ts:131:21

      at ConnectionManager.onConnectionError (modules/core/src/client/connection-manager.ts:144:21)

    console.log
      connection error: Error: disconnected from server
          at EventEmitter.<anonymous> (/data/Workspace/helios/starwards/modules/core/src/client/driver.ts:53:58)
          at /data/Workspace/helios/starwards/node_modules/colyseus.js/src/core/signal.ts:15:48
          at Array.forEach (<anonymous>)
          at EventEmitter.invoke (/data/Workspace/helios/starwards/node_modules/colyseus.js/src/core/signal.ts:15:19)
          at Function.register.invoke (/data/Workspace/helios/starwards/node_modules/colyseus.js/src/core/signal.ts:57:81)
          at WebSocket.connection.events.onclose (/data/Workspace/helios/starwards/node_modules/colyseus.js/src/Room.ts:89:30)
          at callListener (/data/Workspace/helios/starwards/node_modules/colyseus.js/node_modules/ws/lib/event-target.js:290:14)
          at WebSocket.onClose (/data/Workspace/helios/starwards/node_modules/colyseus.js/node_modules/ws/lib/event-target.js:220:9)
          at WebSocket.emit (node:events:524:28)
          at WebSocket.emitClose (/data/Workspace/helios/starwards/node_modules/colyseus.js/node_modules/ws/lib/websocket.js:272:10)
          at Socket.socketOnClose (/data/Workspace/helios/starwards/node_modules/colyseus.js/node_modules/ws/lib/websocket.js:1341:15)
          at Socket.emit (node:events:524:28)
          at TCP.<anonymous> (node:net:343:12)

      at ConnectionManager.onConnectionError (modules/core/src/client/connection-manager.ts:144:21)
          at Array.forEach (<anonymous>)

    console.log
      connection error: TypeError: Cannot read properties of undefined (reading 'decoder')
          at wireEvents (/data/Workspace/helios/starwards/node_modules/colyseus-events/src/wire-events.ts:30:40)
          at /data/Workspace/helios/starwards/modules/core/src/client/admin.ts:20:5
          at processTicksAndRejections (node:internal/process/task_queues:95:5)
          at /data/Workspace/helios/starwards/modules/core/src/client/connection-manager.ts:131:21

      at ConnectionManager.onConnectionError (modules/core/src/client/connection-manager.ts:144:21)

    console.log
      connection error: Error: disconnected from server
          at EventEmitter.<anonymous> (/data/Workspace/helios/starwards/modules/core/src/client/driver.ts:53:58)
          at /data/Workspace/helios/starwards/node_modules/colyseus.js/src/core/signal.ts:15:48
          at Array.forEach (<anonymous>)
          at EventEmitter.invoke (/data/Workspace/helios/starwards/node_modules/colyseus.js/src/core/signal.ts:15:19)
          at Function.register.invoke (/data/Workspace/helios/starwards/node_modules/colyseus.js/src/core/signal.ts:57:81)
          at WebSocket.connection.events.onclose (/data/Workspace/helios/starwards/node_modules/colyseus.js/src/Room.ts:89:30)
          at callListener (/data/Workspace/helios/starwards/node_modules/colyseus.js/node_modules/ws/lib/event-target.js:290:14)
          at WebSocket.onClose (/data/Workspace/helios/starwards/node_modules/colyseus.js/node_modules/ws/lib/event-target.js:220:9)
          at WebSocket.emit (node:events:524:28)
          at WebSocket.emitClose (/data/Workspace/helios/starwards/node_modules/colyseus.js/node_modules/ws/lib/websocket.js:272:10)
          at Socket.socketOnClose (/data/Workspace/helios/starwards/node_modules/colyseus.js/node_modules/ws/lib/websocket.js:1341:15)
          at Socket.emit (node:events:524:28)
          at TCP.<anonymous> (node:net:343:12)

      at ConnectionManager.onConnectionError (modules/core/src/client/connection-manager.ts:144:21)
          at Array.forEach (<anonymous>)

    console.log
      connection error: TypeError: Cannot read properties of undefined (reading 'decoder')
          at wireEvents (/data/Workspace/helios/starwards/node_modules/colyseus-events/src/wire-events.ts:30:40)
          at /data/Workspace/helios/starwards/modules/core/src/client/admin.ts:20:5
          at processTicksAndRejections (node:internal/process/task_queues:95:5)
          at /data/Workspace/helios/starwards/modules/core/src/client/connection-manager.ts:131:21

      at ConnectionManager.onConnectionError (modules/core/src/client/connection-manager.ts:144:21)

    console.log
      connection error: Error: disconnected from server
          at EventEmitter.<anonymous> (/data/Workspace/helios/starwards/modules/core/src/client/driver.ts:53:58)
          at /data/Workspace/helios/starwards/node_modules/colyseus.js/src/core/signal.ts:15:48
          at Array.forEach (<anonymous>)
          at EventEmitter.invoke (/data/Workspace/helios/starwards/node_modules/colyseus.js/src/core/signal.ts:15:19)
          at Function.register.invoke (/data/Workspace/helios/starwards/node_modules/colyseus.js/src/core/signal.ts:57:81)
          at WebSocket.connection.events.onclose (/data/Workspace/helios/starwards/node_modules/colyseus.js/src/Room.ts:89:30)
          at callListener (/data/Workspace/helios/starwards/node_modules/colyseus.js/node_modules/ws/lib/event-target.js:290:14)
          at WebSocket.onClose (/data/Workspace/helios/starwards/node_modules/colyseus.js/node_modules/ws/lib/event-target.js:220:9)
          at WebSocket.emit (node:events:524:28)
          at WebSocket.emitClose (/data/Workspace/helios/starwards/node_modules/colyseus.js/node_modules/ws/lib/websocket.js:272:10)
          at Socket.socketOnClose (/data/Workspace/helios/starwards/node_modules/colyseus.js/node_modules/ws/lib/websocket.js:1341:15)
          at Socket.emit (node:events:524:28)
          at TCP.<anonymous> (node:net:343:12)

      at ConnectionManager.onConnectionError (modules/core/src/client/connection-manager.ts:144:21)
          at Array.forEach (<anonymous>)

    console.log
      connection error: TypeError: Cannot read properties of undefined (reading 'decoder')
          at wireEvents (/data/Workspace/helios/starwards/node_modules/colyseus-events/src/wire-events.ts:30:40)
          at /data/Workspace/helios/starwards/modules/core/src/client/admin.ts:20:5
          at processTicksAndRejections (node:internal/process/task_queues:95:5)
          at /data/Workspace/helios/starwards/modules/core/src/client/connection-manager.ts:131:21

      at ConnectionManager.onConnectionError (modules/core/src/client/connection-manager.ts:144:21)

    console.log
      connection error: Error: disconnected from server
          at EventEmitter.<anonymous> (/data/Workspace/helios/starwards/modules/core/src/client/driver.ts:53:58)
          at /data/Workspace/helios/starwards/node_modules/colyseus.js/src/core/signal.ts:15:48
          at Array.forEach (<anonymous>)
          at EventEmitter.invoke (/data/Workspace/helios/starwards/node_modules/colyseus.js/src/core/signal.ts:15:19)
          at Function.register.invoke (/data/Workspace/helios/starwards/node_modules/colyseus.js/src/core/signal.ts:57:81)
          at WebSocket.connection.events.onclose (/data/Workspace/helios/starwards/node_modules/colyseus.js/src/Room.ts:89:30)
          at callListener (/data/Workspace/helios/starwards/node_modules/colyseus.js/node_modules/ws/lib/event-target.js:290:14)
          at WebSocket.onClose (/data/Workspace/helios/starwards/node_modules/colyseus.js/node_modules/ws/lib/event-target.js:220:9)
          at WebSocket.emit (node:events:524:28)
          at WebSocket.emitClose (/data/Workspace/helios/starwards/node_modules/colyseus.js/node_modules/ws/lib/websocket.js:272:10)
          at Socket.socketOnClose (/data/Workspace/helios/starwards/node_modules/colyseus.js/node_modules/ws/lib/websocket.js:1341:15)
          at Socket.emit (node:events:524:28)
          at TCP.<anonymous> (node:net:343:12)

      at ConnectionManager.onConnectionError (modules/core/src/client/connection-manager.ts:144:21)
          at Array.forEach (<anonymous>)

    console.log
      connection error: TypeError: Cannot read properties of undefined (reading 'decoder')
          at wireEvents (/data/Workspace/helios/starwards/node_modules/colyseus-events/src/wire-events.ts:30:40)
          at /data/Workspace/helios/starwards/modules/core/src/client/admin.ts:20:5
          at processTicksAndRejections (node:internal/process/task_queues:95:5)
          at /data/Workspace/helios/starwards/modules/core/src/client/connection-manager.ts:131:21

      at ConnectionManager.onConnectionError (modules/core/src/client/connection-manager.ts:144:21)

    console.log
      connection error: Error: disconnected from server
          at EventEmitter.<anonymous> (/data/Workspace/helios/starwards/modules/core/src/client/driver.ts:53:58)
          at /data/Workspace/helios/starwards/node_modules/colyseus.js/src/core/signal.ts:15:48
          at Array.forEach (<anonymous>)
          at EventEmitter.invoke (/data/Workspace/helios/starwards/node_modules/colyseus.js/src/core/signal.ts:15:19)
          at Function.register.invoke (/data/Workspace/helios/starwards/node_modules/colyseus.js/src/core/signal.ts:57:81)
          at WebSocket.connection.events.onclose (/data/Workspace/helios/starwards/node_modules/colyseus.js/src/Room.ts:89:30)
          at callListener (/data/Workspace/helios/starwards/node_modules/colyseus.js/node_modules/ws/lib/event-target.js:290:14)
          at WebSocket.onClose (/data/Workspace/helios/starwards/node_modules/colyseus.js/node_modules/ws/lib/event-target.js:220:9)
          at WebSocket.emit (node:events:524:28)
          at WebSocket.emitClose (/data/Workspace/helios/starwards/node_modules/colyseus.js/node_modules/ws/lib/websocket.js:272:10)
          at Socket.socketOnClose (/data/Workspace/helios/starwards/node_modules/colyseus.js/node_modules/ws/lib/websocket.js:1341:15)
          at Socket.emit (node:events:524:28)
          at TCP.<anonymous> (node:net:343:12)

      at ConnectionManager.onConnectionError (modules/core/src/client/connection-manager.ts:144:21)
          at Array.forEach (<anonymous>)

    console.log
      connection error: TypeError: Cannot read properties of undefined (reading 'decoder')
          at wireEvents (/data/Workspace/helios/starwards/node_modules/colyseus-events/src/wire-events.ts:30:40)
          at /data/Workspace/helios/starwards/modules/core/src/client/admin.ts:20:5
          at processTicksAndRejections (node:internal/process/task_queues:95:5)
          at /data/Workspace/helios/starwards/modules/core/src/client/connection-manager.ts:131:21

      at ConnectionManager.onConnectionError (modules/core/src/client/connection-manager.ts:144:21)

    console.log
      connection error: Error: disconnected from server
          at EventEmitter.<anonymous> (/data/Workspace/helios/starwards/modules/core/src/client/driver.ts:53:58)
          at /data/Workspace/helios/starwards/node_modules/colyseus.js/src/core/signal.ts:15:48
          at Array.forEach (<anonymous>)
          at EventEmitter.invoke (/data/Workspace/helios/starwards/node_modules/colyseus.js/src/core/signal.ts:15:19)
          at Function.register.invoke (/data/Workspace/helios/starwards/node_modules/colyseus.js/src/core/signal.ts:57:81)
          at WebSocket.connection.events.onclose (/data/Workspace/helios/starwards/node_modules/colyseus.js/src/Room.ts:89:30)
          at callListener (/data/Workspace/helios/starwards/node_modules/colyseus.js/node_modules/ws/lib/event-target.js:290:14)
          at WebSocket.onClose (/data/Workspace/helios/starwards/node_modules/colyseus.js/node_modules/ws/lib/event-target.js:220:9)
          at WebSocket.emit (node:events:524:28)
          at WebSocket.emitClose (/data/Workspace/helios/starwards/node_modules/colyseus.js/node_modules/ws/lib/websocket.js:272:10)
          at Socket.socketOnClose (/data/Workspace/helios/starwards/node_modules/colyseus.js/node_modules/ws/lib/websocket.js:1341:15)
          at Socket.emit (node:events:524:28)
          at TCP.<anonymous> (node:net:343:12)

      at ConnectionManager.onConnectionError (modules/core/src/client/connection-manager.ts:144:21)
          at Array.forEach (<anonymous>)

    console.log
      connection error: TypeError: Cannot read properties of undefined (reading 'decoder')
          at wireEvents (/data/Workspace/helios/starwards/node_modules/colyseus-events/src/wire-events.ts:30:40)
          at /data/Workspace/helios/starwards/modules/core/src/client/admin.ts:20:5
          at processTicksAndRejections (node:internal/process/task_queues:95:5)
          at /data/Workspace/helios/starwards/modules/core/src/client/connection-manager.ts:131:21

      at ConnectionManager.onConnectionError (modules/core/src/client/connection-manager.ts:144:21)

    console.log
      connection error: Error: disconnected from server
          at EventEmitter.<anonymous> (/data/Workspace/helios/starwards/modules/core/src/client/driver.ts:53:58)
          at /data/Workspace/helios/starwards/node_modules/colyseus.js/src/core/signal.ts:15:48
          at Array.forEach (<anonymous>)
          at EventEmitter.invoke (/data/Workspace/helios/starwards/node_modules/colyseus.js/src/core/signal.ts:15:19)
          at Function.register.invoke (/data/Workspace/helios/starwards/node_modules/colyseus.js/src/core/signal.ts:57:81)
          at WebSocket.connection.events.onclose (/data/Workspace/helios/starwards/node_modules/colyseus.js/src/Room.ts:89:30)
          at callListener (/data/Workspace/helios/starwards/node_modules/colyseus.js/node_modules/ws/lib/event-target.js:290:14)
          at WebSocket.onClose (/data/Workspace/helios/starwards/node_modules/colyseus.js/node_modules/ws/lib/event-target.js:220:9)
          at WebSocket.emit (node:events:524:28)
          at WebSocket.emitClose (/data/Workspace/helios/starwards/node_modules/colyseus.js/node_modules/ws/lib/websocket.js:272:10)
          at Socket.socketOnClose (/data/Workspace/helios/starwards/node_modules/colyseus.js/node_modules/ws/lib/websocket.js:1341:15)
          at Socket.emit (node:events:524:28)
          at TCP.<anonymous> (node:net:343:12)

      at ConnectionManager.onConnectionError (modules/core/src/client/connection-manager.ts:144:21)
          at Array.forEach (<anonymous>)

    console.log
      connection error: TypeError: Cannot read properties of undefined (reading 'decoder')
          at wireEvents (/data/Workspace/helios/starwards/node_modules/colyseus-events/src/wire-events.ts:30:40)
          at /data/Workspace/helios/starwards/modules/core/src/client/admin.ts:20:5
          at processTicksAndRejections (node:internal/process/task_queues:95:5)
          at /data/Workspace/helios/starwards/modules/core/src/client/connection-manager.ts:131:21

      at ConnectionManager.onConnectionError (modules/core/src/client/connection-manager.ts:144:21)

    console.log
      connection error: Error: disconnected from server
          at EventEmitter.<anonymous> (/data/Workspace/helios/starwards/modules/core/src/client/driver.ts:53:58)
          at /data/Workspace/helios/starwards/node_modules/colyseus.js/src/core/signal.ts:15:48
          at Array.forEach (<anonymous>)
          at EventEmitter.invoke (/data/Workspace/helios/starwards/node_modules/colyseus.js/src/core/signal.ts:15:19)
          at Function.register.invoke (/data/Workspace/helios/starwards/node_modules/colyseus.js/src/core/signal.ts:57:81)
          at WebSocket.connection.events.onclose (/data/Workspace/helios/starwards/node_modules/colyseus.js/src/Room.ts:89:30)
          at callListener (/data/Workspace/helios/starwards/node_modules/colyseus.js/node_modules/ws/lib/event-target.js:290:14)
          at WebSocket.onClose (/data/Workspace/helios/starwards/node_modules/colyseus.js/node_modules/ws/lib/event-target.js:220:9)
          at WebSocket.emit (node:events:524:28)
          at WebSocket.emitClose (/data/Workspace/helios/starwards/node_modules/colyseus.js/node_modules/ws/lib/websocket.js:272:10)
          at Socket.socketOnClose (/data/Workspace/helios/starwards/node_modules/colyseus.js/node_modules/ws/lib/websocket.js:1341:15)
          at Socket.emit (node:events:524:28)
          at TCP.<anonymous> (node:net:343:12)

      at ConnectionManager.onConnectionError (modules/core/src/client/connection-manager.ts:144:21)
          at Array.forEach (<anonymous>)

    console.log
      connection error: TypeError: Cannot read properties of undefined (reading 'decoder')
          at wireEvents (/data/Workspace/helios/starwards/node_modules/colyseus-events/src/wire-events.ts:30:40)
          at /data/Workspace/helios/starwards/modules/core/src/client/admin.ts:20:5
          at processTicksAndRejections (node:internal/process/task_queues:95:5)
          at /data/Workspace/helios/starwards/modules/core/src/client/connection-manager.ts:131:21

      at ConnectionManager.onConnectionError (modules/core/src/client/connection-manager.ts:144:21)

    console.log
      connection error: Error: disconnected from server
          at EventEmitter.<anonymous> (/data/Workspace/helios/starwards/modules/core/src/client/driver.ts:53:58)
          at /data/Workspace/helios/starwards/node_modules/colyseus.js/src/core/signal.ts:15:48
          at Array.forEach (<anonymous>)
          at EventEmitter.invoke (/data/Workspace/helios/starwards/node_modules/colyseus.js/src/core/signal.ts:15:19)
          at Function.register.invoke (/data/Workspace/helios/starwards/node_modules/colyseus.js/src/core/signal.ts:57:81)
          at WebSocket.connection.events.onclose (/data/Workspace/helios/starwards/node_modules/colyseus.js/src/Room.ts:89:30)
          at callListener (/data/Workspace/helios/starwards/node_modules/colyseus.js/node_modules/ws/lib/event-target.js:290:14)
          at WebSocket.onClose (/data/Workspace/helios/starwards/node_modules/colyseus.js/node_modules/ws/lib/event-target.js:220:9)
          at WebSocket.emit (node:events:524:28)
          at WebSocket.emitClose (/data/Workspace/helios/starwards/node_modules/colyseus.js/node_modules/ws/lib/websocket.js:272:10)
          at Socket.socketOnClose (/data/Workspace/helios/starwards/node_modules/colyseus.js/node_modules/ws/lib/websocket.js:1341:15)
          at Socket.emit (node:events:524:28)
          at TCP.<anonymous> (node:net:343:12)

      at ConnectionManager.onConnectionError (modules/core/src/client/connection-manager.ts:144:21)
          at Array.forEach (<anonymous>)

    console.log
      connection error: TypeError: Cannot read properties of undefined (reading 'decoder')
          at wireEvents (/data/Workspace/helios/starwards/node_modules/colyseus-events/src/wire-events.ts:30:40)
          at /data/Workspace/helios/starwards/modules/core/src/client/admin.ts:20:5
          at processTicksAndRejections (node:internal/process/task_queues:95:5)
          at /data/Workspace/helios/starwards/modules/core/src/client/connection-manager.ts:131:21

      at ConnectionManager.onConnectionError (modules/core/src/client/connection-manager.ts:144:21)

    console.log
      connection error: Error: disconnected from server
          at EventEmitter.<anonymous> (/data/Workspace/helios/starwards/modules/core/src/client/driver.ts:53:58)
          at /data/Workspace/helios/starwards/node_modules/colyseus.js/src/core/signal.ts:15:48
          at Array.forEach (<anonymous>)
          at EventEmitter.invoke (/data/Workspace/helios/starwards/node_modules/colyseus.js/src/core/signal.ts:15:19)
          at Function.register.invoke (/data/Workspace/helios/starwards/node_modules/colyseus.js/src/core/signal.ts:57:81)
          at WebSocket.connection.events.onclose (/data/Workspace/helios/starwards/node_modules/colyseus.js/src/Room.ts:89:30)
          at callListener (/data/Workspace/helios/starwards/node_modules/colyseus.js/node_modules/ws/lib/event-target.js:290:14)
          at WebSocket.onClose (/data/Workspace/helios/starwards/node_modules/colyseus.js/node_modules/ws/lib/event-target.js:220:9)
          at WebSocket.emit (node:events:524:28)
          at WebSocket.emitClose (/data/Workspace/helios/starwards/node_modules/colyseus.js/node_modules/ws/lib/websocket.js:272:10)
          at Socket.socketOnClose (/data/Workspace/helios/starwards/node_modules/colyseus.js/node_modules/ws/lib/websocket.js:1341:15)
          at Socket.emit (node:events:524:28)
          at TCP.<anonymous> (node:net:343:12)

      at ConnectionManager.onConnectionError (modules/core/src/client/connection-manager.ts:144:21)
          at Array.forEach (<anonymous>)

    console.log
      connection error: TypeError: Cannot read properties of undefined (reading 'decoder')
          at wireEvents (/data/Workspace/helios/starwards/node_modules/colyseus-events/src/wire-events.ts:30:40)
          at /data/Workspace/helios/starwards/modules/core/src/client/admin.ts:20:5
          at processTicksAndRejections (node:internal/process/task_queues:95:5)
          at /data/Workspace/helios/starwards/modules/core/src/client/connection-manager.ts:131:21

      at ConnectionManager.onConnectionError (modules/core/src/client/connection-manager.ts:144:21)

    console.log
      connection error: Error: disconnected from server
          at EventEmitter.<anonymous> (/data/Workspace/helios/starwards/modules/core/src/client/driver.ts:53:58)
          at /data/Workspace/helios/starwards/node_modules/colyseus.js/src/core/signal.ts:15:48
          at Array.forEach (<anonymous>)
          at EventEmitter.invoke (/data/Workspace/helios/starwards/node_modules/colyseus.js/src/core/signal.ts:15:19)
          at Function.register.invoke (/data/Workspace/helios/starwards/node_modules/colyseus.js/src/core/signal.ts:57:81)
          at WebSocket.connection.events.onclose (/data/Workspace/helios/starwards/node_modules/colyseus.js/src/Room.ts:89:30)
          at callListener (/data/Workspace/helios/starwards/node_modules/colyseus.js/node_modules/ws/lib/event-target.js:290:14)
          at WebSocket.onClose (/data/Workspace/helios/starwards/node_modules/colyseus.js/node_modules/ws/lib/event-target.js:220:9)
          at WebSocket.emit (node:events:524:28)
          at WebSocket.emitClose (/data/Workspace/helios/starwards/node_modules/colyseus.js/node_modules/ws/lib/websocket.js:272:10)
          at Socket.socketOnClose (/data/Workspace/helios/starwards/node_modules/colyseus.js/node_modules/ws/lib/websocket.js:1341:15)
          at Socket.emit (node:events:524:28)
          at TCP.<anonymous> (node:net:343:12)

      at ConnectionManager.onConnectionError (modules/core/src/client/connection-manager.ts:144:21)
          at Array.forEach (<anonymous>)

    console.log
      connection error: TypeError: Cannot read properties of undefined (reading 'decoder')
          at wireEvents (/data/Workspace/helios/starwards/node_modules/colyseus-events/src/wire-events.ts:30:40)
          at /data/Workspace/helios/starwards/modules/core/src/client/admin.ts:20:5
          at processTicksAndRejections (node:internal/process/task_queues:95:5)
          at /data/Workspace/helios/starwards/modules/core/src/client/connection-manager.ts:131:21

      at ConnectionManager.onConnectionError (modules/core/src/client/connection-manager.ts:144:21)

    console.log
      connection error: Error: disconnected from server
          at EventEmitter.<anonymous> (/data/Workspace/helios/starwards/modules/core/src/client/driver.ts:53:58)
          at /data/Workspace/helios/starwards/node_modules/colyseus.js/src/core/signal.ts:15:48
          at Array.forEach (<anonymous>)
          at EventEmitter.invoke (/data/Workspace/helios/starwards/node_modules/colyseus.js/src/core/signal.ts:15:19)
          at Function.register.invoke (/data/Workspace/helios/starwards/node_modules/colyseus.js/src/core/signal.ts:57:81)
          at WebSocket.connection.events.onclose (/data/Workspace/helios/starwards/node_modules/colyseus.js/src/Room.ts:89:30)
          at callListener (/data/Workspace/helios/starwards/node_modules/colyseus.js/node_modules/ws/lib/event-target.js:290:14)
          at WebSocket.onClose (/data/Workspace/helios/starwards/node_modules/colyseus.js/node_modules/ws/lib/event-target.js:220:9)
          at WebSocket.emit (node:events:524:28)
          at WebSocket.emitClose (/data/Workspace/helios/starwards/node_modules/colyseus.js/node_modules/ws/lib/websocket.js:272:10)
          at Socket.socketOnClose (/data/Workspace/helios/starwards/node_modules/colyseus.js/node_modules/ws/lib/websocket.js:1341:15)
          at Socket.emit (node:events:524:28)
          at TCP.<anonymous> (node:net:343:12)

      at ConnectionManager.onConnectionError (modules/core/src/client/connection-manager.ts:144:21)
          at Array.forEach (<anonymous>)

    console.log
      connection error: TypeError: Cannot read properties of undefined (reading 'decoder')
          at wireEvents (/data/Workspace/helios/starwards/node_modules/colyseus-events/src/wire-events.ts:30:40)
          at /data/Workspace/helios/starwards/modules/core/src/client/admin.ts:20:5
          at processTicksAndRejections (node:internal/process/task_queues:95:5)
          at /data/Workspace/helios/starwards/modules/core/src/client/connection-manager.ts:131:21

      at ConnectionManager.onConnectionError (modules/core/src/client/connection-manager.ts:144:21)

    console.log
      connection error: Error: disconnected from server
          at EventEmitter.<anonymous> (/data/Workspace/helios/starwards/modules/core/src/client/driver.ts:53:58)
          at /data/Workspace/helios/starwards/node_modules/colyseus.js/src/core/signal.ts:15:48
          at Array.forEach (<anonymous>)
          at EventEmitter.invoke (/data/Workspace/helios/starwards/node_modules/colyseus.js/src/core/signal.ts:15:19)
          at Function.register.invoke (/data/Workspace/helios/starwards/node_modules/colyseus.js/src/core/signal.ts:57:81)
          at WebSocket.connection.events.onclose (/data/Workspace/helios/starwards/node_modules/colyseus.js/src/Room.ts:89:30)
          at callListener (/data/Workspace/helios/starwards/node_modules/colyseus.js/node_modules/ws/lib/event-target.js:290:14)
          at WebSocket.onClose (/data/Workspace/helios/starwards/node_modules/colyseus.js/node_modules/ws/lib/event-target.js:220:9)
          at WebSocket.emit (node:events:524:28)
          at WebSocket.emitClose (/data/Workspace/helios/starwards/node_modules/colyseus.js/node_modules/ws/lib/websocket.js:272:10)
          at Socket.socketOnClose (/data/Workspace/helios/starwards/node_modules/colyseus.js/node_modules/ws/lib/websocket.js:1341:15)
          at Socket.emit (node:events:524:28)
          at TCP.<anonymous> (node:net:343:12)

      at ConnectionManager.onConnectionError (modules/core/src/client/connection-manager.ts:144:21)
          at Array.forEach (<anonymous>)

    console.log
      connection error: TypeError: Cannot read properties of undefined (reading 'decoder')
          at wireEvents (/data/Workspace/helios/starwards/node_modules/colyseus-events/src/wire-events.ts:30:40)
          at /data/Workspace/helios/starwards/modules/core/src/client/admin.ts:20:5
          at processTicksAndRejections (node:internal/process/task_queues:95:5)
          at /data/Workspace/helios/starwards/modules/core/src/client/connection-manager.ts:131:21

      at ConnectionManager.onConnectionError (modules/core/src/client/connection-manager.ts:144:21)

    console.log
      connection error: Error: disconnected from server
          at EventEmitter.<anonymous> (/data/Workspace/helios/starwards/modules/core/src/client/driver.ts:53:58)
          at /data/Workspace/helios/starwards/node_modules/colyseus.js/src/core/signal.ts:15:48
          at Array.forEach (<anonymous>)
          at EventEmitter.invoke (/data/Workspace/helios/starwards/node_modules/colyseus.js/src/core/signal.ts:15:19)
          at Function.register.invoke (/data/Workspace/helios/starwards/node_modules/colyseus.js/src/core/signal.ts:57:81)
          at WebSocket.connection.events.onclose (/data/Workspace/helios/starwards/node_modules/colyseus.js/src/Room.ts:89:30)
          at callListener (/data/Workspace/helios/starwards/node_modules/colyseus.js/node_modules/ws/lib/event-target.js:290:14)
          at WebSocket.onClose (/data/Workspace/helios/starwards/node_modules/colyseus.js/node_modules/ws/lib/event-target.js:220:9)
          at WebSocket.emit (node:events:524:28)
          at WebSocket.emitClose (/data/Workspace/helios/starwards/node_modules/colyseus.js/node_modules/ws/lib/websocket.js:272:10)
          at Socket.socketOnClose (/data/Workspace/helios/starwards/node_modules/colyseus.js/node_modules/ws/lib/websocket.js:1341:15)
          at Socket.emit (node:events:524:28)
          at TCP.<anonymous> (node:net:343:12)

      at ConnectionManager.onConnectionError (modules/core/src/client/connection-manager.ts:144:21)
          at Array.forEach (<anonymous>)

    console.log
      connection error: TypeError: Cannot read properties of undefined (reading 'decoder')
          at wireEvents (/data/Workspace/helios/starwards/node_modules/colyseus-events/src/wire-events.ts:30:40)
          at /data/Workspace/helios/starwards/modules/core/src/client/admin.ts:20:5
          at processTicksAndRejections (node:internal/process/task_queues:95:5)
          at /data/Workspace/helios/starwards/modules/core/src/client/connection-manager.ts:131:21

      at ConnectionManager.onConnectionError (modules/core/src/client/connection-manager.ts:144:21)

    console.log
      connection error: Error: disconnected from server
          at EventEmitter.<anonymous> (/data/Workspace/helios/starwards/modules/core/src/client/driver.ts:53:58)
          at /data/Workspace/helios/starwards/node_modules/colyseus.js/src/core/signal.ts:15:48
          at Array.forEach (<anonymous>)
          at EventEmitter.invoke (/data/Workspace/helios/starwards/node_modules/colyseus.js/src/core/signal.ts:15:19)
          at Function.register.invoke (/data/Workspace/helios/starwards/node_modules/colyseus.js/src/core/signal.ts:57:81)
          at WebSocket.connection.events.onclose (/data/Workspace/helios/starwards/node_modules/colyseus.js/src/Room.ts:89:30)
          at callListener (/data/Workspace/helios/starwards/node_modules/colyseus.js/node_modules/ws/lib/event-target.js:290:14)
          at WebSocket.onClose (/data/Workspace/helios/starwards/node_modules/colyseus.js/node_modules/ws/lib/event-target.js:220:9)
          at WebSocket.emit (node:events:524:28)
          at WebSocket.emitClose (/data/Workspace/helios/starwards/node_modules/colyseus.js/node_modules/ws/lib/websocket.js:272:10)
          at Socket.socketOnClose (/data/Workspace/helios/starwards/node_modules/colyseus.js/node_modules/ws/lib/websocket.js:1341:15)
          at Socket.emit (node:events:524:28)
          at TCP.<anonymous> (node:net:343:12)

      at ConnectionManager.onConnectionError (modules/core/src/client/connection-manager.ts:144:21)
          at Array.forEach (<anonymous>)

    console.log
      connection error: TypeError: Cannot read properties of undefined (reading 'decoder')
          at wireEvents (/data/Workspace/helios/starwards/node_modules/colyseus-events/src/wire-events.ts:30:40)
          at /data/Workspace/helios/starwards/modules/core/src/client/admin.ts:20:5
          at processTicksAndRejections (node:internal/process/task_queues:95:5)
          at /data/Workspace/helios/starwards/modules/core/src/client/connection-manager.ts:131:21

      at ConnectionManager.onConnectionError (modules/core/src/client/connection-manager.ts:144:21)

    console.log
      connection error: Error: disconnected from server
          at EventEmitter.<anonymous> (/data/Workspace/helios/starwards/modules/core/src/client/driver.ts:53:58)
          at /data/Workspace/helios/starwards/node_modules/colyseus.js/src/core/signal.ts:15:48
          at Array.forEach (<anonymous>)
          at EventEmitter.invoke (/data/Workspace/helios/starwards/node_modules/colyseus.js/src/core/signal.ts:15:19)
          at Function.register.invoke (/data/Workspace/helios/starwards/node_modules/colyseus.js/src/core/signal.ts:57:81)
          at WebSocket.connection.events.onclose (/data/Workspace/helios/starwards/node_modules/colyseus.js/src/Room.ts:89:30)
          at callListener (/data/Workspace/helios/starwards/node_modules/colyseus.js/node_modules/ws/lib/event-target.js:290:14)
          at WebSocket.onClose (/data/Workspace/helios/starwards/node_modules/colyseus.js/node_modules/ws/lib/event-target.js:220:9)
          at WebSocket.emit (node:events:524:28)
          at WebSocket.emitClose (/data/Workspace/helios/starwards/node_modules/colyseus.js/node_modules/ws/lib/websocket.js:272:10)
          at Socket.socketOnClose (/data/Workspace/helios/starwards/node_modules/colyseus.js/node_modules/ws/lib/websocket.js:1341:15)
          at Socket.emit (node:events:524:28)
          at TCP.<anonymous> (node:net:343:12)

      at ConnectionManager.onConnectionError (modules/core/src/client/connection-manager.ts:144:21)
          at Array.forEach (<anonymous>)

    console.log
      connection error: TypeError: Cannot read properties of undefined (reading 'decoder')
          at wireEvents (/data/Workspace/helios/starwards/node_modules/colyseus-events/src/wire-events.ts:30:40)
          at /data/Workspace/helios/starwards/modules/core/src/client/admin.ts:20:5
          at processTicksAndRejections (node:internal/process/task_queues:95:5)
          at /data/Workspace/helios/starwards/modules/core/src/client/connection-manager.ts:131:21

      at ConnectionManager.onConnectionError (modules/core/src/client/connection-manager.ts:144:21)

    console.log
      connection error: Error: disconnected from server
          at EventEmitter.<anonymous> (/data/Workspace/helios/starwards/modules/core/src/client/driver.ts:53:58)
          at /data/Workspace/helios/starwards/node_modules/colyseus.js/src/core/signal.ts:15:48
          at Array.forEach (<anonymous>)
          at EventEmitter.invoke (/data/Workspace/helios/starwards/node_modules/colyseus.js/src/core/signal.ts:15:19)
          at Function.register.invoke (/data/Workspace/helios/starwards/node_modules/colyseus.js/src/core/signal.ts:57:81)
          at WebSocket.connection.events.onclose (/data/Workspace/helios/starwards/node_modules/colyseus.js/src/Room.ts:89:30)
          at callListener (/data/Workspace/helios/starwards/node_modules/colyseus.js/node_modules/ws/lib/event-target.js:290:14)
          at WebSocket.onClose (/data/Workspace/helios/starwards/node_modules/colyseus.js/node_modules/ws/lib/event-target.js:220:9)
          at WebSocket.emit (node:events:524:28)
          at WebSocket.emitClose (/data/Workspace/helios/starwards/node_modules/colyseus.js/node_modules/ws/lib/websocket.js:272:10)
          at Socket.socketOnClose (/data/Workspace/helios/starwards/node_modules/colyseus.js/node_modules/ws/lib/websocket.js:1341:15)
          at Socket.emit (node:events:524:28)
          at TCP.<anonymous> (node:net:343:12)

      at ConnectionManager.onConnectionError (modules/core/src/client/connection-manager.ts:144:21)
          at Array.forEach (<anonymous>)

    console.log
      connection error: TypeError: Cannot read properties of undefined (reading 'decoder')
          at wireEvents (/data/Workspace/helios/starwards/node_modules/colyseus-events/src/wire-events.ts:30:40)
          at /data/Workspace/helios/starwards/modules/core/src/client/admin.ts:20:5
          at processTicksAndRejections (node:internal/process/task_queues:95:5)
          at /data/Workspace/helios/starwards/modules/core/src/client/connection-manager.ts:131:21

      at ConnectionManager.onConnectionError (modules/core/src/client/connection-manager.ts:144:21)

    console.log
      connection error: Error: disconnected from server
          at EventEmitter.<anonymous> (/data/Workspace/helios/starwards/modules/core/src/client/driver.ts:53:58)
          at /data/Workspace/helios/starwards/node_modules/colyseus.js/src/core/signal.ts:15:48
          at Array.forEach (<anonymous>)
          at EventEmitter.invoke (/data/Workspace/helios/starwards/node_modules/colyseus.js/src/core/signal.ts:15:19)
          at Function.register.invoke (/data/Workspace/helios/starwards/node_modules/colyseus.js/src/core/signal.ts:57:81)
          at WebSocket.connection.events.onclose (/data/Workspace/helios/starwards/node_modules/colyseus.js/src/Room.ts:89:30)
          at callListener (/data/Workspace/helios/starwards/node_modules/colyseus.js/node_modules/ws/lib/event-target.js:290:14)
          at WebSocket.onClose (/data/Workspace/helios/starwards/node_modules/colyseus.js/node_modules/ws/lib/event-target.js:220:9)
          at WebSocket.emit (node:events:524:28)
          at WebSocket.emitClose (/data/Workspace/helios/starwards/node_modules/colyseus.js/node_modules/ws/lib/websocket.js:272:10)
          at Socket.socketOnClose (/data/Workspace/helios/starwards/node_modules/colyseus.js/node_modules/ws/lib/websocket.js:1341:15)
          at Socket.emit (node:events:524:28)
          at TCP.<anonymous> (node:net:343:12)

      at ConnectionManager.onConnectionError (modules/core/src/client/connection-manager.ts:144:21)
          at Array.forEach (<anonymous>)

    console.log
      connection error: TypeError: Cannot read properties of undefined (reading 'decoder')
          at wireEvents (/data/Workspace/helios/starwards/node_modules/colyseus-events/src/wire-events.ts:30:40)
          at /data/Workspace/helios/starwards/modules/core/src/client/admin.ts:20:5
          at processTicksAndRejections (node:internal/process/task_queues:95:5)
          at /data/Workspace/helios/starwards/modules/core/src/client/connection-manager.ts:131:21

      at ConnectionManager.onConnectionError (modules/core/src/client/connection-manager.ts:144:21)

    console.log
      connection error: Error: disconnected from server
          at EventEmitter.<anonymous> (/data/Workspace/helios/starwards/modules/core/src/client/driver.ts:53:58)
          at /data/Workspace/helios/starwards/node_modules/colyseus.js/src/core/signal.ts:15:48
          at Array.forEach (<anonymous>)
          at EventEmitter.invoke (/data/Workspace/helios/starwards/node_modules/colyseus.js/src/core/signal.ts:15:19)
          at Function.register.invoke (/data/Workspace/helios/starwards/node_modules/colyseus.js/src/core/signal.ts:57:81)
          at WebSocket.connection.events.onclose (/data/Workspace/helios/starwards/node_modules/colyseus.js/src/Room.ts:89:30)
          at callListener (/data/Workspace/helios/starwards/node_modules/colyseus.js/node_modules/ws/lib/event-target.js:290:14)
          at WebSocket.onClose (/data/Workspace/helios/starwards/node_modules/colyseus.js/node_modules/ws/lib/event-target.js:220:9)
          at WebSocket.emit (node:events:524:28)
          at WebSocket.emitClose (/data/Workspace/helios/starwards/node_modules/colyseus.js/node_modules/ws/lib/websocket.js:272:10)
          at Socket.socketOnClose (/data/Workspace/helios/starwards/node_modules/colyseus.js/node_modules/ws/lib/websocket.js:1341:15)
          at Socket.emit (node:events:524:28)
          at TCP.<anonymous> (node:net:343:12)

      at ConnectionManager.onConnectionError (modules/core/src/client/connection-manager.ts:144:21)
          at Array.forEach (<anonymous>)

    console.log
      connection error: TypeError: Cannot read properties of undefined (reading 'decoder')
          at wireEvents (/data/Workspace/helios/starwards/node_modules/colyseus-events/src/wire-events.ts:30:40)
          at /data/Workspace/helios/starwards/modules/core/src/client/admin.ts:20:5
          at processTicksAndRejections (node:internal/process/task_queues:95:5)
          at /data/Workspace/helios/starwards/modules/core/src/client/connection-manager.ts:131:21

      at ConnectionManager.onConnectionError (modules/core/src/client/connection-manager.ts:144:21)

    console.log
      connection error: Error: disconnected from server
          at EventEmitter.<anonymous> (/data/Workspace/helios/starwards/modules/core/src/client/driver.ts:53:58)
          at /data/Workspace/helios/starwards/node_modules/colyseus.js/src/core/signal.ts:15:48
          at Array.forEach (<anonymous>)
          at EventEmitter.invoke (/data/Workspace/helios/starwards/node_modules/colyseus.js/src/core/signal.ts:15:19)
          at Function.register.invoke (/data/Workspace/helios/starwards/node_modules/colyseus.js/src/core/signal.ts:57:81)
          at WebSocket.connection.events.onclose (/data/Workspace/helios/starwards/node_modules/colyseus.js/src/Room.ts:89:30)
          at callListener (/data/Workspace/helios/starwards/node_modules/colyseus.js/node_modules/ws/lib/event-target.js:290:14)
          at WebSocket.onClose (/data/Workspace/helios/starwards/node_modules/colyseus.js/node_modules/ws/lib/event-target.js:220:9)
          at WebSocket.emit (node:events:524:28)
          at WebSocket.emitClose (/data/Workspace/helios/starwards/node_modules/colyseus.js/node_modules/ws/lib/websocket.js:272:10)
          at Socket.socketOnClose (/data/Workspace/helios/starwards/node_modules/colyseus.js/node_modules/ws/lib/websocket.js:1341:15)
          at Socket.emit (node:events:524:28)
          at TCP.<anonymous> (node:net:343:12)

      at ConnectionManager.onConnectionError (modules/core/src/client/connection-manager.ts:144:21)
          at Array.forEach (<anonymous>)

    console.log
      connection error: TypeError: Cannot read properties of undefined (reading 'decoder')
          at wireEvents (/data/Workspace/helios/starwards/node_modules/colyseus-events/src/wire-events.ts:30:40)
          at /data/Workspace/helios/starwards/modules/core/src/client/admin.ts:20:5
          at processTicksAndRejections (node:internal/process/task_queues:95:5)
          at /data/Workspace/helios/starwards/modules/core/src/client/connection-manager.ts:131:21

      at ConnectionManager.onConnectionError (modules/core/src/client/connection-manager.ts:144:21)

    console.log
      connection error: Error: disconnected from server
          at EventEmitter.<anonymous> (/data/Workspace/helios/starwards/modules/core/src/client/driver.ts:53:58)
          at /data/Workspace/helios/starwards/node_modules/colyseus.js/src/core/signal.ts:15:48
          at Array.forEach (<anonymous>)
          at EventEmitter.invoke (/data/Workspace/helios/starwards/node_modules/colyseus.js/src/core/signal.ts:15:19)
          at Function.register.invoke (/data/Workspace/helios/starwards/node_modules/colyseus.js/src/core/signal.ts:57:81)
          at WebSocket.connection.events.onclose (/data/Workspace/helios/starwards/node_modules/colyseus.js/src/Room.ts:89:30)
          at callListener (/data/Workspace/helios/starwards/node_modules/colyseus.js/node_modules/ws/lib/event-target.js:290:14)
          at WebSocket.onClose (/data/Workspace/helios/starwards/node_modules/colyseus.js/node_modules/ws/lib/event-target.js:220:9)
          at WebSocket.emit (node:events:524:28)
          at WebSocket.emitClose (/data/Workspace/helios/starwards/node_modules/colyseus.js/node_modules/ws/lib/websocket.js:272:10)
          at Socket.socketOnClose (/data/Workspace/helios/starwards/node_modules/colyseus.js/node_modules/ws/lib/websocket.js:1341:15)
          at Socket.emit (node:events:524:28)
          at TCP.<anonymous> (node:net:343:12)

      at ConnectionManager.onConnectionError (modules/core/src/client/connection-manager.ts:144:21)
          at Array.forEach (<anonymous>)

    console.log
      connection error: TypeError: Cannot read properties of undefined (reading 'decoder')
          at wireEvents (/data/Workspace/helios/starwards/node_modules/colyseus-events/src/wire-events.ts:30:40)
          at /data/Workspace/helios/starwards/modules/core/src/client/admin.ts:20:5
          at processTicksAndRejections (node:internal/process/task_queues:95:5)
          at /data/Workspace/helios/starwards/modules/core/src/client/connection-manager.ts:131:21

      at ConnectionManager.onConnectionError (modules/core/src/client/connection-manager.ts:144:21)

    console.log
      connection error: Error: disconnected from server
          at EventEmitter.<anonymous> (/data/Workspace/helios/starwards/modules/core/src/client/driver.ts:53:58)
          at /data/Workspace/helios/starwards/node_modules/colyseus.js/src/core/signal.ts:15:48
          at Array.forEach (<anonymous>)
          at EventEmitter.invoke (/data/Workspace/helios/starwards/node_modules/colyseus.js/src/core/signal.ts:15:19)
          at Function.register.invoke (/data/Workspace/helios/starwards/node_modules/colyseus.js/src/core/signal.ts:57:81)
          at WebSocket.connection.events.onclose (/data/Workspace/helios/starwards/node_modules/colyseus.js/src/Room.ts:89:30)
          at callListener (/data/Workspace/helios/starwards/node_modules/colyseus.js/node_modules/ws/lib/event-target.js:290:14)
          at WebSocket.onClose (/data/Workspace/helios/starwards/node_modules/colyseus.js/node_modules/ws/lib/event-target.js:220:9)
          at WebSocket.emit (node:events:524:28)
          at WebSocket.emitClose (/data/Workspace/helios/starwards/node_modules/colyseus.js/node_modules/ws/lib/websocket.js:272:10)
          at Socket.socketOnClose (/data/Workspace/helios/starwards/node_modules/colyseus.js/node_modules/ws/lib/websocket.js:1341:15)
          at Socket.emit (node:events:524:28)
          at TCP.<anonymous> (node:net:343:12)

      at ConnectionManager.onConnectionError (modules/core/src/client/connection-manager.ts:144:21)
          at Array.forEach (<anonymous>)

    console.log
      connection error: TypeError: Cannot read properties of undefined (reading 'decoder')
          at wireEvents (/data/Workspace/helios/starwards/node_modules/colyseus-events/src/wire-events.ts:30:40)
          at /data/Workspace/helios/starwards/modules/core/src/client/admin.ts:20:5
          at processTicksAndRejections (node:internal/process/task_queues:95:5)
          at /data/Workspace/helios/starwards/modules/core/src/client/connection-manager.ts:131:21

      at ConnectionManager.onConnectionError (modules/core/src/client/connection-manager.ts:144:21)

    console.log
      connection error: Error: disconnected from server
          at EventEmitter.<anonymous> (/data/Workspace/helios/starwards/modules/core/src/client/driver.ts:53:58)
          at /data/Workspace/helios/starwards/node_modules/colyseus.js/src/core/signal.ts:15:48
          at Array.forEach (<anonymous>)
          at EventEmitter.invoke (/data/Workspace/helios/starwards/node_modules/colyseus.js/src/core/signal.ts:15:19)
          at Function.register.invoke (/data/Workspace/helios/starwards/node_modules/colyseus.js/src/core/signal.ts:57:81)
          at WebSocket.connection.events.onclose (/data/Workspace/helios/starwards/node_modules/colyseus.js/src/Room.ts:89:30)
          at callListener (/data/Workspace/helios/starwards/node_modules/colyseus.js/node_modules/ws/lib/event-target.js:290:14)
          at WebSocket.onClose (/data/Workspace/helios/starwards/node_modules/colyseus.js/node_modules/ws/lib/event-target.js:220:9)
          at WebSocket.emit (node:events:524:28)
          at WebSocket.emitClose (/data/Workspace/helios/starwards/node_modules/colyseus.js/node_modules/ws/lib/websocket.js:272:10)
          at Socket.socketOnClose (/data/Workspace/helios/starwards/node_modules/colyseus.js/node_modules/ws/lib/websocket.js:1341:15)
          at Socket.emit (node:events:524:28)
          at TCP.<anonymous> (node:net:343:12)

      at ConnectionManager.onConnectionError (modules/core/src/client/connection-manager.ts:144:21)
          at Array.forEach (<anonymous>)

    console.log
      connection error: TypeError: Cannot read properties of undefined (reading 'decoder')
          at wireEvents (/data/Workspace/helios/starwards/node_modules/colyseus-events/src/wire-events.ts:30:40)
          at /data/Workspace/helios/starwards/modules/core/src/client/admin.ts:20:5
          at processTicksAndRejections (node:internal/process/task_queues:95:5)
          at /data/Workspace/helios/starwards/modules/core/src/client/connection-manager.ts:131:21

      at ConnectionManager.onConnectionError (modules/core/src/client/connection-manager.ts:144:21)

    console.log
      connection error: Error: disconnected from server
          at EventEmitter.<anonymous> (/data/Workspace/helios/starwards/modules/core/src/client/driver.ts:53:58)
          at /data/Workspace/helios/starwards/node_modules/colyseus.js/src/core/signal.ts:15:48
          at Array.forEach (<anonymous>)
          at EventEmitter.invoke (/data/Workspace/helios/starwards/node_modules/colyseus.js/src/core/signal.ts:15:19)
          at Function.register.invoke (/data/Workspace/helios/starwards/node_modules/colyseus.js/src/core/signal.ts:57:81)
          at WebSocket.connection.events.onclose (/data/Workspace/helios/starwards/node_modules/colyseus.js/src/Room.ts:89:30)
          at callListener (/data/Workspace/helios/starwards/node_modules/colyseus.js/node_modules/ws/lib/event-target.js:290:14)
          at WebSocket.onClose (/data/Workspace/helios/starwards/node_modules/colyseus.js/node_modules/ws/lib/event-target.js:220:9)
          at WebSocket.emit (node:events:524:28)
          at WebSocket.emitClose (/data/Workspace/helios/starwards/node_modules/colyseus.js/node_modules/ws/lib/websocket.js:272:10)
          at Socket.socketOnClose (/data/Workspace/helios/starwards/node_modules/colyseus.js/node_modules/ws/lib/websocket.js:1341:15)
          at Socket.emit (node:events:524:28)
          at TCP.<anonymous> (node:net:343:12)

      at ConnectionManager.onConnectionError (modules/core/src/client/connection-manager.ts:144:21)
          at Array.forEach (<anonymous>)

    console.log
      connection error: TypeError: Cannot read properties of undefined (reading 'decoder')
          at wireEvents (/data/Workspace/helios/starwards/node_modules/colyseus-events/src/wire-events.ts:30:40)
          at /data/Workspace/helios/starwards/modules/core/src/client/admin.ts:20:5
          at processTicksAndRejections (node:internal/process/task_queues:95:5)
          at /data/Workspace/helios/starwards/modules/core/src/client/connection-manager.ts:131:21

      at ConnectionManager.onConnectionError (modules/core/src/client/connection-manager.ts:144:21)

    console.log
      connection error: Error: disconnected from server
          at EventEmitter.<anonymous> (/data/Workspace/helios/starwards/modules/core/src/client/driver.ts:53:58)
          at /data/Workspace/helios/starwards/node_modules/colyseus.js/src/core/signal.ts:15:48
          at Array.forEach (<anonymous>)
          at EventEmitter.invoke (/data/Workspace/helios/starwards/node_modules/colyseus.js/src/core/signal.ts:15:19)
          at Function.register.invoke (/data/Workspace/helios/starwards/node_modules/colyseus.js/src/core/signal.ts:57:81)
          at WebSocket.connection.events.onclose (/data/Workspace/helios/starwards/node_modules/colyseus.js/src/Room.ts:89:30)
          at callListener (/data/Workspace/helios/starwards/node_modules/colyseus.js/node_modules/ws/lib/event-target.js:290:14)
          at WebSocket.onClose (/data/Workspace/helios/starwards/node_modules/colyseus.js/node_modules/ws/lib/event-target.js:220:9)
          at WebSocket.emit (node:events:524:28)
          at WebSocket.emitClose (/data/Workspace/helios/starwards/node_modules/colyseus.js/node_modules/ws/lib/websocket.js:272:10)
          at Socket.socketOnClose (/data/Workspace/helios/starwards/node_modules/colyseus.js/node_modules/ws/lib/websocket.js:1341:15)
          at Socket.emit (node:events:524:28)
          at TCP.<anonymous> (node:net:343:12)

      at ConnectionManager.onConnectionError (modules/core/src/client/connection-manager.ts:144:21)
          at Array.forEach (<anonymous>)

    console.log
      connection error: TypeError: Cannot read properties of undefined (reading 'decoder')
          at wireEvents (/data/Workspace/helios/starwards/node_modules/colyseus-events/src/wire-events.ts:30:40)
          at /data/Workspace/helios/starwards/modules/core/src/client/admin.ts:20:5
          at processTicksAndRejections (node:internal/process/task_queues:95:5)
          at /data/Workspace/helios/starwards/modules/core/src/client/connection-manager.ts:131:21

      at ConnectionManager.onConnectionError (modules/core/src/client/connection-manager.ts:144:21)

    console.log
      connection error: Error: disconnected from server
          at EventEmitter.<anonymous> (/data/Workspace/helios/starwards/modules/core/src/client/driver.ts:53:58)
          at /data/Workspace/helios/starwards/node_modules/colyseus.js/src/core/signal.ts:15:48
          at Array.forEach (<anonymous>)
          at EventEmitter.invoke (/data/Workspace/helios/starwards/node_modules/colyseus.js/src/core/signal.ts:15:19)
          at Function.register.invoke (/data/Workspace/helios/starwards/node_modules/colyseus.js/src/core/signal.ts:57:81)
          at WebSocket.connection.events.onclose (/data/Workspace/helios/starwards/node_modules/colyseus.js/src/Room.ts:89:30)
          at callListener (/data/Workspace/helios/starwards/node_modules/colyseus.js/node_modules/ws/lib/event-target.js:290:14)
          at WebSocket.onClose (/data/Workspace/helios/starwards/node_modules/colyseus.js/node_modules/ws/lib/event-target.js:220:9)
          at WebSocket.emit (node:events:524:28)
          at WebSocket.emitClose (/data/Workspace/helios/starwards/node_modules/colyseus.js/node_modules/ws/lib/websocket.js:272:10)
          at Socket.socketOnClose (/data/Workspace/helios/starwards/node_modules/colyseus.js/node_modules/ws/lib/websocket.js:1341:15)
          at Socket.emit (node:events:524:28)
          at TCP.<anonymous> (node:net:343:12)

      at ConnectionManager.onConnectionError (modules/core/src/client/connection-manager.ts:144:21)
          at Array.forEach (<anonymous>)

    console.log
      connection error: TypeError: Cannot read properties of undefined (reading 'decoder')
          at wireEvents (/data/Workspace/helios/starwards/node_modules/colyseus-events/src/wire-events.ts:30:40)
          at /data/Workspace/helios/starwards/modules/core/src/client/admin.ts:20:5
          at processTicksAndRejections (node:internal/process/task_queues:95:5)
          at /data/Workspace/helios/starwards/modules/core/src/client/connection-manager.ts:131:21

      at ConnectionManager.onConnectionError (modules/core/src/client/connection-manager.ts:144:21)

    console.log
      connection error: Error: disconnected from server
          at EventEmitter.<anonymous> (/data/Workspace/helios/starwards/modules/core/src/client/driver.ts:53:58)
          at /data/Workspace/helios/starwards/node_modules/colyseus.js/src/core/signal.ts:15:48
          at Array.forEach (<anonymous>)
          at EventEmitter.invoke (/data/Workspace/helios/starwards/node_modules/colyseus.js/src/core/signal.ts:15:19)
          at Function.register.invoke (/data/Workspace/helios/starwards/node_modules/colyseus.js/src/core/signal.ts:57:81)
          at WebSocket.connection.events.onclose (/data/Workspace/helios/starwards/node_modules/colyseus.js/src/Room.ts:89:30)
          at callListener (/data/Workspace/helios/starwards/node_modules/colyseus.js/node_modules/ws/lib/event-target.js:290:14)
          at WebSocket.onClose (/data/Workspace/helios/starwards/node_modules/colyseus.js/node_modules/ws/lib/event-target.js:220:9)
          at WebSocket.emit (node:events:524:28)
          at WebSocket.emitClose (/data/Workspace/helios/starwards/node_modules/colyseus.js/node_modules/ws/lib/websocket.js:272:10)
          at Socket.socketOnClose (/data/Workspace/helios/starwards/node_modules/colyseus.js/node_modules/ws/lib/websocket.js:1341:15)
          at Socket.emit (node:events:524:28)
          at TCP.<anonymous> (node:net:343:12)

      at ConnectionManager.onConnectionError (modules/core/src/client/connection-manager.ts:144:21)
          at Array.forEach (<anonymous>)

    console.log
      connection error: TypeError: Cannot read properties of undefined (reading 'decoder')
          at wireEvents (/data/Workspace/helios/starwards/node_modules/colyseus-events/src/wire-events.ts:30:40)
          at /data/Workspace/helios/starwards/modules/core/src/client/admin.ts:20:5
          at processTicksAndRejections (node:internal/process/task_queues:95:5)
          at /data/Workspace/helios/starwards/modules/core/src/client/connection-manager.ts:131:21

      at ConnectionManager.onConnectionError (modules/core/src/client/connection-manager.ts:144:21)

    console.log
      connection error: Error: disconnected from server
          at EventEmitter.<anonymous> (/data/Workspace/helios/starwards/modules/core/src/client/driver.ts:53:58)
          at /data/Workspace/helios/starwards/node_modules/colyseus.js/src/core/signal.ts:15:48
          at Array.forEach (<anonymous>)
          at EventEmitter.invoke (/data/Workspace/helios/starwards/node_modules/colyseus.js/src/core/signal.ts:15:19)
          at Function.register.invoke (/data/Workspace/helios/starwards/node_modules/colyseus.js/src/core/signal.ts:57:81)
          at WebSocket.connection.events.onclose (/data/Workspace/helios/starwards/node_modules/colyseus.js/src/Room.ts:89:30)
          at callListener (/data/Workspace/helios/starwards/node_modules/colyseus.js/node_modules/ws/lib/event-target.js:290:14)
          at WebSocket.onClose (/data/Workspace/helios/starwards/node_modules/colyseus.js/node_modules/ws/lib/event-target.js:220:9)
          at WebSocket.emit (node:events:524:28)
          at WebSocket.emitClose (/data/Workspace/helios/starwards/node_modules/colyseus.js/node_modules/ws/lib/websocket.js:272:10)
          at Socket.socketOnClose (/data/Workspace/helios/starwards/node_modules/colyseus.js/node_modules/ws/lib/websocket.js:1341:15)
          at Socket.emit (node:events:524:28)
          at TCP.<anonymous> (node:net:343:12)

      at ConnectionManager.onConnectionError (modules/core/src/client/connection-manager.ts:144:21)
          at Array.forEach (<anonymous>)

    console.log
      connection error: TypeError: Cannot read properties of undefined (reading 'decoder')
          at wireEvents (/data/Workspace/helios/starwards/node_modules/colyseus-events/src/wire-events.ts:30:40)
          at /data/Workspace/helios/starwards/modules/core/src/client/admin.ts:20:5
          at processTicksAndRejections (node:internal/process/task_queues:95:5)
          at /data/Workspace/helios/starwards/modules/core/src/client/connection-manager.ts:131:21

      at ConnectionManager.onConnectionError (modules/core/src/client/connection-manager.ts:144:21)

    console.log
      connection error: Error: disconnected from server
          at EventEmitter.<anonymous> (/data/Workspace/helios/starwards/modules/core/src/client/driver.ts:53:58)
          at /data/Workspace/helios/starwards/node_modules/colyseus.js/src/core/signal.ts:15:48
          at Array.forEach (<anonymous>)
          at EventEmitter.invoke (/data/Workspace/helios/starwards/node_modules/colyseus.js/src/core/signal.ts:15:19)
          at Function.register.invoke (/data/Workspace/helios/starwards/node_modules/colyseus.js/src/core/signal.ts:57:81)
          at WebSocket.connection.events.onclose (/data/Workspace/helios/starwards/node_modules/colyseus.js/src/Room.ts:89:30)
          at callListener (/data/Workspace/helios/starwards/node_modules/colyseus.js/node_modules/ws/lib/event-target.js:290:14)
          at WebSocket.onClose (/data/Workspace/helios/starwards/node_modules/colyseus.js/node_modules/ws/lib/event-target.js:220:9)
          at WebSocket.emit (node:events:524:28)
          at WebSocket.emitClose (/data/Workspace/helios/starwards/node_modules/colyseus.js/node_modules/ws/lib/websocket.js:272:10)
          at Socket.socketOnClose (/data/Workspace/helios/starwards/node_modules/colyseus.js/node_modules/ws/lib/websocket.js:1341:15)
          at Socket.emit (node:events:524:28)
          at TCP.<anonymous> (node:net:343:12)

      at ConnectionManager.onConnectionError (modules/core/src/client/connection-manager.ts:144:21)
          at Array.forEach (<anonymous>)

    console.log
      connection error: TypeError: Cannot read properties of undefined (reading 'decoder')
          at wireEvents (/data/Workspace/helios/starwards/node_modules/colyseus-events/src/wire-events.ts:30:40)
          at /data/Workspace/helios/starwards/modules/core/src/client/admin.ts:20:5
          at processTicksAndRejections (node:internal/process/task_queues:95:5)
          at /data/Workspace/helios/starwards/modules/core/src/client/connection-manager.ts:131:21

      at ConnectionManager.onConnectionError (modules/core/src/client/connection-manager.ts:144:21)

    console.log
      connection error: Error: disconnected from server
          at EventEmitter.<anonymous> (/data/Workspace/helios/starwards/modules/core/src/client/driver.ts:53:58)
          at /data/Workspace/helios/starwards/node_modules/colyseus.js/src/core/signal.ts:15:48
          at Array.forEach (<anonymous>)
          at EventEmitter.invoke (/data/Workspace/helios/starwards/node_modules/colyseus.js/src/core/signal.ts:15:19)
          at Function.register.invoke (/data/Workspace/helios/starwards/node_modules/colyseus.js/src/core/signal.ts:57:81)
          at WebSocket.connection.events.onclose (/data/Workspace/helios/starwards/node_modules/colyseus.js/src/Room.ts:89:30)
          at callListener (/data/Workspace/helios/starwards/node_modules/colyseus.js/node_modules/ws/lib/event-target.js:290:14)
          at WebSocket.onClose (/data/Workspace/helios/starwards/node_modules/colyseus.js/node_modules/ws/lib/event-target.js:220:9)
          at WebSocket.emit (node:events:524:28)
          at WebSocket.emitClose (/data/Workspace/helios/starwards/node_modules/colyseus.js/node_modules/ws/lib/websocket.js:272:10)
          at Socket.socketOnClose (/data/Workspace/helios/starwards/node_modules/colyseus.js/node_modules/ws/lib/websocket.js:1341:15)
          at Socket.emit (node:events:524:28)
          at TCP.<anonymous> (node:net:343:12)

      at ConnectionManager.onConnectionError (modules/core/src/client/connection-manager.ts:144:21)
          at Array.forEach (<anonymous>)

    console.log
      connection error: TypeError: Cannot read properties of undefined (reading 'decoder')
          at wireEvents (/data/Workspace/helios/starwards/node_modules/colyseus-events/src/wire-events.ts:30:40)
          at /data/Workspace/helios/starwards/modules/core/src/client/admin.ts:20:5
          at processTicksAndRejections (node:internal/process/task_queues:95:5)
          at /data/Workspace/helios/starwards/modules/core/src/client/connection-manager.ts:131:21

      at ConnectionManager.onConnectionError (modules/core/src/client/connection-manager.ts:144:21)

    console.log
      connection error: Error: disconnected from server
          at EventEmitter.<anonymous> (/data/Workspace/helios/starwards/modules/core/src/client/driver.ts:53:58)
          at /data/Workspace/helios/starwards/node_modules/colyseus.js/src/core/signal.ts:15:48
          at Array.forEach (<anonymous>)
          at EventEmitter.invoke (/data/Workspace/helios/starwards/node_modules/colyseus.js/src/core/signal.ts:15:19)
          at Function.register.invoke (/data/Workspace/helios/starwards/node_modules/colyseus.js/src/core/signal.ts:57:81)
          at WebSocket.connection.events.onclose (/data/Workspace/helios/starwards/node_modules/colyseus.js/src/Room.ts:89:30)
          at callListener (/data/Workspace/helios/starwards/node_modules/colyseus.js/node_modules/ws/lib/event-target.js:290:14)
          at WebSocket.onClose (/data/Workspace/helios/starwards/node_modules/colyseus.js/node_modules/ws/lib/event-target.js:220:9)
          at WebSocket.emit (node:events:524:28)
          at WebSocket.emitClose (/data/Workspace/helios/starwards/node_modules/colyseus.js/node_modules/ws/lib/websocket.js:272:10)
          at Socket.socketOnClose (/data/Workspace/helios/starwards/node_modules/colyseus.js/node_modules/ws/lib/websocket.js:1341:15)
          at Socket.emit (node:events:524:28)
          at TCP.<anonymous> (node:net:343:12)

      at ConnectionManager.onConnectionError (modules/core/src/client/connection-manager.ts:144:21)
          at Array.forEach (<anonymous>)

    console.log
      connection error: TypeError: Cannot read properties of undefined (reading 'decoder')
          at wireEvents (/data/Workspace/helios/starwards/node_modules/colyseus-events/src/wire-events.ts:30:40)
          at /data/Workspace/helios/starwards/modules/core/src/client/admin.ts:20:5
          at processTicksAndRejections (node:internal/process/task_queues:95:5)
          at /data/Workspace/helios/starwards/modules/core/src/client/connection-manager.ts:131:21

      at ConnectionManager.onConnectionError (modules/core/src/client/connection-manager.ts:144:21)

    console.log
      connection error: Error: disconnected from server
          at EventEmitter.<anonymous> (/data/Workspace/helios/starwards/modules/core/src/client/driver.ts:53:58)
          at /data/Workspace/helios/starwards/node_modules/colyseus.js/src/core/signal.ts:15:48
          at Array.forEach (<anonymous>)
          at EventEmitter.invoke (/data/Workspace/helios/starwards/node_modules/colyseus.js/src/core/signal.ts:15:19)
          at Function.register.invoke (/data/Workspace/helios/starwards/node_modules/colyseus.js/src/core/signal.ts:57:81)
          at WebSocket.connection.events.onclose (/data/Workspace/helios/starwards/node_modules/colyseus.js/src/Room.ts:89:30)
          at callListener (/data/Workspace/helios/starwards/node_modules/colyseus.js/node_modules/ws/lib/event-target.js:290:14)
          at WebSocket.onClose (/data/Workspace/helios/starwards/node_modules/colyseus.js/node_modules/ws/lib/event-target.js:220:9)
          at WebSocket.emit (node:events:524:28)
          at WebSocket.emitClose (/data/Workspace/helios/starwards/node_modules/colyseus.js/node_modules/ws/lib/websocket.js:272:10)
          at Socket.socketOnClose (/data/Workspace/helios/starwards/node_modules/colyseus.js/node_modules/ws/lib/websocket.js:1341:15)
          at Socket.emit (node:events:524:28)
          at TCP.<anonymous> (node:net:343:12)

      at ConnectionManager.onConnectionError (modules/core/src/client/connection-manager.ts:144:21)
          at Array.forEach (<anonymous>)

    console.log
      connection error: TypeError: Cannot read properties of undefined (reading 'decoder')
          at wireEvents (/data/Workspace/helios/starwards/node_modules/colyseus-events/src/wire-events.ts:30:40)
          at /data/Workspace/helios/starwards/modules/core/src/client/admin.ts:20:5
          at processTicksAndRejections (node:internal/process/task_queues:95:5)
          at /data/Workspace/helios/starwards/modules/core/src/client/connection-manager.ts:131:21

      at ConnectionManager.onConnectionError (modules/core/src/client/connection-manager.ts:144:21)

    console.log
      connection error: Error: disconnected from server
          at EventEmitter.<anonymous> (/data/Workspace/helios/starwards/modules/core/src/client/driver.ts:53:58)
          at /data/Workspace/helios/starwards/node_modules/colyseus.js/src/core/signal.ts:15:48
          at Array.forEach (<anonymous>)
          at EventEmitter.invoke (/data/Workspace/helios/starwards/node_modules/colyseus.js/src/core/signal.ts:15:19)
          at Function.register.invoke (/data/Workspace/helios/starwards/node_modules/colyseus.js/src/core/signal.ts:57:81)
          at WebSocket.connection.events.onclose (/data/Workspace/helios/starwards/node_modules/colyseus.js/src/Room.ts:89:30)
          at callListener (/data/Workspace/helios/starwards/node_modules/colyseus.js/node_modules/ws/lib/event-target.js:290:14)
          at WebSocket.onClose (/data/Workspace/helios/starwards/node_modules/colyseus.js/node_modules/ws/lib/event-target.js:220:9)
          at WebSocket.emit (node:events:524:28)
          at WebSocket.emitClose (/data/Workspace/helios/starwards/node_modules/colyseus.js/node_modules/ws/lib/websocket.js:272:10)
          at Socket.socketOnClose (/data/Workspace/helios/starwards/node_modules/colyseus.js/node_modules/ws/lib/websocket.js:1341:15)
          at Socket.emit (node:events:524:28)
          at TCP.<anonymous> (node:net:343:12)

      at ConnectionManager.onConnectionError (modules/core/src/client/connection-manager.ts:144:21)
          at Array.forEach (<anonymous>)

    console.log
      connection error: TypeError: Cannot read properties of undefined (reading 'decoder')
          at wireEvents (/data/Workspace/helios/starwards/node_modules/colyseus-events/src/wire-events.ts:30:40)
          at /data/Workspace/helios/starwards/modules/core/src/client/admin.ts:20:5
          at processTicksAndRejections (node:internal/process/task_queues:95:5)
          at /data/Workspace/helios/starwards/modules/core/src/client/connection-manager.ts:131:21

      at ConnectionManager.onConnectionError (modules/core/src/client/connection-manager.ts:144:21)

    console.log
      connection error: Error: disconnected from server
          at EventEmitter.<anonymous> (/data/Workspace/helios/starwards/modules/core/src/client/driver.ts:53:58)
          at /data/Workspace/helios/starwards/node_modules/colyseus.js/src/core/signal.ts:15:48
          at Array.forEach (<anonymous>)
          at EventEmitter.invoke (/data/Workspace/helios/starwards/node_modules/colyseus.js/src/core/signal.ts:15:19)
          at Function.register.invoke (/data/Workspace/helios/starwards/node_modules/colyseus.js/src/core/signal.ts:57:81)
          at WebSocket.connection.events.onclose (/data/Workspace/helios/starwards/node_modules/colyseus.js/src/Room.ts:89:30)
          at callListener (/data/Workspace/helios/starwards/node_modules/colyseus.js/node_modules/ws/lib/event-target.js:290:14)
          at WebSocket.onClose (/data/Workspace/helios/starwards/node_modules/colyseus.js/node_modules/ws/lib/event-target.js:220:9)
          at WebSocket.emit (node:events:524:28)
          at WebSocket.emitClose (/data/Workspace/helios/starwards/node_modules/colyseus.js/node_modules/ws/lib/websocket.js:272:10)
          at Socket.socketOnClose (/data/Workspace/helios/starwards/node_modules/colyseus.js/node_modules/ws/lib/websocket.js:1341:15)
          at Socket.emit (node:events:524:28)
          at TCP.<anonymous> (node:net:343:12)

      at ConnectionManager.onConnectionError (modules/core/src/client/connection-manager.ts:144:21)
          at Array.forEach (<anonymous>)

    console.log
      connection error: TypeError: Cannot read properties of undefined (reading 'decoder')
          at wireEvents (/data/Workspace/helios/starwards/node_modules/colyseus-events/src/wire-events.ts:30:40)
          at /data/Workspace/helios/starwards/modules/core/src/client/admin.ts:20:5
          at processTicksAndRejections (node:internal/process/task_queues:95:5)
          at /data/Workspace/helios/starwards/modules/core/src/client/connection-manager.ts:131:21

      at ConnectionManager.onConnectionError (modules/core/src/client/connection-manager.ts:144:21)

    console.log
      connection error: Error: disconnected from server
          at EventEmitter.<anonymous> (/data/Workspace/helios/starwards/modules/core/src/client/driver.ts:53:58)
          at /data/Workspace/helios/starwards/node_modules/colyseus.js/src/core/signal.ts:15:48
          at Array.forEach (<anonymous>)
          at EventEmitter.invoke (/data/Workspace/helios/starwards/node_modules/colyseus.js/src/core/signal.ts:15:19)
          at Function.register.invoke (/data/Workspace/helios/starwards/node_modules/colyseus.js/src/core/signal.ts:57:81)
          at WebSocket.connection.events.onclose (/data/Workspace/helios/starwards/node_modules/colyseus.js/src/Room.ts:89:30)
          at callListener (/data/Workspace/helios/starwards/node_modules/colyseus.js/node_modules/ws/lib/event-target.js:290:14)
          at WebSocket.onClose (/data/Workspace/helios/starwards/node_modules/colyseus.js/node_modules/ws/lib/event-target.js:220:9)
          at WebSocket.emit (node:events:524:28)
          at WebSocket.emitClose (/data/Workspace/helios/starwards/node_modules/colyseus.js/node_modules/ws/lib/websocket.js:272:10)
          at Socket.socketOnClose (/data/Workspace/helios/starwards/node_modules/colyseus.js/node_modules/ws/lib/websocket.js:1341:15)
          at Socket.emit (node:events:524:28)
          at TCP.<anonymous> (node:net:343:12)

      at ConnectionManager.onConnectionError (modules/core/src/client/connection-manager.ts:144:21)
          at Array.forEach (<anonymous>)

    console.log
      connection error: TypeError: Cannot read properties of undefined (reading 'decoder')
          at wireEvents (/data/Workspace/helios/starwards/node_modules/colyseus-events/src/wire-events.ts:30:40)
          at /data/Workspace/helios/starwards/modules/core/src/client/admin.ts:20:5
          at processTicksAndRejections (node:internal/process/task_queues:95:5)
          at /data/Workspace/helios/starwards/modules/core/src/client/connection-manager.ts:131:21

      at ConnectionManager.onConnectionError (modules/core/src/client/connection-manager.ts:144:21)

    console.log
      connection error: Error: disconnected from server
          at EventEmitter.<anonymous> (/data/Workspace/helios/starwards/modules/core/src/client/driver.ts:53:58)
          at /data/Workspace/helios/starwards/node_modules/colyseus.js/src/core/signal.ts:15:48
          at Array.forEach (<anonymous>)
          at EventEmitter.invoke (/data/Workspace/helios/starwards/node_modules/colyseus.js/src/core/signal.ts:15:19)
          at Function.register.invoke (/data/Workspace/helios/starwards/node_modules/colyseus.js/src/core/signal.ts:57:81)
          at WebSocket.connection.events.onclose (/data/Workspace/helios/starwards/node_modules/colyseus.js/src/Room.ts:89:30)
          at callListener (/data/Workspace/helios/starwards/node_modules/colyseus.js/node_modules/ws/lib/event-target.js:290:14)
          at WebSocket.onClose (/data/Workspace/helios/starwards/node_modules/colyseus.js/node_modules/ws/lib/event-target.js:220:9)
          at WebSocket.emit (node:events:524:28)
          at WebSocket.emitClose (/data/Workspace/helios/starwards/node_modules/colyseus.js/node_modules/ws/lib/websocket.js:272:10)
          at Socket.socketOnClose (/data/Workspace/helios/starwards/node_modules/colyseus.js/node_modules/ws/lib/websocket.js:1341:15)
          at Socket.emit (node:events:524:28)
          at TCP.<anonymous> (node:net:343:12)

      at ConnectionManager.onConnectionError (modules/core/src/client/connection-manager.ts:144:21)
          at Array.forEach (<anonymous>)

    console.log
      connection error: TypeError: Cannot read properties of undefined (reading 'decoder')
          at wireEvents (/data/Workspace/helios/starwards/node_modules/colyseus-events/src/wire-events.ts:30:40)
          at /data/Workspace/helios/starwards/modules/core/src/client/admin.ts:20:5
          at processTicksAndRejections (node:internal/process/task_queues:95:5)
          at /data/Workspace/helios/starwards/modules/core/src/client/connection-manager.ts:131:21

      at ConnectionManager.onConnectionError (modules/core/src/client/connection-manager.ts:144:21)

    console.log
      connection error: Error: disconnected from server
          at EventEmitter.<anonymous> (/data/Workspace/helios/starwards/modules/core/src/client/driver.ts:53:58)
          at /data/Workspace/helios/starwards/node_modules/colyseus.js/src/core/signal.ts:15:48
          at Array.forEach (<anonymous>)
          at EventEmitter.invoke (/data/Workspace/helios/starwards/node_modules/colyseus.js/src/core/signal.ts:15:19)
          at Function.register.invoke (/data/Workspace/helios/starwards/node_modules/colyseus.js/src/core/signal.ts:57:81)
          at WebSocket.connection.events.onclose (/data/Workspace/helios/starwards/node_modules/colyseus.js/src/Room.ts:89:30)
          at callListener (/data/Workspace/helios/starwards/node_modules/colyseus.js/node_modules/ws/lib/event-target.js:290:14)
          at WebSocket.onClose (/data/Workspace/helios/starwards/node_modules/colyseus.js/node_modules/ws/lib/event-target.js:220:9)
          at WebSocket.emit (node:events:524:28)
          at WebSocket.emitClose (/data/Workspace/helios/starwards/node_modules/colyseus.js/node_modules/ws/lib/websocket.js:272:10)
          at Socket.socketOnClose (/data/Workspace/helios/starwards/node_modules/colyseus.js/node_modules/ws/lib/websocket.js:1341:15)
          at Socket.emit (node:events:524:28)
          at TCP.<anonymous> (node:net:343:12)

      at ConnectionManager.onConnectionError (modules/core/src/client/connection-manager.ts:144:21)
          at Array.forEach (<anonymous>)

    console.log
      connection error: TypeError: Cannot read properties of undefined (reading 'decoder')
          at wireEvents (/data/Workspace/helios/starwards/node_modules/colyseus-events/src/wire-events.ts:30:40)
          at /data/Workspace/helios/starwards/modules/core/src/client/admin.ts:20:5
          at processTicksAndRejections (node:internal/process/task_queues:95:5)
          at /data/Workspace/helios/starwards/modules/core/src/client/connection-manager.ts:131:21

      at ConnectionManager.onConnectionError (modules/core/src/client/connection-manager.ts:144:21)

    console.log
      connection error: Error: disconnected from server
          at EventEmitter.<anonymous> (/data/Workspace/helios/starwards/modules/core/src/client/driver.ts:53:58)
          at /data/Workspace/helios/starwards/node_modules/colyseus.js/src/core/signal.ts:15:48
          at Array.forEach (<anonymous>)
          at EventEmitter.invoke (/data/Workspace/helios/starwards/node_modules/colyseus.js/src/core/signal.ts:15:19)
          at Function.register.invoke (/data/Workspace/helios/starwards/node_modules/colyseus.js/src/core/signal.ts:57:81)
          at WebSocket.connection.events.onclose (/data/Workspace/helios/starwards/node_modules/colyseus.js/src/Room.ts:89:30)
          at callListener (/data/Workspace/helios/starwards/node_modules/colyseus.js/node_modules/ws/lib/event-target.js:290:14)
          at WebSocket.onClose (/data/Workspace/helios/starwards/node_modules/colyseus.js/node_modules/ws/lib/event-target.js:220:9)
          at WebSocket.emit (node:events:524:28)
          at WebSocket.emitClose (/data/Workspace/helios/starwards/node_modules/colyseus.js/node_modules/ws/lib/websocket.js:272:10)
          at Socket.socketOnClose (/data/Workspace/helios/starwards/node_modules/colyseus.js/node_modules/ws/lib/websocket.js:1341:15)
          at Socket.emit (node:events:524:28)
          at TCP.<anonymous> (node:net:343:12)

      at ConnectionManager.onConnectionError (modules/core/src/client/connection-manager.ts:144:21)
          at Array.forEach (<anonymous>)

    console.log
      connection error: TypeError: Cannot read properties of undefined (reading 'decoder')
          at wireEvents (/data/Workspace/helios/starwards/node_modules/colyseus-events/src/wire-events.ts:30:40)
          at /data/Workspace/helios/starwards/modules/core/src/client/admin.ts:20:5
          at processTicksAndRejections (node:internal/process/task_queues:95:5)
          at /data/Workspace/helios/starwards/modules/core/src/client/connection-manager.ts:131:21

      at ConnectionManager.onConnectionError (modules/core/src/client/connection-manager.ts:144:21)

    console.log
      connection error: TypeError: Cannot read properties of undefined (reading 'decoder')
          at wireEvents (/data/Workspace/helios/starwards/node_modules/colyseus-events/src/wire-events.ts:30:40)
          at /data/Workspace/helios/starwards/modules/core/src/client/admin.ts:20:5
          at processTicksAndRejections (node:internal/process/task_queues:95:5)
          at /data/Workspace/helios/starwards/modules/core/src/client/connection-manager.ts:131:21

      at ConnectionManager.onConnectionError (modules/core/src/client/connection-manager.ts:144:21)

    console.log
      connection error: Error: disconnected from server
          at EventEmitter.<anonymous> (/data/Workspace/helios/starwards/modules/core/src/client/driver.ts:53:58)
          at /data/Workspace/helios/starwards/node_modules/colyseus.js/src/core/signal.ts:15:48
          at Array.forEach (<anonymous>)
          at EventEmitter.invoke (/data/Workspace/helios/starwards/node_modules/colyseus.js/src/core/signal.ts:15:19)
          at Function.register.invoke (/data/Workspace/helios/starwards/node_modules/colyseus.js/src/core/signal.ts:57:81)
          at WebSocket.connection.events.onclose (/data/Workspace/helios/starwards/node_modules/colyseus.js/src/Room.ts:89:30)
          at callListener (/data/Workspace/helios/starwards/node_modules/colyseus.js/node_modules/ws/lib/event-target.js:290:14)
          at WebSocket.onClose (/data/Workspace/helios/starwards/node_modules/colyseus.js/node_modules/ws/lib/event-target.js:220:9)
          at WebSocket.emit (node:events:524:28)
          at WebSocket.emitClose (/data/Workspace/helios/starwards/node_modules/colyseus.js/node_modules/ws/lib/websocket.js:272:10)
          at Socket.socketOnClose (/data/Workspace/helios/starwards/node_modules/colyseus.js/node_modules/ws/lib/websocket.js:1341:15)
          at Socket.emit (node:events:524:28)
          at TCP.<anonymous> (node:net:343:12)

      at ConnectionManager.onConnectionError (modules/core/src/client/connection-manager.ts:144:21)
          at Array.forEach (<anonymous>)

    console.log
      connection error: TypeError: Cannot read properties of undefined (reading 'decoder')
          at wireEvents (/data/Workspace/helios/starwards/node_modules/colyseus-events/src/wire-events.ts:30:40)
          at /data/Workspace/helios/starwards/modules/core/src/client/admin.ts:20:5
          at processTicksAndRejections (node:internal/process/task_queues:95:5)
          at /data/Workspace/helios/starwards/modules/core/src/client/connection-manager.ts:131:21

      at ConnectionManager.onConnectionError (modules/core/src/client/connection-manager.ts:144:21)

    console.log
      connection error: Error: disconnected from server
          at EventEmitter.<anonymous> (/data/Workspace/helios/starwards/modules/core/src/client/driver.ts:53:58)
          at /data/Workspace/helios/starwards/node_modules/colyseus.js/src/core/signal.ts:15:48
          at Array.forEach (<anonymous>)
          at EventEmitter.invoke (/data/Workspace/helios/starwards/node_modules/colyseus.js/src/core/signal.ts:15:19)
          at Function.register.invoke (/data/Workspace/helios/starwards/node_modules/colyseus.js/src/core/signal.ts:57:81)
          at WebSocket.connection.events.onclose (/data/Workspace/helios/starwards/node_modules/colyseus.js/src/Room.ts:89:30)
          at callListener (/data/Workspace/helios/starwards/node_modules/colyseus.js/node_modules/ws/lib/event-target.js:290:14)
          at WebSocket.onClose (/data/Workspace/helios/starwards/node_modules/colyseus.js/node_modules/ws/lib/event-target.js:220:9)
          at WebSocket.emit (node:events:524:28)
          at WebSocket.emitClose (/data/Workspace/helios/starwards/node_modules/colyseus.js/node_modules/ws/lib/websocket.js:272:10)
          at Socket.socketOnClose (/data/Workspace/helios/starwards/node_modules/colyseus.js/node_modules/ws/lib/websocket.js:1341:15)
          at Socket.emit (node:events:524:28)
          at TCP.<anonymous> (node:net:343:12)

      at ConnectionManager.onConnectionError (modules/core/src/client/connection-manager.ts:144:21)
          at Array.forEach (<anonymous>)

    console.log
      connection error: TypeError: Cannot read properties of undefined (reading 'decoder')
          at wireEvents (/data/Workspace/helios/starwards/node_modules/colyseus-events/src/wire-events.ts:30:40)
          at /data/Workspace/helios/starwards/modules/core/src/client/admin.ts:20:5
          at processTicksAndRejections (node:internal/process/task_queues:95:5)
          at /data/Workspace/helios/starwards/modules/core/src/client/connection-manager.ts:131:21

      at ConnectionManager.onConnectionError (modules/core/src/client/connection-manager.ts:144:21)

    console.log
      connection error: Error: disconnected from server
          at EventEmitter.<anonymous> (/data/Workspace/helios/starwards/modules/core/src/client/driver.ts:53:58)
          at /data/Workspace/helios/starwards/node_modules/colyseus.js/src/core/signal.ts:15:48
          at Array.forEach (<anonymous>)
          at EventEmitter.invoke (/data/Workspace/helios/starwards/node_modules/colyseus.js/src/core/signal.ts:15:19)
          at Function.register.invoke (/data/Workspace/helios/starwards/node_modules/colyseus.js/src/core/signal.ts:57:81)
          at WebSocket.connection.events.onclose (/data/Workspace/helios/starwards/node_modules/colyseus.js/src/Room.ts:89:30)
          at callListener (/data/Workspace/helios/starwards/node_modules/colyseus.js/node_modules/ws/lib/event-target.js:290:14)
          at WebSocket.onClose (/data/Workspace/helios/starwards/node_modules/colyseus.js/node_modules/ws/lib/event-target.js:220:9)
          at WebSocket.emit (node:events:524:28)
          at WebSocket.emitClose (/data/Workspace/helios/starwards/node_modules/colyseus.js/node_modules/ws/lib/websocket.js:272:10)
          at Socket.socketOnClose (/data/Workspace/helios/starwards/node_modules/colyseus.js/node_modules/ws/lib/websocket.js:1341:15)
          at Socket.emit (node:events:524:28)
          at TCP.<anonymous> (node:net:343:12)

      at ConnectionManager.onConnectionError (modules/core/src/client/connection-manager.ts:144:21)
          at Array.forEach (<anonymous>)

    console.log
      connection error: TypeError: Cannot read properties of undefined (reading 'decoder')
          at wireEvents (/data/Workspace/helios/starwards/node_modules/colyseus-events/src/wire-events.ts:30:40)
          at /data/Workspace/helios/starwards/modules/core/src/client/admin.ts:20:5
          at processTicksAndRejections (node:internal/process/task_queues:95:5)
          at /data/Workspace/helios/starwards/modules/core/src/client/connection-manager.ts:131:21

      at ConnectionManager.onConnectionError (modules/core/src/client/connection-manager.ts:144:21)

    console.log
      connection error: Error: disconnected from server
          at EventEmitter.<anonymous> (/data/Workspace/helios/starwards/modules/core/src/client/driver.ts:53:58)
          at /data/Workspace/helios/starwards/node_modules/colyseus.js/src/core/signal.ts:15:48
          at Array.forEach (<anonymous>)
          at EventEmitter.invoke (/data/Workspace/helios/starwards/node_modules/colyseus.js/src/core/signal.ts:15:19)
          at Function.register.invoke (/data/Workspace/helios/starwards/node_modules/colyseus.js/src/core/signal.ts:57:81)
          at WebSocket.connection.events.onclose (/data/Workspace/helios/starwards/node_modules/colyseus.js/src/Room.ts:89:30)
          at callListener (/data/Workspace/helios/starwards/node_modules/colyseus.js/node_modules/ws/lib/event-target.js:290:14)
          at WebSocket.onClose (/data/Workspace/helios/starwards/node_modules/colyseus.js/node_modules/ws/lib/event-target.js:220:9)
          at WebSocket.emit (node:events:524:28)
          at WebSocket.emitClose (/data/Workspace/helios/starwards/node_modules/colyseus.js/node_modules/ws/lib/websocket.js:272:10)
          at Socket.socketOnClose (/data/Workspace/helios/starwards/node_modules/colyseus.js/node_modules/ws/lib/websocket.js:1341:15)
          at Socket.emit (node:events:524:28)
          at TCP.<anonymous> (node:net:343:12)

      at ConnectionManager.onConnectionError (modules/core/src/client/connection-manager.ts:144:21)
          at Array.forEach (<anonymous>)

    console.log
      connection error: TypeError: Cannot read properties of undefined (reading 'decoder')
          at wireEvents (/data/Workspace/helios/starwards/node_modules/colyseus-events/src/wire-events.ts:30:40)
          at /data/Workspace/helios/starwards/modules/core/src/client/admin.ts:20:5
          at processTicksAndRejections (node:internal/process/task_queues:95:5)
          at /data/Workspace/helios/starwards/modules/core/src/client/connection-manager.ts:131:21

      at ConnectionManager.onConnectionError (modules/core/src/client/connection-manager.ts:144:21)

    console.log
      connection error: Error: disconnected from server
          at EventEmitter.<anonymous> (/data/Workspace/helios/starwards/modules/core/src/client/driver.ts:53:58)
          at /data/Workspace/helios/starwards/node_modules/colyseus.js/src/core/signal.ts:15:48
          at Array.forEach (<anonymous>)
          at EventEmitter.invoke (/data/Workspace/helios/starwards/node_modules/colyseus.js/src/core/signal.ts:15:19)
          at Function.register.invoke (/data/Workspace/helios/starwards/node_modules/colyseus.js/src/core/signal.ts:57:81)
          at WebSocket.connection.events.onclose (/data/Workspace/helios/starwards/node_modules/colyseus.js/src/Room.ts:89:30)
          at callListener (/data/Workspace/helios/starwards/node_modules/colyseus.js/node_modules/ws/lib/event-target.js:290:14)
          at WebSocket.onClose (/data/Workspace/helios/starwards/node_modules/colyseus.js/node_modules/ws/lib/event-target.js:220:9)
          at WebSocket.emit (node:events:524:28)
          at WebSocket.emitClose (/data/Workspace/helios/starwards/node_modules/colyseus.js/node_modules/ws/lib/websocket.js:272:10)
          at Socket.socketOnClose (/data/Workspace/helios/starwards/node_modules/colyseus.js/node_modules/ws/lib/websocket.js:1341:15)
          at Socket.emit (node:events:524:28)
          at TCP.<anonymous> (node:net:343:12)

      at ConnectionManager.onConnectionError (modules/core/src/client/connection-manager.ts:144:21)
          at Array.forEach (<anonymous>)

    console.log
      connection error: TypeError: Cannot read properties of undefined (reading 'decoder')
          at wireEvents (/data/Workspace/helios/starwards/node_modules/colyseus-events/src/wire-events.ts:30:40)
          at /data/Workspace/helios/starwards/modules/core/src/client/admin.ts:20:5
          at processTicksAndRejections (node:internal/process/task_queues:95:5)
          at /data/Workspace/helios/starwards/modules/core/src/client/connection-manager.ts:131:21

      at ConnectionManager.onConnectionError (modules/core/src/client/connection-manager.ts:144:21)

    console.log
      connection error: Error: disconnected from server
          at EventEmitter.<anonymous> (/data/Workspace/helios/starwards/modules/core/src/client/driver.ts:53:58)
          at /data/Workspace/helios/starwards/node_modules/colyseus.js/src/core/signal.ts:15:48
          at Array.forEach (<anonymous>)
          at EventEmitter.invoke (/data/Workspace/helios/starwards/node_modules/colyseus.js/src/core/signal.ts:15:19)
          at Function.register.invoke (/data/Workspace/helios/starwards/node_modules/colyseus.js/src/core/signal.ts:57:81)
          at WebSocket.connection.events.onclose (/data/Workspace/helios/starwards/node_modules/colyseus.js/src/Room.ts:89:30)
          at callListener (/data/Workspace/helios/starwards/node_modules/colyseus.js/node_modules/ws/lib/event-target.js:290:14)
          at WebSocket.onClose (/data/Workspace/helios/starwards/node_modules/colyseus.js/node_modules/ws/lib/event-target.js:220:9)
          at WebSocket.emit (node:events:524:28)
          at WebSocket.emitClose (/data/Workspace/helios/starwards/node_modules/colyseus.js/node_modules/ws/lib/websocket.js:272:10)
          at Socket.socketOnClose (/data/Workspace/helios/starwards/node_modules/colyseus.js/node_modules/ws/lib/websocket.js:1341:15)
          at Socket.emit (node:events:524:28)
          at TCP.<anonymous> (node:net:343:12)

      at ConnectionManager.onConnectionError (modules/core/src/client/connection-manager.ts:144:21)
          at Array.forEach (<anonymous>)

    console.log
      connection error: TypeError: Cannot read properties of undefined (reading 'decoder')
          at wireEvents (/data/Workspace/helios/starwards/node_modules/colyseus-events/src/wire-events.ts:30:40)
          at /data/Workspace/helios/starwards/modules/core/src/client/admin.ts:20:5
          at processTicksAndRejections (node:internal/process/task_queues:95:5)
          at /data/Workspace/helios/starwards/modules/core/src/client/connection-manager.ts:131:21

      at ConnectionManager.onConnectionError (modules/core/src/client/connection-manager.ts:144:21)

    console.log
      connection error: Error: disconnected from server
          at EventEmitter.<anonymous> (/data/Workspace/helios/starwards/modules/core/src/client/driver.ts:53:58)
          at /data/Workspace/helios/starwards/node_modules/colyseus.js/src/core/signal.ts:15:48
          at Array.forEach (<anonymous>)
          at EventEmitter.invoke (/data/Workspace/helios/starwards/node_modules/colyseus.js/src/core/signal.ts:15:19)
          at Function.register.invoke (/data/Workspace/helios/starwards/node_modules/colyseus.js/src/core/signal.ts:57:81)
          at WebSocket.connection.events.onclose (/data/Workspace/helios/starwards/node_modules/colyseus.js/src/Room.ts:89:30)
          at callListener (/data/Workspace/helios/starwards/node_modules/colyseus.js/node_modules/ws/lib/event-target.js:290:14)
          at WebSocket.onClose (/data/Workspace/helios/starwards/node_modules/colyseus.js/node_modules/ws/lib/event-target.js:220:9)
          at WebSocket.emit (node:events:524:28)
          at WebSocket.emitClose (/data/Workspace/helios/starwards/node_modules/colyseus.js/node_modules/ws/lib/websocket.js:272:10)
          at Socket.socketOnClose (/data/Workspace/helios/starwards/node_modules/colyseus.js/node_modules/ws/lib/websocket.js:1341:15)
          at Socket.emit (node:events:524:28)
          at TCP.<anonymous> (node:net:343:12)

      at ConnectionManager.onConnectionError (modules/core/src/client/connection-manager.ts:144:21)
          at Array.forEach (<anonymous>)

    console.log
      connection error: TypeError: Cannot read properties of undefined (reading 'decoder')
          at wireEvents (/data/Workspace/helios/starwards/node_modules/colyseus-events/src/wire-events.ts:30:40)
          at /data/Workspace/helios/starwards/modules/core/src/client/admin.ts:20:5
          at processTicksAndRejections (node:internal/process/task_queues:95:5)
          at /data/Workspace/helios/starwards/modules/core/src/client/connection-manager.ts:131:21

      at ConnectionManager.onConnectionError (modules/core/src/client/connection-manager.ts:144:21)

    console.log
      connection error: Error: disconnected from server
          at EventEmitter.<anonymous> (/data/Workspace/helios/starwards/modules/core/src/client/driver.ts:53:58)
          at /data/Workspace/helios/starwards/node_modules/colyseus.js/src/core/signal.ts:15:48
          at Array.forEach (<anonymous>)
          at EventEmitter.invoke (/data/Workspace/helios/starwards/node_modules/colyseus.js/src/core/signal.ts:15:19)
          at Function.register.invoke (/data/Workspace/helios/starwards/node_modules/colyseus.js/src/core/signal.ts:57:81)
          at WebSocket.connection.events.onclose (/data/Workspace/helios/starwards/node_modules/colyseus.js/src/Room.ts:89:30)
          at callListener (/data/Workspace/helios/starwards/node_modules/colyseus.js/node_modules/ws/lib/event-target.js:290:14)
          at WebSocket.onClose (/data/Workspace/helios/starwards/node_modules/colyseus.js/node_modules/ws/lib/event-target.js:220:9)
          at WebSocket.emit (node:events:524:28)
          at WebSocket.emitClose (/data/Workspace/helios/starwards/node_modules/colyseus.js/node_modules/ws/lib/websocket.js:272:10)
          at Socket.socketOnClose (/data/Workspace/helios/starwards/node_modules/colyseus.js/node_modules/ws/lib/websocket.js:1341:15)
          at Socket.emit (node:events:524:28)
          at TCP.<anonymous> (node:net:343:12)

      at ConnectionManager.onConnectionError (modules/core/src/client/connection-manager.ts:144:21)
          at Array.forEach (<anonymous>)

    console.log
      connection error: TypeError: Cannot read properties of undefined (reading 'decoder')
          at wireEvents (/data/Workspace/helios/starwards/node_modules/colyseus-events/src/wire-events.ts:30:40)
          at /data/Workspace/helios/starwards/modules/core/src/client/admin.ts:20:5
          at processTicksAndRejections (node:internal/process/task_queues:95:5)
          at /data/Workspace/helios/starwards/modules/core/src/client/connection-manager.ts:131:21

      at ConnectionManager.onConnectionError (modules/core/src/client/connection-manager.ts:144:21)

    console.log
      connection error: Error: disconnected from server
          at EventEmitter.<anonymous> (/data/Workspace/helios/starwards/modules/core/src/client/driver.ts:53:58)
          at /data/Workspace/helios/starwards/node_modules/colyseus.js/src/core/signal.ts:15:48
          at Array.forEach (<anonymous>)
          at EventEmitter.invoke (/data/Workspace/helios/starwards/node_modules/colyseus.js/src/core/signal.ts:15:19)
          at Function.register.invoke (/data/Workspace/helios/starwards/node_modules/colyseus.js/src/core/signal.ts:57:81)
          at WebSocket.connection.events.onclose (/data/Workspace/helios/starwards/node_modules/colyseus.js/src/Room.ts:89:30)
          at callListener (/data/Workspace/helios/starwards/node_modules/colyseus.js/node_modules/ws/lib/event-target.js:290:14)
          at WebSocket.onClose (/data/Workspace/helios/starwards/node_modules/colyseus.js/node_modules/ws/lib/event-target.js:220:9)
          at WebSocket.emit (node:events:524:28)
          at WebSocket.emitClose (/data/Workspace/helios/starwards/node_modules/colyseus.js/node_modules/ws/lib/websocket.js:272:10)
          at Socket.socketOnClose (/data/Workspace/helios/starwards/node_modules/colyseus.js/node_modules/ws/lib/websocket.js:1341:15)
          at Socket.emit (node:events:524:28)
          at TCP.<anonymous> (node:net:343:12)

      at ConnectionManager.onConnectionError (modules/core/src/client/connection-manager.ts:144:21)
          at Array.forEach (<anonymous>)

    console.log
      connection error: TypeError: Cannot read properties of undefined (reading 'decoder')
          at wireEvents (/data/Workspace/helios/starwards/node_modules/colyseus-events/src/wire-events.ts:30:40)
          at /data/Workspace/helios/starwards/modules/core/src/client/admin.ts:20:5
          at processTicksAndRejections (node:internal/process/task_queues:95:5)
          at /data/Workspace/helios/starwards/modules/core/src/client/connection-manager.ts:131:21

      at ConnectionManager.onConnectionError (modules/core/src/client/connection-manager.ts:144:21)

    console.log
      connection error: Error: disconnected from server
          at EventEmitter.<anonymous> (/data/Workspace/helios/starwards/modules/core/src/client/driver.ts:53:58)
          at /data/Workspace/helios/starwards/node_modules/colyseus.js/src/core/signal.ts:15:48
          at Array.forEach (<anonymous>)
          at EventEmitter.invoke (/data/Workspace/helios/starwards/node_modules/colyseus.js/src/core/signal.ts:15:19)
          at Function.register.invoke (/data/Workspace/helios/starwards/node_modules/colyseus.js/src/core/signal.ts:57:81)
          at WebSocket.connection.events.onclose (/data/Workspace/helios/starwards/node_modules/colyseus.js/src/Room.ts:89:30)
          at callListener (/data/Workspace/helios/starwards/node_modules/colyseus.js/node_modules/ws/lib/event-target.js:290:14)
          at WebSocket.onClose (/data/Workspace/helios/starwards/node_modules/colyseus.js/node_modules/ws/lib/event-target.js:220:9)
          at WebSocket.emit (node:events:524:28)
          at WebSocket.emitClose (/data/Workspace/helios/starwards/node_modules/colyseus.js/node_modules/ws/lib/websocket.js:272:10)
          at Socket.socketOnClose (/data/Workspace/helios/starwards/node_modules/colyseus.js/node_modules/ws/lib/websocket.js:1341:15)
          at Socket.emit (node:events:524:28)
          at TCP.<anonymous> (node:net:343:12)

      at ConnectionManager.onConnectionError (modules/core/src/client/connection-manager.ts:144:21)
          at Array.forEach (<anonymous>)

    console.log
      connection error: TypeError: Cannot read properties of undefined (reading 'decoder')
          at wireEvents (/data/Workspace/helios/starwards/node_modules/colyseus-events/src/wire-events.ts:30:40)
          at /data/Workspace/helios/starwards/modules/core/src/client/admin.ts:20:5
          at processTicksAndRejections (node:internal/process/task_queues:95:5)
          at /data/Workspace/helios/starwards/modules/core/src/client/connection-manager.ts:131:21

      at ConnectionManager.onConnectionError (modules/core/src/client/connection-manager.ts:144:21)

    console.log
      connection error: Error: disconnected from server
          at EventEmitter.<anonymous> (/data/Workspace/helios/starwards/modules/core/src/client/driver.ts:53:58)
          at /data/Workspace/helios/starwards/node_modules/colyseus.js/src/core/signal.ts:15:48
          at Array.forEach (<anonymous>)
          at EventEmitter.invoke (/data/Workspace/helios/starwards/node_modules/colyseus.js/src/core/signal.ts:15:19)
          at Function.register.invoke (/data/Workspace/helios/starwards/node_modules/colyseus.js/src/core/signal.ts:57:81)
          at WebSocket.connection.events.onclose (/data/Workspace/helios/starwards/node_modules/colyseus.js/src/Room.ts:89:30)
          at callListener (/data/Workspace/helios/starwards/node_modules/colyseus.js/node_modules/ws/lib/event-target.js:290:14)
          at WebSocket.onClose (/data/Workspace/helios/starwards/node_modules/colyseus.js/node_modules/ws/lib/event-target.js:220:9)
          at WebSocket.emit (node:events:524:28)
          at WebSocket.emitClose (/data/Workspace/helios/starwards/node_modules/colyseus.js/node_modules/ws/lib/websocket.js:272:10)
          at Socket.socketOnClose (/data/Workspace/helios/starwards/node_modules/colyseus.js/node_modules/ws/lib/websocket.js:1341:15)
          at Socket.emit (node:events:524:28)
          at TCP.<anonymous> (node:net:343:12)

      at ConnectionManager.onConnectionError (modules/core/src/client/connection-manager.ts:144:21)
          at Array.forEach (<anonymous>)

    console.log
      connection error: TypeError: Cannot read properties of undefined (reading 'decoder')
          at wireEvents (/data/Workspace/helios/starwards/node_modules/colyseus-events/src/wire-events.ts:30:40)
          at /data/Workspace/helios/starwards/modules/core/src/client/admin.ts:20:5
          at processTicksAndRejections (node:internal/process/task_queues:95:5)
          at /data/Workspace/helios/starwards/modules/core/src/client/connection-manager.ts:131:21

      at ConnectionManager.onConnectionError (modules/core/src/client/connection-manager.ts:144:21)

    console.log
      connection error: Error: disconnected from server
          at EventEmitter.<anonymous> (/data/Workspace/helios/starwards/modules/core/src/client/driver.ts:53:58)
          at /data/Workspace/helios/starwards/node_modules/colyseus.js/src/core/signal.ts:15:48
          at Array.forEach (<anonymous>)
          at EventEmitter.invoke (/data/Workspace/helios/starwards/node_modules/colyseus.js/src/core/signal.ts:15:19)
          at Function.register.invoke (/data/Workspace/helios/starwards/node_modules/colyseus.js/src/core/signal.ts:57:81)
          at WebSocket.connection.events.onclose (/data/Workspace/helios/starwards/node_modules/colyseus.js/src/Room.ts:89:30)
          at callListener (/data/Workspace/helios/starwards/node_modules/colyseus.js/node_modules/ws/lib/event-target.js:290:14)
          at WebSocket.onClose (/data/Workspace/helios/starwards/node_modules/colyseus.js/node_modules/ws/lib/event-target.js:220:9)
          at WebSocket.emit (node:events:524:28)
          at WebSocket.emitClose (/data/Workspace/helios/starwards/node_modules/colyseus.js/node_modules/ws/lib/websocket.js:272:10)
          at Socket.socketOnClose (/data/Workspace/helios/starwards/node_modules/colyseus.js/node_modules/ws/lib/websocket.js:1341:15)
          at Socket.emit (node:events:524:28)
          at TCP.<anonymous> (node:net:343:12)

      at ConnectionManager.onConnectionError (modules/core/src/client/connection-manager.ts:144:21)
          at Array.forEach (<anonymous>)

    console.log
      connection error: TypeError: Cannot read properties of undefined (reading 'decoder')
          at wireEvents (/data/Workspace/helios/starwards/node_modules/colyseus-events/src/wire-events.ts:30:40)
          at /data/Workspace/helios/starwards/modules/core/src/client/admin.ts:20:5
          at processTicksAndRejections (node:internal/process/task_queues:95:5)
          at /data/Workspace/helios/starwards/modules/core/src/client/connection-manager.ts:131:21

      at ConnectionManager.onConnectionError (modules/core/src/client/connection-manager.ts:144:21)

    console.log
      connection error: Error: disconnected from server
          at EventEmitter.<anonymous> (/data/Workspace/helios/starwards/modules/core/src/client/driver.ts:53:58)
          at /data/Workspace/helios/starwards/node_modules/colyseus.js/src/core/signal.ts:15:48
          at Array.forEach (<anonymous>)
          at EventEmitter.invoke (/data/Workspace/helios/starwards/node_modules/colyseus.js/src/core/signal.ts:15:19)
          at Function.register.invoke (/data/Workspace/helios/starwards/node_modules/colyseus.js/src/core/signal.ts:57:81)
          at WebSocket.connection.events.onclose (/data/Workspace/helios/starwards/node_modules/colyseus.js/src/Room.ts:89:30)
          at callListener (/data/Workspace/helios/starwards/node_modules/colyseus.js/node_modules/ws/lib/event-target.js:290:14)
          at WebSocket.onClose (/data/Workspace/helios/starwards/node_modules/colyseus.js/node_modules/ws/lib/event-target.js:220:9)
          at WebSocket.emit (node:events:524:28)
          at WebSocket.emitClose (/data/Workspace/helios/starwards/node_modules/colyseus.js/node_modules/ws/lib/websocket.js:272:10)
          at Socket.socketOnClose (/data/Workspace/helios/starwards/node_modules/colyseus.js/node_modules/ws/lib/websocket.js:1341:15)
          at Socket.emit (node:events:524:28)
          at TCP.<anonymous> (node:net:343:12)

      at ConnectionManager.onConnectionError (modules/core/src/client/connection-manager.ts:144:21)
          at Array.forEach (<anonymous>)

    console.log
      connection error: TypeError: Cannot read properties of undefined (reading 'decoder')
          at wireEvents (/data/Workspace/helios/starwards/node_modules/colyseus-events/src/wire-events.ts:30:40)
          at /data/Workspace/helios/starwards/modules/core/src/client/admin.ts:20:5
          at processTicksAndRejections (node:internal/process/task_queues:95:5)
          at /data/Workspace/helios/starwards/modules/core/src/client/connection-manager.ts:131:21

      at ConnectionManager.onConnectionError (modules/core/src/client/connection-manager.ts:144:21)

    console.log
      connection error: Error: disconnected from server
          at EventEmitter.<anonymous> (/data/Workspace/helios/starwards/modules/core/src/client/driver.ts:53:58)
          at /data/Workspace/helios/starwards/node_modules/colyseus.js/src/core/signal.ts:15:48
          at Array.forEach (<anonymous>)
          at EventEmitter.invoke (/data/Workspace/helios/starwards/node_modules/colyseus.js/src/core/signal.ts:15:19)
          at Function.register.invoke (/data/Workspace/helios/starwards/node_modules/colyseus.js/src/core/signal.ts:57:81)
          at WebSocket.connection.events.onclose (/data/Workspace/helios/starwards/node_modules/colyseus.js/src/Room.ts:89:30)
          at callListener (/data/Workspace/helios/starwards/node_modules/colyseus.js/node_modules/ws/lib/event-target.js:290:14)
          at WebSocket.onClose (/data/Workspace/helios/starwards/node_modules/colyseus.js/node_modules/ws/lib/event-target.js:220:9)
          at WebSocket.emit (node:events:524:28)
          at WebSocket.emitClose (/data/Workspace/helios/starwards/node_modules/colyseus.js/node_modules/ws/lib/websocket.js:272:10)
          at Socket.socketOnClose (/data/Workspace/helios/starwards/node_modules/colyseus.js/node_modules/ws/lib/websocket.js:1341:15)
          at Socket.emit (node:events:524:28)
          at TCP.<anonymous> (node:net:343:12)

      at ConnectionManager.onConnectionError (modules/core/src/client/connection-manager.ts:144:21)
          at Array.forEach (<anonymous>)

    console.log
      connection error: TypeError: Cannot read properties of undefined (reading 'decoder')
          at wireEvents (/data/Workspace/helios/starwards/node_modules/colyseus-events/src/wire-events.ts:30:40)
          at /data/Workspace/helios/starwards/modules/core/src/client/admin.ts:20:5
          at processTicksAndRejections (node:internal/process/task_queues:95:5)
          at /data/Workspace/helios/starwards/modules/core/src/client/connection-manager.ts:131:21

      at ConnectionManager.onConnectionError (modules/core/src/client/connection-manager.ts:144:21)

    console.log
      connection error: Error: disconnected from server
          at EventEmitter.<anonymous> (/data/Workspace/helios/starwards/modules/core/src/client/driver.ts:53:58)
          at /data/Workspace/helios/starwards/node_modules/colyseus.js/src/core/signal.ts:15:48
          at Array.forEach (<anonymous>)
          at EventEmitter.invoke (/data/Workspace/helios/starwards/node_modules/colyseus.js/src/core/signal.ts:15:19)
          at Function.register.invoke (/data/Workspace/helios/starwards/node_modules/colyseus.js/src/core/signal.ts:57:81)
          at WebSocket.connection.events.onclose (/data/Workspace/helios/starwards/node_modules/colyseus.js/src/Room.ts:89:30)
          at callListener (/data/Workspace/helios/starwards/node_modules/colyseus.js/node_modules/ws/lib/event-target.js:290:14)
          at WebSocket.onClose (/data/Workspace/helios/starwards/node_modules/colyseus.js/node_modules/ws/lib/event-target.js:220:9)
          at WebSocket.emit (node:events:524:28)
          at WebSocket.emitClose (/data/Workspace/helios/starwards/node_modules/colyseus.js/node_modules/ws/lib/websocket.js:272:10)
          at Socket.socketOnClose (/data/Workspace/helios/starwards/node_modules/colyseus.js/node_modules/ws/lib/websocket.js:1341:15)
          at Socket.emit (node:events:524:28)
          at TCP.<anonymous> (node:net:343:12)

      at ConnectionManager.onConnectionError (modules/core/src/client/connection-manager.ts:144:21)
          at Array.forEach (<anonymous>)

    console.log
      connection error: TypeError: Cannot read properties of undefined (reading 'decoder')
          at wireEvents (/data/Workspace/helios/starwards/node_modules/colyseus-events/src/wire-events.ts:30:40)
          at /data/Workspace/helios/starwards/modules/core/src/client/admin.ts:20:5
          at processTicksAndRejections (node:internal/process/task_queues:95:5)
          at /data/Workspace/helios/starwards/modules/core/src/client/connection-manager.ts:131:21

      at ConnectionManager.onConnectionError (modules/core/src/client/connection-manager.ts:144:21)

    console.log
      connection error: Error: disconnected from server
          at EventEmitter.<anonymous> (/data/Workspace/helios/starwards/modules/core/src/client/driver.ts:53:58)
          at /data/Workspace/helios/starwards/node_modules/colyseus.js/src/core/signal.ts:15:48
          at Array.forEach (<anonymous>)
          at EventEmitter.invoke (/data/Workspace/helios/starwards/node_modules/colyseus.js/src/core/signal.ts:15:19)
          at Function.register.invoke (/data/Workspace/helios/starwards/node_modules/colyseus.js/src/core/signal.ts:57:81)
          at WebSocket.connection.events.onclose (/data/Workspace/helios/starwards/node_modules/colyseus.js/src/Room.ts:89:30)
          at callListener (/data/Workspace/helios/starwards/node_modules/colyseus.js/node_modules/ws/lib/event-target.js:290:14)
          at WebSocket.onClose (/data/Workspace/helios/starwards/node_modules/colyseus.js/node_modules/ws/lib/event-target.js:220:9)
          at WebSocket.emit (node:events:524:28)
          at WebSocket.emitClose (/data/Workspace/helios/starwards/node_modules/colyseus.js/node_modules/ws/lib/websocket.js:272:10)
          at Socket.socketOnClose (/data/Workspace/helios/starwards/node_modules/colyseus.js/node_modules/ws/lib/websocket.js:1341:15)
          at Socket.emit (node:events:524:28)
          at TCP.<anonymous> (node:net:343:12)

      at ConnectionManager.onConnectionError (modules/core/src/client/connection-manager.ts:144:21)
          at Array.forEach (<anonymous>)

    console.log
      connection error: TypeError: Cannot read properties of undefined (reading 'decoder')
          at wireEvents (/data/Workspace/helios/starwards/node_modules/colyseus-events/src/wire-events.ts:30:40)
          at /data/Workspace/helios/starwards/modules/core/src/client/admin.ts:20:5
          at processTicksAndRejections (node:internal/process/task_queues:95:5)
          at /data/Workspace/helios/starwards/modules/core/src/client/connection-manager.ts:131:21

      at ConnectionManager.onConnectionError (modules/core/src/client/connection-manager.ts:144:21)

    console.log
      connection error: Error: disconnected from server
          at EventEmitter.<anonymous> (/data/Workspace/helios/starwards/modules/core/src/client/driver.ts:53:58)
          at /data/Workspace/helios/starwards/node_modules/colyseus.js/src/core/signal.ts:15:48
          at Array.forEach (<anonymous>)
          at EventEmitter.invoke (/data/Workspace/helios/starwards/node_modules/colyseus.js/src/core/signal.ts:15:19)
          at Function.register.invoke (/data/Workspace/helios/starwards/node_modules/colyseus.js/src/core/signal.ts:57:81)
          at WebSocket.connection.events.onclose (/data/Workspace/helios/starwards/node_modules/colyseus.js/src/Room.ts:89:30)
          at callListener (/data/Workspace/helios/starwards/node_modules/colyseus.js/node_modules/ws/lib/event-target.js:290:14)
          at WebSocket.onClose (/data/Workspace/helios/starwards/node_modules/colyseus.js/node_modules/ws/lib/event-target.js:220:9)
          at WebSocket.emit (node:events:524:28)
          at WebSocket.emitClose (/data/Workspace/helios/starwards/node_modules/colyseus.js/node_modules/ws/lib/websocket.js:272:10)
          at Socket.socketOnClose (/data/Workspace/helios/starwards/node_modules/colyseus.js/node_modules/ws/lib/websocket.js:1341:15)
          at Socket.emit (node:events:524:28)
          at TCP.<anonymous> (node:net:343:12)

      at ConnectionManager.onConnectionError (modules/core/src/client/connection-manager.ts:144:21)
          at Array.forEach (<anonymous>)

    console.log
      connection error: TypeError: Cannot read properties of undefined (reading 'decoder')
          at wireEvents (/data/Workspace/helios/starwards/node_modules/colyseus-events/src/wire-events.ts:30:40)
          at /data/Workspace/helios/starwards/modules/core/src/client/admin.ts:20:5
          at processTicksAndRejections (node:internal/process/task_queues:95:5)
          at /data/Workspace/helios/starwards/modules/core/src/client/connection-manager.ts:131:21

      at ConnectionManager.onConnectionError (modules/core/src/client/connection-manager.ts:144:21)

    console.log
      connection error: Error: disconnected from server
          at EventEmitter.<anonymous> (/data/Workspace/helios/starwards/modules/core/src/client/driver.ts:53:58)
          at /data/Workspace/helios/starwards/node_modules/colyseus.js/src/core/signal.ts:15:48
          at Array.forEach (<anonymous>)
          at EventEmitter.invoke (/data/Workspace/helios/starwards/node_modules/colyseus.js/src/core/signal.ts:15:19)
          at Function.register.invoke (/data/Workspace/helios/starwards/node_modules/colyseus.js/src/core/signal.ts:57:81)
          at WebSocket.connection.events.onclose (/data/Workspace/helios/starwards/node_modules/colyseus.js/src/Room.ts:89:30)
          at callListener (/data/Workspace/helios/starwards/node_modules/colyseus.js/node_modules/ws/lib/event-target.js:290:14)
          at WebSocket.onClose (/data/Workspace/helios/starwards/node_modules/colyseus.js/node_modules/ws/lib/event-target.js:220:9)
          at WebSocket.emit (node:events:524:28)
          at WebSocket.emitClose (/data/Workspace/helios/starwards/node_modules/colyseus.js/node_modules/ws/lib/websocket.js:272:10)
          at Socket.socketOnClose (/data/Workspace/helios/starwards/node_modules/colyseus.js/node_modules/ws/lib/websocket.js:1341:15)
          at Socket.emit (node:events:524:28)
          at TCP.<anonymous> (node:net:343:12)

      at ConnectionManager.onConnectionError (modules/core/src/client/connection-manager.ts:144:21)
          at Array.forEach (<anonymous>)

    console.log
      connection error: TypeError: Cannot read properties of undefined (reading 'decoder')
          at wireEvents (/data/Workspace/helios/starwards/node_modules/colyseus-events/src/wire-events.ts:30:40)
          at /data/Workspace/helios/starwards/modules/core/src/client/admin.ts:20:5
          at processTicksAndRejections (node:internal/process/task_queues:95:5)
          at /data/Workspace/helios/starwards/modules/core/src/client/connection-manager.ts:131:21

      at ConnectionManager.onConnectionError (modules/core/src/client/connection-manager.ts:144:21)

    console.log
      connection error: Error: disconnected from server
          at EventEmitter.<anonymous> (/data/Workspace/helios/starwards/modules/core/src/client/driver.ts:53:58)
          at /data/Workspace/helios/starwards/node_modules/colyseus.js/src/core/signal.ts:15:48
          at Array.forEach (<anonymous>)
          at EventEmitter.invoke (/data/Workspace/helios/starwards/node_modules/colyseus.js/src/core/signal.ts:15:19)
          at Function.register.invoke (/data/Workspace/helios/starwards/node_modules/colyseus.js/src/core/signal.ts:57:81)
          at WebSocket.connection.events.onclose (/data/Workspace/helios/starwards/node_modules/colyseus.js/src/Room.ts:89:30)
          at callListener (/data/Workspace/helios/starwards/node_modules/colyseus.js/node_modules/ws/lib/event-target.js:290:14)
          at WebSocket.onClose (/data/Workspace/helios/starwards/node_modules/colyseus.js/node_modules/ws/lib/event-target.js:220:9)
          at WebSocket.emit (node:events:524:28)
          at WebSocket.emitClose (/data/Workspace/helios/starwards/node_modules/colyseus.js/node_modules/ws/lib/websocket.js:272:10)
          at Socket.socketOnClose (/data/Workspace/helios/starwards/node_modules/colyseus.js/node_modules/ws/lib/websocket.js:1341:15)
          at Socket.emit (node:events:524:28)
          at TCP.<anonymous> (node:net:343:12)

      at ConnectionManager.onConnectionError (modules/core/src/client/connection-manager.ts:144:21)
          at Array.forEach (<anonymous>)

    console.log
      connection error: TypeError: Cannot read properties of undefined (reading 'decoder')
          at wireEvents (/data/Workspace/helios/starwards/node_modules/colyseus-events/src/wire-events.ts:30:40)
          at /data/Workspace/helios/starwards/modules/core/src/client/admin.ts:20:5
          at processTicksAndRejections (node:internal/process/task_queues:95:5)
          at /data/Workspace/helios/starwards/modules/core/src/client/connection-manager.ts:131:21

      at ConnectionManager.onConnectionError (modules/core/src/client/connection-manager.ts:144:21)

    console.log
      connection error: Error: disconnected from server
          at EventEmitter.<anonymous> (/data/Workspace/helios/starwards/modules/core/src/client/driver.ts:53:58)
          at /data/Workspace/helios/starwards/node_modules/colyseus.js/src/core/signal.ts:15:48
          at Array.forEach (<anonymous>)
          at EventEmitter.invoke (/data/Workspace/helios/starwards/node_modules/colyseus.js/src/core/signal.ts:15:19)
          at Function.register.invoke (/data/Workspace/helios/starwards/node_modules/colyseus.js/src/core/signal.ts:57:81)
          at WebSocket.connection.events.onclose (/data/Workspace/helios/starwards/node_modules/colyseus.js/src/Room.ts:89:30)
          at callListener (/data/Workspace/helios/starwards/node_modules/colyseus.js/node_modules/ws/lib/event-target.js:290:14)
          at WebSocket.onClose (/data/Workspace/helios/starwards/node_modules/colyseus.js/node_modules/ws/lib/event-target.js:220:9)
          at WebSocket.emit (node:events:524:28)
          at WebSocket.emitClose (/data/Workspace/helios/starwards/node_modules/colyseus.js/node_modules/ws/lib/websocket.js:272:10)
          at Socket.socketOnClose (/data/Workspace/helios/starwards/node_modules/colyseus.js/node_modules/ws/lib/websocket.js:1341:15)
          at Socket.emit (node:events:524:28)
          at TCP.<anonymous> (node:net:343:12)

      at ConnectionManager.onConnectionError (modules/core/src/client/connection-manager.ts:144:21)
          at Array.forEach (<anonymous>)

    console.log
      connection error: TypeError: Cannot read properties of undefined (reading 'decoder')
          at wireEvents (/data/Workspace/helios/starwards/node_modules/colyseus-events/src/wire-events.ts:30:40)
          at /data/Workspace/helios/starwards/modules/core/src/client/admin.ts:20:5
          at processTicksAndRejections (node:internal/process/task_queues:95:5)
          at /data/Workspace/helios/starwards/modules/core/src/client/connection-manager.ts:131:21

      at ConnectionManager.onConnectionError (modules/core/src/client/connection-manager.ts:144:21)

    console.log
      connection error: Error: disconnected from server
          at EventEmitter.<anonymous> (/data/Workspace/helios/starwards/modules/core/src/client/driver.ts:53:58)
          at /data/Workspace/helios/starwards/node_modules/colyseus.js/src/core/signal.ts:15:48
          at Array.forEach (<anonymous>)
          at EventEmitter.invoke (/data/Workspace/helios/starwards/node_modules/colyseus.js/src/core/signal.ts:15:19)
          at Function.register.invoke (/data/Workspace/helios/starwards/node_modules/colyseus.js/src/core/signal.ts:57:81)
          at WebSocket.connection.events.onclose (/data/Workspace/helios/starwards/node_modules/colyseus.js/src/Room.ts:89:30)
          at callListener (/data/Workspace/helios/starwards/node_modules/colyseus.js/node_modules/ws/lib/event-target.js:290:14)
          at WebSocket.onClose (/data/Workspace/helios/starwards/node_modules/colyseus.js/node_modules/ws/lib/event-target.js:220:9)
          at WebSocket.emit (node:events:524:28)
          at WebSocket.emitClose (/data/Workspace/helios/starwards/node_modules/colyseus.js/node_modules/ws/lib/websocket.js:272:10)
          at Socket.socketOnClose (/data/Workspace/helios/starwards/node_modules/colyseus.js/node_modules/ws/lib/websocket.js:1341:15)
          at Socket.emit (node:events:524:28)
          at TCP.<anonymous> (node:net:343:12)

      at ConnectionManager.onConnectionError (modules/core/src/client/connection-manager.ts:144:21)
          at Array.forEach (<anonymous>)

    console.log
      connection error: TypeError: Cannot read properties of undefined (reading 'decoder')
          at wireEvents (/data/Workspace/helios/starwards/node_modules/colyseus-events/src/wire-events.ts:30:40)
          at /data/Workspace/helios/starwards/modules/core/src/client/admin.ts:20:5
          at processTicksAndRejections (node:internal/process/task_queues:95:5)
          at /data/Workspace/helios/starwards/modules/core/src/client/connection-manager.ts:131:21

      at ConnectionManager.onConnectionError (modules/core/src/client/connection-manager.ts:144:21)

    console.log
      connection error: Error: disconnected from server
          at EventEmitter.<anonymous> (/data/Workspace/helios/starwards/modules/core/src/client/driver.ts:53:58)
          at /data/Workspace/helios/starwards/node_modules/colyseus.js/src/core/signal.ts:15:48
          at Array.forEach (<anonymous>)
          at EventEmitter.invoke (/data/Workspace/helios/starwards/node_modules/colyseus.js/src/core/signal.ts:15:19)
          at Function.register.invoke (/data/Workspace/helios/starwards/node_modules/colyseus.js/src/core/signal.ts:57:81)
          at WebSocket.connection.events.onclose (/data/Workspace/helios/starwards/node_modules/colyseus.js/src/Room.ts:89:30)
          at callListener (/data/Workspace/helios/starwards/node_modules/colyseus.js/node_modules/ws/lib/event-target.js:290:14)
          at WebSocket.onClose (/data/Workspace/helios/starwards/node_modules/colyseus.js/node_modules/ws/lib/event-target.js:220:9)
          at WebSocket.emit (node:events:524:28)
          at WebSocket.emitClose (/data/Workspace/helios/starwards/node_modules/colyseus.js/node_modules/ws/lib/websocket.js:272:10)
          at Socket.socketOnClose (/data/Workspace/helios/starwards/node_modules/colyseus.js/node_modules/ws/lib/websocket.js:1341:15)
          at Socket.emit (node:events:524:28)
          at TCP.<anonymous> (node:net:343:12)

      at ConnectionManager.onConnectionError (modules/core/src/client/connection-manager.ts:144:21)
          at Array.forEach (<anonymous>)

    console.log
      connection error: TypeError: Cannot read properties of undefined (reading 'decoder')
          at wireEvents (/data/Workspace/helios/starwards/node_modules/colyseus-events/src/wire-events.ts:30:40)
          at /data/Workspace/helios/starwards/modules/core/src/client/admin.ts:20:5
          at processTicksAndRejections (node:internal/process/task_queues:95:5)
          at /data/Workspace/helios/starwards/modules/core/src/client/connection-manager.ts:131:21

      at ConnectionManager.onConnectionError (modules/core/src/client/connection-manager.ts:144:21)

    console.log
      connection error: Error: disconnected from server
          at EventEmitter.<anonymous> (/data/Workspace/helios/starwards/modules/core/src/client/driver.ts:53:58)
          at /data/Workspace/helios/starwards/node_modules/colyseus.js/src/core/signal.ts:15:48
          at Array.forEach (<anonymous>)
          at EventEmitter.invoke (/data/Workspace/helios/starwards/node_modules/colyseus.js/src/core/signal.ts:15:19)
          at Function.register.invoke (/data/Workspace/helios/starwards/node_modules/colyseus.js/src/core/signal.ts:57:81)
          at WebSocket.connection.events.onclose (/data/Workspace/helios/starwards/node_modules/colyseus.js/src/Room.ts:89:30)
          at callListener (/data/Workspace/helios/starwards/node_modules/colyseus.js/node_modules/ws/lib/event-target.js:290:14)
          at WebSocket.onClose (/data/Workspace/helios/starwards/node_modules/colyseus.js/node_modules/ws/lib/event-target.js:220:9)
          at WebSocket.emit (node:events:524:28)
          at WebSocket.emitClose (/data/Workspace/helios/starwards/node_modules/colyseus.js/node_modules/ws/lib/websocket.js:272:10)
          at Socket.socketOnClose (/data/Workspace/helios/starwards/node_modules/colyseus.js/node_modules/ws/lib/websocket.js:1341:15)
          at Socket.emit (node:events:524:28)
          at TCP.<anonymous> (node:net:343:12)

      at ConnectionManager.onConnectionError (modules/core/src/client/connection-manager.ts:144:21)
          at Array.forEach (<anonymous>)

    console.log
      connection error: TypeError: Cannot read properties of undefined (reading 'decoder')
          at wireEvents (/data/Workspace/helios/starwards/node_modules/colyseus-events/src/wire-events.ts:30:40)
          at /data/Workspace/helios/starwards/modules/core/src/client/admin.ts:20:5
          at processTicksAndRejections (node:internal/process/task_queues:95:5)
          at /data/Workspace/helios/starwards/modules/core/src/client/connection-manager.ts:131:21

      at ConnectionManager.onConnectionError (modules/core/src/client/connection-manager.ts:144:21)

    console.log
      connection error: Error: disconnected from server
          at EventEmitter.<anonymous> (/data/Workspace/helios/starwards/modules/core/src/client/driver.ts:53:58)
          at /data/Workspace/helios/starwards/node_modules/colyseus.js/src/core/signal.ts:15:48
          at Array.forEach (<anonymous>)
          at EventEmitter.invoke (/data/Workspace/helios/starwards/node_modules/colyseus.js/src/core/signal.ts:15:19)
          at Function.register.invoke (/data/Workspace/helios/starwards/node_modules/colyseus.js/src/core/signal.ts:57:81)
          at WebSocket.connection.events.onclose (/data/Workspace/helios/starwards/node_modules/colyseus.js/src/Room.ts:89:30)
          at callListener (/data/Workspace/helios/starwards/node_modules/colyseus.js/node_modules/ws/lib/event-target.js:290:14)
          at WebSocket.onClose (/data/Workspace/helios/starwards/node_modules/colyseus.js/node_modules/ws/lib/event-target.js:220:9)
          at WebSocket.emit (node:events:524:28)
          at WebSocket.emitClose (/data/Workspace/helios/starwards/node_modules/colyseus.js/node_modules/ws/lib/websocket.js:272:10)
          at Socket.socketOnClose (/data/Workspace/helios/starwards/node_modules/colyseus.js/node_modules/ws/lib/websocket.js:1341:15)
          at Socket.emit (node:events:524:28)
          at TCP.<anonymous> (node:net:343:12)

      at ConnectionManager.onConnectionError (modules/core/src/client/connection-manager.ts:144:21)
          at Array.forEach (<anonymous>)

    console.log
      connection error: TypeError: Cannot read properties of undefined (reading 'decoder')
          at wireEvents (/data/Workspace/helios/starwards/node_modules/colyseus-events/src/wire-events.ts:30:40)
          at /data/Workspace/helios/starwards/modules/core/src/client/admin.ts:20:5
          at processTicksAndRejections (node:internal/process/task_queues:95:5)
          at /data/Workspace/helios/starwards/modules/core/src/client/connection-manager.ts:131:21

      at ConnectionManager.onConnectionError (modules/core/src/client/connection-manager.ts:144:21)

    console.log
      connection error: Error: disconnected from server
          at EventEmitter.<anonymous> (/data/Workspace/helios/starwards/modules/core/src/client/driver.ts:53:58)
          at /data/Workspace/helios/starwards/node_modules/colyseus.js/src/core/signal.ts:15:48
          at Array.forEach (<anonymous>)
          at EventEmitter.invoke (/data/Workspace/helios/starwards/node_modules/colyseus.js/src/core/signal.ts:15:19)
          at Function.register.invoke (/data/Workspace/helios/starwards/node_modules/colyseus.js/src/core/signal.ts:57:81)
          at WebSocket.connection.events.onclose (/data/Workspace/helios/starwards/node_modules/colyseus.js/src/Room.ts:89:30)
          at callListener (/data/Workspace/helios/starwards/node_modules/colyseus.js/node_modules/ws/lib/event-target.js:290:14)
          at WebSocket.onClose (/data/Workspace/helios/starwards/node_modules/colyseus.js/node_modules/ws/lib/event-target.js:220:9)
          at WebSocket.emit (node:events:524:28)
          at WebSocket.emitClose (/data/Workspace/helios/starwards/node_modules/colyseus.js/node_modules/ws/lib/websocket.js:272:10)
          at Socket.socketOnClose (/data/Workspace/helios/starwards/node_modules/colyseus.js/node_modules/ws/lib/websocket.js:1341:15)
          at Socket.emit (node:events:524:28)
          at TCP.<anonymous> (node:net:343:12)

      at ConnectionManager.onConnectionError (modules/core/src/client/connection-manager.ts:144:21)
          at Array.forEach (<anonymous>)

    console.log
      connection error: TypeError: Cannot read properties of undefined (reading 'decoder')
          at wireEvents (/data/Workspace/helios/starwards/node_modules/colyseus-events/src/wire-events.ts:30:40)
          at /data/Workspace/helios/starwards/modules/core/src/client/admin.ts:20:5
          at processTicksAndRejections (node:internal/process/task_queues:95:5)
          at /data/Workspace/helios/starwards/modules/core/src/client/connection-manager.ts:131:21

      at ConnectionManager.onConnectionError (modules/core/src/client/connection-manager.ts:144:21)

    console.log
      connection error: Error: disconnected from server
          at EventEmitter.<anonymous> (/data/Workspace/helios/starwards/modules/core/src/client/driver.ts:53:58)
          at /data/Workspace/helios/starwards/node_modules/colyseus.js/src/core/signal.ts:15:48
          at Array.forEach (<anonymous>)
          at EventEmitter.invoke (/data/Workspace/helios/starwards/node_modules/colyseus.js/src/core/signal.ts:15:19)
          at Function.register.invoke (/data/Workspace/helios/starwards/node_modules/colyseus.js/src/core/signal.ts:57:81)
          at WebSocket.connection.events.onclose (/data/Workspace/helios/starwards/node_modules/colyseus.js/src/Room.ts:89:30)
          at callListener (/data/Workspace/helios/starwards/node_modules/colyseus.js/node_modules/ws/lib/event-target.js:290:14)
          at WebSocket.onClose (/data/Workspace/helios/starwards/node_modules/colyseus.js/node_modules/ws/lib/event-target.js:220:9)
          at WebSocket.emit (node:events:524:28)
          at WebSocket.emitClose (/data/Workspace/helios/starwards/node_modules/colyseus.js/node_modules/ws/lib/websocket.js:272:10)
          at Socket.socketOnClose (/data/Workspace/helios/starwards/node_modules/colyseus.js/node_modules/ws/lib/websocket.js:1341:15)
          at Socket.emit (node:events:524:28)
          at TCP.<anonymous> (node:net:343:12)

      at ConnectionManager.onConnectionError (modules/core/src/client/connection-manager.ts:144:21)
          at Array.forEach (<anonymous>)

    console.log
      connection error: TypeError: Cannot read properties of undefined (reading 'decoder')
          at wireEvents (/data/Workspace/helios/starwards/node_modules/colyseus-events/src/wire-events.ts:30:40)
          at /data/Workspace/helios/starwards/modules/core/src/client/admin.ts:20:5
          at processTicksAndRejections (node:internal/process/task_queues:95:5)
          at /data/Workspace/helios/starwards/modules/core/src/client/connection-manager.ts:131:21

      at ConnectionManager.onConnectionError (modules/core/src/client/connection-manager.ts:144:21)

    console.log
      connection error: Error: disconnected from server
          at EventEmitter.<anonymous> (/data/Workspace/helios/starwards/modules/core/src/client/driver.ts:53:58)
          at /data/Workspace/helios/starwards/node_modules/colyseus.js/src/core/signal.ts:15:48
          at Array.forEach (<anonymous>)
          at EventEmitter.invoke (/data/Workspace/helios/starwards/node_modules/colyseus.js/src/core/signal.ts:15:19)
          at Function.register.invoke (/data/Workspace/helios/starwards/node_modules/colyseus.js/src/core/signal.ts:57:81)
          at WebSocket.connection.events.onclose (/data/Workspace/helios/starwards/node_modules/colyseus.js/src/Room.ts:89:30)
          at callListener (/data/Workspace/helios/starwards/node_modules/colyseus.js/node_modules/ws/lib/event-target.js:290:14)
          at WebSocket.onClose (/data/Workspace/helios/starwards/node_modules/colyseus.js/node_modules/ws/lib/event-target.js:220:9)
          at WebSocket.emit (node:events:524:28)
          at WebSocket.emitClose (/data/Workspace/helios/starwards/node_modules/colyseus.js/node_modules/ws/lib/websocket.js:272:10)
          at Socket.socketOnClose (/data/Workspace/helios/starwards/node_modules/colyseus.js/node_modules/ws/lib/websocket.js:1341:15)
          at Socket.emit (node:events:524:28)
          at TCP.<anonymous> (node:net:343:12)

      at ConnectionManager.onConnectionError (modules/core/src/client/connection-manager.ts:144:21)
          at Array.forEach (<anonymous>)

    console.log
      connection error: TypeError: Cannot read properties of undefined (reading 'decoder')
          at wireEvents (/data/Workspace/helios/starwards/node_modules/colyseus-events/src/wire-events.ts:30:40)
          at /data/Workspace/helios/starwards/modules/core/src/client/admin.ts:20:5
          at processTicksAndRejections (node:internal/process/task_queues:95:5)
          at /data/Workspace/helios/starwards/modules/core/src/client/connection-manager.ts:131:21

      at ConnectionManager.onConnectionError (modules/core/src/client/connection-manager.ts:144:21)

    console.log
      connection error: Error: disconnected from server
          at EventEmitter.<anonymous> (/data/Workspace/helios/starwards/modules/core/src/client/driver.ts:53:58)
          at /data/Workspace/helios/starwards/node_modules/colyseus.js/src/core/signal.ts:15:48
          at Array.forEach (<anonymous>)
          at EventEmitter.invoke (/data/Workspace/helios/starwards/node_modules/colyseus.js/src/core/signal.ts:15:19)
          at Function.register.invoke (/data/Workspace/helios/starwards/node_modules/colyseus.js/src/core/signal.ts:57:81)
          at WebSocket.connection.events.onclose (/data/Workspace/helios/starwards/node_modules/colyseus.js/src/Room.ts:89:30)
          at callListener (/data/Workspace/helios/starwards/node_modules/colyseus.js/node_modules/ws/lib/event-target.js:290:14)
          at WebSocket.onClose (/data/Workspace/helios/starwards/node_modules/colyseus.js/node_modules/ws/lib/event-target.js:220:9)
          at WebSocket.emit (node:events:524:28)
          at WebSocket.emitClose (/data/Workspace/helios/starwards/node_modules/colyseus.js/node_modules/ws/lib/websocket.js:272:10)
          at Socket.socketOnClose (/data/Workspace/helios/starwards/node_modules/colyseus.js/node_modules/ws/lib/websocket.js:1341:15)
          at Socket.emit (node:events:524:28)
          at TCP.<anonymous> (node:net:343:12)

      at ConnectionManager.onConnectionError (modules/core/src/client/connection-manager.ts:144:21)
          at Array.forEach (<anonymous>)

    console.log
      connection error: TypeError: Cannot read properties of undefined (reading 'decoder')
          at wireEvents (/data/Workspace/helios/starwards/node_modules/colyseus-events/src/wire-events.ts:30:40)
          at /data/Workspace/helios/starwards/modules/core/src/client/admin.ts:20:5
          at processTicksAndRejections (node:internal/process/task_queues:95:5)
          at /data/Workspace/helios/starwards/modules/core/src/client/connection-manager.ts:131:21

      at ConnectionManager.onConnectionError (modules/core/src/client/connection-manager.ts:144:21)

    console.log
      connection error: Error: disconnected from server
          at EventEmitter.<anonymous> (/data/Workspace/helios/starwards/modules/core/src/client/driver.ts:53:58)
          at /data/Workspace/helios/starwards/node_modules/colyseus.js/src/core/signal.ts:15:48
          at Array.forEach (<anonymous>)
          at EventEmitter.invoke (/data/Workspace/helios/starwards/node_modules/colyseus.js/src/core/signal.ts:15:19)
          at Function.register.invoke (/data/Workspace/helios/starwards/node_modules/colyseus.js/src/core/signal.ts:57:81)
          at WebSocket.connection.events.onclose (/data/Workspace/helios/starwards/node_modules/colyseus.js/src/Room.ts:89:30)
          at callListener (/data/Workspace/helios/starwards/node_modules/colyseus.js/node_modules/ws/lib/event-target.js:290:14)
          at WebSocket.onClose (/data/Workspace/helios/starwards/node_modules/colyseus.js/node_modules/ws/lib/event-target.js:220:9)
          at WebSocket.emit (node:events:524:28)
          at WebSocket.emitClose (/data/Workspace/helios/starwards/node_modules/colyseus.js/node_modules/ws/lib/websocket.js:272:10)
          at Socket.socketOnClose (/data/Workspace/helios/starwards/node_modules/colyseus.js/node_modules/ws/lib/websocket.js:1341:15)
          at Socket.emit (node:events:524:28)
          at TCP.<anonymous> (node:net:343:12)

      at ConnectionManager.onConnectionError (modules/core/src/client/connection-manager.ts:144:21)
          at Array.forEach (<anonymous>)

    console.log
      connection error: TypeError: Cannot read properties of undefined (reading 'decoder')
          at wireEvents (/data/Workspace/helios/starwards/node_modules/colyseus-events/src/wire-events.ts:30:40)
          at /data/Workspace/helios/starwards/modules/core/src/client/admin.ts:20:5
          at processTicksAndRejections (node:internal/process/task_queues:95:5)
          at /data/Workspace/helios/starwards/modules/core/src/client/connection-manager.ts:131:21

      at ConnectionManager.onConnectionError (modules/core/src/client/connection-manager.ts:144:21)

    console.log
      connection error: Error: disconnected from server
          at EventEmitter.<anonymous> (/data/Workspace/helios/starwards/modules/core/src/client/driver.ts:53:58)
          at /data/Workspace/helios/starwards/node_modules/colyseus.js/src/core/signal.ts:15:48
          at Array.forEach (<anonymous>)
          at EventEmitter.invoke (/data/Workspace/helios/starwards/node_modules/colyseus.js/src/core/signal.ts:15:19)
          at Function.register.invoke (/data/Workspace/helios/starwards/node_modules/colyseus.js/src/core/signal.ts:57:81)
          at WebSocket.connection.events.onclose (/data/Workspace/helios/starwards/node_modules/colyseus.js/src/Room.ts:89:30)
          at callListener (/data/Workspace/helios/starwards/node_modules/colyseus.js/node_modules/ws/lib/event-target.js:290:14)
          at WebSocket.onClose (/data/Workspace/helios/starwards/node_modules/colyseus.js/node_modules/ws/lib/event-target.js:220:9)
          at WebSocket.emit (node:events:524:28)
          at WebSocket.emitClose (/data/Workspace/helios/starwards/node_modules/colyseus.js/node_modules/ws/lib/websocket.js:272:10)
          at Socket.socketOnClose (/data/Workspace/helios/starwards/node_modules/colyseus.js/node_modules/ws/lib/websocket.js:1341:15)
          at Socket.emit (node:events:524:28)
          at TCP.<anonymous> (node:net:343:12)

      at ConnectionManager.onConnectionError (modules/core/src/client/connection-manager.ts:144:21)
          at Array.forEach (<anonymous>)

    console.log
      connection error: TypeError: Cannot read properties of undefined (reading 'decoder')
          at wireEvents (/data/Workspace/helios/starwards/node_modules/colyseus-events/src/wire-events.ts:30:40)
          at /data/Workspace/helios/starwards/modules/core/src/client/admin.ts:20:5
          at processTicksAndRejections (node:internal/process/task_queues:95:5)
          at /data/Workspace/helios/starwards/modules/core/src/client/connection-manager.ts:131:21

      at ConnectionManager.onConnectionError (modules/core/src/client/connection-manager.ts:144:21)

    console.log
      connection error: Error: disconnected from server
          at EventEmitter.<anonymous> (/data/Workspace/helios/starwards/modules/core/src/client/driver.ts:53:58)
          at /data/Workspace/helios/starwards/node_modules/colyseus.js/src/core/signal.ts:15:48
          at Array.forEach (<anonymous>)
          at EventEmitter.invoke (/data/Workspace/helios/starwards/node_modules/colyseus.js/src/core/signal.ts:15:19)
          at Function.register.invoke (/data/Workspace/helios/starwards/node_modules/colyseus.js/src/core/signal.ts:57:81)
          at WebSocket.connection.events.onclose (/data/Workspace/helios/starwards/node_modules/colyseus.js/src/Room.ts:89:30)
          at callListener (/data/Workspace/helios/starwards/node_modules/colyseus.js/node_modules/ws/lib/event-target.js:290:14)
          at WebSocket.onClose (/data/Workspace/helios/starwards/node_modules/colyseus.js/node_modules/ws/lib/event-target.js:220:9)
          at WebSocket.emit (node:events:524:28)
          at WebSocket.emitClose (/data/Workspace/helios/starwards/node_modules/colyseus.js/node_modules/ws/lib/websocket.js:272:10)
          at Socket.socketOnClose (/data/Workspace/helios/starwards/node_modules/colyseus.js/node_modules/ws/lib/websocket.js:1341:15)
          at Socket.emit (node:events:524:28)
          at TCP.<anonymous> (node:net:343:12)

      at ConnectionManager.onConnectionError (modules/core/src/client/connection-manager.ts:144:21)
          at Array.forEach (<anonymous>)

    console.log
      connection error: TypeError: Cannot read properties of undefined (reading 'decoder')
          at wireEvents (/data/Workspace/helios/starwards/node_modules/colyseus-events/src/wire-events.ts:30:40)
          at /data/Workspace/helios/starwards/modules/core/src/client/admin.ts:20:5
          at processTicksAndRejections (node:internal/process/task_queues:95:5)
          at /data/Workspace/helios/starwards/modules/core/src/client/connection-manager.ts:131:21

      at ConnectionManager.onConnectionError (modules/core/src/client/connection-manager.ts:144:21)

    console.log
      connection error: Error: disconnected from server
          at EventEmitter.<anonymous> (/data/Workspace/helios/starwards/modules/core/src/client/driver.ts:53:58)
          at /data/Workspace/helios/starwards/node_modules/colyseus.js/src/core/signal.ts:15:48
          at Array.forEach (<anonymous>)
          at EventEmitter.invoke (/data/Workspace/helios/starwards/node_modules/colyseus.js/src/core/signal.ts:15:19)
          at Function.register.invoke (/data/Workspace/helios/starwards/node_modules/colyseus.js/src/core/signal.ts:57:81)
          at WebSocket.connection.events.onclose (/data/Workspace/helios/starwards/node_modules/colyseus.js/src/Room.ts:89:30)
          at callListener (/data/Workspace/helios/starwards/node_modules/colyseus.js/node_modules/ws/lib/event-target.js:290:14)
          at WebSocket.onClose (/data/Workspace/helios/starwards/node_modules/colyseus.js/node_modules/ws/lib/event-target.js:220:9)
          at WebSocket.emit (node:events:524:28)
          at WebSocket.emitClose (/data/Workspace/helios/starwards/node_modules/colyseus.js/node_modules/ws/lib/websocket.js:272:10)
          at Socket.socketOnClose (/data/Workspace/helios/starwards/node_modules/colyseus.js/node_modules/ws/lib/websocket.js:1341:15)
          at Socket.emit (node:events:524:28)
          at TCP.<anonymous> (node:net:343:12)

      at ConnectionManager.onConnectionError (modules/core/src/client/connection-manager.ts:144:21)
          at Array.forEach (<anonymous>)

    console.log
      connection error: TypeError: Cannot read properties of undefined (reading 'decoder')
          at wireEvents (/data/Workspace/helios/starwards/node_modules/colyseus-events/src/wire-events.ts:30:40)
          at /data/Workspace/helios/starwards/modules/core/src/client/admin.ts:20:5
          at processTicksAndRejections (node:internal/process/task_queues:95:5)
          at /data/Workspace/helios/starwards/modules/core/src/client/connection-manager.ts:131:21

      at ConnectionManager.onConnectionError (modules/core/src/client/connection-manager.ts:144:21)

    console.log
      connection error: Error: disconnected from server
          at EventEmitter.<anonymous> (/data/Workspace/helios/starwards/modules/core/src/client/driver.ts:53:58)
          at /data/Workspace/helios/starwards/node_modules/colyseus.js/src/core/signal.ts:15:48
          at Array.forEach (<anonymous>)
          at EventEmitter.invoke (/data/Workspace/helios/starwards/node_modules/colyseus.js/src/core/signal.ts:15:19)
          at Function.register.invoke (/data/Workspace/helios/starwards/node_modules/colyseus.js/src/core/signal.ts:57:81)
          at WebSocket.connection.events.onclose (/data/Workspace/helios/starwards/node_modules/colyseus.js/src/Room.ts:89:30)
          at callListener (/data/Workspace/helios/starwards/node_modules/colyseus.js/node_modules/ws/lib/event-target.js:290:14)
          at WebSocket.onClose (/data/Workspace/helios/starwards/node_modules/colyseus.js/node_modules/ws/lib/event-target.js:220:9)
          at WebSocket.emit (node:events:524:28)
          at WebSocket.emitClose (/data/Workspace/helios/starwards/node_modules/colyseus.js/node_modules/ws/lib/websocket.js:272:10)
          at Socket.socketOnClose (/data/Workspace/helios/starwards/node_modules/colyseus.js/node_modules/ws/lib/websocket.js:1341:15)
          at Socket.emit (node:events:524:28)
          at TCP.<anonymous> (node:net:343:12)

      at ConnectionManager.onConnectionError (modules/core/src/client/connection-manager.ts:144:21)
          at Array.forEach (<anonymous>)

    console.log
      connection error: TypeError: Cannot read properties of undefined (reading 'decoder')
          at wireEvents (/data/Workspace/helios/starwards/node_modules/colyseus-events/src/wire-events.ts:30:40)
          at /data/Workspace/helios/starwards/modules/core/src/client/admin.ts:20:5
          at processTicksAndRejections (node:internal/process/task_queues:95:5)
          at /data/Workspace/helios/starwards/modules/core/src/client/connection-manager.ts:131:21

      at ConnectionManager.onConnectionError (modules/core/src/client/connection-manager.ts:144:21)

    console.log
      connection error: Error: disconnected from server
          at EventEmitter.<anonymous> (/data/Workspace/helios/starwards/modules/core/src/client/driver.ts:53:58)
          at /data/Workspace/helios/starwards/node_modules/colyseus.js/src/core/signal.ts:15:48
          at Array.forEach (<anonymous>)
          at EventEmitter.invoke (/data/Workspace/helios/starwards/node_modules/colyseus.js/src/core/signal.ts:15:19)
          at Function.register.invoke (/data/Workspace/helios/starwards/node_modules/colyseus.js/src/core/signal.ts:57:81)
          at WebSocket.connection.events.onclose (/data/Workspace/helios/starwards/node_modules/colyseus.js/src/Room.ts:89:30)
          at callListener (/data/Workspace/helios/starwards/node_modules/colyseus.js/node_modules/ws/lib/event-target.js:290:14)
          at WebSocket.onClose (/data/Workspace/helios/starwards/node_modules/colyseus.js/node_modules/ws/lib/event-target.js:220:9)
          at WebSocket.emit (node:events:524:28)
          at WebSocket.emitClose (/data/Workspace/helios/starwards/node_modules/colyseus.js/node_modules/ws/lib/websocket.js:272:10)
          at Socket.socketOnClose (/data/Workspace/helios/starwards/node_modules/colyseus.js/node_modules/ws/lib/websocket.js:1341:15)
          at Socket.emit (node:events:524:28)
          at TCP.<anonymous> (node:net:343:12)

      at ConnectionManager.onConnectionError (modules/core/src/client/connection-manager.ts:144:21)
          at Array.forEach (<anonymous>)

    console.log
      connection error: TypeError: Cannot read properties of undefined (reading 'decoder')
          at wireEvents (/data/Workspace/helios/starwards/node_modules/colyseus-events/src/wire-events.ts:30:40)
          at /data/Workspace/helios/starwards/modules/core/src/client/admin.ts:20:5
          at processTicksAndRejections (node:internal/process/task_queues:95:5)
          at /data/Workspace/helios/starwards/modules/core/src/client/connection-manager.ts:131:21

      at ConnectionManager.onConnectionError (modules/core/src/client/connection-manager.ts:144:21)

    console.log
      connection error: Error: disconnected from server
          at EventEmitter.<anonymous> (/data/Workspace/helios/starwards/modules/core/src/client/driver.ts:53:58)
          at /data/Workspace/helios/starwards/node_modules/colyseus.js/src/core/signal.ts:15:48
          at Array.forEach (<anonymous>)
          at EventEmitter.invoke (/data/Workspace/helios/starwards/node_modules/colyseus.js/src/core/signal.ts:15:19)
          at Function.register.invoke (/data/Workspace/helios/starwards/node_modules/colyseus.js/src/core/signal.ts:57:81)
          at WebSocket.connection.events.onclose (/data/Workspace/helios/starwards/node_modules/colyseus.js/src/Room.ts:89:30)
          at callListener (/data/Workspace/helios/starwards/node_modules/colyseus.js/node_modules/ws/lib/event-target.js:290:14)
          at WebSocket.onClose (/data/Workspace/helios/starwards/node_modules/colyseus.js/node_modules/ws/lib/event-target.js:220:9)
          at WebSocket.emit (node:events:524:28)
          at WebSocket.emitClose (/data/Workspace/helios/starwards/node_modules/colyseus.js/node_modules/ws/lib/websocket.js:272:10)
          at Socket.socketOnClose (/data/Workspace/helios/starwards/node_modules/colyseus.js/node_modules/ws/lib/websocket.js:1341:15)
          at Socket.emit (node:events:524:28)
          at TCP.<anonymous> (node:net:343:12)

      at ConnectionManager.onConnectionError (modules/core/src/client/connection-manager.ts:144:21)
          at Array.forEach (<anonymous>)

    console.log
      connection error: TypeError: Cannot read properties of undefined (reading 'decoder')
          at wireEvents (/data/Workspace/helios/starwards/node_modules/colyseus-events/src/wire-events.ts:30:40)
          at /data/Workspace/helios/starwards/modules/core/src/client/admin.ts:20:5
          at processTicksAndRejections (node:internal/process/task_queues:95:5)
          at /data/Workspace/helios/starwards/modules/core/src/client/connection-manager.ts:131:21

      at ConnectionManager.onConnectionError (modules/core/src/client/connection-manager.ts:144:21)

    console.log
      connection error: Error: disconnected from server
          at EventEmitter.<anonymous> (/data/Workspace/helios/starwards/modules/core/src/client/driver.ts:53:58)
          at /data/Workspace/helios/starwards/node_modules/colyseus.js/src/core/signal.ts:15:48
          at Array.forEach (<anonymous>)
          at EventEmitter.invoke (/data/Workspace/helios/starwards/node_modules/colyseus.js/src/core/signal.ts:15:19)
          at Function.register.invoke (/data/Workspace/helios/starwards/node_modules/colyseus.js/src/core/signal.ts:57:81)
          at WebSocket.connection.events.onclose (/data/Workspace/helios/starwards/node_modules/colyseus.js/src/Room.ts:89:30)
          at callListener (/data/Workspace/helios/starwards/node_modules/colyseus.js/node_modules/ws/lib/event-target.js:290:14)
          at WebSocket.onClose (/data/Workspace/helios/starwards/node_modules/colyseus.js/node_modules/ws/lib/event-target.js:220:9)
          at WebSocket.emit (node:events:524:28)
          at WebSocket.emitClose (/data/Workspace/helios/starwards/node_modules/colyseus.js/node_modules/ws/lib/websocket.js:272:10)
          at Socket.socketOnClose (/data/Workspace/helios/starwards/node_modules/colyseus.js/node_modules/ws/lib/websocket.js:1341:15)
          at Socket.emit (node:events:524:28)
          at TCP.<anonymous> (node:net:343:12)

      at ConnectionManager.onConnectionError (modules/core/src/client/connection-manager.ts:144:21)
          at Array.forEach (<anonymous>)

    console.log
      connection error: TypeError: Cannot read properties of undefined (reading 'decoder')
          at wireEvents (/data/Workspace/helios/starwards/node_modules/colyseus-events/src/wire-events.ts:30:40)
          at /data/Workspace/helios/starwards/modules/core/src/client/admin.ts:20:5
          at processTicksAndRejections (node:internal/process/task_queues:95:5)
          at /data/Workspace/helios/starwards/modules/core/src/client/connection-manager.ts:131:21

      at ConnectionManager.onConnectionError (modules/core/src/client/connection-manager.ts:144:21)

    console.log
      connection error: Error: disconnected from server
          at EventEmitter.<anonymous> (/data/Workspace/helios/starwards/modules/core/src/client/driver.ts:53:58)
          at /data/Workspace/helios/starwards/node_modules/colyseus.js/src/core/signal.ts:15:48
          at Array.forEach (<anonymous>)
          at EventEmitter.invoke (/data/Workspace/helios/starwards/node_modules/colyseus.js/src/core/signal.ts:15:19)
          at Function.register.invoke (/data/Workspace/helios/starwards/node_modules/colyseus.js/src/core/signal.ts:57:81)
          at WebSocket.connection.events.onclose (/data/Workspace/helios/starwards/node_modules/colyseus.js/src/Room.ts:89:30)
          at callListener (/data/Workspace/helios/starwards/node_modules/colyseus.js/node_modules/ws/lib/event-target.js:290:14)
          at WebSocket.onClose (/data/Workspace/helios/starwards/node_modules/colyseus.js/node_modules/ws/lib/event-target.js:220:9)
          at WebSocket.emit (node:events:524:28)
          at WebSocket.emitClose (/data/Workspace/helios/starwards/node_modules/colyseus.js/node_modules/ws/lib/websocket.js:272:10)
          at Socket.socketOnClose (/data/Workspace/helios/starwards/node_modules/colyseus.js/node_modules/ws/lib/websocket.js:1341:15)
          at Socket.emit (node:events:524:28)
          at TCP.<anonymous> (node:net:343:12)

      at ConnectionManager.onConnectionError (modules/core/src/client/connection-manager.ts:144:21)
          at Array.forEach (<anonymous>)

    console.log
      connection error: TypeError: Cannot read properties of undefined (reading 'decoder')
          at wireEvents (/data/Workspace/helios/starwards/node_modules/colyseus-events/src/wire-events.ts:30:40)
          at /data/Workspace/helios/starwards/modules/core/src/client/admin.ts:20:5
          at processTicksAndRejections (node:internal/process/task_queues:95:5)
          at /data/Workspace/helios/starwards/modules/core/src/client/connection-manager.ts:131:21

      at ConnectionManager.onConnectionError (modules/core/src/client/connection-manager.ts:144:21)

    console.log
      connection error: Error: disconnected from server
          at EventEmitter.<anonymous> (/data/Workspace/helios/starwards/modules/core/src/client/driver.ts:53:58)
          at /data/Workspace/helios/starwards/node_modules/colyseus.js/src/core/signal.ts:15:48
          at Array.forEach (<anonymous>)
          at EventEmitter.invoke (/data/Workspace/helios/starwards/node_modules/colyseus.js/src/core/signal.ts:15:19)
          at Function.register.invoke (/data/Workspace/helios/starwards/node_modules/colyseus.js/src/core/signal.ts:57:81)
          at WebSocket.connection.events.onclose (/data/Workspace/helios/starwards/node_modules/colyseus.js/src/Room.ts:89:30)
          at callListener (/data/Workspace/helios/starwards/node_modules/colyseus.js/node_modules/ws/lib/event-target.js:290:14)
          at WebSocket.onClose (/data/Workspace/helios/starwards/node_modules/colyseus.js/node_modules/ws/lib/event-target.js:220:9)
          at WebSocket.emit (node:events:524:28)
          at WebSocket.emitClose (/data/Workspace/helios/starwards/node_modules/colyseus.js/node_modules/ws/lib/websocket.js:272:10)
          at Socket.socketOnClose (/data/Workspace/helios/starwards/node_modules/colyseus.js/node_modules/ws/lib/websocket.js:1341:15)
          at Socket.emit (node:events:524:28)
          at TCP.<anonymous> (node:net:343:12)

      at ConnectionManager.onConnectionError (modules/core/src/client/connection-manager.ts:144:21)
          at Array.forEach (<anonymous>)

    console.log
      connection error: TypeError: Cannot read properties of undefined (reading 'decoder')
          at wireEvents (/data/Workspace/helios/starwards/node_modules/colyseus-events/src/wire-events.ts:30:40)
          at /data/Workspace/helios/starwards/modules/core/src/client/admin.ts:20:5
          at processTicksAndRejections (node:internal/process/task_queues:95:5)
          at /data/Workspace/helios/starwards/modules/core/src/client/connection-manager.ts:131:21

      at ConnectionManager.onConnectionError (modules/core/src/client/connection-manager.ts:144:21)

    console.log
      connection error: Error: disconnected from server
          at EventEmitter.<anonymous> (/data/Workspace/helios/starwards/modules/core/src/client/driver.ts:53:58)
          at /data/Workspace/helios/starwards/node_modules/colyseus.js/src/core/signal.ts:15:48
          at Array.forEach (<anonymous>)
          at EventEmitter.invoke (/data/Workspace/helios/starwards/node_modules/colyseus.js/src/core/signal.ts:15:19)
          at Function.register.invoke (/data/Workspace/helios/starwards/node_modules/colyseus.js/src/core/signal.ts:57:81)
          at WebSocket.connection.events.onclose (/data/Workspace/helios/starwards/node_modules/colyseus.js/src/Room.ts:89:30)
          at callListener (/data/Workspace/helios/starwards/node_modules/colyseus.js/node_modules/ws/lib/event-target.js:290:14)
          at WebSocket.onClose (/data/Workspace/helios/starwards/node_modules/colyseus.js/node_modules/ws/lib/event-target.js:220:9)
          at WebSocket.emit (node:events:524:28)
          at WebSocket.emitClose (/data/Workspace/helios/starwards/node_modules/colyseus.js/node_modules/ws/lib/websocket.js:272:10)
          at Socket.socketOnClose (/data/Workspace/helios/starwards/node_modules/colyseus.js/node_modules/ws/lib/websocket.js:1341:15)
          at Socket.emit (node:events:524:28)
          at TCP.<anonymous> (node:net:343:12)

      at ConnectionManager.onConnectionError (modules/core/src/client/connection-manager.ts:144:21)
          at Array.forEach (<anonymous>)

    console.log
      connection error: TypeError: Cannot read properties of undefined (reading 'decoder')
          at wireEvents (/data/Workspace/helios/starwards/node_modules/colyseus-events/src/wire-events.ts:30:40)
          at /data/Workspace/helios/starwards/modules/core/src/client/admin.ts:20:5
          at processTicksAndRejections (node:internal/process/task_queues:95:5)
          at /data/Workspace/helios/starwards/modules/core/src/client/connection-manager.ts:131:21

      at ConnectionManager.onConnectionError (modules/core/src/client/connection-manager.ts:144:21)

    console.log
      connection error: Error: disconnected from server
          at EventEmitter.<anonymous> (/data/Workspace/helios/starwards/modules/core/src/client/driver.ts:53:58)
          at /data/Workspace/helios/starwards/node_modules/colyseus.js/src/core/signal.ts:15:48
          at Array.forEach (<anonymous>)
          at EventEmitter.invoke (/data/Workspace/helios/starwards/node_modules/colyseus.js/src/core/signal.ts:15:19)
          at Function.register.invoke (/data/Workspace/helios/starwards/node_modules/colyseus.js/src/core/signal.ts:57:81)
          at WebSocket.connection.events.onclose (/data/Workspace/helios/starwards/node_modules/colyseus.js/src/Room.ts:89:30)
          at callListener (/data/Workspace/helios/starwards/node_modules/colyseus.js/node_modules/ws/lib/event-target.js:290:14)
          at WebSocket.onClose (/data/Workspace/helios/starwards/node_modules/colyseus.js/node_modules/ws/lib/event-target.js:220:9)
          at WebSocket.emit (node:events:524:28)
          at WebSocket.emitClose (/data/Workspace/helios/starwards/node_modules/colyseus.js/node_modules/ws/lib/websocket.js:272:10)
          at Socket.socketOnClose (/data/Workspace/helios/starwards/node_modules/colyseus.js/node_modules/ws/lib/websocket.js:1341:15)
          at Socket.emit (node:events:524:28)
          at TCP.<anonymous> (node:net:343:12)

      at ConnectionManager.onConnectionError (modules/core/src/client/connection-manager.ts:144:21)
          at Array.forEach (<anonymous>)

    console.log
      connection error: TypeError: Cannot read properties of undefined (reading 'decoder')
          at wireEvents (/data/Workspace/helios/starwards/node_modules/colyseus-events/src/wire-events.ts:30:40)
          at /data/Workspace/helios/starwards/modules/core/src/client/admin.ts:20:5
          at processTicksAndRejections (node:internal/process/task_queues:95:5)
          at /data/Workspace/helios/starwards/modules/core/src/client/connection-manager.ts:131:21

      at ConnectionManager.onConnectionError (modules/core/src/client/connection-manager.ts:144:21)

    console.log
      connection error: Error: disconnected from server
          at EventEmitter.<anonymous> (/data/Workspace/helios/starwards/modules/core/src/client/driver.ts:53:58)
          at /data/Workspace/helios/starwards/node_modules/colyseus.js/src/core/signal.ts:15:48
          at Array.forEach (<anonymous>)
          at EventEmitter.invoke (/data/Workspace/helios/starwards/node_modules/colyseus.js/src/core/signal.ts:15:19)
          at Function.register.invoke (/data/Workspace/helios/starwards/node_modules/colyseus.js/src/core/signal.ts:57:81)
          at WebSocket.connection.events.onclose (/data/Workspace/helios/starwards/node_modules/colyseus.js/src/Room.ts:89:30)
          at callListener (/data/Workspace/helios/starwards/node_modules/colyseus.js/node_modules/ws/lib/event-target.js:290:14)
          at WebSocket.onClose (/data/Workspace/helios/starwards/node_modules/colyseus.js/node_modules/ws/lib/event-target.js:220:9)
          at WebSocket.emit (node:events:524:28)
          at WebSocket.emitClose (/data/Workspace/helios/starwards/node_modules/colyseus.js/node_modules/ws/lib/websocket.js:272:10)
          at Socket.socketOnClose (/data/Workspace/helios/starwards/node_modules/colyseus.js/node_modules/ws/lib/websocket.js:1341:15)
          at Socket.emit (node:events:524:28)
          at TCP.<anonymous> (node:net:343:12)

      at ConnectionManager.onConnectionError (modules/core/src/client/connection-manager.ts:144:21)
          at Array.forEach (<anonymous>)

    console.log
      connection error: TypeError: Cannot read properties of undefined (reading 'decoder')
          at wireEvents (/data/Workspace/helios/starwards/node_modules/colyseus-events/src/wire-events.ts:30:40)
          at /data/Workspace/helios/starwards/modules/core/src/client/admin.ts:20:5
          at processTicksAndRejections (node:internal/process/task_queues:95:5)
          at /data/Workspace/helios/starwards/modules/core/src/client/connection-manager.ts:131:21

      at ConnectionManager.onConnectionError (modules/core/src/client/connection-manager.ts:144:21)

    console.log
      connection error: Error: disconnected from server
          at EventEmitter.<anonymous> (/data/Workspace/helios/starwards/modules/core/src/client/driver.ts:53:58)
          at /data/Workspace/helios/starwards/node_modules/colyseus.js/src/core/signal.ts:15:48
          at Array.forEach (<anonymous>)
          at EventEmitter.invoke (/data/Workspace/helios/starwards/node_modules/colyseus.js/src/core/signal.ts:15:19)
          at Function.register.invoke (/data/Workspace/helios/starwards/node_modules/colyseus.js/src/core/signal.ts:57:81)
          at WebSocket.connection.events.onclose (/data/Workspace/helios/starwards/node_modules/colyseus.js/src/Room.ts:89:30)
          at callListener (/data/Workspace/helios/starwards/node_modules/colyseus.js/node_modules/ws/lib/event-target.js:290:14)
          at WebSocket.onClose (/data/Workspace/helios/starwards/node_modules/colyseus.js/node_modules/ws/lib/event-target.js:220:9)
          at WebSocket.emit (node:events:524:28)
          at WebSocket.emitClose (/data/Workspace/helios/starwards/node_modules/colyseus.js/node_modules/ws/lib/websocket.js:272:10)
          at Socket.socketOnClose (/data/Workspace/helios/starwards/node_modules/colyseus.js/node_modules/ws/lib/websocket.js:1341:15)
          at Socket.emit (node:events:524:28)
          at TCP.<anonymous> (node:net:343:12)

      at ConnectionManager.onConnectionError (modules/core/src/client/connection-manager.ts:144:21)
          at Array.forEach (<anonymous>)

    console.log
      connection error: TypeError: Cannot read properties of undefined (reading 'decoder')
          at wireEvents (/data/Workspace/helios/starwards/node_modules/colyseus-events/src/wire-events.ts:30:40)
          at /data/Workspace/helios/starwards/modules/core/src/client/admin.ts:20:5
          at processTicksAndRejections (node:internal/process/task_queues:95:5)
          at /data/Workspace/helios/starwards/modules/core/src/client/connection-manager.ts:131:21

      at ConnectionManager.onConnectionError (modules/core/src/client/connection-manager.ts:144:21)

    console.log
      connection error: Error: disconnected from server
          at EventEmitter.<anonymous> (/data/Workspace/helios/starwards/modules/core/src/client/driver.ts:53:58)
          at /data/Workspace/helios/starwards/node_modules/colyseus.js/src/core/signal.ts:15:48
          at Array.forEach (<anonymous>)
          at EventEmitter.invoke (/data/Workspace/helios/starwards/node_modules/colyseus.js/src/core/signal.ts:15:19)
          at Function.register.invoke (/data/Workspace/helios/starwards/node_modules/colyseus.js/src/core/signal.ts:57:81)
          at WebSocket.connection.events.onclose (/data/Workspace/helios/starwards/node_modules/colyseus.js/src/Room.ts:89:30)
          at callListener (/data/Workspace/helios/starwards/node_modules/colyseus.js/node_modules/ws/lib/event-target.js:290:14)
          at WebSocket.onClose (/data/Workspace/helios/starwards/node_modules/colyseus.js/node_modules/ws/lib/event-target.js:220:9)
          at WebSocket.emit (node:events:524:28)
          at WebSocket.emitClose (/data/Workspace/helios/starwards/node_modules/colyseus.js/node_modules/ws/lib/websocket.js:272:10)
          at Socket.socketOnClose (/data/Workspace/helios/starwards/node_modules/colyseus.js/node_modules/ws/lib/websocket.js:1341:15)
          at Socket.emit (node:events:524:28)
          at TCP.<anonymous> (node:net:343:12)

      at ConnectionManager.onConnectionError (modules/core/src/client/connection-manager.ts:144:21)
          at Array.forEach (<anonymous>)

    console.log
      connection error: TypeError: Cannot read properties of undefined (reading 'decoder')
          at wireEvents (/data/Workspace/helios/starwards/node_modules/colyseus-events/src/wire-events.ts:30:40)
          at /data/Workspace/helios/starwards/modules/core/src/client/admin.ts:20:5
          at processTicksAndRejections (node:internal/process/task_queues:95:5)
          at /data/Workspace/helios/starwards/modules/core/src/client/connection-manager.ts:131:21

      at ConnectionManager.onConnectionError (modules/core/src/client/connection-manager.ts:144:21)

    console.log
      connection error: Error: disconnected from server
          at EventEmitter.<anonymous> (/data/Workspace/helios/starwards/modules/core/src/client/driver.ts:53:58)
          at /data/Workspace/helios/starwards/node_modules/colyseus.js/src/core/signal.ts:15:48
          at Array.forEach (<anonymous>)
          at EventEmitter.invoke (/data/Workspace/helios/starwards/node_modules/colyseus.js/src/core/signal.ts:15:19)
          at Function.register.invoke (/data/Workspace/helios/starwards/node_modules/colyseus.js/src/core/signal.ts:57:81)
          at WebSocket.connection.events.onclose (/data/Workspace/helios/starwards/node_modules/colyseus.js/src/Room.ts:89:30)
          at callListener (/data/Workspace/helios/starwards/node_modules/colyseus.js/node_modules/ws/lib/event-target.js:290:14)
          at WebSocket.onClose (/data/Workspace/helios/starwards/node_modules/colyseus.js/node_modules/ws/lib/event-target.js:220:9)
          at WebSocket.emit (node:events:524:28)
          at WebSocket.emitClose (/data/Workspace/helios/starwards/node_modules/colyseus.js/node_modules/ws/lib/websocket.js:272:10)
          at Socket.socketOnClose (/data/Workspace/helios/starwards/node_modules/colyseus.js/node_modules/ws/lib/websocket.js:1341:15)
          at Socket.emit (node:events:524:28)
          at TCP.<anonymous> (node:net:343:12)

      at ConnectionManager.onConnectionError (modules/core/src/client/connection-manager.ts:144:21)
          at Array.forEach (<anonymous>)

    console.log
      connection error: TypeError: Cannot read properties of undefined (reading 'decoder')
          at wireEvents (/data/Workspace/helios/starwards/node_modules/colyseus-events/src/wire-events.ts:30:40)
          at /data/Workspace/helios/starwards/modules/core/src/client/admin.ts:20:5
          at processTicksAndRejections (node:internal/process/task_queues:95:5)
          at /data/Workspace/helios/starwards/modules/core/src/client/connection-manager.ts:131:21

      at ConnectionManager.onConnectionError (modules/core/src/client/connection-manager.ts:144:21)

    console.log
      connection error: Error: disconnected from server
          at EventEmitter.<anonymous> (/data/Workspace/helios/starwards/modules/core/src/client/driver.ts:53:58)
          at /data/Workspace/helios/starwards/node_modules/colyseus.js/src/core/signal.ts:15:48
          at Array.forEach (<anonymous>)
          at EventEmitter.invoke (/data/Workspace/helios/starwards/node_modules/colyseus.js/src/core/signal.ts:15:19)
          at Function.register.invoke (/data/Workspace/helios/starwards/node_modules/colyseus.js/src/core/signal.ts:57:81)
          at WebSocket.connection.events.onclose (/data/Workspace/helios/starwards/node_modules/colyseus.js/src/Room.ts:89:30)
          at callListener (/data/Workspace/helios/starwards/node_modules/colyseus.js/node_modules/ws/lib/event-target.js:290:14)
          at WebSocket.onClose (/data/Workspace/helios/starwards/node_modules/colyseus.js/node_modules/ws/lib/event-target.js:220:9)
          at WebSocket.emit (node:events:524:28)
          at WebSocket.emitClose (/data/Workspace/helios/starwards/node_modules/colyseus.js/node_modules/ws/lib/websocket.js:272:10)
          at Socket.socketOnClose (/data/Workspace/helios/starwards/node_modules/colyseus.js/node_modules/ws/lib/websocket.js:1341:15)
          at Socket.emit (node:events:524:28)
          at TCP.<anonymous> (node:net:343:12)

      at ConnectionManager.onConnectionError (modules/core/src/client/connection-manager.ts:144:21)
          at Array.forEach (<anonymous>)

    console.log
      connection error: TypeError: Cannot read properties of undefined (reading 'decoder')
          at wireEvents (/data/Workspace/helios/starwards/node_modules/colyseus-events/src/wire-events.ts:30:40)
          at /data/Workspace/helios/starwards/modules/core/src/client/admin.ts:20:5
          at processTicksAndRejections (node:internal/process/task_queues:95:5)
          at /data/Workspace/helios/starwards/modules/core/src/client/connection-manager.ts:131:21

      at ConnectionManager.onConnectionError (modules/core/src/client/connection-manager.ts:144:21)

    console.log
      connection error: Error: disconnected from server
          at EventEmitter.<anonymous> (/data/Workspace/helios/starwards/modules/core/src/client/driver.ts:53:58)
          at /data/Workspace/helios/starwards/node_modules/colyseus.js/src/core/signal.ts:15:48
          at Array.forEach (<anonymous>)
          at EventEmitter.invoke (/data/Workspace/helios/starwards/node_modules/colyseus.js/src/core/signal.ts:15:19)
          at Function.register.invoke (/data/Workspace/helios/starwards/node_modules/colyseus.js/src/core/signal.ts:57:81)
          at WebSocket.connection.events.onclose (/data/Workspace/helios/starwards/node_modules/colyseus.js/src/Room.ts:89:30)
          at callListener (/data/Workspace/helios/starwards/node_modules/colyseus.js/node_modules/ws/lib/event-target.js:290:14)
          at WebSocket.onClose (/data/Workspace/helios/starwards/node_modules/colyseus.js/node_modules/ws/lib/event-target.js:220:9)
          at WebSocket.emit (node:events:524:28)
          at WebSocket.emitClose (/data/Workspace/helios/starwards/node_modules/colyseus.js/node_modules/ws/lib/websocket.js:272:10)
          at Socket.socketOnClose (/data/Workspace/helios/starwards/node_modules/colyseus.js/node_modules/ws/lib/websocket.js:1341:15)
          at Socket.emit (node:events:524:28)
          at TCP.<anonymous> (node:net:343:12)

      at ConnectionManager.onConnectionError (modules/core/src/client/connection-manager.ts:144:21)
          at Array.forEach (<anonymous>)

    console.log
      connection error: TypeError: Cannot read properties of undefined (reading 'decoder')
          at wireEvents (/data/Workspace/helios/starwards/node_modules/colyseus-events/src/wire-events.ts:30:40)
          at /data/Workspace/helios/starwards/modules/core/src/client/admin.ts:20:5
          at processTicksAndRejections (node:internal/process/task_queues:95:5)
          at /data/Workspace/helios/starwards/modules/core/src/client/connection-manager.ts:131:21

      at ConnectionManager.onConnectionError (modules/core/src/client/connection-manager.ts:144:21)

    console.log
      connection error: Error: disconnected from server
          at EventEmitter.<anonymous> (/data/Workspace/helios/starwards/modules/core/src/client/driver.ts:53:58)
          at /data/Workspace/helios/starwards/node_modules/colyseus.js/src/core/signal.ts:15:48
          at Array.forEach (<anonymous>)
          at EventEmitter.invoke (/data/Workspace/helios/starwards/node_modules/colyseus.js/src/core/signal.ts:15:19)
          at Function.register.invoke (/data/Workspace/helios/starwards/node_modules/colyseus.js/src/core/signal.ts:57:81)
          at WebSocket.connection.events.onclose (/data/Workspace/helios/starwards/node_modules/colyseus.js/src/Room.ts:89:30)
          at callListener (/data/Workspace/helios/starwards/node_modules/colyseus.js/node_modules/ws/lib/event-target.js:290:14)
          at WebSocket.onClose (/data/Workspace/helios/starwards/node_modules/colyseus.js/node_modules/ws/lib/event-target.js:220:9)
          at WebSocket.emit (node:events:524:28)
          at WebSocket.emitClose (/data/Workspace/helios/starwards/node_modules/colyseus.js/node_modules/ws/lib/websocket.js:272:10)
          at Socket.socketOnClose (/data/Workspace/helios/starwards/node_modules/colyseus.js/node_modules/ws/lib/websocket.js:1341:15)
          at Socket.emit (node:events:524:28)
          at TCP.<anonymous> (node:net:343:12)

      at ConnectionManager.onConnectionError (modules/core/src/client/connection-manager.ts:144:21)
          at Array.forEach (<anonymous>)

    console.log
      connection error: TypeError: Cannot read properties of undefined (reading 'decoder')
          at wireEvents (/data/Workspace/helios/starwards/node_modules/colyseus-events/src/wire-events.ts:30:40)
          at /data/Workspace/helios/starwards/modules/core/src/client/admin.ts:20:5
          at processTicksAndRejections (node:internal/process/task_queues:95:5)
          at /data/Workspace/helios/starwards/modules/core/src/client/connection-manager.ts:131:21

      at ConnectionManager.onConnectionError (modules/core/src/client/connection-manager.ts:144:21)

    console.log
      connection error: Error: disconnected from server
          at EventEmitter.<anonymous> (/data/Workspace/helios/starwards/modules/core/src/client/driver.ts:53:58)
          at /data/Workspace/helios/starwards/node_modules/colyseus.js/src/core/signal.ts:15:48
          at Array.forEach (<anonymous>)
          at EventEmitter.invoke (/data/Workspace/helios/starwards/node_modules/colyseus.js/src/core/signal.ts:15:19)
          at Function.register.invoke (/data/Workspace/helios/starwards/node_modules/colyseus.js/src/core/signal.ts:57:81)
          at WebSocket.connection.events.onclose (/data/Workspace/helios/starwards/node_modules/colyseus.js/src/Room.ts:89:30)
          at callListener (/data/Workspace/helios/starwards/node_modules/colyseus.js/node_modules/ws/lib/event-target.js:290:14)
          at WebSocket.onClose (/data/Workspace/helios/starwards/node_modules/colyseus.js/node_modules/ws/lib/event-target.js:220:9)
          at WebSocket.emit (node:events:524:28)
          at WebSocket.emitClose (/data/Workspace/helios/starwards/node_modules/colyseus.js/node_modules/ws/lib/websocket.js:272:10)
          at Socket.socketOnClose (/data/Workspace/helios/starwards/node_modules/colyseus.js/node_modules/ws/lib/websocket.js:1341:15)
          at Socket.emit (node:events:524:28)
          at TCP.<anonymous> (node:net:343:12)

      at ConnectionManager.onConnectionError (modules/core/src/client/connection-manager.ts:144:21)
          at Array.forEach (<anonymous>)

    console.log
      connection error: TypeError: Cannot read properties of undefined (reading 'decoder')
          at wireEvents (/data/Workspace/helios/starwards/node_modules/colyseus-events/src/wire-events.ts:30:40)
          at /data/Workspace/helios/starwards/modules/core/src/client/admin.ts:20:5
          at processTicksAndRejections (node:internal/process/task_queues:95:5)
          at /data/Workspace/helios/starwards/modules/core/src/client/connection-manager.ts:131:21

      at ConnectionManager.onConnectionError (modules/core/src/client/connection-manager.ts:144:21)

    console.log
      connection error: Error: disconnected from server
          at EventEmitter.<anonymous> (/data/Workspace/helios/starwards/modules/core/src/client/driver.ts:53:58)
          at /data/Workspace/helios/starwards/node_modules/colyseus.js/src/core/signal.ts:15:48
          at Array.forEach (<anonymous>)
          at EventEmitter.invoke (/data/Workspace/helios/starwards/node_modules/colyseus.js/src/core/signal.ts:15:19)
          at Function.register.invoke (/data/Workspace/helios/starwards/node_modules/colyseus.js/src/core/signal.ts:57:81)
          at WebSocket.connection.events.onclose (/data/Workspace/helios/starwards/node_modules/colyseus.js/src/Room.ts:89:30)
          at callListener (/data/Workspace/helios/starwards/node_modules/colyseus.js/node_modules/ws/lib/event-target.js:290:14)
          at WebSocket.onClose (/data/Workspace/helios/starwards/node_modules/colyseus.js/node_modules/ws/lib/event-target.js:220:9)
          at WebSocket.emit (node:events:524:28)
          at WebSocket.emitClose (/data/Workspace/helios/starwards/node_modules/colyseus.js/node_modules/ws/lib/websocket.js:272:10)
          at Socket.socketOnClose (/data/Workspace/helios/starwards/node_modules/colyseus.js/node_modules/ws/lib/websocket.js:1341:15)
          at Socket.emit (node:events:524:28)
          at TCP.<anonymous> (node:net:343:12)

      at ConnectionManager.onConnectionError (modules/core/src/client/connection-manager.ts:144:21)
          at Array.forEach (<anonymous>)

    console.log
      connection error: TypeError: Cannot read properties of undefined (reading 'decoder')
          at wireEvents (/data/Workspace/helios/starwards/node_modules/colyseus-events/src/wire-events.ts:30:40)
          at /data/Workspace/helios/starwards/modules/core/src/client/admin.ts:20:5
          at processTicksAndRejections (node:internal/process/task_queues:95:5)
          at /data/Workspace/helios/starwards/modules/core/src/client/connection-manager.ts:131:21

      at ConnectionManager.onConnectionError (modules/core/src/client/connection-manager.ts:144:21)

    console.log
      connection error: Error: disconnected from server
          at EventEmitter.<anonymous> (/data/Workspace/helios/starwards/modules/core/src/client/driver.ts:53:58)
          at /data/Workspace/helios/starwards/node_modules/colyseus.js/src/core/signal.ts:15:48
          at Array.forEach (<anonymous>)
          at EventEmitter.invoke (/data/Workspace/helios/starwards/node_modules/colyseus.js/src/core/signal.ts:15:19)
          at Function.register.invoke (/data/Workspace/helios/starwards/node_modules/colyseus.js/src/core/signal.ts:57:81)
          at WebSocket.connection.events.onclose (/data/Workspace/helios/starwards/node_modules/colyseus.js/src/Room.ts:89:30)
          at callListener (/data/Workspace/helios/starwards/node_modules/colyseus.js/node_modules/ws/lib/event-target.js:290:14)
          at WebSocket.onClose (/data/Workspace/helios/starwards/node_modules/colyseus.js/node_modules/ws/lib/event-target.js:220:9)
          at WebSocket.emit (node:events:524:28)
          at WebSocket.emitClose (/data/Workspace/helios/starwards/node_modules/colyseus.js/node_modules/ws/lib/websocket.js:272:10)
          at Socket.socketOnClose (/data/Workspace/helios/starwards/node_modules/colyseus.js/node_modules/ws/lib/websocket.js:1341:15)
          at Socket.emit (node:events:524:28)
          at TCP.<anonymous> (node:net:343:12)

      at ConnectionManager.onConnectionError (modules/core/src/client/connection-manager.ts:144:21)
          at Array.forEach (<anonymous>)

    console.log
      connection error: TypeError: Cannot read properties of undefined (reading 'decoder')
          at wireEvents (/data/Workspace/helios/starwards/node_modules/colyseus-events/src/wire-events.ts:30:40)
          at /data/Workspace/helios/starwards/modules/core/src/client/admin.ts:20:5
          at processTicksAndRejections (node:internal/process/task_queues:95:5)
          at /data/Workspace/helios/starwards/modules/core/src/client/connection-manager.ts:131:21

      at ConnectionManager.onConnectionError (modules/core/src/client/connection-manager.ts:144:21)

    console.log
      connection error: Error: disconnected from server
          at EventEmitter.<anonymous> (/data/Workspace/helios/starwards/modules/core/src/client/driver.ts:53:58)
          at /data/Workspace/helios/starwards/node_modules/colyseus.js/src/core/signal.ts:15:48
          at Array.forEach (<anonymous>)
          at EventEmitter.invoke (/data/Workspace/helios/starwards/node_modules/colyseus.js/src/core/signal.ts:15:19)
          at Function.register.invoke (/data/Workspace/helios/starwards/node_modules/colyseus.js/src/core/signal.ts:57:81)
          at WebSocket.connection.events.onclose (/data/Workspace/helios/starwards/node_modules/colyseus.js/src/Room.ts:89:30)
          at callListener (/data/Workspace/helios/starwards/node_modules/colyseus.js/node_modules/ws/lib/event-target.js:290:14)
          at WebSocket.onClose (/data/Workspace/helios/starwards/node_modules/colyseus.js/node_modules/ws/lib/event-target.js:220:9)
          at WebSocket.emit (node:events:524:28)
          at WebSocket.emitClose (/data/Workspace/helios/starwards/node_modules/colyseus.js/node_modules/ws/lib/websocket.js:272:10)
          at Socket.socketOnClose (/data/Workspace/helios/starwards/node_modules/colyseus.js/node_modules/ws/lib/websocket.js:1341:15)
          at Socket.emit (node:events:524:28)
          at TCP.<anonymous> (node:net:343:12)

      at ConnectionManager.onConnectionError (modules/core/src/client/connection-manager.ts:144:21)
          at Array.forEach (<anonymous>)

    console.log
      connection error: TypeError: Cannot read properties of undefined (reading 'decoder')
          at wireEvents (/data/Workspace/helios/starwards/node_modules/colyseus-events/src/wire-events.ts:30:40)
          at /data/Workspace/helios/starwards/modules/core/src/client/admin.ts:20:5
          at processTicksAndRejections (node:internal/process/task_queues:95:5)
          at /data/Workspace/helios/starwards/modules/core/src/client/connection-manager.ts:131:21

      at ConnectionManager.onConnectionError (modules/core/src/client/connection-manager.ts:144:21)

    console.log
      connection error: Error: disconnected from server
          at EventEmitter.<anonymous> (/data/Workspace/helios/starwards/modules/core/src/client/driver.ts:53:58)
          at /data/Workspace/helios/starwards/node_modules/colyseus.js/src/core/signal.ts:15:48
          at Array.forEach (<anonymous>)
          at EventEmitter.invoke (/data/Workspace/helios/starwards/node_modules/colyseus.js/src/core/signal.ts:15:19)
          at Function.register.invoke (/data/Workspace/helios/starwards/node_modules/colyseus.js/src/core/signal.ts:57:81)
          at WebSocket.connection.events.onclose (/data/Workspace/helios/starwards/node_modules/colyseus.js/src/Room.ts:89:30)
          at callListener (/data/Workspace/helios/starwards/node_modules/colyseus.js/node_modules/ws/lib/event-target.js:290:14)
          at WebSocket.onClose (/data/Workspace/helios/starwards/node_modules/colyseus.js/node_modules/ws/lib/event-target.js:220:9)
          at WebSocket.emit (node:events:524:28)
          at WebSocket.emitClose (/data/Workspace/helios/starwards/node_modules/colyseus.js/node_modules/ws/lib/websocket.js:272:10)
          at Socket.socketOnClose (/data/Workspace/helios/starwards/node_modules/colyseus.js/node_modules/ws/lib/websocket.js:1341:15)
          at Socket.emit (node:events:524:28)
          at TCP.<anonymous> (node:net:343:12)

      at ConnectionManager.onConnectionError (modules/core/src/client/connection-manager.ts:144:21)
          at Array.forEach (<anonymous>)

    console.log
      connection error: TypeError: Cannot read properties of undefined (reading 'decoder')
          at wireEvents (/data/Workspace/helios/starwards/node_modules/colyseus-events/src/wire-events.ts:30:40)
          at /data/Workspace/helios/starwards/modules/core/src/client/admin.ts:20:5
          at processTicksAndRejections (node:internal/process/task_queues:95:5)
          at /data/Workspace/helios/starwards/modules/core/src/client/connection-manager.ts:131:21

      at ConnectionManager.onConnectionError (modules/core/src/client/connection-manager.ts:144:21)

    console.log
      connection error: Error: disconnected from server
          at EventEmitter.<anonymous> (/data/Workspace/helios/starwards/modules/core/src/client/driver.ts:53:58)
          at /data/Workspace/helios/starwards/node_modules/colyseus.js/src/core/signal.ts:15:48
          at Array.forEach (<anonymous>)
          at EventEmitter.invoke (/data/Workspace/helios/starwards/node_modules/colyseus.js/src/core/signal.ts:15:19)
          at Function.register.invoke (/data/Workspace/helios/starwards/node_modules/colyseus.js/src/core/signal.ts:57:81)
          at WebSocket.connection.events.onclose (/data/Workspace/helios/starwards/node_modules/colyseus.js/src/Room.ts:89:30)
          at callListener (/data/Workspace/helios/starwards/node_modules/colyseus.js/node_modules/ws/lib/event-target.js:290:14)
          at WebSocket.onClose (/data/Workspace/helios/starwards/node_modules/colyseus.js/node_modules/ws/lib/event-target.js:220:9)
          at WebSocket.emit (node:events:524:28)
          at WebSocket.emitClose (/data/Workspace/helios/starwards/node_modules/colyseus.js/node_modules/ws/lib/websocket.js:272:10)
          at Socket.socketOnClose (/data/Workspace/helios/starwards/node_modules/colyseus.js/node_modules/ws/lib/websocket.js:1341:15)
          at Socket.emit (node:events:524:28)
          at TCP.<anonymous> (node:net:343:12)

      at ConnectionManager.onConnectionError (modules/core/src/client/connection-manager.ts:144:21)
          at Array.forEach (<anonymous>)

    console.log
      connection error: TypeError: Cannot read properties of undefined (reading 'decoder')
          at wireEvents (/data/Workspace/helios/starwards/node_modules/colyseus-events/src/wire-events.ts:30:40)
          at /data/Workspace/helios/starwards/modules/core/src/client/admin.ts:20:5
          at processTicksAndRejections (node:internal/process/task_queues:95:5)
          at /data/Workspace/helios/starwards/modules/core/src/client/connection-manager.ts:131:21

      at ConnectionManager.onConnectionError (modules/core/src/client/connection-manager.ts:144:21)

    console.log
      connection error: Error: disconnected from server
          at EventEmitter.<anonymous> (/data/Workspace/helios/starwards/modules/core/src/client/driver.ts:53:58)
          at /data/Workspace/helios/starwards/node_modules/colyseus.js/src/core/signal.ts:15:48
          at Array.forEach (<anonymous>)
          at EventEmitter.invoke (/data/Workspace/helios/starwards/node_modules/colyseus.js/src/core/signal.ts:15:19)
          at Function.register.invoke (/data/Workspace/helios/starwards/node_modules/colyseus.js/src/core/signal.ts:57:81)
          at WebSocket.connection.events.onclose (/data/Workspace/helios/starwards/node_modules/colyseus.js/src/Room.ts:89:30)
          at callListener (/data/Workspace/helios/starwards/node_modules/colyseus.js/node_modules/ws/lib/event-target.js:290:14)
          at WebSocket.onClose (/data/Workspace/helios/starwards/node_modules/colyseus.js/node_modules/ws/lib/event-target.js:220:9)
          at WebSocket.emit (node:events:524:28)
          at WebSocket.emitClose (/data/Workspace/helios/starwards/node_modules/colyseus.js/node_modules/ws/lib/websocket.js:272:10)
          at Socket.socketOnClose (/data/Workspace/helios/starwards/node_modules/colyseus.js/node_modules/ws/lib/websocket.js:1341:15)
          at Socket.emit (node:events:524:28)
          at TCP.<anonymous> (node:net:343:12)

      at ConnectionManager.onConnectionError (modules/core/src/client/connection-manager.ts:144:21)
          at Array.forEach (<anonymous>)

    console.log
      connection error: TypeError: Cannot read properties of undefined (reading 'decoder')
          at wireEvents (/data/Workspace/helios/starwards/node_modules/colyseus-events/src/wire-events.ts:30:40)
          at /data/Workspace/helios/starwards/modules/core/src/client/admin.ts:20:5
          at processTicksAndRejections (node:internal/process/task_queues:95:5)
          at /data/Workspace/helios/starwards/modules/core/src/client/connection-manager.ts:131:21

      at ConnectionManager.onConnectionError (modules/core/src/client/connection-manager.ts:144:21)

    console.log
      connection error: Error: disconnected from server
          at EventEmitter.<anonymous> (/data/Workspace/helios/starwards/modules/core/src/client/driver.ts:53:58)
          at /data/Workspace/helios/starwards/node_modules/colyseus.js/src/core/signal.ts:15:48
          at Array.forEach (<anonymous>)
          at EventEmitter.invoke (/data/Workspace/helios/starwards/node_modules/colyseus.js/src/core/signal.ts:15:19)
          at Function.register.invoke (/data/Workspace/helios/starwards/node_modules/colyseus.js/src/core/signal.ts:57:81)
          at WebSocket.connection.events.onclose (/data/Workspace/helios/starwards/node_modules/colyseus.js/src/Room.ts:89:30)
          at callListener (/data/Workspace/helios/starwards/node_modules/colyseus.js/node_modules/ws/lib/event-target.js:290:14)
          at WebSocket.onClose (/data/Workspace/helios/starwards/node_modules/colyseus.js/node_modules/ws/lib/event-target.js:220:9)
          at WebSocket.emit (node:events:524:28)
          at WebSocket.emitClose (/data/Workspace/helios/starwards/node_modules/colyseus.js/node_modules/ws/lib/websocket.js:272:10)
          at Socket.socketOnClose (/data/Workspace/helios/starwards/node_modules/colyseus.js/node_modules/ws/lib/websocket.js:1341:15)
          at Socket.emit (node:events:524:28)
          at TCP.<anonymous> (node:net:343:12)

      at ConnectionManager.onConnectionError (modules/core/src/client/connection-manager.ts:144:21)
          at Array.forEach (<anonymous>)

    console.log
      connection error: TypeError: Cannot read properties of undefined (reading 'decoder')
          at wireEvents (/data/Workspace/helios/starwards/node_modules/colyseus-events/src/wire-events.ts:30:40)
          at /data/Workspace/helios/starwards/modules/core/src/client/admin.ts:20:5
          at processTicksAndRejections (node:internal/process/task_queues:95:5)
          at /data/Workspace/helios/starwards/modules/core/src/client/connection-manager.ts:131:21

      at ConnectionManager.onConnectionError (modules/core/src/client/connection-manager.ts:144:21)

    console.log
      connection error: Error: disconnected from server
          at EventEmitter.<anonymous> (/data/Workspace/helios/starwards/modules/core/src/client/driver.ts:53:58)
          at /data/Workspace/helios/starwards/node_modules/colyseus.js/src/core/signal.ts:15:48
          at Array.forEach (<anonymous>)
          at EventEmitter.invoke (/data/Workspace/helios/starwards/node_modules/colyseus.js/src/core/signal.ts:15:19)
          at Function.register.invoke (/data/Workspace/helios/starwards/node_modules/colyseus.js/src/core/signal.ts:57:81)
          at WebSocket.connection.events.onclose (/data/Workspace/helios/starwards/node_modules/colyseus.js/src/Room.ts:89:30)
          at callListener (/data/Workspace/helios/starwards/node_modules/colyseus.js/node_modules/ws/lib/event-target.js:290:14)
          at WebSocket.onClose (/data/Workspace/helios/starwards/node_modules/colyseus.js/node_modules/ws/lib/event-target.js:220:9)
          at WebSocket.emit (node:events:524:28)
          at WebSocket.emitClose (/data/Workspace/helios/starwards/node_modules/colyseus.js/node_modules/ws/lib/websocket.js:272:10)
          at Socket.socketOnClose (/data/Workspace/helios/starwards/node_modules/colyseus.js/node_modules/ws/lib/websocket.js:1341:15)
          at Socket.emit (node:events:524:28)
          at TCP.<anonymous> (node:net:343:12)

      at ConnectionManager.onConnectionError (modules/core/src/client/connection-manager.ts:144:21)
          at Array.forEach (<anonymous>)

    console.log
      connection error: TypeError: Cannot read properties of undefined (reading 'decoder')
          at wireEvents (/data/Workspace/helios/starwards/node_modules/colyseus-events/src/wire-events.ts:30:40)
          at /data/Workspace/helios/starwards/modules/core/src/client/admin.ts:20:5
          at processTicksAndRejections (node:internal/process/task_queues:95:5)
          at /data/Workspace/helios/starwards/modules/core/src/client/connection-manager.ts:131:21

      at ConnectionManager.onConnectionError (modules/core/src/client/connection-manager.ts:144:21)

    console.log
      connection error: Error: disconnected from server
          at EventEmitter.<anonymous> (/data/Workspace/helios/starwards/modules/core/src/client/driver.ts:53:58)
          at /data/Workspace/helios/starwards/node_modules/colyseus.js/src/core/signal.ts:15:48
          at Array.forEach (<anonymous>)
          at EventEmitter.invoke (/data/Workspace/helios/starwards/node_modules/colyseus.js/src/core/signal.ts:15:19)
          at Function.register.invoke (/data/Workspace/helios/starwards/node_modules/colyseus.js/src/core/signal.ts:57:81)
          at WebSocket.connection.events.onclose (/data/Workspace/helios/starwards/node_modules/colyseus.js/src/Room.ts:89:30)
          at callListener (/data/Workspace/helios/starwards/node_modules/colyseus.js/node_modules/ws/lib/event-target.js:290:14)
          at WebSocket.onClose (/data/Workspace/helios/starwards/node_modules/colyseus.js/node_modules/ws/lib/event-target.js:220:9)
          at WebSocket.emit (node:events:524:28)
          at WebSocket.emitClose (/data/Workspace/helios/starwards/node_modules/colyseus.js/node_modules/ws/lib/websocket.js:272:10)
          at Socket.socketOnClose (/data/Workspace/helios/starwards/node_modules/colyseus.js/node_modules/ws/lib/websocket.js:1341:15)
          at Socket.emit (node:events:524:28)
          at TCP.<anonymous> (node:net:343:12)

      at ConnectionManager.onConnectionError (modules/core/src/client/connection-manager.ts:144:21)
          at Array.forEach (<anonymous>)

    console.log
      connection error: TypeError: Cannot read properties of undefined (reading 'decoder')
          at wireEvents (/data/Workspace/helios/starwards/node_modules/colyseus-events/src/wire-events.ts:30:40)
          at /data/Workspace/helios/starwards/modules/core/src/client/admin.ts:20:5
          at processTicksAndRejections (node:internal/process/task_queues:95:5)
          at /data/Workspace/helios/starwards/modules/core/src/client/connection-manager.ts:131:21

      at ConnectionManager.onConnectionError (modules/core/src/client/connection-manager.ts:144:21)

    console.log
      connection error: Error: disconnected from server
          at EventEmitter.<anonymous> (/data/Workspace/helios/starwards/modules/core/src/client/driver.ts:53:58)
          at /data/Workspace/helios/starwards/node_modules/colyseus.js/src/core/signal.ts:15:48
          at Array.forEach (<anonymous>)
          at EventEmitter.invoke (/data/Workspace/helios/starwards/node_modules/colyseus.js/src/core/signal.ts:15:19)
          at Function.register.invoke (/data/Workspace/helios/starwards/node_modules/colyseus.js/src/core/signal.ts:57:81)
          at WebSocket.connection.events.onclose (/data/Workspace/helios/starwards/node_modules/colyseus.js/src/Room.ts:89:30)
          at callListener (/data/Workspace/helios/starwards/node_modules/colyseus.js/node_modules/ws/lib/event-target.js:290:14)
          at WebSocket.onClose (/data/Workspace/helios/starwards/node_modules/colyseus.js/node_modules/ws/lib/event-target.js:220:9)
          at WebSocket.emit (node:events:524:28)
          at WebSocket.emitClose (/data/Workspace/helios/starwards/node_modules/colyseus.js/node_modules/ws/lib/websocket.js:272:10)
          at Socket.socketOnClose (/data/Workspace/helios/starwards/node_modules/colyseus.js/node_modules/ws/lib/websocket.js:1341:15)
          at Socket.emit (node:events:524:28)
          at TCP.<anonymous> (node:net:343:12)

      at ConnectionManager.onConnectionError (modules/core/src/client/connection-manager.ts:144:21)
          at Array.forEach (<anonymous>)

    console.log
      connection error: TypeError: Cannot read properties of undefined (reading 'decoder')
          at wireEvents (/data/Workspace/helios/starwards/node_modules/colyseus-events/src/wire-events.ts:30:40)
          at /data/Workspace/helios/starwards/modules/core/src/client/admin.ts:20:5
          at processTicksAndRejections (node:internal/process/task_queues:95:5)
          at /data/Workspace/helios/starwards/modules/core/src/client/connection-manager.ts:131:21

      at ConnectionManager.onConnectionError (modules/core/src/client/connection-manager.ts:144:21)

    console.log
      connection error: Error: disconnected from server
          at EventEmitter.<anonymous> (/data/Workspace/helios/starwards/modules/core/src/client/driver.ts:53:58)
          at /data/Workspace/helios/starwards/node_modules/colyseus.js/src/core/signal.ts:15:48
          at Array.forEach (<anonymous>)
          at EventEmitter.invoke (/data/Workspace/helios/starwards/node_modules/colyseus.js/src/core/signal.ts:15:19)
          at Function.register.invoke (/data/Workspace/helios/starwards/node_modules/colyseus.js/src/core/signal.ts:57:81)
          at WebSocket.connection.events.onclose (/data/Workspace/helios/starwards/node_modules/colyseus.js/src/Room.ts:89:30)
          at callListener (/data/Workspace/helios/starwards/node_modules/colyseus.js/node_modules/ws/lib/event-target.js:290:14)
          at WebSocket.onClose (/data/Workspace/helios/starwards/node_modules/colyseus.js/node_modules/ws/lib/event-target.js:220:9)
          at WebSocket.emit (node:events:524:28)
          at WebSocket.emitClose (/data/Workspace/helios/starwards/node_modules/colyseus.js/node_modules/ws/lib/websocket.js:272:10)
          at Socket.socketOnClose (/data/Workspace/helios/starwards/node_modules/colyseus.js/node_modules/ws/lib/websocket.js:1341:15)
          at Socket.emit (node:events:524:28)
          at TCP.<anonymous> (node:net:343:12)

      at ConnectionManager.onConnectionError (modules/core/src/client/connection-manager.ts:144:21)
          at Array.forEach (<anonymous>)

    console.log
      connection error: TypeError: Cannot read properties of undefined (reading 'decoder')
          at wireEvents (/data/Workspace/helios/starwards/node_modules/colyseus-events/src/wire-events.ts:30:40)
          at /data/Workspace/helios/starwards/modules/core/src/client/admin.ts:20:5
          at processTicksAndRejections (node:internal/process/task_queues:95:5)
          at /data/Workspace/helios/starwards/modules/core/src/client/connection-manager.ts:131:21

      at ConnectionManager.onConnectionError (modules/core/src/client/connection-manager.ts:144:21)

    console.log
      connection error: Error: disconnected from server
          at EventEmitter.<anonymous> (/data/Workspace/helios/starwards/modules/core/src/client/driver.ts:53:58)
          at /data/Workspace/helios/starwards/node_modules/colyseus.js/src/core/signal.ts:15:48
          at Array.forEach (<anonymous>)
          at EventEmitter.invoke (/data/Workspace/helios/starwards/node_modules/colyseus.js/src/core/signal.ts:15:19)
          at Function.register.invoke (/data/Workspace/helios/starwards/node_modules/colyseus.js/src/core/signal.ts:57:81)
          at WebSocket.connection.events.onclose (/data/Workspace/helios/starwards/node_modules/colyseus.js/src/Room.ts:89:30)
          at callListener (/data/Workspace/helios/starwards/node_modules/colyseus.js/node_modules/ws/lib/event-target.js:290:14)
          at WebSocket.onClose (/data/Workspace/helios/starwards/node_modules/colyseus.js/node_modules/ws/lib/event-target.js:220:9)
          at WebSocket.emit (node:events:524:28)
          at WebSocket.emitClose (/data/Workspace/helios/starwards/node_modules/colyseus.js/node_modules/ws/lib/websocket.js:272:10)
          at Socket.socketOnClose (/data/Workspace/helios/starwards/node_modules/colyseus.js/node_modules/ws/lib/websocket.js:1341:15)
          at Socket.emit (node:events:524:28)
          at TCP.<anonymous> (node:net:343:12)

      at ConnectionManager.onConnectionError (modules/core/src/client/connection-manager.ts:144:21)
          at Array.forEach (<anonymous>)

    console.log
      connection error: TypeError: Cannot read properties of undefined (reading 'decoder')
          at wireEvents (/data/Workspace/helios/starwards/node_modules/colyseus-events/src/wire-events.ts:30:40)
          at /data/Workspace/helios/starwards/modules/core/src/client/admin.ts:20:5
          at processTicksAndRejections (node:internal/process/task_queues:95:5)
          at /data/Workspace/helios/starwards/modules/core/src/client/connection-manager.ts:131:21

      at ConnectionManager.onConnectionError (modules/core/src/client/connection-manager.ts:144:21)

    console.log
      connection error: Error: disconnected from server
          at EventEmitter.<anonymous> (/data/Workspace/helios/starwards/modules/core/src/client/driver.ts:53:58)
          at /data/Workspace/helios/starwards/node_modules/colyseus.js/src/core/signal.ts:15:48
          at Array.forEach (<anonymous>)
          at EventEmitter.invoke (/data/Workspace/helios/starwards/node_modules/colyseus.js/src/core/signal.ts:15:19)
          at Function.register.invoke (/data/Workspace/helios/starwards/node_modules/colyseus.js/src/core/signal.ts:57:81)
          at WebSocket.connection.events.onclose (/data/Workspace/helios/starwards/node_modules/colyseus.js/src/Room.ts:89:30)
          at callListener (/data/Workspace/helios/starwards/node_modules/colyseus.js/node_modules/ws/lib/event-target.js:290:14)
          at WebSocket.onClose (/data/Workspace/helios/starwards/node_modules/colyseus.js/node_modules/ws/lib/event-target.js:220:9)
          at WebSocket.emit (node:events:524:28)
          at WebSocket.emitClose (/data/Workspace/helios/starwards/node_modules/colyseus.js/node_modules/ws/lib/websocket.js:272:10)
          at Socket.socketOnClose (/data/Workspace/helios/starwards/node_modules/colyseus.js/node_modules/ws/lib/websocket.js:1341:15)
          at Socket.emit (node:events:524:28)
          at TCP.<anonymous> (node:net:343:12)

      at ConnectionManager.onConnectionError (modules/core/src/client/connection-manager.ts:144:21)
          at Array.forEach (<anonymous>)

    console.log
      connection error: TypeError: Cannot read properties of undefined (reading 'decoder')
          at wireEvents (/data/Workspace/helios/starwards/node_modules/colyseus-events/src/wire-events.ts:30:40)
          at /data/Workspace/helios/starwards/modules/core/src/client/admin.ts:20:5
          at processTicksAndRejections (node:internal/process/task_queues:95:5)
          at /data/Workspace/helios/starwards/modules/core/src/client/connection-manager.ts:131:21

      at ConnectionManager.onConnectionError (modules/core/src/client/connection-manager.ts:144:21)

    console.log
      connection error: Error: disconnected from server
          at EventEmitter.<anonymous> (/data/Workspace/helios/starwards/modules/core/src/client/driver.ts:53:58)
          at /data/Workspace/helios/starwards/node_modules/colyseus.js/src/core/signal.ts:15:48
          at Array.forEach (<anonymous>)
          at EventEmitter.invoke (/data/Workspace/helios/starwards/node_modules/colyseus.js/src/core/signal.ts:15:19)
          at Function.register.invoke (/data/Workspace/helios/starwards/node_modules/colyseus.js/src/core/signal.ts:57:81)
          at WebSocket.connection.events.onclose (/data/Workspace/helios/starwards/node_modules/colyseus.js/src/Room.ts:89:30)
          at callListener (/data/Workspace/helios/starwards/node_modules/colyseus.js/node_modules/ws/lib/event-target.js:290:14)
          at WebSocket.onClose (/data/Workspace/helios/starwards/node_modules/colyseus.js/node_modules/ws/lib/event-target.js:220:9)
          at WebSocket.emit (node:events:524:28)
          at WebSocket.emitClose (/data/Workspace/helios/starwards/node_modules/colyseus.js/node_modules/ws/lib/websocket.js:272:10)
          at Socket.socketOnClose (/data/Workspace/helios/starwards/node_modules/colyseus.js/node_modules/ws/lib/websocket.js:1341:15)
          at Socket.emit (node:events:524:28)
          at TCP.<anonymous> (node:net:343:12)

      at ConnectionManager.onConnectionError (modules/core/src/client/connection-manager.ts:144:21)
          at Array.forEach (<anonymous>)

    console.log
      connection error: TypeError: Cannot read properties of undefined (reading 'decoder')
          at wireEvents (/data/Workspace/helios/starwards/node_modules/colyseus-events/src/wire-events.ts:30:40)
          at /data/Workspace/helios/starwards/modules/core/src/client/admin.ts:20:5
          at processTicksAndRejections (node:internal/process/task_queues:95:5)
          at /data/Workspace/helios/starwards/modules/core/src/client/connection-manager.ts:131:21

      at ConnectionManager.onConnectionError (modules/core/src/client/connection-manager.ts:144:21)

    console.log
      connection error: Error: disconnected from server
          at EventEmitter.<anonymous> (/data/Workspace/helios/starwards/modules/core/src/client/driver.ts:53:58)
          at /data/Workspace/helios/starwards/node_modules/colyseus.js/src/core/signal.ts:15:48
          at Array.forEach (<anonymous>)
          at EventEmitter.invoke (/data/Workspace/helios/starwards/node_modules/colyseus.js/src/core/signal.ts:15:19)
          at Function.register.invoke (/data/Workspace/helios/starwards/node_modules/colyseus.js/src/core/signal.ts:57:81)
          at WebSocket.connection.events.onclose (/data/Workspace/helios/starwards/node_modules/colyseus.js/src/Room.ts:89:30)
          at callListener (/data/Workspace/helios/starwards/node_modules/colyseus.js/node_modules/ws/lib/event-target.js:290:14)
          at WebSocket.onClose (/data/Workspace/helios/starwards/node_modules/colyseus.js/node_modules/ws/lib/event-target.js:220:9)
          at WebSocket.emit (node:events:524:28)
          at WebSocket.emitClose (/data/Workspace/helios/starwards/node_modules/colyseus.js/node_modules/ws/lib/websocket.js:272:10)
          at Socket.socketOnClose (/data/Workspace/helios/starwards/node_modules/colyseus.js/node_modules/ws/lib/websocket.js:1341:15)
          at Socket.emit (node:events:524:28)
          at TCP.<anonymous> (node:net:343:12)

      at ConnectionManager.onConnectionError (modules/core/src/client/connection-manager.ts:144:21)
          at Array.forEach (<anonymous>)

    console.log
      connection error: TypeError: Cannot read properties of undefined (reading 'decoder')
          at wireEvents (/data/Workspace/helios/starwards/node_modules/colyseus-events/src/wire-events.ts:30:40)
          at /data/Workspace/helios/starwards/modules/core/src/client/admin.ts:20:5
          at processTicksAndRejections (node:internal/process/task_queues:95:5)
          at /data/Workspace/helios/starwards/modules/core/src/client/connection-manager.ts:131:21

      at ConnectionManager.onConnectionError (modules/core/src/client/connection-manager.ts:144:21)

    console.log
      connection error: Error: disconnected from server
          at EventEmitter.<anonymous> (/data/Workspace/helios/starwards/modules/core/src/client/driver.ts:53:58)
          at /data/Workspace/helios/starwards/node_modules/colyseus.js/src/core/signal.ts:15:48
          at Array.forEach (<anonymous>)
          at EventEmitter.invoke (/data/Workspace/helios/starwards/node_modules/colyseus.js/src/core/signal.ts:15:19)
          at Function.register.invoke (/data/Workspace/helios/starwards/node_modules/colyseus.js/src/core/signal.ts:57:81)
          at WebSocket.connection.events.onclose (/data/Workspace/helios/starwards/node_modules/colyseus.js/src/Room.ts:89:30)
          at callListener (/data/Workspace/helios/starwards/node_modules/colyseus.js/node_modules/ws/lib/event-target.js:290:14)
          at WebSocket.onClose (/data/Workspace/helios/starwards/node_modules/colyseus.js/node_modules/ws/lib/event-target.js:220:9)
          at WebSocket.emit (node:events:524:28)
          at WebSocket.emitClose (/data/Workspace/helios/starwards/node_modules/colyseus.js/node_modules/ws/lib/websocket.js:272:10)
          at Socket.socketOnClose (/data/Workspace/helios/starwards/node_modules/colyseus.js/node_modules/ws/lib/websocket.js:1341:15)
          at Socket.emit (node:events:524:28)
          at TCP.<anonymous> (node:net:343:12)

      at ConnectionManager.onConnectionError (modules/core/src/client/connection-manager.ts:144:21)
          at Array.forEach (<anonymous>)

    console.log
      connection error: TypeError: Cannot read properties of undefined (reading 'decoder')
          at wireEvents (/data/Workspace/helios/starwards/node_modules/colyseus-events/src/wire-events.ts:30:40)
          at /data/Workspace/helios/starwards/modules/core/src/client/admin.ts:20:5
          at processTicksAndRejections (node:internal/process/task_queues:95:5)
          at /data/Workspace/helios/starwards/modules/core/src/client/connection-manager.ts:131:21

      at ConnectionManager.onConnectionError (modules/core/src/client/connection-manager.ts:144:21)

    console.log
      connection error: Error: disconnected from server
          at EventEmitter.<anonymous> (/data/Workspace/helios/starwards/modules/core/src/client/driver.ts:53:58)
          at /data/Workspace/helios/starwards/node_modules/colyseus.js/src/core/signal.ts:15:48
          at Array.forEach (<anonymous>)
          at EventEmitter.invoke (/data/Workspace/helios/starwards/node_modules/colyseus.js/src/core/signal.ts:15:19)
          at Function.register.invoke (/data/Workspace/helios/starwards/node_modules/colyseus.js/src/core/signal.ts:57:81)
          at WebSocket.connection.events.onclose (/data/Workspace/helios/starwards/node_modules/colyseus.js/src/Room.ts:89:30)
          at callListener (/data/Workspace/helios/starwards/node_modules/colyseus.js/node_modules/ws/lib/event-target.js:290:14)
          at WebSocket.onClose (/data/Workspace/helios/starwards/node_modules/colyseus.js/node_modules/ws/lib/event-target.js:220:9)
          at WebSocket.emit (node:events:524:28)
          at WebSocket.emitClose (/data/Workspace/helios/starwards/node_modules/colyseus.js/node_modules/ws/lib/websocket.js:272:10)
          at Socket.socketOnClose (/data/Workspace/helios/starwards/node_modules/colyseus.js/node_modules/ws/lib/websocket.js:1341:15)
          at Socket.emit (node:events:524:28)
          at TCP.<anonymous> (node:net:343:12)

      at ConnectionManager.onConnectionError (modules/core/src/client/connection-manager.ts:144:21)
          at Array.forEach (<anonymous>)

    console.log
      connection error: TypeError: Cannot read properties of undefined (reading 'decoder')
          at wireEvents (/data/Workspace/helios/starwards/node_modules/colyseus-events/src/wire-events.ts:30:40)
          at /data/Workspace/helios/starwards/modules/core/src/client/admin.ts:20:5
          at processTicksAndRejections (node:internal/process/task_queues:95:5)
          at /data/Workspace/helios/starwards/modules/core/src/client/connection-manager.ts:131:21

      at ConnectionManager.onConnectionError (modules/core/src/client/connection-manager.ts:144:21)

    console.log
      connection error: Error: disconnected from server
          at EventEmitter.<anonymous> (/data/Workspace/helios/starwards/modules/core/src/client/driver.ts:53:58)
          at /data/Workspace/helios/starwards/node_modules/colyseus.js/src/core/signal.ts:15:48
          at Array.forEach (<anonymous>)
          at EventEmitter.invoke (/data/Workspace/helios/starwards/node_modules/colyseus.js/src/core/signal.ts:15:19)
          at Function.register.invoke (/data/Workspace/helios/starwards/node_modules/colyseus.js/src/core/signal.ts:57:81)
          at WebSocket.connection.events.onclose (/data/Workspace/helios/starwards/node_modules/colyseus.js/src/Room.ts:89:30)
          at callListener (/data/Workspace/helios/starwards/node_modules/colyseus.js/node_modules/ws/lib/event-target.js:290:14)
          at WebSocket.onClose (/data/Workspace/helios/starwards/node_modules/colyseus.js/node_modules/ws/lib/event-target.js:220:9)
          at WebSocket.emit (node:events:524:28)
          at WebSocket.emitClose (/data/Workspace/helios/starwards/node_modules/colyseus.js/node_modules/ws/lib/websocket.js:272:10)
          at Socket.socketOnClose (/data/Workspace/helios/starwards/node_modules/colyseus.js/node_modules/ws/lib/websocket.js:1341:15)
          at Socket.emit (node:events:524:28)
          at TCP.<anonymous> (node:net:343:12)

      at ConnectionManager.onConnectionError (modules/core/src/client/connection-manager.ts:144:21)
          at Array.forEach (<anonymous>)

    console.log
      connection error: TypeError: Cannot read properties of undefined (reading 'decoder')
          at wireEvents (/data/Workspace/helios/starwards/node_modules/colyseus-events/src/wire-events.ts:30:40)
          at /data/Workspace/helios/starwards/modules/core/src/client/admin.ts:20:5
          at processTicksAndRejections (node:internal/process/task_queues:95:5)
          at /data/Workspace/helios/starwards/modules/core/src/client/connection-manager.ts:131:21

      at ConnectionManager.onConnectionError (modules/core/src/client/connection-manager.ts:144:21)

    console.log
      connection error: Error: disconnected from server
          at EventEmitter.<anonymous> (/data/Workspace/helios/starwards/modules/core/src/client/driver.ts:53:58)
          at /data/Workspace/helios/starwards/node_modules/colyseus.js/src/core/signal.ts:15:48
          at Array.forEach (<anonymous>)
          at EventEmitter.invoke (/data/Workspace/helios/starwards/node_modules/colyseus.js/src/core/signal.ts:15:19)
          at Function.register.invoke (/data/Workspace/helios/starwards/node_modules/colyseus.js/src/core/signal.ts:57:81)
          at WebSocket.connection.events.onclose (/data/Workspace/helios/starwards/node_modules/colyseus.js/src/Room.ts:89:30)
          at callListener (/data/Workspace/helios/starwards/node_modules/colyseus.js/node_modules/ws/lib/event-target.js:290:14)
          at WebSocket.onClose (/data/Workspace/helios/starwards/node_modules/colyseus.js/node_modules/ws/lib/event-target.js:220:9)
          at WebSocket.emit (node:events:524:28)
          at WebSocket.emitClose (/data/Workspace/helios/starwards/node_modules/colyseus.js/node_modules/ws/lib/websocket.js:272:10)
          at Socket.socketOnClose (/data/Workspace/helios/starwards/node_modules/colyseus.js/node_modules/ws/lib/websocket.js:1341:15)
          at Socket.emit (node:events:524:28)
          at TCP.<anonymous> (node:net:343:12)

      at ConnectionManager.onConnectionError (modules/core/src/client/connection-manager.ts:144:21)
          at Array.forEach (<anonymous>)

    console.log
      connection error: TypeError: Cannot read properties of undefined (reading 'decoder')
          at wireEvents (/data/Workspace/helios/starwards/node_modules/colyseus-events/src/wire-events.ts:30:40)
          at /data/Workspace/helios/starwards/modules/core/src/client/admin.ts:20:5
          at processTicksAndRejections (node:internal/process/task_queues:95:5)
          at /data/Workspace/helios/starwards/modules/core/src/client/connection-manager.ts:131:21

      at ConnectionManager.onConnectionError (modules/core/src/client/connection-manager.ts:144:21)

    console.log
      connection error: Error: disconnected from server
          at EventEmitter.<anonymous> (/data/Workspace/helios/starwards/modules/core/src/client/driver.ts:53:58)
          at /data/Workspace/helios/starwards/node_modules/colyseus.js/src/core/signal.ts:15:48
          at Array.forEach (<anonymous>)
          at EventEmitter.invoke (/data/Workspace/helios/starwards/node_modules/colyseus.js/src/core/signal.ts:15:19)
          at Function.register.invoke (/data/Workspace/helios/starwards/node_modules/colyseus.js/src/core/signal.ts:57:81)
          at WebSocket.connection.events.onclose (/data/Workspace/helios/starwards/node_modules/colyseus.js/src/Room.ts:89:30)
          at callListener (/data/Workspace/helios/starwards/node_modules/colyseus.js/node_modules/ws/lib/event-target.js:290:14)
          at WebSocket.onClose (/data/Workspace/helios/starwards/node_modules/colyseus.js/node_modules/ws/lib/event-target.js:220:9)
          at WebSocket.emit (node:events:524:28)
          at WebSocket.emitClose (/data/Workspace/helios/starwards/node_modules/colyseus.js/node_modules/ws/lib/websocket.js:272:10)
          at Socket.socketOnClose (/data/Workspace/helios/starwards/node_modules/colyseus.js/node_modules/ws/lib/websocket.js:1341:15)
          at Socket.emit (node:events:524:28)
          at TCP.<anonymous> (node:net:343:12)

      at ConnectionManager.onConnectionError (modules/core/src/client/connection-manager.ts:144:21)
          at Array.forEach (<anonymous>)

    console.log
      connection error: TypeError: Cannot read properties of undefined (reading 'decoder')
          at wireEvents (/data/Workspace/helios/starwards/node_modules/colyseus-events/src/wire-events.ts:30:40)
          at /data/Workspace/helios/starwards/modules/core/src/client/admin.ts:20:5
          at processTicksAndRejections (node:internal/process/task_queues:95:5)
          at /data/Workspace/helios/starwards/modules/core/src/client/connection-manager.ts:131:21

      at ConnectionManager.onConnectionError (modules/core/src/client/connection-manager.ts:144:21)

    console.log
      connection error: Error: disconnected from server
          at EventEmitter.<anonymous> (/data/Workspace/helios/starwards/modules/core/src/client/driver.ts:53:58)
          at /data/Workspace/helios/starwards/node_modules/colyseus.js/src/core/signal.ts:15:48
          at Array.forEach (<anonymous>)
          at EventEmitter.invoke (/data/Workspace/helios/starwards/node_modules/colyseus.js/src/core/signal.ts:15:19)
          at Function.register.invoke (/data/Workspace/helios/starwards/node_modules/colyseus.js/src/core/signal.ts:57:81)
          at WebSocket.connection.events.onclose (/data/Workspace/helios/starwards/node_modules/colyseus.js/src/Room.ts:89:30)
          at callListener (/data/Workspace/helios/starwards/node_modules/colyseus.js/node_modules/ws/lib/event-target.js:290:14)
          at WebSocket.onClose (/data/Workspace/helios/starwards/node_modules/colyseus.js/node_modules/ws/lib/event-target.js:220:9)
          at WebSocket.emit (node:events:524:28)
          at WebSocket.emitClose (/data/Workspace/helios/starwards/node_modules/colyseus.js/node_modules/ws/lib/websocket.js:272:10)
          at Socket.socketOnClose (/data/Workspace/helios/starwards/node_modules/colyseus.js/node_modules/ws/lib/websocket.js:1341:15)
          at Socket.emit (node:events:524:28)
          at TCP.<anonymous> (node:net:343:12)

      at ConnectionManager.onConnectionError (modules/core/src/client/connection-manager.ts:144:21)
          at Array.forEach (<anonymous>)

    console.log
      connection error: TypeError: Cannot read properties of undefined (reading 'decoder')
          at wireEvents (/data/Workspace/helios/starwards/node_modules/colyseus-events/src/wire-events.ts:30:40)
          at /data/Workspace/helios/starwards/modules/core/src/client/admin.ts:20:5
          at processTicksAndRejections (node:internal/process/task_queues:95:5)
          at /data/Workspace/helios/starwards/modules/core/src/client/connection-manager.ts:131:21

      at ConnectionManager.onConnectionError (modules/core/src/client/connection-manager.ts:144:21)

    console.log
      connection error: Error: disconnected from server
          at EventEmitter.<anonymous> (/data/Workspace/helios/starwards/modules/core/src/client/driver.ts:53:58)
          at /data/Workspace/helios/starwards/node_modules/colyseus.js/src/core/signal.ts:15:48
          at Array.forEach (<anonymous>)
          at EventEmitter.invoke (/data/Workspace/helios/starwards/node_modules/colyseus.js/src/core/signal.ts:15:19)
          at Function.register.invoke (/data/Workspace/helios/starwards/node_modules/colyseus.js/src/core/signal.ts:57:81)
          at WebSocket.connection.events.onclose (/data/Workspace/helios/starwards/node_modules/colyseus.js/src/Room.ts:89:30)
          at callListener (/data/Workspace/helios/starwards/node_modules/colyseus.js/node_modules/ws/lib/event-target.js:290:14)
          at WebSocket.onClose (/data/Workspace/helios/starwards/node_modules/colyseus.js/node_modules/ws/lib/event-target.js:220:9)
          at WebSocket.emit (node:events:524:28)
          at WebSocket.emitClose (/data/Workspace/helios/starwards/node_modules/colyseus.js/node_modules/ws/lib/websocket.js:272:10)
          at Socket.socketOnClose (/data/Workspace/helios/starwards/node_modules/colyseus.js/node_modules/ws/lib/websocket.js:1341:15)
          at Socket.emit (node:events:524:28)
          at TCP.<anonymous> (node:net:343:12)

      at ConnectionManager.onConnectionError (modules/core/src/client/connection-manager.ts:144:21)
          at Array.forEach (<anonymous>)

    console.log
      connection error: TypeError: Cannot read properties of undefined (reading 'decoder')
          at wireEvents (/data/Workspace/helios/starwards/node_modules/colyseus-events/src/wire-events.ts:30:40)
          at /data/Workspace/helios/starwards/modules/core/src/client/admin.ts:20:5
          at processTicksAndRejections (node:internal/process/task_queues:95:5)
          at /data/Workspace/helios/starwards/modules/core/src/client/connection-manager.ts:131:21

      at ConnectionManager.onConnectionError (modules/core/src/client/connection-manager.ts:144:21)

    console.log
      connection error: Error: disconnected from server
          at EventEmitter.<anonymous> (/data/Workspace/helios/starwards/modules/core/src/client/driver.ts:53:58)
          at /data/Workspace/helios/starwards/node_modules/colyseus.js/src/core/signal.ts:15:48
          at Array.forEach (<anonymous>)
          at EventEmitter.invoke (/data/Workspace/helios/starwards/node_modules/colyseus.js/src/core/signal.ts:15:19)
          at Function.register.invoke (/data/Workspace/helios/starwards/node_modules/colyseus.js/src/core/signal.ts:57:81)
          at WebSocket.connection.events.onclose (/data/Workspace/helios/starwards/node_modules/colyseus.js/src/Room.ts:89:30)
          at callListener (/data/Workspace/helios/starwards/node_modules/colyseus.js/node_modules/ws/lib/event-target.js:290:14)
          at WebSocket.onClose (/data/Workspace/helios/starwards/node_modules/colyseus.js/node_modules/ws/lib/event-target.js:220:9)
          at WebSocket.emit (node:events:524:28)
          at WebSocket.emitClose (/data/Workspace/helios/starwards/node_modules/colyseus.js/node_modules/ws/lib/websocket.js:272:10)
          at Socket.socketOnClose (/data/Workspace/helios/starwards/node_modules/colyseus.js/node_modules/ws/lib/websocket.js:1341:15)
          at Socket.emit (node:events:524:28)
          at TCP.<anonymous> (node:net:343:12)

      at ConnectionManager.onConnectionError (modules/core/src/client/connection-manager.ts:144:21)
          at Array.forEach (<anonymous>)

    console.log
      connection error: TypeError: Cannot read properties of undefined (reading 'decoder')
          at wireEvents (/data/Workspace/helios/starwards/node_modules/colyseus-events/src/wire-events.ts:30:40)
          at /data/Workspace/helios/starwards/modules/core/src/client/admin.ts:20:5
          at processTicksAndRejections (node:internal/process/task_queues:95:5)
          at /data/Workspace/helios/starwards/modules/core/src/client/connection-manager.ts:131:21

      at ConnectionManager.onConnectionError (modules/core/src/client/connection-manager.ts:144:21)

    console.log
      connection error: Error: disconnected from server
          at EventEmitter.<anonymous> (/data/Workspace/helios/starwards/modules/core/src/client/driver.ts:53:58)
          at /data/Workspace/helios/starwards/node_modules/colyseus.js/src/core/signal.ts:15:48
          at Array.forEach (<anonymous>)
          at EventEmitter.invoke (/data/Workspace/helios/starwards/node_modules/colyseus.js/src/core/signal.ts:15:19)
          at Function.register.invoke (/data/Workspace/helios/starwards/node_modules/colyseus.js/src/core/signal.ts:57:81)
          at WebSocket.connection.events.onclose (/data/Workspace/helios/starwards/node_modules/colyseus.js/src/Room.ts:89:30)
          at callListener (/data/Workspace/helios/starwards/node_modules/colyseus.js/node_modules/ws/lib/event-target.js:290:14)
          at WebSocket.onClose (/data/Workspace/helios/starwards/node_modules/colyseus.js/node_modules/ws/lib/event-target.js:220:9)
          at WebSocket.emit (node:events:524:28)
          at WebSocket.emitClose (/data/Workspace/helios/starwards/node_modules/colyseus.js/node_modules/ws/lib/websocket.js:272:10)
          at Socket.socketOnClose (/data/Workspace/helios/starwards/node_modules/colyseus.js/node_modules/ws/lib/websocket.js:1341:15)
          at Socket.emit (node:events:524:28)
          at TCP.<anonymous> (node:net:343:12)

      at ConnectionManager.onConnectionError (modules/core/src/client/connection-manager.ts:144:21)
          at Array.forEach (<anonymous>)

    console.log
      connection error: TypeError: Cannot read properties of undefined (reading 'decoder')
          at wireEvents (/data/Workspace/helios/starwards/node_modules/colyseus-events/src/wire-events.ts:30:40)
          at /data/Workspace/helios/starwards/modules/core/src/client/admin.ts:20:5
          at processTicksAndRejections (node:internal/process/task_queues:95:5)
          at /data/Workspace/helios/starwards/modules/core/src/client/connection-manager.ts:131:21

      at ConnectionManager.onConnectionError (modules/core/src/client/connection-manager.ts:144:21)

    console.log
      connection error: Error: disconnected from server
          at EventEmitter.<anonymous> (/data/Workspace/helios/starwards/modules/core/src/client/driver.ts:53:58)
          at /data/Workspace/helios/starwards/node_modules/colyseus.js/src/core/signal.ts:15:48
          at Array.forEach (<anonymous>)
          at EventEmitter.invoke (/data/Workspace/helios/starwards/node_modules/colyseus.js/src/core/signal.ts:15:19)
          at Function.register.invoke (/data/Workspace/helios/starwards/node_modules/colyseus.js/src/core/signal.ts:57:81)
          at WebSocket.connection.events.onclose (/data/Workspace/helios/starwards/node_modules/colyseus.js/src/Room.ts:89:30)
          at callListener (/data/Workspace/helios/starwards/node_modules/colyseus.js/node_modules/ws/lib/event-target.js:290:14)
          at WebSocket.onClose (/data/Workspace/helios/starwards/node_modules/colyseus.js/node_modules/ws/lib/event-target.js:220:9)
          at WebSocket.emit (node:events:524:28)
          at WebSocket.emitClose (/data/Workspace/helios/starwards/node_modules/colyseus.js/node_modules/ws/lib/websocket.js:272:10)
          at Socket.socketOnClose (/data/Workspace/helios/starwards/node_modules/colyseus.js/node_modules/ws/lib/websocket.js:1341:15)
          at Socket.emit (node:events:524:28)
          at TCP.<anonymous> (node:net:343:12)

      at ConnectionManager.onConnectionError (modules/core/src/client/connection-manager.ts:144:21)
          at Array.forEach (<anonymous>)

    console.log
      connection error: TypeError: Cannot read properties of undefined (reading 'decoder')
          at wireEvents (/data/Workspace/helios/starwards/node_modules/colyseus-events/src/wire-events.ts:30:40)
          at /data/Workspace/helios/starwards/modules/core/src/client/admin.ts:20:5
          at processTicksAndRejections (node:internal/process/task_queues:95:5)
          at /data/Workspace/helios/starwards/modules/core/src/client/connection-manager.ts:131:21

      at ConnectionManager.onConnectionError (modules/core/src/client/connection-manager.ts:144:21)

    console.log
      connection error: Error: disconnected from server
          at EventEmitter.<anonymous> (/data/Workspace/helios/starwards/modules/core/src/client/driver.ts:53:58)
          at /data/Workspace/helios/starwards/node_modules/colyseus.js/src/core/signal.ts:15:48
          at Array.forEach (<anonymous>)
          at EventEmitter.invoke (/data/Workspace/helios/starwards/node_modules/colyseus.js/src/core/signal.ts:15:19)
          at Function.register.invoke (/data/Workspace/helios/starwards/node_modules/colyseus.js/src/core/signal.ts:57:81)
          at WebSocket.connection.events.onclose (/data/Workspace/helios/starwards/node_modules/colyseus.js/src/Room.ts:89:30)
          at callListener (/data/Workspace/helios/starwards/node_modules/colyseus.js/node_modules/ws/lib/event-target.js:290:14)
          at WebSocket.onClose (/data/Workspace/helios/starwards/node_modules/colyseus.js/node_modules/ws/lib/event-target.js:220:9)
          at WebSocket.emit (node:events:524:28)
          at WebSocket.emitClose (/data/Workspace/helios/starwards/node_modules/colyseus.js/node_modules/ws/lib/websocket.js:272:10)
          at Socket.socketOnClose (/data/Workspace/helios/starwards/node_modules/colyseus.js/node_modules/ws/lib/websocket.js:1341:15)
          at Socket.emit (node:events:524:28)
          at TCP.<anonymous> (node:net:343:12)

      at ConnectionManager.onConnectionError (modules/core/src/client/connection-manager.ts:144:21)
          at Array.forEach (<anonymous>)

    console.log
      connection error: TypeError: Cannot read properties of undefined (reading 'decoder')
          at wireEvents (/data/Workspace/helios/starwards/node_modules/colyseus-events/src/wire-events.ts:30:40)
          at /data/Workspace/helios/starwards/modules/core/src/client/admin.ts:20:5
          at processTicksAndRejections (node:internal/process/task_queues:95:5)
          at /data/Workspace/helios/starwards/modules/core/src/client/connection-manager.ts:131:21

      at ConnectionManager.onConnectionError (modules/core/src/client/connection-manager.ts:144:21)

    console.log
      connection error: Error: disconnected from server
          at EventEmitter.<anonymous> (/data/Workspace/helios/starwards/modules/core/src/client/driver.ts:53:58)
          at /data/Workspace/helios/starwards/node_modules/colyseus.js/src/core/signal.ts:15:48
          at Array.forEach (<anonymous>)
          at EventEmitter.invoke (/data/Workspace/helios/starwards/node_modules/colyseus.js/src/core/signal.ts:15:19)
          at Function.register.invoke (/data/Workspace/helios/starwards/node_modules/colyseus.js/src/core/signal.ts:57:81)
          at WebSocket.connection.events.onclose (/data/Workspace/helios/starwards/node_modules/colyseus.js/src/Room.ts:89:30)
          at callListener (/data/Workspace/helios/starwards/node_modules/colyseus.js/node_modules/ws/lib/event-target.js:290:14)
          at WebSocket.onClose (/data/Workspace/helios/starwards/node_modules/colyseus.js/node_modules/ws/lib/event-target.js:220:9)
          at WebSocket.emit (node:events:524:28)
          at WebSocket.emitClose (/data/Workspace/helios/starwards/node_modules/colyseus.js/node_modules/ws/lib/websocket.js:272:10)
          at Socket.socketOnClose (/data/Workspace/helios/starwards/node_modules/colyseus.js/node_modules/ws/lib/websocket.js:1341:15)
          at Socket.emit (node:events:524:28)
          at TCP.<anonymous> (node:net:343:12)

      at ConnectionManager.onConnectionError (modules/core/src/client/connection-manager.ts:144:21)
          at Array.forEach (<anonymous>)

    console.log
      connection error: TypeError: Cannot read properties of undefined (reading 'decoder')
          at wireEvents (/data/Workspace/helios/starwards/node_modules/colyseus-events/src/wire-events.ts:30:40)
          at /data/Workspace/helios/starwards/modules/core/src/client/admin.ts:20:5
          at processTicksAndRejections (node:internal/process/task_queues:95:5)
          at /data/Workspace/helios/starwards/modules/core/src/client/connection-manager.ts:131:21

      at ConnectionManager.onConnectionError (modules/core/src/client/connection-manager.ts:144:21)

    console.log
      connection error: Error: disconnected from server
          at EventEmitter.<anonymous> (/data/Workspace/helios/starwards/modules/core/src/client/driver.ts:53:58)
          at /data/Workspace/helios/starwards/node_modules/colyseus.js/src/core/signal.ts:15:48
          at Array.forEach (<anonymous>)
          at EventEmitter.invoke (/data/Workspace/helios/starwards/node_modules/colyseus.js/src/core/signal.ts:15:19)
          at Function.register.invoke (/data/Workspace/helios/starwards/node_modules/colyseus.js/src/core/signal.ts:57:81)
          at WebSocket.connection.events.onclose (/data/Workspace/helios/starwards/node_modules/colyseus.js/src/Room.ts:89:30)
          at callListener (/data/Workspace/helios/starwards/node_modules/colyseus.js/node_modules/ws/lib/event-target.js:290:14)
          at WebSocket.onClose (/data/Workspace/helios/starwards/node_modules/colyseus.js/node_modules/ws/lib/event-target.js:220:9)
          at WebSocket.emit (node:events:524:28)
          at WebSocket.emitClose (/data/Workspace/helios/starwards/node_modules/colyseus.js/node_modules/ws/lib/websocket.js:272:10)
          at Socket.socketOnClose (/data/Workspace/helios/starwards/node_modules/colyseus.js/node_modules/ws/lib/websocket.js:1341:15)
          at Socket.emit (node:events:524:28)
          at TCP.<anonymous> (node:net:343:12)

      at ConnectionManager.onConnectionError (modules/core/src/client/connection-manager.ts:144:21)
          at Array.forEach (<anonymous>)

    console.log
      connection error: TypeError: Cannot read properties of undefined (reading 'decoder')
          at wireEvents (/data/Workspace/helios/starwards/node_modules/colyseus-events/src/wire-events.ts:30:40)
          at /data/Workspace/helios/starwards/modules/core/src/client/admin.ts:20:5
          at processTicksAndRejections (node:internal/process/task_queues:95:5)
          at /data/Workspace/helios/starwards/modules/core/src/client/connection-manager.ts:131:21

      at ConnectionManager.onConnectionError (modules/core/src/client/connection-manager.ts:144:21)

    console.log
      connection error: Error: disconnected from server
          at EventEmitter.<anonymous> (/data/Workspace/helios/starwards/modules/core/src/client/driver.ts:53:58)
          at /data/Workspace/helios/starwards/node_modules/colyseus.js/src/core/signal.ts:15:48
          at Array.forEach (<anonymous>)
          at EventEmitter.invoke (/data/Workspace/helios/starwards/node_modules/colyseus.js/src/core/signal.ts:15:19)
          at Function.register.invoke (/data/Workspace/helios/starwards/node_modules/colyseus.js/src/core/signal.ts:57:81)
          at WebSocket.connection.events.onclose (/data/Workspace/helios/starwards/node_modules/colyseus.js/src/Room.ts:89:30)
          at callListener (/data/Workspace/helios/starwards/node_modules/colyseus.js/node_modules/ws/lib/event-target.js:290:14)
          at WebSocket.onClose (/data/Workspace/helios/starwards/node_modules/colyseus.js/node_modules/ws/lib/event-target.js:220:9)
          at WebSocket.emit (node:events:524:28)
          at WebSocket.emitClose (/data/Workspace/helios/starwards/node_modules/colyseus.js/node_modules/ws/lib/websocket.js:272:10)
          at Socket.socketOnClose (/data/Workspace/helios/starwards/node_modules/colyseus.js/node_modules/ws/lib/websocket.js:1341:15)
          at Socket.emit (node:events:524:28)
          at TCP.<anonymous> (node:net:343:12)

      at ConnectionManager.onConnectionError (modules/core/src/client/connection-manager.ts:144:21)
          at Array.forEach (<anonymous>)

    console.log
      connection error: TypeError: Cannot read properties of undefined (reading 'decoder')
          at wireEvents (/data/Workspace/helios/starwards/node_modules/colyseus-events/src/wire-events.ts:30:40)
          at /data/Workspace/helios/starwards/modules/core/src/client/admin.ts:20:5
          at processTicksAndRejections (node:internal/process/task_queues:95:5)
          at /data/Workspace/helios/starwards/modules/core/src/client/connection-manager.ts:131:21

      at ConnectionManager.onConnectionError (modules/core/src/client/connection-manager.ts:144:21)

    console.log
      connection error: Error: disconnected from server
          at EventEmitter.<anonymous> (/data/Workspace/helios/starwards/modules/core/src/client/driver.ts:53:58)
          at /data/Workspace/helios/starwards/node_modules/colyseus.js/src/core/signal.ts:15:48
          at Array.forEach (<anonymous>)
          at EventEmitter.invoke (/data/Workspace/helios/starwards/node_modules/colyseus.js/src/core/signal.ts:15:19)
          at Function.register.invoke (/data/Workspace/helios/starwards/node_modules/colyseus.js/src/core/signal.ts:57:81)
          at WebSocket.connection.events.onclose (/data/Workspace/helios/starwards/node_modules/colyseus.js/src/Room.ts:89:30)
          at callListener (/data/Workspace/helios/starwards/node_modules/colyseus.js/node_modules/ws/lib/event-target.js:290:14)
          at WebSocket.onClose (/data/Workspace/helios/starwards/node_modules/colyseus.js/node_modules/ws/lib/event-target.js:220:9)
          at WebSocket.emit (node:events:524:28)
          at WebSocket.emitClose (/data/Workspace/helios/starwards/node_modules/colyseus.js/node_modules/ws/lib/websocket.js:272:10)
          at Socket.socketOnClose (/data/Workspace/helios/starwards/node_modules/colyseus.js/node_modules/ws/lib/websocket.js:1341:15)
          at Socket.emit (node:events:524:28)
          at TCP.<anonymous> (node:net:343:12)

      at ConnectionManager.onConnectionError (modules/core/src/client/connection-manager.ts:144:21)
          at Array.forEach (<anonymous>)

    console.log
      connection error: TypeError: Cannot read properties of undefined (reading 'decoder')
          at wireEvents (/data/Workspace/helios/starwards/node_modules/colyseus-events/src/wire-events.ts:30:40)
          at /data/Workspace/helios/starwards/modules/core/src/client/admin.ts:20:5
          at processTicksAndRejections (node:internal/process/task_queues:95:5)
          at /data/Workspace/helios/starwards/modules/core/src/client/connection-manager.ts:131:21

      at ConnectionManager.onConnectionError (modules/core/src/client/connection-manager.ts:144:21)

    console.log
      connection error: Error: disconnected from server
          at EventEmitter.<anonymous> (/data/Workspace/helios/starwards/modules/core/src/client/driver.ts:53:58)
          at /data/Workspace/helios/starwards/node_modules/colyseus.js/src/core/signal.ts:15:48
          at Array.forEach (<anonymous>)
          at EventEmitter.invoke (/data/Workspace/helios/starwards/node_modules/colyseus.js/src/core/signal.ts:15:19)
          at Function.register.invoke (/data/Workspace/helios/starwards/node_modules/colyseus.js/src/core/signal.ts:57:81)
          at WebSocket.connection.events.onclose (/data/Workspace/helios/starwards/node_modules/colyseus.js/src/Room.ts:89:30)
          at callListener (/data/Workspace/helios/starwards/node_modules/colyseus.js/node_modules/ws/lib/event-target.js:290:14)
          at WebSocket.onClose (/data/Workspace/helios/starwards/node_modules/colyseus.js/node_modules/ws/lib/event-target.js:220:9)
          at WebSocket.emit (node:events:524:28)
          at WebSocket.emitClose (/data/Workspace/helios/starwards/node_modules/colyseus.js/node_modules/ws/lib/websocket.js:272:10)
          at Socket.socketOnClose (/data/Workspace/helios/starwards/node_modules/colyseus.js/node_modules/ws/lib/websocket.js:1341:15)
          at Socket.emit (node:events:524:28)
          at TCP.<anonymous> (node:net:343:12)

      at ConnectionManager.onConnectionError (modules/core/src/client/connection-manager.ts:144:21)
          at Array.forEach (<anonymous>)

    console.log
      connection error: TypeError: Cannot read properties of undefined (reading 'decoder')
          at wireEvents (/data/Workspace/helios/starwards/node_modules/colyseus-events/src/wire-events.ts:30:40)
          at /data/Workspace/helios/starwards/modules/core/src/client/admin.ts:20:5
          at processTicksAndRejections (node:internal/process/task_queues:95:5)
          at /data/Workspace/helios/starwards/modules/core/src/client/connection-manager.ts:131:21

      at ConnectionManager.onConnectionError (modules/core/src/client/connection-manager.ts:144:21)

    console.log
      connection error: Error: disconnected from server
          at EventEmitter.<anonymous> (/data/Workspace/helios/starwards/modules/core/src/client/driver.ts:53:58)
          at /data/Workspace/helios/starwards/node_modules/colyseus.js/src/core/signal.ts:15:48
          at Array.forEach (<anonymous>)
          at EventEmitter.invoke (/data/Workspace/helios/starwards/node_modules/colyseus.js/src/core/signal.ts:15:19)
          at Function.register.invoke (/data/Workspace/helios/starwards/node_modules/colyseus.js/src/core/signal.ts:57:81)
          at WebSocket.connection.events.onclose (/data/Workspace/helios/starwards/node_modules/colyseus.js/src/Room.ts:89:30)
          at callListener (/data/Workspace/helios/starwards/node_modules/colyseus.js/node_modules/ws/lib/event-target.js:290:14)
          at WebSocket.onClose (/data/Workspace/helios/starwards/node_modules/colyseus.js/node_modules/ws/lib/event-target.js:220:9)
          at WebSocket.emit (node:events:524:28)
          at WebSocket.emitClose (/data/Workspace/helios/starwards/node_modules/colyseus.js/node_modules/ws/lib/websocket.js:272:10)
          at Socket.socketOnClose (/data/Workspace/helios/starwards/node_modules/colyseus.js/node_modules/ws/lib/websocket.js:1341:15)
          at Socket.emit (node:events:524:28)
          at TCP.<anonymous> (node:net:343:12)

      at ConnectionManager.onConnectionError (modules/core/src/client/connection-manager.ts:144:21)
          at Array.forEach (<anonymous>)

    console.log
      connection error: TypeError: Cannot read properties of undefined (reading 'decoder')
          at wireEvents (/data/Workspace/helios/starwards/node_modules/colyseus-events/src/wire-events.ts:30:40)
          at /data/Workspace/helios/starwards/modules/core/src/client/admin.ts:20:5
          at processTicksAndRejections (node:internal/process/task_queues:95:5)
          at /data/Workspace/helios/starwards/modules/core/src/client/connection-manager.ts:131:21

      at ConnectionManager.onConnectionError (modules/core/src/client/connection-manager.ts:144:21)

    console.log
      connection error: Error: disconnected from server
          at EventEmitter.<anonymous> (/data/Workspace/helios/starwards/modules/core/src/client/driver.ts:53:58)
          at /data/Workspace/helios/starwards/node_modules/colyseus.js/src/core/signal.ts:15:48
          at Array.forEach (<anonymous>)
          at EventEmitter.invoke (/data/Workspace/helios/starwards/node_modules/colyseus.js/src/core/signal.ts:15:19)
          at Function.register.invoke (/data/Workspace/helios/starwards/node_modules/colyseus.js/src/core/signal.ts:57:81)
          at WebSocket.connection.events.onclose (/data/Workspace/helios/starwards/node_modules/colyseus.js/src/Room.ts:89:30)
          at callListener (/data/Workspace/helios/starwards/node_modules/colyseus.js/node_modules/ws/lib/event-target.js:290:14)
          at WebSocket.onClose (/data/Workspace/helios/starwards/node_modules/colyseus.js/node_modules/ws/lib/event-target.js:220:9)
          at WebSocket.emit (node:events:524:28)
          at WebSocket.emitClose (/data/Workspace/helios/starwards/node_modules/colyseus.js/node_modules/ws/lib/websocket.js:272:10)
          at Socket.socketOnClose (/data/Workspace/helios/starwards/node_modules/colyseus.js/node_modules/ws/lib/websocket.js:1341:15)
          at Socket.emit (node:events:524:28)
          at TCP.<anonymous> (node:net:343:12)

      at ConnectionManager.onConnectionError (modules/core/src/client/connection-manager.ts:144:21)
          at Array.forEach (<anonymous>)

    console.log
      connection error: TypeError: Cannot read properties of undefined (reading 'decoder')
          at wireEvents (/data/Workspace/helios/starwards/node_modules/colyseus-events/src/wire-events.ts:30:40)
          at /data/Workspace/helios/starwards/modules/core/src/client/admin.ts:20:5
          at processTicksAndRejections (node:internal/process/task_queues:95:5)
          at /data/Workspace/helios/starwards/modules/core/src/client/connection-manager.ts:131:21

      at ConnectionManager.onConnectionError (modules/core/src/client/connection-manager.ts:144:21)

    console.log
      connection error: Error: disconnected from server
          at EventEmitter.<anonymous> (/data/Workspace/helios/starwards/modules/core/src/client/driver.ts:53:58)
          at /data/Workspace/helios/starwards/node_modules/colyseus.js/src/core/signal.ts:15:48
          at Array.forEach (<anonymous>)
          at EventEmitter.invoke (/data/Workspace/helios/starwards/node_modules/colyseus.js/src/core/signal.ts:15:19)
          at Function.register.invoke (/data/Workspace/helios/starwards/node_modules/colyseus.js/src/core/signal.ts:57:81)
          at WebSocket.connection.events.onclose (/data/Workspace/helios/starwards/node_modules/colyseus.js/src/Room.ts:89:30)
          at callListener (/data/Workspace/helios/starwards/node_modules/colyseus.js/node_modules/ws/lib/event-target.js:290:14)
          at WebSocket.onClose (/data/Workspace/helios/starwards/node_modules/colyseus.js/node_modules/ws/lib/event-target.js:220:9)
          at WebSocket.emit (node:events:524:28)
          at WebSocket.emitClose (/data/Workspace/helios/starwards/node_modules/colyseus.js/node_modules/ws/lib/websocket.js:272:10)
          at Socket.socketOnClose (/data/Workspace/helios/starwards/node_modules/colyseus.js/node_modules/ws/lib/websocket.js:1341:15)
          at Socket.emit (node:events:524:28)
          at TCP.<anonymous> (node:net:343:12)

      at ConnectionManager.onConnectionError (modules/core/src/client/connection-manager.ts:144:21)
          at Array.forEach (<anonymous>)

    console.log
      connection error: TypeError: Cannot read properties of undefined (reading 'decoder')
          at wireEvents (/data/Workspace/helios/starwards/node_modules/colyseus-events/src/wire-events.ts:30:40)
          at /data/Workspace/helios/starwards/modules/core/src/client/admin.ts:20:5
          at processTicksAndRejections (node:internal/process/task_queues:95:5)
          at /data/Workspace/helios/starwards/modules/core/src/client/connection-manager.ts:131:21

      at ConnectionManager.onConnectionError (modules/core/src/client/connection-manager.ts:144:21)

    console.log
      connection error: Error: disconnected from server
          at EventEmitter.<anonymous> (/data/Workspace/helios/starwards/modules/core/src/client/driver.ts:53:58)
          at /data/Workspace/helios/starwards/node_modules/colyseus.js/src/core/signal.ts:15:48
          at Array.forEach (<anonymous>)
          at EventEmitter.invoke (/data/Workspace/helios/starwards/node_modules/colyseus.js/src/core/signal.ts:15:19)
          at Function.register.invoke (/data/Workspace/helios/starwards/node_modules/colyseus.js/src/core/signal.ts:57:81)
          at WebSocket.connection.events.onclose (/data/Workspace/helios/starwards/node_modules/colyseus.js/src/Room.ts:89:30)
          at callListener (/data/Workspace/helios/starwards/node_modules/colyseus.js/node_modules/ws/lib/event-target.js:290:14)
          at WebSocket.onClose (/data/Workspace/helios/starwards/node_modules/colyseus.js/node_modules/ws/lib/event-target.js:220:9)
          at WebSocket.emit (node:events:524:28)
          at WebSocket.emitClose (/data/Workspace/helios/starwards/node_modules/colyseus.js/node_modules/ws/lib/websocket.js:272:10)
          at Socket.socketOnClose (/data/Workspace/helios/starwards/node_modules/colyseus.js/node_modules/ws/lib/websocket.js:1341:15)
          at Socket.emit (node:events:524:28)
          at TCP.<anonymous> (node:net:343:12)

      at ConnectionManager.onConnectionError (modules/core/src/client/connection-manager.ts:144:21)
          at Array.forEach (<anonymous>)

    console.log
      connection error: TypeError: Cannot read properties of undefined (reading 'decoder')
          at wireEvents (/data/Workspace/helios/starwards/node_modules/colyseus-events/src/wire-events.ts:30:40)
          at /data/Workspace/helios/starwards/modules/core/src/client/admin.ts:20:5
          at processTicksAndRejections (node:internal/process/task_queues:95:5)
          at /data/Workspace/helios/starwards/modules/core/src/client/connection-manager.ts:131:21

      at ConnectionManager.onConnectionError (modules/core/src/client/connection-manager.ts:144:21)

    console.log
      connection error: Error: disconnected from server
          at EventEmitter.<anonymous> (/data/Workspace/helios/starwards/modules/core/src/client/driver.ts:53:58)
          at /data/Workspace/helios/starwards/node_modules/colyseus.js/src/core/signal.ts:15:48
          at Array.forEach (<anonymous>)
          at EventEmitter.invoke (/data/Workspace/helios/starwards/node_modules/colyseus.js/src/core/signal.ts:15:19)
          at Function.register.invoke (/data/Workspace/helios/starwards/node_modules/colyseus.js/src/core/signal.ts:57:81)
          at WebSocket.connection.events.onclose (/data/Workspace/helios/starwards/node_modules/colyseus.js/src/Room.ts:89:30)
          at callListener (/data/Workspace/helios/starwards/node_modules/colyseus.js/node_modules/ws/lib/event-target.js:290:14)
          at WebSocket.onClose (/data/Workspace/helios/starwards/node_modules/colyseus.js/node_modules/ws/lib/event-target.js:220:9)
          at WebSocket.emit (node:events:524:28)
          at WebSocket.emitClose (/data/Workspace/helios/starwards/node_modules/colyseus.js/node_modules/ws/lib/websocket.js:272:10)
          at Socket.socketOnClose (/data/Workspace/helios/starwards/node_modules/colyseus.js/node_modules/ws/lib/websocket.js:1341:15)
          at Socket.emit (node:events:524:28)
          at TCP.<anonymous> (node:net:343:12)

      at ConnectionManager.onConnectionError (modules/core/src/client/connection-manager.ts:144:21)
          at Array.forEach (<anonymous>)

    console.log
      connection error: TypeError: Cannot read properties of undefined (reading 'decoder')
          at wireEvents (/data/Workspace/helios/starwards/node_modules/colyseus-events/src/wire-events.ts:30:40)
          at /data/Workspace/helios/starwards/modules/core/src/client/admin.ts:20:5
          at processTicksAndRejections (node:internal/process/task_queues:95:5)
          at /data/Workspace/helios/starwards/modules/core/src/client/connection-manager.ts:131:21

      at ConnectionManager.onConnectionError (modules/core/src/client/connection-manager.ts:144:21)

    console.log
      connection error: Error: disconnected from server
          at EventEmitter.<anonymous> (/data/Workspace/helios/starwards/modules/core/src/client/driver.ts:53:58)
          at /data/Workspace/helios/starwards/node_modules/colyseus.js/src/core/signal.ts:15:48
          at Array.forEach (<anonymous>)
          at EventEmitter.invoke (/data/Workspace/helios/starwards/node_modules/colyseus.js/src/core/signal.ts:15:19)
          at Function.register.invoke (/data/Workspace/helios/starwards/node_modules/colyseus.js/src/core/signal.ts:57:81)
          at WebSocket.connection.events.onclose (/data/Workspace/helios/starwards/node_modules/colyseus.js/src/Room.ts:89:30)
          at callListener (/data/Workspace/helios/starwards/node_modules/colyseus.js/node_modules/ws/lib/event-target.js:290:14)
          at WebSocket.onClose (/data/Workspace/helios/starwards/node_modules/colyseus.js/node_modules/ws/lib/event-target.js:220:9)
          at WebSocket.emit (node:events:524:28)
          at WebSocket.emitClose (/data/Workspace/helios/starwards/node_modules/colyseus.js/node_modules/ws/lib/websocket.js:272:10)
          at Socket.socketOnClose (/data/Workspace/helios/starwards/node_modules/colyseus.js/node_modules/ws/lib/websocket.js:1341:15)
          at Socket.emit (node:events:524:28)
          at TCP.<anonymous> (node:net:343:12)

      at ConnectionManager.onConnectionError (modules/core/src/client/connection-manager.ts:144:21)
          at Array.forEach (<anonymous>)

    console.log
      connection error: TypeError: Cannot read properties of undefined (reading 'decoder')
          at wireEvents (/data/Workspace/helios/starwards/node_modules/colyseus-events/src/wire-events.ts:30:40)
          at /data/Workspace/helios/starwards/modules/core/src/client/admin.ts:20:5
          at processTicksAndRejections (node:internal/process/task_queues:95:5)
          at /data/Workspace/helios/starwards/modules/core/src/client/connection-manager.ts:131:21

      at ConnectionManager.onConnectionError (modules/core/src/client/connection-manager.ts:144:21)

    console.log
      connection error: Error: disconnected from server
          at EventEmitter.<anonymous> (/data/Workspace/helios/starwards/modules/core/src/client/driver.ts:53:58)
          at /data/Workspace/helios/starwards/node_modules/colyseus.js/src/core/signal.ts:15:48
          at Array.forEach (<anonymous>)
          at EventEmitter.invoke (/data/Workspace/helios/starwards/node_modules/colyseus.js/src/core/signal.ts:15:19)
          at Function.register.invoke (/data/Workspace/helios/starwards/node_modules/colyseus.js/src/core/signal.ts:57:81)
          at WebSocket.connection.events.onclose (/data/Workspace/helios/starwards/node_modules/colyseus.js/src/Room.ts:89:30)
          at callListener (/data/Workspace/helios/starwards/node_modules/colyseus.js/node_modules/ws/lib/event-target.js:290:14)
          at WebSocket.onClose (/data/Workspace/helios/starwards/node_modules/colyseus.js/node_modules/ws/lib/event-target.js:220:9)
          at WebSocket.emit (node:events:524:28)
          at WebSocket.emitClose (/data/Workspace/helios/starwards/node_modules/colyseus.js/node_modules/ws/lib/websocket.js:272:10)
          at Socket.socketOnClose (/data/Workspace/helios/starwards/node_modules/colyseus.js/node_modules/ws/lib/websocket.js:1341:15)
          at Socket.emit (node:events:524:28)
          at TCP.<anonymous> (node:net:343:12)

      at ConnectionManager.onConnectionError (modules/core/src/client/connection-manager.ts:144:21)
          at Array.forEach (<anonymous>)

    console.log
      connection error: TypeError: Cannot read properties of undefined (reading 'decoder')
          at wireEvents (/data/Workspace/helios/starwards/node_modules/colyseus-events/src/wire-events.ts:30:40)
          at /data/Workspace/helios/starwards/modules/core/src/client/admin.ts:20:5
          at processTicksAndRejections (node:internal/process/task_queues:95:5)
          at /data/Workspace/helios/starwards/modules/core/src/client/connection-manager.ts:131:21

      at ConnectionManager.onConnectionError (modules/core/src/client/connection-manager.ts:144:21)

    console.log
      connection error: Error: disconnected from server
          at EventEmitter.<anonymous> (/data/Workspace/helios/starwards/modules/core/src/client/driver.ts:53:58)
          at /data/Workspace/helios/starwards/node_modules/colyseus.js/src/core/signal.ts:15:48
          at Array.forEach (<anonymous>)
          at EventEmitter.invoke (/data/Workspace/helios/starwards/node_modules/colyseus.js/src/core/signal.ts:15:19)
          at Function.register.invoke (/data/Workspace/helios/starwards/node_modules/colyseus.js/src/core/signal.ts:57:81)
          at WebSocket.connection.events.onclose (/data/Workspace/helios/starwards/node_modules/colyseus.js/src/Room.ts:89:30)
          at callListener (/data/Workspace/helios/starwards/node_modules/colyseus.js/node_modules/ws/lib/event-target.js:290:14)
          at WebSocket.onClose (/data/Workspace/helios/starwards/node_modules/colyseus.js/node_modules/ws/lib/event-target.js:220:9)
          at WebSocket.emit (node:events:524:28)
          at WebSocket.emitClose (/data/Workspace/helios/starwards/node_modules/colyseus.js/node_modules/ws/lib/websocket.js:272:10)
          at Socket.socketOnClose (/data/Workspace/helios/starwards/node_modules/colyseus.js/node_modules/ws/lib/websocket.js:1341:15)
          at Socket.emit (node:events:524:28)
          at TCP.<anonymous> (node:net:343:12)

      at ConnectionManager.onConnectionError (modules/core/src/client/connection-manager.ts:144:21)
          at Array.forEach (<anonymous>)

    console.log
      connection error: TypeError: Cannot read properties of undefined (reading 'decoder')
          at wireEvents (/data/Workspace/helios/starwards/node_modules/colyseus-events/src/wire-events.ts:30:40)
          at /data/Workspace/helios/starwards/modules/core/src/client/admin.ts:20:5
          at processTicksAndRejections (node:internal/process/task_queues:95:5)
          at /data/Workspace/helios/starwards/modules/core/src/client/connection-manager.ts:131:21

      at ConnectionManager.onConnectionError (modules/core/src/client/connection-manager.ts:144:21)

    console.log
      connection error: Error: disconnected from server
          at EventEmitter.<anonymous> (/data/Workspace/helios/starwards/modules/core/src/client/driver.ts:53:58)
          at /data/Workspace/helios/starwards/node_modules/colyseus.js/src/core/signal.ts:15:48
          at Array.forEach (<anonymous>)
          at EventEmitter.invoke (/data/Workspace/helios/starwards/node_modules/colyseus.js/src/core/signal.ts:15:19)
          at Function.register.invoke (/data/Workspace/helios/starwards/node_modules/colyseus.js/src/core/signal.ts:57:81)
          at WebSocket.connection.events.onclose (/data/Workspace/helios/starwards/node_modules/colyseus.js/src/Room.ts:89:30)
          at callListener (/data/Workspace/helios/starwards/node_modules/colyseus.js/node_modules/ws/lib/event-target.js:290:14)
          at WebSocket.onClose (/data/Workspace/helios/starwards/node_modules/colyseus.js/node_modules/ws/lib/event-target.js:220:9)
          at WebSocket.emit (node:events:524:28)
          at WebSocket.emitClose (/data/Workspace/helios/starwards/node_modules/colyseus.js/node_modules/ws/lib/websocket.js:272:10)
          at Socket.socketOnClose (/data/Workspace/helios/starwards/node_modules/colyseus.js/node_modules/ws/lib/websocket.js:1341:15)
          at Socket.emit (node:events:524:28)
          at TCP.<anonymous> (node:net:343:12)

      at ConnectionManager.onConnectionError (modules/core/src/client/connection-manager.ts:144:21)
          at Array.forEach (<anonymous>)

    console.log
      connection error: TypeError: Cannot read properties of undefined (reading 'decoder')
          at wireEvents (/data/Workspace/helios/starwards/node_modules/colyseus-events/src/wire-events.ts:30:40)
          at /data/Workspace/helios/starwards/modules/core/src/client/admin.ts:20:5
          at processTicksAndRejections (node:internal/process/task_queues:95:5)
          at /data/Workspace/helios/starwards/modules/core/src/client/connection-manager.ts:131:21

      at ConnectionManager.onConnectionError (modules/core/src/client/connection-manager.ts:144:21)

    console.log
      connection error: Error: disconnected from server
          at EventEmitter.<anonymous> (/data/Workspace/helios/starwards/modules/core/src/client/driver.ts:53:58)
          at /data/Workspace/helios/starwards/node_modules/colyseus.js/src/core/signal.ts:15:48
          at Array.forEach (<anonymous>)
          at EventEmitter.invoke (/data/Workspace/helios/starwards/node_modules/colyseus.js/src/core/signal.ts:15:19)
          at Function.register.invoke (/data/Workspace/helios/starwards/node_modules/colyseus.js/src/core/signal.ts:57:81)
          at WebSocket.connection.events.onclose (/data/Workspace/helios/starwards/node_modules/colyseus.js/src/Room.ts:89:30)
          at callListener (/data/Workspace/helios/starwards/node_modules/colyseus.js/node_modules/ws/lib/event-target.js:290:14)
          at WebSocket.onClose (/data/Workspace/helios/starwards/node_modules/colyseus.js/node_modules/ws/lib/event-target.js:220:9)
          at WebSocket.emit (node:events:524:28)
          at WebSocket.emitClose (/data/Workspace/helios/starwards/node_modules/colyseus.js/node_modules/ws/lib/websocket.js:272:10)
          at Socket.socketOnClose (/data/Workspace/helios/starwards/node_modules/colyseus.js/node_modules/ws/lib/websocket.js:1341:15)
          at Socket.emit (node:events:524:28)
          at TCP.<anonymous> (node:net:343:12)

      at ConnectionManager.onConnectionError (modules/core/src/client/connection-manager.ts:144:21)
          at Array.forEach (<anonymous>)

    console.log
      connection error: TypeError: Cannot read properties of undefined (reading 'decoder')
          at wireEvents (/data/Workspace/helios/starwards/node_modules/colyseus-events/src/wire-events.ts:30:40)
          at /data/Workspace/helios/starwards/modules/core/src/client/admin.ts:20:5
          at processTicksAndRejections (node:internal/process/task_queues:95:5)
          at /data/Workspace/helios/starwards/modules/core/src/client/connection-manager.ts:131:21

      at ConnectionManager.onConnectionError (modules/core/src/client/connection-manager.ts:144:21)

    console.log
      connection error: Error: disconnected from server
          at EventEmitter.<anonymous> (/data/Workspace/helios/starwards/modules/core/src/client/driver.ts:53:58)
          at /data/Workspace/helios/starwards/node_modules/colyseus.js/src/core/signal.ts:15:48
          at Array.forEach (<anonymous>)
          at EventEmitter.invoke (/data/Workspace/helios/starwards/node_modules/colyseus.js/src/core/signal.ts:15:19)
          at Function.register.invoke (/data/Workspace/helios/starwards/node_modules/colyseus.js/src/core/signal.ts:57:81)
          at WebSocket.connection.events.onclose (/data/Workspace/helios/starwards/node_modules/colyseus.js/src/Room.ts:89:30)
          at callListener (/data/Workspace/helios/starwards/node_modules/colyseus.js/node_modules/ws/lib/event-target.js:290:14)
          at WebSocket.onClose (/data/Workspace/helios/starwards/node_modules/colyseus.js/node_modules/ws/lib/event-target.js:220:9)
          at WebSocket.emit (node:events:524:28)
          at WebSocket.emitClose (/data/Workspace/helios/starwards/node_modules/colyseus.js/node_modules/ws/lib/websocket.js:272:10)
          at Socket.socketOnClose (/data/Workspace/helios/starwards/node_modules/colyseus.js/node_modules/ws/lib/websocket.js:1341:15)
          at Socket.emit (node:events:524:28)
          at TCP.<anonymous> (node:net:343:12)

      at ConnectionManager.onConnectionError (modules/core/src/client/connection-manager.ts:144:21)
          at Array.forEach (<anonymous>)

    console.log
      connection error: TypeError: Cannot read properties of undefined (reading 'decoder')
          at wireEvents (/data/Workspace/helios/starwards/node_modules/colyseus-events/src/wire-events.ts:30:40)
          at /data/Workspace/helios/starwards/modules/core/src/client/admin.ts:20:5
          at processTicksAndRejections (node:internal/process/task_queues:95:5)
          at /data/Workspace/helios/starwards/modules/core/src/client/connection-manager.ts:131:21

      at ConnectionManager.onConnectionError (modules/core/src/client/connection-manager.ts:144:21)

    console.log
      connection error: Error: disconnected from server
          at EventEmitter.<anonymous> (/data/Workspace/helios/starwards/modules/core/src/client/driver.ts:53:58)
          at /data/Workspace/helios/starwards/node_modules/colyseus.js/src/core/signal.ts:15:48
          at Array.forEach (<anonymous>)
          at EventEmitter.invoke (/data/Workspace/helios/starwards/node_modules/colyseus.js/src/core/signal.ts:15:19)
          at Function.register.invoke (/data/Workspace/helios/starwards/node_modules/colyseus.js/src/core/signal.ts:57:81)
          at WebSocket.connection.events.onclose (/data/Workspace/helios/starwards/node_modules/colyseus.js/src/Room.ts:89:30)
          at callListener (/data/Workspace/helios/starwards/node_modules/colyseus.js/node_modules/ws/lib/event-target.js:290:14)
          at WebSocket.onClose (/data/Workspace/helios/starwards/node_modules/colyseus.js/node_modules/ws/lib/event-target.js:220:9)
          at WebSocket.emit (node:events:524:28)
          at WebSocket.emitClose (/data/Workspace/helios/starwards/node_modules/colyseus.js/node_modules/ws/lib/websocket.js:272:10)
          at Socket.socketOnClose (/data/Workspace/helios/starwards/node_modules/colyseus.js/node_modules/ws/lib/websocket.js:1341:15)
          at Socket.emit (node:events:524:28)
          at TCP.<anonymous> (node:net:343:12)

      at ConnectionManager.onConnectionError (modules/core/src/client/connection-manager.ts:144:21)
          at Array.forEach (<anonymous>)

    console.log
      connection error: TypeError: Cannot read properties of undefined (reading 'decoder')
          at wireEvents (/data/Workspace/helios/starwards/node_modules/colyseus-events/src/wire-events.ts:30:40)
          at /data/Workspace/helios/starwards/modules/core/src/client/admin.ts:20:5
          at processTicksAndRejections (node:internal/process/task_queues:95:5)
          at /data/Workspace/helios/starwards/modules/core/src/client/connection-manager.ts:131:21

      at ConnectionManager.onConnectionError (modules/core/src/client/connection-manager.ts:144:21)

    console.log
      connection error: Error: disconnected from server
          at EventEmitter.<anonymous> (/data/Workspace/helios/starwards/modules/core/src/client/driver.ts:53:58)
          at /data/Workspace/helios/starwards/node_modules/colyseus.js/src/core/signal.ts:15:48
          at Array.forEach (<anonymous>)
          at EventEmitter.invoke (/data/Workspace/helios/starwards/node_modules/colyseus.js/src/core/signal.ts:15:19)
          at Function.register.invoke (/data/Workspace/helios/starwards/node_modules/colyseus.js/src/core/signal.ts:57:81)
          at WebSocket.connection.events.onclose (/data/Workspace/helios/starwards/node_modules/colyseus.js/src/Room.ts:89:30)
          at callListener (/data/Workspace/helios/starwards/node_modules/colyseus.js/node_modules/ws/lib/event-target.js:290:14)
          at WebSocket.onClose (/data/Workspace/helios/starwards/node_modules/colyseus.js/node_modules/ws/lib/event-target.js:220:9)
          at WebSocket.emit (node:events:524:28)
          at WebSocket.emitClose (/data/Workspace/helios/starwards/node_modules/colyseus.js/node_modules/ws/lib/websocket.js:272:10)
          at Socket.socketOnClose (/data/Workspace/helios/starwards/node_modules/colyseus.js/node_modules/ws/lib/websocket.js:1341:15)
          at Socket.emit (node:events:524:28)
          at TCP.<anonymous> (node:net:343:12)

      at ConnectionManager.onConnectionError (modules/core/src/client/connection-manager.ts:144:21)
          at Array.forEach (<anonymous>)

    console.log
      connection error: TypeError: Cannot read properties of undefined (reading 'decoder')
          at wireEvents (/data/Workspace/helios/starwards/node_modules/colyseus-events/src/wire-events.ts:30:40)
          at /data/Workspace/helios/starwards/modules/core/src/client/admin.ts:20:5
          at processTicksAndRejections (node:internal/process/task_queues:95:5)
          at /data/Workspace/helios/starwards/modules/core/src/client/connection-manager.ts:131:21

      at ConnectionManager.onConnectionError (modules/core/src/client/connection-manager.ts:144:21)

    console.log
      connection error: Error: disconnected from server
          at EventEmitter.<anonymous> (/data/Workspace/helios/starwards/modules/core/src/client/driver.ts:53:58)
          at /data/Workspace/helios/starwards/node_modules/colyseus.js/src/core/signal.ts:15:48
          at Array.forEach (<anonymous>)
          at EventEmitter.invoke (/data/Workspace/helios/starwards/node_modules/colyseus.js/src/core/signal.ts:15:19)
          at Function.register.invoke (/data/Workspace/helios/starwards/node_modules/colyseus.js/src/core/signal.ts:57:81)
          at WebSocket.connection.events.onclose (/data/Workspace/helios/starwards/node_modules/colyseus.js/src/Room.ts:89:30)
          at callListener (/data/Workspace/helios/starwards/node_modules/colyseus.js/node_modules/ws/lib/event-target.js:290:14)
          at WebSocket.onClose (/data/Workspace/helios/starwards/node_modules/colyseus.js/node_modules/ws/lib/event-target.js:220:9)
          at WebSocket.emit (node:events:524:28)
          at WebSocket.emitClose (/data/Workspace/helios/starwards/node_modules/colyseus.js/node_modules/ws/lib/websocket.js:272:10)
          at Socket.socketOnClose (/data/Workspace/helios/starwards/node_modules/colyseus.js/node_modules/ws/lib/websocket.js:1341:15)
          at Socket.emit (node:events:524:28)
          at TCP.<anonymous> (node:net:343:12)

      at ConnectionManager.onConnectionError (modules/core/src/client/connection-manager.ts:144:21)
          at Array.forEach (<anonymous>)

    console.log
      connection error: TypeError: Cannot read properties of undefined (reading 'decoder')
          at wireEvents (/data/Workspace/helios/starwards/node_modules/colyseus-events/src/wire-events.ts:30:40)
          at /data/Workspace/helios/starwards/modules/core/src/client/admin.ts:20:5
          at processTicksAndRejections (node:internal/process/task_queues:95:5)
          at /data/Workspace/helios/starwards/modules/core/src/client/connection-manager.ts:131:21

      at ConnectionManager.onConnectionError (modules/core/src/client/connection-manager.ts:144:21)

    console.log
      connection error: Error: disconnected from server
          at EventEmitter.<anonymous> (/data/Workspace/helios/starwards/modules/core/src/client/driver.ts:53:58)
          at /data/Workspace/helios/starwards/node_modules/colyseus.js/src/core/signal.ts:15:48
          at Array.forEach (<anonymous>)
          at EventEmitter.invoke (/data/Workspace/helios/starwards/node_modules/colyseus.js/src/core/signal.ts:15:19)
          at Function.register.invoke (/data/Workspace/helios/starwards/node_modules/colyseus.js/src/core/signal.ts:57:81)
          at WebSocket.connection.events.onclose (/data/Workspace/helios/starwards/node_modules/colyseus.js/src/Room.ts:89:30)
          at callListener (/data/Workspace/helios/starwards/node_modules/colyseus.js/node_modules/ws/lib/event-target.js:290:14)
          at WebSocket.onClose (/data/Workspace/helios/starwards/node_modules/colyseus.js/node_modules/ws/lib/event-target.js:220:9)
          at WebSocket.emit (node:events:524:28)
          at WebSocket.emitClose (/data/Workspace/helios/starwards/node_modules/colyseus.js/node_modules/ws/lib/websocket.js:272:10)
          at Socket.socketOnClose (/data/Workspace/helios/starwards/node_modules/colyseus.js/node_modules/ws/lib/websocket.js:1341:15)
          at Socket.emit (node:events:524:28)
          at TCP.<anonymous> (node:net:343:12)

      at ConnectionManager.onConnectionError (modules/core/src/client/connection-manager.ts:144:21)
          at Array.forEach (<anonymous>)

    console.log
      connection error: TypeError: Cannot read properties of undefined (reading 'decoder')
          at wireEvents (/data/Workspace/helios/starwards/node_modules/colyseus-events/src/wire-events.ts:30:40)
          at /data/Workspace/helios/starwards/modules/core/src/client/admin.ts:20:5
          at processTicksAndRejections (node:internal/process/task_queues:95:5)
          at /data/Workspace/helios/starwards/modules/core/src/client/connection-manager.ts:131:21

      at ConnectionManager.onConnectionError (modules/core/src/client/connection-manager.ts:144:21)

    console.log
      connection error: Error: disconnected from server
          at EventEmitter.<anonymous> (/data/Workspace/helios/starwards/modules/core/src/client/driver.ts:53:58)
          at /data/Workspace/helios/starwards/node_modules/colyseus.js/src/core/signal.ts:15:48
          at Array.forEach (<anonymous>)
          at EventEmitter.invoke (/data/Workspace/helios/starwards/node_modules/colyseus.js/src/core/signal.ts:15:19)
          at Function.register.invoke (/data/Workspace/helios/starwards/node_modules/colyseus.js/src/core/signal.ts:57:81)
          at WebSocket.connection.events.onclose (/data/Workspace/helios/starwards/node_modules/colyseus.js/src/Room.ts:89:30)
          at callListener (/data/Workspace/helios/starwards/node_modules/colyseus.js/node_modules/ws/lib/event-target.js:290:14)
          at WebSocket.onClose (/data/Workspace/helios/starwards/node_modules/colyseus.js/node_modules/ws/lib/event-target.js:220:9)
          at WebSocket.emit (node:events:524:28)
          at WebSocket.emitClose (/data/Workspace/helios/starwards/node_modules/colyseus.js/node_modules/ws/lib/websocket.js:272:10)
          at Socket.socketOnClose (/data/Workspace/helios/starwards/node_modules/colyseus.js/node_modules/ws/lib/websocket.js:1341:15)
          at Socket.emit (node:events:524:28)
          at TCP.<anonymous> (node:net:343:12)

      at ConnectionManager.onConnectionError (modules/core/src/client/connection-manager.ts:144:21)
          at Array.forEach (<anonymous>)

    console.log
      connection error: TypeError: Cannot read properties of undefined (reading 'decoder')
          at wireEvents (/data/Workspace/helios/starwards/node_modules/colyseus-events/src/wire-events.ts:30:40)
          at /data/Workspace/helios/starwards/modules/core/src/client/admin.ts:20:5
          at processTicksAndRejections (node:internal/process/task_queues:95:5)
          at /data/Workspace/helios/starwards/modules/core/src/client/connection-manager.ts:131:21

      at ConnectionManager.onConnectionError (modules/core/src/client/connection-manager.ts:144:21)

    console.log
      connection error: Error: disconnected from server
          at EventEmitter.<anonymous> (/data/Workspace/helios/starwards/modules/core/src/client/driver.ts:53:58)
          at /data/Workspace/helios/starwards/node_modules/colyseus.js/src/core/signal.ts:15:48
          at Array.forEach (<anonymous>)
          at EventEmitter.invoke (/data/Workspace/helios/starwards/node_modules/colyseus.js/src/core/signal.ts:15:19)
          at Function.register.invoke (/data/Workspace/helios/starwards/node_modules/colyseus.js/src/core/signal.ts:57:81)
          at WebSocket.connection.events.onclose (/data/Workspace/helios/starwards/node_modules/colyseus.js/src/Room.ts:89:30)
          at callListener (/data/Workspace/helios/starwards/node_modules/colyseus.js/node_modules/ws/lib/event-target.js:290:14)
          at WebSocket.onClose (/data/Workspace/helios/starwards/node_modules/colyseus.js/node_modules/ws/lib/event-target.js:220:9)
          at WebSocket.emit (node:events:524:28)
          at WebSocket.emitClose (/data/Workspace/helios/starwards/node_modules/colyseus.js/node_modules/ws/lib/websocket.js:272:10)
          at Socket.socketOnClose (/data/Workspace/helios/starwards/node_modules/colyseus.js/node_modules/ws/lib/websocket.js:1341:15)
          at Socket.emit (node:events:524:28)
          at TCP.<anonymous> (node:net:343:12)

      at ConnectionManager.onConnectionError (modules/core/src/client/connection-manager.ts:144:21)
          at Array.forEach (<anonymous>)

    console.log
      connection error: TypeError: Cannot read properties of undefined (reading 'decoder')
          at wireEvents (/data/Workspace/helios/starwards/node_modules/colyseus-events/src/wire-events.ts:30:40)
          at /data/Workspace/helios/starwards/modules/core/src/client/admin.ts:20:5
          at processTicksAndRejections (node:internal/process/task_queues:95:5)
          at /data/Workspace/helios/starwards/modules/core/src/client/connection-manager.ts:131:21

      at ConnectionManager.onConnectionError (modules/core/src/client/connection-manager.ts:144:21)

    console.log
      connection error: Error: disconnected from server
          at EventEmitter.<anonymous> (/data/Workspace/helios/starwards/modules/core/src/client/driver.ts:53:58)
          at /data/Workspace/helios/starwards/node_modules/colyseus.js/src/core/signal.ts:15:48
          at Array.forEach (<anonymous>)
          at EventEmitter.invoke (/data/Workspace/helios/starwards/node_modules/colyseus.js/src/core/signal.ts:15:19)
          at Function.register.invoke (/data/Workspace/helios/starwards/node_modules/colyseus.js/src/core/signal.ts:57:81)
          at WebSocket.connection.events.onclose (/data/Workspace/helios/starwards/node_modules/colyseus.js/src/Room.ts:89:30)
          at callListener (/data/Workspace/helios/starwards/node_modules/colyseus.js/node_modules/ws/lib/event-target.js:290:14)
          at WebSocket.onClose (/data/Workspace/helios/starwards/node_modules/colyseus.js/node_modules/ws/lib/event-target.js:220:9)
          at WebSocket.emit (node:events:524:28)
          at WebSocket.emitClose (/data/Workspace/helios/starwards/node_modules/colyseus.js/node_modules/ws/lib/websocket.js:272:10)
          at Socket.socketOnClose (/data/Workspace/helios/starwards/node_modules/colyseus.js/node_modules/ws/lib/websocket.js:1341:15)
          at Socket.emit (node:events:524:28)
          at TCP.<anonymous> (node:net:343:12)

      at ConnectionManager.onConnectionError (modules/core/src/client/connection-manager.ts:144:21)
          at Array.forEach (<anonymous>)

    console.log
      connection error: TypeError: Cannot read properties of undefined (reading 'decoder')
          at wireEvents (/data/Workspace/helios/starwards/node_modules/colyseus-events/src/wire-events.ts:30:40)
          at /data/Workspace/helios/starwards/modules/core/src/client/admin.ts:20:5
          at processTicksAndRejections (node:internal/process/task_queues:95:5)
          at /data/Workspace/helios/starwards/modules/core/src/client/connection-manager.ts:131:21

      at ConnectionManager.onConnectionError (modules/core/src/client/connection-manager.ts:144:21)

    console.log
      connection error: Error: disconnected from server
          at EventEmitter.<anonymous> (/data/Workspace/helios/starwards/modules/core/src/client/driver.ts:53:58)
          at /data/Workspace/helios/starwards/node_modules/colyseus.js/src/core/signal.ts:15:48
          at Array.forEach (<anonymous>)
          at EventEmitter.invoke (/data/Workspace/helios/starwards/node_modules/colyseus.js/src/core/signal.ts:15:19)
          at Function.register.invoke (/data/Workspace/helios/starwards/node_modules/colyseus.js/src/core/signal.ts:57:81)
          at WebSocket.connection.events.onclose (/data/Workspace/helios/starwards/node_modules/colyseus.js/src/Room.ts:89:30)
          at callListener (/data/Workspace/helios/starwards/node_modules/colyseus.js/node_modules/ws/lib/event-target.js:290:14)
          at WebSocket.onClose (/data/Workspace/helios/starwards/node_modules/colyseus.js/node_modules/ws/lib/event-target.js:220:9)
          at WebSocket.emit (node:events:524:28)
          at WebSocket.emitClose (/data/Workspace/helios/starwards/node_modules/colyseus.js/node_modules/ws/lib/websocket.js:272:10)
          at Socket.socketOnClose (/data/Workspace/helios/starwards/node_modules/colyseus.js/node_modules/ws/lib/websocket.js:1341:15)
          at Socket.emit (node:events:524:28)
          at TCP.<anonymous> (node:net:343:12)

      at ConnectionManager.onConnectionError (modules/core/src/client/connection-manager.ts:144:21)
          at Array.forEach (<anonymous>)

    console.log
      connection error: TypeError: Cannot read properties of undefined (reading 'decoder')
          at wireEvents (/data/Workspace/helios/starwards/node_modules/colyseus-events/src/wire-events.ts:30:40)
          at /data/Workspace/helios/starwards/modules/core/src/client/admin.ts:20:5
          at processTicksAndRejections (node:internal/process/task_queues:95:5)
          at /data/Workspace/helios/starwards/modules/core/src/client/connection-manager.ts:131:21

      at ConnectionManager.onConnectionError (modules/core/src/client/connection-manager.ts:144:21)

    console.log
      connection error: Error: disconnected from server
          at EventEmitter.<anonymous> (/data/Workspace/helios/starwards/modules/core/src/client/driver.ts:53:58)
          at /data/Workspace/helios/starwards/node_modules/colyseus.js/src/core/signal.ts:15:48
          at Array.forEach (<anonymous>)
          at EventEmitter.invoke (/data/Workspace/helios/starwards/node_modules/colyseus.js/src/core/signal.ts:15:19)
          at Function.register.invoke (/data/Workspace/helios/starwards/node_modules/colyseus.js/src/core/signal.ts:57:81)
          at WebSocket.connection.events.onclose (/data/Workspace/helios/starwards/node_modules/colyseus.js/src/Room.ts:89:30)
          at callListener (/data/Workspace/helios/starwards/node_modules/colyseus.js/node_modules/ws/lib/event-target.js:290:14)
          at WebSocket.onClose (/data/Workspace/helios/starwards/node_modules/colyseus.js/node_modules/ws/lib/event-target.js:220:9)
          at WebSocket.emit (node:events:524:28)
          at WebSocket.emitClose (/data/Workspace/helios/starwards/node_modules/colyseus.js/node_modules/ws/lib/websocket.js:272:10)
          at Socket.socketOnClose (/data/Workspace/helios/starwards/node_modules/colyseus.js/node_modules/ws/lib/websocket.js:1341:15)
          at Socket.emit (node:events:524:28)
          at TCP.<anonymous> (node:net:343:12)

      at ConnectionManager.onConnectionError (modules/core/src/client/connection-manager.ts:144:21)
          at Array.forEach (<anonymous>)

    console.log
      connection error: TypeError: Cannot read properties of undefined (reading 'decoder')
          at wireEvents (/data/Workspace/helios/starwards/node_modules/colyseus-events/src/wire-events.ts:30:40)
          at /data/Workspace/helios/starwards/modules/core/src/client/admin.ts:20:5
          at processTicksAndRejections (node:internal/process/task_queues:95:5)
          at /data/Workspace/helios/starwards/modules/core/src/client/connection-manager.ts:131:21

      at ConnectionManager.onConnectionError (modules/core/src/client/connection-manager.ts:144:21)

    console.log
      connection error: Error: disconnected from server
          at EventEmitter.<anonymous> (/data/Workspace/helios/starwards/modules/core/src/client/driver.ts:53:58)
          at /data/Workspace/helios/starwards/node_modules/colyseus.js/src/core/signal.ts:15:48
          at Array.forEach (<anonymous>)
          at EventEmitter.invoke (/data/Workspace/helios/starwards/node_modules/colyseus.js/src/core/signal.ts:15:19)
          at Function.register.invoke (/data/Workspace/helios/starwards/node_modules/colyseus.js/src/core/signal.ts:57:81)
          at WebSocket.connection.events.onclose (/data/Workspace/helios/starwards/node_modules/colyseus.js/src/Room.ts:89:30)
          at callListener (/data/Workspace/helios/starwards/node_modules/colyseus.js/node_modules/ws/lib/event-target.js:290:14)
          at WebSocket.onClose (/data/Workspace/helios/starwards/node_modules/colyseus.js/node_modules/ws/lib/event-target.js:220:9)
          at WebSocket.emit (node:events:524:28)
          at WebSocket.emitClose (/data/Workspace/helios/starwards/node_modules/colyseus.js/node_modules/ws/lib/websocket.js:272:10)
          at Socket.socketOnClose (/data/Workspace/helios/starwards/node_modules/colyseus.js/node_modules/ws/lib/websocket.js:1341:15)
          at Socket.emit (node:events:524:28)
          at TCP.<anonymous> (node:net:343:12)

      at ConnectionManager.onConnectionError (modules/core/src/client/connection-manager.ts:144:21)
          at Array.forEach (<anonymous>)

    console.log
      connection error: TypeError: Cannot read properties of undefined (reading 'decoder')
          at wireEvents (/data/Workspace/helios/starwards/node_modules/colyseus-events/src/wire-events.ts:30:40)
          at /data/Workspace/helios/starwards/modules/core/src/client/admin.ts:20:5
          at processTicksAndRejections (node:internal/process/task_queues:95:5)
          at /data/Workspace/helios/starwards/modules/core/src/client/connection-manager.ts:131:21

      at ConnectionManager.onConnectionError (modules/core/src/client/connection-manager.ts:144:21)

    console.log
      connection error: Error: disconnected from server
          at EventEmitter.<anonymous> (/data/Workspace/helios/starwards/modules/core/src/client/driver.ts:53:58)
          at /data/Workspace/helios/starwards/node_modules/colyseus.js/src/core/signal.ts:15:48
          at Array.forEach (<anonymous>)
          at EventEmitter.invoke (/data/Workspace/helios/starwards/node_modules/colyseus.js/src/core/signal.ts:15:19)
          at Function.register.invoke (/data/Workspace/helios/starwards/node_modules/colyseus.js/src/core/signal.ts:57:81)
          at WebSocket.connection.events.onclose (/data/Workspace/helios/starwards/node_modules/colyseus.js/src/Room.ts:89:30)
          at callListener (/data/Workspace/helios/starwards/node_modules/colyseus.js/node_modules/ws/lib/event-target.js:290:14)
          at WebSocket.onClose (/data/Workspace/helios/starwards/node_modules/colyseus.js/node_modules/ws/lib/event-target.js:220:9)
          at WebSocket.emit (node:events:524:28)
          at WebSocket.emitClose (/data/Workspace/helios/starwards/node_modules/colyseus.js/node_modules/ws/lib/websocket.js:272:10)
          at Socket.socketOnClose (/data/Workspace/helios/starwards/node_modules/colyseus.js/node_modules/ws/lib/websocket.js:1341:15)
          at Socket.emit (node:events:524:28)
          at TCP.<anonymous> (node:net:343:12)

      at ConnectionManager.onConnectionError (modules/core/src/client/connection-manager.ts:144:21)
          at Array.forEach (<anonymous>)

    console.log
      connection error: TypeError: Cannot read properties of undefined (reading 'decoder')
          at wireEvents (/data/Workspace/helios/starwards/node_modules/colyseus-events/src/wire-events.ts:30:40)
          at /data/Workspace/helios/starwards/modules/core/src/client/admin.ts:20:5
          at processTicksAndRejections (node:internal/process/task_queues:95:5)
          at /data/Workspace/helios/starwards/modules/core/src/client/connection-manager.ts:131:21

      at ConnectionManager.onConnectionError (modules/core/src/client/connection-manager.ts:144:21)

    console.log
      connection error: Error: disconnected from server
          at EventEmitter.<anonymous> (/data/Workspace/helios/starwards/modules/core/src/client/driver.ts:53:58)
          at /data/Workspace/helios/starwards/node_modules/colyseus.js/src/core/signal.ts:15:48
          at Array.forEach (<anonymous>)
          at EventEmitter.invoke (/data/Workspace/helios/starwards/node_modules/colyseus.js/src/core/signal.ts:15:19)
          at Function.register.invoke (/data/Workspace/helios/starwards/node_modules/colyseus.js/src/core/signal.ts:57:81)
          at WebSocket.connection.events.onclose (/data/Workspace/helios/starwards/node_modules/colyseus.js/src/Room.ts:89:30)
          at callListener (/data/Workspace/helios/starwards/node_modules/colyseus.js/node_modules/ws/lib/event-target.js:290:14)
          at WebSocket.onClose (/data/Workspace/helios/starwards/node_modules/colyseus.js/node_modules/ws/lib/event-target.js:220:9)
          at WebSocket.emit (node:events:524:28)
          at WebSocket.emitClose (/data/Workspace/helios/starwards/node_modules/colyseus.js/node_modules/ws/lib/websocket.js:272:10)
          at Socket.socketOnClose (/data/Workspace/helios/starwards/node_modules/colyseus.js/node_modules/ws/lib/websocket.js:1341:15)
          at Socket.emit (node:events:524:28)
          at TCP.<anonymous> (node:net:343:12)

      at ConnectionManager.onConnectionError (modules/core/src/client/connection-manager.ts:144:21)
          at Array.forEach (<anonymous>)

    console.log
      connection error: TypeError: Cannot read properties of undefined (reading 'decoder')
          at wireEvents (/data/Workspace/helios/starwards/node_modules/colyseus-events/src/wire-events.ts:30:40)
          at /data/Workspace/helios/starwards/modules/core/src/client/admin.ts:20:5
          at processTicksAndRejections (node:internal/process/task_queues:95:5)
          at /data/Workspace/helios/starwards/modules/core/src/client/connection-manager.ts:131:21

      at ConnectionManager.onConnectionError (modules/core/src/client/connection-manager.ts:144:21)

    console.log
      connection error: Error: disconnected from server
          at EventEmitter.<anonymous> (/data/Workspace/helios/starwards/modules/core/src/client/driver.ts:53:58)
          at /data/Workspace/helios/starwards/node_modules/colyseus.js/src/core/signal.ts:15:48
          at Array.forEach (<anonymous>)
          at EventEmitter.invoke (/data/Workspace/helios/starwards/node_modules/colyseus.js/src/core/signal.ts:15:19)
          at Function.register.invoke (/data/Workspace/helios/starwards/node_modules/colyseus.js/src/core/signal.ts:57:81)
          at WebSocket.connection.events.onclose (/data/Workspace/helios/starwards/node_modules/colyseus.js/src/Room.ts:89:30)
          at callListener (/data/Workspace/helios/starwards/node_modules/colyseus.js/node_modules/ws/lib/event-target.js:290:14)
          at WebSocket.onClose (/data/Workspace/helios/starwards/node_modules/colyseus.js/node_modules/ws/lib/event-target.js:220:9)
          at WebSocket.emit (node:events:524:28)
          at WebSocket.emitClose (/data/Workspace/helios/starwards/node_modules/colyseus.js/node_modules/ws/lib/websocket.js:272:10)
          at Socket.socketOnClose (/data/Workspace/helios/starwards/node_modules/colyseus.js/node_modules/ws/lib/websocket.js:1341:15)
          at Socket.emit (node:events:524:28)
          at TCP.<anonymous> (node:net:343:12)

      at ConnectionManager.onConnectionError (modules/core/src/client/connection-manager.ts:144:21)
          at Array.forEach (<anonymous>)

    console.log
      connection error: TypeError: Cannot read properties of undefined (reading 'decoder')
          at wireEvents (/data/Workspace/helios/starwards/node_modules/colyseus-events/src/wire-events.ts:30:40)
          at /data/Workspace/helios/starwards/modules/core/src/client/admin.ts:20:5
          at processTicksAndRejections (node:internal/process/task_queues:95:5)
          at /data/Workspace/helios/starwards/modules/core/src/client/connection-manager.ts:131:21

      at ConnectionManager.onConnectionError (modules/core/src/client/connection-manager.ts:144:21)

    console.log
      connection error: Error: disconnected from server
          at EventEmitter.<anonymous> (/data/Workspace/helios/starwards/modules/core/src/client/driver.ts:53:58)
          at /data/Workspace/helios/starwards/node_modules/colyseus.js/src/core/signal.ts:15:48
          at Array.forEach (<anonymous>)
          at EventEmitter.invoke (/data/Workspace/helios/starwards/node_modules/colyseus.js/src/core/signal.ts:15:19)
          at Function.register.invoke (/data/Workspace/helios/starwards/node_modules/colyseus.js/src/core/signal.ts:57:81)
          at WebSocket.connection.events.onclose (/data/Workspace/helios/starwards/node_modules/colyseus.js/src/Room.ts:89:30)
          at callListener (/data/Workspace/helios/starwards/node_modules/colyseus.js/node_modules/ws/lib/event-target.js:290:14)
          at WebSocket.onClose (/data/Workspace/helios/starwards/node_modules/colyseus.js/node_modules/ws/lib/event-target.js:220:9)
          at WebSocket.emit (node:events:524:28)
          at WebSocket.emitClose (/data/Workspace/helios/starwards/node_modules/colyseus.js/node_modules/ws/lib/websocket.js:272:10)
          at Socket.socketOnClose (/data/Workspace/helios/starwards/node_modules/colyseus.js/node_modules/ws/lib/websocket.js:1341:15)
          at Socket.emit (node:events:524:28)
          at TCP.<anonymous> (node:net:343:12)

      at ConnectionManager.onConnectionError (modules/core/src/client/connection-manager.ts:144:21)
          at Array.forEach (<anonymous>)

    console.log
      connection error: TypeError: Cannot read properties of undefined (reading 'decoder')
          at wireEvents (/data/Workspace/helios/starwards/node_modules/colyseus-events/src/wire-events.ts:30:40)
          at /data/Workspace/helios/starwards/modules/core/src/client/admin.ts:20:5
          at processTicksAndRejections (node:internal/process/task_queues:95:5)
          at /data/Workspace/helios/starwards/modules/core/src/client/connection-manager.ts:131:21

      at ConnectionManager.onConnectionError (modules/core/src/client/connection-manager.ts:144:21)

    console.log
      connection error: Error: disconnected from server
          at EventEmitter.<anonymous> (/data/Workspace/helios/starwards/modules/core/src/client/driver.ts:53:58)
          at /data/Workspace/helios/starwards/node_modules/colyseus.js/src/core/signal.ts:15:48
          at Array.forEach (<anonymous>)
          at EventEmitter.invoke (/data/Workspace/helios/starwards/node_modules/colyseus.js/src/core/signal.ts:15:19)
          at Function.register.invoke (/data/Workspace/helios/starwards/node_modules/colyseus.js/src/core/signal.ts:57:81)
          at WebSocket.connection.events.onclose (/data/Workspace/helios/starwards/node_modules/colyseus.js/src/Room.ts:89:30)
          at callListener (/data/Workspace/helios/starwards/node_modules/colyseus.js/node_modules/ws/lib/event-target.js:290:14)
          at WebSocket.onClose (/data/Workspace/helios/starwards/node_modules/colyseus.js/node_modules/ws/lib/event-target.js:220:9)
          at WebSocket.emit (node:events:524:28)
          at WebSocket.emitClose (/data/Workspace/helios/starwards/node_modules/colyseus.js/node_modules/ws/lib/websocket.js:272:10)
          at Socket.socketOnClose (/data/Workspace/helios/starwards/node_modules/colyseus.js/node_modules/ws/lib/websocket.js:1341:15)
          at Socket.emit (node:events:524:28)
          at TCP.<anonymous> (node:net:343:12)

      at ConnectionManager.onConnectionError (modules/core/src/client/connection-manager.ts:144:21)
          at Array.forEach (<anonymous>)

    console.log
      connection error: TypeError: Cannot read properties of undefined (reading 'decoder')
          at wireEvents (/data/Workspace/helios/starwards/node_modules/colyseus-events/src/wire-events.ts:30:40)
          at /data/Workspace/helios/starwards/modules/core/src/client/admin.ts:20:5
          at processTicksAndRejections (node:internal/process/task_queues:95:5)
          at /data/Workspace/helios/starwards/modules/core/src/client/connection-manager.ts:131:21

      at ConnectionManager.onConnectionError (modules/core/src/client/connection-manager.ts:144:21)

    console.log
      connection error: Error: disconnected from server
          at EventEmitter.<anonymous> (/data/Workspace/helios/starwards/modules/core/src/client/driver.ts:53:58)
          at /data/Workspace/helios/starwards/node_modules/colyseus.js/src/core/signal.ts:15:48
          at Array.forEach (<anonymous>)
          at EventEmitter.invoke (/data/Workspace/helios/starwards/node_modules/colyseus.js/src/core/signal.ts:15:19)
          at Function.register.invoke (/data/Workspace/helios/starwards/node_modules/colyseus.js/src/core/signal.ts:57:81)
          at WebSocket.connection.events.onclose (/data/Workspace/helios/starwards/node_modules/colyseus.js/src/Room.ts:89:30)
          at callListener (/data/Workspace/helios/starwards/node_modules/colyseus.js/node_modules/ws/lib/event-target.js:290:14)
          at WebSocket.onClose (/data/Workspace/helios/starwards/node_modules/colyseus.js/node_modules/ws/lib/event-target.js:220:9)
          at WebSocket.emit (node:events:524:28)
          at WebSocket.emitClose (/data/Workspace/helios/starwards/node_modules/colyseus.js/node_modules/ws/lib/websocket.js:272:10)
          at Socket.socketOnClose (/data/Workspace/helios/starwards/node_modules/colyseus.js/node_modules/ws/lib/websocket.js:1341:15)
          at Socket.emit (node:events:524:28)
          at TCP.<anonymous> (node:net:343:12)

      at ConnectionManager.onConnectionError (modules/core/src/client/connection-manager.ts:144:21)
          at Array.forEach (<anonymous>)

    console.log
      connection error: TypeError: Cannot read properties of undefined (reading 'decoder')
          at wireEvents (/data/Workspace/helios/starwards/node_modules/colyseus-events/src/wire-events.ts:30:40)
          at /data/Workspace/helios/starwards/modules/core/src/client/admin.ts:20:5
          at processTicksAndRejections (node:internal/process/task_queues:95:5)
          at /data/Workspace/helios/starwards/modules/core/src/client/connection-manager.ts:131:21

      at ConnectionManager.onConnectionError (modules/core/src/client/connection-manager.ts:144:21)

    console.log
      connection error: Error: disconnected from server
          at EventEmitter.<anonymous> (/data/Workspace/helios/starwards/modules/core/src/client/driver.ts:53:58)
          at /data/Workspace/helios/starwards/node_modules/colyseus.js/src/core/signal.ts:15:48
          at Array.forEach (<anonymous>)
          at EventEmitter.invoke (/data/Workspace/helios/starwards/node_modules/colyseus.js/src/core/signal.ts:15:19)
          at Function.register.invoke (/data/Workspace/helios/starwards/node_modules/colyseus.js/src/core/signal.ts:57:81)
          at WebSocket.connection.events.onclose (/data/Workspace/helios/starwards/node_modules/colyseus.js/src/Room.ts:89:30)
          at callListener (/data/Workspace/helios/starwards/node_modules/colyseus.js/node_modules/ws/lib/event-target.js:290:14)
          at WebSocket.onClose (/data/Workspace/helios/starwards/node_modules/colyseus.js/node_modules/ws/lib/event-target.js:220:9)
          at WebSocket.emit (node:events:524:28)
          at WebSocket.emitClose (/data/Workspace/helios/starwards/node_modules/colyseus.js/node_modules/ws/lib/websocket.js:272:10)
          at Socket.socketOnClose (/data/Workspace/helios/starwards/node_modules/colyseus.js/node_modules/ws/lib/websocket.js:1341:15)
          at Socket.emit (node:events:524:28)
          at TCP.<anonymous> (node:net:343:12)

      at ConnectionManager.onConnectionError (modules/core/src/client/connection-manager.ts:144:21)
          at Array.forEach (<anonymous>)

    console.log
      connection error: TypeError: Cannot read properties of undefined (reading 'decoder')
          at wireEvents (/data/Workspace/helios/starwards/node_modules/colyseus-events/src/wire-events.ts:30:40)
          at /data/Workspace/helios/starwards/modules/core/src/client/admin.ts:20:5
          at processTicksAndRejections (node:internal/process/task_queues:95:5)
          at /data/Workspace/helios/starwards/modules/core/src/client/connection-manager.ts:131:21

      at ConnectionManager.onConnectionError (modules/core/src/client/connection-manager.ts:144:21)

    console.log
      connection error: Error: disconnected from server
          at EventEmitter.<anonymous> (/data/Workspace/helios/starwards/modules/core/src/client/driver.ts:53:58)
          at /data/Workspace/helios/starwards/node_modules/colyseus.js/src/core/signal.ts:15:48
          at Array.forEach (<anonymous>)
          at EventEmitter.invoke (/data/Workspace/helios/starwards/node_modules/colyseus.js/src/core/signal.ts:15:19)
          at Function.register.invoke (/data/Workspace/helios/starwards/node_modules/colyseus.js/src/core/signal.ts:57:81)
          at WebSocket.connection.events.onclose (/data/Workspace/helios/starwards/node_modules/colyseus.js/src/Room.ts:89:30)
          at callListener (/data/Workspace/helios/starwards/node_modules/colyseus.js/node_modules/ws/lib/event-target.js:290:14)
          at WebSocket.onClose (/data/Workspace/helios/starwards/node_modules/colyseus.js/node_modules/ws/lib/event-target.js:220:9)
          at WebSocket.emit (node:events:524:28)
          at WebSocket.emitClose (/data/Workspace/helios/starwards/node_modules/colyseus.js/node_modules/ws/lib/websocket.js:272:10)
          at Socket.socketOnClose (/data/Workspace/helios/starwards/node_modules/colyseus.js/node_modules/ws/lib/websocket.js:1341:15)
          at Socket.emit (node:events:524:28)
          at TCP.<anonymous> (node:net:343:12)

      at ConnectionManager.onConnectionError (modules/core/src/client/connection-manager.ts:144:21)
          at Array.forEach (<anonymous>)

    console.log
      connection error: TypeError: Cannot read properties of undefined (reading 'decoder')
          at wireEvents (/data/Workspace/helios/starwards/node_modules/colyseus-events/src/wire-events.ts:30:40)
          at /data/Workspace/helios/starwards/modules/core/src/client/admin.ts:20:5
          at processTicksAndRejections (node:internal/process/task_queues:95:5)
          at /data/Workspace/helios/starwards/modules/core/src/client/connection-manager.ts:131:21

      at ConnectionManager.onConnectionError (modules/core/src/client/connection-manager.ts:144:21)

    console.log
      connection error: Error: disconnected from server
          at EventEmitter.<anonymous> (/data/Workspace/helios/starwards/modules/core/src/client/driver.ts:53:58)
          at /data/Workspace/helios/starwards/node_modules/colyseus.js/src/core/signal.ts:15:48
          at Array.forEach (<anonymous>)
          at EventEmitter.invoke (/data/Workspace/helios/starwards/node_modules/colyseus.js/src/core/signal.ts:15:19)
          at Function.register.invoke (/data/Workspace/helios/starwards/node_modules/colyseus.js/src/core/signal.ts:57:81)
          at WebSocket.connection.events.onclose (/data/Workspace/helios/starwards/node_modules/colyseus.js/src/Room.ts:89:30)
          at callListener (/data/Workspace/helios/starwards/node_modules/colyseus.js/node_modules/ws/lib/event-target.js:290:14)
          at WebSocket.onClose (/data/Workspace/helios/starwards/node_modules/colyseus.js/node_modules/ws/lib/event-target.js:220:9)
          at WebSocket.emit (node:events:524:28)
          at WebSocket.emitClose (/data/Workspace/helios/starwards/node_modules/colyseus.js/node_modules/ws/lib/websocket.js:272:10)
          at Socket.socketOnClose (/data/Workspace/helios/starwards/node_modules/colyseus.js/node_modules/ws/lib/websocket.js:1341:15)
          at Socket.emit (node:events:524:28)
          at TCP.<anonymous> (node:net:343:12)

      at ConnectionManager.onConnectionError (modules/core/src/client/connection-manager.ts:144:21)
          at Array.forEach (<anonymous>)

    console.log
      connection error: TypeError: Cannot read properties of undefined (reading 'decoder')
          at wireEvents (/data/Workspace/helios/starwards/node_modules/colyseus-events/src/wire-events.ts:30:40)
          at /data/Workspace/helios/starwards/modules/core/src/client/admin.ts:20:5
          at processTicksAndRejections (node:internal/process/task_queues:95:5)
          at /data/Workspace/helios/starwards/modules/core/src/client/connection-manager.ts:131:21

      at ConnectionManager.onConnectionError (modules/core/src/client/connection-manager.ts:144:21)

    console.log
      connection error: Error: disconnected from server
          at EventEmitter.<anonymous> (/data/Workspace/helios/starwards/modules/core/src/client/driver.ts:53:58)
          at /data/Workspace/helios/starwards/node_modules/colyseus.js/src/core/signal.ts:15:48
          at Array.forEach (<anonymous>)
          at EventEmitter.invoke (/data/Workspace/helios/starwards/node_modules/colyseus.js/src/core/signal.ts:15:19)
          at Function.register.invoke (/data/Workspace/helios/starwards/node_modules/colyseus.js/src/core/signal.ts:57:81)
          at WebSocket.connection.events.onclose (/data/Workspace/helios/starwards/node_modules/colyseus.js/src/Room.ts:89:30)
          at callListener (/data/Workspace/helios/starwards/node_modules/colyseus.js/node_modules/ws/lib/event-target.js:290:14)
          at WebSocket.onClose (/data/Workspace/helios/starwards/node_modules/colyseus.js/node_modules/ws/lib/event-target.js:220:9)
          at WebSocket.emit (node:events:524:28)
          at WebSocket.emitClose (/data/Workspace/helios/starwards/node_modules/colyseus.js/node_modules/ws/lib/websocket.js:272:10)
          at Socket.socketOnClose (/data/Workspace/helios/starwards/node_modules/colyseus.js/node_modules/ws/lib/websocket.js:1341:15)
          at Socket.emit (node:events:524:28)
          at TCP.<anonymous> (node:net:343:12)

      at ConnectionManager.onConnectionError (modules/core/src/client/connection-manager.ts:144:21)
          at Array.forEach (<anonymous>)

    console.log
      connection error: TypeError: Cannot read properties of undefined (reading 'decoder')
          at wireEvents (/data/Workspace/helios/starwards/node_modules/colyseus-events/src/wire-events.ts:30:40)
          at /data/Workspace/helios/starwards/modules/core/src/client/admin.ts:20:5
          at processTicksAndRejections (node:internal/process/task_queues:95:5)
          at /data/Workspace/helios/starwards/modules/core/src/client/connection-manager.ts:131:21

      at ConnectionManager.onConnectionError (modules/core/src/client/connection-manager.ts:144:21)

    console.log
      connection error: Error: disconnected from server
          at EventEmitter.<anonymous> (/data/Workspace/helios/starwards/modules/core/src/client/driver.ts:53:58)
          at /data/Workspace/helios/starwards/node_modules/colyseus.js/src/core/signal.ts:15:48
          at Array.forEach (<anonymous>)
          at EventEmitter.invoke (/data/Workspace/helios/starwards/node_modules/colyseus.js/src/core/signal.ts:15:19)
          at Function.register.invoke (/data/Workspace/helios/starwards/node_modules/colyseus.js/src/core/signal.ts:57:81)
          at WebSocket.connection.events.onclose (/data/Workspace/helios/starwards/node_modules/colyseus.js/src/Room.ts:89:30)
          at callListener (/data/Workspace/helios/starwards/node_modules/colyseus.js/node_modules/ws/lib/event-target.js:290:14)
          at WebSocket.onClose (/data/Workspace/helios/starwards/node_modules/colyseus.js/node_modules/ws/lib/event-target.js:220:9)
          at WebSocket.emit (node:events:524:28)
          at WebSocket.emitClose (/data/Workspace/helios/starwards/node_modules/colyseus.js/node_modules/ws/lib/websocket.js:272:10)
          at Socket.socketOnClose (/data/Workspace/helios/starwards/node_modules/colyseus.js/node_modules/ws/lib/websocket.js:1341:15)
          at Socket.emit (node:events:524:28)
          at TCP.<anonymous> (node:net:343:12)

      at ConnectionManager.onConnectionError (modules/core/src/client/connection-manager.ts:144:21)
          at Array.forEach (<anonymous>)

    console.log
      connection error: TypeError: Cannot read properties of undefined (reading 'decoder')
          at wireEvents (/data/Workspace/helios/starwards/node_modules/colyseus-events/src/wire-events.ts:30:40)
          at /data/Workspace/helios/starwards/modules/core/src/client/admin.ts:20:5
          at processTicksAndRejections (node:internal/process/task_queues:95:5)
          at /data/Workspace/helios/starwards/modules/core/src/client/connection-manager.ts:131:21

      at ConnectionManager.onConnectionError (modules/core/src/client/connection-manager.ts:144:21)

    console.log
      connection error: Error: disconnected from server
          at EventEmitter.<anonymous> (/data/Workspace/helios/starwards/modules/core/src/client/driver.ts:53:58)
          at /data/Workspace/helios/starwards/node_modules/colyseus.js/src/core/signal.ts:15:48
          at Array.forEach (<anonymous>)
          at EventEmitter.invoke (/data/Workspace/helios/starwards/node_modules/colyseus.js/src/core/signal.ts:15:19)
          at Function.register.invoke (/data/Workspace/helios/starwards/node_modules/colyseus.js/src/core/signal.ts:57:81)
          at WebSocket.connection.events.onclose (/data/Workspace/helios/starwards/node_modules/colyseus.js/src/Room.ts:89:30)
          at callListener (/data/Workspace/helios/starwards/node_modules/colyseus.js/node_modules/ws/lib/event-target.js:290:14)
          at WebSocket.onClose (/data/Workspace/helios/starwards/node_modules/colyseus.js/node_modules/ws/lib/event-target.js:220:9)
          at WebSocket.emit (node:events:524:28)
          at WebSocket.emitClose (/data/Workspace/helios/starwards/node_modules/colyseus.js/node_modules/ws/lib/websocket.js:272:10)
          at Socket.socketOnClose (/data/Workspace/helios/starwards/node_modules/colyseus.js/node_modules/ws/lib/websocket.js:1341:15)
          at Socket.emit (node:events:524:28)
          at TCP.<anonymous> (node:net:343:12)

      at ConnectionManager.onConnectionError (modules/core/src/client/connection-manager.ts:144:21)
          at Array.forEach (<anonymous>)

    console.log
      connection error: TypeError: Cannot read properties of undefined (reading 'decoder')
          at wireEvents (/data/Workspace/helios/starwards/node_modules/colyseus-events/src/wire-events.ts:30:40)
          at /data/Workspace/helios/starwards/modules/core/src/client/admin.ts:20:5
          at processTicksAndRejections (node:internal/process/task_queues:95:5)
          at /data/Workspace/helios/starwards/modules/core/src/client/connection-manager.ts:131:21

      at ConnectionManager.onConnectionError (modules/core/src/client/connection-manager.ts:144:21)

    console.log
      connection error: Error: disconnected from server
          at EventEmitter.<anonymous> (/data/Workspace/helios/starwards/modules/core/src/client/driver.ts:53:58)
          at /data/Workspace/helios/starwards/node_modules/colyseus.js/src/core/signal.ts:15:48
          at Array.forEach (<anonymous>)
          at EventEmitter.invoke (/data/Workspace/helios/starwards/node_modules/colyseus.js/src/core/signal.ts:15:19)
          at Function.register.invoke (/data/Workspace/helios/starwards/node_modules/colyseus.js/src/core/signal.ts:57:81)
          at WebSocket.connection.events.onclose (/data/Workspace/helios/starwards/node_modules/colyseus.js/src/Room.ts:89:30)
          at callListener (/data/Workspace/helios/starwards/node_modules/colyseus.js/node_modules/ws/lib/event-target.js:290:14)
          at WebSocket.onClose (/data/Workspace/helios/starwards/node_modules/colyseus.js/node_modules/ws/lib/event-target.js:220:9)
          at WebSocket.emit (node:events:524:28)
          at WebSocket.emitClose (/data/Workspace/helios/starwards/node_modules/colyseus.js/node_modules/ws/lib/websocket.js:272:10)
          at Socket.socketOnClose (/data/Workspace/helios/starwards/node_modules/colyseus.js/node_modules/ws/lib/websocket.js:1341:15)
          at Socket.emit (node:events:524:28)
          at TCP.<anonymous> (node:net:343:12)

      at ConnectionManager.onConnectionError (modules/core/src/client/connection-manager.ts:144:21)
          at Array.forEach (<anonymous>)

    console.log
      connection error: TypeError: Cannot read properties of undefined (reading 'decoder')
          at wireEvents (/data/Workspace/helios/starwards/node_modules/colyseus-events/src/wire-events.ts:30:40)
          at /data/Workspace/helios/starwards/modules/core/src/client/admin.ts:20:5
          at processTicksAndRejections (node:internal/process/task_queues:95:5)
          at /data/Workspace/helios/starwards/modules/core/src/client/connection-manager.ts:131:21

      at ConnectionManager.onConnectionError (modules/core/src/client/connection-manager.ts:144:21)

    console.log
      connection error: Error: disconnected from server
          at EventEmitter.<anonymous> (/data/Workspace/helios/starwards/modules/core/src/client/driver.ts:53:58)
          at /data/Workspace/helios/starwards/node_modules/colyseus.js/src/core/signal.ts:15:48
          at Array.forEach (<anonymous>)
          at EventEmitter.invoke (/data/Workspace/helios/starwards/node_modules/colyseus.js/src/core/signal.ts:15:19)
          at Function.register.invoke (/data/Workspace/helios/starwards/node_modules/colyseus.js/src/core/signal.ts:57:81)
          at WebSocket.connection.events.onclose (/data/Workspace/helios/starwards/node_modules/colyseus.js/src/Room.ts:89:30)
          at callListener (/data/Workspace/helios/starwards/node_modules/colyseus.js/node_modules/ws/lib/event-target.js:290:14)
          at WebSocket.onClose (/data/Workspace/helios/starwards/node_modules/colyseus.js/node_modules/ws/lib/event-target.js:220:9)
          at WebSocket.emit (node:events:524:28)
          at WebSocket.emitClose (/data/Workspace/helios/starwards/node_modules/colyseus.js/node_modules/ws/lib/websocket.js:272:10)
          at Socket.socketOnClose (/data/Workspace/helios/starwards/node_modules/colyseus.js/node_modules/ws/lib/websocket.js:1341:15)
          at Socket.emit (node:events:524:28)
          at TCP.<anonymous> (node:net:343:12)

      at ConnectionManager.onConnectionError (modules/core/src/client/connection-manager.ts:144:21)
          at Array.forEach (<anonymous>)

    console.log
      connection error: TypeError: Cannot read properties of undefined (reading 'decoder')
          at wireEvents (/data/Workspace/helios/starwards/node_modules/colyseus-events/src/wire-events.ts:30:40)
          at /data/Workspace/helios/starwards/modules/core/src/client/admin.ts:20:5
          at processTicksAndRejections (node:internal/process/task_queues:95:5)
          at /data/Workspace/helios/starwards/modules/core/src/client/connection-manager.ts:131:21

      at ConnectionManager.onConnectionError (modules/core/src/client/connection-manager.ts:144:21)

    console.log
      connection error: Error: disconnected from server
          at EventEmitter.<anonymous> (/data/Workspace/helios/starwards/modules/core/src/client/driver.ts:53:58)
          at /data/Workspace/helios/starwards/node_modules/colyseus.js/src/core/signal.ts:15:48
          at Array.forEach (<anonymous>)
          at EventEmitter.invoke (/data/Workspace/helios/starwards/node_modules/colyseus.js/src/core/signal.ts:15:19)
          at Function.register.invoke (/data/Workspace/helios/starwards/node_modules/colyseus.js/src/core/signal.ts:57:81)
          at WebSocket.connection.events.onclose (/data/Workspace/helios/starwards/node_modules/colyseus.js/src/Room.ts:89:30)
          at callListener (/data/Workspace/helios/starwards/node_modules/colyseus.js/node_modules/ws/lib/event-target.js:290:14)
          at WebSocket.onClose (/data/Workspace/helios/starwards/node_modules/colyseus.js/node_modules/ws/lib/event-target.js:220:9)
          at WebSocket.emit (node:events:524:28)
          at WebSocket.emitClose (/data/Workspace/helios/starwards/node_modules/colyseus.js/node_modules/ws/lib/websocket.js:272:10)
          at Socket.socketOnClose (/data/Workspace/helios/starwards/node_modules/colyseus.js/node_modules/ws/lib/websocket.js:1341:15)
          at Socket.emit (node:events:524:28)
          at TCP.<anonymous> (node:net:343:12)

      at ConnectionManager.onConnectionError (modules/core/src/client/connection-manager.ts:144:21)
          at Array.forEach (<anonymous>)

    console.log
      connection error: TypeError: Cannot read properties of undefined (reading 'decoder')
          at wireEvents (/data/Workspace/helios/starwards/node_modules/colyseus-events/src/wire-events.ts:30:40)
          at /data/Workspace/helios/starwards/modules/core/src/client/admin.ts:20:5
          at processTicksAndRejections (node:internal/process/task_queues:95:5)
          at /data/Workspace/helios/starwards/modules/core/src/client/connection-manager.ts:131:21

      at ConnectionManager.onConnectionError (modules/core/src/client/connection-manager.ts:144:21)

    console.log
      connection error: Error: disconnected from server
          at EventEmitter.<anonymous> (/data/Workspace/helios/starwards/modules/core/src/client/driver.ts:53:58)
          at /data/Workspace/helios/starwards/node_modules/colyseus.js/src/core/signal.ts:15:48
          at Array.forEach (<anonymous>)
          at EventEmitter.invoke (/data/Workspace/helios/starwards/node_modules/colyseus.js/src/core/signal.ts:15:19)
          at Function.register.invoke (/data/Workspace/helios/starwards/node_modules/colyseus.js/src/core/signal.ts:57:81)
          at WebSocket.connection.events.onclose (/data/Workspace/helios/starwards/node_modules/colyseus.js/src/Room.ts:89:30)
          at callListener (/data/Workspace/helios/starwards/node_modules/colyseus.js/node_modules/ws/lib/event-target.js:290:14)
          at WebSocket.onClose (/data/Workspace/helios/starwards/node_modules/colyseus.js/node_modules/ws/lib/event-target.js:220:9)
          at WebSocket.emit (node:events:524:28)
          at WebSocket.emitClose (/data/Workspace/helios/starwards/node_modules/colyseus.js/node_modules/ws/lib/websocket.js:272:10)
          at Socket.socketOnClose (/data/Workspace/helios/starwards/node_modules/colyseus.js/node_modules/ws/lib/websocket.js:1341:15)
          at Socket.emit (node:events:524:28)
          at TCP.<anonymous> (node:net:343:12)

      at ConnectionManager.onConnectionError (modules/core/src/client/connection-manager.ts:144:21)
          at Array.forEach (<anonymous>)

    console.log
      connection error: TypeError: Cannot read properties of undefined (reading 'decoder')
          at wireEvents (/data/Workspace/helios/starwards/node_modules/colyseus-events/src/wire-events.ts:30:40)
          at /data/Workspace/helios/starwards/modules/core/src/client/admin.ts:20:5
          at processTicksAndRejections (node:internal/process/task_queues:95:5)
          at /data/Workspace/helios/starwards/modules/core/src/client/connection-manager.ts:131:21

      at ConnectionManager.onConnectionError (modules/core/src/client/connection-manager.ts:144:21)

    console.log
      connection error: Error: disconnected from server
          at EventEmitter.<anonymous> (/data/Workspace/helios/starwards/modules/core/src/client/driver.ts:53:58)
          at /data/Workspace/helios/starwards/node_modules/colyseus.js/src/core/signal.ts:15:48
          at Array.forEach (<anonymous>)
          at EventEmitter.invoke (/data/Workspace/helios/starwards/node_modules/colyseus.js/src/core/signal.ts:15:19)
          at Function.register.invoke (/data/Workspace/helios/starwards/node_modules/colyseus.js/src/core/signal.ts:57:81)
          at WebSocket.connection.events.onclose (/data/Workspace/helios/starwards/node_modules/colyseus.js/src/Room.ts:89:30)
          at callListener (/data/Workspace/helios/starwards/node_modules/colyseus.js/node_modules/ws/lib/event-target.js:290:14)
          at WebSocket.onClose (/data/Workspace/helios/starwards/node_modules/colyseus.js/node_modules/ws/lib/event-target.js:220:9)
          at WebSocket.emit (node:events:524:28)
          at WebSocket.emitClose (/data/Workspace/helios/starwards/node_modules/colyseus.js/node_modules/ws/lib/websocket.js:272:10)
          at Socket.socketOnClose (/data/Workspace/helios/starwards/node_modules/colyseus.js/node_modules/ws/lib/websocket.js:1341:15)
          at Socket.emit (node:events:524:28)
          at TCP.<anonymous> (node:net:343:12)

      at ConnectionManager.onConnectionError (modules/core/src/client/connection-manager.ts:144:21)
          at Array.forEach (<anonymous>)

    console.log
      connection error: TypeError: Cannot read properties of undefined (reading 'decoder')
          at wireEvents (/data/Workspace/helios/starwards/node_modules/colyseus-events/src/wire-events.ts:30:40)
          at /data/Workspace/helios/starwards/modules/core/src/client/admin.ts:20:5
          at processTicksAndRejections (node:internal/process/task_queues:95:5)
          at /data/Workspace/helios/starwards/modules/core/src/client/connection-manager.ts:131:21

      at ConnectionManager.onConnectionError (modules/core/src/client/connection-manager.ts:144:21)

    console.log
      connection error: Error: disconnected from server
          at EventEmitter.<anonymous> (/data/Workspace/helios/starwards/modules/core/src/client/driver.ts:53:58)
          at /data/Workspace/helios/starwards/node_modules/colyseus.js/src/core/signal.ts:15:48
          at Array.forEach (<anonymous>)
          at EventEmitter.invoke (/data/Workspace/helios/starwards/node_modules/colyseus.js/src/core/signal.ts:15:19)
          at Function.register.invoke (/data/Workspace/helios/starwards/node_modules/colyseus.js/src/core/signal.ts:57:81)
          at WebSocket.connection.events.onclose (/data/Workspace/helios/starwards/node_modules/colyseus.js/src/Room.ts:89:30)
          at callListener (/data/Workspace/helios/starwards/node_modules/colyseus.js/node_modules/ws/lib/event-target.js:290:14)
          at WebSocket.onClose (/data/Workspace/helios/starwards/node_modules/colyseus.js/node_modules/ws/lib/event-target.js:220:9)
          at WebSocket.emit (node:events:524:28)
          at WebSocket.emitClose (/data/Workspace/helios/starwards/node_modules/colyseus.js/node_modules/ws/lib/websocket.js:272:10)
          at Socket.socketOnClose (/data/Workspace/helios/starwards/node_modules/colyseus.js/node_modules/ws/lib/websocket.js:1341:15)
          at Socket.emit (node:events:524:28)
          at TCP.<anonymous> (node:net:343:12)

      at ConnectionManager.onConnectionError (modules/core/src/client/connection-manager.ts:144:21)
          at Array.forEach (<anonymous>)

    console.log
      connection error: TypeError: Cannot read properties of undefined (reading 'decoder')
          at wireEvents (/data/Workspace/helios/starwards/node_modules/colyseus-events/src/wire-events.ts:30:40)
          at /data/Workspace/helios/starwards/modules/core/src/client/admin.ts:20:5
          at processTicksAndRejections (node:internal/process/task_queues:95:5)
          at /data/Workspace/helios/starwards/modules/core/src/client/connection-manager.ts:131:21

      at ConnectionManager.onConnectionError (modules/core/src/client/connection-manager.ts:144:21)

    console.log
      connection error: Error: disconnected from server
          at EventEmitter.<anonymous> (/data/Workspace/helios/starwards/modules/core/src/client/driver.ts:53:58)
          at /data/Workspace/helios/starwards/node_modules/colyseus.js/src/core/signal.ts:15:48
          at Array.forEach (<anonymous>)
          at EventEmitter.invoke (/data/Workspace/helios/starwards/node_modules/colyseus.js/src/core/signal.ts:15:19)
          at Function.register.invoke (/data/Workspace/helios/starwards/node_modules/colyseus.js/src/core/signal.ts:57:81)
          at WebSocket.connection.events.onclose (/data/Workspace/helios/starwards/node_modules/colyseus.js/src/Room.ts:89:30)
          at callListener (/data/Workspace/helios/starwards/node_modules/colyseus.js/node_modules/ws/lib/event-target.js:290:14)
          at WebSocket.onClose (/data/Workspace/helios/starwards/node_modules/colyseus.js/node_modules/ws/lib/event-target.js:220:9)
          at WebSocket.emit (node:events:524:28)
          at WebSocket.emitClose (/data/Workspace/helios/starwards/node_modules/colyseus.js/node_modules/ws/lib/websocket.js:272:10)
          at Socket.socketOnClose (/data/Workspace/helios/starwards/node_modules/colyseus.js/node_modules/ws/lib/websocket.js:1341:15)
          at Socket.emit (node:events:524:28)
          at TCP.<anonymous> (node:net:343:12)

      at ConnectionManager.onConnectionError (modules/core/src/client/connection-manager.ts:144:21)
          at Array.forEach (<anonymous>)

    console.log
      connection error: TypeError: Cannot read properties of undefined (reading 'decoder')
          at wireEvents (/data/Workspace/helios/starwards/node_modules/colyseus-events/src/wire-events.ts:30:40)
          at /data/Workspace/helios/starwards/modules/core/src/client/admin.ts:20:5
          at processTicksAndRejections (node:internal/process/task_queues:95:5)
          at /data/Workspace/helios/starwards/modules/core/src/client/connection-manager.ts:131:21

      at ConnectionManager.onConnectionError (modules/core/src/client/connection-manager.ts:144:21)

    console.log
      connection error: Error: disconnected from server
          at EventEmitter.<anonymous> (/data/Workspace/helios/starwards/modules/core/src/client/driver.ts:53:58)
          at /data/Workspace/helios/starwards/node_modules/colyseus.js/src/core/signal.ts:15:48
          at Array.forEach (<anonymous>)
          at EventEmitter.invoke (/data/Workspace/helios/starwards/node_modules/colyseus.js/src/core/signal.ts:15:19)
          at Function.register.invoke (/data/Workspace/helios/starwards/node_modules/colyseus.js/src/core/signal.ts:57:81)
          at WebSocket.connection.events.onclose (/data/Workspace/helios/starwards/node_modules/colyseus.js/src/Room.ts:89:30)
          at callListener (/data/Workspace/helios/starwards/node_modules/colyseus.js/node_modules/ws/lib/event-target.js:290:14)
          at WebSocket.onClose (/data/Workspace/helios/starwards/node_modules/colyseus.js/node_modules/ws/lib/event-target.js:220:9)
          at WebSocket.emit (node:events:524:28)
          at WebSocket.emitClose (/data/Workspace/helios/starwards/node_modules/colyseus.js/node_modules/ws/lib/websocket.js:272:10)
          at Socket.socketOnClose (/data/Workspace/helios/starwards/node_modules/colyseus.js/node_modules/ws/lib/websocket.js:1341:15)
          at Socket.emit (node:events:524:28)
          at TCP.<anonymous> (node:net:343:12)

      at ConnectionManager.onConnectionError (modules/core/src/client/connection-manager.ts:144:21)
          at Array.forEach (<anonymous>)

    console.log
      connection error: TypeError: Cannot read properties of undefined (reading 'decoder')
          at wireEvents (/data/Workspace/helios/starwards/node_modules/colyseus-events/src/wire-events.ts:30:40)
          at /data/Workspace/helios/starwards/modules/core/src/client/admin.ts:20:5
          at processTicksAndRejections (node:internal/process/task_queues:95:5)
          at /data/Workspace/helios/starwards/modules/core/src/client/connection-manager.ts:131:21

      at ConnectionManager.onConnectionError (modules/core/src/client/connection-manager.ts:144:21)

    console.log
      connection error: Error: disconnected from server
          at EventEmitter.<anonymous> (/data/Workspace/helios/starwards/modules/core/src/client/driver.ts:53:58)
          at /data/Workspace/helios/starwards/node_modules/colyseus.js/src/core/signal.ts:15:48
          at Array.forEach (<anonymous>)
          at EventEmitter.invoke (/data/Workspace/helios/starwards/node_modules/colyseus.js/src/core/signal.ts:15:19)
          at Function.register.invoke (/data/Workspace/helios/starwards/node_modules/colyseus.js/src/core/signal.ts:57:81)
          at WebSocket.connection.events.onclose (/data/Workspace/helios/starwards/node_modules/colyseus.js/src/Room.ts:89:30)
          at callListener (/data/Workspace/helios/starwards/node_modules/colyseus.js/node_modules/ws/lib/event-target.js:290:14)
          at WebSocket.onClose (/data/Workspace/helios/starwards/node_modules/colyseus.js/node_modules/ws/lib/event-target.js:220:9)
          at WebSocket.emit (node:events:524:28)
          at WebSocket.emitClose (/data/Workspace/helios/starwards/node_modules/colyseus.js/node_modules/ws/lib/websocket.js:272:10)
          at Socket.socketOnClose (/data/Workspace/helios/starwards/node_modules/colyseus.js/node_modules/ws/lib/websocket.js:1341:15)
          at Socket.emit (node:events:524:28)
          at TCP.<anonymous> (node:net:343:12)

      at ConnectionManager.onConnectionError (modules/core/src/client/connection-manager.ts:144:21)
          at Array.forEach (<anonymous>)

    console.log
      connection error: TypeError: Cannot read properties of undefined (reading 'decoder')
          at wireEvents (/data/Workspace/helios/starwards/node_modules/colyseus-events/src/wire-events.ts:30:40)
          at /data/Workspace/helios/starwards/modules/core/src/client/admin.ts:20:5
          at processTicksAndRejections (node:internal/process/task_queues:95:5)
          at /data/Workspace/helios/starwards/modules/core/src/client/connection-manager.ts:131:21

      at ConnectionManager.onConnectionError (modules/core/src/client/connection-manager.ts:144:21)

    console.log
      connection error: Error: disconnected from server
          at EventEmitter.<anonymous> (/data/Workspace/helios/starwards/modules/core/src/client/driver.ts:53:58)
          at /data/Workspace/helios/starwards/node_modules/colyseus.js/src/core/signal.ts:15:48
          at Array.forEach (<anonymous>)
          at EventEmitter.invoke (/data/Workspace/helios/starwards/node_modules/colyseus.js/src/core/signal.ts:15:19)
          at Function.register.invoke (/data/Workspace/helios/starwards/node_modules/colyseus.js/src/core/signal.ts:57:81)
          at WebSocket.connection.events.onclose (/data/Workspace/helios/starwards/node_modules/colyseus.js/src/Room.ts:89:30)
          at callListener (/data/Workspace/helios/starwards/node_modules/colyseus.js/node_modules/ws/lib/event-target.js:290:14)
          at WebSocket.onClose (/data/Workspace/helios/starwards/node_modules/colyseus.js/node_modules/ws/lib/event-target.js:220:9)
          at WebSocket.emit (node:events:524:28)
          at WebSocket.emitClose (/data/Workspace/helios/starwards/node_modules/colyseus.js/node_modules/ws/lib/websocket.js:272:10)
          at Socket.socketOnClose (/data/Workspace/helios/starwards/node_modules/colyseus.js/node_modules/ws/lib/websocket.js:1341:15)
          at Socket.emit (node:events:524:28)
          at TCP.<anonymous> (node:net:343:12)

      at ConnectionManager.onConnectionError (modules/core/src/client/connection-manager.ts:144:21)
          at Array.forEach (<anonymous>)

    console.log
      connection error: TypeError: Cannot read properties of undefined (reading 'decoder')
          at wireEvents (/data/Workspace/helios/starwards/node_modules/colyseus-events/src/wire-events.ts:30:40)
          at /data/Workspace/helios/starwards/modules/core/src/client/admin.ts:20:5
          at processTicksAndRejections (node:internal/process/task_queues:95:5)
          at /data/Workspace/helios/starwards/modules/core/src/client/connection-manager.ts:131:21

      at ConnectionManager.onConnectionError (modules/core/src/client/connection-manager.ts:144:21)

    console.log
      connection error: Error: disconnected from server
          at EventEmitter.<anonymous> (/data/Workspace/helios/starwards/modules/core/src/client/driver.ts:53:58)
          at /data/Workspace/helios/starwards/node_modules/colyseus.js/src/core/signal.ts:15:48
          at Array.forEach (<anonymous>)
          at EventEmitter.invoke (/data/Workspace/helios/starwards/node_modules/colyseus.js/src/core/signal.ts:15:19)
          at Function.register.invoke (/data/Workspace/helios/starwards/node_modules/colyseus.js/src/core/signal.ts:57:81)
          at WebSocket.connection.events.onclose (/data/Workspace/helios/starwards/node_modules/colyseus.js/src/Room.ts:89:30)
          at callListener (/data/Workspace/helios/starwards/node_modules/colyseus.js/node_modules/ws/lib/event-target.js:290:14)
          at WebSocket.onClose (/data/Workspace/helios/starwards/node_modules/colyseus.js/node_modules/ws/lib/event-target.js:220:9)
          at WebSocket.emit (node:events:524:28)
          at WebSocket.emitClose (/data/Workspace/helios/starwards/node_modules/colyseus.js/node_modules/ws/lib/websocket.js:272:10)
          at Socket.socketOnClose (/data/Workspace/helios/starwards/node_modules/colyseus.js/node_modules/ws/lib/websocket.js:1341:15)
          at Socket.emit (node:events:524:28)
          at TCP.<anonymous> (node:net:343:12)

      at ConnectionManager.onConnectionError (modules/core/src/client/connection-manager.ts:144:21)
          at Array.forEach (<anonymous>)

    console.log
      connection error: TypeError: Cannot read properties of undefined (reading 'decoder')
          at wireEvents (/data/Workspace/helios/starwards/node_modules/colyseus-events/src/wire-events.ts:30:40)
          at /data/Workspace/helios/starwards/modules/core/src/client/admin.ts:20:5
          at processTicksAndRejections (node:internal/process/task_queues:95:5)
          at /data/Workspace/helios/starwards/modules/core/src/client/connection-manager.ts:131:21

      at ConnectionManager.onConnectionError (modules/core/src/client/connection-manager.ts:144:21)

    console.log
      connection error: Error: disconnected from server
          at EventEmitter.<anonymous> (/data/Workspace/helios/starwards/modules/core/src/client/driver.ts:53:58)
          at /data/Workspace/helios/starwards/node_modules/colyseus.js/src/core/signal.ts:15:48
          at Array.forEach (<anonymous>)
          at EventEmitter.invoke (/data/Workspace/helios/starwards/node_modules/colyseus.js/src/core/signal.ts:15:19)
          at Function.register.invoke (/data/Workspace/helios/starwards/node_modules/colyseus.js/src/core/signal.ts:57:81)
          at WebSocket.connection.events.onclose (/data/Workspace/helios/starwards/node_modules/colyseus.js/src/Room.ts:89:30)
          at callListener (/data/Workspace/helios/starwards/node_modules/colyseus.js/node_modules/ws/lib/event-target.js:290:14)
          at WebSocket.onClose (/data/Workspace/helios/starwards/node_modules/colyseus.js/node_modules/ws/lib/event-target.js:220:9)
          at WebSocket.emit (node:events:524:28)
          at WebSocket.emitClose (/data/Workspace/helios/starwards/node_modules/colyseus.js/node_modules/ws/lib/websocket.js:272:10)
          at Socket.socketOnClose (/data/Workspace/helios/starwards/node_modules/colyseus.js/node_modules/ws/lib/websocket.js:1341:15)
          at Socket.emit (node:events:524:28)
          at TCP.<anonymous> (node:net:343:12)

      at ConnectionManager.onConnectionError (modules/core/src/client/connection-manager.ts:144:21)
          at Array.forEach (<anonymous>)

    console.log
      connection error: TypeError: Cannot read properties of undefined (reading 'decoder')
          at wireEvents (/data/Workspace/helios/starwards/node_modules/colyseus-events/src/wire-events.ts:30:40)
          at /data/Workspace/helios/starwards/modules/core/src/client/admin.ts:20:5
          at processTicksAndRejections (node:internal/process/task_queues:95:5)
          at /data/Workspace/helios/starwards/modules/core/src/client/connection-manager.ts:131:21

      at ConnectionManager.onConnectionError (modules/core/src/client/connection-manager.ts:144:21)

    console.log
      connection error: Error: disconnected from server
          at EventEmitter.<anonymous> (/data/Workspace/helios/starwards/modules/core/src/client/driver.ts:53:58)
          at /data/Workspace/helios/starwards/node_modules/colyseus.js/src/core/signal.ts:15:48
          at Array.forEach (<anonymous>)
          at EventEmitter.invoke (/data/Workspace/helios/starwards/node_modules/colyseus.js/src/core/signal.ts:15:19)
          at Function.register.invoke (/data/Workspace/helios/starwards/node_modules/colyseus.js/src/core/signal.ts:57:81)
          at WebSocket.connection.events.onclose (/data/Workspace/helios/starwards/node_modules/colyseus.js/src/Room.ts:89:30)
          at callListener (/data/Workspace/helios/starwards/node_modules/colyseus.js/node_modules/ws/lib/event-target.js:290:14)
          at WebSocket.onClose (/data/Workspace/helios/starwards/node_modules/colyseus.js/node_modules/ws/lib/event-target.js:220:9)
          at WebSocket.emit (node:events:524:28)
          at WebSocket.emitClose (/data/Workspace/helios/starwards/node_modules/colyseus.js/node_modules/ws/lib/websocket.js:272:10)
          at Socket.socketOnClose (/data/Workspace/helios/starwards/node_modules/colyseus.js/node_modules/ws/lib/websocket.js:1341:15)
          at Socket.emit (node:events:524:28)
          at TCP.<anonymous> (node:net:343:12)

      at ConnectionManager.onConnectionError (modules/core/src/client/connection-manager.ts:144:21)
          at Array.forEach (<anonymous>)

    console.log
      connection error: TypeError: Cannot read properties of undefined (reading 'decoder')
          at wireEvents (/data/Workspace/helios/starwards/node_modules/colyseus-events/src/wire-events.ts:30:40)
          at /data/Workspace/helios/starwards/modules/core/src/client/admin.ts:20:5
          at processTicksAndRejections (node:internal/process/task_queues:95:5)
          at /data/Workspace/helios/starwards/modules/core/src/client/connection-manager.ts:131:21

      at ConnectionManager.onConnectionError (modules/core/src/client/connection-manager.ts:144:21)

    console.log
      connection error: Error: disconnected from server
          at EventEmitter.<anonymous> (/data/Workspace/helios/starwards/modules/core/src/client/driver.ts:53:58)
          at /data/Workspace/helios/starwards/node_modules/colyseus.js/src/core/signal.ts:15:48
          at Array.forEach (<anonymous>)
          at EventEmitter.invoke (/data/Workspace/helios/starwards/node_modules/colyseus.js/src/core/signal.ts:15:19)
          at Function.register.invoke (/data/Workspace/helios/starwards/node_modules/colyseus.js/src/core/signal.ts:57:81)
          at WebSocket.connection.events.onclose (/data/Workspace/helios/starwards/node_modules/colyseus.js/src/Room.ts:89:30)
          at callListener (/data/Workspace/helios/starwards/node_modules/colyseus.js/node_modules/ws/lib/event-target.js:290:14)
          at WebSocket.onClose (/data/Workspace/helios/starwards/node_modules/colyseus.js/node_modules/ws/lib/event-target.js:220:9)
          at WebSocket.emit (node:events:524:28)
          at WebSocket.emitClose (/data/Workspace/helios/starwards/node_modules/colyseus.js/node_modules/ws/lib/websocket.js:272:10)
          at Socket.socketOnClose (/data/Workspace/helios/starwards/node_modules/colyseus.js/node_modules/ws/lib/websocket.js:1341:15)
          at Socket.emit (node:events:524:28)
          at TCP.<anonymous> (node:net:343:12)

      at ConnectionManager.onConnectionError (modules/core/src/client/connection-manager.ts:144:21)
          at Array.forEach (<anonymous>)

    console.log
      connection error: TypeError: Cannot read properties of undefined (reading 'decoder')
          at wireEvents (/data/Workspace/helios/starwards/node_modules/colyseus-events/src/wire-events.ts:30:40)
          at /data/Workspace/helios/starwards/modules/core/src/client/admin.ts:20:5
          at processTicksAndRejections (node:internal/process/task_queues:95:5)
          at /data/Workspace/helios/starwards/modules/core/src/client/connection-manager.ts:131:21

      at ConnectionManager.onConnectionError (modules/core/src/client/connection-manager.ts:144:21)

    console.log
      connection error: Error: disconnected from server
          at EventEmitter.<anonymous> (/data/Workspace/helios/starwards/modules/core/src/client/driver.ts:53:58)
          at /data/Workspace/helios/starwards/node_modules/colyseus.js/src/core/signal.ts:15:48
          at Array.forEach (<anonymous>)
          at EventEmitter.invoke (/data/Workspace/helios/starwards/node_modules/colyseus.js/src/core/signal.ts:15:19)
          at Function.register.invoke (/data/Workspace/helios/starwards/node_modules/colyseus.js/src/core/signal.ts:57:81)
          at WebSocket.connection.events.onclose (/data/Workspace/helios/starwards/node_modules/colyseus.js/src/Room.ts:89:30)
          at callListener (/data/Workspace/helios/starwards/node_modules/colyseus.js/node_modules/ws/lib/event-target.js:290:14)
          at WebSocket.onClose (/data/Workspace/helios/starwards/node_modules/colyseus.js/node_modules/ws/lib/event-target.js:220:9)
          at WebSocket.emit (node:events:524:28)
          at WebSocket.emitClose (/data/Workspace/helios/starwards/node_modules/colyseus.js/node_modules/ws/lib/websocket.js:272:10)
          at Socket.socketOnClose (/data/Workspace/helios/starwards/node_modules/colyseus.js/node_modules/ws/lib/websocket.js:1341:15)
          at Socket.emit (node:events:524:28)
          at TCP.<anonymous> (node:net:343:12)

      at ConnectionManager.onConnectionError (modules/core/src/client/connection-manager.ts:144:21)
          at Array.forEach (<anonymous>)

    console.log
      connection error: TypeError: Cannot read properties of undefined (reading 'decoder')
          at wireEvents (/data/Workspace/helios/starwards/node_modules/colyseus-events/src/wire-events.ts:30:40)
          at /data/Workspace/helios/starwards/modules/core/src/client/admin.ts:20:5
          at processTicksAndRejections (node:internal/process/task_queues:95:5)
          at /data/Workspace/helios/starwards/modules/core/src/client/connection-manager.ts:131:21

      at ConnectionManager.onConnectionError (modules/core/src/client/connection-manager.ts:144:21)

    console.log
      connection error: Error: disconnected from server
          at EventEmitter.<anonymous> (/data/Workspace/helios/starwards/modules/core/src/client/driver.ts:53:58)
          at /data/Workspace/helios/starwards/node_modules/colyseus.js/src/core/signal.ts:15:48
          at Array.forEach (<anonymous>)
          at EventEmitter.invoke (/data/Workspace/helios/starwards/node_modules/colyseus.js/src/core/signal.ts:15:19)
          at Function.register.invoke (/data/Workspace/helios/starwards/node_modules/colyseus.js/src/core/signal.ts:57:81)
          at WebSocket.connection.events.onclose (/data/Workspace/helios/starwards/node_modules/colyseus.js/src/Room.ts:89:30)
          at callListener (/data/Workspace/helios/starwards/node_modules/colyseus.js/node_modules/ws/lib/event-target.js:290:14)
          at WebSocket.onClose (/data/Workspace/helios/starwards/node_modules/colyseus.js/node_modules/ws/lib/event-target.js:220:9)
          at WebSocket.emit (node:events:524:28)
          at WebSocket.emitClose (/data/Workspace/helios/starwards/node_modules/colyseus.js/node_modules/ws/lib/websocket.js:272:10)
          at Socket.socketOnClose (/data/Workspace/helios/starwards/node_modules/colyseus.js/node_modules/ws/lib/websocket.js:1341:15)
          at Socket.emit (node:events:524:28)
          at TCP.<anonymous> (node:net:343:12)

      at ConnectionManager.onConnectionError (modules/core/src/client/connection-manager.ts:144:21)
          at Array.forEach (<anonymous>)

    console.log
      connection error: TypeError: Cannot read properties of undefined (reading 'decoder')
          at wireEvents (/data/Workspace/helios/starwards/node_modules/colyseus-events/src/wire-events.ts:30:40)
          at /data/Workspace/helios/starwards/modules/core/src/client/admin.ts:20:5
          at processTicksAndRejections (node:internal/process/task_queues:95:5)
          at /data/Workspace/helios/starwards/modules/core/src/client/connection-manager.ts:131:21

      at ConnectionManager.onConnectionError (modules/core/src/client/connection-manager.ts:144:21)

    console.log
      connection error: Error: disconnected from server
          at EventEmitter.<anonymous> (/data/Workspace/helios/starwards/modules/core/src/client/driver.ts:53:58)
          at /data/Workspace/helios/starwards/node_modules/colyseus.js/src/core/signal.ts:15:48
          at Array.forEach (<anonymous>)
          at EventEmitter.invoke (/data/Workspace/helios/starwards/node_modules/colyseus.js/src/core/signal.ts:15:19)
          at Function.register.invoke (/data/Workspace/helios/starwards/node_modules/colyseus.js/src/core/signal.ts:57:81)
          at WebSocket.connection.events.onclose (/data/Workspace/helios/starwards/node_modules/colyseus.js/src/Room.ts:89:30)
          at callListener (/data/Workspace/helios/starwards/node_modules/colyseus.js/node_modules/ws/lib/event-target.js:290:14)
          at WebSocket.onClose (/data/Workspace/helios/starwards/node_modules/colyseus.js/node_modules/ws/lib/event-target.js:220:9)
          at WebSocket.emit (node:events:524:28)
          at WebSocket.emitClose (/data/Workspace/helios/starwards/node_modules/colyseus.js/node_modules/ws/lib/websocket.js:272:10)
          at Socket.socketOnClose (/data/Workspace/helios/starwards/node_modules/colyseus.js/node_modules/ws/lib/websocket.js:1341:15)
          at Socket.emit (node:events:524:28)
          at TCP.<anonymous> (node:net:343:12)

      at ConnectionManager.onConnectionError (modules/core/src/client/connection-manager.ts:144:21)
          at Array.forEach (<anonymous>)

    console.log
      connection error: TypeError: Cannot read properties of undefined (reading 'decoder')
          at wireEvents (/data/Workspace/helios/starwards/node_modules/colyseus-events/src/wire-events.ts:30:40)
          at /data/Workspace/helios/starwards/modules/core/src/client/admin.ts:20:5
          at processTicksAndRejections (node:internal/process/task_queues:95:5)
          at /data/Workspace/helios/starwards/modules/core/src/client/connection-manager.ts:131:21

      at ConnectionManager.onConnectionError (modules/core/src/client/connection-manager.ts:144:21)

    console.log
      connection error: Error: disconnected from server
          at EventEmitter.<anonymous> (/data/Workspace/helios/starwards/modules/core/src/client/driver.ts:53:58)
          at /data/Workspace/helios/starwards/node_modules/colyseus.js/src/core/signal.ts:15:48
          at Array.forEach (<anonymous>)
          at EventEmitter.invoke (/data/Workspace/helios/starwards/node_modules/colyseus.js/src/core/signal.ts:15:19)
          at Function.register.invoke (/data/Workspace/helios/starwards/node_modules/colyseus.js/src/core/signal.ts:57:81)
          at WebSocket.connection.events.onclose (/data/Workspace/helios/starwards/node_modules/colyseus.js/src/Room.ts:89:30)
          at callListener (/data/Workspace/helios/starwards/node_modules/colyseus.js/node_modules/ws/lib/event-target.js:290:14)
          at WebSocket.onClose (/data/Workspace/helios/starwards/node_modules/colyseus.js/node_modules/ws/lib/event-target.js:220:9)
          at WebSocket.emit (node:events:524:28)
          at WebSocket.emitClose (/data/Workspace/helios/starwards/node_modules/colyseus.js/node_modules/ws/lib/websocket.js:272:10)
          at Socket.socketOnClose (/data/Workspace/helios/starwards/node_modules/colyseus.js/node_modules/ws/lib/websocket.js:1341:15)
          at Socket.emit (node:events:524:28)
          at TCP.<anonymous> (node:net:343:12)

      at ConnectionManager.onConnectionError (modules/core/src/client/connection-manager.ts:144:21)
          at Array.forEach (<anonymous>)

    console.log
      connection error: TypeError: Cannot read properties of undefined (reading 'decoder')
          at wireEvents (/data/Workspace/helios/starwards/node_modules/colyseus-events/src/wire-events.ts:30:40)
          at /data/Workspace/helios/starwards/modules/core/src/client/admin.ts:20:5
          at processTicksAndRejections (node:internal/process/task_queues:95:5)
          at /data/Workspace/helios/starwards/modules/core/src/client/connection-manager.ts:131:21

      at ConnectionManager.onConnectionError (modules/core/src/client/connection-manager.ts:144:21)

    console.log
      connection error: Error: disconnected from server
          at EventEmitter.<anonymous> (/data/Workspace/helios/starwards/modules/core/src/client/driver.ts:53:58)
          at /data/Workspace/helios/starwards/node_modules/colyseus.js/src/core/signal.ts:15:48
          at Array.forEach (<anonymous>)
          at EventEmitter.invoke (/data/Workspace/helios/starwards/node_modules/colyseus.js/src/core/signal.ts:15:19)
          at Function.register.invoke (/data/Workspace/helios/starwards/node_modules/colyseus.js/src/core/signal.ts:57:81)
          at WebSocket.connection.events.onclose (/data/Workspace/helios/starwards/node_modules/colyseus.js/src/Room.ts:89:30)
          at callListener (/data/Workspace/helios/starwards/node_modules/colyseus.js/node_modules/ws/lib/event-target.js:290:14)
          at WebSocket.onClose (/data/Workspace/helios/starwards/node_modules/colyseus.js/node_modules/ws/lib/event-target.js:220:9)
          at WebSocket.emit (node:events:524:28)
          at WebSocket.emitClose (/data/Workspace/helios/starwards/node_modules/colyseus.js/node_modules/ws/lib/websocket.js:272:10)
          at Socket.socketOnClose (/data/Workspace/helios/starwards/node_modules/colyseus.js/node_modules/ws/lib/websocket.js:1341:15)
          at Socket.emit (node:events:524:28)
          at TCP.<anonymous> (node:net:343:12)

      at ConnectionManager.onConnectionError (modules/core/src/client/connection-manager.ts:144:21)
          at Array.forEach (<anonymous>)

    console.log
      connection error: TypeError: Cannot read properties of undefined (reading 'decoder')
          at wireEvents (/data/Workspace/helios/starwards/node_modules/colyseus-events/src/wire-events.ts:30:40)
          at /data/Workspace/helios/starwards/modules/core/src/client/admin.ts:20:5
          at processTicksAndRejections (node:internal/process/task_queues:95:5)
          at /data/Workspace/helios/starwards/modules/core/src/client/connection-manager.ts:131:21

      at ConnectionManager.onConnectionError (modules/core/src/client/connection-manager.ts:144:21)

    console.log
      connection error: Error: disconnected from server
          at EventEmitter.<anonymous> (/data/Workspace/helios/starwards/modules/core/src/client/driver.ts:53:58)
          at /data/Workspace/helios/starwards/node_modules/colyseus.js/src/core/signal.ts:15:48
          at Array.forEach (<anonymous>)
          at EventEmitter.invoke (/data/Workspace/helios/starwards/node_modules/colyseus.js/src/core/signal.ts:15:19)
          at Function.register.invoke (/data/Workspace/helios/starwards/node_modules/colyseus.js/src/core/signal.ts:57:81)
          at WebSocket.connection.events.onclose (/data/Workspace/helios/starwards/node_modules/colyseus.js/src/Room.ts:89:30)
          at callListener (/data/Workspace/helios/starwards/node_modules/colyseus.js/node_modules/ws/lib/event-target.js:290:14)
          at WebSocket.onClose (/data/Workspace/helios/starwards/node_modules/colyseus.js/node_modules/ws/lib/event-target.js:220:9)
          at WebSocket.emit (node:events:524:28)
          at WebSocket.emitClose (/data/Workspace/helios/starwards/node_modules/colyseus.js/node_modules/ws/lib/websocket.js:272:10)
          at Socket.socketOnClose (/data/Workspace/helios/starwards/node_modules/colyseus.js/node_modules/ws/lib/websocket.js:1341:15)
          at Socket.emit (node:events:524:28)
          at TCP.<anonymous> (node:net:343:12)

      at ConnectionManager.onConnectionError (modules/core/src/client/connection-manager.ts:144:21)
          at Array.forEach (<anonymous>)

    console.log
      connection error: TypeError: Cannot read properties of undefined (reading 'decoder')
          at wireEvents (/data/Workspace/helios/starwards/node_modules/colyseus-events/src/wire-events.ts:30:40)
          at /data/Workspace/helios/starwards/modules/core/src/client/admin.ts:20:5
          at processTicksAndRejections (node:internal/process/task_queues:95:5)
          at /data/Workspace/helios/starwards/modules/core/src/client/connection-manager.ts:131:21

      at ConnectionManager.onConnectionError (modules/core/src/client/connection-manager.ts:144:21)

    console.log
      connection error: Error: disconnected from server
          at EventEmitter.<anonymous> (/data/Workspace/helios/starwards/modules/core/src/client/driver.ts:53:58)
          at /data/Workspace/helios/starwards/node_modules/colyseus.js/src/core/signal.ts:15:48
          at Array.forEach (<anonymous>)
          at EventEmitter.invoke (/data/Workspace/helios/starwards/node_modules/colyseus.js/src/core/signal.ts:15:19)
          at Function.register.invoke (/data/Workspace/helios/starwards/node_modules/colyseus.js/src/core/signal.ts:57:81)
          at WebSocket.connection.events.onclose (/data/Workspace/helios/starwards/node_modules/colyseus.js/src/Room.ts:89:30)
          at callListener (/data/Workspace/helios/starwards/node_modules/colyseus.js/node_modules/ws/lib/event-target.js:290:14)
          at WebSocket.onClose (/data/Workspace/helios/starwards/node_modules/colyseus.js/node_modules/ws/lib/event-target.js:220:9)
          at WebSocket.emit (node:events:524:28)
          at WebSocket.emitClose (/data/Workspace/helios/starwards/node_modules/colyseus.js/node_modules/ws/lib/websocket.js:272:10)
          at Socket.socketOnClose (/data/Workspace/helios/starwards/node_modules/colyseus.js/node_modules/ws/lib/websocket.js:1341:15)
          at Socket.emit (node:events:524:28)
          at TCP.<anonymous> (node:net:343:12)

      at ConnectionManager.onConnectionError (modules/core/src/client/connection-manager.ts:144:21)
          at Array.forEach (<anonymous>)

    console.log
      connection error: TypeError: Cannot read properties of undefined (reading 'decoder')
          at wireEvents (/data/Workspace/helios/starwards/node_modules/colyseus-events/src/wire-events.ts:30:40)
          at /data/Workspace/helios/starwards/modules/core/src/client/admin.ts:20:5
          at processTicksAndRejections (node:internal/process/task_queues:95:5)
          at /data/Workspace/helios/starwards/modules/core/src/client/connection-manager.ts:131:21

      at ConnectionManager.onConnectionError (modules/core/src/client/connection-manager.ts:144:21)

    console.log
      connection error: Error: disconnected from server
          at EventEmitter.<anonymous> (/data/Workspace/helios/starwards/modules/core/src/client/driver.ts:53:58)
          at /data/Workspace/helios/starwards/node_modules/colyseus.js/src/core/signal.ts:15:48
          at Array.forEach (<anonymous>)
          at EventEmitter.invoke (/data/Workspace/helios/starwards/node_modules/colyseus.js/src/core/signal.ts:15:19)
          at Function.register.invoke (/data/Workspace/helios/starwards/node_modules/colyseus.js/src/core/signal.ts:57:81)
          at WebSocket.connection.events.onclose (/data/Workspace/helios/starwards/node_modules/colyseus.js/src/Room.ts:89:30)
          at callListener (/data/Workspace/helios/starwards/node_modules/colyseus.js/node_modules/ws/lib/event-target.js:290:14)
          at WebSocket.onClose (/data/Workspace/helios/starwards/node_modules/colyseus.js/node_modules/ws/lib/event-target.js:220:9)
          at WebSocket.emit (node:events:524:28)
          at WebSocket.emitClose (/data/Workspace/helios/starwards/node_modules/colyseus.js/node_modules/ws/lib/websocket.js:272:10)
          at Socket.socketOnClose (/data/Workspace/helios/starwards/node_modules/colyseus.js/node_modules/ws/lib/websocket.js:1341:15)
          at Socket.emit (node:events:524:28)
          at TCP.<anonymous> (node:net:343:12)

      at ConnectionManager.onConnectionError (modules/core/src/client/connection-manager.ts:144:21)
          at Array.forEach (<anonymous>)

    console.log
      connection error: TypeError: Cannot read properties of undefined (reading 'decoder')
          at wireEvents (/data/Workspace/helios/starwards/node_modules/colyseus-events/src/wire-events.ts:30:40)
          at /data/Workspace/helios/starwards/modules/core/src/client/admin.ts:20:5
          at processTicksAndRejections (node:internal/process/task_queues:95:5)
          at /data/Workspace/helios/starwards/modules/core/src/client/connection-manager.ts:131:21

      at ConnectionManager.onConnectionError (modules/core/src/client/connection-manager.ts:144:21)

    console.log
      connection error: Error: disconnected from server
          at EventEmitter.<anonymous> (/data/Workspace/helios/starwards/modules/core/src/client/driver.ts:53:58)
          at /data/Workspace/helios/starwards/node_modules/colyseus.js/src/core/signal.ts:15:48
          at Array.forEach (<anonymous>)
          at EventEmitter.invoke (/data/Workspace/helios/starwards/node_modules/colyseus.js/src/core/signal.ts:15:19)
          at Function.register.invoke (/data/Workspace/helios/starwards/node_modules/colyseus.js/src/core/signal.ts:57:81)
          at WebSocket.connection.events.onclose (/data/Workspace/helios/starwards/node_modules/colyseus.js/src/Room.ts:89:30)
          at callListener (/data/Workspace/helios/starwards/node_modules/colyseus.js/node_modules/ws/lib/event-target.js:290:14)
          at WebSocket.onClose (/data/Workspace/helios/starwards/node_modules/colyseus.js/node_modules/ws/lib/event-target.js:220:9)
          at WebSocket.emit (node:events:524:28)
          at WebSocket.emitClose (/data/Workspace/helios/starwards/node_modules/colyseus.js/node_modules/ws/lib/websocket.js:272:10)
          at Socket.socketOnClose (/data/Workspace/helios/starwards/node_modules/colyseus.js/node_modules/ws/lib/websocket.js:1341:15)
          at Socket.emit (node:events:524:28)
          at TCP.<anonymous> (node:net:343:12)

      at ConnectionManager.onConnectionError (modules/core/src/client/connection-manager.ts:144:21)
          at Array.forEach (<anonymous>)

    console.log
      connection error: TypeError: Cannot read properties of undefined (reading 'decoder')
          at wireEvents (/data/Workspace/helios/starwards/node_modules/colyseus-events/src/wire-events.ts:30:40)
          at /data/Workspace/helios/starwards/modules/core/src/client/admin.ts:20:5
          at processTicksAndRejections (node:internal/process/task_queues:95:5)
          at /data/Workspace/helios/starwards/modules/core/src/client/connection-manager.ts:131:21

      at ConnectionManager.onConnectionError (modules/core/src/client/connection-manager.ts:144:21)

    console.log
      connection error: Error: disconnected from server
          at EventEmitter.<anonymous> (/data/Workspace/helios/starwards/modules/core/src/client/driver.ts:53:58)
          at /data/Workspace/helios/starwards/node_modules/colyseus.js/src/core/signal.ts:15:48
          at Array.forEach (<anonymous>)
          at EventEmitter.invoke (/data/Workspace/helios/starwards/node_modules/colyseus.js/src/core/signal.ts:15:19)
          at Function.register.invoke (/data/Workspace/helios/starwards/node_modules/colyseus.js/src/core/signal.ts:57:81)
          at WebSocket.connection.events.onclose (/data/Workspace/helios/starwards/node_modules/colyseus.js/src/Room.ts:89:30)
          at callListener (/data/Workspace/helios/starwards/node_modules/colyseus.js/node_modules/ws/lib/event-target.js:290:14)
          at WebSocket.onClose (/data/Workspace/helios/starwards/node_modules/colyseus.js/node_modules/ws/lib/event-target.js:220:9)
          at WebSocket.emit (node:events:524:28)
          at WebSocket.emitClose (/data/Workspace/helios/starwards/node_modules/colyseus.js/node_modules/ws/lib/websocket.js:272:10)
          at Socket.socketOnClose (/data/Workspace/helios/starwards/node_modules/colyseus.js/node_modules/ws/lib/websocket.js:1341:15)
          at Socket.emit (node:events:524:28)
          at TCP.<anonymous> (node:net:343:12)

      at ConnectionManager.onConnectionError (modules/core/src/client/connection-manager.ts:144:21)
          at Array.forEach (<anonymous>)

    console.log
      connection error: TypeError: Cannot read properties of undefined (reading 'decoder')
          at wireEvents (/data/Workspace/helios/starwards/node_modules/colyseus-events/src/wire-events.ts:30:40)
          at /data/Workspace/helios/starwards/modules/core/src/client/admin.ts:20:5
          at processTicksAndRejections (node:internal/process/task_queues:95:5)
          at /data/Workspace/helios/starwards/modules/core/src/client/connection-manager.ts:131:21

      at ConnectionManager.onConnectionError (modules/core/src/client/connection-manager.ts:144:21)

    console.log
      connection error: Error: disconnected from server
          at EventEmitter.<anonymous> (/data/Workspace/helios/starwards/modules/core/src/client/driver.ts:53:58)
          at /data/Workspace/helios/starwards/node_modules/colyseus.js/src/core/signal.ts:15:48
          at Array.forEach (<anonymous>)
          at EventEmitter.invoke (/data/Workspace/helios/starwards/node_modules/colyseus.js/src/core/signal.ts:15:19)
          at Function.register.invoke (/data/Workspace/helios/starwards/node_modules/colyseus.js/src/core/signal.ts:57:81)
          at WebSocket.connection.events.onclose (/data/Workspace/helios/starwards/node_modules/colyseus.js/src/Room.ts:89:30)
          at callListener (/data/Workspace/helios/starwards/node_modules/colyseus.js/node_modules/ws/lib/event-target.js:290:14)
          at WebSocket.onClose (/data/Workspace/helios/starwards/node_modules/colyseus.js/node_modules/ws/lib/event-target.js:220:9)
          at WebSocket.emit (node:events:524:28)
          at WebSocket.emitClose (/data/Workspace/helios/starwards/node_modules/colyseus.js/node_modules/ws/lib/websocket.js:272:10)
          at Socket.socketOnClose (/data/Workspace/helios/starwards/node_modules/colyseus.js/node_modules/ws/lib/websocket.js:1341:15)
          at Socket.emit (node:events:524:28)
          at TCP.<anonymous> (node:net:343:12)

      at ConnectionManager.onConnectionError (modules/core/src/client/connection-manager.ts:144:21)
          at Array.forEach (<anonymous>)

    console.log
      connection error: TypeError: Cannot read properties of undefined (reading 'decoder')
          at wireEvents (/data/Workspace/helios/starwards/node_modules/colyseus-events/src/wire-events.ts:30:40)
          at /data/Workspace/helios/starwards/modules/core/src/client/admin.ts:20:5
          at processTicksAndRejections (node:internal/process/task_queues:95:5)
          at /data/Workspace/helios/starwards/modules/core/src/client/connection-manager.ts:131:21

      at ConnectionManager.onConnectionError (modules/core/src/client/connection-manager.ts:144:21)

    console.log
      connection error: Error: disconnected from server
          at EventEmitter.<anonymous> (/data/Workspace/helios/starwards/modules/core/src/client/driver.ts:53:58)
          at /data/Workspace/helios/starwards/node_modules/colyseus.js/src/core/signal.ts:15:48
          at Array.forEach (<anonymous>)
          at EventEmitter.invoke (/data/Workspace/helios/starwards/node_modules/colyseus.js/src/core/signal.ts:15:19)
          at Function.register.invoke (/data/Workspace/helios/starwards/node_modules/colyseus.js/src/core/signal.ts:57:81)
          at WebSocket.connection.events.onclose (/data/Workspace/helios/starwards/node_modules/colyseus.js/src/Room.ts:89:30)
          at callListener (/data/Workspace/helios/starwards/node_modules/colyseus.js/node_modules/ws/lib/event-target.js:290:14)
          at WebSocket.onClose (/data/Workspace/helios/starwards/node_modules/colyseus.js/node_modules/ws/lib/event-target.js:220:9)
          at WebSocket.emit (node:events:524:28)
          at WebSocket.emitClose (/data/Workspace/helios/starwards/node_modules/colyseus.js/node_modules/ws/lib/websocket.js:272:10)
          at Socket.socketOnClose (/data/Workspace/helios/starwards/node_modules/colyseus.js/node_modules/ws/lib/websocket.js:1341:15)
          at Socket.emit (node:events:524:28)
          at TCP.<anonymous> (node:net:343:12)

      at ConnectionManager.onConnectionError (modules/core/src/client/connection-manager.ts:144:21)
          at Array.forEach (<anonymous>)

    console.log
      connection error: TypeError: Cannot read properties of undefined (reading 'decoder')
          at wireEvents (/data/Workspace/helios/starwards/node_modules/colyseus-events/src/wire-events.ts:30:40)
          at /data/Workspace/helios/starwards/modules/core/src/client/admin.ts:20:5
          at processTicksAndRejections (node:internal/process/task_queues:95:5)
          at /data/Workspace/helios/starwards/modules/core/src/client/connection-manager.ts:131:21

      at ConnectionManager.onConnectionError (modules/core/src/client/connection-manager.ts:144:21)

    console.log
      connection error: Error: disconnected from server
          at EventEmitter.<anonymous> (/data/Workspace/helios/starwards/modules/core/src/client/driver.ts:53:58)
          at /data/Workspace/helios/starwards/node_modules/colyseus.js/src/core/signal.ts:15:48
          at Array.forEach (<anonymous>)
          at EventEmitter.invoke (/data/Workspace/helios/starwards/node_modules/colyseus.js/src/core/signal.ts:15:19)
          at Function.register.invoke (/data/Workspace/helios/starwards/node_modules/colyseus.js/src/core/signal.ts:57:81)
          at WebSocket.connection.events.onclose (/data/Workspace/helios/starwards/node_modules/colyseus.js/src/Room.ts:89:30)
          at callListener (/data/Workspace/helios/starwards/node_modules/colyseus.js/node_modules/ws/lib/event-target.js:290:14)
          at WebSocket.onClose (/data/Workspace/helios/starwards/node_modules/colyseus.js/node_modules/ws/lib/event-target.js:220:9)
          at WebSocket.emit (node:events:524:28)
          at WebSocket.emitClose (/data/Workspace/helios/starwards/node_modules/colyseus.js/node_modules/ws/lib/websocket.js:272:10)
          at Socket.socketOnClose (/data/Workspace/helios/starwards/node_modules/colyseus.js/node_modules/ws/lib/websocket.js:1341:15)
          at Socket.emit (node:events:524:28)
          at TCP.<anonymous> (node:net:343:12)

      at ConnectionManager.onConnectionError (modules/core/src/client/connection-manager.ts:144:21)
          at Array.forEach (<anonymous>)

    console.log
      connection error: TypeError: Cannot read properties of undefined (reading 'decoder')
          at wireEvents (/data/Workspace/helios/starwards/node_modules/colyseus-events/src/wire-events.ts:30:40)
          at /data/Workspace/helios/starwards/modules/core/src/client/admin.ts:20:5
          at processTicksAndRejections (node:internal/process/task_queues:95:5)
          at /data/Workspace/helios/starwards/modules/core/src/client/connection-manager.ts:131:21

      at ConnectionManager.onConnectionError (modules/core/src/client/connection-manager.ts:144:21)

    console.log
      connection error: Error: disconnected from server
          at EventEmitter.<anonymous> (/data/Workspace/helios/starwards/modules/core/src/client/driver.ts:53:58)
          at /data/Workspace/helios/starwards/node_modules/colyseus.js/src/core/signal.ts:15:48
          at Array.forEach (<anonymous>)
          at EventEmitter.invoke (/data/Workspace/helios/starwards/node_modules/colyseus.js/src/core/signal.ts:15:19)
          at Function.register.invoke (/data/Workspace/helios/starwards/node_modules/colyseus.js/src/core/signal.ts:57:81)
          at WebSocket.connection.events.onclose (/data/Workspace/helios/starwards/node_modules/colyseus.js/src/Room.ts:89:30)
          at callListener (/data/Workspace/helios/starwards/node_modules/colyseus.js/node_modules/ws/lib/event-target.js:290:14)
          at WebSocket.onClose (/data/Workspace/helios/starwards/node_modules/colyseus.js/node_modules/ws/lib/event-target.js:220:9)
          at WebSocket.emit (node:events:524:28)
          at WebSocket.emitClose (/data/Workspace/helios/starwards/node_modules/colyseus.js/node_modules/ws/lib/websocket.js:272:10)
          at Socket.socketOnClose (/data/Workspace/helios/starwards/node_modules/colyseus.js/node_modules/ws/lib/websocket.js:1341:15)
          at Socket.emit (node:events:524:28)
          at TCP.<anonymous> (node:net:343:12)

      at ConnectionManager.onConnectionError (modules/core/src/client/connection-manager.ts:144:21)
          at Array.forEach (<anonymous>)

    console.log
      connection error: TypeError: Cannot read properties of undefined (reading 'decoder')
          at wireEvents (/data/Workspace/helios/starwards/node_modules/colyseus-events/src/wire-events.ts:30:40)
          at /data/Workspace/helios/starwards/modules/core/src/client/admin.ts:20:5
          at processTicksAndRejections (node:internal/process/task_queues:95:5)
          at /data/Workspace/helios/starwards/modules/core/src/client/connection-manager.ts:131:21

      at ConnectionManager.onConnectionError (modules/core/src/client/connection-manager.ts:144:21)

    console.log
      connection error: Error: disconnected from server
          at EventEmitter.<anonymous> (/data/Workspace/helios/starwards/modules/core/src/client/driver.ts:53:58)
          at /data/Workspace/helios/starwards/node_modules/colyseus.js/src/core/signal.ts:15:48
          at Array.forEach (<anonymous>)
          at EventEmitter.invoke (/data/Workspace/helios/starwards/node_modules/colyseus.js/src/core/signal.ts:15:19)
          at Function.register.invoke (/data/Workspace/helios/starwards/node_modules/colyseus.js/src/core/signal.ts:57:81)
          at WebSocket.connection.events.onclose (/data/Workspace/helios/starwards/node_modules/colyseus.js/src/Room.ts:89:30)
          at callListener (/data/Workspace/helios/starwards/node_modules/colyseus.js/node_modules/ws/lib/event-target.js:290:14)
          at WebSocket.onClose (/data/Workspace/helios/starwards/node_modules/colyseus.js/node_modules/ws/lib/event-target.js:220:9)
          at WebSocket.emit (node:events:524:28)
          at WebSocket.emitClose (/data/Workspace/helios/starwards/node_modules/colyseus.js/node_modules/ws/lib/websocket.js:272:10)
          at Socket.socketOnClose (/data/Workspace/helios/starwards/node_modules/colyseus.js/node_modules/ws/lib/websocket.js:1341:15)
          at Socket.emit (node:events:524:28)
          at TCP.<anonymous> (node:net:343:12)

      at ConnectionManager.onConnectionError (modules/core/src/client/connection-manager.ts:144:21)
          at Array.forEach (<anonymous>)

    console.log
      connection error: TypeError: Cannot read properties of undefined (reading 'decoder')
          at wireEvents (/data/Workspace/helios/starwards/node_modules/colyseus-events/src/wire-events.ts:30:40)
          at /data/Workspace/helios/starwards/modules/core/src/client/admin.ts:20:5
          at processTicksAndRejections (node:internal/process/task_queues:95:5)
          at /data/Workspace/helios/starwards/modules/core/src/client/connection-manager.ts:131:21

      at ConnectionManager.onConnectionError (modules/core/src/client/connection-manager.ts:144:21)

    console.log
      connection error: Error: disconnected from server
          at EventEmitter.<anonymous> (/data/Workspace/helios/starwards/modules/core/src/client/driver.ts:53:58)
          at /data/Workspace/helios/starwards/node_modules/colyseus.js/src/core/signal.ts:15:48
          at Array.forEach (<anonymous>)
          at EventEmitter.invoke (/data/Workspace/helios/starwards/node_modules/colyseus.js/src/core/signal.ts:15:19)
          at Function.register.invoke (/data/Workspace/helios/starwards/node_modules/colyseus.js/src/core/signal.ts:57:81)
          at WebSocket.connection.events.onclose (/data/Workspace/helios/starwards/node_modules/colyseus.js/src/Room.ts:89:30)
          at callListener (/data/Workspace/helios/starwards/node_modules/colyseus.js/node_modules/ws/lib/event-target.js:290:14)
          at WebSocket.onClose (/data/Workspace/helios/starwards/node_modules/colyseus.js/node_modules/ws/lib/event-target.js:220:9)
          at WebSocket.emit (node:events:524:28)
          at WebSocket.emitClose (/data/Workspace/helios/starwards/node_modules/colyseus.js/node_modules/ws/lib/websocket.js:272:10)
          at Socket.socketOnClose (/data/Workspace/helios/starwards/node_modules/colyseus.js/node_modules/ws/lib/websocket.js:1341:15)
          at Socket.emit (node:events:524:28)
          at TCP.<anonymous> (node:net:343:12)

      at ConnectionManager.onConnectionError (modules/core/src/client/connection-manager.ts:144:21)
          at Array.forEach (<anonymous>)

    console.log
      connection error: TypeError: Cannot read properties of undefined (reading 'decoder')
          at wireEvents (/data/Workspace/helios/starwards/node_modules/colyseus-events/src/wire-events.ts:30:40)
          at /data/Workspace/helios/starwards/modules/core/src/client/admin.ts:20:5
          at processTicksAndRejections (node:internal/process/task_queues:95:5)
          at /data/Workspace/helios/starwards/modules/core/src/client/connection-manager.ts:131:21

      at ConnectionManager.onConnectionError (modules/core/src/client/connection-manager.ts:144:21)

    console.log
      connection error: Error: disconnected from server
          at EventEmitter.<anonymous> (/data/Workspace/helios/starwards/modules/core/src/client/driver.ts:53:58)
          at /data/Workspace/helios/starwards/node_modules/colyseus.js/src/core/signal.ts:15:48
          at Array.forEach (<anonymous>)
          at EventEmitter.invoke (/data/Workspace/helios/starwards/node_modules/colyseus.js/src/core/signal.ts:15:19)
          at Function.register.invoke (/data/Workspace/helios/starwards/node_modules/colyseus.js/src/core/signal.ts:57:81)
          at WebSocket.connection.events.onclose (/data/Workspace/helios/starwards/node_modules/colyseus.js/src/Room.ts:89:30)
          at callListener (/data/Workspace/helios/starwards/node_modules/colyseus.js/node_modules/ws/lib/event-target.js:290:14)
          at WebSocket.onClose (/data/Workspace/helios/starwards/node_modules/colyseus.js/node_modules/ws/lib/event-target.js:220:9)
          at WebSocket.emit (node:events:524:28)
          at WebSocket.emitClose (/data/Workspace/helios/starwards/node_modules/colyseus.js/node_modules/ws/lib/websocket.js:272:10)
          at Socket.socketOnClose (/data/Workspace/helios/starwards/node_modules/colyseus.js/node_modules/ws/lib/websocket.js:1341:15)
          at Socket.emit (node:events:524:28)
          at TCP.<anonymous> (node:net:343:12)

      at ConnectionManager.onConnectionError (modules/core/src/client/connection-manager.ts:144:21)
          at Array.forEach (<anonymous>)

    console.log
      connection error: TypeError: Cannot read properties of undefined (reading 'decoder')
          at wireEvents (/data/Workspace/helios/starwards/node_modules/colyseus-events/src/wire-events.ts:30:40)
          at /data/Workspace/helios/starwards/modules/core/src/client/admin.ts:20:5
          at processTicksAndRejections (node:internal/process/task_queues:95:5)
          at /data/Workspace/helios/starwards/modules/core/src/client/connection-manager.ts:131:21

      at ConnectionManager.onConnectionError (modules/core/src/client/connection-manager.ts:144:21)

    console.log
      connection error: Error: disconnected from server
          at EventEmitter.<anonymous> (/data/Workspace/helios/starwards/modules/core/src/client/driver.ts:53:58)
          at /data/Workspace/helios/starwards/node_modules/colyseus.js/src/core/signal.ts:15:48
          at Array.forEach (<anonymous>)
          at EventEmitter.invoke (/data/Workspace/helios/starwards/node_modules/colyseus.js/src/core/signal.ts:15:19)
          at Function.register.invoke (/data/Workspace/helios/starwards/node_modules/colyseus.js/src/core/signal.ts:57:81)
          at WebSocket.connection.events.onclose (/data/Workspace/helios/starwards/node_modules/colyseus.js/src/Room.ts:89:30)
          at callListener (/data/Workspace/helios/starwards/node_modules/colyseus.js/node_modules/ws/lib/event-target.js:290:14)
          at WebSocket.onClose (/data/Workspace/helios/starwards/node_modules/colyseus.js/node_modules/ws/lib/event-target.js:220:9)
          at WebSocket.emit (node:events:524:28)
          at WebSocket.emitClose (/data/Workspace/helios/starwards/node_modules/colyseus.js/node_modules/ws/lib/websocket.js:272:10)
          at Socket.socketOnClose (/data/Workspace/helios/starwards/node_modules/colyseus.js/node_modules/ws/lib/websocket.js:1341:15)
          at Socket.emit (node:events:524:28)
          at TCP.<anonymous> (node:net:343:12)

      at ConnectionManager.onConnectionError (modules/core/src/client/connection-manager.ts:144:21)
          at Array.forEach (<anonymous>)

    console.log
      connection error: TypeError: Cannot read properties of undefined (reading 'decoder')
          at wireEvents (/data/Workspace/helios/starwards/node_modules/colyseus-events/src/wire-events.ts:30:40)
          at /data/Workspace/helios/starwards/modules/core/src/client/admin.ts:20:5
          at processTicksAndRejections (node:internal/process/task_queues:95:5)
          at /data/Workspace/helios/starwards/modules/core/src/client/connection-manager.ts:131:21

      at ConnectionManager.onConnectionError (modules/core/src/client/connection-manager.ts:144:21)

    console.log
      connection error: Error: disconnected from server
          at EventEmitter.<anonymous> (/data/Workspace/helios/starwards/modules/core/src/client/driver.ts:53:58)
          at /data/Workspace/helios/starwards/node_modules/colyseus.js/src/core/signal.ts:15:48
          at Array.forEach (<anonymous>)
          at EventEmitter.invoke (/data/Workspace/helios/starwards/node_modules/colyseus.js/src/core/signal.ts:15:19)
          at Function.register.invoke (/data/Workspace/helios/starwards/node_modules/colyseus.js/src/core/signal.ts:57:81)
          at WebSocket.connection.events.onclose (/data/Workspace/helios/starwards/node_modules/colyseus.js/src/Room.ts:89:30)
          at callListener (/data/Workspace/helios/starwards/node_modules/colyseus.js/node_modules/ws/lib/event-target.js:290:14)
          at WebSocket.onClose (/data/Workspace/helios/starwards/node_modules/colyseus.js/node_modules/ws/lib/event-target.js:220:9)
          at WebSocket.emit (node:events:524:28)
          at WebSocket.emitClose (/data/Workspace/helios/starwards/node_modules/colyseus.js/node_modules/ws/lib/websocket.js:272:10)
          at Socket.socketOnClose (/data/Workspace/helios/starwards/node_modules/colyseus.js/node_modules/ws/lib/websocket.js:1341:15)
          at Socket.emit (node:events:524:28)
          at TCP.<anonymous> (node:net:343:12)

      at ConnectionManager.onConnectionError (modules/core/src/client/connection-manager.ts:144:21)
          at Array.forEach (<anonymous>)

    console.log
      connection error: TypeError: Cannot read properties of undefined (reading 'decoder')
          at wireEvents (/data/Workspace/helios/starwards/node_modules/colyseus-events/src/wire-events.ts:30:40)
          at /data/Workspace/helios/starwards/modules/core/src/client/admin.ts:20:5
          at processTicksAndRejections (node:internal/process/task_queues:95:5)
          at /data/Workspace/helios/starwards/modules/core/src/client/connection-manager.ts:131:21

      at ConnectionManager.onConnectionError (modules/core/src/client/connection-manager.ts:144:21)

    console.log
      connection error: Error: disconnected from server
          at EventEmitter.<anonymous> (/data/Workspace/helios/starwards/modules/core/src/client/driver.ts:53:58)
          at /data/Workspace/helios/starwards/node_modules/colyseus.js/src/core/signal.ts:15:48
          at Array.forEach (<anonymous>)
          at EventEmitter.invoke (/data/Workspace/helios/starwards/node_modules/colyseus.js/src/core/signal.ts:15:19)
          at Function.register.invoke (/data/Workspace/helios/starwards/node_modules/colyseus.js/src/core/signal.ts:57:81)
          at WebSocket.connection.events.onclose (/data/Workspace/helios/starwards/node_modules/colyseus.js/src/Room.ts:89:30)
          at callListener (/data/Workspace/helios/starwards/node_modules/colyseus.js/node_modules/ws/lib/event-target.js:290:14)
          at WebSocket.onClose (/data/Workspace/helios/starwards/node_modules/colyseus.js/node_modules/ws/lib/event-target.js:220:9)
          at WebSocket.emit (node:events:524:28)
          at WebSocket.emitClose (/data/Workspace/helios/starwards/node_modules/colyseus.js/node_modules/ws/lib/websocket.js:272:10)
          at Socket.socketOnClose (/data/Workspace/helios/starwards/node_modules/colyseus.js/node_modules/ws/lib/websocket.js:1341:15)
          at Socket.emit (node:events:524:28)
          at TCP.<anonymous> (node:net:343:12)

      at ConnectionManager.onConnectionError (modules/core/src/client/connection-manager.ts:144:21)
          at Array.forEach (<anonymous>)

    console.log
      connection error: TypeError: Cannot read properties of undefined (reading 'decoder')
          at wireEvents (/data/Workspace/helios/starwards/node_modules/colyseus-events/src/wire-events.ts:30:40)
          at /data/Workspace/helios/starwards/modules/core/src/client/admin.ts:20:5
          at processTicksAndRejections (node:internal/process/task_queues:95:5)
          at /data/Workspace/helios/starwards/modules/core/src/client/connection-manager.ts:131:21

      at ConnectionManager.onConnectionError (modules/core/src/client/connection-manager.ts:144:21)

    console.log
      connection error: Error: disconnected from server
          at EventEmitter.<anonymous> (/data/Workspace/helios/starwards/modules/core/src/client/driver.ts:53:58)
          at /data/Workspace/helios/starwards/node_modules/colyseus.js/src/core/signal.ts:15:48
          at Array.forEach (<anonymous>)
          at EventEmitter.invoke (/data/Workspace/helios/starwards/node_modules/colyseus.js/src/core/signal.ts:15:19)
          at Function.register.invoke (/data/Workspace/helios/starwards/node_modules/colyseus.js/src/core/signal.ts:57:81)
          at WebSocket.connection.events.onclose (/data/Workspace/helios/starwards/node_modules/colyseus.js/src/Room.ts:89:30)
          at callListener (/data/Workspace/helios/starwards/node_modules/colyseus.js/node_modules/ws/lib/event-target.js:290:14)
          at WebSocket.onClose (/data/Workspace/helios/starwards/node_modules/colyseus.js/node_modules/ws/lib/event-target.js:220:9)
          at WebSocket.emit (node:events:524:28)
          at WebSocket.emitClose (/data/Workspace/helios/starwards/node_modules/colyseus.js/node_modules/ws/lib/websocket.js:272:10)
          at Socket.socketOnClose (/data/Workspace/helios/starwards/node_modules/colyseus.js/node_modules/ws/lib/websocket.js:1341:15)
          at Socket.emit (node:events:524:28)
          at TCP.<anonymous> (node:net:343:12)

      at ConnectionManager.onConnectionError (modules/core/src/client/connection-manager.ts:144:21)
          at Array.forEach (<anonymous>)

    console.log
      connection error: TypeError: Cannot read properties of undefined (reading 'decoder')
          at wireEvents (/data/Workspace/helios/starwards/node_modules/colyseus-events/src/wire-events.ts:30:40)
          at /data/Workspace/helios/starwards/modules/core/src/client/admin.ts:20:5
          at processTicksAndRejections (node:internal/process/task_queues:95:5)
          at /data/Workspace/helios/starwards/modules/core/src/client/connection-manager.ts:131:21

      at ConnectionManager.onConnectionError (modules/core/src/client/connection-manager.ts:144:21)

    console.log
      connection error: Error: disconnected from server
          at EventEmitter.<anonymous> (/data/Workspace/helios/starwards/modules/core/src/client/driver.ts:53:58)
          at /data/Workspace/helios/starwards/node_modules/colyseus.js/src/core/signal.ts:15:48
          at Array.forEach (<anonymous>)
          at EventEmitter.invoke (/data/Workspace/helios/starwards/node_modules/colyseus.js/src/core/signal.ts:15:19)
          at Function.register.invoke (/data/Workspace/helios/starwards/node_modules/colyseus.js/src/core/signal.ts:57:81)
          at WebSocket.connection.events.onclose (/data/Workspace/helios/starwards/node_modules/colyseus.js/src/Room.ts:89:30)
          at callListener (/data/Workspace/helios/starwards/node_modules/colyseus.js/node_modules/ws/lib/event-target.js:290:14)
          at WebSocket.onClose (/data/Workspace/helios/starwards/node_modules/colyseus.js/node_modules/ws/lib/event-target.js:220:9)
          at WebSocket.emit (node:events:524:28)
          at WebSocket.emitClose (/data/Workspace/helios/starwards/node_modules/colyseus.js/node_modules/ws/lib/websocket.js:272:10)
          at Socket.socketOnClose (/data/Workspace/helios/starwards/node_modules/colyseus.js/node_modules/ws/lib/websocket.js:1341:15)
          at Socket.emit (node:events:524:28)
          at TCP.<anonymous> (node:net:343:12)

      at ConnectionManager.onConnectionError (modules/core/src/client/connection-manager.ts:144:21)
          at Array.forEach (<anonymous>)

    console.log
      connection error: TypeError: Cannot read properties of undefined (reading 'decoder')
          at wireEvents (/data/Workspace/helios/starwards/node_modules/colyseus-events/src/wire-events.ts:30:40)
          at /data/Workspace/helios/starwards/modules/core/src/client/admin.ts:20:5
          at processTicksAndRejections (node:internal/process/task_queues:95:5)
          at /data/Workspace/helios/starwards/modules/core/src/client/connection-manager.ts:131:21

      at ConnectionManager.onConnectionError (modules/core/src/client/connection-manager.ts:144:21)

    console.log
      connection error: Error: disconnected from server
          at EventEmitter.<anonymous> (/data/Workspace/helios/starwards/modules/core/src/client/driver.ts:53:58)
          at /data/Workspace/helios/starwards/node_modules/colyseus.js/src/core/signal.ts:15:48
          at Array.forEach (<anonymous>)
          at EventEmitter.invoke (/data/Workspace/helios/starwards/node_modules/colyseus.js/src/core/signal.ts:15:19)
          at Function.register.invoke (/data/Workspace/helios/starwards/node_modules/colyseus.js/src/core/signal.ts:57:81)
          at WebSocket.connection.events.onclose (/data/Workspace/helios/starwards/node_modules/colyseus.js/src/Room.ts:89:30)
          at callListener (/data/Workspace/helios/starwards/node_modules/colyseus.js/node_modules/ws/lib/event-target.js:290:14)
          at WebSocket.onClose (/data/Workspace/helios/starwards/node_modules/colyseus.js/node_modules/ws/lib/event-target.js:220:9)
          at WebSocket.emit (node:events:524:28)
          at WebSocket.emitClose (/data/Workspace/helios/starwards/node_modules/colyseus.js/node_modules/ws/lib/websocket.js:272:10)
          at Socket.socketOnClose (/data/Workspace/helios/starwards/node_modules/colyseus.js/node_modules/ws/lib/websocket.js:1341:15)
          at Socket.emit (node:events:524:28)
          at TCP.<anonymous> (node:net:343:12)

      at ConnectionManager.onConnectionError (modules/core/src/client/connection-manager.ts:144:21)
          at Array.forEach (<anonymous>)

    console.log
      connection error: TypeError: Cannot read properties of undefined (reading 'decoder')
          at wireEvents (/data/Workspace/helios/starwards/node_modules/colyseus-events/src/wire-events.ts:30:40)
          at /data/Workspace/helios/starwards/modules/core/src/client/admin.ts:20:5
          at processTicksAndRejections (node:internal/process/task_queues:95:5)
          at /data/Workspace/helios/starwards/modules/core/src/client/connection-manager.ts:131:21

      at ConnectionManager.onConnectionError (modules/core/src/client/connection-manager.ts:144:21)

    console.log
      connection error: Error: disconnected from server
          at EventEmitter.<anonymous> (/data/Workspace/helios/starwards/modules/core/src/client/driver.ts:53:58)
          at /data/Workspace/helios/starwards/node_modules/colyseus.js/src/core/signal.ts:15:48
          at Array.forEach (<anonymous>)
          at EventEmitter.invoke (/data/Workspace/helios/starwards/node_modules/colyseus.js/src/core/signal.ts:15:19)
          at Function.register.invoke (/data/Workspace/helios/starwards/node_modules/colyseus.js/src/core/signal.ts:57:81)
          at WebSocket.connection.events.onclose (/data/Workspace/helios/starwards/node_modules/colyseus.js/src/Room.ts:89:30)
          at callListener (/data/Workspace/helios/starwards/node_modules/colyseus.js/node_modules/ws/lib/event-target.js:290:14)
          at WebSocket.onClose (/data/Workspace/helios/starwards/node_modules/colyseus.js/node_modules/ws/lib/event-target.js:220:9)
          at WebSocket.emit (node:events:524:28)
          at WebSocket.emitClose (/data/Workspace/helios/starwards/node_modules/colyseus.js/node_modules/ws/lib/websocket.js:272:10)
          at Socket.socketOnClose (/data/Workspace/helios/starwards/node_modules/colyseus.js/node_modules/ws/lib/websocket.js:1341:15)
          at Socket.emit (node:events:524:28)
          at TCP.<anonymous> (node:net:343:12)

      at ConnectionManager.onConnectionError (modules/core/src/client/connection-manager.ts:144:21)
          at Array.forEach (<anonymous>)

    console.log
      connection error: TypeError: Cannot read properties of undefined (reading 'decoder')
          at wireEvents (/data/Workspace/helios/starwards/node_modules/colyseus-events/src/wire-events.ts:30:40)
          at /data/Workspace/helios/starwards/modules/core/src/client/admin.ts:20:5
          at processTicksAndRejections (node:internal/process/task_queues:95:5)
          at /data/Workspace/helios/starwards/modules/core/src/client/connection-manager.ts:131:21

      at ConnectionManager.onConnectionError (modules/core/src/client/connection-manager.ts:144:21)

    console.log
      connection error: Error: disconnected from server
          at EventEmitter.<anonymous> (/data/Workspace/helios/starwards/modules/core/src/client/driver.ts:53:58)
          at /data/Workspace/helios/starwards/node_modules/colyseus.js/src/core/signal.ts:15:48
          at Array.forEach (<anonymous>)
          at EventEmitter.invoke (/data/Workspace/helios/starwards/node_modules/colyseus.js/src/core/signal.ts:15:19)
          at Function.register.invoke (/data/Workspace/helios/starwards/node_modules/colyseus.js/src/core/signal.ts:57:81)
          at WebSocket.connection.events.onclose (/data/Workspace/helios/starwards/node_modules/colyseus.js/src/Room.ts:89:30)
          at callListener (/data/Workspace/helios/starwards/node_modules/colyseus.js/node_modules/ws/lib/event-target.js:290:14)
          at WebSocket.onClose (/data/Workspace/helios/starwards/node_modules/colyseus.js/node_modules/ws/lib/event-target.js:220:9)
          at WebSocket.emit (node:events:524:28)
          at WebSocket.emitClose (/data/Workspace/helios/starwards/node_modules/colyseus.js/node_modules/ws/lib/websocket.js:272:10)
          at Socket.socketOnClose (/data/Workspace/helios/starwards/node_modules/colyseus.js/node_modules/ws/lib/websocket.js:1341:15)
          at Socket.emit (node:events:524:28)
          at TCP.<anonymous> (node:net:343:12)

      at ConnectionManager.onConnectionError (modules/core/src/client/connection-manager.ts:144:21)
          at Array.forEach (<anonymous>)

    console.log
      connection error: TypeError: Cannot read properties of undefined (reading 'decoder')
          at wireEvents (/data/Workspace/helios/starwards/node_modules/colyseus-events/src/wire-events.ts:30:40)
          at /data/Workspace/helios/starwards/modules/core/src/client/admin.ts:20:5
          at processTicksAndRejections (node:internal/process/task_queues:95:5)
          at /data/Workspace/helios/starwards/modules/core/src/client/connection-manager.ts:131:21

      at ConnectionManager.onConnectionError (modules/core/src/client/connection-manager.ts:144:21)

    console.log
      connection error: Error: disconnected from server
          at EventEmitter.<anonymous> (/data/Workspace/helios/starwards/modules/core/src/client/driver.ts:53:58)
          at /data/Workspace/helios/starwards/node_modules/colyseus.js/src/core/signal.ts:15:48
          at Array.forEach (<anonymous>)
          at EventEmitter.invoke (/data/Workspace/helios/starwards/node_modules/colyseus.js/src/core/signal.ts:15:19)
          at Function.register.invoke (/data/Workspace/helios/starwards/node_modules/colyseus.js/src/core/signal.ts:57:81)
          at WebSocket.connection.events.onclose (/data/Workspace/helios/starwards/node_modules/colyseus.js/src/Room.ts:89:30)
          at callListener (/data/Workspace/helios/starwards/node_modules/colyseus.js/node_modules/ws/lib/event-target.js:290:14)
          at WebSocket.onClose (/data/Workspace/helios/starwards/node_modules/colyseus.js/node_modules/ws/lib/event-target.js:220:9)
          at WebSocket.emit (node:events:524:28)
          at WebSocket.emitClose (/data/Workspace/helios/starwards/node_modules/colyseus.js/node_modules/ws/lib/websocket.js:272:10)
          at Socket.socketOnClose (/data/Workspace/helios/starwards/node_modules/colyseus.js/node_modules/ws/lib/websocket.js:1341:15)
          at Socket.emit (node:events:524:28)
          at TCP.<anonymous> (node:net:343:12)

      at ConnectionManager.onConnectionError (modules/core/src/client/connection-manager.ts:144:21)
          at Array.forEach (<anonymous>)

    console.log
      connection error: TypeError: Cannot read properties of undefined (reading 'decoder')
          at wireEvents (/data/Workspace/helios/starwards/node_modules/colyseus-events/src/wire-events.ts:30:40)
          at /data/Workspace/helios/starwards/modules/core/src/client/admin.ts:20:5
          at processTicksAndRejections (node:internal/process/task_queues:95:5)
          at /data/Workspace/helios/starwards/modules/core/src/client/connection-manager.ts:131:21

      at ConnectionManager.onConnectionError (modules/core/src/client/connection-manager.ts:144:21)

    console.log
      connection error: Error: disconnected from server
          at EventEmitter.<anonymous> (/data/Workspace/helios/starwards/modules/core/src/client/driver.ts:53:58)
          at /data/Workspace/helios/starwards/node_modules/colyseus.js/src/core/signal.ts:15:48
          at Array.forEach (<anonymous>)
          at EventEmitter.invoke (/data/Workspace/helios/starwards/node_modules/colyseus.js/src/core/signal.ts:15:19)
          at Function.register.invoke (/data/Workspace/helios/starwards/node_modules/colyseus.js/src/core/signal.ts:57:81)
          at WebSocket.connection.events.onclose (/data/Workspace/helios/starwards/node_modules/colyseus.js/src/Room.ts:89:30)
          at callListener (/data/Workspace/helios/starwards/node_modules/colyseus.js/node_modules/ws/lib/event-target.js:290:14)
          at WebSocket.onClose (/data/Workspace/helios/starwards/node_modules/colyseus.js/node_modules/ws/lib/event-target.js:220:9)
          at WebSocket.emit (node:events:524:28)
          at WebSocket.emitClose (/data/Workspace/helios/starwards/node_modules/colyseus.js/node_modules/ws/lib/websocket.js:272:10)
          at Socket.socketOnClose (/data/Workspace/helios/starwards/node_modules/colyseus.js/node_modules/ws/lib/websocket.js:1341:15)
          at Socket.emit (node:events:524:28)
          at TCP.<anonymous> (node:net:343:12)

      at ConnectionManager.onConnectionError (modules/core/src/client/connection-manager.ts:144:21)
          at Array.forEach (<anonymous>)

    console.log
      connection error: TypeError: Cannot read properties of undefined (reading 'decoder')
          at wireEvents (/data/Workspace/helios/starwards/node_modules/colyseus-events/src/wire-events.ts:30:40)
          at /data/Workspace/helios/starwards/modules/core/src/client/admin.ts:20:5
          at processTicksAndRejections (node:internal/process/task_queues:95:5)
          at /data/Workspace/helios/starwards/modules/core/src/client/connection-manager.ts:131:21

      at ConnectionManager.onConnectionError (modules/core/src/client/connection-manager.ts:144:21)

    console.log
      connection error: Error: disconnected from server
          at EventEmitter.<anonymous> (/data/Workspace/helios/starwards/modules/core/src/client/driver.ts:53:58)
          at /data/Workspace/helios/starwards/node_modules/colyseus.js/src/core/signal.ts:15:48
          at Array.forEach (<anonymous>)
          at EventEmitter.invoke (/data/Workspace/helios/starwards/node_modules/colyseus.js/src/core/signal.ts:15:19)
          at Function.register.invoke (/data/Workspace/helios/starwards/node_modules/colyseus.js/src/core/signal.ts:57:81)
          at WebSocket.connection.events.onclose (/data/Workspace/helios/starwards/node_modules/colyseus.js/src/Room.ts:89:30)
          at callListener (/data/Workspace/helios/starwards/node_modules/colyseus.js/node_modules/ws/lib/event-target.js:290:14)
          at WebSocket.onClose (/data/Workspace/helios/starwards/node_modules/colyseus.js/node_modules/ws/lib/event-target.js:220:9)
          at WebSocket.emit (node:events:524:28)
          at WebSocket.emitClose (/data/Workspace/helios/starwards/node_modules/colyseus.js/node_modules/ws/lib/websocket.js:272:10)
          at Socket.socketOnClose (/data/Workspace/helios/starwards/node_modules/colyseus.js/node_modules/ws/lib/websocket.js:1341:15)
          at Socket.emit (node:events:524:28)
          at TCP.<anonymous> (node:net:343:12)

      at ConnectionManager.onConnectionError (modules/core/src/client/connection-manager.ts:144:21)
          at Array.forEach (<anonymous>)

    console.log
      connection error: TypeError: Cannot read properties of undefined (reading 'decoder')
          at wireEvents (/data/Workspace/helios/starwards/node_modules/colyseus-events/src/wire-events.ts:30:40)
          at /data/Workspace/helios/starwards/modules/core/src/client/admin.ts:20:5
          at processTicksAndRejections (node:internal/process/task_queues:95:5)
          at /data/Workspace/helios/starwards/modules/core/src/client/connection-manager.ts:131:21

      at ConnectionManager.onConnectionError (modules/core/src/client/connection-manager.ts:144:21)

    console.log
      connection error: Error: disconnected from server
          at EventEmitter.<anonymous> (/data/Workspace/helios/starwards/modules/core/src/client/driver.ts:53:58)
          at /data/Workspace/helios/starwards/node_modules/colyseus.js/src/core/signal.ts:15:48
          at Array.forEach (<anonymous>)
          at EventEmitter.invoke (/data/Workspace/helios/starwards/node_modules/colyseus.js/src/core/signal.ts:15:19)
          at Function.register.invoke (/data/Workspace/helios/starwards/node_modules/colyseus.js/src/core/signal.ts:57:81)
          at WebSocket.connection.events.onclose (/data/Workspace/helios/starwards/node_modules/colyseus.js/src/Room.ts:89:30)
          at callListener (/data/Workspace/helios/starwards/node_modules/colyseus.js/node_modules/ws/lib/event-target.js:290:14)
          at WebSocket.onClose (/data/Workspace/helios/starwards/node_modules/colyseus.js/node_modules/ws/lib/event-target.js:220:9)
          at WebSocket.emit (node:events:524:28)
          at WebSocket.emitClose (/data/Workspace/helios/starwards/node_modules/colyseus.js/node_modules/ws/lib/websocket.js:272:10)
          at Socket.socketOnClose (/data/Workspace/helios/starwards/node_modules/colyseus.js/node_modules/ws/lib/websocket.js:1341:15)
          at Socket.emit (node:events:524:28)
          at TCP.<anonymous> (node:net:343:12)

      at ConnectionManager.onConnectionError (modules/core/src/client/connection-manager.ts:144:21)
          at Array.forEach (<anonymous>)

    console.log
      connection error: TypeError: Cannot read properties of undefined (reading 'decoder')
          at wireEvents (/data/Workspace/helios/starwards/node_modules/colyseus-events/src/wire-events.ts:30:40)
          at /data/Workspace/helios/starwards/modules/core/src/client/admin.ts:20:5
          at processTicksAndRejections (node:internal/process/task_queues:95:5)
          at /data/Workspace/helios/starwards/modules/core/src/client/connection-manager.ts:131:21

      at ConnectionManager.onConnectionError (modules/core/src/client/connection-manager.ts:144:21)

    console.log
      connection error: Error: disconnected from server
          at EventEmitter.<anonymous> (/data/Workspace/helios/starwards/modules/core/src/client/driver.ts:53:58)
          at /data/Workspace/helios/starwards/node_modules/colyseus.js/src/core/signal.ts:15:48
          at Array.forEach (<anonymous>)
          at EventEmitter.invoke (/data/Workspace/helios/starwards/node_modules/colyseus.js/src/core/signal.ts:15:19)
          at Function.register.invoke (/data/Workspace/helios/starwards/node_modules/colyseus.js/src/core/signal.ts:57:81)
          at WebSocket.connection.events.onclose (/data/Workspace/helios/starwards/node_modules/colyseus.js/src/Room.ts:89:30)
          at callListener (/data/Workspace/helios/starwards/node_modules/colyseus.js/node_modules/ws/lib/event-target.js:290:14)
          at WebSocket.onClose (/data/Workspace/helios/starwards/node_modules/colyseus.js/node_modules/ws/lib/event-target.js:220:9)
          at WebSocket.emit (node:events:524:28)
          at WebSocket.emitClose (/data/Workspace/helios/starwards/node_modules/colyseus.js/node_modules/ws/lib/websocket.js:272:10)
          at Socket.socketOnClose (/data/Workspace/helios/starwards/node_modules/colyseus.js/node_modules/ws/lib/websocket.js:1341:15)
          at Socket.emit (node:events:524:28)
          at TCP.<anonymous> (node:net:343:12)

      at ConnectionManager.onConnectionError (modules/core/src/client/connection-manager.ts:144:21)
          at Array.forEach (<anonymous>)

    console.log
      connection error: TypeError: Cannot read properties of undefined (reading 'decoder')
          at wireEvents (/data/Workspace/helios/starwards/node_modules/colyseus-events/src/wire-events.ts:30:40)
          at /data/Workspace/helios/starwards/modules/core/src/client/admin.ts:20:5
          at processTicksAndRejections (node:internal/process/task_queues:95:5)
          at /data/Workspace/helios/starwards/modules/core/src/client/connection-manager.ts:131:21

      at ConnectionManager.onConnectionError (modules/core/src/client/connection-manager.ts:144:21)

    console.log
      connection error: Error: disconnected from server
          at EventEmitter.<anonymous> (/data/Workspace/helios/starwards/modules/core/src/client/driver.ts:53:58)
          at /data/Workspace/helios/starwards/node_modules/colyseus.js/src/core/signal.ts:15:48
          at Array.forEach (<anonymous>)
          at EventEmitter.invoke (/data/Workspace/helios/starwards/node_modules/colyseus.js/src/core/signal.ts:15:19)
          at Function.register.invoke (/data/Workspace/helios/starwards/node_modules/colyseus.js/src/core/signal.ts:57:81)
          at WebSocket.connection.events.onclose (/data/Workspace/helios/starwards/node_modules/colyseus.js/src/Room.ts:89:30)
          at callListener (/data/Workspace/helios/starwards/node_modules/colyseus.js/node_modules/ws/lib/event-target.js:290:14)
          at WebSocket.onClose (/data/Workspace/helios/starwards/node_modules/colyseus.js/node_modules/ws/lib/event-target.js:220:9)
          at WebSocket.emit (node:events:524:28)
          at WebSocket.emitClose (/data/Workspace/helios/starwards/node_modules/colyseus.js/node_modules/ws/lib/websocket.js:272:10)
          at Socket.socketOnClose (/data/Workspace/helios/starwards/node_modules/colyseus.js/node_modules/ws/lib/websocket.js:1341:15)
          at Socket.emit (node:events:524:28)
          at TCP.<anonymous> (node:net:343:12)

      at ConnectionManager.onConnectionError (modules/core/src/client/connection-manager.ts:144:21)
          at Array.forEach (<anonymous>)

    console.log
      connection error: TypeError: Cannot read properties of undefined (reading 'decoder')
          at wireEvents (/data/Workspace/helios/starwards/node_modules/colyseus-events/src/wire-events.ts:30:40)
          at /data/Workspace/helios/starwards/modules/core/src/client/admin.ts:20:5
          at processTicksAndRejections (node:internal/process/task_queues:95:5)
          at /data/Workspace/helios/starwards/modules/core/src/client/connection-manager.ts:131:21

      at ConnectionManager.onConnectionError (modules/core/src/client/connection-manager.ts:144:21)

    console.log
      connection error: Error: disconnected from server
          at EventEmitter.<anonymous> (/data/Workspace/helios/starwards/modules/core/src/client/driver.ts:53:58)
          at /data/Workspace/helios/starwards/node_modules/colyseus.js/src/core/signal.ts:15:48
          at Array.forEach (<anonymous>)
          at EventEmitter.invoke (/data/Workspace/helios/starwards/node_modules/colyseus.js/src/core/signal.ts:15:19)
          at Function.register.invoke (/data/Workspace/helios/starwards/node_modules/colyseus.js/src/core/signal.ts:57:81)
          at WebSocket.connection.events.onclose (/data/Workspace/helios/starwards/node_modules/colyseus.js/src/Room.ts:89:30)
          at callListener (/data/Workspace/helios/starwards/node_modules/colyseus.js/node_modules/ws/lib/event-target.js:290:14)
          at WebSocket.onClose (/data/Workspace/helios/starwards/node_modules/colyseus.js/node_modules/ws/lib/event-target.js:220:9)
          at WebSocket.emit (node:events:524:28)
          at WebSocket.emitClose (/data/Workspace/helios/starwards/node_modules/colyseus.js/node_modules/ws/lib/websocket.js:272:10)
          at Socket.socketOnClose (/data/Workspace/helios/starwards/node_modules/colyseus.js/node_modules/ws/lib/websocket.js:1341:15)
          at Socket.emit (node:events:524:28)
          at TCP.<anonymous> (node:net:343:12)

      at ConnectionManager.onConnectionError (modules/core/src/client/connection-manager.ts:144:21)
          at Array.forEach (<anonymous>)

    console.log
      connection error: TypeError: Cannot read properties of undefined (reading 'decoder')
          at wireEvents (/data/Workspace/helios/starwards/node_modules/colyseus-events/src/wire-events.ts:30:40)
          at /data/Workspace/helios/starwards/modules/core/src/client/admin.ts:20:5
          at processTicksAndRejections (node:internal/process/task_queues:95:5)
          at /data/Workspace/helios/starwards/modules/core/src/client/connection-manager.ts:131:21

      at ConnectionManager.onConnectionError (modules/core/src/client/connection-manager.ts:144:21)

    console.log
      connection error: Error: disconnected from server
          at EventEmitter.<anonymous> (/data/Workspace/helios/starwards/modules/core/src/client/driver.ts:53:58)
          at /data/Workspace/helios/starwards/node_modules/colyseus.js/src/core/signal.ts:15:48
          at Array.forEach (<anonymous>)
          at EventEmitter.invoke (/data/Workspace/helios/starwards/node_modules/colyseus.js/src/core/signal.ts:15:19)
          at Function.register.invoke (/data/Workspace/helios/starwards/node_modules/colyseus.js/src/core/signal.ts:57:81)
          at WebSocket.connection.events.onclose (/data/Workspace/helios/starwards/node_modules/colyseus.js/src/Room.ts:89:30)
          at callListener (/data/Workspace/helios/starwards/node_modules/colyseus.js/node_modules/ws/lib/event-target.js:290:14)
          at WebSocket.onClose (/data/Workspace/helios/starwards/node_modules/colyseus.js/node_modules/ws/lib/event-target.js:220:9)
          at WebSocket.emit (node:events:524:28)
          at WebSocket.emitClose (/data/Workspace/helios/starwards/node_modules/colyseus.js/node_modules/ws/lib/websocket.js:272:10)
          at Socket.socketOnClose (/data/Workspace/helios/starwards/node_modules/colyseus.js/node_modules/ws/lib/websocket.js:1341:15)
          at Socket.emit (node:events:524:28)
          at TCP.<anonymous> (node:net:343:12)

      at ConnectionManager.onConnectionError (modules/core/src/client/connection-manager.ts:144:21)
          at Array.forEach (<anonymous>)

    console.log
      connection error: TypeError: Cannot read properties of undefined (reading 'decoder')
          at wireEvents (/data/Workspace/helios/starwards/node_modules/colyseus-events/src/wire-events.ts:30:40)
          at /data/Workspace/helios/starwards/modules/core/src/client/admin.ts:20:5
          at processTicksAndRejections (node:internal/process/task_queues:95:5)
          at /data/Workspace/helios/starwards/modules/core/src/client/connection-manager.ts:131:21

      at ConnectionManager.onConnectionError (modules/core/src/client/connection-manager.ts:144:21)

    console.log
      connection error: Error: disconnected from server
          at EventEmitter.<anonymous> (/data/Workspace/helios/starwards/modules/core/src/client/driver.ts:53:58)
          at /data/Workspace/helios/starwards/node_modules/colyseus.js/src/core/signal.ts:15:48
          at Array.forEach (<anonymous>)
          at EventEmitter.invoke (/data/Workspace/helios/starwards/node_modules/colyseus.js/src/core/signal.ts:15:19)
          at Function.register.invoke (/data/Workspace/helios/starwards/node_modules/colyseus.js/src/core/signal.ts:57:81)
          at WebSocket.connection.events.onclose (/data/Workspace/helios/starwards/node_modules/colyseus.js/src/Room.ts:89:30)
          at callListener (/data/Workspace/helios/starwards/node_modules/colyseus.js/node_modules/ws/lib/event-target.js:290:14)
          at WebSocket.onClose (/data/Workspace/helios/starwards/node_modules/colyseus.js/node_modules/ws/lib/event-target.js:220:9)
          at WebSocket.emit (node:events:524:28)
          at WebSocket.emitClose (/data/Workspace/helios/starwards/node_modules/colyseus.js/node_modules/ws/lib/websocket.js:272:10)
          at Socket.socketOnClose (/data/Workspace/helios/starwards/node_modules/colyseus.js/node_modules/ws/lib/websocket.js:1341:15)
          at Socket.emit (node:events:524:28)
          at TCP.<anonymous> (node:net:343:12)

      at ConnectionManager.onConnectionError (modules/core/src/client/connection-manager.ts:144:21)
          at Array.forEach (<anonymous>)

    console.log
      connection error: TypeError: Cannot read properties of undefined (reading 'decoder')
          at wireEvents (/data/Workspace/helios/starwards/node_modules/colyseus-events/src/wire-events.ts:30:40)
          at /data/Workspace/helios/starwards/modules/core/src/client/admin.ts:20:5
          at processTicksAndRejections (node:internal/process/task_queues:95:5)
          at /data/Workspace/helios/starwards/modules/core/src/client/connection-manager.ts:131:21

      at ConnectionManager.onConnectionError (modules/core/src/client/connection-manager.ts:144:21)

    console.log
      connection error: Error: disconnected from server
          at EventEmitter.<anonymous> (/data/Workspace/helios/starwards/modules/core/src/client/driver.ts:53:58)
          at /data/Workspace/helios/starwards/node_modules/colyseus.js/src/core/signal.ts:15:48
          at Array.forEach (<anonymous>)
          at EventEmitter.invoke (/data/Workspace/helios/starwards/node_modules/colyseus.js/src/core/signal.ts:15:19)
          at Function.register.invoke (/data/Workspace/helios/starwards/node_modules/colyseus.js/src/core/signal.ts:57:81)
          at WebSocket.connection.events.onclose (/data/Workspace/helios/starwards/node_modules/colyseus.js/src/Room.ts:89:30)
          at callListener (/data/Workspace/helios/starwards/node_modules/colyseus.js/node_modules/ws/lib/event-target.js:290:14)
          at WebSocket.onClose (/data/Workspace/helios/starwards/node_modules/colyseus.js/node_modules/ws/lib/event-target.js:220:9)
          at WebSocket.emit (node:events:524:28)
          at WebSocket.emitClose (/data/Workspace/helios/starwards/node_modules/colyseus.js/node_modules/ws/lib/websocket.js:272:10)
          at Socket.socketOnClose (/data/Workspace/helios/starwards/node_modules/colyseus.js/node_modules/ws/lib/websocket.js:1341:15)
          at Socket.emit (node:events:524:28)
          at TCP.<anonymous> (node:net:343:12)

      at ConnectionManager.onConnectionError (modules/core/src/client/connection-manager.ts:144:21)
          at Array.forEach (<anonymous>)

    console.log
      connection error: TypeError: Cannot read properties of undefined (reading 'decoder')
          at wireEvents (/data/Workspace/helios/starwards/node_modules/colyseus-events/src/wire-events.ts:30:40)
          at /data/Workspace/helios/starwards/modules/core/src/client/admin.ts:20:5
          at processTicksAndRejections (node:internal/process/task_queues:95:5)
          at /data/Workspace/helios/starwards/modules/core/src/client/connection-manager.ts:131:21

      at ConnectionManager.onConnectionError (modules/core/src/client/connection-manager.ts:144:21)

    console.log
      connection error: Error: disconnected from server
          at EventEmitter.<anonymous> (/data/Workspace/helios/starwards/modules/core/src/client/driver.ts:53:58)
          at /data/Workspace/helios/starwards/node_modules/colyseus.js/src/core/signal.ts:15:48
          at Array.forEach (<anonymous>)
          at EventEmitter.invoke (/data/Workspace/helios/starwards/node_modules/colyseus.js/src/core/signal.ts:15:19)
          at Function.register.invoke (/data/Workspace/helios/starwards/node_modules/colyseus.js/src/core/signal.ts:57:81)
          at WebSocket.connection.events.onclose (/data/Workspace/helios/starwards/node_modules/colyseus.js/src/Room.ts:89:30)
          at callListener (/data/Workspace/helios/starwards/node_modules/colyseus.js/node_modules/ws/lib/event-target.js:290:14)
          at WebSocket.onClose (/data/Workspace/helios/starwards/node_modules/colyseus.js/node_modules/ws/lib/event-target.js:220:9)
          at WebSocket.emit (node:events:524:28)
          at WebSocket.emitClose (/data/Workspace/helios/starwards/node_modules/colyseus.js/node_modules/ws/lib/websocket.js:272:10)
          at Socket.socketOnClose (/data/Workspace/helios/starwards/node_modules/colyseus.js/node_modules/ws/lib/websocket.js:1341:15)
          at Socket.emit (node:events:524:28)
          at TCP.<anonymous> (node:net:343:12)

      at ConnectionManager.onConnectionError (modules/core/src/client/connection-manager.ts:144:21)
          at Array.forEach (<anonymous>)

    console.log
      connection error: TypeError: Cannot read properties of undefined (reading 'decoder')
          at wireEvents (/data/Workspace/helios/starwards/node_modules/colyseus-events/src/wire-events.ts:30:40)
          at /data/Workspace/helios/starwards/modules/core/src/client/admin.ts:20:5
          at processTicksAndRejections (node:internal/process/task_queues:95:5)
          at /data/Workspace/helios/starwards/modules/core/src/client/connection-manager.ts:131:21

      at ConnectionManager.onConnectionError (modules/core/src/client/connection-manager.ts:144:21)

    console.log
      connection error: Error: disconnected from server
          at EventEmitter.<anonymous> (/data/Workspace/helios/starwards/modules/core/src/client/driver.ts:53:58)
          at /data/Workspace/helios/starwards/node_modules/colyseus.js/src/core/signal.ts:15:48
          at Array.forEach (<anonymous>)
          at EventEmitter.invoke (/data/Workspace/helios/starwards/node_modules/colyseus.js/src/core/signal.ts:15:19)
          at Function.register.invoke (/data/Workspace/helios/starwards/node_modules/colyseus.js/src/core/signal.ts:57:81)
          at WebSocket.connection.events.onclose (/data/Workspace/helios/starwards/node_modules/colyseus.js/src/Room.ts:89:30)
          at callListener (/data/Workspace/helios/starwards/node_modules/colyseus.js/node_modules/ws/lib/event-target.js:290:14)
          at WebSocket.onClose (/data/Workspace/helios/starwards/node_modules/colyseus.js/node_modules/ws/lib/event-target.js:220:9)
          at WebSocket.emit (node:events:524:28)
          at WebSocket.emitClose (/data/Workspace/helios/starwards/node_modules/colyseus.js/node_modules/ws/lib/websocket.js:272:10)
          at Socket.socketOnClose (/data/Workspace/helios/starwards/node_modules/colyseus.js/node_modules/ws/lib/websocket.js:1341:15)
          at Socket.emit (node:events:524:28)
          at TCP.<anonymous> (node:net:343:12)

      at ConnectionManager.onConnectionError (modules/core/src/client/connection-manager.ts:144:21)
          at Array.forEach (<anonymous>)

    console.log
      connection error: TypeError: Cannot read properties of undefined (reading 'decoder')
          at wireEvents (/data/Workspace/helios/starwards/node_modules/colyseus-events/src/wire-events.ts:30:40)
          at /data/Workspace/helios/starwards/modules/core/src/client/admin.ts:20:5
          at processTicksAndRejections (node:internal/process/task_queues:95:5)
          at /data/Workspace/helios/starwards/modules/core/src/client/connection-manager.ts:131:21

      at ConnectionManager.onConnectionError (modules/core/src/client/connection-manager.ts:144:21)

    console.log
      connection error: Error: disconnected from server
          at EventEmitter.<anonymous> (/data/Workspace/helios/starwards/modules/core/src/client/driver.ts:53:58)
          at /data/Workspace/helios/starwards/node_modules/colyseus.js/src/core/signal.ts:15:48
          at Array.forEach (<anonymous>)
          at EventEmitter.invoke (/data/Workspace/helios/starwards/node_modules/colyseus.js/src/core/signal.ts:15:19)
          at Function.register.invoke (/data/Workspace/helios/starwards/node_modules/colyseus.js/src/core/signal.ts:57:81)
          at WebSocket.connection.events.onclose (/data/Workspace/helios/starwards/node_modules/colyseus.js/src/Room.ts:89:30)
          at callListener (/data/Workspace/helios/starwards/node_modules/colyseus.js/node_modules/ws/lib/event-target.js:290:14)
          at WebSocket.onClose (/data/Workspace/helios/starwards/node_modules/colyseus.js/node_modules/ws/lib/event-target.js:220:9)
          at WebSocket.emit (node:events:524:28)
          at WebSocket.emitClose (/data/Workspace/helios/starwards/node_modules/colyseus.js/node_modules/ws/lib/websocket.js:272:10)
          at Socket.socketOnClose (/data/Workspace/helios/starwards/node_modules/colyseus.js/node_modules/ws/lib/websocket.js:1341:15)
          at Socket.emit (node:events:524:28)
          at TCP.<anonymous> (node:net:343:12)

      at ConnectionManager.onConnectionError (modules/core/src/client/connection-manager.ts:144:21)
          at Array.forEach (<anonymous>)

    console.log
      connection error: TypeError: Cannot read properties of undefined (reading 'decoder')
          at wireEvents (/data/Workspace/helios/starwards/node_modules/colyseus-events/src/wire-events.ts:30:40)
          at /data/Workspace/helios/starwards/modules/core/src/client/admin.ts:20:5
          at processTicksAndRejections (node:internal/process/task_queues:95:5)
          at /data/Workspace/helios/starwards/modules/core/src/client/connection-manager.ts:131:21

      at ConnectionManager.onConnectionError (modules/core/src/client/connection-manager.ts:144:21)

    console.log
      connection error: Error: disconnected from server
          at EventEmitter.<anonymous> (/data/Workspace/helios/starwards/modules/core/src/client/driver.ts:53:58)
          at /data/Workspace/helios/starwards/node_modules/colyseus.js/src/core/signal.ts:15:48
          at Array.forEach (<anonymous>)
          at EventEmitter.invoke (/data/Workspace/helios/starwards/node_modules/colyseus.js/src/core/signal.ts:15:19)
          at Function.register.invoke (/data/Workspace/helios/starwards/node_modules/colyseus.js/src/core/signal.ts:57:81)
          at WebSocket.connection.events.onclose (/data/Workspace/helios/starwards/node_modules/colyseus.js/src/Room.ts:89:30)
          at callListener (/data/Workspace/helios/starwards/node_modules/colyseus.js/node_modules/ws/lib/event-target.js:290:14)
          at WebSocket.onClose (/data/Workspace/helios/starwards/node_modules/colyseus.js/node_modules/ws/lib/event-target.js:220:9)
          at WebSocket.emit (node:events:524:28)
          at WebSocket.emitClose (/data/Workspace/helios/starwards/node_modules/colyseus.js/node_modules/ws/lib/websocket.js:272:10)
          at Socket.socketOnClose (/data/Workspace/helios/starwards/node_modules/colyseus.js/node_modules/ws/lib/websocket.js:1341:15)
          at Socket.emit (node:events:524:28)
          at TCP.<anonymous> (node:net:343:12)

      at ConnectionManager.onConnectionError (modules/core/src/client/connection-manager.ts:144:21)
          at Array.forEach (<anonymous>)

    console.log
      connection error: TypeError: Cannot read properties of undefined (reading 'decoder')
          at wireEvents (/data/Workspace/helios/starwards/node_modules/colyseus-events/src/wire-events.ts:30:40)
          at /data/Workspace/helios/starwards/modules/core/src/client/admin.ts:20:5
          at processTicksAndRejections (node:internal/process/task_queues:95:5)
          at /data/Workspace/helios/starwards/modules/core/src/client/connection-manager.ts:131:21

      at ConnectionManager.onConnectionError (modules/core/src/client/connection-manager.ts:144:21)

    console.log
      connection error: Error: disconnected from server
          at EventEmitter.<anonymous> (/data/Workspace/helios/starwards/modules/core/src/client/driver.ts:53:58)
          at /data/Workspace/helios/starwards/node_modules/colyseus.js/src/core/signal.ts:15:48
          at Array.forEach (<anonymous>)
          at EventEmitter.invoke (/data/Workspace/helios/starwards/node_modules/colyseus.js/src/core/signal.ts:15:19)
          at Function.register.invoke (/data/Workspace/helios/starwards/node_modules/colyseus.js/src/core/signal.ts:57:81)
          at WebSocket.connection.events.onclose (/data/Workspace/helios/starwards/node_modules/colyseus.js/src/Room.ts:89:30)
          at callListener (/data/Workspace/helios/starwards/node_modules/colyseus.js/node_modules/ws/lib/event-target.js:290:14)
          at WebSocket.onClose (/data/Workspace/helios/starwards/node_modules/colyseus.js/node_modules/ws/lib/event-target.js:220:9)
          at WebSocket.emit (node:events:524:28)
          at WebSocket.emitClose (/data/Workspace/helios/starwards/node_modules/colyseus.js/node_modules/ws/lib/websocket.js:272:10)
          at Socket.socketOnClose (/data/Workspace/helios/starwards/node_modules/colyseus.js/node_modules/ws/lib/websocket.js:1341:15)
          at Socket.emit (node:events:524:28)
          at TCP.<anonymous> (node:net:343:12)

      at ConnectionManager.onConnectionError (modules/core/src/client/connection-manager.ts:144:21)
          at Array.forEach (<anonymous>)

    console.log
      connection error: TypeError: Cannot read properties of undefined (reading 'decoder')
          at wireEvents (/data/Workspace/helios/starwards/node_modules/colyseus-events/src/wire-events.ts:30:40)
          at /data/Workspace/helios/starwards/modules/core/src/client/admin.ts:20:5
          at processTicksAndRejections (node:internal/process/task_queues:95:5)
          at /data/Workspace/helios/starwards/modules/core/src/client/connection-manager.ts:131:21

      at ConnectionManager.onConnectionError (modules/core/src/client/connection-manager.ts:144:21)

    console.log
      connection error: Error: disconnected from server
          at EventEmitter.<anonymous> (/data/Workspace/helios/starwards/modules/core/src/client/driver.ts:53:58)
          at /data/Workspace/helios/starwards/node_modules/colyseus.js/src/core/signal.ts:15:48
          at Array.forEach (<anonymous>)
          at EventEmitter.invoke (/data/Workspace/helios/starwards/node_modules/colyseus.js/src/core/signal.ts:15:19)
          at Function.register.invoke (/data/Workspace/helios/starwards/node_modules/colyseus.js/src/core/signal.ts:57:81)
          at WebSocket.connection.events.onclose (/data/Workspace/helios/starwards/node_modules/colyseus.js/src/Room.ts:89:30)
          at callListener (/data/Workspace/helios/starwards/node_modules/colyseus.js/node_modules/ws/lib/event-target.js:290:14)
          at WebSocket.onClose (/data/Workspace/helios/starwards/node_modules/colyseus.js/node_modules/ws/lib/event-target.js:220:9)
          at WebSocket.emit (node:events:524:28)
          at WebSocket.emitClose (/data/Workspace/helios/starwards/node_modules/colyseus.js/node_modules/ws/lib/websocket.js:272:10)
          at Socket.socketOnClose (/data/Workspace/helios/starwards/node_modules/colyseus.js/node_modules/ws/lib/websocket.js:1341:15)
          at Socket.emit (node:events:524:28)
          at TCP.<anonymous> (node:net:343:12)

      at ConnectionManager.onConnectionError (modules/core/src/client/connection-manager.ts:144:21)
          at Array.forEach (<anonymous>)

    console.log
      connection error: TypeError: Cannot read properties of undefined (reading 'decoder')
          at wireEvents (/data/Workspace/helios/starwards/node_modules/colyseus-events/src/wire-events.ts:30:40)
          at /data/Workspace/helios/starwards/modules/core/src/client/admin.ts:20:5
          at processTicksAndRejections (node:internal/process/task_queues:95:5)
          at /data/Workspace/helios/starwards/modules/core/src/client/connection-manager.ts:131:21

      at ConnectionManager.onConnectionError (modules/core/src/client/connection-manager.ts:144:21)

    console.log
      connection error: Error: disconnected from server
          at EventEmitter.<anonymous> (/data/Workspace/helios/starwards/modules/core/src/client/driver.ts:53:58)
          at /data/Workspace/helios/starwards/node_modules/colyseus.js/src/core/signal.ts:15:48
          at Array.forEach (<anonymous>)
          at EventEmitter.invoke (/data/Workspace/helios/starwards/node_modules/colyseus.js/src/core/signal.ts:15:19)
          at Function.register.invoke (/data/Workspace/helios/starwards/node_modules/colyseus.js/src/core/signal.ts:57:81)
          at WebSocket.connection.events.onclose (/data/Workspace/helios/starwards/node_modules/colyseus.js/src/Room.ts:89:30)
          at callListener (/data/Workspace/helios/starwards/node_modules/colyseus.js/node_modules/ws/lib/event-target.js:290:14)
          at WebSocket.onClose (/data/Workspace/helios/starwards/node_modules/colyseus.js/node_modules/ws/lib/event-target.js:220:9)
          at WebSocket.emit (node:events:524:28)
          at WebSocket.emitClose (/data/Workspace/helios/starwards/node_modules/colyseus.js/node_modules/ws/lib/websocket.js:272:10)
          at Socket.socketOnClose (/data/Workspace/helios/starwards/node_modules/colyseus.js/node_modules/ws/lib/websocket.js:1341:15)
          at Socket.emit (node:events:524:28)
          at TCP.<anonymous> (node:net:343:12)

      at ConnectionManager.onConnectionError (modules/core/src/client/connection-manager.ts:144:21)
          at Array.forEach (<anonymous>)

    console.log
      connection error: TypeError: Cannot read properties of undefined (reading 'decoder')
          at wireEvents (/data/Workspace/helios/starwards/node_modules/colyseus-events/src/wire-events.ts:30:40)
          at /data/Workspace/helios/starwards/modules/core/src/client/admin.ts:20:5
          at processTicksAndRejections (node:internal/process/task_queues:95:5)
          at /data/Workspace/helios/starwards/modules/core/src/client/connection-manager.ts:131:21

      at ConnectionManager.onConnectionError (modules/core/src/client/connection-manager.ts:144:21)

    console.log
      connection error: Error: disconnected from server
          at EventEmitter.<anonymous> (/data/Workspace/helios/starwards/modules/core/src/client/driver.ts:53:58)
          at /data/Workspace/helios/starwards/node_modules/colyseus.js/src/core/signal.ts:15:48
          at Array.forEach (<anonymous>)
          at EventEmitter.invoke (/data/Workspace/helios/starwards/node_modules/colyseus.js/src/core/signal.ts:15:19)
          at Function.register.invoke (/data/Workspace/helios/starwards/node_modules/colyseus.js/src/core/signal.ts:57:81)
          at WebSocket.connection.events.onclose (/data/Workspace/helios/starwards/node_modules/colyseus.js/src/Room.ts:89:30)
          at callListener (/data/Workspace/helios/starwards/node_modules/colyseus.js/node_modules/ws/lib/event-target.js:290:14)
          at WebSocket.onClose (/data/Workspace/helios/starwards/node_modules/colyseus.js/node_modules/ws/lib/event-target.js:220:9)
          at WebSocket.emit (node:events:524:28)
          at WebSocket.emitClose (/data/Workspace/helios/starwards/node_modules/colyseus.js/node_modules/ws/lib/websocket.js:272:10)
          at Socket.socketOnClose (/data/Workspace/helios/starwards/node_modules/colyseus.js/node_modules/ws/lib/websocket.js:1341:15)
          at Socket.emit (node:events:524:28)
          at TCP.<anonymous> (node:net:343:12)

      at ConnectionManager.onConnectionError (modules/core/src/client/connection-manager.ts:144:21)
          at Array.forEach (<anonymous>)

    console.log
      connection error: TypeError: Cannot read properties of undefined (reading 'decoder')
          at wireEvents (/data/Workspace/helios/starwards/node_modules/colyseus-events/src/wire-events.ts:30:40)
          at /data/Workspace/helios/starwards/modules/core/src/client/admin.ts:20:5
          at processTicksAndRejections (node:internal/process/task_queues:95:5)
          at /data/Workspace/helios/starwards/modules/core/src/client/connection-manager.ts:131:21

      at ConnectionManager.onConnectionError (modules/core/src/client/connection-manager.ts:144:21)

    console.log
      connection error: Error: disconnected from server
          at EventEmitter.<anonymous> (/data/Workspace/helios/starwards/modules/core/src/client/driver.ts:53:58)
          at /data/Workspace/helios/starwards/node_modules/colyseus.js/src/core/signal.ts:15:48
          at Array.forEach (<anonymous>)
          at EventEmitter.invoke (/data/Workspace/helios/starwards/node_modules/colyseus.js/src/core/signal.ts:15:19)
          at Function.register.invoke (/data/Workspace/helios/starwards/node_modules/colyseus.js/src/core/signal.ts:57:81)
          at WebSocket.connection.events.onclose (/data/Workspace/helios/starwards/node_modules/colyseus.js/src/Room.ts:89:30)
          at callListener (/data/Workspace/helios/starwards/node_modules/colyseus.js/node_modules/ws/lib/event-target.js:290:14)
          at WebSocket.onClose (/data/Workspace/helios/starwards/node_modules/colyseus.js/node_modules/ws/lib/event-target.js:220:9)
          at WebSocket.emit (node:events:524:28)
          at WebSocket.emitClose (/data/Workspace/helios/starwards/node_modules/colyseus.js/node_modules/ws/lib/websocket.js:272:10)
          at Socket.socketOnClose (/data/Workspace/helios/starwards/node_modules/colyseus.js/node_modules/ws/lib/websocket.js:1341:15)
          at Socket.emit (node:events:524:28)
          at TCP.<anonymous> (node:net:343:12)

      at ConnectionManager.onConnectionError (modules/core/src/client/connection-manager.ts:144:21)
          at Array.forEach (<anonymous>)

    console.log
      connection error: TypeError: Cannot read properties of undefined (reading 'decoder')
          at wireEvents (/data/Workspace/helios/starwards/node_modules/colyseus-events/src/wire-events.ts:30:40)
          at /data/Workspace/helios/starwards/modules/core/src/client/admin.ts:20:5
          at processTicksAndRejections (node:internal/process/task_queues:95:5)
          at /data/Workspace/helios/starwards/modules/core/src/client/connection-manager.ts:131:21

      at ConnectionManager.onConnectionError (modules/core/src/client/connection-manager.ts:144:21)

    console.log
      connection error: Error: disconnected from server
          at EventEmitter.<anonymous> (/data/Workspace/helios/starwards/modules/core/src/client/driver.ts:53:58)
          at /data/Workspace/helios/starwards/node_modules/colyseus.js/src/core/signal.ts:15:48
          at Array.forEach (<anonymous>)
          at EventEmitter.invoke (/data/Workspace/helios/starwards/node_modules/colyseus.js/src/core/signal.ts:15:19)
          at Function.register.invoke (/data/Workspace/helios/starwards/node_modules/colyseus.js/src/core/signal.ts:57:81)
          at WebSocket.connection.events.onclose (/data/Workspace/helios/starwards/node_modules/colyseus.js/src/Room.ts:89:30)
          at callListener (/data/Workspace/helios/starwards/node_modules/colyseus.js/node_modules/ws/lib/event-target.js:290:14)
          at WebSocket.onClose (/data/Workspace/helios/starwards/node_modules/colyseus.js/node_modules/ws/lib/event-target.js:220:9)
          at WebSocket.emit (node:events:524:28)
          at WebSocket.emitClose (/data/Workspace/helios/starwards/node_modules/colyseus.js/node_modules/ws/lib/websocket.js:272:10)
          at Socket.socketOnClose (/data/Workspace/helios/starwards/node_modules/colyseus.js/node_modules/ws/lib/websocket.js:1341:15)
          at Socket.emit (node:events:524:28)
          at TCP.<anonymous> (node:net:343:12)

      at ConnectionManager.onConnectionError (modules/core/src/client/connection-manager.ts:144:21)
          at Array.forEach (<anonymous>)

    console.log
      connection error: TypeError: Cannot read properties of undefined (reading 'decoder')
          at wireEvents (/data/Workspace/helios/starwards/node_modules/colyseus-events/src/wire-events.ts:30:40)
          at /data/Workspace/helios/starwards/modules/core/src/client/admin.ts:20:5
          at processTicksAndRejections (node:internal/process/task_queues:95:5)
          at /data/Workspace/helios/starwards/modules/core/src/client/connection-manager.ts:131:21

      at ConnectionManager.onConnectionError (modules/core/src/client/connection-manager.ts:144:21)

    console.log
      connection error: Error: disconnected from server
          at EventEmitter.<anonymous> (/data/Workspace/helios/starwards/modules/core/src/client/driver.ts:53:58)
          at /data/Workspace/helios/starwards/node_modules/colyseus.js/src/core/signal.ts:15:48
          at Array.forEach (<anonymous>)
          at EventEmitter.invoke (/data/Workspace/helios/starwards/node_modules/colyseus.js/src/core/signal.ts:15:19)
          at Function.register.invoke (/data/Workspace/helios/starwards/node_modules/colyseus.js/src/core/signal.ts:57:81)
          at WebSocket.connection.events.onclose (/data/Workspace/helios/starwards/node_modules/colyseus.js/src/Room.ts:89:30)
          at callListener (/data/Workspace/helios/starwards/node_modules/colyseus.js/node_modules/ws/lib/event-target.js:290:14)
          at WebSocket.onClose (/data/Workspace/helios/starwards/node_modules/colyseus.js/node_modules/ws/lib/event-target.js:220:9)
          at WebSocket.emit (node:events:524:28)
          at WebSocket.emitClose (/data/Workspace/helios/starwards/node_modules/colyseus.js/node_modules/ws/lib/websocket.js:272:10)
          at Socket.socketOnClose (/data/Workspace/helios/starwards/node_modules/colyseus.js/node_modules/ws/lib/websocket.js:1341:15)
          at Socket.emit (node:events:524:28)
          at TCP.<anonymous> (node:net:343:12)

      at ConnectionManager.onConnectionError (modules/core/src/client/connection-manager.ts:144:21)
          at Array.forEach (<anonymous>)

    console.log
      connection error: TypeError: Cannot read properties of undefined (reading 'decoder')
          at wireEvents (/data/Workspace/helios/starwards/node_modules/colyseus-events/src/wire-events.ts:30:40)
          at /data/Workspace/helios/starwards/modules/core/src/client/admin.ts:20:5
          at processTicksAndRejections (node:internal/process/task_queues:95:5)
          at /data/Workspace/helios/starwards/modules/core/src/client/connection-manager.ts:131:21

      at ConnectionManager.onConnectionError (modules/core/src/client/connection-manager.ts:144:21)

    console.log
      connection error: Error: disconnected from server
          at EventEmitter.<anonymous> (/data/Workspace/helios/starwards/modules/core/src/client/driver.ts:53:58)
          at /data/Workspace/helios/starwards/node_modules/colyseus.js/src/core/signal.ts:15:48
          at Array.forEach (<anonymous>)
          at EventEmitter.invoke (/data/Workspace/helios/starwards/node_modules/colyseus.js/src/core/signal.ts:15:19)
          at Function.register.invoke (/data/Workspace/helios/starwards/node_modules/colyseus.js/src/core/signal.ts:57:81)
          at WebSocket.connection.events.onclose (/data/Workspace/helios/starwards/node_modules/colyseus.js/src/Room.ts:89:30)
          at callListener (/data/Workspace/helios/starwards/node_modules/colyseus.js/node_modules/ws/lib/event-target.js:290:14)
          at WebSocket.onClose (/data/Workspace/helios/starwards/node_modules/colyseus.js/node_modules/ws/lib/event-target.js:220:9)
          at WebSocket.emit (node:events:524:28)
          at WebSocket.emitClose (/data/Workspace/helios/starwards/node_modules/colyseus.js/node_modules/ws/lib/websocket.js:272:10)
          at Socket.socketOnClose (/data/Workspace/helios/starwards/node_modules/colyseus.js/node_modules/ws/lib/websocket.js:1341:15)
          at Socket.emit (node:events:524:28)
          at TCP.<anonymous> (node:net:343:12)

      at ConnectionManager.onConnectionError (modules/core/src/client/connection-manager.ts:144:21)
          at Array.forEach (<anonymous>)

    console.log
      connection error: TypeError: Cannot read properties of undefined (reading 'decoder')
          at wireEvents (/data/Workspace/helios/starwards/node_modules/colyseus-events/src/wire-events.ts:30:40)
          at /data/Workspace/helios/starwards/modules/core/src/client/admin.ts:20:5
          at processTicksAndRejections (node:internal/process/task_queues:95:5)
          at /data/Workspace/helios/starwards/modules/core/src/client/connection-manager.ts:131:21

      at ConnectionManager.onConnectionError (modules/core/src/client/connection-manager.ts:144:21)

    console.log
      connection error: Error: disconnected from server
          at EventEmitter.<anonymous> (/data/Workspace/helios/starwards/modules/core/src/client/driver.ts:53:58)
          at /data/Workspace/helios/starwards/node_modules/colyseus.js/src/core/signal.ts:15:48
          at Array.forEach (<anonymous>)
          at EventEmitter.invoke (/data/Workspace/helios/starwards/node_modules/colyseus.js/src/core/signal.ts:15:19)
          at Function.register.invoke (/data/Workspace/helios/starwards/node_modules/colyseus.js/src/core/signal.ts:57:81)
          at WebSocket.connection.events.onclose (/data/Workspace/helios/starwards/node_modules/colyseus.js/src/Room.ts:89:30)
          at callListener (/data/Workspace/helios/starwards/node_modules/colyseus.js/node_modules/ws/lib/event-target.js:290:14)
          at WebSocket.onClose (/data/Workspace/helios/starwards/node_modules/colyseus.js/node_modules/ws/lib/event-target.js:220:9)
          at WebSocket.emit (node:events:524:28)
          at WebSocket.emitClose (/data/Workspace/helios/starwards/node_modules/colyseus.js/node_modules/ws/lib/websocket.js:272:10)
          at Socket.socketOnClose (/data/Workspace/helios/starwards/node_modules/colyseus.js/node_modules/ws/lib/websocket.js:1341:15)
          at Socket.emit (node:events:524:28)
          at TCP.<anonymous> (node:net:343:12)

      at ConnectionManager.onConnectionError (modules/core/src/client/connection-manager.ts:144:21)
          at Array.forEach (<anonymous>)

    console.log
      connection error: TypeError: Cannot read properties of undefined (reading 'decoder')
          at wireEvents (/data/Workspace/helios/starwards/node_modules/colyseus-events/src/wire-events.ts:30:40)
          at /data/Workspace/helios/starwards/modules/core/src/client/admin.ts:20:5
          at processTicksAndRejections (node:internal/process/task_queues:95:5)
          at /data/Workspace/helios/starwards/modules/core/src/client/connection-manager.ts:131:21

      at ConnectionManager.onConnectionError (modules/core/src/client/connection-manager.ts:144:21)

    console.log
      connection error: Error: disconnected from server
          at EventEmitter.<anonymous> (/data/Workspace/helios/starwards/modules/core/src/client/driver.ts:53:58)
          at /data/Workspace/helios/starwards/node_modules/colyseus.js/src/core/signal.ts:15:48
          at Array.forEach (<anonymous>)
          at EventEmitter.invoke (/data/Workspace/helios/starwards/node_modules/colyseus.js/src/core/signal.ts:15:19)
          at Function.register.invoke (/data/Workspace/helios/starwards/node_modules/colyseus.js/src/core/signal.ts:57:81)
          at WebSocket.connection.events.onclose (/data/Workspace/helios/starwards/node_modules/colyseus.js/src/Room.ts:89:30)
          at callListener (/data/Workspace/helios/starwards/node_modules/colyseus.js/node_modules/ws/lib/event-target.js:290:14)
          at WebSocket.onClose (/data/Workspace/helios/starwards/node_modules/colyseus.js/node_modules/ws/lib/event-target.js:220:9)
          at WebSocket.emit (node:events:524:28)
          at WebSocket.emitClose (/data/Workspace/helios/starwards/node_modules/colyseus.js/node_modules/ws/lib/websocket.js:272:10)
          at Socket.socketOnClose (/data/Workspace/helios/starwards/node_modules/colyseus.js/node_modules/ws/lib/websocket.js:1341:15)
          at Socket.emit (node:events:524:28)
          at TCP.<anonymous> (node:net:343:12)

      at ConnectionManager.onConnectionError (modules/core/src/client/connection-manager.ts:144:21)
          at Array.forEach (<anonymous>)

    console.log
      connection error: TypeError: Cannot read properties of undefined (reading 'decoder')
          at wireEvents (/data/Workspace/helios/starwards/node_modules/colyseus-events/src/wire-events.ts:30:40)
          at /data/Workspace/helios/starwards/modules/core/src/client/admin.ts:20:5
          at processTicksAndRejections (node:internal/process/task_queues:95:5)
          at /data/Workspace/helios/starwards/modules/core/src/client/connection-manager.ts:131:21

      at ConnectionManager.onConnectionError (modules/core/src/client/connection-manager.ts:144:21)

    console.log
      connection error: Error: disconnected from server
          at EventEmitter.<anonymous> (/data/Workspace/helios/starwards/modules/core/src/client/driver.ts:53:58)
          at /data/Workspace/helios/starwards/node_modules/colyseus.js/src/core/signal.ts:15:48
          at Array.forEach (<anonymous>)
          at EventEmitter.invoke (/data/Workspace/helios/starwards/node_modules/colyseus.js/src/core/signal.ts:15:19)
          at Function.register.invoke (/data/Workspace/helios/starwards/node_modules/colyseus.js/src/core/signal.ts:57:81)
          at WebSocket.connection.events.onclose (/data/Workspace/helios/starwards/node_modules/colyseus.js/src/Room.ts:89:30)
          at callListener (/data/Workspace/helios/starwards/node_modules/colyseus.js/node_modules/ws/lib/event-target.js:290:14)
          at WebSocket.onClose (/data/Workspace/helios/starwards/node_modules/colyseus.js/node_modules/ws/lib/event-target.js:220:9)
          at WebSocket.emit (node:events:524:28)
          at WebSocket.emitClose (/data/Workspace/helios/starwards/node_modules/colyseus.js/node_modules/ws/lib/websocket.js:272:10)
          at Socket.socketOnClose (/data/Workspace/helios/starwards/node_modules/colyseus.js/node_modules/ws/lib/websocket.js:1341:15)
          at Socket.emit (node:events:524:28)
          at TCP.<anonymous> (node:net:343:12)

      at ConnectionManager.onConnectionError (modules/core/src/client/connection-manager.ts:144:21)
          at Array.forEach (<anonymous>)

    console.log
      connection error: TypeError: Cannot read properties of undefined (reading 'decoder')
          at wireEvents (/data/Workspace/helios/starwards/node_modules/colyseus-events/src/wire-events.ts:30:40)
          at /data/Workspace/helios/starwards/modules/core/src/client/admin.ts:20:5
          at processTicksAndRejections (node:internal/process/task_queues:95:5)
          at /data/Workspace/helios/starwards/modules/core/src/client/connection-manager.ts:131:21

      at ConnectionManager.onConnectionError (modules/core/src/client/connection-manager.ts:144:21)

    console.log
      connection error: Error: disconnected from server
          at EventEmitter.<anonymous> (/data/Workspace/helios/starwards/modules/core/src/client/driver.ts:53:58)
          at /data/Workspace/helios/starwards/node_modules/colyseus.js/src/core/signal.ts:15:48
          at Array.forEach (<anonymous>)
          at EventEmitter.invoke (/data/Workspace/helios/starwards/node_modules/colyseus.js/src/core/signal.ts:15:19)
          at Function.register.invoke (/data/Workspace/helios/starwards/node_modules/colyseus.js/src/core/signal.ts:57:81)
          at WebSocket.connection.events.onclose (/data/Workspace/helios/starwards/node_modules/colyseus.js/src/Room.ts:89:30)
          at callListener (/data/Workspace/helios/starwards/node_modules/colyseus.js/node_modules/ws/lib/event-target.js:290:14)
          at WebSocket.onClose (/data/Workspace/helios/starwards/node_modules/colyseus.js/node_modules/ws/lib/event-target.js:220:9)
          at WebSocket.emit (node:events:524:28)
          at WebSocket.emitClose (/data/Workspace/helios/starwards/node_modules/colyseus.js/node_modules/ws/lib/websocket.js:272:10)
          at Socket.socketOnClose (/data/Workspace/helios/starwards/node_modules/colyseus.js/node_modules/ws/lib/websocket.js:1341:15)
          at Socket.emit (node:events:524:28)
          at TCP.<anonymous> (node:net:343:12)

      at ConnectionManager.onConnectionError (modules/core/src/client/connection-manager.ts:144:21)
          at Array.forEach (<anonymous>)

    console.log
      connection error: TypeError: Cannot read properties of undefined (reading 'decoder')
          at wireEvents (/data/Workspace/helios/starwards/node_modules/colyseus-events/src/wire-events.ts:30:40)
          at /data/Workspace/helios/starwards/modules/core/src/client/admin.ts:20:5
          at processTicksAndRejections (node:internal/process/task_queues:95:5)
          at /data/Workspace/helios/starwards/modules/core/src/client/connection-manager.ts:131:21

      at ConnectionManager.onConnectionError (modules/core/src/client/connection-manager.ts:144:21)

    console.log
      connection error: Error: disconnected from server
          at EventEmitter.<anonymous> (/data/Workspace/helios/starwards/modules/core/src/client/driver.ts:53:58)
          at /data/Workspace/helios/starwards/node_modules/colyseus.js/src/core/signal.ts:15:48
          at Array.forEach (<anonymous>)
          at EventEmitter.invoke (/data/Workspace/helios/starwards/node_modules/colyseus.js/src/core/signal.ts:15:19)
          at Function.register.invoke (/data/Workspace/helios/starwards/node_modules/colyseus.js/src/core/signal.ts:57:81)
          at WebSocket.connection.events.onclose (/data/Workspace/helios/starwards/node_modules/colyseus.js/src/Room.ts:89:30)
          at callListener (/data/Workspace/helios/starwards/node_modules/colyseus.js/node_modules/ws/lib/event-target.js:290:14)
          at WebSocket.onClose (/data/Workspace/helios/starwards/node_modules/colyseus.js/node_modules/ws/lib/event-target.js:220:9)
          at WebSocket.emit (node:events:524:28)
          at WebSocket.emitClose (/data/Workspace/helios/starwards/node_modules/colyseus.js/node_modules/ws/lib/websocket.js:272:10)
          at Socket.socketOnClose (/data/Workspace/helios/starwards/node_modules/colyseus.js/node_modules/ws/lib/websocket.js:1341:15)
          at Socket.emit (node:events:524:28)
          at TCP.<anonymous> (node:net:343:12)

      at ConnectionManager.onConnectionError (modules/core/src/client/connection-manager.ts:144:21)
          at Array.forEach (<anonymous>)

    console.log
      connection error: TypeError: Cannot read properties of undefined (reading 'decoder')
          at wireEvents (/data/Workspace/helios/starwards/node_modules/colyseus-events/src/wire-events.ts:30:40)
          at /data/Workspace/helios/starwards/modules/core/src/client/admin.ts:20:5
          at processTicksAndRejections (node:internal/process/task_queues:95:5)
          at /data/Workspace/helios/starwards/modules/core/src/client/connection-manager.ts:131:21

      at ConnectionManager.onConnectionError (modules/core/src/client/connection-manager.ts:144:21)

    console.log
      connection error: Error: disconnected from server
          at EventEmitter.<anonymous> (/data/Workspace/helios/starwards/modules/core/src/client/driver.ts:53:58)
          at /data/Workspace/helios/starwards/node_modules/colyseus.js/src/core/signal.ts:15:48
          at Array.forEach (<anonymous>)
          at EventEmitter.invoke (/data/Workspace/helios/starwards/node_modules/colyseus.js/src/core/signal.ts:15:19)
          at Function.register.invoke (/data/Workspace/helios/starwards/node_modules/colyseus.js/src/core/signal.ts:57:81)
          at WebSocket.connection.events.onclose (/data/Workspace/helios/starwards/node_modules/colyseus.js/src/Room.ts:89:30)
          at callListener (/data/Workspace/helios/starwards/node_modules/colyseus.js/node_modules/ws/lib/event-target.js:290:14)
          at WebSocket.onClose (/data/Workspace/helios/starwards/node_modules/colyseus.js/node_modules/ws/lib/event-target.js:220:9)
          at WebSocket.emit (node:events:524:28)
          at WebSocket.emitClose (/data/Workspace/helios/starwards/node_modules/colyseus.js/node_modules/ws/lib/websocket.js:272:10)
          at Socket.socketOnClose (/data/Workspace/helios/starwards/node_modules/colyseus.js/node_modules/ws/lib/websocket.js:1341:15)
          at Socket.emit (node:events:524:28)
          at TCP.<anonymous> (node:net:343:12)

      at ConnectionManager.onConnectionError (modules/core/src/client/connection-manager.ts:144:21)
          at Array.forEach (<anonymous>)

    console.log
      connection error: TypeError: Cannot read properties of undefined (reading 'decoder')
          at wireEvents (/data/Workspace/helios/starwards/node_modules/colyseus-events/src/wire-events.ts:30:40)
          at /data/Workspace/helios/starwards/modules/core/src/client/admin.ts:20:5
          at processTicksAndRejections (node:internal/process/task_queues:95:5)
          at /data/Workspace/helios/starwards/modules/core/src/client/connection-manager.ts:131:21

      at ConnectionManager.onConnectionError (modules/core/src/client/connection-manager.ts:144:21)

    console.log
      connection error: Error: disconnected from server
          at EventEmitter.<anonymous> (/data/Workspace/helios/starwards/modules/core/src/client/driver.ts:53:58)
          at /data/Workspace/helios/starwards/node_modules/colyseus.js/src/core/signal.ts:15:48
          at Array.forEach (<anonymous>)
          at EventEmitter.invoke (/data/Workspace/helios/starwards/node_modules/colyseus.js/src/core/signal.ts:15:19)
          at Function.register.invoke (/data/Workspace/helios/starwards/node_modules/colyseus.js/src/core/signal.ts:57:81)
          at WebSocket.connection.events.onclose (/data/Workspace/helios/starwards/node_modules/colyseus.js/src/Room.ts:89:30)
          at callListener (/data/Workspace/helios/starwards/node_modules/colyseus.js/node_modules/ws/lib/event-target.js:290:14)
          at WebSocket.onClose (/data/Workspace/helios/starwards/node_modules/colyseus.js/node_modules/ws/lib/event-target.js:220:9)
          at WebSocket.emit (node:events:524:28)
          at WebSocket.emitClose (/data/Workspace/helios/starwards/node_modules/colyseus.js/node_modules/ws/lib/websocket.js:272:10)
          at Socket.socketOnClose (/data/Workspace/helios/starwards/node_modules/colyseus.js/node_modules/ws/lib/websocket.js:1341:15)
          at Socket.emit (node:events:524:28)
          at TCP.<anonymous> (node:net:343:12)

      at ConnectionManager.onConnectionError (modules/core/src/client/connection-manager.ts:144:21)
          at Array.forEach (<anonymous>)

    console.log
      connection error: TypeError: Cannot read properties of undefined (reading 'decoder')
          at wireEvents (/data/Workspace/helios/starwards/node_modules/colyseus-events/src/wire-events.ts:30:40)
          at /data/Workspace/helios/starwards/modules/core/src/client/admin.ts:20:5
          at processTicksAndRejections (node:internal/process/task_queues:95:5)
          at /data/Workspace/helios/starwards/modules/core/src/client/connection-manager.ts:131:21

      at ConnectionManager.onConnectionError (modules/core/src/client/connection-manager.ts:144:21)

    console.log
      connection error: Error: disconnected from server
          at EventEmitter.<anonymous> (/data/Workspace/helios/starwards/modules/core/src/client/driver.ts:53:58)
          at /data/Workspace/helios/starwards/node_modules/colyseus.js/src/core/signal.ts:15:48
          at Array.forEach (<anonymous>)
          at EventEmitter.invoke (/data/Workspace/helios/starwards/node_modules/colyseus.js/src/core/signal.ts:15:19)
          at Function.register.invoke (/data/Workspace/helios/starwards/node_modules/colyseus.js/src/core/signal.ts:57:81)
          at WebSocket.connection.events.onclose (/data/Workspace/helios/starwards/node_modules/colyseus.js/src/Room.ts:89:30)
          at callListener (/data/Workspace/helios/starwards/node_modules/colyseus.js/node_modules/ws/lib/event-target.js:290:14)
          at WebSocket.onClose (/data/Workspace/helios/starwards/node_modules/colyseus.js/node_modules/ws/lib/event-target.js:220:9)
          at WebSocket.emit (node:events:524:28)
          at WebSocket.emitClose (/data/Workspace/helios/starwards/node_modules/colyseus.js/node_modules/ws/lib/websocket.js:272:10)
          at Socket.socketOnClose (/data/Workspace/helios/starwards/node_modules/colyseus.js/node_modules/ws/lib/websocket.js:1341:15)
          at Socket.emit (node:events:524:28)
          at TCP.<anonymous> (node:net:343:12)

      at ConnectionManager.onConnectionError (modules/core/src/client/connection-manager.ts:144:21)
          at Array.forEach (<anonymous>)

    console.log
      connection error: TypeError: Cannot read properties of undefined (reading 'decoder')
          at wireEvents (/data/Workspace/helios/starwards/node_modules/colyseus-events/src/wire-events.ts:30:40)
          at /data/Workspace/helios/starwards/modules/core/src/client/admin.ts:20:5
          at processTicksAndRejections (node:internal/process/task_queues:95:5)
          at /data/Workspace/helios/starwards/modules/core/src/client/connection-manager.ts:131:21

      at ConnectionManager.onConnectionError (modules/core/src/client/connection-manager.ts:144:21)

    console.log
      connection error: Error: disconnected from server
          at EventEmitter.<anonymous> (/data/Workspace/helios/starwards/modules/core/src/client/driver.ts:53:58)
          at /data/Workspace/helios/starwards/node_modules/colyseus.js/src/core/signal.ts:15:48
          at Array.forEach (<anonymous>)
          at EventEmitter.invoke (/data/Workspace/helios/starwards/node_modules/colyseus.js/src/core/signal.ts:15:19)
          at Function.register.invoke (/data/Workspace/helios/starwards/node_modules/colyseus.js/src/core/signal.ts:57:81)
          at WebSocket.connection.events.onclose (/data/Workspace/helios/starwards/node_modules/colyseus.js/src/Room.ts:89:30)
          at callListener (/data/Workspace/helios/starwards/node_modules/colyseus.js/node_modules/ws/lib/event-target.js:290:14)
          at WebSocket.onClose (/data/Workspace/helios/starwards/node_modules/colyseus.js/node_modules/ws/lib/event-target.js:220:9)
          at WebSocket.emit (node:events:524:28)
          at WebSocket.emitClose (/data/Workspace/helios/starwards/node_modules/colyseus.js/node_modules/ws/lib/websocket.js:272:10)
          at Socket.socketOnClose (/data/Workspace/helios/starwards/node_modules/colyseus.js/node_modules/ws/lib/websocket.js:1341:15)
          at Socket.emit (node:events:524:28)
          at TCP.<anonymous> (node:net:343:12)

      at ConnectionManager.onConnectionError (modules/core/src/client/connection-manager.ts:144:21)
          at Array.forEach (<anonymous>)

    console.log
      connection error: TypeError: Cannot read properties of undefined (reading 'decoder')
          at wireEvents (/data/Workspace/helios/starwards/node_modules/colyseus-events/src/wire-events.ts:30:40)
          at /data/Workspace/helios/starwards/modules/core/src/client/admin.ts:20:5
          at processTicksAndRejections (node:internal/process/task_queues:95:5)
          at /data/Workspace/helios/starwards/modules/core/src/client/connection-manager.ts:131:21

      at ConnectionManager.onConnectionError (modules/core/src/client/connection-manager.ts:144:21)

    console.log
      connection error: Error: disconnected from server
          at EventEmitter.<anonymous> (/data/Workspace/helios/starwards/modules/core/src/client/driver.ts:53:58)
          at /data/Workspace/helios/starwards/node_modules/colyseus.js/src/core/signal.ts:15:48
          at Array.forEach (<anonymous>)
          at EventEmitter.invoke (/data/Workspace/helios/starwards/node_modules/colyseus.js/src/core/signal.ts:15:19)
          at Function.register.invoke (/data/Workspace/helios/starwards/node_modules/colyseus.js/src/core/signal.ts:57:81)
          at WebSocket.connection.events.onclose (/data/Workspace/helios/starwards/node_modules/colyseus.js/src/Room.ts:89:30)
          at callListener (/data/Workspace/helios/starwards/node_modules/colyseus.js/node_modules/ws/lib/event-target.js:290:14)
          at WebSocket.onClose (/data/Workspace/helios/starwards/node_modules/colyseus.js/node_modules/ws/lib/event-target.js:220:9)
          at WebSocket.emit (node:events:524:28)
          at WebSocket.emitClose (/data/Workspace/helios/starwards/node_modules/colyseus.js/node_modules/ws/lib/websocket.js:272:10)
          at Socket.socketOnClose (/data/Workspace/helios/starwards/node_modules/colyseus.js/node_modules/ws/lib/websocket.js:1341:15)
          at Socket.emit (node:events:524:28)
          at TCP.<anonymous> (node:net:343:12)

      at ConnectionManager.onConnectionError (modules/core/src/client/connection-manager.ts:144:21)
          at Array.forEach (<anonymous>)

    console.log
      connection error: TypeError: Cannot read properties of undefined (reading 'decoder')
          at wireEvents (/data/Workspace/helios/starwards/node_modules/colyseus-events/src/wire-events.ts:30:40)
          at /data/Workspace/helios/starwards/modules/core/src/client/admin.ts:20:5
          at processTicksAndRejections (node:internal/process/task_queues:95:5)
          at /data/Workspace/helios/starwards/modules/core/src/client/connection-manager.ts:131:21

      at ConnectionManager.onConnectionError (modules/core/src/client/connection-manager.ts:144:21)

    console.log
      connection error: Error: disconnected from server
          at EventEmitter.<anonymous> (/data/Workspace/helios/starwards/modules/core/src/client/driver.ts:53:58)
          at /data/Workspace/helios/starwards/node_modules/colyseus.js/src/core/signal.ts:15:48
          at Array.forEach (<anonymous>)
          at EventEmitter.invoke (/data/Workspace/helios/starwards/node_modules/colyseus.js/src/core/signal.ts:15:19)
          at Function.register.invoke (/data/Workspace/helios/starwards/node_modules/colyseus.js/src/core/signal.ts:57:81)
          at WebSocket.connection.events.onclose (/data/Workspace/helios/starwards/node_modules/colyseus.js/src/Room.ts:89:30)
          at callListener (/data/Workspace/helios/starwards/node_modules/colyseus.js/node_modules/ws/lib/event-target.js:290:14)
          at WebSocket.onClose (/data/Workspace/helios/starwards/node_modules/colyseus.js/node_modules/ws/lib/event-target.js:220:9)
          at WebSocket.emit (node:events:524:28)
          at WebSocket.emitClose (/data/Workspace/helios/starwards/node_modules/colyseus.js/node_modules/ws/lib/websocket.js:272:10)
          at Socket.socketOnClose (/data/Workspace/helios/starwards/node_modules/colyseus.js/node_modules/ws/lib/websocket.js:1341:15)
          at Socket.emit (node:events:524:28)
          at TCP.<anonymous> (node:net:343:12)

      at ConnectionManager.onConnectionError (modules/core/src/client/connection-manager.ts:144:21)
          at Array.forEach (<anonymous>)

    console.log
      connection error: TypeError: Cannot read properties of undefined (reading 'decoder')
          at wireEvents (/data/Workspace/helios/starwards/node_modules/colyseus-events/src/wire-events.ts:30:40)
          at /data/Workspace/helios/starwards/modules/core/src/client/admin.ts:20:5
          at processTicksAndRejections (node:internal/process/task_queues:95:5)
          at /data/Workspace/helios/starwards/modules/core/src/client/connection-manager.ts:131:21

      at ConnectionManager.onConnectionError (modules/core/src/client/connection-manager.ts:144:21)

    console.log
      connection error: Error: disconnected from server
          at EventEmitter.<anonymous> (/data/Workspace/helios/starwards/modules/core/src/client/driver.ts:53:58)
          at /data/Workspace/helios/starwards/node_modules/colyseus.js/src/core/signal.ts:15:48
          at Array.forEach (<anonymous>)
          at EventEmitter.invoke (/data/Workspace/helios/starwards/node_modules/colyseus.js/src/core/signal.ts:15:19)
          at Function.register.invoke (/data/Workspace/helios/starwards/node_modules/colyseus.js/src/core/signal.ts:57:81)
          at WebSocket.connection.events.onclose (/data/Workspace/helios/starwards/node_modules/colyseus.js/src/Room.ts:89:30)
          at callListener (/data/Workspace/helios/starwards/node_modules/colyseus.js/node_modules/ws/lib/event-target.js:290:14)
          at WebSocket.onClose (/data/Workspace/helios/starwards/node_modules/colyseus.js/node_modules/ws/lib/event-target.js:220:9)
          at WebSocket.emit (node:events:524:28)
          at WebSocket.emitClose (/data/Workspace/helios/starwards/node_modules/colyseus.js/node_modules/ws/lib/websocket.js:272:10)
          at Socket.socketOnClose (/data/Workspace/helios/starwards/node_modules/colyseus.js/node_modules/ws/lib/websocket.js:1341:15)
          at Socket.emit (node:events:524:28)
          at TCP.<anonymous> (node:net:343:12)

      at ConnectionManager.onConnectionError (modules/core/src/client/connection-manager.ts:144:21)
          at Array.forEach (<anonymous>)

    console.log
      connection error: TypeError: Cannot read properties of undefined (reading 'decoder')
          at wireEvents (/data/Workspace/helios/starwards/node_modules/colyseus-events/src/wire-events.ts:30:40)
          at /data/Workspace/helios/starwards/modules/core/src/client/admin.ts:20:5
          at processTicksAndRejections (node:internal/process/task_queues:95:5)
          at /data/Workspace/helios/starwards/modules/core/src/client/connection-manager.ts:131:21

      at ConnectionManager.onConnectionError (modules/core/src/client/connection-manager.ts:144:21)

    console.log
      connection error: Error: disconnected from server
          at EventEmitter.<anonymous> (/data/Workspace/helios/starwards/modules/core/src/client/driver.ts:53:58)
          at /data/Workspace/helios/starwards/node_modules/colyseus.js/src/core/signal.ts:15:48
          at Array.forEach (<anonymous>)
          at EventEmitter.invoke (/data/Workspace/helios/starwards/node_modules/colyseus.js/src/core/signal.ts:15:19)
          at Function.register.invoke (/data/Workspace/helios/starwards/node_modules/colyseus.js/src/core/signal.ts:57:81)
          at WebSocket.connection.events.onclose (/data/Workspace/helios/starwards/node_modules/colyseus.js/src/Room.ts:89:30)
          at callListener (/data/Workspace/helios/starwards/node_modules/colyseus.js/node_modules/ws/lib/event-target.js:290:14)
          at WebSocket.onClose (/data/Workspace/helios/starwards/node_modules/colyseus.js/node_modules/ws/lib/event-target.js:220:9)
          at WebSocket.emit (node:events:524:28)
          at WebSocket.emitClose (/data/Workspace/helios/starwards/node_modules/colyseus.js/node_modules/ws/lib/websocket.js:272:10)
          at Socket.socketOnClose (/data/Workspace/helios/starwards/node_modules/colyseus.js/node_modules/ws/lib/websocket.js:1341:15)
          at Socket.emit (node:events:524:28)
          at TCP.<anonymous> (node:net:343:12)

      at ConnectionManager.onConnectionError (modules/core/src/client/connection-manager.ts:144:21)
          at Array.forEach (<anonymous>)

    console.log
      connection error: TypeError: Cannot read properties of undefined (reading 'decoder')
          at wireEvents (/data/Workspace/helios/starwards/node_modules/colyseus-events/src/wire-events.ts:30:40)
          at /data/Workspace/helios/starwards/modules/core/src/client/admin.ts:20:5
          at processTicksAndRejections (node:internal/process/task_queues:95:5)
          at /data/Workspace/helios/starwards/modules/core/src/client/connection-manager.ts:131:21

      at ConnectionManager.onConnectionError (modules/core/src/client/connection-manager.ts:144:21)

    console.log
      connection error: Error: disconnected from server
          at EventEmitter.<anonymous> (/data/Workspace/helios/starwards/modules/core/src/client/driver.ts:53:58)
          at /data/Workspace/helios/starwards/node_modules/colyseus.js/src/core/signal.ts:15:48
          at Array.forEach (<anonymous>)
          at EventEmitter.invoke (/data/Workspace/helios/starwards/node_modules/colyseus.js/src/core/signal.ts:15:19)
          at Function.register.invoke (/data/Workspace/helios/starwards/node_modules/colyseus.js/src/core/signal.ts:57:81)
          at WebSocket.connection.events.onclose (/data/Workspace/helios/starwards/node_modules/colyseus.js/src/Room.ts:89:30)
          at callListener (/data/Workspace/helios/starwards/node_modules/colyseus.js/node_modules/ws/lib/event-target.js:290:14)
          at WebSocket.onClose (/data/Workspace/helios/starwards/node_modules/colyseus.js/node_modules/ws/lib/event-target.js:220:9)
          at WebSocket.emit (node:events:524:28)
          at WebSocket.emitClose (/data/Workspace/helios/starwards/node_modules/colyseus.js/node_modules/ws/lib/websocket.js:272:10)
          at Socket.socketOnClose (/data/Workspace/helios/starwards/node_modules/colyseus.js/node_modules/ws/lib/websocket.js:1341:15)
          at Socket.emit (node:events:524:28)
          at TCP.<anonymous> (node:net:343:12)

      at ConnectionManager.onConnectionError (modules/core/src/client/connection-manager.ts:144:21)
          at Array.forEach (<anonymous>)

    console.log
      connection error: TypeError: Cannot read properties of undefined (reading 'decoder')
          at wireEvents (/data/Workspace/helios/starwards/node_modules/colyseus-events/src/wire-events.ts:30:40)
          at /data/Workspace/helios/starwards/modules/core/src/client/admin.ts:20:5
          at processTicksAndRejections (node:internal/process/task_queues:95:5)
          at /data/Workspace/helios/starwards/modules/core/src/client/connection-manager.ts:131:21

      at ConnectionManager.onConnectionError (modules/core/src/client/connection-manager.ts:144:21)

    console.log
      connection error: Error: disconnected from server
          at EventEmitter.<anonymous> (/data/Workspace/helios/starwards/modules/core/src/client/driver.ts:53:58)
          at /data/Workspace/helios/starwards/node_modules/colyseus.js/src/core/signal.ts:15:48
          at Array.forEach (<anonymous>)
          at EventEmitter.invoke (/data/Workspace/helios/starwards/node_modules/colyseus.js/src/core/signal.ts:15:19)
          at Function.register.invoke (/data/Workspace/helios/starwards/node_modules/colyseus.js/src/core/signal.ts:57:81)
          at WebSocket.connection.events.onclose (/data/Workspace/helios/starwards/node_modules/colyseus.js/src/Room.ts:89:30)
          at callListener (/data/Workspace/helios/starwards/node_modules/colyseus.js/node_modules/ws/lib/event-target.js:290:14)
          at WebSocket.onClose (/data/Workspace/helios/starwards/node_modules/colyseus.js/node_modules/ws/lib/event-target.js:220:9)
          at WebSocket.emit (node:events:524:28)
          at WebSocket.emitClose (/data/Workspace/helios/starwards/node_modules/colyseus.js/node_modules/ws/lib/websocket.js:272:10)
          at Socket.socketOnClose (/data/Workspace/helios/starwards/node_modules/colyseus.js/node_modules/ws/lib/websocket.js:1341:15)
          at Socket.emit (node:events:524:28)
          at TCP.<anonymous> (node:net:343:12)

      at ConnectionManager.onConnectionError (modules/core/src/client/connection-manager.ts:144:21)
          at Array.forEach (<anonymous>)

    console.log
      connection error: TypeError: Cannot read properties of undefined (reading 'decoder')
          at wireEvents (/data/Workspace/helios/starwards/node_modules/colyseus-events/src/wire-events.ts:30:40)
          at /data/Workspace/helios/starwards/modules/core/src/client/admin.ts:20:5
          at processTicksAndRejections (node:internal/process/task_queues:95:5)
          at /data/Workspace/helios/starwards/modules/core/src/client/connection-manager.ts:131:21

      at ConnectionManager.onConnectionError (modules/core/src/client/connection-manager.ts:144:21)

    console.log
      connection error: Error: disconnected from server
          at EventEmitter.<anonymous> (/data/Workspace/helios/starwards/modules/core/src/client/driver.ts:53:58)
          at /data/Workspace/helios/starwards/node_modules/colyseus.js/src/core/signal.ts:15:48
          at Array.forEach (<anonymous>)
          at EventEmitter.invoke (/data/Workspace/helios/starwards/node_modules/colyseus.js/src/core/signal.ts:15:19)
          at Function.register.invoke (/data/Workspace/helios/starwards/node_modules/colyseus.js/src/core/signal.ts:57:81)
          at WebSocket.connection.events.onclose (/data/Workspace/helios/starwards/node_modules/colyseus.js/src/Room.ts:89:30)
          at callListener (/data/Workspace/helios/starwards/node_modules/colyseus.js/node_modules/ws/lib/event-target.js:290:14)
          at WebSocket.onClose (/data/Workspace/helios/starwards/node_modules/colyseus.js/node_modules/ws/lib/event-target.js:220:9)
          at WebSocket.emit (node:events:524:28)
          at WebSocket.emitClose (/data/Workspace/helios/starwards/node_modules/colyseus.js/node_modules/ws/lib/websocket.js:272:10)
          at Socket.socketOnClose (/data/Workspace/helios/starwards/node_modules/colyseus.js/node_modules/ws/lib/websocket.js:1341:15)
          at Socket.emit (node:events:524:28)
          at TCP.<anonymous> (node:net:343:12)

      at ConnectionManager.onConnectionError (modules/core/src/client/connection-manager.ts:144:21)
          at Array.forEach (<anonymous>)

    console.log
      connection error: TypeError: Cannot read properties of undefined (reading 'decoder')
          at wireEvents (/data/Workspace/helios/starwards/node_modules/colyseus-events/src/wire-events.ts:30:40)
          at /data/Workspace/helios/starwards/modules/core/src/client/admin.ts:20:5
          at processTicksAndRejections (node:internal/process/task_queues:95:5)
          at /data/Workspace/helios/starwards/modules/core/src/client/connection-manager.ts:131:21

      at ConnectionManager.onConnectionError (modules/core/src/client/connection-manager.ts:144:21)

    console.log
      connection error: Error: disconnected from server
          at EventEmitter.<anonymous> (/data/Workspace/helios/starwards/modules/core/src/client/driver.ts:53:58)
          at /data/Workspace/helios/starwards/node_modules/colyseus.js/src/core/signal.ts:15:48
          at Array.forEach (<anonymous>)
          at EventEmitter.invoke (/data/Workspace/helios/starwards/node_modules/colyseus.js/src/core/signal.ts:15:19)
          at Function.register.invoke (/data/Workspace/helios/starwards/node_modules/colyseus.js/src/core/signal.ts:57:81)
          at WebSocket.connection.events.onclose (/data/Workspace/helios/starwards/node_modules/colyseus.js/src/Room.ts:89:30)
          at callListener (/data/Workspace/helios/starwards/node_modules/colyseus.js/node_modules/ws/lib/event-target.js:290:14)
          at WebSocket.onClose (/data/Workspace/helios/starwards/node_modules/colyseus.js/node_modules/ws/lib/event-target.js:220:9)
          at WebSocket.emit (node:events:524:28)
          at WebSocket.emitClose (/data/Workspace/helios/starwards/node_modules/colyseus.js/node_modules/ws/lib/websocket.js:272:10)
          at Socket.socketOnClose (/data/Workspace/helios/starwards/node_modules/colyseus.js/node_modules/ws/lib/websocket.js:1341:15)
          at Socket.emit (node:events:524:28)
          at TCP.<anonymous> (node:net:343:12)

      at ConnectionManager.onConnectionError (modules/core/src/client/connection-manager.ts:144:21)
          at Array.forEach (<anonymous>)

    console.log
      connection error: TypeError: Cannot read properties of undefined (reading 'decoder')
          at wireEvents (/data/Workspace/helios/starwards/node_modules/colyseus-events/src/wire-events.ts:30:40)
          at /data/Workspace/helios/starwards/modules/core/src/client/admin.ts:20:5
          at processTicksAndRejections (node:internal/process/task_queues:95:5)
          at /data/Workspace/helios/starwards/modules/core/src/client/connection-manager.ts:131:21

      at ConnectionManager.onConnectionError (modules/core/src/client/connection-manager.ts:144:21)

    console.log
      connection error: Error: disconnected from server
          at EventEmitter.<anonymous> (/data/Workspace/helios/starwards/modules/core/src/client/driver.ts:53:58)
          at /data/Workspace/helios/starwards/node_modules/colyseus.js/src/core/signal.ts:15:48
          at Array.forEach (<anonymous>)
          at EventEmitter.invoke (/data/Workspace/helios/starwards/node_modules/colyseus.js/src/core/signal.ts:15:19)
          at Function.register.invoke (/data/Workspace/helios/starwards/node_modules/colyseus.js/src/core/signal.ts:57:81)
          at WebSocket.connection.events.onclose (/data/Workspace/helios/starwards/node_modules/colyseus.js/src/Room.ts:89:30)
          at callListener (/data/Workspace/helios/starwards/node_modules/colyseus.js/node_modules/ws/lib/event-target.js:290:14)
          at WebSocket.onClose (/data/Workspace/helios/starwards/node_modules/colyseus.js/node_modules/ws/lib/event-target.js:220:9)
          at WebSocket.emit (node:events:524:28)
          at WebSocket.emitClose (/data/Workspace/helios/starwards/node_modules/colyseus.js/node_modules/ws/lib/websocket.js:272:10)
          at Socket.socketOnClose (/data/Workspace/helios/starwards/node_modules/colyseus.js/node_modules/ws/lib/websocket.js:1341:15)
          at Socket.emit (node:events:524:28)
          at TCP.<anonymous> (node:net:343:12)

      at ConnectionManager.onConnectionError (modules/core/src/client/connection-manager.ts:144:21)
          at Array.forEach (<anonymous>)

    console.log
      connection error: TypeError: Cannot read properties of undefined (reading 'decoder')
          at wireEvents (/data/Workspace/helios/starwards/node_modules/colyseus-events/src/wire-events.ts:30:40)
          at /data/Workspace/helios/starwards/modules/core/src/client/admin.ts:20:5
          at processTicksAndRejections (node:internal/process/task_queues:95:5)
          at /data/Workspace/helios/starwards/modules/core/src/client/connection-manager.ts:131:21

      at ConnectionManager.onConnectionError (modules/core/src/client/connection-manager.ts:144:21)

    console.log
      connection error: Error: disconnected from server
          at EventEmitter.<anonymous> (/data/Workspace/helios/starwards/modules/core/src/client/driver.ts:53:58)
          at /data/Workspace/helios/starwards/node_modules/colyseus.js/src/core/signal.ts:15:48
          at Array.forEach (<anonymous>)
          at EventEmitter.invoke (/data/Workspace/helios/starwards/node_modules/colyseus.js/src/core/signal.ts:15:19)
          at Function.register.invoke (/data/Workspace/helios/starwards/node_modules/colyseus.js/src/core/signal.ts:57:81)
          at WebSocket.connection.events.onclose (/data/Workspace/helios/starwards/node_modules/colyseus.js/src/Room.ts:89:30)
          at callListener (/data/Workspace/helios/starwards/node_modules/colyseus.js/node_modules/ws/lib/event-target.js:290:14)
          at WebSocket.onClose (/data/Workspace/helios/starwards/node_modules/colyseus.js/node_modules/ws/lib/event-target.js:220:9)
          at WebSocket.emit (node:events:524:28)
          at WebSocket.emitClose (/data/Workspace/helios/starwards/node_modules/colyseus.js/node_modules/ws/lib/websocket.js:272:10)
          at Socket.socketOnClose (/data/Workspace/helios/starwards/node_modules/colyseus.js/node_modules/ws/lib/websocket.js:1341:15)
          at Socket.emit (node:events:524:28)
          at TCP.<anonymous> (node:net:343:12)

      at ConnectionManager.onConnectionError (modules/core/src/client/connection-manager.ts:144:21)
          at Array.forEach (<anonymous>)

    console.log
      connection error: TypeError: Cannot read properties of undefined (reading 'decoder')
          at wireEvents (/data/Workspace/helios/starwards/node_modules/colyseus-events/src/wire-events.ts:30:40)
          at /data/Workspace/helios/starwards/modules/core/src/client/admin.ts:20:5
          at processTicksAndRejections (node:internal/process/task_queues:95:5)
          at /data/Workspace/helios/starwards/modules/core/src/client/connection-manager.ts:131:21

      at ConnectionManager.onConnectionError (modules/core/src/client/connection-manager.ts:144:21)

    console.log
      connection error: Error: disconnected from server
          at EventEmitter.<anonymous> (/data/Workspace/helios/starwards/modules/core/src/client/driver.ts:53:58)
          at /data/Workspace/helios/starwards/node_modules/colyseus.js/src/core/signal.ts:15:48
          at Array.forEach (<anonymous>)
          at EventEmitter.invoke (/data/Workspace/helios/starwards/node_modules/colyseus.js/src/core/signal.ts:15:19)
          at Function.register.invoke (/data/Workspace/helios/starwards/node_modules/colyseus.js/src/core/signal.ts:57:81)
          at WebSocket.connection.events.onclose (/data/Workspace/helios/starwards/node_modules/colyseus.js/src/Room.ts:89:30)
          at callListener (/data/Workspace/helios/starwards/node_modules/colyseus.js/node_modules/ws/lib/event-target.js:290:14)
          at WebSocket.onClose (/data/Workspace/helios/starwards/node_modules/colyseus.js/node_modules/ws/lib/event-target.js:220:9)
          at WebSocket.emit (node:events:524:28)
          at WebSocket.emitClose (/data/Workspace/helios/starwards/node_modules/colyseus.js/node_modules/ws/lib/websocket.js:272:10)
          at Socket.socketOnClose (/data/Workspace/helios/starwards/node_modules/colyseus.js/node_modules/ws/lib/websocket.js:1341:15)
          at Socket.emit (node:events:524:28)
          at TCP.<anonymous> (node:net:343:12)

      at ConnectionManager.onConnectionError (modules/core/src/client/connection-manager.ts:144:21)
          at Array.forEach (<anonymous>)

    console.log
      connection error: TypeError: Cannot read properties of undefined (reading 'decoder')
          at wireEvents (/data/Workspace/helios/starwards/node_modules/colyseus-events/src/wire-events.ts:30:40)
          at /data/Workspace/helios/starwards/modules/core/src/client/admin.ts:20:5
          at processTicksAndRejections (node:internal/process/task_queues:95:5)
          at /data/Workspace/helios/starwards/modules/core/src/client/connection-manager.ts:131:21

      at ConnectionManager.onConnectionError (modules/core/src/client/connection-manager.ts:144:21)

    console.log
      connection error: Error: disconnected from server
          at EventEmitter.<anonymous> (/data/Workspace/helios/starwards/modules/core/src/client/driver.ts:53:58)
          at /data/Workspace/helios/starwards/node_modules/colyseus.js/src/core/signal.ts:15:48
          at Array.forEach (<anonymous>)
          at EventEmitter.invoke (/data/Workspace/helios/starwards/node_modules/colyseus.js/src/core/signal.ts:15:19)
          at Function.register.invoke (/data/Workspace/helios/starwards/node_modules/colyseus.js/src/core/signal.ts:57:81)
          at WebSocket.connection.events.onclose (/data/Workspace/helios/starwards/node_modules/colyseus.js/src/Room.ts:89:30)
          at callListener (/data/Workspace/helios/starwards/node_modules/colyseus.js/node_modules/ws/lib/event-target.js:290:14)
          at WebSocket.onClose (/data/Workspace/helios/starwards/node_modules/colyseus.js/node_modules/ws/lib/event-target.js:220:9)
          at WebSocket.emit (node:events:524:28)
          at WebSocket.emitClose (/data/Workspace/helios/starwards/node_modules/colyseus.js/node_modules/ws/lib/websocket.js:272:10)
          at Socket.socketOnClose (/data/Workspace/helios/starwards/node_modules/colyseus.js/node_modules/ws/lib/websocket.js:1341:15)
          at Socket.emit (node:events:524:28)
          at TCP.<anonymous> (node:net:343:12)

      at ConnectionManager.onConnectionError (modules/core/src/client/connection-manager.ts:144:21)
          at Array.forEach (<anonymous>)

    console.log
      connection error: TypeError: Cannot read properties of undefined (reading 'decoder')
          at wireEvents (/data/Workspace/helios/starwards/node_modules/colyseus-events/src/wire-events.ts:30:40)
          at /data/Workspace/helios/starwards/modules/core/src/client/admin.ts:20:5
          at processTicksAndRejections (node:internal/process/task_queues:95:5)
          at /data/Workspace/helios/starwards/modules/core/src/client/connection-manager.ts:131:21

      at ConnectionManager.onConnectionError (modules/core/src/client/connection-manager.ts:144:21)

    console.log
      connection error: Error: disconnected from server
          at EventEmitter.<anonymous> (/data/Workspace/helios/starwards/modules/core/src/client/driver.ts:53:58)
          at /data/Workspace/helios/starwards/node_modules/colyseus.js/src/core/signal.ts:15:48
          at Array.forEach (<anonymous>)
          at EventEmitter.invoke (/data/Workspace/helios/starwards/node_modules/colyseus.js/src/core/signal.ts:15:19)
          at Function.register.invoke (/data/Workspace/helios/starwards/node_modules/colyseus.js/src/core/signal.ts:57:81)
          at WebSocket.connection.events.onclose (/data/Workspace/helios/starwards/node_modules/colyseus.js/src/Room.ts:89:30)
          at callListener (/data/Workspace/helios/starwards/node_modules/colyseus.js/node_modules/ws/lib/event-target.js:290:14)
          at WebSocket.onClose (/data/Workspace/helios/starwards/node_modules/colyseus.js/node_modules/ws/lib/event-target.js:220:9)
          at WebSocket.emit (node:events:524:28)
          at WebSocket.emitClose (/data/Workspace/helios/starwards/node_modules/colyseus.js/node_modules/ws/lib/websocket.js:272:10)
          at Socket.socketOnClose (/data/Workspace/helios/starwards/node_modules/colyseus.js/node_modules/ws/lib/websocket.js:1341:15)
          at Socket.emit (node:events:524:28)
          at TCP.<anonymous> (node:net:343:12)

      at ConnectionManager.onConnectionError (modules/core/src/client/connection-manager.ts:144:21)
          at Array.forEach (<anonymous>)

    console.log
      connection error: TypeError: Cannot read properties of undefined (reading 'decoder')
          at wireEvents (/data/Workspace/helios/starwards/node_modules/colyseus-events/src/wire-events.ts:30:40)
          at /data/Workspace/helios/starwards/modules/core/src/client/admin.ts:20:5
          at processTicksAndRejections (node:internal/process/task_queues:95:5)
          at /data/Workspace/helios/starwards/modules/core/src/client/connection-manager.ts:131:21

      at ConnectionManager.onConnectionError (modules/core/src/client/connection-manager.ts:144:21)

    console.log
      connection error: Error: disconnected from server
          at EventEmitter.<anonymous> (/data/Workspace/helios/starwards/modules/core/src/client/driver.ts:53:58)
          at /data/Workspace/helios/starwards/node_modules/colyseus.js/src/core/signal.ts:15:48
          at Array.forEach (<anonymous>)
          at EventEmitter.invoke (/data/Workspace/helios/starwards/node_modules/colyseus.js/src/core/signal.ts:15:19)
          at Function.register.invoke (/data/Workspace/helios/starwards/node_modules/colyseus.js/src/core/signal.ts:57:81)
          at WebSocket.connection.events.onclose (/data/Workspace/helios/starwards/node_modules/colyseus.js/src/Room.ts:89:30)
          at callListener (/data/Workspace/helios/starwards/node_modules/colyseus.js/node_modules/ws/lib/event-target.js:290:14)
          at WebSocket.onClose (/data/Workspace/helios/starwards/node_modules/colyseus.js/node_modules/ws/lib/event-target.js:220:9)
          at WebSocket.emit (node:events:524:28)
          at WebSocket.emitClose (/data/Workspace/helios/starwards/node_modules/colyseus.js/node_modules/ws/lib/websocket.js:272:10)
          at Socket.socketOnClose (/data/Workspace/helios/starwards/node_modules/colyseus.js/node_modules/ws/lib/websocket.js:1341:15)
          at Socket.emit (node:events:524:28)
          at TCP.<anonymous> (node:net:343:12)

      at ConnectionManager.onConnectionError (modules/core/src/client/connection-manager.ts:144:21)
          at Array.forEach (<anonymous>)

    console.log
      connection error: TypeError: Cannot read properties of undefined (reading 'decoder')
          at wireEvents (/data/Workspace/helios/starwards/node_modules/colyseus-events/src/wire-events.ts:30:40)
          at /data/Workspace/helios/starwards/modules/core/src/client/admin.ts:20:5
          at processTicksAndRejections (node:internal/process/task_queues:95:5)
          at /data/Workspace/helios/starwards/modules/core/src/client/connection-manager.ts:131:21

      at ConnectionManager.onConnectionError (modules/core/src/client/connection-manager.ts:144:21)

    console.log
      connection error: Error: disconnected from server
          at EventEmitter.<anonymous> (/data/Workspace/helios/starwards/modules/core/src/client/driver.ts:53:58)
          at /data/Workspace/helios/starwards/node_modules/colyseus.js/src/core/signal.ts:15:48
          at Array.forEach (<anonymous>)
          at EventEmitter.invoke (/data/Workspace/helios/starwards/node_modules/colyseus.js/src/core/signal.ts:15:19)
          at Function.register.invoke (/data/Workspace/helios/starwards/node_modules/colyseus.js/src/core/signal.ts:57:81)
          at WebSocket.connection.events.onclose (/data/Workspace/helios/starwards/node_modules/colyseus.js/src/Room.ts:89:30)
          at callListener (/data/Workspace/helios/starwards/node_modules/colyseus.js/node_modules/ws/lib/event-target.js:290:14)
          at WebSocket.onClose (/data/Workspace/helios/starwards/node_modules/colyseus.js/node_modules/ws/lib/event-target.js:220:9)
          at WebSocket.emit (node:events:524:28)
          at WebSocket.emitClose (/data/Workspace/helios/starwards/node_modules/colyseus.js/node_modules/ws/lib/websocket.js:272:10)
          at Socket.socketOnClose (/data/Workspace/helios/starwards/node_modules/colyseus.js/node_modules/ws/lib/websocket.js:1341:15)
          at Socket.emit (node:events:524:28)
          at TCP.<anonymous> (node:net:343:12)

      at ConnectionManager.onConnectionError (modules/core/src/client/connection-manager.ts:144:21)
          at Array.forEach (<anonymous>)

    console.log
      connection error: TypeError: Cannot read properties of undefined (reading 'decoder')
          at wireEvents (/data/Workspace/helios/starwards/node_modules/colyseus-events/src/wire-events.ts:30:40)
          at /data/Workspace/helios/starwards/modules/core/src/client/admin.ts:20:5
          at processTicksAndRejections (node:internal/process/task_queues:95:5)
          at /data/Workspace/helios/starwards/modules/core/src/client/connection-manager.ts:131:21

      at ConnectionManager.onConnectionError (modules/core/src/client/connection-manager.ts:144:21)

    console.log
      connection error: Error: disconnected from server
          at EventEmitter.<anonymous> (/data/Workspace/helios/starwards/modules/core/src/client/driver.ts:53:58)
          at /data/Workspace/helios/starwards/node_modules/colyseus.js/src/core/signal.ts:15:48
          at Array.forEach (<anonymous>)
          at EventEmitter.invoke (/data/Workspace/helios/starwards/node_modules/colyseus.js/src/core/signal.ts:15:19)
          at Function.register.invoke (/data/Workspace/helios/starwards/node_modules/colyseus.js/src/core/signal.ts:57:81)
          at WebSocket.connection.events.onclose (/data/Workspace/helios/starwards/node_modules/colyseus.js/src/Room.ts:89:30)
          at callListener (/data/Workspace/helios/starwards/node_modules/colyseus.js/node_modules/ws/lib/event-target.js:290:14)
          at WebSocket.onClose (/data/Workspace/helios/starwards/node_modules/colyseus.js/node_modules/ws/lib/event-target.js:220:9)
          at WebSocket.emit (node:events:524:28)
          at WebSocket.emitClose (/data/Workspace/helios/starwards/node_modules/colyseus.js/node_modules/ws/lib/websocket.js:272:10)
          at Socket.socketOnClose (/data/Workspace/helios/starwards/node_modules/colyseus.js/node_modules/ws/lib/websocket.js:1341:15)
          at Socket.emit (node:events:524:28)
          at TCP.<anonymous> (node:net:343:12)

      at ConnectionManager.onConnectionError (modules/core/src/client/connection-manager.ts:144:21)
          at Array.forEach (<anonymous>)

    console.log
      connection error: TypeError: Cannot read properties of undefined (reading 'decoder')
          at wireEvents (/data/Workspace/helios/starwards/node_modules/colyseus-events/src/wire-events.ts:30:40)
          at /data/Workspace/helios/starwards/modules/core/src/client/admin.ts:20:5
          at processTicksAndRejections (node:internal/process/task_queues:95:5)
          at /data/Workspace/helios/starwards/modules/core/src/client/connection-manager.ts:131:21

      at ConnectionManager.onConnectionError (modules/core/src/client/connection-manager.ts:144:21)

    console.log
      connection error: Error: disconnected from server
          at EventEmitter.<anonymous> (/data/Workspace/helios/starwards/modules/core/src/client/driver.ts:53:58)
          at /data/Workspace/helios/starwards/node_modules/colyseus.js/src/core/signal.ts:15:48
          at Array.forEach (<anonymous>)
          at EventEmitter.invoke (/data/Workspace/helios/starwards/node_modules/colyseus.js/src/core/signal.ts:15:19)
          at Function.register.invoke (/data/Workspace/helios/starwards/node_modules/colyseus.js/src/core/signal.ts:57:81)
          at WebSocket.connection.events.onclose (/data/Workspace/helios/starwards/node_modules/colyseus.js/src/Room.ts:89:30)
          at callListener (/data/Workspace/helios/starwards/node_modules/colyseus.js/node_modules/ws/lib/event-target.js:290:14)
          at WebSocket.onClose (/data/Workspace/helios/starwards/node_modules/colyseus.js/node_modules/ws/lib/event-target.js:220:9)
          at WebSocket.emit (node:events:524:28)
          at WebSocket.emitClose (/data/Workspace/helios/starwards/node_modules/colyseus.js/node_modules/ws/lib/websocket.js:272:10)
          at Socket.socketOnClose (/data/Workspace/helios/starwards/node_modules/colyseus.js/node_modules/ws/lib/websocket.js:1341:15)
          at Socket.emit (node:events:524:28)
          at TCP.<anonymous> (node:net:343:12)

      at ConnectionManager.onConnectionError (modules/core/src/client/connection-manager.ts:144:21)
          at Array.forEach (<anonymous>)

    console.log
      connection error: TypeError: Cannot read properties of undefined (reading 'decoder')
          at wireEvents (/data/Workspace/helios/starwards/node_modules/colyseus-events/src/wire-events.ts:30:40)
          at /data/Workspace/helios/starwards/modules/core/src/client/admin.ts:20:5
          at processTicksAndRejections (node:internal/process/task_queues:95:5)
          at /data/Workspace/helios/starwards/modules/core/src/client/connection-manager.ts:131:21

      at ConnectionManager.onConnectionError (modules/core/src/client/connection-manager.ts:144:21)

    console.log
      connection error: Error: disconnected from server
          at EventEmitter.<anonymous> (/data/Workspace/helios/starwards/modules/core/src/client/driver.ts:53:58)
          at /data/Workspace/helios/starwards/node_modules/colyseus.js/src/core/signal.ts:15:48
          at Array.forEach (<anonymous>)
          at EventEmitter.invoke (/data/Workspace/helios/starwards/node_modules/colyseus.js/src/core/signal.ts:15:19)
          at Function.register.invoke (/data/Workspace/helios/starwards/node_modules/colyseus.js/src/core/signal.ts:57:81)
          at WebSocket.connection.events.onclose (/data/Workspace/helios/starwards/node_modules/colyseus.js/src/Room.ts:89:30)
          at callListener (/data/Workspace/helios/starwards/node_modules/colyseus.js/node_modules/ws/lib/event-target.js:290:14)
          at WebSocket.onClose (/data/Workspace/helios/starwards/node_modules/colyseus.js/node_modules/ws/lib/event-target.js:220:9)
          at WebSocket.emit (node:events:524:28)
          at WebSocket.emitClose (/data/Workspace/helios/starwards/node_modules/colyseus.js/node_modules/ws/lib/websocket.js:272:10)
          at Socket.socketOnClose (/data/Workspace/helios/starwards/node_modules/colyseus.js/node_modules/ws/lib/websocket.js:1341:15)
          at Socket.emit (node:events:524:28)
          at TCP.<anonymous> (node:net:343:12)

      at ConnectionManager.onConnectionError (modules/core/src/client/connection-manager.ts:144:21)
          at Array.forEach (<anonymous>)

    console.log
      connection error: TypeError: Cannot read properties of undefined (reading 'decoder')
          at wireEvents (/data/Workspace/helios/starwards/node_modules/colyseus-events/src/wire-events.ts:30:40)
          at /data/Workspace/helios/starwards/modules/core/src/client/admin.ts:20:5
          at processTicksAndRejections (node:internal/process/task_queues:95:5)
          at /data/Workspace/helios/starwards/modules/core/src/client/connection-manager.ts:131:21

      at ConnectionManager.onConnectionError (modules/core/src/client/connection-manager.ts:144:21)

    console.log
      connection error: Error: disconnected from server
          at EventEmitter.<anonymous> (/data/Workspace/helios/starwards/modules/core/src/client/driver.ts:53:58)
          at /data/Workspace/helios/starwards/node_modules/colyseus.js/src/core/signal.ts:15:48
          at Array.forEach (<anonymous>)
          at EventEmitter.invoke (/data/Workspace/helios/starwards/node_modules/colyseus.js/src/core/signal.ts:15:19)
          at Function.register.invoke (/data/Workspace/helios/starwards/node_modules/colyseus.js/src/core/signal.ts:57:81)
          at WebSocket.connection.events.onclose (/data/Workspace/helios/starwards/node_modules/colyseus.js/src/Room.ts:89:30)
          at callListener (/data/Workspace/helios/starwards/node_modules/colyseus.js/node_modules/ws/lib/event-target.js:290:14)
          at WebSocket.onClose (/data/Workspace/helios/starwards/node_modules/colyseus.js/node_modules/ws/lib/event-target.js:220:9)
          at WebSocket.emit (node:events:524:28)
          at WebSocket.emitClose (/data/Workspace/helios/starwards/node_modules/colyseus.js/node_modules/ws/lib/websocket.js:272:10)
          at Socket.socketOnClose (/data/Workspace/helios/starwards/node_modules/colyseus.js/node_modules/ws/lib/websocket.js:1341:15)
          at Socket.emit (node:events:524:28)
          at TCP.<anonymous> (node:net:343:12)

      at ConnectionManager.onConnectionError (modules/core/src/client/connection-manager.ts:144:21)
          at Array.forEach (<anonymous>)

    console.log
      connection error: TypeError: Cannot read properties of undefined (reading 'decoder')
          at wireEvents (/data/Workspace/helios/starwards/node_modules/colyseus-events/src/wire-events.ts:30:40)
          at /data/Workspace/helios/starwards/modules/core/src/client/admin.ts:20:5
          at processTicksAndRejections (node:internal/process/task_queues:95:5)
          at /data/Workspace/helios/starwards/modules/core/src/client/connection-manager.ts:131:21

      at ConnectionManager.onConnectionError (modules/core/src/client/connection-manager.ts:144:21)

    console.log
      connection error: Error: disconnected from server
          at EventEmitter.<anonymous> (/data/Workspace/helios/starwards/modules/core/src/client/driver.ts:53:58)
          at /data/Workspace/helios/starwards/node_modules/colyseus.js/src/core/signal.ts:15:48
          at Array.forEach (<anonymous>)
          at EventEmitter.invoke (/data/Workspace/helios/starwards/node_modules/colyseus.js/src/core/signal.ts:15:19)
          at Function.register.invoke (/data/Workspace/helios/starwards/node_modules/colyseus.js/src/core/signal.ts:57:81)
          at WebSocket.connection.events.onclose (/data/Workspace/helios/starwards/node_modules/colyseus.js/src/Room.ts:89:30)
          at callListener (/data/Workspace/helios/starwards/node_modules/colyseus.js/node_modules/ws/lib/event-target.js:290:14)
          at WebSocket.onClose (/data/Workspace/helios/starwards/node_modules/colyseus.js/node_modules/ws/lib/event-target.js:220:9)
          at WebSocket.emit (node:events:524:28)
          at WebSocket.emitClose (/data/Workspace/helios/starwards/node_modules/colyseus.js/node_modules/ws/lib/websocket.js:272:10)
          at Socket.socketOnClose (/data/Workspace/helios/starwards/node_modules/colyseus.js/node_modules/ws/lib/websocket.js:1341:15)
          at Socket.emit (node:events:524:28)
          at TCP.<anonymous> (node:net:343:12)

      at ConnectionManager.onConnectionError (modules/core/src/client/connection-manager.ts:144:21)
          at Array.forEach (<anonymous>)

    console.log
      connection error: TypeError: Cannot read properties of undefined (reading 'decoder')
          at wireEvents (/data/Workspace/helios/starwards/node_modules/colyseus-events/src/wire-events.ts:30:40)
          at /data/Workspace/helios/starwards/modules/core/src/client/admin.ts:20:5
          at processTicksAndRejections (node:internal/process/task_queues:95:5)
          at /data/Workspace/helios/starwards/modules/core/src/client/connection-manager.ts:131:21

      at ConnectionManager.onConnectionError (modules/core/src/client/connection-manager.ts:144:21)

    console.log
      connection error: Error: disconnected from server
          at EventEmitter.<anonymous> (/data/Workspace/helios/starwards/modules/core/src/client/driver.ts:53:58)
          at /data/Workspace/helios/starwards/node_modules/colyseus.js/src/core/signal.ts:15:48
          at Array.forEach (<anonymous>)
          at EventEmitter.invoke (/data/Workspace/helios/starwards/node_modules/colyseus.js/src/core/signal.ts:15:19)
          at Function.register.invoke (/data/Workspace/helios/starwards/node_modules/colyseus.js/src/core/signal.ts:57:81)
          at WebSocket.connection.events.onclose (/data/Workspace/helios/starwards/node_modules/colyseus.js/src/Room.ts:89:30)
          at callListener (/data/Workspace/helios/starwards/node_modules/colyseus.js/node_modules/ws/lib/event-target.js:290:14)
          at WebSocket.onClose (/data/Workspace/helios/starwards/node_modules/colyseus.js/node_modules/ws/lib/event-target.js:220:9)
          at WebSocket.emit (node:events:524:28)
          at WebSocket.emitClose (/data/Workspace/helios/starwards/node_modules/colyseus.js/node_modules/ws/lib/websocket.js:272:10)
          at Socket.socketOnClose (/data/Workspace/helios/starwards/node_modules/colyseus.js/node_modules/ws/lib/websocket.js:1341:15)
          at Socket.emit (node:events:524:28)
          at TCP.<anonymous> (node:net:343:12)

      at ConnectionManager.onConnectionError (modules/core/src/client/connection-manager.ts:144:21)
          at Array.forEach (<anonymous>)

    console.log
      connection error: TypeError: Cannot read properties of undefined (reading 'decoder')
          at wireEvents (/data/Workspace/helios/starwards/node_modules/colyseus-events/src/wire-events.ts:30:40)
          at /data/Workspace/helios/starwards/modules/core/src/client/admin.ts:20:5
          at processTicksAndRejections (node:internal/process/task_queues:95:5)
          at /data/Workspace/helios/starwards/modules/core/src/client/connection-manager.ts:131:21

      at ConnectionManager.onConnectionError (modules/core/src/client/connection-manager.ts:144:21)

    console.log
      connection error: Error: disconnected from server
          at EventEmitter.<anonymous> (/data/Workspace/helios/starwards/modules/core/src/client/driver.ts:53:58)
          at /data/Workspace/helios/starwards/node_modules/colyseus.js/src/core/signal.ts:15:48
          at Array.forEach (<anonymous>)
          at EventEmitter.invoke (/data/Workspace/helios/starwards/node_modules/colyseus.js/src/core/signal.ts:15:19)
          at Function.register.invoke (/data/Workspace/helios/starwards/node_modules/colyseus.js/src/core/signal.ts:57:81)
          at WebSocket.connection.events.onclose (/data/Workspace/helios/starwards/node_modules/colyseus.js/src/Room.ts:89:30)
          at callListener (/data/Workspace/helios/starwards/node_modules/colyseus.js/node_modules/ws/lib/event-target.js:290:14)
          at WebSocket.onClose (/data/Workspace/helios/starwards/node_modules/colyseus.js/node_modules/ws/lib/event-target.js:220:9)
          at WebSocket.emit (node:events:524:28)
          at WebSocket.emitClose (/data/Workspace/helios/starwards/node_modules/colyseus.js/node_modules/ws/lib/websocket.js:272:10)
          at Socket.socketOnClose (/data/Workspace/helios/starwards/node_modules/colyseus.js/node_modules/ws/lib/websocket.js:1341:15)
          at Socket.emit (node:events:524:28)
          at TCP.<anonymous> (node:net:343:12)

      at ConnectionManager.onConnectionError (modules/core/src/client/connection-manager.ts:144:21)
          at Array.forEach (<anonymous>)

    console.log
      connection error: TypeError: Cannot read properties of undefined (reading 'decoder')
          at wireEvents (/data/Workspace/helios/starwards/node_modules/colyseus-events/src/wire-events.ts:30:40)
          at /data/Workspace/helios/starwards/modules/core/src/client/admin.ts:20:5
          at processTicksAndRejections (node:internal/process/task_queues:95:5)
          at /data/Workspace/helios/starwards/modules/core/src/client/connection-manager.ts:131:21

      at ConnectionManager.onConnectionError (modules/core/src/client/connection-manager.ts:144:21)

    console.log
      connection error: Error: disconnected from server
          at EventEmitter.<anonymous> (/data/Workspace/helios/starwards/modules/core/src/client/driver.ts:53:58)
          at /data/Workspace/helios/starwards/node_modules/colyseus.js/src/core/signal.ts:15:48
          at Array.forEach (<anonymous>)
          at EventEmitter.invoke (/data/Workspace/helios/starwards/node_modules/colyseus.js/src/core/signal.ts:15:19)
          at Function.register.invoke (/data/Workspace/helios/starwards/node_modules/colyseus.js/src/core/signal.ts:57:81)
          at WebSocket.connection.events.onclose (/data/Workspace/helios/starwards/node_modules/colyseus.js/src/Room.ts:89:30)
          at callListener (/data/Workspace/helios/starwards/node_modules/colyseus.js/node_modules/ws/lib/event-target.js:290:14)
          at WebSocket.onClose (/data/Workspace/helios/starwards/node_modules/colyseus.js/node_modules/ws/lib/event-target.js:220:9)
          at WebSocket.emit (node:events:524:28)
          at WebSocket.emitClose (/data/Workspace/helios/starwards/node_modules/colyseus.js/node_modules/ws/lib/websocket.js:272:10)
          at Socket.socketOnClose (/data/Workspace/helios/starwards/node_modules/colyseus.js/node_modules/ws/lib/websocket.js:1341:15)
          at Socket.emit (node:events:524:28)
          at TCP.<anonymous> (node:net:343:12)

      at ConnectionManager.onConnectionError (modules/core/src/client/connection-manager.ts:144:21)
          at Array.forEach (<anonymous>)

    console.log
      connection error: TypeError: Cannot read properties of undefined (reading 'decoder')
          at wireEvents (/data/Workspace/helios/starwards/node_modules/colyseus-events/src/wire-events.ts:30:40)
          at /data/Workspace/helios/starwards/modules/core/src/client/admin.ts:20:5
          at processTicksAndRejections (node:internal/process/task_queues:95:5)
          at /data/Workspace/helios/starwards/modules/core/src/client/connection-manager.ts:131:21

      at ConnectionManager.onConnectionError (modules/core/src/client/connection-manager.ts:144:21)

    console.log
      connection error: Error: disconnected from server
          at EventEmitter.<anonymous> (/data/Workspace/helios/starwards/modules/core/src/client/driver.ts:53:58)
          at /data/Workspace/helios/starwards/node_modules/colyseus.js/src/core/signal.ts:15:48
          at Array.forEach (<anonymous>)
          at EventEmitter.invoke (/data/Workspace/helios/starwards/node_modules/colyseus.js/src/core/signal.ts:15:19)
          at Function.register.invoke (/data/Workspace/helios/starwards/node_modules/colyseus.js/src/core/signal.ts:57:81)
          at WebSocket.connection.events.onclose (/data/Workspace/helios/starwards/node_modules/colyseus.js/src/Room.ts:89:30)
          at callListener (/data/Workspace/helios/starwards/node_modules/colyseus.js/node_modules/ws/lib/event-target.js:290:14)
          at WebSocket.onClose (/data/Workspace/helios/starwards/node_modules/colyseus.js/node_modules/ws/lib/event-target.js:220:9)
          at WebSocket.emit (node:events:524:28)
          at WebSocket.emitClose (/data/Workspace/helios/starwards/node_modules/colyseus.js/node_modules/ws/lib/websocket.js:272:10)
          at Socket.socketOnClose (/data/Workspace/helios/starwards/node_modules/colyseus.js/node_modules/ws/lib/websocket.js:1341:15)
          at Socket.emit (node:events:524:28)
          at TCP.<anonymous> (node:net:343:12)

      at ConnectionManager.onConnectionError (modules/core/src/client/connection-manager.ts:144:21)
          at Array.forEach (<anonymous>)

    console.log
      connection error: TypeError: Cannot read properties of undefined (reading 'decoder')
          at wireEvents (/data/Workspace/helios/starwards/node_modules/colyseus-events/src/wire-events.ts:30:40)
          at /data/Workspace/helios/starwards/modules/core/src/client/admin.ts:20:5
          at processTicksAndRejections (node:internal/process/task_queues:95:5)
          at /data/Workspace/helios/starwards/modules/core/src/client/connection-manager.ts:131:21

      at ConnectionManager.onConnectionError (modules/core/src/client/connection-manager.ts:144:21)

    console.log
      connection error: Error: disconnected from server
          at EventEmitter.<anonymous> (/data/Workspace/helios/starwards/modules/core/src/client/driver.ts:53:58)
          at /data/Workspace/helios/starwards/node_modules/colyseus.js/src/core/signal.ts:15:48
          at Array.forEach (<anonymous>)
          at EventEmitter.invoke (/data/Workspace/helios/starwards/node_modules/colyseus.js/src/core/signal.ts:15:19)
          at Function.register.invoke (/data/Workspace/helios/starwards/node_modules/colyseus.js/src/core/signal.ts:57:81)
          at WebSocket.connection.events.onclose (/data/Workspace/helios/starwards/node_modules/colyseus.js/src/Room.ts:89:30)
          at callListener (/data/Workspace/helios/starwards/node_modules/colyseus.js/node_modules/ws/lib/event-target.js:290:14)
          at WebSocket.onClose (/data/Workspace/helios/starwards/node_modules/colyseus.js/node_modules/ws/lib/event-target.js:220:9)
          at WebSocket.emit (node:events:524:28)
          at WebSocket.emitClose (/data/Workspace/helios/starwards/node_modules/colyseus.js/node_modules/ws/lib/websocket.js:272:10)
          at Socket.socketOnClose (/data/Workspace/helios/starwards/node_modules/colyseus.js/node_modules/ws/lib/websocket.js:1341:15)
          at Socket.emit (node:events:524:28)
          at TCP.<anonymous> (node:net:343:12)

      at ConnectionManager.onConnectionError (modules/core/src/client/connection-manager.ts:144:21)
          at Array.forEach (<anonymous>)

    console.log
      connection error: TypeError: Cannot read properties of undefined (reading 'decoder')
          at wireEvents (/data/Workspace/helios/starwards/node_modules/colyseus-events/src/wire-events.ts:30:40)
          at /data/Workspace/helios/starwards/modules/core/src/client/admin.ts:20:5
          at processTicksAndRejections (node:internal/process/task_queues:95:5)
          at /data/Workspace/helios/starwards/modules/core/src/client/connection-manager.ts:131:21

      at ConnectionManager.onConnectionError (modules/core/src/client/connection-manager.ts:144:21)

    console.log
      connection error: Error: disconnected from server
          at EventEmitter.<anonymous> (/data/Workspace/helios/starwards/modules/core/src/client/driver.ts:53:58)
          at /data/Workspace/helios/starwards/node_modules/colyseus.js/src/core/signal.ts:15:48
          at Array.forEach (<anonymous>)
          at EventEmitter.invoke (/data/Workspace/helios/starwards/node_modules/colyseus.js/src/core/signal.ts:15:19)
          at Function.register.invoke (/data/Workspace/helios/starwards/node_modules/colyseus.js/src/core/signal.ts:57:81)
          at WebSocket.connection.events.onclose (/data/Workspace/helios/starwards/node_modules/colyseus.js/src/Room.ts:89:30)
          at callListener (/data/Workspace/helios/starwards/node_modules/colyseus.js/node_modules/ws/lib/event-target.js:290:14)
          at WebSocket.onClose (/data/Workspace/helios/starwards/node_modules/colyseus.js/node_modules/ws/lib/event-target.js:220:9)
          at WebSocket.emit (node:events:524:28)
          at WebSocket.emitClose (/data/Workspace/helios/starwards/node_modules/colyseus.js/node_modules/ws/lib/websocket.js:272:10)
          at Socket.socketOnClose (/data/Workspace/helios/starwards/node_modules/colyseus.js/node_modules/ws/lib/websocket.js:1341:15)
          at Socket.emit (node:events:524:28)
          at TCP.<anonymous> (node:net:343:12)

      at ConnectionManager.onConnectionError (modules/core/src/client/connection-manager.ts:144:21)
          at Array.forEach (<anonymous>)

    console.log
      connection error: TypeError: Cannot read properties of undefined (reading 'decoder')
          at wireEvents (/data/Workspace/helios/starwards/node_modules/colyseus-events/src/wire-events.ts:30:40)
          at /data/Workspace/helios/starwards/modules/core/src/client/admin.ts:20:5
          at processTicksAndRejections (node:internal/process/task_queues:95:5)
          at /data/Workspace/helios/starwards/modules/core/src/client/connection-manager.ts:131:21

      at ConnectionManager.onConnectionError (modules/core/src/client/connection-manager.ts:144:21)

    console.log
      connection error: Error: disconnected from server
          at EventEmitter.<anonymous> (/data/Workspace/helios/starwards/modules/core/src/client/driver.ts:53:58)
          at /data/Workspace/helios/starwards/node_modules/colyseus.js/src/core/signal.ts:15:48
          at Array.forEach (<anonymous>)
          at EventEmitter.invoke (/data/Workspace/helios/starwards/node_modules/colyseus.js/src/core/signal.ts:15:19)
          at Function.register.invoke (/data/Workspace/helios/starwards/node_modules/colyseus.js/src/core/signal.ts:57:81)
          at WebSocket.connection.events.onclose (/data/Workspace/helios/starwards/node_modules/colyseus.js/src/Room.ts:89:30)
          at callListener (/data/Workspace/helios/starwards/node_modules/colyseus.js/node_modules/ws/lib/event-target.js:290:14)
          at WebSocket.onClose (/data/Workspace/helios/starwards/node_modules/colyseus.js/node_modules/ws/lib/event-target.js:220:9)
          at WebSocket.emit (node:events:524:28)
          at WebSocket.emitClose (/data/Workspace/helios/starwards/node_modules/colyseus.js/node_modules/ws/lib/websocket.js:272:10)
          at Socket.socketOnClose (/data/Workspace/helios/starwards/node_modules/colyseus.js/node_modules/ws/lib/websocket.js:1341:15)
          at Socket.emit (node:events:524:28)
          at TCP.<anonymous> (node:net:343:12)

      at ConnectionManager.onConnectionError (modules/core/src/client/connection-manager.ts:144:21)
          at Array.forEach (<anonymous>)

    console.log
      connection error: TypeError: Cannot read properties of undefined (reading 'decoder')
          at wireEvents (/data/Workspace/helios/starwards/node_modules/colyseus-events/src/wire-events.ts:30:40)
          at /data/Workspace/helios/starwards/modules/core/src/client/admin.ts:20:5
          at processTicksAndRejections (node:internal/process/task_queues:95:5)
          at /data/Workspace/helios/starwards/modules/core/src/client/connection-manager.ts:131:21

      at ConnectionManager.onConnectionError (modules/core/src/client/connection-manager.ts:144:21)

    console.log
      connection error: Error: disconnected from server
          at EventEmitter.<anonymous> (/data/Workspace/helios/starwards/modules/core/src/client/driver.ts:53:58)
          at /data/Workspace/helios/starwards/node_modules/colyseus.js/src/core/signal.ts:15:48
          at Array.forEach (<anonymous>)
          at EventEmitter.invoke (/data/Workspace/helios/starwards/node_modules/colyseus.js/src/core/signal.ts:15:19)
          at Function.register.invoke (/data/Workspace/helios/starwards/node_modules/colyseus.js/src/core/signal.ts:57:81)
          at WebSocket.connection.events.onclose (/data/Workspace/helios/starwards/node_modules/colyseus.js/src/Room.ts:89:30)
          at callListener (/data/Workspace/helios/starwards/node_modules/colyseus.js/node_modules/ws/lib/event-target.js:290:14)
          at WebSocket.onClose (/data/Workspace/helios/starwards/node_modules/colyseus.js/node_modules/ws/lib/event-target.js:220:9)
          at WebSocket.emit (node:events:524:28)
          at WebSocket.emitClose (/data/Workspace/helios/starwards/node_modules/colyseus.js/node_modules/ws/lib/websocket.js:272:10)
          at Socket.socketOnClose (/data/Workspace/helios/starwards/node_modules/colyseus.js/node_modules/ws/lib/websocket.js:1341:15)
          at Socket.emit (node:events:524:28)
          at TCP.<anonymous> (node:net:343:12)

      at ConnectionManager.onConnectionError (modules/core/src/client/connection-manager.ts:144:21)
          at Array.forEach (<anonymous>)

    console.log
      connection error: TypeError: Cannot read properties of undefined (reading 'decoder')
          at wireEvents (/data/Workspace/helios/starwards/node_modules/colyseus-events/src/wire-events.ts:30:40)
          at /data/Workspace/helios/starwards/modules/core/src/client/admin.ts:20:5
          at processTicksAndRejections (node:internal/process/task_queues:95:5)
          at /data/Workspace/helios/starwards/modules/core/src/client/connection-manager.ts:131:21

      at ConnectionManager.onConnectionError (modules/core/src/client/connection-manager.ts:144:21)

    console.log
      connection error: Error: disconnected from server
          at EventEmitter.<anonymous> (/data/Workspace/helios/starwards/modules/core/src/client/driver.ts:53:58)
          at /data/Workspace/helios/starwards/node_modules/colyseus.js/src/core/signal.ts:15:48
          at Array.forEach (<anonymous>)
          at EventEmitter.invoke (/data/Workspace/helios/starwards/node_modules/colyseus.js/src/core/signal.ts:15:19)
          at Function.register.invoke (/data/Workspace/helios/starwards/node_modules/colyseus.js/src/core/signal.ts:57:81)
          at WebSocket.connection.events.onclose (/data/Workspace/helios/starwards/node_modules/colyseus.js/src/Room.ts:89:30)
          at callListener (/data/Workspace/helios/starwards/node_modules/colyseus.js/node_modules/ws/lib/event-target.js:290:14)
          at WebSocket.onClose (/data/Workspace/helios/starwards/node_modules/colyseus.js/node_modules/ws/lib/event-target.js:220:9)
          at WebSocket.emit (node:events:524:28)
          at WebSocket.emitClose (/data/Workspace/helios/starwards/node_modules/colyseus.js/node_modules/ws/lib/websocket.js:272:10)
          at Socket.socketOnClose (/data/Workspace/helios/starwards/node_modules/colyseus.js/node_modules/ws/lib/websocket.js:1341:15)
          at Socket.emit (node:events:524:28)
          at TCP.<anonymous> (node:net:343:12)

      at ConnectionManager.onConnectionError (modules/core/src/client/connection-manager.ts:144:21)
          at Array.forEach (<anonymous>)

    console.log
      connection error: TypeError: Cannot read properties of undefined (reading 'decoder')
          at wireEvents (/data/Workspace/helios/starwards/node_modules/colyseus-events/src/wire-events.ts:30:40)
          at /data/Workspace/helios/starwards/modules/core/src/client/admin.ts:20:5
          at processTicksAndRejections (node:internal/process/task_queues:95:5)
          at /data/Workspace/helios/starwards/modules/core/src/client/connection-manager.ts:131:21

      at ConnectionManager.onConnectionError (modules/core/src/client/connection-manager.ts:144:21)

    console.log
      connection error: Error: disconnected from server
          at EventEmitter.<anonymous> (/data/Workspace/helios/starwards/modules/core/src/client/driver.ts:53:58)
          at /data/Workspace/helios/starwards/node_modules/colyseus.js/src/core/signal.ts:15:48
          at Array.forEach (<anonymous>)
          at EventEmitter.invoke (/data/Workspace/helios/starwards/node_modules/colyseus.js/src/core/signal.ts:15:19)
          at Function.register.invoke (/data/Workspace/helios/starwards/node_modules/colyseus.js/src/core/signal.ts:57:81)
          at WebSocket.connection.events.onclose (/data/Workspace/helios/starwards/node_modules/colyseus.js/src/Room.ts:89:30)
          at callListener (/data/Workspace/helios/starwards/node_modules/colyseus.js/node_modules/ws/lib/event-target.js:290:14)
          at WebSocket.onClose (/data/Workspace/helios/starwards/node_modules/colyseus.js/node_modules/ws/lib/event-target.js:220:9)
          at WebSocket.emit (node:events:524:28)
          at WebSocket.emitClose (/data/Workspace/helios/starwards/node_modules/colyseus.js/node_modules/ws/lib/websocket.js:272:10)
          at Socket.socketOnClose (/data/Workspace/helios/starwards/node_modules/colyseus.js/node_modules/ws/lib/websocket.js:1341:15)
          at Socket.emit (node:events:524:28)
          at TCP.<anonymous> (node:net:343:12)

      at ConnectionManager.onConnectionError (modules/core/src/client/connection-manager.ts:144:21)
          at Array.forEach (<anonymous>)

    console.log
      connection error: TypeError: Cannot read properties of undefined (reading 'decoder')
          at wireEvents (/data/Workspace/helios/starwards/node_modules/colyseus-events/src/wire-events.ts:30:40)
          at /data/Workspace/helios/starwards/modules/core/src/client/admin.ts:20:5
          at processTicksAndRejections (node:internal/process/task_queues:95:5)
          at /data/Workspace/helios/starwards/modules/core/src/client/connection-manager.ts:131:21

      at ConnectionManager.onConnectionError (modules/core/src/client/connection-manager.ts:144:21)

    console.log
      connection error: Error: disconnected from server
          at EventEmitter.<anonymous> (/data/Workspace/helios/starwards/modules/core/src/client/driver.ts:53:58)
          at /data/Workspace/helios/starwards/node_modules/colyseus.js/src/core/signal.ts:15:48
          at Array.forEach (<anonymous>)
          at EventEmitter.invoke (/data/Workspace/helios/starwards/node_modules/colyseus.js/src/core/signal.ts:15:19)
          at Function.register.invoke (/data/Workspace/helios/starwards/node_modules/colyseus.js/src/core/signal.ts:57:81)
          at WebSocket.connection.events.onclose (/data/Workspace/helios/starwards/node_modules/colyseus.js/src/Room.ts:89:30)
          at callListener (/data/Workspace/helios/starwards/node_modules/colyseus.js/node_modules/ws/lib/event-target.js:290:14)
          at WebSocket.onClose (/data/Workspace/helios/starwards/node_modules/colyseus.js/node_modules/ws/lib/event-target.js:220:9)
          at WebSocket.emit (node:events:524:28)
          at WebSocket.emitClose (/data/Workspace/helios/starwards/node_modules/colyseus.js/node_modules/ws/lib/websocket.js:272:10)
          at Socket.socketOnClose (/data/Workspace/helios/starwards/node_modules/colyseus.js/node_modules/ws/lib/websocket.js:1341:15)
          at Socket.emit (node:events:524:28)
          at TCP.<anonymous> (node:net:343:12)

      at ConnectionManager.onConnectionError (modules/core/src/client/connection-manager.ts:144:21)
          at Array.forEach (<anonymous>)

    console.log
      connection error: TypeError: Cannot read properties of undefined (reading 'decoder')
          at wireEvents (/data/Workspace/helios/starwards/node_modules/colyseus-events/src/wire-events.ts:30:40)
          at /data/Workspace/helios/starwards/modules/core/src/client/admin.ts:20:5
          at processTicksAndRejections (node:internal/process/task_queues:95:5)
          at /data/Workspace/helios/starwards/modules/core/src/client/connection-manager.ts:131:21

      at ConnectionManager.onConnectionError (modules/core/src/client/connection-manager.ts:144:21)

    console.log
      connection error: Error: disconnected from server
          at EventEmitter.<anonymous> (/data/Workspace/helios/starwards/modules/core/src/client/driver.ts:53:58)
          at /data/Workspace/helios/starwards/node_modules/colyseus.js/src/core/signal.ts:15:48
          at Array.forEach (<anonymous>)
          at EventEmitter.invoke (/data/Workspace/helios/starwards/node_modules/colyseus.js/src/core/signal.ts:15:19)
          at Function.register.invoke (/data/Workspace/helios/starwards/node_modules/colyseus.js/src/core/signal.ts:57:81)
          at WebSocket.connection.events.onclose (/data/Workspace/helios/starwards/node_modules/colyseus.js/src/Room.ts:89:30)
          at callListener (/data/Workspace/helios/starwards/node_modules/colyseus.js/node_modules/ws/lib/event-target.js:290:14)
          at WebSocket.onClose (/data/Workspace/helios/starwards/node_modules/colyseus.js/node_modules/ws/lib/event-target.js:220:9)
          at WebSocket.emit (node:events:524:28)
          at WebSocket.emitClose (/data/Workspace/helios/starwards/node_modules/colyseus.js/node_modules/ws/lib/websocket.js:272:10)
          at Socket.socketOnClose (/data/Workspace/helios/starwards/node_modules/colyseus.js/node_modules/ws/lib/websocket.js:1341:15)
          at Socket.emit (node:events:524:28)
          at TCP.<anonymous> (node:net:343:12)

      at ConnectionManager.onConnectionError (modules/core/src/client/connection-manager.ts:144:21)
          at Array.forEach (<anonymous>)

    console.log
      connection error: TypeError: Cannot read properties of undefined (reading 'decoder')
          at wireEvents (/data/Workspace/helios/starwards/node_modules/colyseus-events/src/wire-events.ts:30:40)
          at /data/Workspace/helios/starwards/modules/core/src/client/admin.ts:20:5
          at processTicksAndRejections (node:internal/process/task_queues:95:5)
          at /data/Workspace/helios/starwards/modules/core/src/client/connection-manager.ts:131:21

      at ConnectionManager.onConnectionError (modules/core/src/client/connection-manager.ts:144:21)

    console.log
      connection error: Error: disconnected from server
          at EventEmitter.<anonymous> (/data/Workspace/helios/starwards/modules/core/src/client/driver.ts:53:58)
          at /data/Workspace/helios/starwards/node_modules/colyseus.js/src/core/signal.ts:15:48
          at Array.forEach (<anonymous>)
          at EventEmitter.invoke (/data/Workspace/helios/starwards/node_modules/colyseus.js/src/core/signal.ts:15:19)
          at Function.register.invoke (/data/Workspace/helios/starwards/node_modules/colyseus.js/src/core/signal.ts:57:81)
          at WebSocket.connection.events.onclose (/data/Workspace/helios/starwards/node_modules/colyseus.js/src/Room.ts:89:30)
          at callListener (/data/Workspace/helios/starwards/node_modules/colyseus.js/node_modules/ws/lib/event-target.js:290:14)
          at WebSocket.onClose (/data/Workspace/helios/starwards/node_modules/colyseus.js/node_modules/ws/lib/event-target.js:220:9)
          at WebSocket.emit (node:events:524:28)
          at WebSocket.emitClose (/data/Workspace/helios/starwards/node_modules/colyseus.js/node_modules/ws/lib/websocket.js:272:10)
          at Socket.socketOnClose (/data/Workspace/helios/starwards/node_modules/colyseus.js/node_modules/ws/lib/websocket.js:1341:15)
          at Socket.emit (node:events:524:28)
          at TCP.<anonymous> (node:net:343:12)

      at ConnectionManager.onConnectionError (modules/core/src/client/connection-manager.ts:144:21)
          at Array.forEach (<anonymous>)

    console.log
      connection error: TypeError: Cannot read properties of undefined (reading 'decoder')
          at wireEvents (/data/Workspace/helios/starwards/node_modules/colyseus-events/src/wire-events.ts:30:40)
          at /data/Workspace/helios/starwards/modules/core/src/client/admin.ts:20:5
          at processTicksAndRejections (node:internal/process/task_queues:95:5)
          at /data/Workspace/helios/starwards/modules/core/src/client/connection-manager.ts:131:21

      at ConnectionManager.onConnectionError (modules/core/src/client/connection-manager.ts:144:21)

    console.log
      connection error: Error: disconnected from server
          at EventEmitter.<anonymous> (/data/Workspace/helios/starwards/modules/core/src/client/driver.ts:53:58)
          at /data/Workspace/helios/starwards/node_modules/colyseus.js/src/core/signal.ts:15:48
          at Array.forEach (<anonymous>)
          at EventEmitter.invoke (/data/Workspace/helios/starwards/node_modules/colyseus.js/src/core/signal.ts:15:19)
          at Function.register.invoke (/data/Workspace/helios/starwards/node_modules/colyseus.js/src/core/signal.ts:57:81)
          at WebSocket.connection.events.onclose (/data/Workspace/helios/starwards/node_modules/colyseus.js/src/Room.ts:89:30)
          at callListener (/data/Workspace/helios/starwards/node_modules/colyseus.js/node_modules/ws/lib/event-target.js:290:14)
          at WebSocket.onClose (/data/Workspace/helios/starwards/node_modules/colyseus.js/node_modules/ws/lib/event-target.js:220:9)
          at WebSocket.emit (node:events:524:28)
          at WebSocket.emitClose (/data/Workspace/helios/starwards/node_modules/colyseus.js/node_modules/ws/lib/websocket.js:272:10)
          at Socket.socketOnClose (/data/Workspace/helios/starwards/node_modules/colyseus.js/node_modules/ws/lib/websocket.js:1341:15)
          at Socket.emit (node:events:524:28)
          at TCP.<anonymous> (node:net:343:12)

      at ConnectionManager.onConnectionError (modules/core/src/client/connection-manager.ts:144:21)
          at Array.forEach (<anonymous>)

    console.log
      connection error: TypeError: Cannot read properties of undefined (reading 'decoder')
          at wireEvents (/data/Workspace/helios/starwards/node_modules/colyseus-events/src/wire-events.ts:30:40)
          at /data/Workspace/helios/starwards/modules/core/src/client/admin.ts:20:5
          at processTicksAndRejections (node:internal/process/task_queues:95:5)
          at /data/Workspace/helios/starwards/modules/core/src/client/connection-manager.ts:131:21

      at ConnectionManager.onConnectionError (modules/core/src/client/connection-manager.ts:144:21)

    console.log
      connection error: Error: disconnected from server
          at EventEmitter.<anonymous> (/data/Workspace/helios/starwards/modules/core/src/client/driver.ts:53:58)
          at /data/Workspace/helios/starwards/node_modules/colyseus.js/src/core/signal.ts:15:48
          at Array.forEach (<anonymous>)
          at EventEmitter.invoke (/data/Workspace/helios/starwards/node_modules/colyseus.js/src/core/signal.ts:15:19)
          at Function.register.invoke (/data/Workspace/helios/starwards/node_modules/colyseus.js/src/core/signal.ts:57:81)
          at WebSocket.connection.events.onclose (/data/Workspace/helios/starwards/node_modules/colyseus.js/src/Room.ts:89:30)
          at callListener (/data/Workspace/helios/starwards/node_modules/colyseus.js/node_modules/ws/lib/event-target.js:290:14)
          at WebSocket.onClose (/data/Workspace/helios/starwards/node_modules/colyseus.js/node_modules/ws/lib/event-target.js:220:9)
          at WebSocket.emit (node:events:524:28)
          at WebSocket.emitClose (/data/Workspace/helios/starwards/node_modules/colyseus.js/node_modules/ws/lib/websocket.js:272:10)
          at Socket.socketOnClose (/data/Workspace/helios/starwards/node_modules/colyseus.js/node_modules/ws/lib/websocket.js:1341:15)
          at Socket.emit (node:events:524:28)
          at TCP.<anonymous> (node:net:343:12)

      at ConnectionManager.onConnectionError (modules/core/src/client/connection-manager.ts:144:21)
          at Array.forEach (<anonymous>)

    console.log
      connection error: TypeError: Cannot read properties of undefined (reading 'decoder')
          at wireEvents (/data/Workspace/helios/starwards/node_modules/colyseus-events/src/wire-events.ts:30:40)
          at /data/Workspace/helios/starwards/modules/core/src/client/admin.ts:20:5
          at processTicksAndRejections (node:internal/process/task_queues:95:5)
          at /data/Workspace/helios/starwards/modules/core/src/client/connection-manager.ts:131:21

      at ConnectionManager.onConnectionError (modules/core/src/client/connection-manager.ts:144:21)

    console.log
      connection error: Error: disconnected from server
          at EventEmitter.<anonymous> (/data/Workspace/helios/starwards/modules/core/src/client/driver.ts:53:58)
          at /data/Workspace/helios/starwards/node_modules/colyseus.js/src/core/signal.ts:15:48
          at Array.forEach (<anonymous>)
          at EventEmitter.invoke (/data/Workspace/helios/starwards/node_modules/colyseus.js/src/core/signal.ts:15:19)
          at Function.register.invoke (/data/Workspace/helios/starwards/node_modules/colyseus.js/src/core/signal.ts:57:81)
          at WebSocket.connection.events.onclose (/data/Workspace/helios/starwards/node_modules/colyseus.js/src/Room.ts:89:30)
          at callListener (/data/Workspace/helios/starwards/node_modules/colyseus.js/node_modules/ws/lib/event-target.js:290:14)
          at WebSocket.onClose (/data/Workspace/helios/starwards/node_modules/colyseus.js/node_modules/ws/lib/event-target.js:220:9)
          at WebSocket.emit (node:events:524:28)
          at WebSocket.emitClose (/data/Workspace/helios/starwards/node_modules/colyseus.js/node_modules/ws/lib/websocket.js:272:10)
          at Socket.socketOnClose (/data/Workspace/helios/starwards/node_modules/colyseus.js/node_modules/ws/lib/websocket.js:1341:15)
          at Socket.emit (node:events:524:28)
          at TCP.<anonymous> (node:net:343:12)

      at ConnectionManager.onConnectionError (modules/core/src/client/connection-manager.ts:144:21)
          at Array.forEach (<anonymous>)

    console.log
      connection error: TypeError: Cannot read properties of undefined (reading 'decoder')
          at wireEvents (/data/Workspace/helios/starwards/node_modules/colyseus-events/src/wire-events.ts:30:40)
          at /data/Workspace/helios/starwards/modules/core/src/client/admin.ts:20:5
          at processTicksAndRejections (node:internal/process/task_queues:95:5)
          at /data/Workspace/helios/starwards/modules/core/src/client/connection-manager.ts:131:21

      at ConnectionManager.onConnectionError (modules/core/src/client/connection-manager.ts:144:21)

    console.log
      connection error: Error: disconnected from server
          at EventEmitter.<anonymous> (/data/Workspace/helios/starwards/modules/core/src/client/driver.ts:53:58)
          at /data/Workspace/helios/starwards/node_modules/colyseus.js/src/core/signal.ts:15:48
          at Array.forEach (<anonymous>)
          at EventEmitter.invoke (/data/Workspace/helios/starwards/node_modules/colyseus.js/src/core/signal.ts:15:19)
          at Function.register.invoke (/data/Workspace/helios/starwards/node_modules/colyseus.js/src/core/signal.ts:57:81)
          at WebSocket.connection.events.onclose (/data/Workspace/helios/starwards/node_modules/colyseus.js/src/Room.ts:89:30)
          at callListener (/data/Workspace/helios/starwards/node_modules/colyseus.js/node_modules/ws/lib/event-target.js:290:14)
          at WebSocket.onClose (/data/Workspace/helios/starwards/node_modules/colyseus.js/node_modules/ws/lib/event-target.js:220:9)
          at WebSocket.emit (node:events:524:28)
          at WebSocket.emitClose (/data/Workspace/helios/starwards/node_modules/colyseus.js/node_modules/ws/lib/websocket.js:272:10)
          at Socket.socketOnClose (/data/Workspace/helios/starwards/node_modules/colyseus.js/node_modules/ws/lib/websocket.js:1341:15)
          at Socket.emit (node:events:524:28)
          at TCP.<anonymous> (node:net:343:12)

      at ConnectionManager.onConnectionError (modules/core/src/client/connection-manager.ts:144:21)
          at Array.forEach (<anonymous>)

    console.log
      connection error: TypeError: Cannot read properties of undefined (reading 'decoder')
          at wireEvents (/data/Workspace/helios/starwards/node_modules/colyseus-events/src/wire-events.ts:30:40)
          at /data/Workspace/helios/starwards/modules/core/src/client/admin.ts:20:5
          at processTicksAndRejections (node:internal/process/task_queues:95:5)
          at /data/Workspace/helios/starwards/modules/core/src/client/connection-manager.ts:131:21

      at ConnectionManager.onConnectionError (modules/core/src/client/connection-manager.ts:144:21)

    console.log
      connection error: Error: disconnected from server
          at EventEmitter.<anonymous> (/data/Workspace/helios/starwards/modules/core/src/client/driver.ts:53:58)
          at /data/Workspace/helios/starwards/node_modules/colyseus.js/src/core/signal.ts:15:48
          at Array.forEach (<anonymous>)
          at EventEmitter.invoke (/data/Workspace/helios/starwards/node_modules/colyseus.js/src/core/signal.ts:15:19)
          at Function.register.invoke (/data/Workspace/helios/starwards/node_modules/colyseus.js/src/core/signal.ts:57:81)
          at WebSocket.connection.events.onclose (/data/Workspace/helios/starwards/node_modules/colyseus.js/src/Room.ts:89:30)
          at callListener (/data/Workspace/helios/starwards/node_modules/colyseus.js/node_modules/ws/lib/event-target.js:290:14)
          at WebSocket.onClose (/data/Workspace/helios/starwards/node_modules/colyseus.js/node_modules/ws/lib/event-target.js:220:9)
          at WebSocket.emit (node:events:524:28)
          at WebSocket.emitClose (/data/Workspace/helios/starwards/node_modules/colyseus.js/node_modules/ws/lib/websocket.js:272:10)
          at Socket.socketOnClose (/data/Workspace/helios/starwards/node_modules/colyseus.js/node_modules/ws/lib/websocket.js:1341:15)
          at Socket.emit (node:events:524:28)
          at TCP.<anonymous> (node:net:343:12)

      at ConnectionManager.onConnectionError (modules/core/src/client/connection-manager.ts:144:21)
          at Array.forEach (<anonymous>)

    console.log
      connection error: TypeError: Cannot read properties of undefined (reading 'decoder')
          at wireEvents (/data/Workspace/helios/starwards/node_modules/colyseus-events/src/wire-events.ts:30:40)
          at /data/Workspace/helios/starwards/modules/core/src/client/admin.ts:20:5
          at processTicksAndRejections (node:internal/process/task_queues:95:5)
          at /data/Workspace/helios/starwards/modules/core/src/client/connection-manager.ts:131:21

      at ConnectionManager.onConnectionError (modules/core/src/client/connection-manager.ts:144:21)

    console.log
      connection error: Error: disconnected from server
          at EventEmitter.<anonymous> (/data/Workspace/helios/starwards/modules/core/src/client/driver.ts:53:58)
          at /data/Workspace/helios/starwards/node_modules/colyseus.js/src/core/signal.ts:15:48
          at Array.forEach (<anonymous>)
          at EventEmitter.invoke (/data/Workspace/helios/starwards/node_modules/colyseus.js/src/core/signal.ts:15:19)
          at Function.register.invoke (/data/Workspace/helios/starwards/node_modules/colyseus.js/src/core/signal.ts:57:81)
          at WebSocket.connection.events.onclose (/data/Workspace/helios/starwards/node_modules/colyseus.js/src/Room.ts:89:30)
          at callListener (/data/Workspace/helios/starwards/node_modules/colyseus.js/node_modules/ws/lib/event-target.js:290:14)
          at WebSocket.onClose (/data/Workspace/helios/starwards/node_modules/colyseus.js/node_modules/ws/lib/event-target.js:220:9)
          at WebSocket.emit (node:events:524:28)
          at WebSocket.emitClose (/data/Workspace/helios/starwards/node_modules/colyseus.js/node_modules/ws/lib/websocket.js:272:10)
          at Socket.socketOnClose (/data/Workspace/helios/starwards/node_modules/colyseus.js/node_modules/ws/lib/websocket.js:1341:15)
          at Socket.emit (node:events:524:28)
          at TCP.<anonymous> (node:net:343:12)

      at ConnectionManager.onConnectionError (modules/core/src/client/connection-manager.ts:144:21)
          at Array.forEach (<anonymous>)

    console.log
      connection error: TypeError: Cannot read properties of undefined (reading 'decoder')
          at wireEvents (/data/Workspace/helios/starwards/node_modules/colyseus-events/src/wire-events.ts:30:40)
          at /data/Workspace/helios/starwards/modules/core/src/client/admin.ts:20:5
          at processTicksAndRejections (node:internal/process/task_queues:95:5)
          at /data/Workspace/helios/starwards/modules/core/src/client/connection-manager.ts:131:21

      at ConnectionManager.onConnectionError (modules/core/src/client/connection-manager.ts:144:21)

    console.log
      connection error: Error: disconnected from server
          at EventEmitter.<anonymous> (/data/Workspace/helios/starwards/modules/core/src/client/driver.ts:53:58)
          at /data/Workspace/helios/starwards/node_modules/colyseus.js/src/core/signal.ts:15:48
          at Array.forEach (<anonymous>)
          at EventEmitter.invoke (/data/Workspace/helios/starwards/node_modules/colyseus.js/src/core/signal.ts:15:19)
          at Function.register.invoke (/data/Workspace/helios/starwards/node_modules/colyseus.js/src/core/signal.ts:57:81)
          at WebSocket.connection.events.onclose (/data/Workspace/helios/starwards/node_modules/colyseus.js/src/Room.ts:89:30)
          at callListener (/data/Workspace/helios/starwards/node_modules/colyseus.js/node_modules/ws/lib/event-target.js:290:14)
          at WebSocket.onClose (/data/Workspace/helios/starwards/node_modules/colyseus.js/node_modules/ws/lib/event-target.js:220:9)
          at WebSocket.emit (node:events:524:28)
          at WebSocket.emitClose (/data/Workspace/helios/starwards/node_modules/colyseus.js/node_modules/ws/lib/websocket.js:272:10)
          at Socket.socketOnClose (/data/Workspace/helios/starwards/node_modules/colyseus.js/node_modules/ws/lib/websocket.js:1341:15)
          at Socket.emit (node:events:524:28)
          at TCP.<anonymous> (node:net:343:12)

      at ConnectionManager.onConnectionError (modules/core/src/client/connection-manager.ts:144:21)
          at Array.forEach (<anonymous>)

    console.log
      connection error: TypeError: Cannot read properties of undefined (reading 'decoder')
          at wireEvents (/data/Workspace/helios/starwards/node_modules/colyseus-events/src/wire-events.ts:30:40)
          at /data/Workspace/helios/starwards/modules/core/src/client/admin.ts:20:5
          at processTicksAndRejections (node:internal/process/task_queues:95:5)
          at /data/Workspace/helios/starwards/modules/core/src/client/connection-manager.ts:131:21

      at ConnectionManager.onConnectionError (modules/core/src/client/connection-manager.ts:144:21)

    console.log
      connection error: Error: disconnected from server
          at EventEmitter.<anonymous> (/data/Workspace/helios/starwards/modules/core/src/client/driver.ts:53:58)
          at /data/Workspace/helios/starwards/node_modules/colyseus.js/src/core/signal.ts:15:48
          at Array.forEach (<anonymous>)
          at EventEmitter.invoke (/data/Workspace/helios/starwards/node_modules/colyseus.js/src/core/signal.ts:15:19)
          at Function.register.invoke (/data/Workspace/helios/starwards/node_modules/colyseus.js/src/core/signal.ts:57:81)
          at WebSocket.connection.events.onclose (/data/Workspace/helios/starwards/node_modules/colyseus.js/src/Room.ts:89:30)
          at callListener (/data/Workspace/helios/starwards/node_modules/colyseus.js/node_modules/ws/lib/event-target.js:290:14)
          at WebSocket.onClose (/data/Workspace/helios/starwards/node_modules/colyseus.js/node_modules/ws/lib/event-target.js:220:9)
          at WebSocket.emit (node:events:524:28)
          at WebSocket.emitClose (/data/Workspace/helios/starwards/node_modules/colyseus.js/node_modules/ws/lib/websocket.js:272:10)
          at Socket.socketOnClose (/data/Workspace/helios/starwards/node_modules/colyseus.js/node_modules/ws/lib/websocket.js:1341:15)
          at Socket.emit (node:events:524:28)
          at TCP.<anonymous> (node:net:343:12)

      at ConnectionManager.onConnectionError (modules/core/src/client/connection-manager.ts:144:21)
          at Array.forEach (<anonymous>)

    console.log
      connection error: TypeError: Cannot read properties of undefined (reading 'decoder')
          at wireEvents (/data/Workspace/helios/starwards/node_modules/colyseus-events/src/wire-events.ts:30:40)
          at /data/Workspace/helios/starwards/modules/core/src/client/admin.ts:20:5
          at processTicksAndRejections (node:internal/process/task_queues:95:5)
          at /data/Workspace/helios/starwards/modules/core/src/client/connection-manager.ts:131:21

      at ConnectionManager.onConnectionError (modules/core/src/client/connection-manager.ts:144:21)

    console.log
      connection error: Error: disconnected from server
          at EventEmitter.<anonymous> (/data/Workspace/helios/starwards/modules/core/src/client/driver.ts:53:58)
          at /data/Workspace/helios/starwards/node_modules/colyseus.js/src/core/signal.ts:15:48
          at Array.forEach (<anonymous>)
          at EventEmitter.invoke (/data/Workspace/helios/starwards/node_modules/colyseus.js/src/core/signal.ts:15:19)
          at Function.register.invoke (/data/Workspace/helios/starwards/node_modules/colyseus.js/src/core/signal.ts:57:81)
          at WebSocket.connection.events.onclose (/data/Workspace/helios/starwards/node_modules/colyseus.js/src/Room.ts:89:30)
          at callListener (/data/Workspace/helios/starwards/node_modules/colyseus.js/node_modules/ws/lib/event-target.js:290:14)
          at WebSocket.onClose (/data/Workspace/helios/starwards/node_modules/colyseus.js/node_modules/ws/lib/event-target.js:220:9)
          at WebSocket.emit (node:events:524:28)
          at WebSocket.emitClose (/data/Workspace/helios/starwards/node_modules/colyseus.js/node_modules/ws/lib/websocket.js:272:10)
          at Socket.socketOnClose (/data/Workspace/helios/starwards/node_modules/colyseus.js/node_modules/ws/lib/websocket.js:1341:15)
          at Socket.emit (node:events:524:28)
          at TCP.<anonymous> (node:net:343:12)

      at ConnectionManager.onConnectionError (modules/core/src/client/connection-manager.ts:144:21)
          at Array.forEach (<anonymous>)

    console.log
      connection error: TypeError: Cannot read properties of undefined (reading 'decoder')
          at wireEvents (/data/Workspace/helios/starwards/node_modules/colyseus-events/src/wire-events.ts:30:40)
          at /data/Workspace/helios/starwards/modules/core/src/client/admin.ts:20:5
          at processTicksAndRejections (node:internal/process/task_queues:95:5)
          at /data/Workspace/helios/starwards/modules/core/src/client/connection-manager.ts:131:21

      at ConnectionManager.onConnectionError (modules/core/src/client/connection-manager.ts:144:21)

    console.log
      connection error: Error: disconnected from server
          at EventEmitter.<anonymous> (/data/Workspace/helios/starwards/modules/core/src/client/driver.ts:53:58)
          at /data/Workspace/helios/starwards/node_modules/colyseus.js/src/core/signal.ts:15:48
          at Array.forEach (<anonymous>)
          at EventEmitter.invoke (/data/Workspace/helios/starwards/node_modules/colyseus.js/src/core/signal.ts:15:19)
          at Function.register.invoke (/data/Workspace/helios/starwards/node_modules/colyseus.js/src/core/signal.ts:57:81)
          at WebSocket.connection.events.onclose (/data/Workspace/helios/starwards/node_modules/colyseus.js/src/Room.ts:89:30)
          at callListener (/data/Workspace/helios/starwards/node_modules/colyseus.js/node_modules/ws/lib/event-target.js:290:14)
          at WebSocket.onClose (/data/Workspace/helios/starwards/node_modules/colyseus.js/node_modules/ws/lib/event-target.js:220:9)
          at WebSocket.emit (node:events:524:28)
          at WebSocket.emitClose (/data/Workspace/helios/starwards/node_modules/colyseus.js/node_modules/ws/lib/websocket.js:272:10)
          at Socket.socketOnClose (/data/Workspace/helios/starwards/node_modules/colyseus.js/node_modules/ws/lib/websocket.js:1341:15)
          at Socket.emit (node:events:524:28)
          at TCP.<anonymous> (node:net:343:12)

      at ConnectionManager.onConnectionError (modules/core/src/client/connection-manager.ts:144:21)
          at Array.forEach (<anonymous>)

    console.log
      connection error: TypeError: Cannot read properties of undefined (reading 'decoder')
          at wireEvents (/data/Workspace/helios/starwards/node_modules/colyseus-events/src/wire-events.ts:30:40)
          at /data/Workspace/helios/starwards/modules/core/src/client/admin.ts:20:5
          at processTicksAndRejections (node:internal/process/task_queues:95:5)
          at /data/Workspace/helios/starwards/modules/core/src/client/connection-manager.ts:131:21

      at ConnectionManager.onConnectionError (modules/core/src/client/connection-manager.ts:144:21)

    console.log
      connection error: Error: disconnected from server
          at EventEmitter.<anonymous> (/data/Workspace/helios/starwards/modules/core/src/client/driver.ts:53:58)
          at /data/Workspace/helios/starwards/node_modules/colyseus.js/src/core/signal.ts:15:48
          at Array.forEach (<anonymous>)
          at EventEmitter.invoke (/data/Workspace/helios/starwards/node_modules/colyseus.js/src/core/signal.ts:15:19)
          at Function.register.invoke (/data/Workspace/helios/starwards/node_modules/colyseus.js/src/core/signal.ts:57:81)
          at WebSocket.connection.events.onclose (/data/Workspace/helios/starwards/node_modules/colyseus.js/src/Room.ts:89:30)
          at callListener (/data/Workspace/helios/starwards/node_modules/colyseus.js/node_modules/ws/lib/event-target.js:290:14)
          at WebSocket.onClose (/data/Workspace/helios/starwards/node_modules/colyseus.js/node_modules/ws/lib/event-target.js:220:9)
          at WebSocket.emit (node:events:524:28)
          at WebSocket.emitClose (/data/Workspace/helios/starwards/node_modules/colyseus.js/node_modules/ws/lib/websocket.js:272:10)
          at Socket.socketOnClose (/data/Workspace/helios/starwards/node_modules/colyseus.js/node_modules/ws/lib/websocket.js:1341:15)
          at Socket.emit (node:events:524:28)
          at TCP.<anonymous> (node:net:343:12)

      at ConnectionManager.onConnectionError (modules/core/src/client/connection-manager.ts:144:21)
          at Array.forEach (<anonymous>)

    console.log
      connection error: TypeError: Cannot read properties of undefined (reading 'decoder')
          at wireEvents (/data/Workspace/helios/starwards/node_modules/colyseus-events/src/wire-events.ts:30:40)
          at /data/Workspace/helios/starwards/modules/core/src/client/admin.ts:20:5
          at processTicksAndRejections (node:internal/process/task_queues:95:5)
          at /data/Workspace/helios/starwards/modules/core/src/client/connection-manager.ts:131:21

      at ConnectionManager.onConnectionError (modules/core/src/client/connection-manager.ts:144:21)

    console.log
      connection error: Error: disconnected from server
          at EventEmitter.<anonymous> (/data/Workspace/helios/starwards/modules/core/src/client/driver.ts:53:58)
          at /data/Workspace/helios/starwards/node_modules/colyseus.js/src/core/signal.ts:15:48
          at Array.forEach (<anonymous>)
          at EventEmitter.invoke (/data/Workspace/helios/starwards/node_modules/colyseus.js/src/core/signal.ts:15:19)
          at Function.register.invoke (/data/Workspace/helios/starwards/node_modules/colyseus.js/src/core/signal.ts:57:81)
          at WebSocket.connection.events.onclose (/data/Workspace/helios/starwards/node_modules/colyseus.js/src/Room.ts:89:30)
          at callListener (/data/Workspace/helios/starwards/node_modules/colyseus.js/node_modules/ws/lib/event-target.js:290:14)
          at WebSocket.onClose (/data/Workspace/helios/starwards/node_modules/colyseus.js/node_modules/ws/lib/event-target.js:220:9)
          at WebSocket.emit (node:events:524:28)
          at WebSocket.emitClose (/data/Workspace/helios/starwards/node_modules/colyseus.js/node_modules/ws/lib/websocket.js:272:10)
          at Socket.socketOnClose (/data/Workspace/helios/starwards/node_modules/colyseus.js/node_modules/ws/lib/websocket.js:1341:15)
          at Socket.emit (node:events:524:28)
          at TCP.<anonymous> (node:net:343:12)

      at ConnectionManager.onConnectionError (modules/core/src/client/connection-manager.ts:144:21)
          at Array.forEach (<anonymous>)

    console.log
      connection error: TypeError: Cannot read properties of undefined (reading 'decoder')
          at wireEvents (/data/Workspace/helios/starwards/node_modules/colyseus-events/src/wire-events.ts:30:40)
          at /data/Workspace/helios/starwards/modules/core/src/client/admin.ts:20:5
          at processTicksAndRejections (node:internal/process/task_queues:95:5)
          at /data/Workspace/helios/starwards/modules/core/src/client/connection-manager.ts:131:21

      at ConnectionManager.onConnectionError (modules/core/src/client/connection-manager.ts:144:21)

    console.log
      connection error: Error: disconnected from server
          at EventEmitter.<anonymous> (/data/Workspace/helios/starwards/modules/core/src/client/driver.ts:53:58)
          at /data/Workspace/helios/starwards/node_modules/colyseus.js/src/core/signal.ts:15:48
          at Array.forEach (<anonymous>)
          at EventEmitter.invoke (/data/Workspace/helios/starwards/node_modules/colyseus.js/src/core/signal.ts:15:19)
          at Function.register.invoke (/data/Workspace/helios/starwards/node_modules/colyseus.js/src/core/signal.ts:57:81)
          at WebSocket.connection.events.onclose (/data/Workspace/helios/starwards/node_modules/colyseus.js/src/Room.ts:89:30)
          at callListener (/data/Workspace/helios/starwards/node_modules/colyseus.js/node_modules/ws/lib/event-target.js:290:14)
          at WebSocket.onClose (/data/Workspace/helios/starwards/node_modules/colyseus.js/node_modules/ws/lib/event-target.js:220:9)
          at WebSocket.emit (node:events:524:28)
          at WebSocket.emitClose (/data/Workspace/helios/starwards/node_modules/colyseus.js/node_modules/ws/lib/websocket.js:272:10)
          at Socket.socketOnClose (/data/Workspace/helios/starwards/node_modules/colyseus.js/node_modules/ws/lib/websocket.js:1341:15)
          at Socket.emit (node:events:524:28)
          at TCP.<anonymous> (node:net:343:12)

      at ConnectionManager.onConnectionError (modules/core/src/client/connection-manager.ts:144:21)
          at Array.forEach (<anonymous>)

    console.log
      connection error: TypeError: Cannot read properties of undefined (reading 'decoder')
          at wireEvents (/data/Workspace/helios/starwards/node_modules/colyseus-events/src/wire-events.ts:30:40)
          at /data/Workspace/helios/starwards/modules/core/src/client/admin.ts:20:5
          at processTicksAndRejections (node:internal/process/task_queues:95:5)
          at /data/Workspace/helios/starwards/modules/core/src/client/connection-manager.ts:131:21

      at ConnectionManager.onConnectionError (modules/core/src/client/connection-manager.ts:144:21)

    console.log
      connection error: Error: disconnected from server
          at EventEmitter.<anonymous> (/data/Workspace/helios/starwards/modules/core/src/client/driver.ts:53:58)
          at /data/Workspace/helios/starwards/node_modules/colyseus.js/src/core/signal.ts:15:48
          at Array.forEach (<anonymous>)
          at EventEmitter.invoke (/data/Workspace/helios/starwards/node_modules/colyseus.js/src/core/signal.ts:15:19)
          at Function.register.invoke (/data/Workspace/helios/starwards/node_modules/colyseus.js/src/core/signal.ts:57:81)
          at WebSocket.connection.events.onclose (/data/Workspace/helios/starwards/node_modules/colyseus.js/src/Room.ts:89:30)
          at callListener (/data/Workspace/helios/starwards/node_modules/colyseus.js/node_modules/ws/lib/event-target.js:290:14)
          at WebSocket.onClose (/data/Workspace/helios/starwards/node_modules/colyseus.js/node_modules/ws/lib/event-target.js:220:9)
          at WebSocket.emit (node:events:524:28)
          at WebSocket.emitClose (/data/Workspace/helios/starwards/node_modules/colyseus.js/node_modules/ws/lib/websocket.js:272:10)
          at Socket.socketOnClose (/data/Workspace/helios/starwards/node_modules/colyseus.js/node_modules/ws/lib/websocket.js:1341:15)
          at Socket.emit (node:events:524:28)
          at TCP.<anonymous> (node:net:343:12)

      at ConnectionManager.onConnectionError (modules/core/src/client/connection-manager.ts:144:21)
          at Array.forEach (<anonymous>)

    console.log
      connection error: TypeError: Cannot read properties of undefined (reading 'decoder')
          at wireEvents (/data/Workspace/helios/starwards/node_modules/colyseus-events/src/wire-events.ts:30:40)
          at /data/Workspace/helios/starwards/modules/core/src/client/admin.ts:20:5
          at processTicksAndRejections (node:internal/process/task_queues:95:5)
          at /data/Workspace/helios/starwards/modules/core/src/client/connection-manager.ts:131:21

      at ConnectionManager.onConnectionError (modules/core/src/client/connection-manager.ts:144:21)

    console.log
      connection error: Error: disconnected from server
          at EventEmitter.<anonymous> (/data/Workspace/helios/starwards/modules/core/src/client/driver.ts:53:58)
          at /data/Workspace/helios/starwards/node_modules/colyseus.js/src/core/signal.ts:15:48
          at Array.forEach (<anonymous>)
          at EventEmitter.invoke (/data/Workspace/helios/starwards/node_modules/colyseus.js/src/core/signal.ts:15:19)
          at Function.register.invoke (/data/Workspace/helios/starwards/node_modules/colyseus.js/src/core/signal.ts:57:81)
          at WebSocket.connection.events.onclose (/data/Workspace/helios/starwards/node_modules/colyseus.js/src/Room.ts:89:30)
          at callListener (/data/Workspace/helios/starwards/node_modules/colyseus.js/node_modules/ws/lib/event-target.js:290:14)
          at WebSocket.onClose (/data/Workspace/helios/starwards/node_modules/colyseus.js/node_modules/ws/lib/event-target.js:220:9)
          at WebSocket.emit (node:events:524:28)
          at WebSocket.emitClose (/data/Workspace/helios/starwards/node_modules/colyseus.js/node_modules/ws/lib/websocket.js:272:10)
          at Socket.socketOnClose (/data/Workspace/helios/starwards/node_modules/colyseus.js/node_modules/ws/lib/websocket.js:1341:15)
          at Socket.emit (node:events:524:28)
          at TCP.<anonymous> (node:net:343:12)

      at ConnectionManager.onConnectionError (modules/core/src/client/connection-manager.ts:144:21)
          at Array.forEach (<anonymous>)

    console.log
      connection error: TypeError: Cannot read properties of undefined (reading 'decoder')
          at wireEvents (/data/Workspace/helios/starwards/node_modules/colyseus-events/src/wire-events.ts:30:40)
          at /data/Workspace/helios/starwards/modules/core/src/client/admin.ts:20:5
          at processTicksAndRejections (node:internal/process/task_queues:95:5)
          at /data/Workspace/helios/starwards/modules/core/src/client/connection-manager.ts:131:21

      at ConnectionManager.onConnectionError (modules/core/src/client/connection-manager.ts:144:21)

    console.log
      connection error: Error: disconnected from server
          at EventEmitter.<anonymous> (/data/Workspace/helios/starwards/modules/core/src/client/driver.ts:53:58)
          at /data/Workspace/helios/starwards/node_modules/colyseus.js/src/core/signal.ts:15:48
          at Array.forEach (<anonymous>)
          at EventEmitter.invoke (/data/Workspace/helios/starwards/node_modules/colyseus.js/src/core/signal.ts:15:19)
          at Function.register.invoke (/data/Workspace/helios/starwards/node_modules/colyseus.js/src/core/signal.ts:57:81)
          at WebSocket.connection.events.onclose (/data/Workspace/helios/starwards/node_modules/colyseus.js/src/Room.ts:89:30)
          at callListener (/data/Workspace/helios/starwards/node_modules/colyseus.js/node_modules/ws/lib/event-target.js:290:14)
          at WebSocket.onClose (/data/Workspace/helios/starwards/node_modules/colyseus.js/node_modules/ws/lib/event-target.js:220:9)
          at WebSocket.emit (node:events:524:28)
          at WebSocket.emitClose (/data/Workspace/helios/starwards/node_modules/colyseus.js/node_modules/ws/lib/websocket.js:272:10)
          at Socket.socketOnClose (/data/Workspace/helios/starwards/node_modules/colyseus.js/node_modules/ws/lib/websocket.js:1341:15)
          at Socket.emit (node:events:524:28)
          at TCP.<anonymous> (node:net:343:12)

      at ConnectionManager.onConnectionError (modules/core/src/client/connection-manager.ts:144:21)
          at Array.forEach (<anonymous>)

    console.log
      connection error: TypeError: Cannot read properties of undefined (reading 'decoder')
          at wireEvents (/data/Workspace/helios/starwards/node_modules/colyseus-events/src/wire-events.ts:30:40)
          at /data/Workspace/helios/starwards/modules/core/src/client/admin.ts:20:5
          at processTicksAndRejections (node:internal/process/task_queues:95:5)
          at /data/Workspace/helios/starwards/modules/core/src/client/connection-manager.ts:131:21

      at ConnectionManager.onConnectionError (modules/core/src/client/connection-manager.ts:144:21)

    console.log
      connection error: Error: disconnected from server
          at EventEmitter.<anonymous> (/data/Workspace/helios/starwards/modules/core/src/client/driver.ts:53:58)
          at /data/Workspace/helios/starwards/node_modules/colyseus.js/src/core/signal.ts:15:48
          at Array.forEach (<anonymous>)
          at EventEmitter.invoke (/data/Workspace/helios/starwards/node_modules/colyseus.js/src/core/signal.ts:15:19)
          at Function.register.invoke (/data/Workspace/helios/starwards/node_modules/colyseus.js/src/core/signal.ts:57:81)
          at WebSocket.connection.events.onclose (/data/Workspace/helios/starwards/node_modules/colyseus.js/src/Room.ts:89:30)
          at callListener (/data/Workspace/helios/starwards/node_modules/colyseus.js/node_modules/ws/lib/event-target.js:290:14)
          at WebSocket.onClose (/data/Workspace/helios/starwards/node_modules/colyseus.js/node_modules/ws/lib/event-target.js:220:9)
          at WebSocket.emit (node:events:524:28)
          at WebSocket.emitClose (/data/Workspace/helios/starwards/node_modules/colyseus.js/node_modules/ws/lib/websocket.js:272:10)
          at Socket.socketOnClose (/data/Workspace/helios/starwards/node_modules/colyseus.js/node_modules/ws/lib/websocket.js:1341:15)
          at Socket.emit (node:events:524:28)
          at TCP.<anonymous> (node:net:343:12)

      at ConnectionManager.onConnectionError (modules/core/src/client/connection-manager.ts:144:21)
          at Array.forEach (<anonymous>)

    console.log
      connection error: TypeError: Cannot read properties of undefined (reading 'decoder')
          at wireEvents (/data/Workspace/helios/starwards/node_modules/colyseus-events/src/wire-events.ts:30:40)
          at /data/Workspace/helios/starwards/modules/core/src/client/admin.ts:20:5
          at processTicksAndRejections (node:internal/process/task_queues:95:5)
          at /data/Workspace/helios/starwards/modules/core/src/client/connection-manager.ts:131:21

      at ConnectionManager.onConnectionError (modules/core/src/client/connection-manager.ts:144:21)

    console.log
      connection error: Error: disconnected from server
          at EventEmitter.<anonymous> (/data/Workspace/helios/starwards/modules/core/src/client/driver.ts:53:58)
          at /data/Workspace/helios/starwards/node_modules/colyseus.js/src/core/signal.ts:15:48
          at Array.forEach (<anonymous>)
          at EventEmitter.invoke (/data/Workspace/helios/starwards/node_modules/colyseus.js/src/core/signal.ts:15:19)
          at Function.register.invoke (/data/Workspace/helios/starwards/node_modules/colyseus.js/src/core/signal.ts:57:81)
          at WebSocket.connection.events.onclose (/data/Workspace/helios/starwards/node_modules/colyseus.js/src/Room.ts:89:30)
          at callListener (/data/Workspace/helios/starwards/node_modules/colyseus.js/node_modules/ws/lib/event-target.js:290:14)
          at WebSocket.onClose (/data/Workspace/helios/starwards/node_modules/colyseus.js/node_modules/ws/lib/event-target.js:220:9)
          at WebSocket.emit (node:events:524:28)
          at WebSocket.emitClose (/data/Workspace/helios/starwards/node_modules/colyseus.js/node_modules/ws/lib/websocket.js:272:10)
          at Socket.socketOnClose (/data/Workspace/helios/starwards/node_modules/colyseus.js/node_modules/ws/lib/websocket.js:1341:15)
          at Socket.emit (node:events:524:28)
          at TCP.<anonymous> (node:net:343:12)

      at ConnectionManager.onConnectionError (modules/core/src/client/connection-manager.ts:144:21)
          at Array.forEach (<anonymous>)

    console.log
      connection error: TypeError: Cannot read properties of undefined (reading 'decoder')
          at wireEvents (/data/Workspace/helios/starwards/node_modules/colyseus-events/src/wire-events.ts:30:40)
          at /data/Workspace/helios/starwards/modules/core/src/client/admin.ts:20:5
          at processTicksAndRejections (node:internal/process/task_queues:95:5)
          at /data/Workspace/helios/starwards/modules/core/src/client/connection-manager.ts:131:21

      at ConnectionManager.onConnectionError (modules/core/src/client/connection-manager.ts:144:21)

    console.log
      connection error: Error: disconnected from server
          at EventEmitter.<anonymous> (/data/Workspace/helios/starwards/modules/core/src/client/driver.ts:53:58)
          at /data/Workspace/helios/starwards/node_modules/colyseus.js/src/core/signal.ts:15:48
          at Array.forEach (<anonymous>)
          at EventEmitter.invoke (/data/Workspace/helios/starwards/node_modules/colyseus.js/src/core/signal.ts:15:19)
          at Function.register.invoke (/data/Workspace/helios/starwards/node_modules/colyseus.js/src/core/signal.ts:57:81)
          at WebSocket.connection.events.onclose (/data/Workspace/helios/starwards/node_modules/colyseus.js/src/Room.ts:89:30)
          at callListener (/data/Workspace/helios/starwards/node_modules/colyseus.js/node_modules/ws/lib/event-target.js:290:14)
          at WebSocket.onClose (/data/Workspace/helios/starwards/node_modules/colyseus.js/node_modules/ws/lib/event-target.js:220:9)
          at WebSocket.emit (node:events:524:28)
          at WebSocket.emitClose (/data/Workspace/helios/starwards/node_modules/colyseus.js/node_modules/ws/lib/websocket.js:272:10)
          at Socket.socketOnClose (/data/Workspace/helios/starwards/node_modules/colyseus.js/node_modules/ws/lib/websocket.js:1341:15)
          at Socket.emit (node:events:524:28)
          at TCP.<anonymous> (node:net:343:12)

      at ConnectionManager.onConnectionError (modules/core/src/client/connection-manager.ts:144:21)
          at Array.forEach (<anonymous>)

    console.log
      connection error: TypeError: Cannot read properties of undefined (reading 'decoder')
          at wireEvents (/data/Workspace/helios/starwards/node_modules/colyseus-events/src/wire-events.ts:30:40)
          at /data/Workspace/helios/starwards/modules/core/src/client/admin.ts:20:5
          at processTicksAndRejections (node:internal/process/task_queues:95:5)
          at /data/Workspace/helios/starwards/modules/core/src/client/connection-manager.ts:131:21

      at ConnectionManager.onConnectionError (modules/core/src/client/connection-manager.ts:144:21)

    console.log
      connection error: Error: disconnected from server
          at EventEmitter.<anonymous> (/data/Workspace/helios/starwards/modules/core/src/client/driver.ts:53:58)
          at /data/Workspace/helios/starwards/node_modules/colyseus.js/src/core/signal.ts:15:48
          at Array.forEach (<anonymous>)
          at EventEmitter.invoke (/data/Workspace/helios/starwards/node_modules/colyseus.js/src/core/signal.ts:15:19)
          at Function.register.invoke (/data/Workspace/helios/starwards/node_modules/colyseus.js/src/core/signal.ts:57:81)
          at WebSocket.connection.events.onclose (/data/Workspace/helios/starwards/node_modules/colyseus.js/src/Room.ts:89:30)
          at callListener (/data/Workspace/helios/starwards/node_modules/colyseus.js/node_modules/ws/lib/event-target.js:290:14)
          at WebSocket.onClose (/data/Workspace/helios/starwards/node_modules/colyseus.js/node_modules/ws/lib/event-target.js:220:9)
          at WebSocket.emit (node:events:524:28)
          at WebSocket.emitClose (/data/Workspace/helios/starwards/node_modules/colyseus.js/node_modules/ws/lib/websocket.js:272:10)
          at Socket.socketOnClose (/data/Workspace/helios/starwards/node_modules/colyseus.js/node_modules/ws/lib/websocket.js:1341:15)
          at Socket.emit (node:events:524:28)
          at TCP.<anonymous> (node:net:343:12)

      at ConnectionManager.onConnectionError (modules/core/src/client/connection-manager.ts:144:21)
          at Array.forEach (<anonymous>)

    console.log
      connection error: TypeError: Cannot read properties of undefined (reading 'decoder')
          at wireEvents (/data/Workspace/helios/starwards/node_modules/colyseus-events/src/wire-events.ts:30:40)
          at /data/Workspace/helios/starwards/modules/core/src/client/admin.ts:20:5
          at processTicksAndRejections (node:internal/process/task_queues:95:5)
          at /data/Workspace/helios/starwards/modules/core/src/client/connection-manager.ts:131:21

      at ConnectionManager.onConnectionError (modules/core/src/client/connection-manager.ts:144:21)

    console.log
      connection error: Error: disconnected from server
          at EventEmitter.<anonymous> (/data/Workspace/helios/starwards/modules/core/src/client/driver.ts:53:58)
          at /data/Workspace/helios/starwards/node_modules/colyseus.js/src/core/signal.ts:15:48
          at Array.forEach (<anonymous>)
          at EventEmitter.invoke (/data/Workspace/helios/starwards/node_modules/colyseus.js/src/core/signal.ts:15:19)
          at Function.register.invoke (/data/Workspace/helios/starwards/node_modules/colyseus.js/src/core/signal.ts:57:81)
          at WebSocket.connection.events.onclose (/data/Workspace/helios/starwards/node_modules/colyseus.js/src/Room.ts:89:30)
          at callListener (/data/Workspace/helios/starwards/node_modules/colyseus.js/node_modules/ws/lib/event-target.js:290:14)
          at WebSocket.onClose (/data/Workspace/helios/starwards/node_modules/colyseus.js/node_modules/ws/lib/event-target.js:220:9)
          at WebSocket.emit (node:events:524:28)
          at WebSocket.emitClose (/data/Workspace/helios/starwards/node_modules/colyseus.js/node_modules/ws/lib/websocket.js:272:10)
          at Socket.socketOnClose (/data/Workspace/helios/starwards/node_modules/colyseus.js/node_modules/ws/lib/websocket.js:1341:15)
          at Socket.emit (node:events:524:28)
          at TCP.<anonymous> (node:net:343:12)

      at ConnectionManager.onConnectionError (modules/core/src/client/connection-manager.ts:144:21)
          at Array.forEach (<anonymous>)

    console.log
      connection error: TypeError: Cannot read properties of undefined (reading 'decoder')
          at wireEvents (/data/Workspace/helios/starwards/node_modules/colyseus-events/src/wire-events.ts:30:40)
          at /data/Workspace/helios/starwards/modules/core/src/client/admin.ts:20:5
          at processTicksAndRejections (node:internal/process/task_queues:95:5)
          at /data/Workspace/helios/starwards/modules/core/src/client/connection-manager.ts:131:21

      at ConnectionManager.onConnectionError (modules/core/src/client/connection-manager.ts:144:21)

    console.log
      connection error: Error: disconnected from server
          at EventEmitter.<anonymous> (/data/Workspace/helios/starwards/modules/core/src/client/driver.ts:53:58)
          at /data/Workspace/helios/starwards/node_modules/colyseus.js/src/core/signal.ts:15:48
          at Array.forEach (<anonymous>)
          at EventEmitter.invoke (/data/Workspace/helios/starwards/node_modules/colyseus.js/src/core/signal.ts:15:19)
          at Function.register.invoke (/data/Workspace/helios/starwards/node_modules/colyseus.js/src/core/signal.ts:57:81)
          at WebSocket.connection.events.onclose (/data/Workspace/helios/starwards/node_modules/colyseus.js/src/Room.ts:89:30)
          at callListener (/data/Workspace/helios/starwards/node_modules/colyseus.js/node_modules/ws/lib/event-target.js:290:14)
          at WebSocket.onClose (/data/Workspace/helios/starwards/node_modules/colyseus.js/node_modules/ws/lib/event-target.js:220:9)
          at WebSocket.emit (node:events:524:28)
          at WebSocket.emitClose (/data/Workspace/helios/starwards/node_modules/colyseus.js/node_modules/ws/lib/websocket.js:272:10)
          at Socket.socketOnClose (/data/Workspace/helios/starwards/node_modules/colyseus.js/node_modules/ws/lib/websocket.js:1341:15)
          at Socket.emit (node:events:524:28)
          at TCP.<anonymous> (node:net:343:12)

      at ConnectionManager.onConnectionError (modules/core/src/client/connection-manager.ts:144:21)
          at Array.forEach (<anonymous>)

    console.log
      connection error: TypeError: Cannot read properties of undefined (reading 'decoder')
          at wireEvents (/data/Workspace/helios/starwards/node_modules/colyseus-events/src/wire-events.ts:30:40)
          at /data/Workspace/helios/starwards/modules/core/src/client/admin.ts:20:5
          at processTicksAndRejections (node:internal/process/task_queues:95:5)
          at /data/Workspace/helios/starwards/modules/core/src/client/connection-manager.ts:131:21

      at ConnectionManager.onConnectionError (modules/core/src/client/connection-manager.ts:144:21)

    console.log
      connection error: Error: disconnected from server
          at EventEmitter.<anonymous> (/data/Workspace/helios/starwards/modules/core/src/client/driver.ts:53:58)
          at /data/Workspace/helios/starwards/node_modules/colyseus.js/src/core/signal.ts:15:48
          at Array.forEach (<anonymous>)
          at EventEmitter.invoke (/data/Workspace/helios/starwards/node_modules/colyseus.js/src/core/signal.ts:15:19)
          at Function.register.invoke (/data/Workspace/helios/starwards/node_modules/colyseus.js/src/core/signal.ts:57:81)
          at WebSocket.connection.events.onclose (/data/Workspace/helios/starwards/node_modules/colyseus.js/src/Room.ts:89:30)
          at callListener (/data/Workspace/helios/starwards/node_modules/colyseus.js/node_modules/ws/lib/event-target.js:290:14)
          at WebSocket.onClose (/data/Workspace/helios/starwards/node_modules/colyseus.js/node_modules/ws/lib/event-target.js:220:9)
          at WebSocket.emit (node:events:524:28)
          at WebSocket.emitClose (/data/Workspace/helios/starwards/node_modules/colyseus.js/node_modules/ws/lib/websocket.js:272:10)
          at Socket.socketOnClose (/data/Workspace/helios/starwards/node_modules/colyseus.js/node_modules/ws/lib/websocket.js:1341:15)
          at Socket.emit (node:events:524:28)
          at TCP.<anonymous> (node:net:343:12)

      at ConnectionManager.onConnectionError (modules/core/src/client/connection-manager.ts:144:21)
          at Array.forEach (<anonymous>)

    console.log
      connection error: TypeError: Cannot read properties of undefined (reading 'decoder')
          at wireEvents (/data/Workspace/helios/starwards/node_modules/colyseus-events/src/wire-events.ts:30:40)
          at /data/Workspace/helios/starwards/modules/core/src/client/admin.ts:20:5
          at processTicksAndRejections (node:internal/process/task_queues:95:5)
          at /data/Workspace/helios/starwards/modules/core/src/client/connection-manager.ts:131:21

      at ConnectionManager.onConnectionError (modules/core/src/client/connection-manager.ts:144:21)

    console.log
      connection error: Error: disconnected from server
          at EventEmitter.<anonymous> (/data/Workspace/helios/starwards/modules/core/src/client/driver.ts:53:58)
          at /data/Workspace/helios/starwards/node_modules/colyseus.js/src/core/signal.ts:15:48
          at Array.forEach (<anonymous>)
          at EventEmitter.invoke (/data/Workspace/helios/starwards/node_modules/colyseus.js/src/core/signal.ts:15:19)
          at Function.register.invoke (/data/Workspace/helios/starwards/node_modules/colyseus.js/src/core/signal.ts:57:81)
          at WebSocket.connection.events.onclose (/data/Workspace/helios/starwards/node_modules/colyseus.js/src/Room.ts:89:30)
          at callListener (/data/Workspace/helios/starwards/node_modules/colyseus.js/node_modules/ws/lib/event-target.js:290:14)
          at WebSocket.onClose (/data/Workspace/helios/starwards/node_modules/colyseus.js/node_modules/ws/lib/event-target.js:220:9)
          at WebSocket.emit (node:events:524:28)
          at WebSocket.emitClose (/data/Workspace/helios/starwards/node_modules/colyseus.js/node_modules/ws/lib/websocket.js:272:10)
          at Socket.socketOnClose (/data/Workspace/helios/starwards/node_modules/colyseus.js/node_modules/ws/lib/websocket.js:1341:15)
          at Socket.emit (node:events:524:28)
          at TCP.<anonymous> (node:net:343:12)

      at ConnectionManager.onConnectionError (modules/core/src/client/connection-manager.ts:144:21)
          at Array.forEach (<anonymous>)

    console.log
      connection error: TypeError: Cannot read properties of undefined (reading 'decoder')
          at wireEvents (/data/Workspace/helios/starwards/node_modules/colyseus-events/src/wire-events.ts:30:40)
          at /data/Workspace/helios/starwards/modules/core/src/client/admin.ts:20:5
          at processTicksAndRejections (node:internal/process/task_queues:95:5)
          at /data/Workspace/helios/starwards/modules/core/src/client/connection-manager.ts:131:21

      at ConnectionManager.onConnectionError (modules/core/src/client/connection-manager.ts:144:21)

    console.log
      connection error: Error: disconnected from server
          at EventEmitter.<anonymous> (/data/Workspace/helios/starwards/modules/core/src/client/driver.ts:53:58)
          at /data/Workspace/helios/starwards/node_modules/colyseus.js/src/core/signal.ts:15:48
          at Array.forEach (<anonymous>)
          at EventEmitter.invoke (/data/Workspace/helios/starwards/node_modules/colyseus.js/src/core/signal.ts:15:19)
          at Function.register.invoke (/data/Workspace/helios/starwards/node_modules/colyseus.js/src/core/signal.ts:57:81)
          at WebSocket.connection.events.onclose (/data/Workspace/helios/starwards/node_modules/colyseus.js/src/Room.ts:89:30)
          at callListener (/data/Workspace/helios/starwards/node_modules/colyseus.js/node_modules/ws/lib/event-target.js:290:14)
          at WebSocket.onClose (/data/Workspace/helios/starwards/node_modules/colyseus.js/node_modules/ws/lib/event-target.js:220:9)
          at WebSocket.emit (node:events:524:28)
          at WebSocket.emitClose (/data/Workspace/helios/starwards/node_modules/colyseus.js/node_modules/ws/lib/websocket.js:272:10)
          at Socket.socketOnClose (/data/Workspace/helios/starwards/node_modules/colyseus.js/node_modules/ws/lib/websocket.js:1341:15)
          at Socket.emit (node:events:524:28)
          at TCP.<anonymous> (node:net:343:12)

      at ConnectionManager.onConnectionError (modules/core/src/client/connection-manager.ts:144:21)
          at Array.forEach (<anonymous>)

    console.log
      connection error: TypeError: Cannot read properties of undefined (reading 'decoder')
          at wireEvents (/data/Workspace/helios/starwards/node_modules/colyseus-events/src/wire-events.ts:30:40)
          at /data/Workspace/helios/starwards/modules/core/src/client/admin.ts:20:5
          at processTicksAndRejections (node:internal/process/task_queues:95:5)
          at /data/Workspace/helios/starwards/modules/core/src/client/connection-manager.ts:131:21

      at ConnectionManager.onConnectionError (modules/core/src/client/connection-manager.ts:144:21)

    console.log
      connection error: Error: disconnected from server
          at EventEmitter.<anonymous> (/data/Workspace/helios/starwards/modules/core/src/client/driver.ts:53:58)
          at /data/Workspace/helios/starwards/node_modules/colyseus.js/src/core/signal.ts:15:48
          at Array.forEach (<anonymous>)
          at EventEmitter.invoke (/data/Workspace/helios/starwards/node_modules/colyseus.js/src/core/signal.ts:15:19)
          at Function.register.invoke (/data/Workspace/helios/starwards/node_modules/colyseus.js/src/core/signal.ts:57:81)
          at WebSocket.connection.events.onclose (/data/Workspace/helios/starwards/node_modules/colyseus.js/src/Room.ts:89:30)
          at callListener (/data/Workspace/helios/starwards/node_modules/colyseus.js/node_modules/ws/lib/event-target.js:290:14)
          at WebSocket.onClose (/data/Workspace/helios/starwards/node_modules/colyseus.js/node_modules/ws/lib/event-target.js:220:9)
          at WebSocket.emit (node:events:524:28)
          at WebSocket.emitClose (/data/Workspace/helios/starwards/node_modules/colyseus.js/node_modules/ws/lib/websocket.js:272:10)
          at Socket.socketOnClose (/data/Workspace/helios/starwards/node_modules/colyseus.js/node_modules/ws/lib/websocket.js:1341:15)
          at Socket.emit (node:events:524:28)
          at TCP.<anonymous> (node:net:343:12)

      at ConnectionManager.onConnectionError (modules/core/src/client/connection-manager.ts:144:21)
          at Array.forEach (<anonymous>)

    console.log
      connection error: TypeError: Cannot read properties of undefined (reading 'decoder')
          at wireEvents (/data/Workspace/helios/starwards/node_modules/colyseus-events/src/wire-events.ts:30:40)
          at /data/Workspace/helios/starwards/modules/core/src/client/admin.ts:20:5
          at processTicksAndRejections (node:internal/process/task_queues:95:5)
          at /data/Workspace/helios/starwards/modules/core/src/client/connection-manager.ts:131:21

      at ConnectionManager.onConnectionError (modules/core/src/client/connection-manager.ts:144:21)

    console.log
      connection error: Error: disconnected from server
          at EventEmitter.<anonymous> (/data/Workspace/helios/starwards/modules/core/src/client/driver.ts:53:58)
          at /data/Workspace/helios/starwards/node_modules/colyseus.js/src/core/signal.ts:15:48
          at Array.forEach (<anonymous>)
          at EventEmitter.invoke (/data/Workspace/helios/starwards/node_modules/colyseus.js/src/core/signal.ts:15:19)
          at Function.register.invoke (/data/Workspace/helios/starwards/node_modules/colyseus.js/src/core/signal.ts:57:81)
          at WebSocket.connection.events.onclose (/data/Workspace/helios/starwards/node_modules/colyseus.js/src/Room.ts:89:30)
          at callListener (/data/Workspace/helios/starwards/node_modules/colyseus.js/node_modules/ws/lib/event-target.js:290:14)
          at WebSocket.onClose (/data/Workspace/helios/starwards/node_modules/colyseus.js/node_modules/ws/lib/event-target.js:220:9)
          at WebSocket.emit (node:events:524:28)
          at WebSocket.emitClose (/data/Workspace/helios/starwards/node_modules/colyseus.js/node_modules/ws/lib/websocket.js:272:10)
          at Socket.socketOnClose (/data/Workspace/helios/starwards/node_modules/colyseus.js/node_modules/ws/lib/websocket.js:1341:15)
          at Socket.emit (node:events:524:28)
          at TCP.<anonymous> (node:net:343:12)

      at ConnectionManager.onConnectionError (modules/core/src/client/connection-manager.ts:144:21)
          at Array.forEach (<anonymous>)

    console.log
      connection error: TypeError: Cannot read properties of undefined (reading 'decoder')
          at wireEvents (/data/Workspace/helios/starwards/node_modules/colyseus-events/src/wire-events.ts:30:40)
          at /data/Workspace/helios/starwards/modules/core/src/client/admin.ts:20:5
          at processTicksAndRejections (node:internal/process/task_queues:95:5)
          at /data/Workspace/helios/starwards/modules/core/src/client/connection-manager.ts:131:21

      at ConnectionManager.onConnectionError (modules/core/src/client/connection-manager.ts:144:21)

    console.log
      connection error: Error: disconnected from server
          at EventEmitter.<anonymous> (/data/Workspace/helios/starwards/modules/core/src/client/driver.ts:53:58)
          at /data/Workspace/helios/starwards/node_modules/colyseus.js/src/core/signal.ts:15:48
          at Array.forEach (<anonymous>)
          at EventEmitter.invoke (/data/Workspace/helios/starwards/node_modules/colyseus.js/src/core/signal.ts:15:19)
          at Function.register.invoke (/data/Workspace/helios/starwards/node_modules/colyseus.js/src/core/signal.ts:57:81)
          at WebSocket.connection.events.onclose (/data/Workspace/helios/starwards/node_modules/colyseus.js/src/Room.ts:89:30)
          at callListener (/data/Workspace/helios/starwards/node_modules/colyseus.js/node_modules/ws/lib/event-target.js:290:14)
          at WebSocket.onClose (/data/Workspace/helios/starwards/node_modules/colyseus.js/node_modules/ws/lib/event-target.js:220:9)
          at WebSocket.emit (node:events:524:28)
          at WebSocket.emitClose (/data/Workspace/helios/starwards/node_modules/colyseus.js/node_modules/ws/lib/websocket.js:272:10)
          at Socket.socketOnClose (/data/Workspace/helios/starwards/node_modules/colyseus.js/node_modules/ws/lib/websocket.js:1341:15)
          at Socket.emit (node:events:524:28)
          at TCP.<anonymous> (node:net:343:12)

      at ConnectionManager.onConnectionError (modules/core/src/client/connection-manager.ts:144:21)
          at Array.forEach (<anonymous>)

    console.log
      connection error: TypeError: Cannot read properties of undefined (reading 'decoder')
          at wireEvents (/data/Workspace/helios/starwards/node_modules/colyseus-events/src/wire-events.ts:30:40)
          at /data/Workspace/helios/starwards/modules/core/src/client/admin.ts:20:5
          at processTicksAndRejections (node:internal/process/task_queues:95:5)
          at /data/Workspace/helios/starwards/modules/core/src/client/connection-manager.ts:131:21

      at ConnectionManager.onConnectionError (modules/core/src/client/connection-manager.ts:144:21)

    console.log
      connection error: Error: disconnected from server
          at EventEmitter.<anonymous> (/data/Workspace/helios/starwards/modules/core/src/client/driver.ts:53:58)
          at /data/Workspace/helios/starwards/node_modules/colyseus.js/src/core/signal.ts:15:48
          at Array.forEach (<anonymous>)
          at EventEmitter.invoke (/data/Workspace/helios/starwards/node_modules/colyseus.js/src/core/signal.ts:15:19)
          at Function.register.invoke (/data/Workspace/helios/starwards/node_modules/colyseus.js/src/core/signal.ts:57:81)
          at WebSocket.connection.events.onclose (/data/Workspace/helios/starwards/node_modules/colyseus.js/src/Room.ts:89:30)
          at callListener (/data/Workspace/helios/starwards/node_modules/colyseus.js/node_modules/ws/lib/event-target.js:290:14)
          at WebSocket.onClose (/data/Workspace/helios/starwards/node_modules/colyseus.js/node_modules/ws/lib/event-target.js:220:9)
          at WebSocket.emit (node:events:524:28)
          at WebSocket.emitClose (/data/Workspace/helios/starwards/node_modules/colyseus.js/node_modules/ws/lib/websocket.js:272:10)
          at Socket.socketOnClose (/data/Workspace/helios/starwards/node_modules/colyseus.js/node_modules/ws/lib/websocket.js:1341:15)
          at Socket.emit (node:events:524:28)
          at TCP.<anonymous> (node:net:343:12)

      at ConnectionManager.onConnectionError (modules/core/src/client/connection-manager.ts:144:21)
          at Array.forEach (<anonymous>)

    console.log
      connection error: TypeError: Cannot read properties of undefined (reading 'decoder')
          at wireEvents (/data/Workspace/helios/starwards/node_modules/colyseus-events/src/wire-events.ts:30:40)
          at /data/Workspace/helios/starwards/modules/core/src/client/admin.ts:20:5
          at processTicksAndRejections (node:internal/process/task_queues:95:5)
          at /data/Workspace/helios/starwards/modules/core/src/client/connection-manager.ts:131:21

      at ConnectionManager.onConnectionError (modules/core/src/client/connection-manager.ts:144:21)

    console.log
      connection error: Error: disconnected from server
          at EventEmitter.<anonymous> (/data/Workspace/helios/starwards/modules/core/src/client/driver.ts:53:58)
          at /data/Workspace/helios/starwards/node_modules/colyseus.js/src/core/signal.ts:15:48
          at Array.forEach (<anonymous>)
          at EventEmitter.invoke (/data/Workspace/helios/starwards/node_modules/colyseus.js/src/core/signal.ts:15:19)
          at Function.register.invoke (/data/Workspace/helios/starwards/node_modules/colyseus.js/src/core/signal.ts:57:81)
          at WebSocket.connection.events.onclose (/data/Workspace/helios/starwards/node_modules/colyseus.js/src/Room.ts:89:30)
          at callListener (/data/Workspace/helios/starwards/node_modules/colyseus.js/node_modules/ws/lib/event-target.js:290:14)
          at WebSocket.onClose (/data/Workspace/helios/starwards/node_modules/colyseus.js/node_modules/ws/lib/event-target.js:220:9)
          at WebSocket.emit (node:events:524:28)
          at WebSocket.emitClose (/data/Workspace/helios/starwards/node_modules/colyseus.js/node_modules/ws/lib/websocket.js:272:10)
          at Socket.socketOnClose (/data/Workspace/helios/starwards/node_modules/colyseus.js/node_modules/ws/lib/websocket.js:1341:15)
          at Socket.emit (node:events:524:28)
          at TCP.<anonymous> (node:net:343:12)

      at ConnectionManager.onConnectionError (modules/core/src/client/connection-manager.ts:144:21)
          at Array.forEach (<anonymous>)

    console.log
      connection error: TypeError: Cannot read properties of undefined (reading 'decoder')
          at wireEvents (/data/Workspace/helios/starwards/node_modules/colyseus-events/src/wire-events.ts:30:40)
          at /data/Workspace/helios/starwards/modules/core/src/client/admin.ts:20:5
          at processTicksAndRejections (node:internal/process/task_queues:95:5)
          at /data/Workspace/helios/starwards/modules/core/src/client/connection-manager.ts:131:21

      at ConnectionManager.onConnectionError (modules/core/src/client/connection-manager.ts:144:21)

    console.log
      connection error: Error: disconnected from server
          at EventEmitter.<anonymous> (/data/Workspace/helios/starwards/modules/core/src/client/driver.ts:53:58)
          at /data/Workspace/helios/starwards/node_modules/colyseus.js/src/core/signal.ts:15:48
          at Array.forEach (<anonymous>)
          at EventEmitter.invoke (/data/Workspace/helios/starwards/node_modules/colyseus.js/src/core/signal.ts:15:19)
          at Function.register.invoke (/data/Workspace/helios/starwards/node_modules/colyseus.js/src/core/signal.ts:57:81)
          at WebSocket.connection.events.onclose (/data/Workspace/helios/starwards/node_modules/colyseus.js/src/Room.ts:89:30)
          at callListener (/data/Workspace/helios/starwards/node_modules/colyseus.js/node_modules/ws/lib/event-target.js:290:14)
          at WebSocket.onClose (/data/Workspace/helios/starwards/node_modules/colyseus.js/node_modules/ws/lib/event-target.js:220:9)
          at WebSocket.emit (node:events:524:28)
          at WebSocket.emitClose (/data/Workspace/helios/starwards/node_modules/colyseus.js/node_modules/ws/lib/websocket.js:272:10)
          at Socket.socketOnClose (/data/Workspace/helios/starwards/node_modules/colyseus.js/node_modules/ws/lib/websocket.js:1341:15)
          at Socket.emit (node:events:524:28)
          at TCP.<anonymous> (node:net:343:12)

      at ConnectionManager.onConnectionError (modules/core/src/client/connection-manager.ts:144:21)
          at Array.forEach (<anonymous>)

    console.log
      connection error: TypeError: Cannot read properties of undefined (reading 'decoder')
          at wireEvents (/data/Workspace/helios/starwards/node_modules/colyseus-events/src/wire-events.ts:30:40)
          at /data/Workspace/helios/starwards/modules/core/src/client/admin.ts:20:5
          at processTicksAndRejections (node:internal/process/task_queues:95:5)
          at /data/Workspace/helios/starwards/modules/core/src/client/connection-manager.ts:131:21

      at ConnectionManager.onConnectionError (modules/core/src/client/connection-manager.ts:144:21)

    console.log
      connection error: Error: disconnected from server
          at EventEmitter.<anonymous> (/data/Workspace/helios/starwards/modules/core/src/client/driver.ts:53:58)
          at /data/Workspace/helios/starwards/node_modules/colyseus.js/src/core/signal.ts:15:48
          at Array.forEach (<anonymous>)
          at EventEmitter.invoke (/data/Workspace/helios/starwards/node_modules/colyseus.js/src/core/signal.ts:15:19)
          at Function.register.invoke (/data/Workspace/helios/starwards/node_modules/colyseus.js/src/core/signal.ts:57:81)
          at WebSocket.connection.events.onclose (/data/Workspace/helios/starwards/node_modules/colyseus.js/src/Room.ts:89:30)
          at callListener (/data/Workspace/helios/starwards/node_modules/colyseus.js/node_modules/ws/lib/event-target.js:290:14)
          at WebSocket.onClose (/data/Workspace/helios/starwards/node_modules/colyseus.js/node_modules/ws/lib/event-target.js:220:9)
          at WebSocket.emit (node:events:524:28)
          at WebSocket.emitClose (/data/Workspace/helios/starwards/node_modules/colyseus.js/node_modules/ws/lib/websocket.js:272:10)
          at Socket.socketOnClose (/data/Workspace/helios/starwards/node_modules/colyseus.js/node_modules/ws/lib/websocket.js:1341:15)
          at Socket.emit (node:events:524:28)
          at TCP.<anonymous> (node:net:343:12)

      at ConnectionManager.onConnectionError (modules/core/src/client/connection-manager.ts:144:21)
          at Array.forEach (<anonymous>)

    console.log
      connection error: TypeError: Cannot read properties of undefined (reading 'decoder')
          at wireEvents (/data/Workspace/helios/starwards/node_modules/colyseus-events/src/wire-events.ts:30:40)
          at /data/Workspace/helios/starwards/modules/core/src/client/admin.ts:20:5
          at processTicksAndRejections (node:internal/process/task_queues:95:5)
          at /data/Workspace/helios/starwards/modules/core/src/client/connection-manager.ts:131:21

      at ConnectionManager.onConnectionError (modules/core/src/client/connection-manager.ts:144:21)

    console.log
      connection error: Error: disconnected from server
          at EventEmitter.<anonymous> (/data/Workspace/helios/starwards/modules/core/src/client/driver.ts:53:58)
          at /data/Workspace/helios/starwards/node_modules/colyseus.js/src/core/signal.ts:15:48
          at Array.forEach (<anonymous>)
          at EventEmitter.invoke (/data/Workspace/helios/starwards/node_modules/colyseus.js/src/core/signal.ts:15:19)
          at Function.register.invoke (/data/Workspace/helios/starwards/node_modules/colyseus.js/src/core/signal.ts:57:81)
          at WebSocket.connection.events.onclose (/data/Workspace/helios/starwards/node_modules/colyseus.js/src/Room.ts:89:30)
          at callListener (/data/Workspace/helios/starwards/node_modules/colyseus.js/node_modules/ws/lib/event-target.js:290:14)
          at WebSocket.onClose (/data/Workspace/helios/starwards/node_modules/colyseus.js/node_modules/ws/lib/event-target.js:220:9)
          at WebSocket.emit (node:events:524:28)
          at WebSocket.emitClose (/data/Workspace/helios/starwards/node_modules/colyseus.js/node_modules/ws/lib/websocket.js:272:10)
          at Socket.socketOnClose (/data/Workspace/helios/starwards/node_modules/colyseus.js/node_modules/ws/lib/websocket.js:1341:15)
          at Socket.emit (node:events:524:28)
          at TCP.<anonymous> (node:net:343:12)

      at ConnectionManager.onConnectionError (modules/core/src/client/connection-manager.ts:144:21)
          at Array.forEach (<anonymous>)

    console.log
      connection error: TypeError: Cannot read properties of undefined (reading 'decoder')
          at wireEvents (/data/Workspace/helios/starwards/node_modules/colyseus-events/src/wire-events.ts:30:40)
          at /data/Workspace/helios/starwards/modules/core/src/client/admin.ts:20:5
          at processTicksAndRejections (node:internal/process/task_queues:95:5)
          at /data/Workspace/helios/starwards/modules/core/src/client/connection-manager.ts:131:21

      at ConnectionManager.onConnectionError (modules/core/src/client/connection-manager.ts:144:21)

    console.log
      connection error: Error: disconnected from server
          at EventEmitter.<anonymous> (/data/Workspace/helios/starwards/modules/core/src/client/driver.ts:53:58)
          at /data/Workspace/helios/starwards/node_modules/colyseus.js/src/core/signal.ts:15:48
          at Array.forEach (<anonymous>)
          at EventEmitter.invoke (/data/Workspace/helios/starwards/node_modules/colyseus.js/src/core/signal.ts:15:19)
          at Function.register.invoke (/data/Workspace/helios/starwards/node_modules/colyseus.js/src/core/signal.ts:57:81)
          at WebSocket.connection.events.onclose (/data/Workspace/helios/starwards/node_modules/colyseus.js/src/Room.ts:89:30)
          at callListener (/data/Workspace/helios/starwards/node_modules/colyseus.js/node_modules/ws/lib/event-target.js:290:14)
          at WebSocket.onClose (/data/Workspace/helios/starwards/node_modules/colyseus.js/node_modules/ws/lib/event-target.js:220:9)
          at WebSocket.emit (node:events:524:28)
          at WebSocket.emitClose (/data/Workspace/helios/starwards/node_modules/colyseus.js/node_modules/ws/lib/websocket.js:272:10)
          at Socket.socketOnClose (/data/Workspace/helios/starwards/node_modules/colyseus.js/node_modules/ws/lib/websocket.js:1341:15)
          at Socket.emit (node:events:524:28)
          at TCP.<anonymous> (node:net:343:12)

      at ConnectionManager.onConnectionError (modules/core/src/client/connection-manager.ts:144:21)
          at Array.forEach (<anonymous>)

    console.log
      connection error: TypeError: Cannot read properties of undefined (reading 'decoder')
          at wireEvents (/data/Workspace/helios/starwards/node_modules/colyseus-events/src/wire-events.ts:30:40)
          at /data/Workspace/helios/starwards/modules/core/src/client/admin.ts:20:5
          at processTicksAndRejections (node:internal/process/task_queues:95:5)
          at /data/Workspace/helios/starwards/modules/core/src/client/connection-manager.ts:131:21

      at ConnectionManager.onConnectionError (modules/core/src/client/connection-manager.ts:144:21)

    console.log
      connection error: Error: disconnected from server
          at EventEmitter.<anonymous> (/data/Workspace/helios/starwards/modules/core/src/client/driver.ts:53:58)
          at /data/Workspace/helios/starwards/node_modules/colyseus.js/src/core/signal.ts:15:48
          at Array.forEach (<anonymous>)
          at EventEmitter.invoke (/data/Workspace/helios/starwards/node_modules/colyseus.js/src/core/signal.ts:15:19)
          at Function.register.invoke (/data/Workspace/helios/starwards/node_modules/colyseus.js/src/core/signal.ts:57:81)
          at WebSocket.connection.events.onclose (/data/Workspace/helios/starwards/node_modules/colyseus.js/src/Room.ts:89:30)
          at callListener (/data/Workspace/helios/starwards/node_modules/colyseus.js/node_modules/ws/lib/event-target.js:290:14)
          at WebSocket.onClose (/data/Workspace/helios/starwards/node_modules/colyseus.js/node_modules/ws/lib/event-target.js:220:9)
          at WebSocket.emit (node:events:524:28)
          at WebSocket.emitClose (/data/Workspace/helios/starwards/node_modules/colyseus.js/node_modules/ws/lib/websocket.js:272:10)
          at Socket.socketOnClose (/data/Workspace/helios/starwards/node_modules/colyseus.js/node_modules/ws/lib/websocket.js:1341:15)
          at Socket.emit (node:events:524:28)
          at TCP.<anonymous> (node:net:343:12)

      at ConnectionManager.onConnectionError (modules/core/src/client/connection-manager.ts:144:21)
          at Array.forEach (<anonymous>)

    console.log
      connection error: TypeError: Cannot read properties of undefined (reading 'decoder')
          at wireEvents (/data/Workspace/helios/starwards/node_modules/colyseus-events/src/wire-events.ts:30:40)
          at /data/Workspace/helios/starwards/modules/core/src/client/admin.ts:20:5
          at processTicksAndRejections (node:internal/process/task_queues:95:5)
          at /data/Workspace/helios/starwards/modules/core/src/client/connection-manager.ts:131:21

      at ConnectionManager.onConnectionError (modules/core/src/client/connection-manager.ts:144:21)

    console.log
      connection error: Error: disconnected from server
          at EventEmitter.<anonymous> (/data/Workspace/helios/starwards/modules/core/src/client/driver.ts:53:58)
          at /data/Workspace/helios/starwards/node_modules/colyseus.js/src/core/signal.ts:15:48
          at Array.forEach (<anonymous>)
          at EventEmitter.invoke (/data/Workspace/helios/starwards/node_modules/colyseus.js/src/core/signal.ts:15:19)
          at Function.register.invoke (/data/Workspace/helios/starwards/node_modules/colyseus.js/src/core/signal.ts:57:81)
          at WebSocket.connection.events.onclose (/data/Workspace/helios/starwards/node_modules/colyseus.js/src/Room.ts:89:30)
          at callListener (/data/Workspace/helios/starwards/node_modules/colyseus.js/node_modules/ws/lib/event-target.js:290:14)
          at WebSocket.onClose (/data/Workspace/helios/starwards/node_modules/colyseus.js/node_modules/ws/lib/event-target.js:220:9)
          at WebSocket.emit (node:events:524:28)
          at WebSocket.emitClose (/data/Workspace/helios/starwards/node_modules/colyseus.js/node_modules/ws/lib/websocket.js:272:10)
          at Socket.socketOnClose (/data/Workspace/helios/starwards/node_modules/colyseus.js/node_modules/ws/lib/websocket.js:1341:15)
          at Socket.emit (node:events:524:28)
          at TCP.<anonymous> (node:net:343:12)

      at ConnectionManager.onConnectionError (modules/core/src/client/connection-manager.ts:144:21)
          at Array.forEach (<anonymous>)

    console.log
      connection error: TypeError: Cannot read properties of undefined (reading 'decoder')
          at wireEvents (/data/Workspace/helios/starwards/node_modules/colyseus-events/src/wire-events.ts:30:40)
          at /data/Workspace/helios/starwards/modules/core/src/client/admin.ts:20:5
          at processTicksAndRejections (node:internal/process/task_queues:95:5)
          at /data/Workspace/helios/starwards/modules/core/src/client/connection-manager.ts:131:21

      at ConnectionManager.onConnectionError (modules/core/src/client/connection-manager.ts:144:21)

    console.log
      connection error: Error: disconnected from server
          at EventEmitter.<anonymous> (/data/Workspace/helios/starwards/modules/core/src/client/driver.ts:53:58)
          at /data/Workspace/helios/starwards/node_modules/colyseus.js/src/core/signal.ts:15:48
          at Array.forEach (<anonymous>)
          at EventEmitter.invoke (/data/Workspace/helios/starwards/node_modules/colyseus.js/src/core/signal.ts:15:19)
          at Function.register.invoke (/data/Workspace/helios/starwards/node_modules/colyseus.js/src/core/signal.ts:57:81)
          at WebSocket.connection.events.onclose (/data/Workspace/helios/starwards/node_modules/colyseus.js/src/Room.ts:89:30)
          at callListener (/data/Workspace/helios/starwards/node_modules/colyseus.js/node_modules/ws/lib/event-target.js:290:14)
          at WebSocket.onClose (/data/Workspace/helios/starwards/node_modules/colyseus.js/node_modules/ws/lib/event-target.js:220:9)
          at WebSocket.emit (node:events:524:28)
          at WebSocket.emitClose (/data/Workspace/helios/starwards/node_modules/colyseus.js/node_modules/ws/lib/websocket.js:272:10)
          at Socket.socketOnClose (/data/Workspace/helios/starwards/node_modules/colyseus.js/node_modules/ws/lib/websocket.js:1341:15)
          at Socket.emit (node:events:524:28)
          at TCP.<anonymous> (node:net:343:12)

      at ConnectionManager.onConnectionError (modules/core/src/client/connection-manager.ts:144:21)
          at Array.forEach (<anonymous>)

    console.log
      connection error: TypeError: Cannot read properties of undefined (reading 'decoder')
          at wireEvents (/data/Workspace/helios/starwards/node_modules/colyseus-events/src/wire-events.ts:30:40)
          at /data/Workspace/helios/starwards/modules/core/src/client/admin.ts:20:5
          at processTicksAndRejections (node:internal/process/task_queues:95:5)
          at /data/Workspace/helios/starwards/modules/core/src/client/connection-manager.ts:131:21

      at ConnectionManager.onConnectionError (modules/core/src/client/connection-manager.ts:144:21)

    console.log
      connection error: Error: disconnected from server
          at EventEmitter.<anonymous> (/data/Workspace/helios/starwards/modules/core/src/client/driver.ts:53:58)
          at /data/Workspace/helios/starwards/node_modules/colyseus.js/src/core/signal.ts:15:48
          at Array.forEach (<anonymous>)
          at EventEmitter.invoke (/data/Workspace/helios/starwards/node_modules/colyseus.js/src/core/signal.ts:15:19)
          at Function.register.invoke (/data/Workspace/helios/starwards/node_modules/colyseus.js/src/core/signal.ts:57:81)
          at WebSocket.connection.events.onclose (/data/Workspace/helios/starwards/node_modules/colyseus.js/src/Room.ts:89:30)
          at callListener (/data/Workspace/helios/starwards/node_modules/colyseus.js/node_modules/ws/lib/event-target.js:290:14)
          at WebSocket.onClose (/data/Workspace/helios/starwards/node_modules/colyseus.js/node_modules/ws/lib/event-target.js:220:9)
          at WebSocket.emit (node:events:524:28)
          at WebSocket.emitClose (/data/Workspace/helios/starwards/node_modules/colyseus.js/node_modules/ws/lib/websocket.js:272:10)
          at Socket.socketOnClose (/data/Workspace/helios/starwards/node_modules/colyseus.js/node_modules/ws/lib/websocket.js:1341:15)
          at Socket.emit (node:events:524:28)
          at TCP.<anonymous> (node:net:343:12)

      at ConnectionManager.onConnectionError (modules/core/src/client/connection-manager.ts:144:21)
          at Array.forEach (<anonymous>)

    console.log
      connection error: TypeError: Cannot read properties of undefined (reading 'decoder')
          at wireEvents (/data/Workspace/helios/starwards/node_modules/colyseus-events/src/wire-events.ts:30:40)
          at /data/Workspace/helios/starwards/modules/core/src/client/admin.ts:20:5
          at processTicksAndRejections (node:internal/process/task_queues:95:5)
          at /data/Workspace/helios/starwards/modules/core/src/client/connection-manager.ts:131:21

      at ConnectionManager.onConnectionError (modules/core/src/client/connection-manager.ts:144:21)

    console.log
      connection error: Error: disconnected from server
          at EventEmitter.<anonymous> (/data/Workspace/helios/starwards/modules/core/src/client/driver.ts:53:58)
          at /data/Workspace/helios/starwards/node_modules/colyseus.js/src/core/signal.ts:15:48
          at Array.forEach (<anonymous>)
          at EventEmitter.invoke (/data/Workspace/helios/starwards/node_modules/colyseus.js/src/core/signal.ts:15:19)
          at Function.register.invoke (/data/Workspace/helios/starwards/node_modules/colyseus.js/src/core/signal.ts:57:81)
          at WebSocket.connection.events.onclose (/data/Workspace/helios/starwards/node_modules/colyseus.js/src/Room.ts:89:30)
          at callListener (/data/Workspace/helios/starwards/node_modules/colyseus.js/node_modules/ws/lib/event-target.js:290:14)
          at WebSocket.onClose (/data/Workspace/helios/starwards/node_modules/colyseus.js/node_modules/ws/lib/event-target.js:220:9)
          at WebSocket.emit (node:events:524:28)
          at WebSocket.emitClose (/data/Workspace/helios/starwards/node_modules/colyseus.js/node_modules/ws/lib/websocket.js:272:10)
          at Socket.socketOnClose (/data/Workspace/helios/starwards/node_modules/colyseus.js/node_modules/ws/lib/websocket.js:1341:15)
          at Socket.emit (node:events:524:28)
          at TCP.<anonymous> (node:net:343:12)

      at ConnectionManager.onConnectionError (modules/core/src/client/connection-manager.ts:144:21)
          at Array.forEach (<anonymous>)

    console.log
      connection error: TypeError: Cannot read properties of undefined (reading 'decoder')
          at wireEvents (/data/Workspace/helios/starwards/node_modules/colyseus-events/src/wire-events.ts:30:40)
          at /data/Workspace/helios/starwards/modules/core/src/client/admin.ts:20:5
          at processTicksAndRejections (node:internal/process/task_queues:95:5)
          at /data/Workspace/helios/starwards/modules/core/src/client/connection-manager.ts:131:21

      at ConnectionManager.onConnectionError (modules/core/src/client/connection-manager.ts:144:21)

    console.log
      connection error: Error: disconnected from server
          at EventEmitter.<anonymous> (/data/Workspace/helios/starwards/modules/core/src/client/driver.ts:53:58)
          at /data/Workspace/helios/starwards/node_modules/colyseus.js/src/core/signal.ts:15:48
          at Array.forEach (<anonymous>)
          at EventEmitter.invoke (/data/Workspace/helios/starwards/node_modules/colyseus.js/src/core/signal.ts:15:19)
          at Function.register.invoke (/data/Workspace/helios/starwards/node_modules/colyseus.js/src/core/signal.ts:57:81)
          at WebSocket.connection.events.onclose (/data/Workspace/helios/starwards/node_modules/colyseus.js/src/Room.ts:89:30)
          at callListener (/data/Workspace/helios/starwards/node_modules/colyseus.js/node_modules/ws/lib/event-target.js:290:14)
          at WebSocket.onClose (/data/Workspace/helios/starwards/node_modules/colyseus.js/node_modules/ws/lib/event-target.js:220:9)
          at WebSocket.emit (node:events:524:28)
          at WebSocket.emitClose (/data/Workspace/helios/starwards/node_modules/colyseus.js/node_modules/ws/lib/websocket.js:272:10)
          at Socket.socketOnClose (/data/Workspace/helios/starwards/node_modules/colyseus.js/node_modules/ws/lib/websocket.js:1341:15)
          at Socket.emit (node:events:524:28)
          at TCP.<anonymous> (node:net:343:12)

      at ConnectionManager.onConnectionError (modules/core/src/client/connection-manager.ts:144:21)
          at Array.forEach (<anonymous>)

    console.log
      connection error: TypeError: Cannot read properties of undefined (reading 'decoder')
          at wireEvents (/data/Workspace/helios/starwards/node_modules/colyseus-events/src/wire-events.ts:30:40)
          at /data/Workspace/helios/starwards/modules/core/src/client/admin.ts:20:5
          at processTicksAndRejections (node:internal/process/task_queues:95:5)
          at /data/Workspace/helios/starwards/modules/core/src/client/connection-manager.ts:131:21

      at ConnectionManager.onConnectionError (modules/core/src/client/connection-manager.ts:144:21)

    console.log
      connection error: Error: disconnected from server
          at EventEmitter.<anonymous> (/data/Workspace/helios/starwards/modules/core/src/client/driver.ts:53:58)
          at /data/Workspace/helios/starwards/node_modules/colyseus.js/src/core/signal.ts:15:48
          at Array.forEach (<anonymous>)
          at EventEmitter.invoke (/data/Workspace/helios/starwards/node_modules/colyseus.js/src/core/signal.ts:15:19)
          at Function.register.invoke (/data/Workspace/helios/starwards/node_modules/colyseus.js/src/core/signal.ts:57:81)
          at WebSocket.connection.events.onclose (/data/Workspace/helios/starwards/node_modules/colyseus.js/src/Room.ts:89:30)
          at callListener (/data/Workspace/helios/starwards/node_modules/colyseus.js/node_modules/ws/lib/event-target.js:290:14)
          at WebSocket.onClose (/data/Workspace/helios/starwards/node_modules/colyseus.js/node_modules/ws/lib/event-target.js:220:9)
          at WebSocket.emit (node:events:524:28)
          at WebSocket.emitClose (/data/Workspace/helios/starwards/node_modules/colyseus.js/node_modules/ws/lib/websocket.js:272:10)
          at Socket.socketOnClose (/data/Workspace/helios/starwards/node_modules/colyseus.js/node_modules/ws/lib/websocket.js:1341:15)
          at Socket.emit (node:events:524:28)
          at TCP.<anonymous> (node:net:343:12)

      at ConnectionManager.onConnectionError (modules/core/src/client/connection-manager.ts:144:21)
          at Array.forEach (<anonymous>)

    console.log
      connection error: TypeError: Cannot read properties of undefined (reading 'decoder')
          at wireEvents (/data/Workspace/helios/starwards/node_modules/colyseus-events/src/wire-events.ts:30:40)
          at /data/Workspace/helios/starwards/modules/core/src/client/admin.ts:20:5
          at processTicksAndRejections (node:internal/process/task_queues:95:5)
          at /data/Workspace/helios/starwards/modules/core/src/client/connection-manager.ts:131:21

      at ConnectionManager.onConnectionError (modules/core/src/client/connection-manager.ts:144:21)

    console.log
      connection error: Error: disconnected from server
          at EventEmitter.<anonymous> (/data/Workspace/helios/starwards/modules/core/src/client/driver.ts:53:58)
          at /data/Workspace/helios/starwards/node_modules/colyseus.js/src/core/signal.ts:15:48
          at Array.forEach (<anonymous>)
          at EventEmitter.invoke (/data/Workspace/helios/starwards/node_modules/colyseus.js/src/core/signal.ts:15:19)
          at Function.register.invoke (/data/Workspace/helios/starwards/node_modules/colyseus.js/src/core/signal.ts:57:81)
          at WebSocket.connection.events.onclose (/data/Workspace/helios/starwards/node_modules/colyseus.js/src/Room.ts:89:30)
          at callListener (/data/Workspace/helios/starwards/node_modules/colyseus.js/node_modules/ws/lib/event-target.js:290:14)
          at WebSocket.onClose (/data/Workspace/helios/starwards/node_modules/colyseus.js/node_modules/ws/lib/event-target.js:220:9)
          at WebSocket.emit (node:events:524:28)
          at WebSocket.emitClose (/data/Workspace/helios/starwards/node_modules/colyseus.js/node_modules/ws/lib/websocket.js:272:10)
          at Socket.socketOnClose (/data/Workspace/helios/starwards/node_modules/colyseus.js/node_modules/ws/lib/websocket.js:1341:15)
          at Socket.emit (node:events:524:28)
          at TCP.<anonymous> (node:net:343:12)

      at ConnectionManager.onConnectionError (modules/core/src/client/connection-manager.ts:144:21)
          at Array.forEach (<anonymous>)

    console.log
      connection error: TypeError: Cannot read properties of undefined (reading 'decoder')
          at wireEvents (/data/Workspace/helios/starwards/node_modules/colyseus-events/src/wire-events.ts:30:40)
          at /data/Workspace/helios/starwards/modules/core/src/client/admin.ts:20:5
          at processTicksAndRejections (node:internal/process/task_queues:95:5)
          at /data/Workspace/helios/starwards/modules/core/src/client/connection-manager.ts:131:21

      at ConnectionManager.onConnectionError (modules/core/src/client/connection-manager.ts:144:21)

    console.log
      connection error: Error: disconnected from server
          at EventEmitter.<anonymous> (/data/Workspace/helios/starwards/modules/core/src/client/driver.ts:53:58)
          at /data/Workspace/helios/starwards/node_modules/colyseus.js/src/core/signal.ts:15:48
          at Array.forEach (<anonymous>)
          at EventEmitter.invoke (/data/Workspace/helios/starwards/node_modules/colyseus.js/src/core/signal.ts:15:19)
          at Function.register.invoke (/data/Workspace/helios/starwards/node_modules/colyseus.js/src/core/signal.ts:57:81)
          at WebSocket.connection.events.onclose (/data/Workspace/helios/starwards/node_modules/colyseus.js/src/Room.ts:89:30)
          at callListener (/data/Workspace/helios/starwards/node_modules/colyseus.js/node_modules/ws/lib/event-target.js:290:14)
          at WebSocket.onClose (/data/Workspace/helios/starwards/node_modules/colyseus.js/node_modules/ws/lib/event-target.js:220:9)
          at WebSocket.emit (node:events:524:28)
          at WebSocket.emitClose (/data/Workspace/helios/starwards/node_modules/colyseus.js/node_modules/ws/lib/websocket.js:272:10)
          at Socket.socketOnClose (/data/Workspace/helios/starwards/node_modules/colyseus.js/node_modules/ws/lib/websocket.js:1341:15)
          at Socket.emit (node:events:524:28)
          at TCP.<anonymous> (node:net:343:12)

      at ConnectionManager.onConnectionError (modules/core/src/client/connection-manager.ts:144:21)
          at Array.forEach (<anonymous>)

    console.log
      connection error: TypeError: Cannot read properties of undefined (reading 'decoder')
          at wireEvents (/data/Workspace/helios/starwards/node_modules/colyseus-events/src/wire-events.ts:30:40)
          at /data/Workspace/helios/starwards/modules/core/src/client/admin.ts:20:5
          at processTicksAndRejections (node:internal/process/task_queues:95:5)
          at /data/Workspace/helios/starwards/modules/core/src/client/connection-manager.ts:131:21

      at ConnectionManager.onConnectionError (modules/core/src/client/connection-manager.ts:144:21)

    console.log
      connection error: Error: disconnected from server
          at EventEmitter.<anonymous> (/data/Workspace/helios/starwards/modules/core/src/client/driver.ts:53:58)
          at /data/Workspace/helios/starwards/node_modules/colyseus.js/src/core/signal.ts:15:48
          at Array.forEach (<anonymous>)
          at EventEmitter.invoke (/data/Workspace/helios/starwards/node_modules/colyseus.js/src/core/signal.ts:15:19)
          at Function.register.invoke (/data/Workspace/helios/starwards/node_modules/colyseus.js/src/core/signal.ts:57:81)
          at WebSocket.connection.events.onclose (/data/Workspace/helios/starwards/node_modules/colyseus.js/src/Room.ts:89:30)
          at callListener (/data/Workspace/helios/starwards/node_modules/colyseus.js/node_modules/ws/lib/event-target.js:290:14)
          at WebSocket.onClose (/data/Workspace/helios/starwards/node_modules/colyseus.js/node_modules/ws/lib/event-target.js:220:9)
          at WebSocket.emit (node:events:524:28)
          at WebSocket.emitClose (/data/Workspace/helios/starwards/node_modules/colyseus.js/node_modules/ws/lib/websocket.js:272:10)
          at Socket.socketOnClose (/data/Workspace/helios/starwards/node_modules/colyseus.js/node_modules/ws/lib/websocket.js:1341:15)
          at Socket.emit (node:events:524:28)
          at TCP.<anonymous> (node:net:343:12)

      at ConnectionManager.onConnectionError (modules/core/src/client/connection-manager.ts:144:21)
          at Array.forEach (<anonymous>)

    console.log
      connection error: TypeError: Cannot read properties of undefined (reading 'decoder')
          at wireEvents (/data/Workspace/helios/starwards/node_modules/colyseus-events/src/wire-events.ts:30:40)
          at /data/Workspace/helios/starwards/modules/core/src/client/admin.ts:20:5
          at processTicksAndRejections (node:internal/process/task_queues:95:5)
          at /data/Workspace/helios/starwards/modules/core/src/client/connection-manager.ts:131:21

      at ConnectionManager.onConnectionError (modules/core/src/client/connection-manager.ts:144:21)

    console.log
      connection error: Error: disconnected from server
          at EventEmitter.<anonymous> (/data/Workspace/helios/starwards/modules/core/src/client/driver.ts:53:58)
          at /data/Workspace/helios/starwards/node_modules/colyseus.js/src/core/signal.ts:15:48
          at Array.forEach (<anonymous>)
          at EventEmitter.invoke (/data/Workspace/helios/starwards/node_modules/colyseus.js/src/core/signal.ts:15:19)
          at Function.register.invoke (/data/Workspace/helios/starwards/node_modules/colyseus.js/src/core/signal.ts:57:81)
          at WebSocket.connection.events.onclose (/data/Workspace/helios/starwards/node_modules/colyseus.js/src/Room.ts:89:30)
          at callListener (/data/Workspace/helios/starwards/node_modules/colyseus.js/node_modules/ws/lib/event-target.js:290:14)
          at WebSocket.onClose (/data/Workspace/helios/starwards/node_modules/colyseus.js/node_modules/ws/lib/event-target.js:220:9)
          at WebSocket.emit (node:events:524:28)
          at WebSocket.emitClose (/data/Workspace/helios/starwards/node_modules/colyseus.js/node_modules/ws/lib/websocket.js:272:10)
          at Socket.socketOnClose (/data/Workspace/helios/starwards/node_modules/colyseus.js/node_modules/ws/lib/websocket.js:1341:15)
          at Socket.emit (node:events:524:28)
          at TCP.<anonymous> (node:net:343:12)

      at ConnectionManager.onConnectionError (modules/core/src/client/connection-manager.ts:144:21)
          at Array.forEach (<anonymous>)

    console.log
      connection error: TypeError: Cannot read properties of undefined (reading 'decoder')
          at wireEvents (/data/Workspace/helios/starwards/node_modules/colyseus-events/src/wire-events.ts:30:40)
          at /data/Workspace/helios/starwards/modules/core/src/client/admin.ts:20:5
          at processTicksAndRejections (node:internal/process/task_queues:95:5)
          at /data/Workspace/helios/starwards/modules/core/src/client/connection-manager.ts:131:21

      at ConnectionManager.onConnectionError (modules/core/src/client/connection-manager.ts:144:21)

    console.log
      connection error: Error: disconnected from server
          at EventEmitter.<anonymous> (/data/Workspace/helios/starwards/modules/core/src/client/driver.ts:53:58)
          at /data/Workspace/helios/starwards/node_modules/colyseus.js/src/core/signal.ts:15:48
          at Array.forEach (<anonymous>)
          at EventEmitter.invoke (/data/Workspace/helios/starwards/node_modules/colyseus.js/src/core/signal.ts:15:19)
          at Function.register.invoke (/data/Workspace/helios/starwards/node_modules/colyseus.js/src/core/signal.ts:57:81)
          at WebSocket.connection.events.onclose (/data/Workspace/helios/starwards/node_modules/colyseus.js/src/Room.ts:89:30)
          at callListener (/data/Workspace/helios/starwards/node_modules/colyseus.js/node_modules/ws/lib/event-target.js:290:14)
          at WebSocket.onClose (/data/Workspace/helios/starwards/node_modules/colyseus.js/node_modules/ws/lib/event-target.js:220:9)
          at WebSocket.emit (node:events:524:28)
          at WebSocket.emitClose (/data/Workspace/helios/starwards/node_modules/colyseus.js/node_modules/ws/lib/websocket.js:272:10)
          at Socket.socketOnClose (/data/Workspace/helios/starwards/node_modules/colyseus.js/node_modules/ws/lib/websocket.js:1341:15)
          at Socket.emit (node:events:524:28)
          at TCP.<anonymous> (node:net:343:12)

      at ConnectionManager.onConnectionError (modules/core/src/client/connection-manager.ts:144:21)
          at Array.forEach (<anonymous>)

    console.log
      connection error: TypeError: Cannot read properties of undefined (reading 'decoder')
          at wireEvents (/data/Workspace/helios/starwards/node_modules/colyseus-events/src/wire-events.ts:30:40)
          at /data/Workspace/helios/starwards/modules/core/src/client/admin.ts:20:5
          at processTicksAndRejections (node:internal/process/task_queues:95:5)
          at /data/Workspace/helios/starwards/modules/core/src/client/connection-manager.ts:131:21

      at ConnectionManager.onConnectionError (modules/core/src/client/connection-manager.ts:144:21)

    console.log
      connection error: Error: disconnected from server
          at EventEmitter.<anonymous> (/data/Workspace/helios/starwards/modules/core/src/client/driver.ts:53:58)
          at /data/Workspace/helios/starwards/node_modules/colyseus.js/src/core/signal.ts:15:48
          at Array.forEach (<anonymous>)
          at EventEmitter.invoke (/data/Workspace/helios/starwards/node_modules/colyseus.js/src/core/signal.ts:15:19)
          at Function.register.invoke (/data/Workspace/helios/starwards/node_modules/colyseus.js/src/core/signal.ts:57:81)
          at WebSocket.connection.events.onclose (/data/Workspace/helios/starwards/node_modules/colyseus.js/src/Room.ts:89:30)
          at callListener (/data/Workspace/helios/starwards/node_modules/colyseus.js/node_modules/ws/lib/event-target.js:290:14)
          at WebSocket.onClose (/data/Workspace/helios/starwards/node_modules/colyseus.js/node_modules/ws/lib/event-target.js:220:9)
          at WebSocket.emit (node:events:524:28)
          at WebSocket.emitClose (/data/Workspace/helios/starwards/node_modules/colyseus.js/node_modules/ws/lib/websocket.js:272:10)
          at Socket.socketOnClose (/data/Workspace/helios/starwards/node_modules/colyseus.js/node_modules/ws/lib/websocket.js:1341:15)
          at Socket.emit (node:events:524:28)
          at TCP.<anonymous> (node:net:343:12)

      at ConnectionManager.onConnectionError (modules/core/src/client/connection-manager.ts:144:21)
          at Array.forEach (<anonymous>)

    console.log
      connection error: TypeError: Cannot read properties of undefined (reading 'decoder')
          at wireEvents (/data/Workspace/helios/starwards/node_modules/colyseus-events/src/wire-events.ts:30:40)
          at /data/Workspace/helios/starwards/modules/core/src/client/admin.ts:20:5
          at processTicksAndRejections (node:internal/process/task_queues:95:5)
          at /data/Workspace/helios/starwards/modules/core/src/client/connection-manager.ts:131:21

      at ConnectionManager.onConnectionError (modules/core/src/client/connection-manager.ts:144:21)

    console.log
      connection error: Error: disconnected from server
          at EventEmitter.<anonymous> (/data/Workspace/helios/starwards/modules/core/src/client/driver.ts:53:58)
          at /data/Workspace/helios/starwards/node_modules/colyseus.js/src/core/signal.ts:15:48
          at Array.forEach (<anonymous>)
          at EventEmitter.invoke (/data/Workspace/helios/starwards/node_modules/colyseus.js/src/core/signal.ts:15:19)
          at Function.register.invoke (/data/Workspace/helios/starwards/node_modules/colyseus.js/src/core/signal.ts:57:81)
          at WebSocket.connection.events.onclose (/data/Workspace/helios/starwards/node_modules/colyseus.js/src/Room.ts:89:30)
          at callListener (/data/Workspace/helios/starwards/node_modules/colyseus.js/node_modules/ws/lib/event-target.js:290:14)
          at WebSocket.onClose (/data/Workspace/helios/starwards/node_modules/colyseus.js/node_modules/ws/lib/event-target.js:220:9)
          at WebSocket.emit (node:events:524:28)
          at WebSocket.emitClose (/data/Workspace/helios/starwards/node_modules/colyseus.js/node_modules/ws/lib/websocket.js:272:10)
          at Socket.socketOnClose (/data/Workspace/helios/starwards/node_modules/colyseus.js/node_modules/ws/lib/websocket.js:1341:15)
          at Socket.emit (node:events:524:28)
          at TCP.<anonymous> (node:net:343:12)

      at ConnectionManager.onConnectionError (modules/core/src/client/connection-manager.ts:144:21)
          at Array.forEach (<anonymous>)

    console.log
      connection error: TypeError: Cannot read properties of undefined (reading 'decoder')
          at wireEvents (/data/Workspace/helios/starwards/node_modules/colyseus-events/src/wire-events.ts:30:40)
          at /data/Workspace/helios/starwards/modules/core/src/client/admin.ts:20:5
          at processTicksAndRejections (node:internal/process/task_queues:95:5)
          at /data/Workspace/helios/starwards/modules/core/src/client/connection-manager.ts:131:21

      at ConnectionManager.onConnectionError (modules/core/src/client/connection-manager.ts:144:21)

    console.log
      connection error: Error: disconnected from server
          at EventEmitter.<anonymous> (/data/Workspace/helios/starwards/modules/core/src/client/driver.ts:53:58)
          at /data/Workspace/helios/starwards/node_modules/colyseus.js/src/core/signal.ts:15:48
          at Array.forEach (<anonymous>)
          at EventEmitter.invoke (/data/Workspace/helios/starwards/node_modules/colyseus.js/src/core/signal.ts:15:19)
          at Function.register.invoke (/data/Workspace/helios/starwards/node_modules/colyseus.js/src/core/signal.ts:57:81)
          at WebSocket.connection.events.onclose (/data/Workspace/helios/starwards/node_modules/colyseus.js/src/Room.ts:89:30)
          at callListener (/data/Workspace/helios/starwards/node_modules/colyseus.js/node_modules/ws/lib/event-target.js:290:14)
          at WebSocket.onClose (/data/Workspace/helios/starwards/node_modules/colyseus.js/node_modules/ws/lib/event-target.js:220:9)
          at WebSocket.emit (node:events:524:28)
          at WebSocket.emitClose (/data/Workspace/helios/starwards/node_modules/colyseus.js/node_modules/ws/lib/websocket.js:272:10)
          at Socket.socketOnClose (/data/Workspace/helios/starwards/node_modules/colyseus.js/node_modules/ws/lib/websocket.js:1341:15)
          at Socket.emit (node:events:524:28)
          at TCP.<anonymous> (node:net:343:12)

      at ConnectionManager.onConnectionError (modules/core/src/client/connection-manager.ts:144:21)
          at Array.forEach (<anonymous>)

    console.log
      connection error: TypeError: Cannot read properties of undefined (reading 'decoder')
          at wireEvents (/data/Workspace/helios/starwards/node_modules/colyseus-events/src/wire-events.ts:30:40)
          at /data/Workspace/helios/starwards/modules/core/src/client/admin.ts:20:5
          at processTicksAndRejections (node:internal/process/task_queues:95:5)
          at /data/Workspace/helios/starwards/modules/core/src/client/connection-manager.ts:131:21

      at ConnectionManager.onConnectionError (modules/core/src/client/connection-manager.ts:144:21)

    console.log
      connection error: Error: disconnected from server
          at EventEmitter.<anonymous> (/data/Workspace/helios/starwards/modules/core/src/client/driver.ts:53:58)
          at /data/Workspace/helios/starwards/node_modules/colyseus.js/src/core/signal.ts:15:48
          at Array.forEach (<anonymous>)
          at EventEmitter.invoke (/data/Workspace/helios/starwards/node_modules/colyseus.js/src/core/signal.ts:15:19)
          at Function.register.invoke (/data/Workspace/helios/starwards/node_modules/colyseus.js/src/core/signal.ts:57:81)
          at WebSocket.connection.events.onclose (/data/Workspace/helios/starwards/node_modules/colyseus.js/src/Room.ts:89:30)
          at callListener (/data/Workspace/helios/starwards/node_modules/colyseus.js/node_modules/ws/lib/event-target.js:290:14)
          at WebSocket.onClose (/data/Workspace/helios/starwards/node_modules/colyseus.js/node_modules/ws/lib/event-target.js:220:9)
          at WebSocket.emit (node:events:524:28)
          at WebSocket.emitClose (/data/Workspace/helios/starwards/node_modules/colyseus.js/node_modules/ws/lib/websocket.js:272:10)
          at Socket.socketOnClose (/data/Workspace/helios/starwards/node_modules/colyseus.js/node_modules/ws/lib/websocket.js:1341:15)
          at Socket.emit (node:events:524:28)
          at TCP.<anonymous> (node:net:343:12)

      at ConnectionManager.onConnectionError (modules/core/src/client/connection-manager.ts:144:21)
          at Array.forEach (<anonymous>)

    console.log
      connection error: TypeError: Cannot read properties of undefined (reading 'decoder')
          at wireEvents (/data/Workspace/helios/starwards/node_modules/colyseus-events/src/wire-events.ts:30:40)
          at /data/Workspace/helios/starwards/modules/core/src/client/admin.ts:20:5
          at processTicksAndRejections (node:internal/process/task_queues:95:5)
          at /data/Workspace/helios/starwards/modules/core/src/client/connection-manager.ts:131:21

      at ConnectionManager.onConnectionError (modules/core/src/client/connection-manager.ts:144:21)

    console.log
      connection error: Error: disconnected from server
          at EventEmitter.<anonymous> (/data/Workspace/helios/starwards/modules/core/src/client/driver.ts:53:58)
          at /data/Workspace/helios/starwards/node_modules/colyseus.js/src/core/signal.ts:15:48
          at Array.forEach (<anonymous>)
          at EventEmitter.invoke (/data/Workspace/helios/starwards/node_modules/colyseus.js/src/core/signal.ts:15:19)
          at Function.register.invoke (/data/Workspace/helios/starwards/node_modules/colyseus.js/src/core/signal.ts:57:81)
          at WebSocket.connection.events.onclose (/data/Workspace/helios/starwards/node_modules/colyseus.js/src/Room.ts:89:30)
          at callListener (/data/Workspace/helios/starwards/node_modules/colyseus.js/node_modules/ws/lib/event-target.js:290:14)
          at WebSocket.onClose (/data/Workspace/helios/starwards/node_modules/colyseus.js/node_modules/ws/lib/event-target.js:220:9)
          at WebSocket.emit (node:events:524:28)
          at WebSocket.emitClose (/data/Workspace/helios/starwards/node_modules/colyseus.js/node_modules/ws/lib/websocket.js:272:10)
          at Socket.socketOnClose (/data/Workspace/helios/starwards/node_modules/colyseus.js/node_modules/ws/lib/websocket.js:1341:15)
          at Socket.emit (node:events:524:28)
          at TCP.<anonymous> (node:net:343:12)

      at ConnectionManager.onConnectionError (modules/core/src/client/connection-manager.ts:144:21)
          at Array.forEach (<anonymous>)

    console.log
      connection error: TypeError: Cannot read properties of undefined (reading 'decoder')
          at wireEvents (/data/Workspace/helios/starwards/node_modules/colyseus-events/src/wire-events.ts:30:40)
          at /data/Workspace/helios/starwards/modules/core/src/client/admin.ts:20:5
          at processTicksAndRejections (node:internal/process/task_queues:95:5)
          at /data/Workspace/helios/starwards/modules/core/src/client/connection-manager.ts:131:21

      at ConnectionManager.onConnectionError (modules/core/src/client/connection-manager.ts:144:21)

    console.log
      connection error: Error: disconnected from server
          at EventEmitter.<anonymous> (/data/Workspace/helios/starwards/modules/core/src/client/driver.ts:53:58)
          at /data/Workspace/helios/starwards/node_modules/colyseus.js/src/core/signal.ts:15:48
          at Array.forEach (<anonymous>)
          at EventEmitter.invoke (/data/Workspace/helios/starwards/node_modules/colyseus.js/src/core/signal.ts:15:19)
          at Function.register.invoke (/data/Workspace/helios/starwards/node_modules/colyseus.js/src/core/signal.ts:57:81)
          at WebSocket.connection.events.onclose (/data/Workspace/helios/starwards/node_modules/colyseus.js/src/Room.ts:89:30)
          at callListener (/data/Workspace/helios/starwards/node_modules/colyseus.js/node_modules/ws/lib/event-target.js:290:14)
          at WebSocket.onClose (/data/Workspace/helios/starwards/node_modules/colyseus.js/node_modules/ws/lib/event-target.js:220:9)
          at WebSocket.emit (node:events:524:28)
          at WebSocket.emitClose (/data/Workspace/helios/starwards/node_modules/colyseus.js/node_modules/ws/lib/websocket.js:272:10)
          at Socket.socketOnClose (/data/Workspace/helios/starwards/node_modules/colyseus.js/node_modules/ws/lib/websocket.js:1341:15)
          at Socket.emit (node:events:524:28)
          at TCP.<anonymous> (node:net:343:12)

      at ConnectionManager.onConnectionError (modules/core/src/client/connection-manager.ts:144:21)
          at Array.forEach (<anonymous>)

    console.log
      connection error: TypeError: Cannot read properties of undefined (reading 'decoder')
          at wireEvents (/data/Workspace/helios/starwards/node_modules/colyseus-events/src/wire-events.ts:30:40)
          at /data/Workspace/helios/starwards/modules/core/src/client/admin.ts:20:5
          at processTicksAndRejections (node:internal/process/task_queues:95:5)
          at /data/Workspace/helios/starwards/modules/core/src/client/connection-manager.ts:131:21

      at ConnectionManager.onConnectionError (modules/core/src/client/connection-manager.ts:144:21)

    console.log
      connection error: Error: disconnected from server
          at EventEmitter.<anonymous> (/data/Workspace/helios/starwards/modules/core/src/client/driver.ts:53:58)
          at /data/Workspace/helios/starwards/node_modules/colyseus.js/src/core/signal.ts:15:48
          at Array.forEach (<anonymous>)
          at EventEmitter.invoke (/data/Workspace/helios/starwards/node_modules/colyseus.js/src/core/signal.ts:15:19)
          at Function.register.invoke (/data/Workspace/helios/starwards/node_modules/colyseus.js/src/core/signal.ts:57:81)
          at WebSocket.connection.events.onclose (/data/Workspace/helios/starwards/node_modules/colyseus.js/src/Room.ts:89:30)
          at callListener (/data/Workspace/helios/starwards/node_modules/colyseus.js/node_modules/ws/lib/event-target.js:290:14)
          at WebSocket.onClose (/data/Workspace/helios/starwards/node_modules/colyseus.js/node_modules/ws/lib/event-target.js:220:9)
          at WebSocket.emit (node:events:524:28)
          at WebSocket.emitClose (/data/Workspace/helios/starwards/node_modules/colyseus.js/node_modules/ws/lib/websocket.js:272:10)
          at Socket.socketOnClose (/data/Workspace/helios/starwards/node_modules/colyseus.js/node_modules/ws/lib/websocket.js:1341:15)
          at Socket.emit (node:events:524:28)
          at TCP.<anonymous> (node:net:343:12)

      at ConnectionManager.onConnectionError (modules/core/src/client/connection-manager.ts:144:21)
          at Array.forEach (<anonymous>)

    console.log
      connection error: TypeError: Cannot read properties of undefined (reading 'decoder')
          at wireEvents (/data/Workspace/helios/starwards/node_modules/colyseus-events/src/wire-events.ts:30:40)
          at /data/Workspace/helios/starwards/modules/core/src/client/admin.ts:20:5
          at processTicksAndRejections (node:internal/process/task_queues:95:5)
          at /data/Workspace/helios/starwards/modules/core/src/client/connection-manager.ts:131:21

      at ConnectionManager.onConnectionError (modules/core/src/client/connection-manager.ts:144:21)

    console.log
      connection error: Error: disconnected from server
          at EventEmitter.<anonymous> (/data/Workspace/helios/starwards/modules/core/src/client/driver.ts:53:58)
          at /data/Workspace/helios/starwards/node_modules/colyseus.js/src/core/signal.ts:15:48
          at Array.forEach (<anonymous>)
          at EventEmitter.invoke (/data/Workspace/helios/starwards/node_modules/colyseus.js/src/core/signal.ts:15:19)
          at Function.register.invoke (/data/Workspace/helios/starwards/node_modules/colyseus.js/src/core/signal.ts:57:81)
          at WebSocket.connection.events.onclose (/data/Workspace/helios/starwards/node_modules/colyseus.js/src/Room.ts:89:30)
          at callListener (/data/Workspace/helios/starwards/node_modules/colyseus.js/node_modules/ws/lib/event-target.js:290:14)
          at WebSocket.onClose (/data/Workspace/helios/starwards/node_modules/colyseus.js/node_modules/ws/lib/event-target.js:220:9)
          at WebSocket.emit (node:events:524:28)
          at WebSocket.emitClose (/data/Workspace/helios/starwards/node_modules/colyseus.js/node_modules/ws/lib/websocket.js:272:10)
          at Socket.socketOnClose (/data/Workspace/helios/starwards/node_modules/colyseus.js/node_modules/ws/lib/websocket.js:1341:15)
          at Socket.emit (node:events:524:28)
          at TCP.<anonymous> (node:net:343:12)

      at ConnectionManager.onConnectionError (modules/core/src/client/connection-manager.ts:144:21)
          at Array.forEach (<anonymous>)

    console.log
      connection error: TypeError: Cannot read properties of undefined (reading 'decoder')
          at wireEvents (/data/Workspace/helios/starwards/node_modules/colyseus-events/src/wire-events.ts:30:40)
          at /data/Workspace/helios/starwards/modules/core/src/client/admin.ts:20:5
          at processTicksAndRejections (node:internal/process/task_queues:95:5)
          at /data/Workspace/helios/starwards/modules/core/src/client/connection-manager.ts:131:21

      at ConnectionManager.onConnectionError (modules/core/src/client/connection-manager.ts:144:21)

    console.log
      connection error: Error: disconnected from server
          at EventEmitter.<anonymous> (/data/Workspace/helios/starwards/modules/core/src/client/driver.ts:53:58)
          at /data/Workspace/helios/starwards/node_modules/colyseus.js/src/core/signal.ts:15:48
          at Array.forEach (<anonymous>)
          at EventEmitter.invoke (/data/Workspace/helios/starwards/node_modules/colyseus.js/src/core/signal.ts:15:19)
          at Function.register.invoke (/data/Workspace/helios/starwards/node_modules/colyseus.js/src/core/signal.ts:57:81)
          at WebSocket.connection.events.onclose (/data/Workspace/helios/starwards/node_modules/colyseus.js/src/Room.ts:89:30)
          at callListener (/data/Workspace/helios/starwards/node_modules/colyseus.js/node_modules/ws/lib/event-target.js:290:14)
          at WebSocket.onClose (/data/Workspace/helios/starwards/node_modules/colyseus.js/node_modules/ws/lib/event-target.js:220:9)
          at WebSocket.emit (node:events:524:28)
          at WebSocket.emitClose (/data/Workspace/helios/starwards/node_modules/colyseus.js/node_modules/ws/lib/websocket.js:272:10)
          at Socket.socketOnClose (/data/Workspace/helios/starwards/node_modules/colyseus.js/node_modules/ws/lib/websocket.js:1341:15)
          at Socket.emit (node:events:524:28)
          at TCP.<anonymous> (node:net:343:12)

      at ConnectionManager.onConnectionError (modules/core/src/client/connection-manager.ts:144:21)
          at Array.forEach (<anonymous>)

    console.log
      connection error: TypeError: Cannot read properties of undefined (reading 'decoder')
          at wireEvents (/data/Workspace/helios/starwards/node_modules/colyseus-events/src/wire-events.ts:30:40)
          at /data/Workspace/helios/starwards/modules/core/src/client/admin.ts:20:5
          at processTicksAndRejections (node:internal/process/task_queues:95:5)
          at /data/Workspace/helios/starwards/modules/core/src/client/connection-manager.ts:131:21

      at ConnectionManager.onConnectionError (modules/core/src/client/connection-manager.ts:144:21)

    console.log
      connection error: Error: disconnected from server
          at EventEmitter.<anonymous> (/data/Workspace/helios/starwards/modules/core/src/client/driver.ts:53:58)
          at /data/Workspace/helios/starwards/node_modules/colyseus.js/src/core/signal.ts:15:48
          at Array.forEach (<anonymous>)
          at EventEmitter.invoke (/data/Workspace/helios/starwards/node_modules/colyseus.js/src/core/signal.ts:15:19)
          at Function.register.invoke (/data/Workspace/helios/starwards/node_modules/colyseus.js/src/core/signal.ts:57:81)
          at WebSocket.connection.events.onclose (/data/Workspace/helios/starwards/node_modules/colyseus.js/src/Room.ts:89:30)
          at callListener (/data/Workspace/helios/starwards/node_modules/colyseus.js/node_modules/ws/lib/event-target.js:290:14)
          at WebSocket.onClose (/data/Workspace/helios/starwards/node_modules/colyseus.js/node_modules/ws/lib/event-target.js:220:9)
          at WebSocket.emit (node:events:524:28)
          at WebSocket.emitClose (/data/Workspace/helios/starwards/node_modules/colyseus.js/node_modules/ws/lib/websocket.js:272:10)
          at Socket.socketOnClose (/data/Workspace/helios/starwards/node_modules/colyseus.js/node_modules/ws/lib/websocket.js:1341:15)
          at Socket.emit (node:events:524:28)
          at TCP.<anonymous> (node:net:343:12)

      at ConnectionManager.onConnectionError (modules/core/src/client/connection-manager.ts:144:21)
          at Array.forEach (<anonymous>)

    console.log
      connection error: TypeError: Cannot read properties of undefined (reading 'decoder')
          at wireEvents (/data/Workspace/helios/starwards/node_modules/colyseus-events/src/wire-events.ts:30:40)
          at /data/Workspace/helios/starwards/modules/core/src/client/admin.ts:20:5
          at processTicksAndRejections (node:internal/process/task_queues:95:5)
          at /data/Workspace/helios/starwards/modules/core/src/client/connection-manager.ts:131:21

      at ConnectionManager.onConnectionError (modules/core/src/client/connection-manager.ts:144:21)

    console.log
      connection error: Error: disconnected from server
          at EventEmitter.<anonymous> (/data/Workspace/helios/starwards/modules/core/src/client/driver.ts:53:58)
          at /data/Workspace/helios/starwards/node_modules/colyseus.js/src/core/signal.ts:15:48
          at Array.forEach (<anonymous>)
          at EventEmitter.invoke (/data/Workspace/helios/starwards/node_modules/colyseus.js/src/core/signal.ts:15:19)
          at Function.register.invoke (/data/Workspace/helios/starwards/node_modules/colyseus.js/src/core/signal.ts:57:81)
          at WebSocket.connection.events.onclose (/data/Workspace/helios/starwards/node_modules/colyseus.js/src/Room.ts:89:30)
          at callListener (/data/Workspace/helios/starwards/node_modules/colyseus.js/node_modules/ws/lib/event-target.js:290:14)
          at WebSocket.onClose (/data/Workspace/helios/starwards/node_modules/colyseus.js/node_modules/ws/lib/event-target.js:220:9)
          at WebSocket.emit (node:events:524:28)
          at WebSocket.emitClose (/data/Workspace/helios/starwards/node_modules/colyseus.js/node_modules/ws/lib/websocket.js:272:10)
          at Socket.socketOnClose (/data/Workspace/helios/starwards/node_modules/colyseus.js/node_modules/ws/lib/websocket.js:1341:15)
          at Socket.emit (node:events:524:28)
          at TCP.<anonymous> (node:net:343:12)

      at ConnectionManager.onConnectionError (modules/core/src/client/connection-manager.ts:144:21)
          at Array.forEach (<anonymous>)

    console.log
      connection error: TypeError: Cannot read properties of undefined (reading 'decoder')
          at wireEvents (/data/Workspace/helios/starwards/node_modules/colyseus-events/src/wire-events.ts:30:40)
          at /data/Workspace/helios/starwards/modules/core/src/client/admin.ts:20:5
          at processTicksAndRejections (node:internal/process/task_queues:95:5)
          at /data/Workspace/helios/starwards/modules/core/src/client/connection-manager.ts:131:21

      at ConnectionManager.onConnectionError (modules/core/src/client/connection-manager.ts:144:21)

    console.log
      connection error: Error: disconnected from server
          at EventEmitter.<anonymous> (/data/Workspace/helios/starwards/modules/core/src/client/driver.ts:53:58)
          at /data/Workspace/helios/starwards/node_modules/colyseus.js/src/core/signal.ts:15:48
          at Array.forEach (<anonymous>)
          at EventEmitter.invoke (/data/Workspace/helios/starwards/node_modules/colyseus.js/src/core/signal.ts:15:19)
          at Function.register.invoke (/data/Workspace/helios/starwards/node_modules/colyseus.js/src/core/signal.ts:57:81)
          at WebSocket.connection.events.onclose (/data/Workspace/helios/starwards/node_modules/colyseus.js/src/Room.ts:89:30)
          at callListener (/data/Workspace/helios/starwards/node_modules/colyseus.js/node_modules/ws/lib/event-target.js:290:14)
          at WebSocket.onClose (/data/Workspace/helios/starwards/node_modules/colyseus.js/node_modules/ws/lib/event-target.js:220:9)
          at WebSocket.emit (node:events:524:28)
          at WebSocket.emitClose (/data/Workspace/helios/starwards/node_modules/colyseus.js/node_modules/ws/lib/websocket.js:272:10)
          at Socket.socketOnClose (/data/Workspace/helios/starwards/node_modules/colyseus.js/node_modules/ws/lib/websocket.js:1341:15)
          at Socket.emit (node:events:524:28)
          at TCP.<anonymous> (node:net:343:12)

      at ConnectionManager.onConnectionError (modules/core/src/client/connection-manager.ts:144:21)
          at Array.forEach (<anonymous>)

    console.log
      connection error: TypeError: Cannot read properties of undefined (reading 'decoder')
          at wireEvents (/data/Workspace/helios/starwards/node_modules/colyseus-events/src/wire-events.ts:30:40)
          at /data/Workspace/helios/starwards/modules/core/src/client/admin.ts:20:5
          at processTicksAndRejections (node:internal/process/task_queues:95:5)
          at /data/Workspace/helios/starwards/modules/core/src/client/connection-manager.ts:131:21

      at ConnectionManager.onConnectionError (modules/core/src/client/connection-manager.ts:144:21)

    console.log
      connection error: Error: disconnected from server
          at EventEmitter.<anonymous> (/data/Workspace/helios/starwards/modules/core/src/client/driver.ts:53:58)
          at /data/Workspace/helios/starwards/node_modules/colyseus.js/src/core/signal.ts:15:48
          at Array.forEach (<anonymous>)
          at EventEmitter.invoke (/data/Workspace/helios/starwards/node_modules/colyseus.js/src/core/signal.ts:15:19)
          at Function.register.invoke (/data/Workspace/helios/starwards/node_modules/colyseus.js/src/core/signal.ts:57:81)
          at WebSocket.connection.events.onclose (/data/Workspace/helios/starwards/node_modules/colyseus.js/src/Room.ts:89:30)
          at callListener (/data/Workspace/helios/starwards/node_modules/colyseus.js/node_modules/ws/lib/event-target.js:290:14)
          at WebSocket.onClose (/data/Workspace/helios/starwards/node_modules/colyseus.js/node_modules/ws/lib/event-target.js:220:9)
          at WebSocket.emit (node:events:524:28)
          at WebSocket.emitClose (/data/Workspace/helios/starwards/node_modules/colyseus.js/node_modules/ws/lib/websocket.js:272:10)
          at Socket.socketOnClose (/data/Workspace/helios/starwards/node_modules/colyseus.js/node_modules/ws/lib/websocket.js:1341:15)
          at Socket.emit (node:events:524:28)
          at TCP.<anonymous> (node:net:343:12)

      at ConnectionManager.onConnectionError (modules/core/src/client/connection-manager.ts:144:21)
          at Array.forEach (<anonymous>)

    console.log
      connection error: TypeError: Cannot read properties of undefined (reading 'decoder')
          at wireEvents (/data/Workspace/helios/starwards/node_modules/colyseus-events/src/wire-events.ts:30:40)
          at /data/Workspace/helios/starwards/modules/core/src/client/admin.ts:20:5
          at processTicksAndRejections (node:internal/process/task_queues:95:5)
          at /data/Workspace/helios/starwards/modules/core/src/client/connection-manager.ts:131:21

      at ConnectionManager.onConnectionError (modules/core/src/client/connection-manager.ts:144:21)

    console.log
      connection error: Error: disconnected from server
          at EventEmitter.<anonymous> (/data/Workspace/helios/starwards/modules/core/src/client/driver.ts:53:58)
          at /data/Workspace/helios/starwards/node_modules/colyseus.js/src/core/signal.ts:15:48
          at Array.forEach (<anonymous>)
          at EventEmitter.invoke (/data/Workspace/helios/starwards/node_modules/colyseus.js/src/core/signal.ts:15:19)
          at Function.register.invoke (/data/Workspace/helios/starwards/node_modules/colyseus.js/src/core/signal.ts:57:81)
          at WebSocket.connection.events.onclose (/data/Workspace/helios/starwards/node_modules/colyseus.js/src/Room.ts:89:30)
          at callListener (/data/Workspace/helios/starwards/node_modules/colyseus.js/node_modules/ws/lib/event-target.js:290:14)
          at WebSocket.onClose (/data/Workspace/helios/starwards/node_modules/colyseus.js/node_modules/ws/lib/event-target.js:220:9)
          at WebSocket.emit (node:events:524:28)
          at WebSocket.emitClose (/data/Workspace/helios/starwards/node_modules/colyseus.js/node_modules/ws/lib/websocket.js:272:10)
          at Socket.socketOnClose (/data/Workspace/helios/starwards/node_modules/colyseus.js/node_modules/ws/lib/websocket.js:1341:15)
          at Socket.emit (node:events:524:28)
          at TCP.<anonymous> (node:net:343:12)

      at ConnectionManager.onConnectionError (modules/core/src/client/connection-manager.ts:144:21)
          at Array.forEach (<anonymous>)

    console.log
      connection error: TypeError: Cannot read properties of undefined (reading 'decoder')
          at wireEvents (/data/Workspace/helios/starwards/node_modules/colyseus-events/src/wire-events.ts:30:40)
          at /data/Workspace/helios/starwards/modules/core/src/client/admin.ts:20:5
          at processTicksAndRejections (node:internal/process/task_queues:95:5)
          at /data/Workspace/helios/starwards/modules/core/src/client/connection-manager.ts:131:21

      at ConnectionManager.onConnectionError (modules/core/src/client/connection-manager.ts:144:21)

    console.log
      connection error: Error: disconnected from server
          at EventEmitter.<anonymous> (/data/Workspace/helios/starwards/modules/core/src/client/driver.ts:53:58)
          at /data/Workspace/helios/starwards/node_modules/colyseus.js/src/core/signal.ts:15:48
          at Array.forEach (<anonymous>)
          at EventEmitter.invoke (/data/Workspace/helios/starwards/node_modules/colyseus.js/src/core/signal.ts:15:19)
          at Function.register.invoke (/data/Workspace/helios/starwards/node_modules/colyseus.js/src/core/signal.ts:57:81)
          at WebSocket.connection.events.onclose (/data/Workspace/helios/starwards/node_modules/colyseus.js/src/Room.ts:89:30)
          at callListener (/data/Workspace/helios/starwards/node_modules/colyseus.js/node_modules/ws/lib/event-target.js:290:14)
          at WebSocket.onClose (/data/Workspace/helios/starwards/node_modules/colyseus.js/node_modules/ws/lib/event-target.js:220:9)
          at WebSocket.emit (node:events:524:28)
          at WebSocket.emitClose (/data/Workspace/helios/starwards/node_modules/colyseus.js/node_modules/ws/lib/websocket.js:272:10)
          at Socket.socketOnClose (/data/Workspace/helios/starwards/node_modules/colyseus.js/node_modules/ws/lib/websocket.js:1341:15)
          at Socket.emit (node:events:524:28)
          at TCP.<anonymous> (node:net:343:12)

      at ConnectionManager.onConnectionError (modules/core/src/client/connection-manager.ts:144:21)
          at Array.forEach (<anonymous>)

    console.log
      connection error: TypeError: Cannot read properties of undefined (reading 'decoder')
          at wireEvents (/data/Workspace/helios/starwards/node_modules/colyseus-events/src/wire-events.ts:30:40)
          at /data/Workspace/helios/starwards/modules/core/src/client/admin.ts:20:5
          at processTicksAndRejections (node:internal/process/task_queues:95:5)
          at /data/Workspace/helios/starwards/modules/core/src/client/connection-manager.ts:131:21

      at ConnectionManager.onConnectionError (modules/core/src/client/connection-manager.ts:144:21)

    console.log
      connection error: Error: disconnected from server
          at EventEmitter.<anonymous> (/data/Workspace/helios/starwards/modules/core/src/client/driver.ts:53:58)
          at /data/Workspace/helios/starwards/node_modules/colyseus.js/src/core/signal.ts:15:48
          at Array.forEach (<anonymous>)
          at EventEmitter.invoke (/data/Workspace/helios/starwards/node_modules/colyseus.js/src/core/signal.ts:15:19)
          at Function.register.invoke (/data/Workspace/helios/starwards/node_modules/colyseus.js/src/core/signal.ts:57:81)
          at WebSocket.connection.events.onclose (/data/Workspace/helios/starwards/node_modules/colyseus.js/src/Room.ts:89:30)
          at callListener (/data/Workspace/helios/starwards/node_modules/colyseus.js/node_modules/ws/lib/event-target.js:290:14)
          at WebSocket.onClose (/data/Workspace/helios/starwards/node_modules/colyseus.js/node_modules/ws/lib/event-target.js:220:9)
          at WebSocket.emit (node:events:524:28)
          at WebSocket.emitClose (/data/Workspace/helios/starwards/node_modules/colyseus.js/node_modules/ws/lib/websocket.js:272:10)
          at Socket.socketOnClose (/data/Workspace/helios/starwards/node_modules/colyseus.js/node_modules/ws/lib/websocket.js:1341:15)
          at Socket.emit (node:events:524:28)
          at TCP.<anonymous> (node:net:343:12)

      at ConnectionManager.onConnectionError (modules/core/src/client/connection-manager.ts:144:21)
          at Array.forEach (<anonymous>)

    console.log
      connection error: TypeError: Cannot read properties of undefined (reading 'decoder')
          at wireEvents (/data/Workspace/helios/starwards/node_modules/colyseus-events/src/wire-events.ts:30:40)
          at /data/Workspace/helios/starwards/modules/core/src/client/admin.ts:20:5
          at processTicksAndRejections (node:internal/process/task_queues:95:5)
          at /data/Workspace/helios/starwards/modules/core/src/client/connection-manager.ts:131:21

      at ConnectionManager.onConnectionError (modules/core/src/client/connection-manager.ts:144:21)

    console.log
      connection error: Error: disconnected from server
          at EventEmitter.<anonymous> (/data/Workspace/helios/starwards/modules/core/src/client/driver.ts:53:58)
          at /data/Workspace/helios/starwards/node_modules/colyseus.js/src/core/signal.ts:15:48
          at Array.forEach (<anonymous>)
          at EventEmitter.invoke (/data/Workspace/helios/starwards/node_modules/colyseus.js/src/core/signal.ts:15:19)
          at Function.register.invoke (/data/Workspace/helios/starwards/node_modules/colyseus.js/src/core/signal.ts:57:81)
          at WebSocket.connection.events.onclose (/data/Workspace/helios/starwards/node_modules/colyseus.js/src/Room.ts:89:30)
          at callListener (/data/Workspace/helios/starwards/node_modules/colyseus.js/node_modules/ws/lib/event-target.js:290:14)
          at WebSocket.onClose (/data/Workspace/helios/starwards/node_modules/colyseus.js/node_modules/ws/lib/event-target.js:220:9)
          at WebSocket.emit (node:events:524:28)
          at WebSocket.emitClose (/data/Workspace/helios/starwards/node_modules/colyseus.js/node_modules/ws/lib/websocket.js:272:10)
          at Socket.socketOnClose (/data/Workspace/helios/starwards/node_modules/colyseus.js/node_modules/ws/lib/websocket.js:1341:15)
          at Socket.emit (node:events:524:28)
          at TCP.<anonymous> (node:net:343:12)

      at ConnectionManager.onConnectionError (modules/core/src/client/connection-manager.ts:144:21)
          at Array.forEach (<anonymous>)

    console.log
      connection error: TypeError: Cannot read properties of undefined (reading 'decoder')
          at wireEvents (/data/Workspace/helios/starwards/node_modules/colyseus-events/src/wire-events.ts:30:40)
          at /data/Workspace/helios/starwards/modules/core/src/client/admin.ts:20:5
          at processTicksAndRejections (node:internal/process/task_queues:95:5)
          at /data/Workspace/helios/starwards/modules/core/src/client/connection-manager.ts:131:21

      at ConnectionManager.onConnectionError (modules/core/src/client/connection-manager.ts:144:21)

    console.log
      connection error: Error: disconnected from server
          at EventEmitter.<anonymous> (/data/Workspace/helios/starwards/modules/core/src/client/driver.ts:53:58)
          at /data/Workspace/helios/starwards/node_modules/colyseus.js/src/core/signal.ts:15:48
          at Array.forEach (<anonymous>)
          at EventEmitter.invoke (/data/Workspace/helios/starwards/node_modules/colyseus.js/src/core/signal.ts:15:19)
          at Function.register.invoke (/data/Workspace/helios/starwards/node_modules/colyseus.js/src/core/signal.ts:57:81)
          at WebSocket.connection.events.onclose (/data/Workspace/helios/starwards/node_modules/colyseus.js/src/Room.ts:89:30)
          at callListener (/data/Workspace/helios/starwards/node_modules/colyseus.js/node_modules/ws/lib/event-target.js:290:14)
          at WebSocket.onClose (/data/Workspace/helios/starwards/node_modules/colyseus.js/node_modules/ws/lib/event-target.js:220:9)
          at WebSocket.emit (node:events:524:28)
          at WebSocket.emitClose (/data/Workspace/helios/starwards/node_modules/colyseus.js/node_modules/ws/lib/websocket.js:272:10)
          at Socket.socketOnClose (/data/Workspace/helios/starwards/node_modules/colyseus.js/node_modules/ws/lib/websocket.js:1341:15)
          at Socket.emit (node:events:524:28)
          at TCP.<anonymous> (node:net:343:12)

      at ConnectionManager.onConnectionError (modules/core/src/client/connection-manager.ts:144:21)
          at Array.forEach (<anonymous>)

    console.log
      connection error: TypeError: Cannot read properties of undefined (reading 'decoder')
          at wireEvents (/data/Workspace/helios/starwards/node_modules/colyseus-events/src/wire-events.ts:30:40)
          at /data/Workspace/helios/starwards/modules/core/src/client/admin.ts:20:5
          at processTicksAndRejections (node:internal/process/task_queues:95:5)
          at /data/Workspace/helios/starwards/modules/core/src/client/connection-manager.ts:131:21

      at ConnectionManager.onConnectionError (modules/core/src/client/connection-manager.ts:144:21)

    console.log
      connection error: Error: disconnected from server
          at EventEmitter.<anonymous> (/data/Workspace/helios/starwards/modules/core/src/client/driver.ts:53:58)
          at /data/Workspace/helios/starwards/node_modules/colyseus.js/src/core/signal.ts:15:48
          at Array.forEach (<anonymous>)
          at EventEmitter.invoke (/data/Workspace/helios/starwards/node_modules/colyseus.js/src/core/signal.ts:15:19)
          at Function.register.invoke (/data/Workspace/helios/starwards/node_modules/colyseus.js/src/core/signal.ts:57:81)
          at WebSocket.connection.events.onclose (/data/Workspace/helios/starwards/node_modules/colyseus.js/src/Room.ts:89:30)
          at callListener (/data/Workspace/helios/starwards/node_modules/colyseus.js/node_modules/ws/lib/event-target.js:290:14)
          at WebSocket.onClose (/data/Workspace/helios/starwards/node_modules/colyseus.js/node_modules/ws/lib/event-target.js:220:9)
          at WebSocket.emit (node:events:524:28)
          at WebSocket.emitClose (/data/Workspace/helios/starwards/node_modules/colyseus.js/node_modules/ws/lib/websocket.js:272:10)
          at Socket.socketOnClose (/data/Workspace/helios/starwards/node_modules/colyseus.js/node_modules/ws/lib/websocket.js:1341:15)
          at Socket.emit (node:events:524:28)
          at TCP.<anonymous> (node:net:343:12)

      at ConnectionManager.onConnectionError (modules/core/src/client/connection-manager.ts:144:21)
          at Array.forEach (<anonymous>)

    console.log
      connection error: TypeError: Cannot read properties of undefined (reading 'decoder')
          at wireEvents (/data/Workspace/helios/starwards/node_modules/colyseus-events/src/wire-events.ts:30:40)
          at /data/Workspace/helios/starwards/modules/core/src/client/admin.ts:20:5
          at processTicksAndRejections (node:internal/process/task_queues:95:5)
          at /data/Workspace/helios/starwards/modules/core/src/client/connection-manager.ts:131:21

      at ConnectionManager.onConnectionError (modules/core/src/client/connection-manager.ts:144:21)

    console.log
      connection error: Error: disconnected from server
          at EventEmitter.<anonymous> (/data/Workspace/helios/starwards/modules/core/src/client/driver.ts:53:58)
          at /data/Workspace/helios/starwards/node_modules/colyseus.js/src/core/signal.ts:15:48
          at Array.forEach (<anonymous>)
          at EventEmitter.invoke (/data/Workspace/helios/starwards/node_modules/colyseus.js/src/core/signal.ts:15:19)
          at Function.register.invoke (/data/Workspace/helios/starwards/node_modules/colyseus.js/src/core/signal.ts:57:81)
          at WebSocket.connection.events.onclose (/data/Workspace/helios/starwards/node_modules/colyseus.js/src/Room.ts:89:30)
          at callListener (/data/Workspace/helios/starwards/node_modules/colyseus.js/node_modules/ws/lib/event-target.js:290:14)
          at WebSocket.onClose (/data/Workspace/helios/starwards/node_modules/colyseus.js/node_modules/ws/lib/event-target.js:220:9)
          at WebSocket.emit (node:events:524:28)
          at WebSocket.emitClose (/data/Workspace/helios/starwards/node_modules/colyseus.js/node_modules/ws/lib/websocket.js:272:10)
          at Socket.socketOnClose (/data/Workspace/helios/starwards/node_modules/colyseus.js/node_modules/ws/lib/websocket.js:1341:15)
          at Socket.emit (node:events:524:28)
          at TCP.<anonymous> (node:net:343:12)

      at ConnectionManager.onConnectionError (modules/core/src/client/connection-manager.ts:144:21)
          at Array.forEach (<anonymous>)

    console.log
      connection error: TypeError: Cannot read properties of undefined (reading 'decoder')
          at wireEvents (/data/Workspace/helios/starwards/node_modules/colyseus-events/src/wire-events.ts:30:40)
          at /data/Workspace/helios/starwards/modules/core/src/client/admin.ts:20:5
          at processTicksAndRejections (node:internal/process/task_queues:95:5)
          at /data/Workspace/helios/starwards/modules/core/src/client/connection-manager.ts:131:21

      at ConnectionManager.onConnectionError (modules/core/src/client/connection-manager.ts:144:21)

    console.log
      connection error: Error: disconnected from server
          at EventEmitter.<anonymous> (/data/Workspace/helios/starwards/modules/core/src/client/driver.ts:53:58)
          at /data/Workspace/helios/starwards/node_modules/colyseus.js/src/core/signal.ts:15:48
          at Array.forEach (<anonymous>)
          at EventEmitter.invoke (/data/Workspace/helios/starwards/node_modules/colyseus.js/src/core/signal.ts:15:19)
          at Function.register.invoke (/data/Workspace/helios/starwards/node_modules/colyseus.js/src/core/signal.ts:57:81)
          at WebSocket.connection.events.onclose (/data/Workspace/helios/starwards/node_modules/colyseus.js/src/Room.ts:89:30)
          at callListener (/data/Workspace/helios/starwards/node_modules/colyseus.js/node_modules/ws/lib/event-target.js:290:14)
          at WebSocket.onClose (/data/Workspace/helios/starwards/node_modules/colyseus.js/node_modules/ws/lib/event-target.js:220:9)
          at WebSocket.emit (node:events:524:28)
          at WebSocket.emitClose (/data/Workspace/helios/starwards/node_modules/colyseus.js/node_modules/ws/lib/websocket.js:272:10)
          at Socket.socketOnClose (/data/Workspace/helios/starwards/node_modules/colyseus.js/node_modules/ws/lib/websocket.js:1341:15)
          at Socket.emit (node:events:524:28)
          at TCP.<anonymous> (node:net:343:12)

      at ConnectionManager.onConnectionError (modules/core/src/client/connection-manager.ts:144:21)
          at Array.forEach (<anonymous>)

    console.log
      connection error: TypeError: Cannot read properties of undefined (reading 'decoder')
          at wireEvents (/data/Workspace/helios/starwards/node_modules/colyseus-events/src/wire-events.ts:30:40)
          at /data/Workspace/helios/starwards/modules/core/src/client/admin.ts:20:5
          at processTicksAndRejections (node:internal/process/task_queues:95:5)
          at /data/Workspace/helios/starwards/modules/core/src/client/connection-manager.ts:131:21

      at ConnectionManager.onConnectionError (modules/core/src/client/connection-manager.ts:144:21)

    console.log
      connection error: Error: disconnected from server
          at EventEmitter.<anonymous> (/data/Workspace/helios/starwards/modules/core/src/client/driver.ts:53:58)
          at /data/Workspace/helios/starwards/node_modules/colyseus.js/src/core/signal.ts:15:48
          at Array.forEach (<anonymous>)
          at EventEmitter.invoke (/data/Workspace/helios/starwards/node_modules/colyseus.js/src/core/signal.ts:15:19)
          at Function.register.invoke (/data/Workspace/helios/starwards/node_modules/colyseus.js/src/core/signal.ts:57:81)
          at WebSocket.connection.events.onclose (/data/Workspace/helios/starwards/node_modules/colyseus.js/src/Room.ts:89:30)
          at callListener (/data/Workspace/helios/starwards/node_modules/colyseus.js/node_modules/ws/lib/event-target.js:290:14)
          at WebSocket.onClose (/data/Workspace/helios/starwards/node_modules/colyseus.js/node_modules/ws/lib/event-target.js:220:9)
          at WebSocket.emit (node:events:524:28)
          at WebSocket.emitClose (/data/Workspace/helios/starwards/node_modules/colyseus.js/node_modules/ws/lib/websocket.js:272:10)
          at Socket.socketOnClose (/data/Workspace/helios/starwards/node_modules/colyseus.js/node_modules/ws/lib/websocket.js:1341:15)
          at Socket.emit (node:events:524:28)
          at TCP.<anonymous> (node:net:343:12)

      at ConnectionManager.onConnectionError (modules/core/src/client/connection-manager.ts:144:21)
          at Array.forEach (<anonymous>)

    console.log
      connection error: TypeError: Cannot read properties of undefined (reading 'decoder')
          at wireEvents (/data/Workspace/helios/starwards/node_modules/colyseus-events/src/wire-events.ts:30:40)
          at /data/Workspace/helios/starwards/modules/core/src/client/admin.ts:20:5
          at processTicksAndRejections (node:internal/process/task_queues:95:5)
          at /data/Workspace/helios/starwards/modules/core/src/client/connection-manager.ts:131:21

      at ConnectionManager.onConnectionError (modules/core/src/client/connection-manager.ts:144:21)

    console.log
      connection error: Error: disconnected from server
          at EventEmitter.<anonymous> (/data/Workspace/helios/starwards/modules/core/src/client/driver.ts:53:58)
          at /data/Workspace/helios/starwards/node_modules/colyseus.js/src/core/signal.ts:15:48
          at Array.forEach (<anonymous>)
          at EventEmitter.invoke (/data/Workspace/helios/starwards/node_modules/colyseus.js/src/core/signal.ts:15:19)
          at Function.register.invoke (/data/Workspace/helios/starwards/node_modules/colyseus.js/src/core/signal.ts:57:81)
          at WebSocket.connection.events.onclose (/data/Workspace/helios/starwards/node_modules/colyseus.js/src/Room.ts:89:30)
          at callListener (/data/Workspace/helios/starwards/node_modules/colyseus.js/node_modules/ws/lib/event-target.js:290:14)
          at WebSocket.onClose (/data/Workspace/helios/starwards/node_modules/colyseus.js/node_modules/ws/lib/event-target.js:220:9)
          at WebSocket.emit (node:events:524:28)
          at WebSocket.emitClose (/data/Workspace/helios/starwards/node_modules/colyseus.js/node_modules/ws/lib/websocket.js:272:10)
          at Socket.socketOnClose (/data/Workspace/helios/starwards/node_modules/colyseus.js/node_modules/ws/lib/websocket.js:1341:15)
          at Socket.emit (node:events:524:28)
          at TCP.<anonymous> (node:net:343:12)

      at ConnectionManager.onConnectionError (modules/core/src/client/connection-manager.ts:144:21)
          at Array.forEach (<anonymous>)

    console.log
      connection error: TypeError: Cannot read properties of undefined (reading 'decoder')
          at wireEvents (/data/Workspace/helios/starwards/node_modules/colyseus-events/src/wire-events.ts:30:40)
          at /data/Workspace/helios/starwards/modules/core/src/client/admin.ts:20:5
          at processTicksAndRejections (node:internal/process/task_queues:95:5)
          at /data/Workspace/helios/starwards/modules/core/src/client/connection-manager.ts:131:21

      at ConnectionManager.onConnectionError (modules/core/src/client/connection-manager.ts:144:21)

    console.log
      connection error: Error: disconnected from server
          at EventEmitter.<anonymous> (/data/Workspace/helios/starwards/modules/core/src/client/driver.ts:53:58)
          at /data/Workspace/helios/starwards/node_modules/colyseus.js/src/core/signal.ts:15:48
          at Array.forEach (<anonymous>)
          at EventEmitter.invoke (/data/Workspace/helios/starwards/node_modules/colyseus.js/src/core/signal.ts:15:19)
          at Function.register.invoke (/data/Workspace/helios/starwards/node_modules/colyseus.js/src/core/signal.ts:57:81)
          at WebSocket.connection.events.onclose (/data/Workspace/helios/starwards/node_modules/colyseus.js/src/Room.ts:89:30)
          at callListener (/data/Workspace/helios/starwards/node_modules/colyseus.js/node_modules/ws/lib/event-target.js:290:14)
          at WebSocket.onClose (/data/Workspace/helios/starwards/node_modules/colyseus.js/node_modules/ws/lib/event-target.js:220:9)
          at WebSocket.emit (node:events:524:28)
          at WebSocket.emitClose (/data/Workspace/helios/starwards/node_modules/colyseus.js/node_modules/ws/lib/websocket.js:272:10)
          at Socket.socketOnClose (/data/Workspace/helios/starwards/node_modules/colyseus.js/node_modules/ws/lib/websocket.js:1341:15)
          at Socket.emit (node:events:524:28)
          at TCP.<anonymous> (node:net:343:12)

      at ConnectionManager.onConnectionError (modules/core/src/client/connection-manager.ts:144:21)
          at Array.forEach (<anonymous>)

    console.log
      connection error: TypeError: Cannot read properties of undefined (reading 'decoder')
          at wireEvents (/data/Workspace/helios/starwards/node_modules/colyseus-events/src/wire-events.ts:30:40)
          at /data/Workspace/helios/starwards/modules/core/src/client/admin.ts:20:5
          at processTicksAndRejections (node:internal/process/task_queues:95:5)
          at /data/Workspace/helios/starwards/modules/core/src/client/connection-manager.ts:131:21

      at ConnectionManager.onConnectionError (modules/core/src/client/connection-manager.ts:144:21)

    console.log
      connection error: Error: disconnected from server
          at EventEmitter.<anonymous> (/data/Workspace/helios/starwards/modules/core/src/client/driver.ts:53:58)
          at /data/Workspace/helios/starwards/node_modules/colyseus.js/src/core/signal.ts:15:48
          at Array.forEach (<anonymous>)
          at EventEmitter.invoke (/data/Workspace/helios/starwards/node_modules/colyseus.js/src/core/signal.ts:15:19)
          at Function.register.invoke (/data/Workspace/helios/starwards/node_modules/colyseus.js/src/core/signal.ts:57:81)
          at WebSocket.connection.events.onclose (/data/Workspace/helios/starwards/node_modules/colyseus.js/src/Room.ts:89:30)
          at callListener (/data/Workspace/helios/starwards/node_modules/colyseus.js/node_modules/ws/lib/event-target.js:290:14)
          at WebSocket.onClose (/data/Workspace/helios/starwards/node_modules/colyseus.js/node_modules/ws/lib/event-target.js:220:9)
          at WebSocket.emit (node:events:524:28)
          at WebSocket.emitClose (/data/Workspace/helios/starwards/node_modules/colyseus.js/node_modules/ws/lib/websocket.js:272:10)
          at Socket.socketOnClose (/data/Workspace/helios/starwards/node_modules/colyseus.js/node_modules/ws/lib/websocket.js:1341:15)
          at Socket.emit (node:events:524:28)
          at TCP.<anonymous> (node:net:343:12)

      at ConnectionManager.onConnectionError (modules/core/src/client/connection-manager.ts:144:21)
          at Array.forEach (<anonymous>)

    console.log
      connection error: TypeError: Cannot read properties of undefined (reading 'decoder')
          at wireEvents (/data/Workspace/helios/starwards/node_modules/colyseus-events/src/wire-events.ts:30:40)
          at /data/Workspace/helios/starwards/modules/core/src/client/admin.ts:20:5
          at processTicksAndRejections (node:internal/process/task_queues:95:5)
          at /data/Workspace/helios/starwards/modules/core/src/client/connection-manager.ts:131:21

      at ConnectionManager.onConnectionError (modules/core/src/client/connection-manager.ts:144:21)

    console.log
      connection error: Error: disconnected from server
          at EventEmitter.<anonymous> (/data/Workspace/helios/starwards/modules/core/src/client/driver.ts:53:58)
          at /data/Workspace/helios/starwards/node_modules/colyseus.js/src/core/signal.ts:15:48
          at Array.forEach (<anonymous>)
          at EventEmitter.invoke (/data/Workspace/helios/starwards/node_modules/colyseus.js/src/core/signal.ts:15:19)
          at Function.register.invoke (/data/Workspace/helios/starwards/node_modules/colyseus.js/src/core/signal.ts:57:81)
          at WebSocket.connection.events.onclose (/data/Workspace/helios/starwards/node_modules/colyseus.js/src/Room.ts:89:30)
          at callListener (/data/Workspace/helios/starwards/node_modules/colyseus.js/node_modules/ws/lib/event-target.js:290:14)
          at WebSocket.onClose (/data/Workspace/helios/starwards/node_modules/colyseus.js/node_modules/ws/lib/event-target.js:220:9)
          at WebSocket.emit (node:events:524:28)
          at WebSocket.emitClose (/data/Workspace/helios/starwards/node_modules/colyseus.js/node_modules/ws/lib/websocket.js:272:10)
          at Socket.socketOnClose (/data/Workspace/helios/starwards/node_modules/colyseus.js/node_modules/ws/lib/websocket.js:1341:15)
          at Socket.emit (node:events:524:28)
          at TCP.<anonymous> (node:net:343:12)

      at ConnectionManager.onConnectionError (modules/core/src/client/connection-manager.ts:144:21)
          at Array.forEach (<anonymous>)

    console.log
      connection error: TypeError: Cannot read properties of undefined (reading 'decoder')
          at wireEvents (/data/Workspace/helios/starwards/node_modules/colyseus-events/src/wire-events.ts:30:40)
          at /data/Workspace/helios/starwards/modules/core/src/client/admin.ts:20:5
          at processTicksAndRejections (node:internal/process/task_queues:95:5)
          at /data/Workspace/helios/starwards/modules/core/src/client/connection-manager.ts:131:21

      at ConnectionManager.onConnectionError (modules/core/src/client/connection-manager.ts:144:21)

    console.log
      connection error: Error: disconnected from server
          at EventEmitter.<anonymous> (/data/Workspace/helios/starwards/modules/core/src/client/driver.ts:53:58)
          at /data/Workspace/helios/starwards/node_modules/colyseus.js/src/core/signal.ts:15:48
          at Array.forEach (<anonymous>)
          at EventEmitter.invoke (/data/Workspace/helios/starwards/node_modules/colyseus.js/src/core/signal.ts:15:19)
          at Function.register.invoke (/data/Workspace/helios/starwards/node_modules/colyseus.js/src/core/signal.ts:57:81)
          at WebSocket.connection.events.onclose (/data/Workspace/helios/starwards/node_modules/colyseus.js/src/Room.ts:89:30)
          at callListener (/data/Workspace/helios/starwards/node_modules/colyseus.js/node_modules/ws/lib/event-target.js:290:14)
          at WebSocket.onClose (/data/Workspace/helios/starwards/node_modules/colyseus.js/node_modules/ws/lib/event-target.js:220:9)
          at WebSocket.emit (node:events:524:28)
          at WebSocket.emitClose (/data/Workspace/helios/starwards/node_modules/colyseus.js/node_modules/ws/lib/websocket.js:272:10)
          at Socket.socketOnClose (/data/Workspace/helios/starwards/node_modules/colyseus.js/node_modules/ws/lib/websocket.js:1341:15)
          at Socket.emit (node:events:524:28)
          at TCP.<anonymous> (node:net:343:12)

      at ConnectionManager.onConnectionError (modules/core/src/client/connection-manager.ts:144:21)
          at Array.forEach (<anonymous>)

    console.log
      connection error: TypeError: Cannot read properties of undefined (reading 'decoder')
          at wireEvents (/data/Workspace/helios/starwards/node_modules/colyseus-events/src/wire-events.ts:30:40)
          at /data/Workspace/helios/starwards/modules/core/src/client/admin.ts:20:5
          at processTicksAndRejections (node:internal/process/task_queues:95:5)
          at /data/Workspace/helios/starwards/modules/core/src/client/connection-manager.ts:131:21

      at ConnectionManager.onConnectionError (modules/core/src/client/connection-manager.ts:144:21)

    console.log
      connection error: Error: disconnected from server
          at EventEmitter.<anonymous> (/data/Workspace/helios/starwards/modules/core/src/client/driver.ts:53:58)
          at /data/Workspace/helios/starwards/node_modules/colyseus.js/src/core/signal.ts:15:48
          at Array.forEach (<anonymous>)
          at EventEmitter.invoke (/data/Workspace/helios/starwards/node_modules/colyseus.js/src/core/signal.ts:15:19)
          at Function.register.invoke (/data/Workspace/helios/starwards/node_modules/colyseus.js/src/core/signal.ts:57:81)
          at WebSocket.connection.events.onclose (/data/Workspace/helios/starwards/node_modules/colyseus.js/src/Room.ts:89:30)
          at callListener (/data/Workspace/helios/starwards/node_modules/colyseus.js/node_modules/ws/lib/event-target.js:290:14)
          at WebSocket.onClose (/data/Workspace/helios/starwards/node_modules/colyseus.js/node_modules/ws/lib/event-target.js:220:9)
          at WebSocket.emit (node:events:524:28)
          at WebSocket.emitClose (/data/Workspace/helios/starwards/node_modules/colyseus.js/node_modules/ws/lib/websocket.js:272:10)
          at Socket.socketOnClose (/data/Workspace/helios/starwards/node_modules/colyseus.js/node_modules/ws/lib/websocket.js:1341:15)
          at Socket.emit (node:events:524:28)
          at TCP.<anonymous> (node:net:343:12)

      at ConnectionManager.onConnectionError (modules/core/src/client/connection-manager.ts:144:21)
          at Array.forEach (<anonymous>)

    console.log
      connection error: TypeError: Cannot read properties of undefined (reading 'decoder')
          at wireEvents (/data/Workspace/helios/starwards/node_modules/colyseus-events/src/wire-events.ts:30:40)
          at /data/Workspace/helios/starwards/modules/core/src/client/admin.ts:20:5
          at processTicksAndRejections (node:internal/process/task_queues:95:5)
          at /data/Workspace/helios/starwards/modules/core/src/client/connection-manager.ts:131:21

      at ConnectionManager.onConnectionError (modules/core/src/client/connection-manager.ts:144:21)

    console.log
      connection error: Error: disconnected from server
          at EventEmitter.<anonymous> (/data/Workspace/helios/starwards/modules/core/src/client/driver.ts:53:58)
          at /data/Workspace/helios/starwards/node_modules/colyseus.js/src/core/signal.ts:15:48
          at Array.forEach (<anonymous>)
          at EventEmitter.invoke (/data/Workspace/helios/starwards/node_modules/colyseus.js/src/core/signal.ts:15:19)
          at Function.register.invoke (/data/Workspace/helios/starwards/node_modules/colyseus.js/src/core/signal.ts:57:81)
          at WebSocket.connection.events.onclose (/data/Workspace/helios/starwards/node_modules/colyseus.js/src/Room.ts:89:30)
          at callListener (/data/Workspace/helios/starwards/node_modules/colyseus.js/node_modules/ws/lib/event-target.js:290:14)
          at WebSocket.onClose (/data/Workspace/helios/starwards/node_modules/colyseus.js/node_modules/ws/lib/event-target.js:220:9)
          at WebSocket.emit (node:events:524:28)
          at WebSocket.emitClose (/data/Workspace/helios/starwards/node_modules/colyseus.js/node_modules/ws/lib/websocket.js:272:10)
          at Socket.socketOnClose (/data/Workspace/helios/starwards/node_modules/colyseus.js/node_modules/ws/lib/websocket.js:1341:15)
          at Socket.emit (node:events:524:28)
          at TCP.<anonymous> (node:net:343:12)

      at ConnectionManager.onConnectionError (modules/core/src/client/connection-manager.ts:144:21)
          at Array.forEach (<anonymous>)

    console.log
      connection error: TypeError: Cannot read properties of undefined (reading 'decoder')
          at wireEvents (/data/Workspace/helios/starwards/node_modules/colyseus-events/src/wire-events.ts:30:40)
          at /data/Workspace/helios/starwards/modules/core/src/client/admin.ts:20:5
          at processTicksAndRejections (node:internal/process/task_queues:95:5)
          at /data/Workspace/helios/starwards/modules/core/src/client/connection-manager.ts:131:21

      at ConnectionManager.onConnectionError (modules/core/src/client/connection-manager.ts:144:21)

    console.log
      connection error: Error: disconnected from server
          at EventEmitter.<anonymous> (/data/Workspace/helios/starwards/modules/core/src/client/driver.ts:53:58)
          at /data/Workspace/helios/starwards/node_modules/colyseus.js/src/core/signal.ts:15:48
          at Array.forEach (<anonymous>)
          at EventEmitter.invoke (/data/Workspace/helios/starwards/node_modules/colyseus.js/src/core/signal.ts:15:19)
          at Function.register.invoke (/data/Workspace/helios/starwards/node_modules/colyseus.js/src/core/signal.ts:57:81)
          at WebSocket.connection.events.onclose (/data/Workspace/helios/starwards/node_modules/colyseus.js/src/Room.ts:89:30)
          at callListener (/data/Workspace/helios/starwards/node_modules/colyseus.js/node_modules/ws/lib/event-target.js:290:14)
          at WebSocket.onClose (/data/Workspace/helios/starwards/node_modules/colyseus.js/node_modules/ws/lib/event-target.js:220:9)
          at WebSocket.emit (node:events:524:28)
          at WebSocket.emitClose (/data/Workspace/helios/starwards/node_modules/colyseus.js/node_modules/ws/lib/websocket.js:272:10)
          at Socket.socketOnClose (/data/Workspace/helios/starwards/node_modules/colyseus.js/node_modules/ws/lib/websocket.js:1341:15)
          at Socket.emit (node:events:524:28)
          at TCP.<anonymous> (node:net:343:12)

      at ConnectionManager.onConnectionError (modules/core/src/client/connection-manager.ts:144:21)
          at Array.forEach (<anonymous>)

    console.log
      connection error: TypeError: Cannot read properties of undefined (reading 'decoder')
          at wireEvents (/data/Workspace/helios/starwards/node_modules/colyseus-events/src/wire-events.ts:30:40)
          at /data/Workspace/helios/starwards/modules/core/src/client/admin.ts:20:5
          at processTicksAndRejections (node:internal/process/task_queues:95:5)
          at /data/Workspace/helios/starwards/modules/core/src/client/connection-manager.ts:131:21

      at ConnectionManager.onConnectionError (modules/core/src/client/connection-manager.ts:144:21)

    console.log
      connection error: Error: disconnected from server
          at EventEmitter.<anonymous> (/data/Workspace/helios/starwards/modules/core/src/client/driver.ts:53:58)
          at /data/Workspace/helios/starwards/node_modules/colyseus.js/src/core/signal.ts:15:48
          at Array.forEach (<anonymous>)
          at EventEmitter.invoke (/data/Workspace/helios/starwards/node_modules/colyseus.js/src/core/signal.ts:15:19)
          at Function.register.invoke (/data/Workspace/helios/starwards/node_modules/colyseus.js/src/core/signal.ts:57:81)
          at WebSocket.connection.events.onclose (/data/Workspace/helios/starwards/node_modules/colyseus.js/src/Room.ts:89:30)
          at callListener (/data/Workspace/helios/starwards/node_modules/colyseus.js/node_modules/ws/lib/event-target.js:290:14)
          at WebSocket.onClose (/data/Workspace/helios/starwards/node_modules/colyseus.js/node_modules/ws/lib/event-target.js:220:9)
          at WebSocket.emit (node:events:524:28)
          at WebSocket.emitClose (/data/Workspace/helios/starwards/node_modules/colyseus.js/node_modules/ws/lib/websocket.js:272:10)
          at Socket.socketOnClose (/data/Workspace/helios/starwards/node_modules/colyseus.js/node_modules/ws/lib/websocket.js:1341:15)
          at Socket.emit (node:events:524:28)
          at TCP.<anonymous> (node:net:343:12)

      at ConnectionManager.onConnectionError (modules/core/src/client/connection-manager.ts:144:21)
          at Array.forEach (<anonymous>)

    console.log
      connection error: TypeError: Cannot read properties of undefined (reading 'decoder')
          at wireEvents (/data/Workspace/helios/starwards/node_modules/colyseus-events/src/wire-events.ts:30:40)
          at /data/Workspace/helios/starwards/modules/core/src/client/admin.ts:20:5
          at processTicksAndRejections (node:internal/process/task_queues:95:5)
          at /data/Workspace/helios/starwards/modules/core/src/client/connection-manager.ts:131:21

      at ConnectionManager.onConnectionError (modules/core/src/client/connection-manager.ts:144:21)

    console.log
      connection error: Error: disconnected from server
          at EventEmitter.<anonymous> (/data/Workspace/helios/starwards/modules/core/src/client/driver.ts:53:58)
          at /data/Workspace/helios/starwards/node_modules/colyseus.js/src/core/signal.ts:15:48
          at Array.forEach (<anonymous>)
          at EventEmitter.invoke (/data/Workspace/helios/starwards/node_modules/colyseus.js/src/core/signal.ts:15:19)
          at Function.register.invoke (/data/Workspace/helios/starwards/node_modules/colyseus.js/src/core/signal.ts:57:81)
          at WebSocket.connection.events.onclose (/data/Workspace/helios/starwards/node_modules/colyseus.js/src/Room.ts:89:30)
          at callListener (/data/Workspace/helios/starwards/node_modules/colyseus.js/node_modules/ws/lib/event-target.js:290:14)
          at WebSocket.onClose (/data/Workspace/helios/starwards/node_modules/colyseus.js/node_modules/ws/lib/event-target.js:220:9)
          at WebSocket.emit (node:events:524:28)
          at WebSocket.emitClose (/data/Workspace/helios/starwards/node_modules/colyseus.js/node_modules/ws/lib/websocket.js:272:10)
          at Socket.socketOnClose (/data/Workspace/helios/starwards/node_modules/colyseus.js/node_modules/ws/lib/websocket.js:1341:15)
          at Socket.emit (node:events:524:28)
          at TCP.<anonymous> (node:net:343:12)

      at ConnectionManager.onConnectionError (modules/core/src/client/connection-manager.ts:144:21)
          at Array.forEach (<anonymous>)

    console.log
      connection error: TypeError: Cannot read properties of undefined (reading 'decoder')
          at wireEvents (/data/Workspace/helios/starwards/node_modules/colyseus-events/src/wire-events.ts:30:40)
          at /data/Workspace/helios/starwards/modules/core/src/client/admin.ts:20:5
          at processTicksAndRejections (node:internal/process/task_queues:95:5)
          at /data/Workspace/helios/starwards/modules/core/src/client/connection-manager.ts:131:21

      at ConnectionManager.onConnectionError (modules/core/src/client/connection-manager.ts:144:21)

    console.log
      connection error: Error: disconnected from server
          at EventEmitter.<anonymous> (/data/Workspace/helios/starwards/modules/core/src/client/driver.ts:53:58)
          at /data/Workspace/helios/starwards/node_modules/colyseus.js/src/core/signal.ts:15:48
          at Array.forEach (<anonymous>)
          at EventEmitter.invoke (/data/Workspace/helios/starwards/node_modules/colyseus.js/src/core/signal.ts:15:19)
          at Function.register.invoke (/data/Workspace/helios/starwards/node_modules/colyseus.js/src/core/signal.ts:57:81)
          at WebSocket.connection.events.onclose (/data/Workspace/helios/starwards/node_modules/colyseus.js/src/Room.ts:89:30)
          at callListener (/data/Workspace/helios/starwards/node_modules/colyseus.js/node_modules/ws/lib/event-target.js:290:14)
          at WebSocket.onClose (/data/Workspace/helios/starwards/node_modules/colyseus.js/node_modules/ws/lib/event-target.js:220:9)
          at WebSocket.emit (node:events:524:28)
          at WebSocket.emitClose (/data/Workspace/helios/starwards/node_modules/colyseus.js/node_modules/ws/lib/websocket.js:272:10)
          at Socket.socketOnClose (/data/Workspace/helios/starwards/node_modules/colyseus.js/node_modules/ws/lib/websocket.js:1341:15)
          at Socket.emit (node:events:524:28)
          at TCP.<anonymous> (node:net:343:12)

      at ConnectionManager.onConnectionError (modules/core/src/client/connection-manager.ts:144:21)
          at Array.forEach (<anonymous>)

    console.log
      connection error: TypeError: Cannot read properties of undefined (reading 'decoder')
          at wireEvents (/data/Workspace/helios/starwards/node_modules/colyseus-events/src/wire-events.ts:30:40)
          at /data/Workspace/helios/starwards/modules/core/src/client/admin.ts:20:5
          at processTicksAndRejections (node:internal/process/task_queues:95:5)
          at /data/Workspace/helios/starwards/modules/core/src/client/connection-manager.ts:131:21

      at ConnectionManager.onConnectionError (modules/core/src/client/connection-manager.ts:144:21)

    console.log
      connection error: Error: disconnected from server
          at EventEmitter.<anonymous> (/data/Workspace/helios/starwards/modules/core/src/client/driver.ts:53:58)
          at /data/Workspace/helios/starwards/node_modules/colyseus.js/src/core/signal.ts:15:48
          at Array.forEach (<anonymous>)
          at EventEmitter.invoke (/data/Workspace/helios/starwards/node_modules/colyseus.js/src/core/signal.ts:15:19)
          at Function.register.invoke (/data/Workspace/helios/starwards/node_modules/colyseus.js/src/core/signal.ts:57:81)
          at WebSocket.connection.events.onclose (/data/Workspace/helios/starwards/node_modules/colyseus.js/src/Room.ts:89:30)
          at callListener (/data/Workspace/helios/starwards/node_modules/colyseus.js/node_modules/ws/lib/event-target.js:290:14)
          at WebSocket.onClose (/data/Workspace/helios/starwards/node_modules/colyseus.js/node_modules/ws/lib/event-target.js:220:9)
          at WebSocket.emit (node:events:524:28)
          at WebSocket.emitClose (/data/Workspace/helios/starwards/node_modules/colyseus.js/node_modules/ws/lib/websocket.js:272:10)
          at Socket.socketOnClose (/data/Workspace/helios/starwards/node_modules/colyseus.js/node_modules/ws/lib/websocket.js:1341:15)
          at Socket.emit (node:events:524:28)
          at TCP.<anonymous> (node:net:343:12)

      at ConnectionManager.onConnectionError (modules/core/src/client/connection-manager.ts:144:21)
          at Array.forEach (<anonymous>)

    console.log
      connection error: TypeError: Cannot read properties of undefined (reading 'decoder')
          at wireEvents (/data/Workspace/helios/starwards/node_modules/colyseus-events/src/wire-events.ts:30:40)
          at /data/Workspace/helios/starwards/modules/core/src/client/admin.ts:20:5
          at processTicksAndRejections (node:internal/process/task_queues:95:5)
          at /data/Workspace/helios/starwards/modules/core/src/client/connection-manager.ts:131:21

      at ConnectionManager.onConnectionError (modules/core/src/client/connection-manager.ts:144:21)

    console.log
      connection error: Error: disconnected from server
          at EventEmitter.<anonymous> (/data/Workspace/helios/starwards/modules/core/src/client/driver.ts:53:58)
          at /data/Workspace/helios/starwards/node_modules/colyseus.js/src/core/signal.ts:15:48
          at Array.forEach (<anonymous>)
          at EventEmitter.invoke (/data/Workspace/helios/starwards/node_modules/colyseus.js/src/core/signal.ts:15:19)
          at Function.register.invoke (/data/Workspace/helios/starwards/node_modules/colyseus.js/src/core/signal.ts:57:81)
          at WebSocket.connection.events.onclose (/data/Workspace/helios/starwards/node_modules/colyseus.js/src/Room.ts:89:30)
          at callListener (/data/Workspace/helios/starwards/node_modules/colyseus.js/node_modules/ws/lib/event-target.js:290:14)
          at WebSocket.onClose (/data/Workspace/helios/starwards/node_modules/colyseus.js/node_modules/ws/lib/event-target.js:220:9)
          at WebSocket.emit (node:events:524:28)
          at WebSocket.emitClose (/data/Workspace/helios/starwards/node_modules/colyseus.js/node_modules/ws/lib/websocket.js:272:10)
          at Socket.socketOnClose (/data/Workspace/helios/starwards/node_modules/colyseus.js/node_modules/ws/lib/websocket.js:1341:15)
          at Socket.emit (node:events:524:28)
          at TCP.<anonymous> (node:net:343:12)

      at ConnectionManager.onConnectionError (modules/core/src/client/connection-manager.ts:144:21)
          at Array.forEach (<anonymous>)

    console.log
      connection error: TypeError: Cannot read properties of undefined (reading 'decoder')
          at wireEvents (/data/Workspace/helios/starwards/node_modules/colyseus-events/src/wire-events.ts:30:40)
          at /data/Workspace/helios/starwards/modules/core/src/client/admin.ts:20:5
          at processTicksAndRejections (node:internal/process/task_queues:95:5)
          at /data/Workspace/helios/starwards/modules/core/src/client/connection-manager.ts:131:21

      at ConnectionManager.onConnectionError (modules/core/src/client/connection-manager.ts:144:21)

    console.log
      connection error: Error: disconnected from server
          at EventEmitter.<anonymous> (/data/Workspace/helios/starwards/modules/core/src/client/driver.ts:53:58)
          at /data/Workspace/helios/starwards/node_modules/colyseus.js/src/core/signal.ts:15:48
          at Array.forEach (<anonymous>)
          at EventEmitter.invoke (/data/Workspace/helios/starwards/node_modules/colyseus.js/src/core/signal.ts:15:19)
          at Function.register.invoke (/data/Workspace/helios/starwards/node_modules/colyseus.js/src/core/signal.ts:57:81)
          at WebSocket.connection.events.onclose (/data/Workspace/helios/starwards/node_modules/colyseus.js/src/Room.ts:89:30)
          at callListener (/data/Workspace/helios/starwards/node_modules/colyseus.js/node_modules/ws/lib/event-target.js:290:14)
          at WebSocket.onClose (/data/Workspace/helios/starwards/node_modules/colyseus.js/node_modules/ws/lib/event-target.js:220:9)
          at WebSocket.emit (node:events:524:28)
          at WebSocket.emitClose (/data/Workspace/helios/starwards/node_modules/colyseus.js/node_modules/ws/lib/websocket.js:272:10)
          at Socket.socketOnClose (/data/Workspace/helios/starwards/node_modules/colyseus.js/node_modules/ws/lib/websocket.js:1341:15)
          at Socket.emit (node:events:524:28)
          at TCP.<anonymous> (node:net:343:12)

      at ConnectionManager.onConnectionError (modules/core/src/client/connection-manager.ts:144:21)
          at Array.forEach (<anonymous>)

    console.log
      connection error: TypeError: Cannot read properties of undefined (reading 'decoder')
          at wireEvents (/data/Workspace/helios/starwards/node_modules/colyseus-events/src/wire-events.ts:30:40)
          at /data/Workspace/helios/starwards/modules/core/src/client/admin.ts:20:5
          at processTicksAndRejections (node:internal/process/task_queues:95:5)
          at /data/Workspace/helios/starwards/modules/core/src/client/connection-manager.ts:131:21

      at ConnectionManager.onConnectionError (modules/core/src/client/connection-manager.ts:144:21)

    console.log
      connection error: Error: disconnected from server
          at EventEmitter.<anonymous> (/data/Workspace/helios/starwards/modules/core/src/client/driver.ts:53:58)
          at /data/Workspace/helios/starwards/node_modules/colyseus.js/src/core/signal.ts:15:48
          at Array.forEach (<anonymous>)
          at EventEmitter.invoke (/data/Workspace/helios/starwards/node_modules/colyseus.js/src/core/signal.ts:15:19)
          at Function.register.invoke (/data/Workspace/helios/starwards/node_modules/colyseus.js/src/core/signal.ts:57:81)
          at WebSocket.connection.events.onclose (/data/Workspace/helios/starwards/node_modules/colyseus.js/src/Room.ts:89:30)
          at callListener (/data/Workspace/helios/starwards/node_modules/colyseus.js/node_modules/ws/lib/event-target.js:290:14)
          at WebSocket.onClose (/data/Workspace/helios/starwards/node_modules/colyseus.js/node_modules/ws/lib/event-target.js:220:9)
          at WebSocket.emit (node:events:524:28)
          at WebSocket.emitClose (/data/Workspace/helios/starwards/node_modules/colyseus.js/node_modules/ws/lib/websocket.js:272:10)
          at Socket.socketOnClose (/data/Workspace/helios/starwards/node_modules/colyseus.js/node_modules/ws/lib/websocket.js:1341:15)
          at Socket.emit (node:events:524:28)
          at TCP.<anonymous> (node:net:343:12)

      at ConnectionManager.onConnectionError (modules/core/src/client/connection-manager.ts:144:21)
          at Array.forEach (<anonymous>)

    console.log
      connection error: TypeError: Cannot read properties of undefined (reading 'decoder')
          at wireEvents (/data/Workspace/helios/starwards/node_modules/colyseus-events/src/wire-events.ts:30:40)
          at /data/Workspace/helios/starwards/modules/core/src/client/admin.ts:20:5
          at processTicksAndRejections (node:internal/process/task_queues:95:5)
          at /data/Workspace/helios/starwards/modules/core/src/client/connection-manager.ts:131:21

      at ConnectionManager.onConnectionError (modules/core/src/client/connection-manager.ts:144:21)

    console.log
      connection error: Error: disconnected from server
          at EventEmitter.<anonymous> (/data/Workspace/helios/starwards/modules/core/src/client/driver.ts:53:58)
          at /data/Workspace/helios/starwards/node_modules/colyseus.js/src/core/signal.ts:15:48
          at Array.forEach (<anonymous>)
          at EventEmitter.invoke (/data/Workspace/helios/starwards/node_modules/colyseus.js/src/core/signal.ts:15:19)
          at Function.register.invoke (/data/Workspace/helios/starwards/node_modules/colyseus.js/src/core/signal.ts:57:81)
          at WebSocket.connection.events.onclose (/data/Workspace/helios/starwards/node_modules/colyseus.js/src/Room.ts:89:30)
          at callListener (/data/Workspace/helios/starwards/node_modules/colyseus.js/node_modules/ws/lib/event-target.js:290:14)
          at WebSocket.onClose (/data/Workspace/helios/starwards/node_modules/colyseus.js/node_modules/ws/lib/event-target.js:220:9)
          at WebSocket.emit (node:events:524:28)
          at WebSocket.emitClose (/data/Workspace/helios/starwards/node_modules/colyseus.js/node_modules/ws/lib/websocket.js:272:10)
          at Socket.socketOnClose (/data/Workspace/helios/starwards/node_modules/colyseus.js/node_modules/ws/lib/websocket.js:1341:15)
          at Socket.emit (node:events:524:28)
          at TCP.<anonymous> (node:net:343:12)

      at ConnectionManager.onConnectionError (modules/core/src/client/connection-manager.ts:144:21)
          at Array.forEach (<anonymous>)

    console.log
      connection error: TypeError: Cannot read properties of undefined (reading 'decoder')
          at wireEvents (/data/Workspace/helios/starwards/node_modules/colyseus-events/src/wire-events.ts:30:40)
          at /data/Workspace/helios/starwards/modules/core/src/client/admin.ts:20:5
          at processTicksAndRejections (node:internal/process/task_queues:95:5)
          at /data/Workspace/helios/starwards/modules/core/src/client/connection-manager.ts:131:21

      at ConnectionManager.onConnectionError (modules/core/src/client/connection-manager.ts:144:21)

    console.log
      connection error: Error: disconnected from server
          at EventEmitter.<anonymous> (/data/Workspace/helios/starwards/modules/core/src/client/driver.ts:53:58)
          at /data/Workspace/helios/starwards/node_modules/colyseus.js/src/core/signal.ts:15:48
          at Array.forEach (<anonymous>)
          at EventEmitter.invoke (/data/Workspace/helios/starwards/node_modules/colyseus.js/src/core/signal.ts:15:19)
          at Function.register.invoke (/data/Workspace/helios/starwards/node_modules/colyseus.js/src/core/signal.ts:57:81)
          at WebSocket.connection.events.onclose (/data/Workspace/helios/starwards/node_modules/colyseus.js/src/Room.ts:89:30)
          at callListener (/data/Workspace/helios/starwards/node_modules/colyseus.js/node_modules/ws/lib/event-target.js:290:14)
          at WebSocket.onClose (/data/Workspace/helios/starwards/node_modules/colyseus.js/node_modules/ws/lib/event-target.js:220:9)
          at WebSocket.emit (node:events:524:28)
          at WebSocket.emitClose (/data/Workspace/helios/starwards/node_modules/colyseus.js/node_modules/ws/lib/websocket.js:272:10)
          at Socket.socketOnClose (/data/Workspace/helios/starwards/node_modules/colyseus.js/node_modules/ws/lib/websocket.js:1341:15)
          at Socket.emit (node:events:524:28)
          at TCP.<anonymous> (node:net:343:12)

      at ConnectionManager.onConnectionError (modules/core/src/client/connection-manager.ts:144:21)
          at Array.forEach (<anonymous>)

    console.log
      connection error: TypeError: Cannot read properties of undefined (reading 'decoder')
          at wireEvents (/data/Workspace/helios/starwards/node_modules/colyseus-events/src/wire-events.ts:30:40)
          at /data/Workspace/helios/starwards/modules/core/src/client/admin.ts:20:5
          at processTicksAndRejections (node:internal/process/task_queues:95:5)
          at /data/Workspace/helios/starwards/modules/core/src/client/connection-manager.ts:131:21

      at ConnectionManager.onConnectionError (modules/core/src/client/connection-manager.ts:144:21)

    console.log
      connection error: Error: disconnected from server
          at EventEmitter.<anonymous> (/data/Workspace/helios/starwards/modules/core/src/client/driver.ts:53:58)
          at /data/Workspace/helios/starwards/node_modules/colyseus.js/src/core/signal.ts:15:48
          at Array.forEach (<anonymous>)
          at EventEmitter.invoke (/data/Workspace/helios/starwards/node_modules/colyseus.js/src/core/signal.ts:15:19)
          at Function.register.invoke (/data/Workspace/helios/starwards/node_modules/colyseus.js/src/core/signal.ts:57:81)
          at WebSocket.connection.events.onclose (/data/Workspace/helios/starwards/node_modules/colyseus.js/src/Room.ts:89:30)
          at callListener (/data/Workspace/helios/starwards/node_modules/colyseus.js/node_modules/ws/lib/event-target.js:290:14)
          at WebSocket.onClose (/data/Workspace/helios/starwards/node_modules/colyseus.js/node_modules/ws/lib/event-target.js:220:9)
          at WebSocket.emit (node:events:524:28)
          at WebSocket.emitClose (/data/Workspace/helios/starwards/node_modules/colyseus.js/node_modules/ws/lib/websocket.js:272:10)
          at Socket.socketOnClose (/data/Workspace/helios/starwards/node_modules/colyseus.js/node_modules/ws/lib/websocket.js:1341:15)
          at Socket.emit (node:events:524:28)
          at TCP.<anonymous> (node:net:343:12)

      at ConnectionManager.onConnectionError (modules/core/src/client/connection-manager.ts:144:21)
          at Array.forEach (<anonymous>)

    console.log
      connection error: TypeError: Cannot read properties of undefined (reading 'decoder')
          at wireEvents (/data/Workspace/helios/starwards/node_modules/colyseus-events/src/wire-events.ts:30:40)
          at /data/Workspace/helios/starwards/modules/core/src/client/admin.ts:20:5
          at processTicksAndRejections (node:internal/process/task_queues:95:5)
          at /data/Workspace/helios/starwards/modules/core/src/client/connection-manager.ts:131:21

      at ConnectionManager.onConnectionError (modules/core/src/client/connection-manager.ts:144:21)

    console.log
      connection error: Error: disconnected from server
          at EventEmitter.<anonymous> (/data/Workspace/helios/starwards/modules/core/src/client/driver.ts:53:58)
          at /data/Workspace/helios/starwards/node_modules/colyseus.js/src/core/signal.ts:15:48
          at Array.forEach (<anonymous>)
          at EventEmitter.invoke (/data/Workspace/helios/starwards/node_modules/colyseus.js/src/core/signal.ts:15:19)
          at Function.register.invoke (/data/Workspace/helios/starwards/node_modules/colyseus.js/src/core/signal.ts:57:81)
          at WebSocket.connection.events.onclose (/data/Workspace/helios/starwards/node_modules/colyseus.js/src/Room.ts:89:30)
          at callListener (/data/Workspace/helios/starwards/node_modules/colyseus.js/node_modules/ws/lib/event-target.js:290:14)
          at WebSocket.onClose (/data/Workspace/helios/starwards/node_modules/colyseus.js/node_modules/ws/lib/event-target.js:220:9)
          at WebSocket.emit (node:events:524:28)
          at WebSocket.emitClose (/data/Workspace/helios/starwards/node_modules/colyseus.js/node_modules/ws/lib/websocket.js:272:10)
          at Socket.socketOnClose (/data/Workspace/helios/starwards/node_modules/colyseus.js/node_modules/ws/lib/websocket.js:1341:15)
          at Socket.emit (node:events:524:28)
          at TCP.<anonymous> (node:net:343:12)

      at ConnectionManager.onConnectionError (modules/core/src/client/connection-manager.ts:144:21)
          at Array.forEach (<anonymous>)

    console.log
      connection error: TypeError: Cannot read properties of undefined (reading 'decoder')
          at wireEvents (/data/Workspace/helios/starwards/node_modules/colyseus-events/src/wire-events.ts:30:40)
          at /data/Workspace/helios/starwards/modules/core/src/client/admin.ts:20:5
          at processTicksAndRejections (node:internal/process/task_queues:95:5)
          at /data/Workspace/helios/starwards/modules/core/src/client/connection-manager.ts:131:21

      at ConnectionManager.onConnectionError (modules/core/src/client/connection-manager.ts:144:21)

    console.log
      connection error: Error: disconnected from server
          at EventEmitter.<anonymous> (/data/Workspace/helios/starwards/modules/core/src/client/driver.ts:53:58)
          at /data/Workspace/helios/starwards/node_modules/colyseus.js/src/core/signal.ts:15:48
          at Array.forEach (<anonymous>)
          at EventEmitter.invoke (/data/Workspace/helios/starwards/node_modules/colyseus.js/src/core/signal.ts:15:19)
          at Function.register.invoke (/data/Workspace/helios/starwards/node_modules/colyseus.js/src/core/signal.ts:57:81)
          at WebSocket.connection.events.onclose (/data/Workspace/helios/starwards/node_modules/colyseus.js/src/Room.ts:89:30)
          at callListener (/data/Workspace/helios/starwards/node_modules/colyseus.js/node_modules/ws/lib/event-target.js:290:14)
          at WebSocket.onClose (/data/Workspace/helios/starwards/node_modules/colyseus.js/node_modules/ws/lib/event-target.js:220:9)
          at WebSocket.emit (node:events:524:28)
          at WebSocket.emitClose (/data/Workspace/helios/starwards/node_modules/colyseus.js/node_modules/ws/lib/websocket.js:272:10)
          at Socket.socketOnClose (/data/Workspace/helios/starwards/node_modules/colyseus.js/node_modules/ws/lib/websocket.js:1341:15)
          at Socket.emit (node:events:524:28)
          at TCP.<anonymous> (node:net:343:12)

      at ConnectionManager.onConnectionError (modules/core/src/client/connection-manager.ts:144:21)
          at Array.forEach (<anonymous>)

    console.log
      connection error: TypeError: Cannot read properties of undefined (reading 'decoder')
          at wireEvents (/data/Workspace/helios/starwards/node_modules/colyseus-events/src/wire-events.ts:30:40)
          at /data/Workspace/helios/starwards/modules/core/src/client/admin.ts:20:5
          at processTicksAndRejections (node:internal/process/task_queues:95:5)
          at /data/Workspace/helios/starwards/modules/core/src/client/connection-manager.ts:131:21

      at ConnectionManager.onConnectionError (modules/core/src/client/connection-manager.ts:144:21)

    console.log
      connection error: Error: disconnected from server
          at EventEmitter.<anonymous> (/data/Workspace/helios/starwards/modules/core/src/client/driver.ts:53:58)
          at /data/Workspace/helios/starwards/node_modules/colyseus.js/src/core/signal.ts:15:48
          at Array.forEach (<anonymous>)
          at EventEmitter.invoke (/data/Workspace/helios/starwards/node_modules/colyseus.js/src/core/signal.ts:15:19)
          at Function.register.invoke (/data/Workspace/helios/starwards/node_modules/colyseus.js/src/core/signal.ts:57:81)
          at WebSocket.connection.events.onclose (/data/Workspace/helios/starwards/node_modules/colyseus.js/src/Room.ts:89:30)
          at callListener (/data/Workspace/helios/starwards/node_modules/colyseus.js/node_modules/ws/lib/event-target.js:290:14)
          at WebSocket.onClose (/data/Workspace/helios/starwards/node_modules/colyseus.js/node_modules/ws/lib/event-target.js:220:9)
          at WebSocket.emit (node:events:524:28)
          at WebSocket.emitClose (/data/Workspace/helios/starwards/node_modules/colyseus.js/node_modules/ws/lib/websocket.js:272:10)
          at Socket.socketOnClose (/data/Workspace/helios/starwards/node_modules/colyseus.js/node_modules/ws/lib/websocket.js:1341:15)
          at Socket.emit (node:events:524:28)
          at TCP.<anonymous> (node:net:343:12)

      at ConnectionManager.onConnectionError (modules/core/src/client/connection-manager.ts:144:21)
          at Array.forEach (<anonymous>)

    console.log
      connection error: TypeError: Cannot read properties of undefined (reading 'decoder')
          at wireEvents (/data/Workspace/helios/starwards/node_modules/colyseus-events/src/wire-events.ts:30:40)
          at /data/Workspace/helios/starwards/modules/core/src/client/admin.ts:20:5
          at processTicksAndRejections (node:internal/process/task_queues:95:5)
          at /data/Workspace/helios/starwards/modules/core/src/client/connection-manager.ts:131:21

      at ConnectionManager.onConnectionError (modules/core/src/client/connection-manager.ts:144:21)

    console.log
      connection error: Error: disconnected from server
          at EventEmitter.<anonymous> (/data/Workspace/helios/starwards/modules/core/src/client/driver.ts:53:58)
          at /data/Workspace/helios/starwards/node_modules/colyseus.js/src/core/signal.ts:15:48
          at Array.forEach (<anonymous>)
          at EventEmitter.invoke (/data/Workspace/helios/starwards/node_modules/colyseus.js/src/core/signal.ts:15:19)
          at Function.register.invoke (/data/Workspace/helios/starwards/node_modules/colyseus.js/src/core/signal.ts:57:81)
          at WebSocket.connection.events.onclose (/data/Workspace/helios/starwards/node_modules/colyseus.js/src/Room.ts:89:30)
          at callListener (/data/Workspace/helios/starwards/node_modules/colyseus.js/node_modules/ws/lib/event-target.js:290:14)
          at WebSocket.onClose (/data/Workspace/helios/starwards/node_modules/colyseus.js/node_modules/ws/lib/event-target.js:220:9)
          at WebSocket.emit (node:events:524:28)
          at WebSocket.emitClose (/data/Workspace/helios/starwards/node_modules/colyseus.js/node_modules/ws/lib/websocket.js:272:10)
          at Socket.socketOnClose (/data/Workspace/helios/starwards/node_modules/colyseus.js/node_modules/ws/lib/websocket.js:1341:15)
          at Socket.emit (node:events:524:28)
          at TCP.<anonymous> (node:net:343:12)

      at ConnectionManager.onConnectionError (modules/core/src/client/connection-manager.ts:144:21)
          at Array.forEach (<anonymous>)

    console.log
      connection error: TypeError: Cannot read properties of undefined (reading 'decoder')
          at wireEvents (/data/Workspace/helios/starwards/node_modules/colyseus-events/src/wire-events.ts:30:40)
          at /data/Workspace/helios/starwards/modules/core/src/client/admin.ts:20:5
          at processTicksAndRejections (node:internal/process/task_queues:95:5)
          at /data/Workspace/helios/starwards/modules/core/src/client/connection-manager.ts:131:21

      at ConnectionManager.onConnectionError (modules/core/src/client/connection-manager.ts:144:21)

    console.log
      connection error: Error: disconnected from server
          at EventEmitter.<anonymous> (/data/Workspace/helios/starwards/modules/core/src/client/driver.ts:53:58)
          at /data/Workspace/helios/starwards/node_modules/colyseus.js/src/core/signal.ts:15:48
          at Array.forEach (<anonymous>)
          at EventEmitter.invoke (/data/Workspace/helios/starwards/node_modules/colyseus.js/src/core/signal.ts:15:19)
          at Function.register.invoke (/data/Workspace/helios/starwards/node_modules/colyseus.js/src/core/signal.ts:57:81)
          at WebSocket.connection.events.onclose (/data/Workspace/helios/starwards/node_modules/colyseus.js/src/Room.ts:89:30)
          at callListener (/data/Workspace/helios/starwards/node_modules/colyseus.js/node_modules/ws/lib/event-target.js:290:14)
          at WebSocket.onClose (/data/Workspace/helios/starwards/node_modules/colyseus.js/node_modules/ws/lib/event-target.js:220:9)
          at WebSocket.emit (node:events:524:28)
          at WebSocket.emitClose (/data/Workspace/helios/starwards/node_modules/colyseus.js/node_modules/ws/lib/websocket.js:272:10)
          at Socket.socketOnClose (/data/Workspace/helios/starwards/node_modules/colyseus.js/node_modules/ws/lib/websocket.js:1341:15)
          at Socket.emit (node:events:524:28)
          at TCP.<anonymous> (node:net:343:12)

      at ConnectionManager.onConnectionError (modules/core/src/client/connection-manager.ts:144:21)
          at Array.forEach (<anonymous>)

    console.log
      connection error: TypeError: Cannot read properties of undefined (reading 'decoder')
          at wireEvents (/data/Workspace/helios/starwards/node_modules/colyseus-events/src/wire-events.ts:30:40)
          at /data/Workspace/helios/starwards/modules/core/src/client/admin.ts:20:5
          at processTicksAndRejections (node:internal/process/task_queues:95:5)
          at /data/Workspace/helios/starwards/modules/core/src/client/connection-manager.ts:131:21

      at ConnectionManager.onConnectionError (modules/core/src/client/connection-manager.ts:144:21)

    console.log
      connection error: Error: disconnected from server
          at EventEmitter.<anonymous> (/data/Workspace/helios/starwards/modules/core/src/client/driver.ts:53:58)
          at /data/Workspace/helios/starwards/node_modules/colyseus.js/src/core/signal.ts:15:48
          at Array.forEach (<anonymous>)
          at EventEmitter.invoke (/data/Workspace/helios/starwards/node_modules/colyseus.js/src/core/signal.ts:15:19)
          at Function.register.invoke (/data/Workspace/helios/starwards/node_modules/colyseus.js/src/core/signal.ts:57:81)
          at WebSocket.connection.events.onclose (/data/Workspace/helios/starwards/node_modules/colyseus.js/src/Room.ts:89:30)
          at callListener (/data/Workspace/helios/starwards/node_modules/colyseus.js/node_modules/ws/lib/event-target.js:290:14)
          at WebSocket.onClose (/data/Workspace/helios/starwards/node_modules/colyseus.js/node_modules/ws/lib/event-target.js:220:9)
          at WebSocket.emit (node:events:524:28)
          at WebSocket.emitClose (/data/Workspace/helios/starwards/node_modules/colyseus.js/node_modules/ws/lib/websocket.js:272:10)
          at Socket.socketOnClose (/data/Workspace/helios/starwards/node_modules/colyseus.js/node_modules/ws/lib/websocket.js:1341:15)
          at Socket.emit (node:events:524:28)
          at TCP.<anonymous> (node:net:343:12)

      at ConnectionManager.onConnectionError (modules/core/src/client/connection-manager.ts:144:21)
          at Array.forEach (<anonymous>)

    console.log
      connection error: TypeError: Cannot read properties of undefined (reading 'decoder')
          at wireEvents (/data/Workspace/helios/starwards/node_modules/colyseus-events/src/wire-events.ts:30:40)
          at /data/Workspace/helios/starwards/modules/core/src/client/admin.ts:20:5
          at processTicksAndRejections (node:internal/process/task_queues:95:5)
          at /data/Workspace/helios/starwards/modules/core/src/client/connection-manager.ts:131:21

      at ConnectionManager.onConnectionError (modules/core/src/client/connection-manager.ts:144:21)

    console.log
      connection error: Error: disconnected from server
          at EventEmitter.<anonymous> (/data/Workspace/helios/starwards/modules/core/src/client/driver.ts:53:58)
          at /data/Workspace/helios/starwards/node_modules/colyseus.js/src/core/signal.ts:15:48
          at Array.forEach (<anonymous>)
          at EventEmitter.invoke (/data/Workspace/helios/starwards/node_modules/colyseus.js/src/core/signal.ts:15:19)
          at Function.register.invoke (/data/Workspace/helios/starwards/node_modules/colyseus.js/src/core/signal.ts:57:81)
          at WebSocket.connection.events.onclose (/data/Workspace/helios/starwards/node_modules/colyseus.js/src/Room.ts:89:30)
          at callListener (/data/Workspace/helios/starwards/node_modules/colyseus.js/node_modules/ws/lib/event-target.js:290:14)
          at WebSocket.onClose (/data/Workspace/helios/starwards/node_modules/colyseus.js/node_modules/ws/lib/event-target.js:220:9)
          at WebSocket.emit (node:events:524:28)
          at WebSocket.emitClose (/data/Workspace/helios/starwards/node_modules/colyseus.js/node_modules/ws/lib/websocket.js:272:10)
          at Socket.socketOnClose (/data/Workspace/helios/starwards/node_modules/colyseus.js/node_modules/ws/lib/websocket.js:1341:15)
          at Socket.emit (node:events:524:28)
          at TCP.<anonymous> (node:net:343:12)

      at ConnectionManager.onConnectionError (modules/core/src/client/connection-manager.ts:144:21)
          at Array.forEach (<anonymous>)

    console.log
      connection error: TypeError: Cannot read properties of undefined (reading 'decoder')
          at wireEvents (/data/Workspace/helios/starwards/node_modules/colyseus-events/src/wire-events.ts:30:40)
          at /data/Workspace/helios/starwards/modules/core/src/client/admin.ts:20:5
          at processTicksAndRejections (node:internal/process/task_queues:95:5)
          at /data/Workspace/helios/starwards/modules/core/src/client/connection-manager.ts:131:21

      at ConnectionManager.onConnectionError (modules/core/src/client/connection-manager.ts:144:21)

    console.log
      connection error: Error: disconnected from server
          at EventEmitter.<anonymous> (/data/Workspace/helios/starwards/modules/core/src/client/driver.ts:53:58)
          at /data/Workspace/helios/starwards/node_modules/colyseus.js/src/core/signal.ts:15:48
          at Array.forEach (<anonymous>)
          at EventEmitter.invoke (/data/Workspace/helios/starwards/node_modules/colyseus.js/src/core/signal.ts:15:19)
          at Function.register.invoke (/data/Workspace/helios/starwards/node_modules/colyseus.js/src/core/signal.ts:57:81)
          at WebSocket.connection.events.onclose (/data/Workspace/helios/starwards/node_modules/colyseus.js/src/Room.ts:89:30)
          at callListener (/data/Workspace/helios/starwards/node_modules/colyseus.js/node_modules/ws/lib/event-target.js:290:14)
          at WebSocket.onClose (/data/Workspace/helios/starwards/node_modules/colyseus.js/node_modules/ws/lib/event-target.js:220:9)
          at WebSocket.emit (node:events:524:28)
          at WebSocket.emitClose (/data/Workspace/helios/starwards/node_modules/colyseus.js/node_modules/ws/lib/websocket.js:272:10)
          at Socket.socketOnClose (/data/Workspace/helios/starwards/node_modules/colyseus.js/node_modules/ws/lib/websocket.js:1341:15)
          at Socket.emit (node:events:524:28)
          at TCP.<anonymous> (node:net:343:12)

      at ConnectionManager.onConnectionError (modules/core/src/client/connection-manager.ts:144:21)
          at Array.forEach (<anonymous>)

    console.log
      connection error: TypeError: Cannot read properties of undefined (reading 'decoder')
          at wireEvents (/data/Workspace/helios/starwards/node_modules/colyseus-events/src/wire-events.ts:30:40)
          at /data/Workspace/helios/starwards/modules/core/src/client/admin.ts:20:5
          at processTicksAndRejections (node:internal/process/task_queues:95:5)
          at /data/Workspace/helios/starwards/modules/core/src/client/connection-manager.ts:131:21

      at ConnectionManager.onConnectionError (modules/core/src/client/connection-manager.ts:144:21)

    console.log
      connection error: Error: disconnected from server
          at EventEmitter.<anonymous> (/data/Workspace/helios/starwards/modules/core/src/client/driver.ts:53:58)
          at /data/Workspace/helios/starwards/node_modules/colyseus.js/src/core/signal.ts:15:48
          at Array.forEach (<anonymous>)
          at EventEmitter.invoke (/data/Workspace/helios/starwards/node_modules/colyseus.js/src/core/signal.ts:15:19)
          at Function.register.invoke (/data/Workspace/helios/starwards/node_modules/colyseus.js/src/core/signal.ts:57:81)
          at WebSocket.connection.events.onclose (/data/Workspace/helios/starwards/node_modules/colyseus.js/src/Room.ts:89:30)
          at callListener (/data/Workspace/helios/starwards/node_modules/colyseus.js/node_modules/ws/lib/event-target.js:290:14)
          at WebSocket.onClose (/data/Workspace/helios/starwards/node_modules/colyseus.js/node_modules/ws/lib/event-target.js:220:9)
          at WebSocket.emit (node:events:524:28)
          at WebSocket.emitClose (/data/Workspace/helios/starwards/node_modules/colyseus.js/node_modules/ws/lib/websocket.js:272:10)
          at Socket.socketOnClose (/data/Workspace/helios/starwards/node_modules/colyseus.js/node_modules/ws/lib/websocket.js:1341:15)
          at Socket.emit (node:events:524:28)
          at TCP.<anonymous> (node:net:343:12)

      at ConnectionManager.onConnectionError (modules/core/src/client/connection-manager.ts:144:21)
          at Array.forEach (<anonymous>)

    console.log
      connection error: TypeError: Cannot read properties of undefined (reading 'decoder')
          at wireEvents (/data/Workspace/helios/starwards/node_modules/colyseus-events/src/wire-events.ts:30:40)
          at /data/Workspace/helios/starwards/modules/core/src/client/admin.ts:20:5
          at processTicksAndRejections (node:internal/process/task_queues:95:5)
          at /data/Workspace/helios/starwards/modules/core/src/client/connection-manager.ts:131:21

      at ConnectionManager.onConnectionError (modules/core/src/client/connection-manager.ts:144:21)

    console.log
      connection error: Error: disconnected from server
          at EventEmitter.<anonymous> (/data/Workspace/helios/starwards/modules/core/src/client/driver.ts:53:58)
          at /data/Workspace/helios/starwards/node_modules/colyseus.js/src/core/signal.ts:15:48
          at Array.forEach (<anonymous>)
          at EventEmitter.invoke (/data/Workspace/helios/starwards/node_modules/colyseus.js/src/core/signal.ts:15:19)
          at Function.register.invoke (/data/Workspace/helios/starwards/node_modules/colyseus.js/src/core/signal.ts:57:81)
          at WebSocket.connection.events.onclose (/data/Workspace/helios/starwards/node_modules/colyseus.js/src/Room.ts:89:30)
          at callListener (/data/Workspace/helios/starwards/node_modules/colyseus.js/node_modules/ws/lib/event-target.js:290:14)
          at WebSocket.onClose (/data/Workspace/helios/starwards/node_modules/colyseus.js/node_modules/ws/lib/event-target.js:220:9)
          at WebSocket.emit (node:events:524:28)
          at WebSocket.emitClose (/data/Workspace/helios/starwards/node_modules/colyseus.js/node_modules/ws/lib/websocket.js:272:10)
          at Socket.socketOnClose (/data/Workspace/helios/starwards/node_modules/colyseus.js/node_modules/ws/lib/websocket.js:1341:15)
          at Socket.emit (node:events:524:28)
          at TCP.<anonymous> (node:net:343:12)

      at ConnectionManager.onConnectionError (modules/core/src/client/connection-manager.ts:144:21)
          at Array.forEach (<anonymous>)

    console.log
      connection error: TypeError: Cannot read properties of undefined (reading 'decoder')
          at wireEvents (/data/Workspace/helios/starwards/node_modules/colyseus-events/src/wire-events.ts:30:40)
          at /data/Workspace/helios/starwards/modules/core/src/client/admin.ts:20:5
          at processTicksAndRejections (node:internal/process/task_queues:95:5)
          at /data/Workspace/helios/starwards/modules/core/src/client/connection-manager.ts:131:21

      at ConnectionManager.onConnectionError (modules/core/src/client/connection-manager.ts:144:21)

    console.log
      connection error: Error: disconnected from server
          at EventEmitter.<anonymous> (/data/Workspace/helios/starwards/modules/core/src/client/driver.ts:53:58)
          at /data/Workspace/helios/starwards/node_modules/colyseus.js/src/core/signal.ts:15:48
          at Array.forEach (<anonymous>)
          at EventEmitter.invoke (/data/Workspace/helios/starwards/node_modules/colyseus.js/src/core/signal.ts:15:19)
          at Function.register.invoke (/data/Workspace/helios/starwards/node_modules/colyseus.js/src/core/signal.ts:57:81)
          at WebSocket.connection.events.onclose (/data/Workspace/helios/starwards/node_modules/colyseus.js/src/Room.ts:89:30)
          at callListener (/data/Workspace/helios/starwards/node_modules/colyseus.js/node_modules/ws/lib/event-target.js:290:14)
          at WebSocket.onClose (/data/Workspace/helios/starwards/node_modules/colyseus.js/node_modules/ws/lib/event-target.js:220:9)
          at WebSocket.emit (node:events:524:28)
          at WebSocket.emitClose (/data/Workspace/helios/starwards/node_modules/colyseus.js/node_modules/ws/lib/websocket.js:272:10)
          at Socket.socketOnClose (/data/Workspace/helios/starwards/node_modules/colyseus.js/node_modules/ws/lib/websocket.js:1341:15)
          at Socket.emit (node:events:524:28)
          at TCP.<anonymous> (node:net:343:12)

      at ConnectionManager.onConnectionError (modules/core/src/client/connection-manager.ts:144:21)
          at Array.forEach (<anonymous>)

    console.log
      connection error: TypeError: Cannot read properties of undefined (reading 'decoder')
          at wireEvents (/data/Workspace/helios/starwards/node_modules/colyseus-events/src/wire-events.ts:30:40)
          at /data/Workspace/helios/starwards/modules/core/src/client/admin.ts:20:5
          at processTicksAndRejections (node:internal/process/task_queues:95:5)
          at /data/Workspace/helios/starwards/modules/core/src/client/connection-manager.ts:131:21

      at ConnectionManager.onConnectionError (modules/core/src/client/connection-manager.ts:144:21)

    console.log
      connection error: Error: disconnected from server
          at EventEmitter.<anonymous> (/data/Workspace/helios/starwards/modules/core/src/client/driver.ts:53:58)
          at /data/Workspace/helios/starwards/node_modules/colyseus.js/src/core/signal.ts:15:48
          at Array.forEach (<anonymous>)
          at EventEmitter.invoke (/data/Workspace/helios/starwards/node_modules/colyseus.js/src/core/signal.ts:15:19)
          at Function.register.invoke (/data/Workspace/helios/starwards/node_modules/colyseus.js/src/core/signal.ts:57:81)
          at WebSocket.connection.events.onclose (/data/Workspace/helios/starwards/node_modules/colyseus.js/src/Room.ts:89:30)
          at callListener (/data/Workspace/helios/starwards/node_modules/colyseus.js/node_modules/ws/lib/event-target.js:290:14)
          at WebSocket.onClose (/data/Workspace/helios/starwards/node_modules/colyseus.js/node_modules/ws/lib/event-target.js:220:9)
          at WebSocket.emit (node:events:524:28)
          at WebSocket.emitClose (/data/Workspace/helios/starwards/node_modules/colyseus.js/node_modules/ws/lib/websocket.js:272:10)
          at Socket.socketOnClose (/data/Workspace/helios/starwards/node_modules/colyseus.js/node_modules/ws/lib/websocket.js:1341:15)
          at Socket.emit (node:events:524:28)
          at TCP.<anonymous> (node:net:343:12)

      at ConnectionManager.onConnectionError (modules/core/src/client/connection-manager.ts:144:21)
          at Array.forEach (<anonymous>)

    console.log
      connection error: TypeError: Cannot read properties of undefined (reading 'decoder')
          at wireEvents (/data/Workspace/helios/starwards/node_modules/colyseus-events/src/wire-events.ts:30:40)
          at /data/Workspace/helios/starwards/modules/core/src/client/admin.ts:20:5
          at processTicksAndRejections (node:internal/process/task_queues:95:5)
          at /data/Workspace/helios/starwards/modules/core/src/client/connection-manager.ts:131:21

      at ConnectionManager.onConnectionError (modules/core/src/client/connection-manager.ts:144:21)

    console.log
      connection error: Error: disconnected from server
          at EventEmitter.<anonymous> (/data/Workspace/helios/starwards/modules/core/src/client/driver.ts:53:58)
          at /data/Workspace/helios/starwards/node_modules/colyseus.js/src/core/signal.ts:15:48
          at Array.forEach (<anonymous>)
          at EventEmitter.invoke (/data/Workspace/helios/starwards/node_modules/colyseus.js/src/core/signal.ts:15:19)
          at Function.register.invoke (/data/Workspace/helios/starwards/node_modules/colyseus.js/src/core/signal.ts:57:81)
          at WebSocket.connection.events.onclose (/data/Workspace/helios/starwards/node_modules/colyseus.js/src/Room.ts:89:30)
          at callListener (/data/Workspace/helios/starwards/node_modules/colyseus.js/node_modules/ws/lib/event-target.js:290:14)
          at WebSocket.onClose (/data/Workspace/helios/starwards/node_modules/colyseus.js/node_modules/ws/lib/event-target.js:220:9)
          at WebSocket.emit (node:events:524:28)
          at WebSocket.emitClose (/data/Workspace/helios/starwards/node_modules/colyseus.js/node_modules/ws/lib/websocket.js:272:10)
          at Socket.socketOnClose (/data/Workspace/helios/starwards/node_modules/colyseus.js/node_modules/ws/lib/websocket.js:1341:15)
          at Socket.emit (node:events:524:28)
          at TCP.<anonymous> (node:net:343:12)

      at ConnectionManager.onConnectionError (modules/core/src/client/connection-manager.ts:144:21)
          at Array.forEach (<anonymous>)

    console.log
      connection error: TypeError: Cannot read properties of undefined (reading 'decoder')
          at wireEvents (/data/Workspace/helios/starwards/node_modules/colyseus-events/src/wire-events.ts:30:40)
          at /data/Workspace/helios/starwards/modules/core/src/client/admin.ts:20:5
          at processTicksAndRejections (node:internal/process/task_queues:95:5)
          at /data/Workspace/helios/starwards/modules/core/src/client/connection-manager.ts:131:21

      at ConnectionManager.onConnectionError (modules/core/src/client/connection-manager.ts:144:21)

    console.log
      connection error: Error: disconnected from server
          at EventEmitter.<anonymous> (/data/Workspace/helios/starwards/modules/core/src/client/driver.ts:53:58)
          at /data/Workspace/helios/starwards/node_modules/colyseus.js/src/core/signal.ts:15:48
          at Array.forEach (<anonymous>)
          at EventEmitter.invoke (/data/Workspace/helios/starwards/node_modules/colyseus.js/src/core/signal.ts:15:19)
          at Function.register.invoke (/data/Workspace/helios/starwards/node_modules/colyseus.js/src/core/signal.ts:57:81)
          at WebSocket.connection.events.onclose (/data/Workspace/helios/starwards/node_modules/colyseus.js/src/Room.ts:89:30)
          at callListener (/data/Workspace/helios/starwards/node_modules/colyseus.js/node_modules/ws/lib/event-target.js:290:14)
          at WebSocket.onClose (/data/Workspace/helios/starwards/node_modules/colyseus.js/node_modules/ws/lib/event-target.js:220:9)
          at WebSocket.emit (node:events:524:28)
          at WebSocket.emitClose (/data/Workspace/helios/starwards/node_modules/colyseus.js/node_modules/ws/lib/websocket.js:272:10)
          at Socket.socketOnClose (/data/Workspace/helios/starwards/node_modules/colyseus.js/node_modules/ws/lib/websocket.js:1341:15)
          at Socket.emit (node:events:524:28)
          at TCP.<anonymous> (node:net:343:12)

      at ConnectionManager.onConnectionError (modules/core/src/client/connection-manager.ts:144:21)
          at Array.forEach (<anonymous>)

    console.log
      connection error: TypeError: Cannot read properties of undefined (reading 'decoder')
          at wireEvents (/data/Workspace/helios/starwards/node_modules/colyseus-events/src/wire-events.ts:30:40)
          at /data/Workspace/helios/starwards/modules/core/src/client/admin.ts:20:5
          at processTicksAndRejections (node:internal/process/task_queues:95:5)
          at /data/Workspace/helios/starwards/modules/core/src/client/connection-manager.ts:131:21

      at ConnectionManager.onConnectionError (modules/core/src/client/connection-manager.ts:144:21)

    console.log
      connection error: Error: disconnected from server
          at EventEmitter.<anonymous> (/data/Workspace/helios/starwards/modules/core/src/client/driver.ts:53:58)
          at /data/Workspace/helios/starwards/node_modules/colyseus.js/src/core/signal.ts:15:48
          at Array.forEach (<anonymous>)
          at EventEmitter.invoke (/data/Workspace/helios/starwards/node_modules/colyseus.js/src/core/signal.ts:15:19)
          at Function.register.invoke (/data/Workspace/helios/starwards/node_modules/colyseus.js/src/core/signal.ts:57:81)
          at WebSocket.connection.events.onclose (/data/Workspace/helios/starwards/node_modules/colyseus.js/src/Room.ts:89:30)
          at callListener (/data/Workspace/helios/starwards/node_modules/colyseus.js/node_modules/ws/lib/event-target.js:290:14)
          at WebSocket.onClose (/data/Workspace/helios/starwards/node_modules/colyseus.js/node_modules/ws/lib/event-target.js:220:9)
          at WebSocket.emit (node:events:524:28)
          at WebSocket.emitClose (/data/Workspace/helios/starwards/node_modules/colyseus.js/node_modules/ws/lib/websocket.js:272:10)
          at Socket.socketOnClose (/data/Workspace/helios/starwards/node_modules/colyseus.js/node_modules/ws/lib/websocket.js:1341:15)
          at Socket.emit (node:events:524:28)
          at TCP.<anonymous> (node:net:343:12)

      at ConnectionManager.onConnectionError (modules/core/src/client/connection-manager.ts:144:21)
          at Array.forEach (<anonymous>)

    console.log
      connection error: TypeError: Cannot read properties of undefined (reading 'decoder')
          at wireEvents (/data/Workspace/helios/starwards/node_modules/colyseus-events/src/wire-events.ts:30:40)
          at /data/Workspace/helios/starwards/modules/core/src/client/admin.ts:20:5
          at processTicksAndRejections (node:internal/process/task_queues:95:5)
          at /data/Workspace/helios/starwards/modules/core/src/client/connection-manager.ts:131:21

      at ConnectionManager.onConnectionError (modules/core/src/client/connection-manager.ts:144:21)

    console.log
      connection error: Error: disconnected from server
          at EventEmitter.<anonymous> (/data/Workspace/helios/starwards/modules/core/src/client/driver.ts:53:58)
          at /data/Workspace/helios/starwards/node_modules/colyseus.js/src/core/signal.ts:15:48
          at Array.forEach (<anonymous>)
          at EventEmitter.invoke (/data/Workspace/helios/starwards/node_modules/colyseus.js/src/core/signal.ts:15:19)
          at Function.register.invoke (/data/Workspace/helios/starwards/node_modules/colyseus.js/src/core/signal.ts:57:81)
          at WebSocket.connection.events.onclose (/data/Workspace/helios/starwards/node_modules/colyseus.js/src/Room.ts:89:30)
          at callListener (/data/Workspace/helios/starwards/node_modules/colyseus.js/node_modules/ws/lib/event-target.js:290:14)
          at WebSocket.onClose (/data/Workspace/helios/starwards/node_modules/colyseus.js/node_modules/ws/lib/event-target.js:220:9)
          at WebSocket.emit (node:events:524:28)
          at WebSocket.emitClose (/data/Workspace/helios/starwards/node_modules/colyseus.js/node_modules/ws/lib/websocket.js:272:10)
          at Socket.socketOnClose (/data/Workspace/helios/starwards/node_modules/colyseus.js/node_modules/ws/lib/websocket.js:1341:15)
          at Socket.emit (node:events:524:28)
          at TCP.<anonymous> (node:net:343:12)

      at ConnectionManager.onConnectionError (modules/core/src/client/connection-manager.ts:144:21)
          at Array.forEach (<anonymous>)

    console.log
      connection error: TypeError: Cannot read properties of undefined (reading 'decoder')
          at wireEvents (/data/Workspace/helios/starwards/node_modules/colyseus-events/src/wire-events.ts:30:40)
          at /data/Workspace/helios/starwards/modules/core/src/client/admin.ts:20:5
          at processTicksAndRejections (node:internal/process/task_queues:95:5)
          at /data/Workspace/helios/starwards/modules/core/src/client/connection-manager.ts:131:21

      at ConnectionManager.onConnectionError (modules/core/src/client/connection-manager.ts:144:21)

    console.log
      connection error: Error: disconnected from server
          at EventEmitter.<anonymous> (/data/Workspace/helios/starwards/modules/core/src/client/driver.ts:53:58)
          at /data/Workspace/helios/starwards/node_modules/colyseus.js/src/core/signal.ts:15:48
          at Array.forEach (<anonymous>)
          at EventEmitter.invoke (/data/Workspace/helios/starwards/node_modules/colyseus.js/src/core/signal.ts:15:19)
          at Function.register.invoke (/data/Workspace/helios/starwards/node_modules/colyseus.js/src/core/signal.ts:57:81)
          at WebSocket.connection.events.onclose (/data/Workspace/helios/starwards/node_modules/colyseus.js/src/Room.ts:89:30)
          at callListener (/data/Workspace/helios/starwards/node_modules/colyseus.js/node_modules/ws/lib/event-target.js:290:14)
          at WebSocket.onClose (/data/Workspace/helios/starwards/node_modules/colyseus.js/node_modules/ws/lib/event-target.js:220:9)
          at WebSocket.emit (node:events:524:28)
          at WebSocket.emitClose (/data/Workspace/helios/starwards/node_modules/colyseus.js/node_modules/ws/lib/websocket.js:272:10)
          at Socket.socketOnClose (/data/Workspace/helios/starwards/node_modules/colyseus.js/node_modules/ws/lib/websocket.js:1341:15)
          at Socket.emit (node:events:524:28)
          at TCP.<anonymous> (node:net:343:12)

      at ConnectionManager.onConnectionError (modules/core/src/client/connection-manager.ts:144:21)
          at Array.forEach (<anonymous>)

    console.log
      connection error: TypeError: Cannot read properties of undefined (reading 'decoder')
          at wireEvents (/data/Workspace/helios/starwards/node_modules/colyseus-events/src/wire-events.ts:30:40)
          at /data/Workspace/helios/starwards/modules/core/src/client/admin.ts:20:5
          at processTicksAndRejections (node:internal/process/task_queues:95:5)
          at /data/Workspace/helios/starwards/modules/core/src/client/connection-manager.ts:131:21

      at ConnectionManager.onConnectionError (modules/core/src/client/connection-manager.ts:144:21)

    console.log
      connection error: Error: disconnected from server
          at EventEmitter.<anonymous> (/data/Workspace/helios/starwards/modules/core/src/client/driver.ts:53:58)
          at /data/Workspace/helios/starwards/node_modules/colyseus.js/src/core/signal.ts:15:48
          at Array.forEach (<anonymous>)
          at EventEmitter.invoke (/data/Workspace/helios/starwards/node_modules/colyseus.js/src/core/signal.ts:15:19)
          at Function.register.invoke (/data/Workspace/helios/starwards/node_modules/colyseus.js/src/core/signal.ts:57:81)
          at WebSocket.connection.events.onclose (/data/Workspace/helios/starwards/node_modules/colyseus.js/src/Room.ts:89:30)
          at callListener (/data/Workspace/helios/starwards/node_modules/colyseus.js/node_modules/ws/lib/event-target.js:290:14)
          at WebSocket.onClose (/data/Workspace/helios/starwards/node_modules/colyseus.js/node_modules/ws/lib/event-target.js:220:9)
          at WebSocket.emit (node:events:524:28)
          at WebSocket.emitClose (/data/Workspace/helios/starwards/node_modules/colyseus.js/node_modules/ws/lib/websocket.js:272:10)
          at Socket.socketOnClose (/data/Workspace/helios/starwards/node_modules/colyseus.js/node_modules/ws/lib/websocket.js:1341:15)
          at Socket.emit (node:events:524:28)
          at TCP.<anonymous> (node:net:343:12)

      at ConnectionManager.onConnectionError (modules/core/src/client/connection-manager.ts:144:21)
          at Array.forEach (<anonymous>)

    console.log
      connection error: TypeError: Cannot read properties of undefined (reading 'decoder')
          at wireEvents (/data/Workspace/helios/starwards/node_modules/colyseus-events/src/wire-events.ts:30:40)
          at /data/Workspace/helios/starwards/modules/core/src/client/admin.ts:20:5
          at processTicksAndRejections (node:internal/process/task_queues:95:5)
          at /data/Workspace/helios/starwards/modules/core/src/client/connection-manager.ts:131:21

      at ConnectionManager.onConnectionError (modules/core/src/client/connection-manager.ts:144:21)

    console.log
      connection error: Error: disconnected from server
          at EventEmitter.<anonymous> (/data/Workspace/helios/starwards/modules/core/src/client/driver.ts:53:58)
          at /data/Workspace/helios/starwards/node_modules/colyseus.js/src/core/signal.ts:15:48
          at Array.forEach (<anonymous>)
          at EventEmitter.invoke (/data/Workspace/helios/starwards/node_modules/colyseus.js/src/core/signal.ts:15:19)
          at Function.register.invoke (/data/Workspace/helios/starwards/node_modules/colyseus.js/src/core/signal.ts:57:81)
          at WebSocket.connection.events.onclose (/data/Workspace/helios/starwards/node_modules/colyseus.js/src/Room.ts:89:30)
          at callListener (/data/Workspace/helios/starwards/node_modules/colyseus.js/node_modules/ws/lib/event-target.js:290:14)
          at WebSocket.onClose (/data/Workspace/helios/starwards/node_modules/colyseus.js/node_modules/ws/lib/event-target.js:220:9)
          at WebSocket.emit (node:events:524:28)
          at WebSocket.emitClose (/data/Workspace/helios/starwards/node_modules/colyseus.js/node_modules/ws/lib/websocket.js:272:10)
          at Socket.socketOnClose (/data/Workspace/helios/starwards/node_modules/colyseus.js/node_modules/ws/lib/websocket.js:1341:15)
          at Socket.emit (node:events:524:28)
          at TCP.<anonymous> (node:net:343:12)

      at ConnectionManager.onConnectionError (modules/core/src/client/connection-manager.ts:144:21)
          at Array.forEach (<anonymous>)

    console.log
      connection error: TypeError: Cannot read properties of undefined (reading 'decoder')
          at wireEvents (/data/Workspace/helios/starwards/node_modules/colyseus-events/src/wire-events.ts:30:40)
          at /data/Workspace/helios/starwards/modules/core/src/client/admin.ts:20:5
          at processTicksAndRejections (node:internal/process/task_queues:95:5)
          at /data/Workspace/helios/starwards/modules/core/src/client/connection-manager.ts:131:21

      at ConnectionManager.onConnectionError (modules/core/src/client/connection-manager.ts:144:21)

    console.log
      connection error: Error: disconnected from server
          at EventEmitter.<anonymous> (/data/Workspace/helios/starwards/modules/core/src/client/driver.ts:53:58)
          at /data/Workspace/helios/starwards/node_modules/colyseus.js/src/core/signal.ts:15:48
          at Array.forEach (<anonymous>)
          at EventEmitter.invoke (/data/Workspace/helios/starwards/node_modules/colyseus.js/src/core/signal.ts:15:19)
          at Function.register.invoke (/data/Workspace/helios/starwards/node_modules/colyseus.js/src/core/signal.ts:57:81)
          at WebSocket.connection.events.onclose (/data/Workspace/helios/starwards/node_modules/colyseus.js/src/Room.ts:89:30)
          at callListener (/data/Workspace/helios/starwards/node_modules/colyseus.js/node_modules/ws/lib/event-target.js:290:14)
          at WebSocket.onClose (/data/Workspace/helios/starwards/node_modules/colyseus.js/node_modules/ws/lib/event-target.js:220:9)
          at WebSocket.emit (node:events:524:28)
          at WebSocket.emitClose (/data/Workspace/helios/starwards/node_modules/colyseus.js/node_modules/ws/lib/websocket.js:272:10)
          at Socket.socketOnClose (/data/Workspace/helios/starwards/node_modules/colyseus.js/node_modules/ws/lib/websocket.js:1341:15)
          at Socket.emit (node:events:524:28)
          at TCP.<anonymous> (node:net:343:12)

      at ConnectionManager.onConnectionError (modules/core/src/client/connection-manager.ts:144:21)
          at Array.forEach (<anonymous>)

    console.log
      connection error: TypeError: Cannot read properties of undefined (reading 'decoder')
          at wireEvents (/data/Workspace/helios/starwards/node_modules/colyseus-events/src/wire-events.ts:30:40)
          at /data/Workspace/helios/starwards/modules/core/src/client/admin.ts:20:5
          at processTicksAndRejections (node:internal/process/task_queues:95:5)
          at /data/Workspace/helios/starwards/modules/core/src/client/connection-manager.ts:131:21

      at ConnectionManager.onConnectionError (modules/core/src/client/connection-manager.ts:144:21)

    console.log
      connection error: Error: disconnected from server
          at EventEmitter.<anonymous> (/data/Workspace/helios/starwards/modules/core/src/client/driver.ts:53:58)
          at /data/Workspace/helios/starwards/node_modules/colyseus.js/src/core/signal.ts:15:48
          at Array.forEach (<anonymous>)
          at EventEmitter.invoke (/data/Workspace/helios/starwards/node_modules/colyseus.js/src/core/signal.ts:15:19)
          at Function.register.invoke (/data/Workspace/helios/starwards/node_modules/colyseus.js/src/core/signal.ts:57:81)
          at WebSocket.connection.events.onclose (/data/Workspace/helios/starwards/node_modules/colyseus.js/src/Room.ts:89:30)
          at callListener (/data/Workspace/helios/starwards/node_modules/colyseus.js/node_modules/ws/lib/event-target.js:290:14)
          at WebSocket.onClose (/data/Workspace/helios/starwards/node_modules/colyseus.js/node_modules/ws/lib/event-target.js:220:9)
          at WebSocket.emit (node:events:524:28)
          at WebSocket.emitClose (/data/Workspace/helios/starwards/node_modules/colyseus.js/node_modules/ws/lib/websocket.js:272:10)
          at Socket.socketOnClose (/data/Workspace/helios/starwards/node_modules/colyseus.js/node_modules/ws/lib/websocket.js:1341:15)
          at Socket.emit (node:events:524:28)
          at TCP.<anonymous> (node:net:343:12)

      at ConnectionManager.onConnectionError (modules/core/src/client/connection-manager.ts:144:21)
          at Array.forEach (<anonymous>)

    console.log
      connection error: TypeError: Cannot read properties of undefined (reading 'decoder')
          at wireEvents (/data/Workspace/helios/starwards/node_modules/colyseus-events/src/wire-events.ts:30:40)
          at /data/Workspace/helios/starwards/modules/core/src/client/admin.ts:20:5
          at processTicksAndRejections (node:internal/process/task_queues:95:5)
          at /data/Workspace/helios/starwards/modules/core/src/client/connection-manager.ts:131:21

      at ConnectionManager.onConnectionError (modules/core/src/client/connection-manager.ts:144:21)

    console.log
      connection error: Error: disconnected from server
          at EventEmitter.<anonymous> (/data/Workspace/helios/starwards/modules/core/src/client/driver.ts:53:58)
          at /data/Workspace/helios/starwards/node_modules/colyseus.js/src/core/signal.ts:15:48
          at Array.forEach (<anonymous>)
          at EventEmitter.invoke (/data/Workspace/helios/starwards/node_modules/colyseus.js/src/core/signal.ts:15:19)
          at Function.register.invoke (/data/Workspace/helios/starwards/node_modules/colyseus.js/src/core/signal.ts:57:81)
          at WebSocket.connection.events.onclose (/data/Workspace/helios/starwards/node_modules/colyseus.js/src/Room.ts:89:30)
          at callListener (/data/Workspace/helios/starwards/node_modules/colyseus.js/node_modules/ws/lib/event-target.js:290:14)
          at WebSocket.onClose (/data/Workspace/helios/starwards/node_modules/colyseus.js/node_modules/ws/lib/event-target.js:220:9)
          at WebSocket.emit (node:events:524:28)
          at WebSocket.emitClose (/data/Workspace/helios/starwards/node_modules/colyseus.js/node_modules/ws/lib/websocket.js:272:10)
          at Socket.socketOnClose (/data/Workspace/helios/starwards/node_modules/colyseus.js/node_modules/ws/lib/websocket.js:1341:15)
          at Socket.emit (node:events:524:28)
          at TCP.<anonymous> (node:net:343:12)

      at ConnectionManager.onConnectionError (modules/core/src/client/connection-manager.ts:144:21)
          at Array.forEach (<anonymous>)

    console.log
      connection error: TypeError: Cannot read properties of undefined (reading 'decoder')
          at wireEvents (/data/Workspace/helios/starwards/node_modules/colyseus-events/src/wire-events.ts:30:40)
          at /data/Workspace/helios/starwards/modules/core/src/client/admin.ts:20:5
          at processTicksAndRejections (node:internal/process/task_queues:95:5)
          at /data/Workspace/helios/starwards/modules/core/src/client/connection-manager.ts:131:21

      at ConnectionManager.onConnectionError (modules/core/src/client/connection-manager.ts:144:21)

    console.log
      connection error: Error: disconnected from server
          at EventEmitter.<anonymous> (/data/Workspace/helios/starwards/modules/core/src/client/driver.ts:53:58)
          at /data/Workspace/helios/starwards/node_modules/colyseus.js/src/core/signal.ts:15:48
          at Array.forEach (<anonymous>)
          at EventEmitter.invoke (/data/Workspace/helios/starwards/node_modules/colyseus.js/src/core/signal.ts:15:19)
          at Function.register.invoke (/data/Workspace/helios/starwards/node_modules/colyseus.js/src/core/signal.ts:57:81)
          at WebSocket.connection.events.onclose (/data/Workspace/helios/starwards/node_modules/colyseus.js/src/Room.ts:89:30)
          at callListener (/data/Workspace/helios/starwards/node_modules/colyseus.js/node_modules/ws/lib/event-target.js:290:14)
          at WebSocket.onClose (/data/Workspace/helios/starwards/node_modules/colyseus.js/node_modules/ws/lib/event-target.js:220:9)
          at WebSocket.emit (node:events:524:28)
          at WebSocket.emitClose (/data/Workspace/helios/starwards/node_modules/colyseus.js/node_modules/ws/lib/websocket.js:272:10)
          at Socket.socketOnClose (/data/Workspace/helios/starwards/node_modules/colyseus.js/node_modules/ws/lib/websocket.js:1341:15)
          at Socket.emit (node:events:524:28)
          at TCP.<anonymous> (node:net:343:12)

      at ConnectionManager.onConnectionError (modules/core/src/client/connection-manager.ts:144:21)
          at Array.forEach (<anonymous>)

    console.log
      connection error: TypeError: Cannot read properties of undefined (reading 'decoder')
          at wireEvents (/data/Workspace/helios/starwards/node_modules/colyseus-events/src/wire-events.ts:30:40)
          at /data/Workspace/helios/starwards/modules/core/src/client/admin.ts:20:5
          at processTicksAndRejections (node:internal/process/task_queues:95:5)
          at /data/Workspace/helios/starwards/modules/core/src/client/connection-manager.ts:131:21

      at ConnectionManager.onConnectionError (modules/core/src/client/connection-manager.ts:144:21)

    console.log
      connection error: Error: disconnected from server
          at EventEmitter.<anonymous> (/data/Workspace/helios/starwards/modules/core/src/client/driver.ts:53:58)
          at /data/Workspace/helios/starwards/node_modules/colyseus.js/src/core/signal.ts:15:48
          at Array.forEach (<anonymous>)
          at EventEmitter.invoke (/data/Workspace/helios/starwards/node_modules/colyseus.js/src/core/signal.ts:15:19)
          at Function.register.invoke (/data/Workspace/helios/starwards/node_modules/colyseus.js/src/core/signal.ts:57:81)
          at WebSocket.connection.events.onclose (/data/Workspace/helios/starwards/node_modules/colyseus.js/src/Room.ts:89:30)
          at callListener (/data/Workspace/helios/starwards/node_modules/colyseus.js/node_modules/ws/lib/event-target.js:290:14)
          at WebSocket.onClose (/data/Workspace/helios/starwards/node_modules/colyseus.js/node_modules/ws/lib/event-target.js:220:9)
          at WebSocket.emit (node:events:524:28)
          at WebSocket.emitClose (/data/Workspace/helios/starwards/node_modules/colyseus.js/node_modules/ws/lib/websocket.js:272:10)
          at Socket.socketOnClose (/data/Workspace/helios/starwards/node_modules/colyseus.js/node_modules/ws/lib/websocket.js:1341:15)
          at Socket.emit (node:events:524:28)
          at TCP.<anonymous> (node:net:343:12)

      at ConnectionManager.onConnectionError (modules/core/src/client/connection-manager.ts:144:21)
          at Array.forEach (<anonymous>)

    console.log
      connection error: TypeError: Cannot read properties of undefined (reading 'decoder')
          at wireEvents (/data/Workspace/helios/starwards/node_modules/colyseus-events/src/wire-events.ts:30:40)
          at /data/Workspace/helios/starwards/modules/core/src/client/admin.ts:20:5
          at processTicksAndRejections (node:internal/process/task_queues:95:5)
          at /data/Workspace/helios/starwards/modules/core/src/client/connection-manager.ts:131:21

      at ConnectionManager.onConnectionError (modules/core/src/client/connection-manager.ts:144:21)

    console.log
      connection error: Error: disconnected from server
          at EventEmitter.<anonymous> (/data/Workspace/helios/starwards/modules/core/src/client/driver.ts:53:58)
          at /data/Workspace/helios/starwards/node_modules/colyseus.js/src/core/signal.ts:15:48
          at Array.forEach (<anonymous>)
          at EventEmitter.invoke (/data/Workspace/helios/starwards/node_modules/colyseus.js/src/core/signal.ts:15:19)
          at Function.register.invoke (/data/Workspace/helios/starwards/node_modules/colyseus.js/src/core/signal.ts:57:81)
          at WebSocket.connection.events.onclose (/data/Workspace/helios/starwards/node_modules/colyseus.js/src/Room.ts:89:30)
          at callListener (/data/Workspace/helios/starwards/node_modules/colyseus.js/node_modules/ws/lib/event-target.js:290:14)
          at WebSocket.onClose (/data/Workspace/helios/starwards/node_modules/colyseus.js/node_modules/ws/lib/event-target.js:220:9)
          at WebSocket.emit (node:events:524:28)
          at WebSocket.emitClose (/data/Workspace/helios/starwards/node_modules/colyseus.js/node_modules/ws/lib/websocket.js:272:10)
          at Socket.socketOnClose (/data/Workspace/helios/starwards/node_modules/colyseus.js/node_modules/ws/lib/websocket.js:1341:15)
          at Socket.emit (node:events:524:28)
          at TCP.<anonymous> (node:net:343:12)

      at ConnectionManager.onConnectionError (modules/core/src/client/connection-manager.ts:144:21)
          at Array.forEach (<anonymous>)

    console.log
      connection error: TypeError: Cannot read properties of undefined (reading 'decoder')
          at wireEvents (/data/Workspace/helios/starwards/node_modules/colyseus-events/src/wire-events.ts:30:40)
          at /data/Workspace/helios/starwards/modules/core/src/client/admin.ts:20:5
          at processTicksAndRejections (node:internal/process/task_queues:95:5)
          at /data/Workspace/helios/starwards/modules/core/src/client/connection-manager.ts:131:21

      at ConnectionManager.onConnectionError (modules/core/src/client/connection-manager.ts:144:21)

    console.log
      connection error: Error: disconnected from server
          at EventEmitter.<anonymous> (/data/Workspace/helios/starwards/modules/core/src/client/driver.ts:53:58)
          at /data/Workspace/helios/starwards/node_modules/colyseus.js/src/core/signal.ts:15:48
          at Array.forEach (<anonymous>)
          at EventEmitter.invoke (/data/Workspace/helios/starwards/node_modules/colyseus.js/src/core/signal.ts:15:19)
          at Function.register.invoke (/data/Workspace/helios/starwards/node_modules/colyseus.js/src/core/signal.ts:57:81)
          at WebSocket.connection.events.onclose (/data/Workspace/helios/starwards/node_modules/colyseus.js/src/Room.ts:89:30)
          at callListener (/data/Workspace/helios/starwards/node_modules/colyseus.js/node_modules/ws/lib/event-target.js:290:14)
          at WebSocket.onClose (/data/Workspace/helios/starwards/node_modules/colyseus.js/node_modules/ws/lib/event-target.js:220:9)
          at WebSocket.emit (node:events:524:28)
          at WebSocket.emitClose (/data/Workspace/helios/starwards/node_modules/colyseus.js/node_modules/ws/lib/websocket.js:272:10)
          at Socket.socketOnClose (/data/Workspace/helios/starwards/node_modules/colyseus.js/node_modules/ws/lib/websocket.js:1341:15)
          at Socket.emit (node:events:524:28)
          at TCP.<anonymous> (node:net:343:12)

      at ConnectionManager.onConnectionError (modules/core/src/client/connection-manager.ts:144:21)
          at Array.forEach (<anonymous>)

    console.log
      connection error: TypeError: Cannot read properties of undefined (reading 'decoder')
          at wireEvents (/data/Workspace/helios/starwards/node_modules/colyseus-events/src/wire-events.ts:30:40)
          at /data/Workspace/helios/starwards/modules/core/src/client/admin.ts:20:5
          at processTicksAndRejections (node:internal/process/task_queues:95:5)
          at /data/Workspace/helios/starwards/modules/core/src/client/connection-manager.ts:131:21

      at ConnectionManager.onConnectionError (modules/core/src/client/connection-manager.ts:144:21)

    console.log
      connection error: Error: disconnected from server
          at EventEmitter.<anonymous> (/data/Workspace/helios/starwards/modules/core/src/client/driver.ts:53:58)
          at /data/Workspace/helios/starwards/node_modules/colyseus.js/src/core/signal.ts:15:48
          at Array.forEach (<anonymous>)
          at EventEmitter.invoke (/data/Workspace/helios/starwards/node_modules/colyseus.js/src/core/signal.ts:15:19)
          at Function.register.invoke (/data/Workspace/helios/starwards/node_modules/colyseus.js/src/core/signal.ts:57:81)
          at WebSocket.connection.events.onclose (/data/Workspace/helios/starwards/node_modules/colyseus.js/src/Room.ts:89:30)
          at callListener (/data/Workspace/helios/starwards/node_modules/colyseus.js/node_modules/ws/lib/event-target.js:290:14)
          at WebSocket.onClose (/data/Workspace/helios/starwards/node_modules/colyseus.js/node_modules/ws/lib/event-target.js:220:9)
          at WebSocket.emit (node:events:524:28)
          at WebSocket.emitClose (/data/Workspace/helios/starwards/node_modules/colyseus.js/node_modules/ws/lib/websocket.js:272:10)
          at Socket.socketOnClose (/data/Workspace/helios/starwards/node_modules/colyseus.js/node_modules/ws/lib/websocket.js:1341:15)
          at Socket.emit (node:events:524:28)
          at TCP.<anonymous> (node:net:343:12)

      at ConnectionManager.onConnectionError (modules/core/src/client/connection-manager.ts:144:21)
          at Array.forEach (<anonymous>)

    console.log
      connection error: TypeError: Cannot read properties of undefined (reading 'decoder')
          at wireEvents (/data/Workspace/helios/starwards/node_modules/colyseus-events/src/wire-events.ts:30:40)
          at /data/Workspace/helios/starwards/modules/core/src/client/admin.ts:20:5
          at processTicksAndRejections (node:internal/process/task_queues:95:5)
          at /data/Workspace/helios/starwards/modules/core/src/client/connection-manager.ts:131:21

      at ConnectionManager.onConnectionError (modules/core/src/client/connection-manager.ts:144:21)

    console.log
      connection error: Error: disconnected from server
          at EventEmitter.<anonymous> (/data/Workspace/helios/starwards/modules/core/src/client/driver.ts:53:58)
          at /data/Workspace/helios/starwards/node_modules/colyseus.js/src/core/signal.ts:15:48
          at Array.forEach (<anonymous>)
          at EventEmitter.invoke (/data/Workspace/helios/starwards/node_modules/colyseus.js/src/core/signal.ts:15:19)
          at Function.register.invoke (/data/Workspace/helios/starwards/node_modules/colyseus.js/src/core/signal.ts:57:81)
          at WebSocket.connection.events.onclose (/data/Workspace/helios/starwards/node_modules/colyseus.js/src/Room.ts:89:30)
          at callListener (/data/Workspace/helios/starwards/node_modules/colyseus.js/node_modules/ws/lib/event-target.js:290:14)
          at WebSocket.onClose (/data/Workspace/helios/starwards/node_modules/colyseus.js/node_modules/ws/lib/event-target.js:220:9)
          at WebSocket.emit (node:events:524:28)
          at WebSocket.emitClose (/data/Workspace/helios/starwards/node_modules/colyseus.js/node_modules/ws/lib/websocket.js:272:10)
          at Socket.socketOnClose (/data/Workspace/helios/starwards/node_modules/colyseus.js/node_modules/ws/lib/websocket.js:1341:15)
          at Socket.emit (node:events:524:28)
          at TCP.<anonymous> (node:net:343:12)

      at ConnectionManager.onConnectionError (modules/core/src/client/connection-manager.ts:144:21)
          at Array.forEach (<anonymous>)

    console.log
      connection error: TypeError: Cannot read properties of undefined (reading 'decoder')
          at wireEvents (/data/Workspace/helios/starwards/node_modules/colyseus-events/src/wire-events.ts:30:40)
          at /data/Workspace/helios/starwards/modules/core/src/client/admin.ts:20:5
          at processTicksAndRejections (node:internal/process/task_queues:95:5)
          at /data/Workspace/helios/starwards/modules/core/src/client/connection-manager.ts:131:21

      at ConnectionManager.onConnectionError (modules/core/src/client/connection-manager.ts:144:21)

    console.log
      connection error: Error: disconnected from server
          at EventEmitter.<anonymous> (/data/Workspace/helios/starwards/modules/core/src/client/driver.ts:53:58)
          at /data/Workspace/helios/starwards/node_modules/colyseus.js/src/core/signal.ts:15:48
          at Array.forEach (<anonymous>)
          at EventEmitter.invoke (/data/Workspace/helios/starwards/node_modules/colyseus.js/src/core/signal.ts:15:19)
          at Function.register.invoke (/data/Workspace/helios/starwards/node_modules/colyseus.js/src/core/signal.ts:57:81)
          at WebSocket.connection.events.onclose (/data/Workspace/helios/starwards/node_modules/colyseus.js/src/Room.ts:89:30)
          at callListener (/data/Workspace/helios/starwards/node_modules/colyseus.js/node_modules/ws/lib/event-target.js:290:14)
          at WebSocket.onClose (/data/Workspace/helios/starwards/node_modules/colyseus.js/node_modules/ws/lib/event-target.js:220:9)
          at WebSocket.emit (node:events:524:28)
          at WebSocket.emitClose (/data/Workspace/helios/starwards/node_modules/colyseus.js/node_modules/ws/lib/websocket.js:272:10)
          at Socket.socketOnClose (/data/Workspace/helios/starwards/node_modules/colyseus.js/node_modules/ws/lib/websocket.js:1341:15)
          at Socket.emit (node:events:524:28)
          at TCP.<anonymous> (node:net:343:12)

      at ConnectionManager.onConnectionError (modules/core/src/client/connection-manager.ts:144:21)
          at Array.forEach (<anonymous>)

    console.log
      connection error: TypeError: Cannot read properties of undefined (reading 'decoder')
          at wireEvents (/data/Workspace/helios/starwards/node_modules/colyseus-events/src/wire-events.ts:30:40)
          at /data/Workspace/helios/starwards/modules/core/src/client/admin.ts:20:5
          at processTicksAndRejections (node:internal/process/task_queues:95:5)
          at /data/Workspace/helios/starwards/modules/core/src/client/connection-manager.ts:131:21

      at ConnectionManager.onConnectionError (modules/core/src/client/connection-manager.ts:144:21)

    console.log
      connection error: Error: disconnected from server
          at EventEmitter.<anonymous> (/data/Workspace/helios/starwards/modules/core/src/client/driver.ts:53:58)
          at /data/Workspace/helios/starwards/node_modules/colyseus.js/src/core/signal.ts:15:48
          at Array.forEach (<anonymous>)
          at EventEmitter.invoke (/data/Workspace/helios/starwards/node_modules/colyseus.js/src/core/signal.ts:15:19)
          at Function.register.invoke (/data/Workspace/helios/starwards/node_modules/colyseus.js/src/core/signal.ts:57:81)
          at WebSocket.connection.events.onclose (/data/Workspace/helios/starwards/node_modules/colyseus.js/src/Room.ts:89:30)
          at callListener (/data/Workspace/helios/starwards/node_modules/colyseus.js/node_modules/ws/lib/event-target.js:290:14)
          at WebSocket.onClose (/data/Workspace/helios/starwards/node_modules/colyseus.js/node_modules/ws/lib/event-target.js:220:9)
          at WebSocket.emit (node:events:524:28)
          at WebSocket.emitClose (/data/Workspace/helios/starwards/node_modules/colyseus.js/node_modules/ws/lib/websocket.js:272:10)
          at Socket.socketOnClose (/data/Workspace/helios/starwards/node_modules/colyseus.js/node_modules/ws/lib/websocket.js:1341:15)
          at Socket.emit (node:events:524:28)
          at TCP.<anonymous> (node:net:343:12)

      at ConnectionManager.onConnectionError (modules/core/src/client/connection-manager.ts:144:21)
          at Array.forEach (<anonymous>)

    console.log
      connection error: TypeError: Cannot read properties of undefined (reading 'decoder')
          at wireEvents (/data/Workspace/helios/starwards/node_modules/colyseus-events/src/wire-events.ts:30:40)
          at /data/Workspace/helios/starwards/modules/core/src/client/admin.ts:20:5
          at processTicksAndRejections (node:internal/process/task_queues:95:5)
          at /data/Workspace/helios/starwards/modules/core/src/client/connection-manager.ts:131:21

      at ConnectionManager.onConnectionError (modules/core/src/client/connection-manager.ts:144:21)

    console.log
      connection error: Error: disconnected from server
          at EventEmitter.<anonymous> (/data/Workspace/helios/starwards/modules/core/src/client/driver.ts:53:58)
          at /data/Workspace/helios/starwards/node_modules/colyseus.js/src/core/signal.ts:15:48
          at Array.forEach (<anonymous>)
          at EventEmitter.invoke (/data/Workspace/helios/starwards/node_modules/colyseus.js/src/core/signal.ts:15:19)
          at Function.register.invoke (/data/Workspace/helios/starwards/node_modules/colyseus.js/src/core/signal.ts:57:81)
          at WebSocket.connection.events.onclose (/data/Workspace/helios/starwards/node_modules/colyseus.js/src/Room.ts:89:30)
          at callListener (/data/Workspace/helios/starwards/node_modules/colyseus.js/node_modules/ws/lib/event-target.js:290:14)
          at WebSocket.onClose (/data/Workspace/helios/starwards/node_modules/colyseus.js/node_modules/ws/lib/event-target.js:220:9)
          at WebSocket.emit (node:events:524:28)
          at WebSocket.emitClose (/data/Workspace/helios/starwards/node_modules/colyseus.js/node_modules/ws/lib/websocket.js:272:10)
          at Socket.socketOnClose (/data/Workspace/helios/starwards/node_modules/colyseus.js/node_modules/ws/lib/websocket.js:1341:15)
          at Socket.emit (node:events:524:28)
          at TCP.<anonymous> (node:net:343:12)

      at ConnectionManager.onConnectionError (modules/core/src/client/connection-manager.ts:144:21)
          at Array.forEach (<anonymous>)

    console.log
      connection error: TypeError: Cannot read properties of undefined (reading 'decoder')
          at wireEvents (/data/Workspace/helios/starwards/node_modules/colyseus-events/src/wire-events.ts:30:40)
          at /data/Workspace/helios/starwards/modules/core/src/client/admin.ts:20:5
          at processTicksAndRejections (node:internal/process/task_queues:95:5)
          at /data/Workspace/helios/starwards/modules/core/src/client/connection-manager.ts:131:21

      at ConnectionManager.onConnectionError (modules/core/src/client/connection-manager.ts:144:21)

    console.log
      connection error: Error: disconnected from server
          at EventEmitter.<anonymous> (/data/Workspace/helios/starwards/modules/core/src/client/driver.ts:53:58)
          at /data/Workspace/helios/starwards/node_modules/colyseus.js/src/core/signal.ts:15:48
          at Array.forEach (<anonymous>)
          at EventEmitter.invoke (/data/Workspace/helios/starwards/node_modules/colyseus.js/src/core/signal.ts:15:19)
          at Function.register.invoke (/data/Workspace/helios/starwards/node_modules/colyseus.js/src/core/signal.ts:57:81)
          at WebSocket.connection.events.onclose (/data/Workspace/helios/starwards/node_modules/colyseus.js/src/Room.ts:89:30)
          at callListener (/data/Workspace/helios/starwards/node_modules/colyseus.js/node_modules/ws/lib/event-target.js:290:14)
          at WebSocket.onClose (/data/Workspace/helios/starwards/node_modules/colyseus.js/node_modules/ws/lib/event-target.js:220:9)
          at WebSocket.emit (node:events:524:28)
          at WebSocket.emitClose (/data/Workspace/helios/starwards/node_modules/colyseus.js/node_modules/ws/lib/websocket.js:272:10)
          at Socket.socketOnClose (/data/Workspace/helios/starwards/node_modules/colyseus.js/node_modules/ws/lib/websocket.js:1341:15)
          at Socket.emit (node:events:524:28)
          at TCP.<anonymous> (node:net:343:12)

      at ConnectionManager.onConnectionError (modules/core/src/client/connection-manager.ts:144:21)
          at Array.forEach (<anonymous>)

    console.log
      connection error: TypeError: Cannot read properties of undefined (reading 'decoder')
          at wireEvents (/data/Workspace/helios/starwards/node_modules/colyseus-events/src/wire-events.ts:30:40)
          at /data/Workspace/helios/starwards/modules/core/src/client/admin.ts:20:5
          at processTicksAndRejections (node:internal/process/task_queues:95:5)
          at /data/Workspace/helios/starwards/modules/core/src/client/connection-manager.ts:131:21

      at ConnectionManager.onConnectionError (modules/core/src/client/connection-manager.ts:144:21)

    console.log
      connection error: Error: disconnected from server
          at EventEmitter.<anonymous> (/data/Workspace/helios/starwards/modules/core/src/client/driver.ts:53:58)
          at /data/Workspace/helios/starwards/node_modules/colyseus.js/src/core/signal.ts:15:48
          at Array.forEach (<anonymous>)
          at EventEmitter.invoke (/data/Workspace/helios/starwards/node_modules/colyseus.js/src/core/signal.ts:15:19)
          at Function.register.invoke (/data/Workspace/helios/starwards/node_modules/colyseus.js/src/core/signal.ts:57:81)
          at WebSocket.connection.events.onclose (/data/Workspace/helios/starwards/node_modules/colyseus.js/src/Room.ts:89:30)
          at callListener (/data/Workspace/helios/starwards/node_modules/colyseus.js/node_modules/ws/lib/event-target.js:290:14)
          at WebSocket.onClose (/data/Workspace/helios/starwards/node_modules/colyseus.js/node_modules/ws/lib/event-target.js:220:9)
          at WebSocket.emit (node:events:524:28)
          at WebSocket.emitClose (/data/Workspace/helios/starwards/node_modules/colyseus.js/node_modules/ws/lib/websocket.js:272:10)
          at Socket.socketOnClose (/data/Workspace/helios/starwards/node_modules/colyseus.js/node_modules/ws/lib/websocket.js:1341:15)
          at Socket.emit (node:events:524:28)
          at TCP.<anonymous> (node:net:343:12)

      at ConnectionManager.onConnectionError (modules/core/src/client/connection-manager.ts:144:21)
          at Array.forEach (<anonymous>)

    console.log
      connection error: TypeError: Cannot read properties of undefined (reading 'decoder')
          at wireEvents (/data/Workspace/helios/starwards/node_modules/colyseus-events/src/wire-events.ts:30:40)
          at /data/Workspace/helios/starwards/modules/core/src/client/admin.ts:20:5
          at processTicksAndRejections (node:internal/process/task_queues:95:5)
          at /data/Workspace/helios/starwards/modules/core/src/client/connection-manager.ts:131:21

      at ConnectionManager.onConnectionError (modules/core/src/client/connection-manager.ts:144:21)

    console.log
      connection error: Error: disconnected from server
          at EventEmitter.<anonymous> (/data/Workspace/helios/starwards/modules/core/src/client/driver.ts:53:58)
          at /data/Workspace/helios/starwards/node_modules/colyseus.js/src/core/signal.ts:15:48
          at Array.forEach (<anonymous>)
          at EventEmitter.invoke (/data/Workspace/helios/starwards/node_modules/colyseus.js/src/core/signal.ts:15:19)
          at Function.register.invoke (/data/Workspace/helios/starwards/node_modules/colyseus.js/src/core/signal.ts:57:81)
          at WebSocket.connection.events.onclose (/data/Workspace/helios/starwards/node_modules/colyseus.js/src/Room.ts:89:30)
          at callListener (/data/Workspace/helios/starwards/node_modules/colyseus.js/node_modules/ws/lib/event-target.js:290:14)
          at WebSocket.onClose (/data/Workspace/helios/starwards/node_modules/colyseus.js/node_modules/ws/lib/event-target.js:220:9)
          at WebSocket.emit (node:events:524:28)
          at WebSocket.emitClose (/data/Workspace/helios/starwards/node_modules/colyseus.js/node_modules/ws/lib/websocket.js:272:10)
          at Socket.socketOnClose (/data/Workspace/helios/starwards/node_modules/colyseus.js/node_modules/ws/lib/websocket.js:1341:15)
          at Socket.emit (node:events:524:28)
          at TCP.<anonymous> (node:net:343:12)

      at ConnectionManager.onConnectionError (modules/core/src/client/connection-manager.ts:144:21)
          at Array.forEach (<anonymous>)

    console.log
      connection error: TypeError: Cannot read properties of undefined (reading 'decoder')
          at wireEvents (/data/Workspace/helios/starwards/node_modules/colyseus-events/src/wire-events.ts:30:40)
          at /data/Workspace/helios/starwards/modules/core/src/client/admin.ts:20:5
          at processTicksAndRejections (node:internal/process/task_queues:95:5)
          at /data/Workspace/helios/starwards/modules/core/src/client/connection-manager.ts:131:21

      at ConnectionManager.onConnectionError (modules/core/src/client/connection-manager.ts:144:21)

    console.log
      connection error: Error: disconnected from server
          at EventEmitter.<anonymous> (/data/Workspace/helios/starwards/modules/core/src/client/driver.ts:53:58)
          at /data/Workspace/helios/starwards/node_modules/colyseus.js/src/core/signal.ts:15:48
          at Array.forEach (<anonymous>)
          at EventEmitter.invoke (/data/Workspace/helios/starwards/node_modules/colyseus.js/src/core/signal.ts:15:19)
          at Function.register.invoke (/data/Workspace/helios/starwards/node_modules/colyseus.js/src/core/signal.ts:57:81)
          at WebSocket.connection.events.onclose (/data/Workspace/helios/starwards/node_modules/colyseus.js/src/Room.ts:89:30)
          at callListener (/data/Workspace/helios/starwards/node_modules/colyseus.js/node_modules/ws/lib/event-target.js:290:14)
          at WebSocket.onClose (/data/Workspace/helios/starwards/node_modules/colyseus.js/node_modules/ws/lib/event-target.js:220:9)
          at WebSocket.emit (node:events:524:28)
          at WebSocket.emitClose (/data/Workspace/helios/starwards/node_modules/colyseus.js/node_modules/ws/lib/websocket.js:272:10)
          at Socket.socketOnClose (/data/Workspace/helios/starwards/node_modules/colyseus.js/node_modules/ws/lib/websocket.js:1341:15)
          at Socket.emit (node:events:524:28)
          at TCP.<anonymous> (node:net:343:12)

      at ConnectionManager.onConnectionError (modules/core/src/client/connection-manager.ts:144:21)
          at Array.forEach (<anonymous>)

    console.log
      connection error: TypeError: Cannot read properties of undefined (reading 'decoder')
          at wireEvents (/data/Workspace/helios/starwards/node_modules/colyseus-events/src/wire-events.ts:30:40)
          at /data/Workspace/helios/starwards/modules/core/src/client/admin.ts:20:5
          at processTicksAndRejections (node:internal/process/task_queues:95:5)
          at /data/Workspace/helios/starwards/modules/core/src/client/connection-manager.ts:131:21

      at ConnectionManager.onConnectionError (modules/core/src/client/connection-manager.ts:144:21)

    console.log
      connection error: Error: disconnected from server
          at EventEmitter.<anonymous> (/data/Workspace/helios/starwards/modules/core/src/client/driver.ts:53:58)
          at /data/Workspace/helios/starwards/node_modules/colyseus.js/src/core/signal.ts:15:48
          at Array.forEach (<anonymous>)
          at EventEmitter.invoke (/data/Workspace/helios/starwards/node_modules/colyseus.js/src/core/signal.ts:15:19)
          at Function.register.invoke (/data/Workspace/helios/starwards/node_modules/colyseus.js/src/core/signal.ts:57:81)
          at WebSocket.connection.events.onclose (/data/Workspace/helios/starwards/node_modules/colyseus.js/src/Room.ts:89:30)
          at callListener (/data/Workspace/helios/starwards/node_modules/colyseus.js/node_modules/ws/lib/event-target.js:290:14)
          at WebSocket.onClose (/data/Workspace/helios/starwards/node_modules/colyseus.js/node_modules/ws/lib/event-target.js:220:9)
          at WebSocket.emit (node:events:524:28)
          at WebSocket.emitClose (/data/Workspace/helios/starwards/node_modules/colyseus.js/node_modules/ws/lib/websocket.js:272:10)
          at Socket.socketOnClose (/data/Workspace/helios/starwards/node_modules/colyseus.js/node_modules/ws/lib/websocket.js:1341:15)
          at Socket.emit (node:events:524:28)
          at TCP.<anonymous> (node:net:343:12)

      at ConnectionManager.onConnectionError (modules/core/src/client/connection-manager.ts:144:21)
          at Array.forEach (<anonymous>)

    console.log
      connection error: TypeError: Cannot read properties of undefined (reading 'decoder')
          at wireEvents (/data/Workspace/helios/starwards/node_modules/colyseus-events/src/wire-events.ts:30:40)
          at /data/Workspace/helios/starwards/modules/core/src/client/admin.ts:20:5
          at processTicksAndRejections (node:internal/process/task_queues:95:5)
          at /data/Workspace/helios/starwards/modules/core/src/client/connection-manager.ts:131:21

      at ConnectionManager.onConnectionError (modules/core/src/client/connection-manager.ts:144:21)

    console.log
      connection error: Error: disconnected from server
          at EventEmitter.<anonymous> (/data/Workspace/helios/starwards/modules/core/src/client/driver.ts:53:58)
          at /data/Workspace/helios/starwards/node_modules/colyseus.js/src/core/signal.ts:15:48
          at Array.forEach (<anonymous>)
          at EventEmitter.invoke (/data/Workspace/helios/starwards/node_modules/colyseus.js/src/core/signal.ts:15:19)
          at Function.register.invoke (/data/Workspace/helios/starwards/node_modules/colyseus.js/src/core/signal.ts:57:81)
          at WebSocket.connection.events.onclose (/data/Workspace/helios/starwards/node_modules/colyseus.js/src/Room.ts:89:30)
          at callListener (/data/Workspace/helios/starwards/node_modules/colyseus.js/node_modules/ws/lib/event-target.js:290:14)
          at WebSocket.onClose (/data/Workspace/helios/starwards/node_modules/colyseus.js/node_modules/ws/lib/event-target.js:220:9)
          at WebSocket.emit (node:events:524:28)
          at WebSocket.emitClose (/data/Workspace/helios/starwards/node_modules/colyseus.js/node_modules/ws/lib/websocket.js:272:10)
          at Socket.socketOnClose (/data/Workspace/helios/starwards/node_modules/colyseus.js/node_modules/ws/lib/websocket.js:1341:15)
          at Socket.emit (node:events:524:28)
          at TCP.<anonymous> (node:net:343:12)

      at ConnectionManager.onConnectionError (modules/core/src/client/connection-manager.ts:144:21)
          at Array.forEach (<anonymous>)

    console.log
      connection error: TypeError: Cannot read properties of undefined (reading 'decoder')
          at wireEvents (/data/Workspace/helios/starwards/node_modules/colyseus-events/src/wire-events.ts:30:40)
          at /data/Workspace/helios/starwards/modules/core/src/client/admin.ts:20:5
          at processTicksAndRejections (node:internal/process/task_queues:95:5)
          at /data/Workspace/helios/starwards/modules/core/src/client/connection-manager.ts:131:21

      at ConnectionManager.onConnectionError (modules/core/src/client/connection-manager.ts:144:21)

    console.log
      connection error: Error: disconnected from server
          at EventEmitter.<anonymous> (/data/Workspace/helios/starwards/modules/core/src/client/driver.ts:53:58)
          at /data/Workspace/helios/starwards/node_modules/colyseus.js/src/core/signal.ts:15:48
          at Array.forEach (<anonymous>)
          at EventEmitter.invoke (/data/Workspace/helios/starwards/node_modules/colyseus.js/src/core/signal.ts:15:19)
          at Function.register.invoke (/data/Workspace/helios/starwards/node_modules/colyseus.js/src/core/signal.ts:57:81)
          at WebSocket.connection.events.onclose (/data/Workspace/helios/starwards/node_modules/colyseus.js/src/Room.ts:89:30)
          at callListener (/data/Workspace/helios/starwards/node_modules/colyseus.js/node_modules/ws/lib/event-target.js:290:14)
          at WebSocket.onClose (/data/Workspace/helios/starwards/node_modules/colyseus.js/node_modules/ws/lib/event-target.js:220:9)
          at WebSocket.emit (node:events:524:28)
          at WebSocket.emitClose (/data/Workspace/helios/starwards/node_modules/colyseus.js/node_modules/ws/lib/websocket.js:272:10)
          at Socket.socketOnClose (/data/Workspace/helios/starwards/node_modules/colyseus.js/node_modules/ws/lib/websocket.js:1341:15)
          at Socket.emit (node:events:524:28)
          at TCP.<anonymous> (node:net:343:12)

      at ConnectionManager.onConnectionError (modules/core/src/client/connection-manager.ts:144:21)
          at Array.forEach (<anonymous>)

    console.log
      connection error: TypeError: Cannot read properties of undefined (reading 'decoder')
          at wireEvents (/data/Workspace/helios/starwards/node_modules/colyseus-events/src/wire-events.ts:30:40)
          at /data/Workspace/helios/starwards/modules/core/src/client/admin.ts:20:5
          at processTicksAndRejections (node:internal/process/task_queues:95:5)
          at /data/Workspace/helios/starwards/modules/core/src/client/connection-manager.ts:131:21

      at ConnectionManager.onConnectionError (modules/core/src/client/connection-manager.ts:144:21)

    console.log
      connection error: Error: disconnected from server
          at EventEmitter.<anonymous> (/data/Workspace/helios/starwards/modules/core/src/client/driver.ts:53:58)
          at /data/Workspace/helios/starwards/node_modules/colyseus.js/src/core/signal.ts:15:48
          at Array.forEach (<anonymous>)
          at EventEmitter.invoke (/data/Workspace/helios/starwards/node_modules/colyseus.js/src/core/signal.ts:15:19)
          at Function.register.invoke (/data/Workspace/helios/starwards/node_modules/colyseus.js/src/core/signal.ts:57:81)
          at WebSocket.connection.events.onclose (/data/Workspace/helios/starwards/node_modules/colyseus.js/src/Room.ts:89:30)
          at callListener (/data/Workspace/helios/starwards/node_modules/colyseus.js/node_modules/ws/lib/event-target.js:290:14)
          at WebSocket.onClose (/data/Workspace/helios/starwards/node_modules/colyseus.js/node_modules/ws/lib/event-target.js:220:9)
          at WebSocket.emit (node:events:524:28)
          at WebSocket.emitClose (/data/Workspace/helios/starwards/node_modules/colyseus.js/node_modules/ws/lib/websocket.js:272:10)
          at Socket.socketOnClose (/data/Workspace/helios/starwards/node_modules/colyseus.js/node_modules/ws/lib/websocket.js:1341:15)
          at Socket.emit (node:events:524:28)
          at TCP.<anonymous> (node:net:343:12)

      at ConnectionManager.onConnectionError (modules/core/src/client/connection-manager.ts:144:21)
          at Array.forEach (<anonymous>)

    console.log
      connection error: TypeError: Cannot read properties of undefined (reading 'decoder')
          at wireEvents (/data/Workspace/helios/starwards/node_modules/colyseus-events/src/wire-events.ts:30:40)
          at /data/Workspace/helios/starwards/modules/core/src/client/admin.ts:20:5
          at processTicksAndRejections (node:internal/process/task_queues:95:5)
          at /data/Workspace/helios/starwards/modules/core/src/client/connection-manager.ts:131:21

      at ConnectionManager.onConnectionError (modules/core/src/client/connection-manager.ts:144:21)

    console.log
      connection error: Error: disconnected from server
          at EventEmitter.<anonymous> (/data/Workspace/helios/starwards/modules/core/src/client/driver.ts:53:58)
          at /data/Workspace/helios/starwards/node_modules/colyseus.js/src/core/signal.ts:15:48
          at Array.forEach (<anonymous>)
          at EventEmitter.invoke (/data/Workspace/helios/starwards/node_modules/colyseus.js/src/core/signal.ts:15:19)
          at Function.register.invoke (/data/Workspace/helios/starwards/node_modules/colyseus.js/src/core/signal.ts:57:81)
          at WebSocket.connection.events.onclose (/data/Workspace/helios/starwards/node_modules/colyseus.js/src/Room.ts:89:30)
          at callListener (/data/Workspace/helios/starwards/node_modules/colyseus.js/node_modules/ws/lib/event-target.js:290:14)
          at WebSocket.onClose (/data/Workspace/helios/starwards/node_modules/colyseus.js/node_modules/ws/lib/event-target.js:220:9)
          at WebSocket.emit (node:events:524:28)
          at WebSocket.emitClose (/data/Workspace/helios/starwards/node_modules/colyseus.js/node_modules/ws/lib/websocket.js:272:10)
          at Socket.socketOnClose (/data/Workspace/helios/starwards/node_modules/colyseus.js/node_modules/ws/lib/websocket.js:1341:15)
          at Socket.emit (node:events:524:28)
          at TCP.<anonymous> (node:net:343:12)

      at ConnectionManager.onConnectionError (modules/core/src/client/connection-manager.ts:144:21)
          at Array.forEach (<anonymous>)

    console.log
      connection error: TypeError: Cannot read properties of undefined (reading 'decoder')
          at wireEvents (/data/Workspace/helios/starwards/node_modules/colyseus-events/src/wire-events.ts:30:40)
          at /data/Workspace/helios/starwards/modules/core/src/client/admin.ts:20:5
          at processTicksAndRejections (node:internal/process/task_queues:95:5)
          at /data/Workspace/helios/starwards/modules/core/src/client/connection-manager.ts:131:21

      at ConnectionManager.onConnectionError (modules/core/src/client/connection-manager.ts:144:21)

    console.log
      connection error: Error: disconnected from server
          at EventEmitter.<anonymous> (/data/Workspace/helios/starwards/modules/core/src/client/driver.ts:53:58)
          at /data/Workspace/helios/starwards/node_modules/colyseus.js/src/core/signal.ts:15:48
          at Array.forEach (<anonymous>)
          at EventEmitter.invoke (/data/Workspace/helios/starwards/node_modules/colyseus.js/src/core/signal.ts:15:19)
          at Function.register.invoke (/data/Workspace/helios/starwards/node_modules/colyseus.js/src/core/signal.ts:57:81)
          at WebSocket.connection.events.onclose (/data/Workspace/helios/starwards/node_modules/colyseus.js/src/Room.ts:89:30)
          at callListener (/data/Workspace/helios/starwards/node_modules/colyseus.js/node_modules/ws/lib/event-target.js:290:14)
          at WebSocket.onClose (/data/Workspace/helios/starwards/node_modules/colyseus.js/node_modules/ws/lib/event-target.js:220:9)
          at WebSocket.emit (node:events:524:28)
          at WebSocket.emitClose (/data/Workspace/helios/starwards/node_modules/colyseus.js/node_modules/ws/lib/websocket.js:272:10)
          at Socket.socketOnClose (/data/Workspace/helios/starwards/node_modules/colyseus.js/node_modules/ws/lib/websocket.js:1341:15)
          at Socket.emit (node:events:524:28)
          at TCP.<anonymous> (node:net:343:12)

      at ConnectionManager.onConnectionError (modules/core/src/client/connection-manager.ts:144:21)
          at Array.forEach (<anonymous>)

    console.log
      connection error: TypeError: Cannot read properties of undefined (reading 'decoder')
          at wireEvents (/data/Workspace/helios/starwards/node_modules/colyseus-events/src/wire-events.ts:30:40)
          at /data/Workspace/helios/starwards/modules/core/src/client/admin.ts:20:5
          at processTicksAndRejections (node:internal/process/task_queues:95:5)
          at /data/Workspace/helios/starwards/modules/core/src/client/connection-manager.ts:131:21

      at ConnectionManager.onConnectionError (modules/core/src/client/connection-manager.ts:144:21)

    console.log
      connection error: Error: disconnected from server
          at EventEmitter.<anonymous> (/data/Workspace/helios/starwards/modules/core/src/client/driver.ts:53:58)
          at /data/Workspace/helios/starwards/node_modules/colyseus.js/src/core/signal.ts:15:48
          at Array.forEach (<anonymous>)
          at EventEmitter.invoke (/data/Workspace/helios/starwards/node_modules/colyseus.js/src/core/signal.ts:15:19)
          at Function.register.invoke (/data/Workspace/helios/starwards/node_modules/colyseus.js/src/core/signal.ts:57:81)
          at WebSocket.connection.events.onclose (/data/Workspace/helios/starwards/node_modules/colyseus.js/src/Room.ts:89:30)
          at callListener (/data/Workspace/helios/starwards/node_modules/colyseus.js/node_modules/ws/lib/event-target.js:290:14)
          at WebSocket.onClose (/data/Workspace/helios/starwards/node_modules/colyseus.js/node_modules/ws/lib/event-target.js:220:9)
          at WebSocket.emit (node:events:524:28)
          at WebSocket.emitClose (/data/Workspace/helios/starwards/node_modules/colyseus.js/node_modules/ws/lib/websocket.js:272:10)
          at Socket.socketOnClose (/data/Workspace/helios/starwards/node_modules/colyseus.js/node_modules/ws/lib/websocket.js:1341:15)
          at Socket.emit (node:events:524:28)
          at TCP.<anonymous> (node:net:343:12)

      at ConnectionManager.onConnectionError (modules/core/src/client/connection-manager.ts:144:21)
          at Array.forEach (<anonymous>)

    console.log
      connection error: TypeError: Cannot read properties of undefined (reading 'decoder')
          at wireEvents (/data/Workspace/helios/starwards/node_modules/colyseus-events/src/wire-events.ts:30:40)
          at /data/Workspace/helios/starwards/modules/core/src/client/admin.ts:20:5
          at processTicksAndRejections (node:internal/process/task_queues:95:5)
          at /data/Workspace/helios/starwards/modules/core/src/client/connection-manager.ts:131:21

      at ConnectionManager.onConnectionError (modules/core/src/client/connection-manager.ts:144:21)

    console.log
      connection error: Error: disconnected from server
          at EventEmitter.<anonymous> (/data/Workspace/helios/starwards/modules/core/src/client/driver.ts:53:58)
          at /data/Workspace/helios/starwards/node_modules/colyseus.js/src/core/signal.ts:15:48
          at Array.forEach (<anonymous>)
          at EventEmitter.invoke (/data/Workspace/helios/starwards/node_modules/colyseus.js/src/core/signal.ts:15:19)
          at Function.register.invoke (/data/Workspace/helios/starwards/node_modules/colyseus.js/src/core/signal.ts:57:81)
          at WebSocket.connection.events.onclose (/data/Workspace/helios/starwards/node_modules/colyseus.js/src/Room.ts:89:30)
          at callListener (/data/Workspace/helios/starwards/node_modules/colyseus.js/node_modules/ws/lib/event-target.js:290:14)
          at WebSocket.onClose (/data/Workspace/helios/starwards/node_modules/colyseus.js/node_modules/ws/lib/event-target.js:220:9)
          at WebSocket.emit (node:events:524:28)
          at WebSocket.emitClose (/data/Workspace/helios/starwards/node_modules/colyseus.js/node_modules/ws/lib/websocket.js:272:10)
          at Socket.socketOnClose (/data/Workspace/helios/starwards/node_modules/colyseus.js/node_modules/ws/lib/websocket.js:1341:15)
          at Socket.emit (node:events:524:28)
          at TCP.<anonymous> (node:net:343:12)

      at ConnectionManager.onConnectionError (modules/core/src/client/connection-manager.ts:144:21)
          at Array.forEach (<anonymous>)

    console.log
      connection error: TypeError: Cannot read properties of undefined (reading 'decoder')
          at wireEvents (/data/Workspace/helios/starwards/node_modules/colyseus-events/src/wire-events.ts:30:40)
          at /data/Workspace/helios/starwards/modules/core/src/client/admin.ts:20:5
          at processTicksAndRejections (node:internal/process/task_queues:95:5)
          at /data/Workspace/helios/starwards/modules/core/src/client/connection-manager.ts:131:21

      at ConnectionManager.onConnectionError (modules/core/src/client/connection-manager.ts:144:21)

    console.log
      connection error: Error: disconnected from server
          at EventEmitter.<anonymous> (/data/Workspace/helios/starwards/modules/core/src/client/driver.ts:53:58)
          at /data/Workspace/helios/starwards/node_modules/colyseus.js/src/core/signal.ts:15:48
          at Array.forEach (<anonymous>)
          at EventEmitter.invoke (/data/Workspace/helios/starwards/node_modules/colyseus.js/src/core/signal.ts:15:19)
          at Function.register.invoke (/data/Workspace/helios/starwards/node_modules/colyseus.js/src/core/signal.ts:57:81)
          at WebSocket.connection.events.onclose (/data/Workspace/helios/starwards/node_modules/colyseus.js/src/Room.ts:89:30)
          at callListener (/data/Workspace/helios/starwards/node_modules/colyseus.js/node_modules/ws/lib/event-target.js:290:14)
          at WebSocket.onClose (/data/Workspace/helios/starwards/node_modules/colyseus.js/node_modules/ws/lib/event-target.js:220:9)
          at WebSocket.emit (node:events:524:28)
          at WebSocket.emitClose (/data/Workspace/helios/starwards/node_modules/colyseus.js/node_modules/ws/lib/websocket.js:272:10)
          at Socket.socketOnClose (/data/Workspace/helios/starwards/node_modules/colyseus.js/node_modules/ws/lib/websocket.js:1341:15)
          at Socket.emit (node:events:524:28)
          at TCP.<anonymous> (node:net:343:12)

      at ConnectionManager.onConnectionError (modules/core/src/client/connection-manager.ts:144:21)
          at Array.forEach (<anonymous>)

    console.log
      connection error: TypeError: Cannot read properties of undefined (reading 'decoder')
          at wireEvents (/data/Workspace/helios/starwards/node_modules/colyseus-events/src/wire-events.ts:30:40)
          at /data/Workspace/helios/starwards/modules/core/src/client/admin.ts:20:5
          at processTicksAndRejections (node:internal/process/task_queues:95:5)
          at /data/Workspace/helios/starwards/modules/core/src/client/connection-manager.ts:131:21

      at ConnectionManager.onConnectionError (modules/core/src/client/connection-manager.ts:144:21)

    console.log
      connection error: Error: disconnected from server
          at EventEmitter.<anonymous> (/data/Workspace/helios/starwards/modules/core/src/client/driver.ts:53:58)
          at /data/Workspace/helios/starwards/node_modules/colyseus.js/src/core/signal.ts:15:48
          at Array.forEach (<anonymous>)
          at EventEmitter.invoke (/data/Workspace/helios/starwards/node_modules/colyseus.js/src/core/signal.ts:15:19)
          at Function.register.invoke (/data/Workspace/helios/starwards/node_modules/colyseus.js/src/core/signal.ts:57:81)
          at WebSocket.connection.events.onclose (/data/Workspace/helios/starwards/node_modules/colyseus.js/src/Room.ts:89:30)
          at callListener (/data/Workspace/helios/starwards/node_modules/colyseus.js/node_modules/ws/lib/event-target.js:290:14)
          at WebSocket.onClose (/data/Workspace/helios/starwards/node_modules/colyseus.js/node_modules/ws/lib/event-target.js:220:9)
          at WebSocket.emit (node:events:524:28)
          at WebSocket.emitClose (/data/Workspace/helios/starwards/node_modules/colyseus.js/node_modules/ws/lib/websocket.js:272:10)
          at Socket.socketOnClose (/data/Workspace/helios/starwards/node_modules/colyseus.js/node_modules/ws/lib/websocket.js:1341:15)
          at Socket.emit (node:events:524:28)
          at TCP.<anonymous> (node:net:343:12)

      at ConnectionManager.onConnectionError (modules/core/src/client/connection-manager.ts:144:21)
          at Array.forEach (<anonymous>)

    console.log
      connection error: TypeError: Cannot read properties of undefined (reading 'decoder')
          at wireEvents (/data/Workspace/helios/starwards/node_modules/colyseus-events/src/wire-events.ts:30:40)
          at /data/Workspace/helios/starwards/modules/core/src/client/admin.ts:20:5
          at processTicksAndRejections (node:internal/process/task_queues:95:5)
          at /data/Workspace/helios/starwards/modules/core/src/client/connection-manager.ts:131:21

      at ConnectionManager.onConnectionError (modules/core/src/client/connection-manager.ts:144:21)

    console.log
      connection error: Error: disconnected from server
          at EventEmitter.<anonymous> (/data/Workspace/helios/starwards/modules/core/src/client/driver.ts:53:58)
          at /data/Workspace/helios/starwards/node_modules/colyseus.js/src/core/signal.ts:15:48
          at Array.forEach (<anonymous>)
          at EventEmitter.invoke (/data/Workspace/helios/starwards/node_modules/colyseus.js/src/core/signal.ts:15:19)
          at Function.register.invoke (/data/Workspace/helios/starwards/node_modules/colyseus.js/src/core/signal.ts:57:81)
          at WebSocket.connection.events.onclose (/data/Workspace/helios/starwards/node_modules/colyseus.js/src/Room.ts:89:30)
          at callListener (/data/Workspace/helios/starwards/node_modules/colyseus.js/node_modules/ws/lib/event-target.js:290:14)
          at WebSocket.onClose (/data/Workspace/helios/starwards/node_modules/colyseus.js/node_modules/ws/lib/event-target.js:220:9)
          at WebSocket.emit (node:events:524:28)
          at WebSocket.emitClose (/data/Workspace/helios/starwards/node_modules/colyseus.js/node_modules/ws/lib/websocket.js:272:10)
          at Socket.socketOnClose (/data/Workspace/helios/starwards/node_modules/colyseus.js/node_modules/ws/lib/websocket.js:1341:15)
          at Socket.emit (node:events:524:28)
          at TCP.<anonymous> (node:net:343:12)

      at ConnectionManager.onConnectionError (modules/core/src/client/connection-manager.ts:144:21)
          at Array.forEach (<anonymous>)

    console.log
      connection error: TypeError: Cannot read properties of undefined (reading 'decoder')
          at wireEvents (/data/Workspace/helios/starwards/node_modules/colyseus-events/src/wire-events.ts:30:40)
          at /data/Workspace/helios/starwards/modules/core/src/client/admin.ts:20:5
          at processTicksAndRejections (node:internal/process/task_queues:95:5)
          at /data/Workspace/helios/starwards/modules/core/src/client/connection-manager.ts:131:21

      at ConnectionManager.onConnectionError (modules/core/src/client/connection-manager.ts:144:21)

    console.log
      connection error: Error: disconnected from server
          at EventEmitter.<anonymous> (/data/Workspace/helios/starwards/modules/core/src/client/driver.ts:53:58)
          at /data/Workspace/helios/starwards/node_modules/colyseus.js/src/core/signal.ts:15:48
          at Array.forEach (<anonymous>)
          at EventEmitter.invoke (/data/Workspace/helios/starwards/node_modules/colyseus.js/src/core/signal.ts:15:19)
          at Function.register.invoke (/data/Workspace/helios/starwards/node_modules/colyseus.js/src/core/signal.ts:57:81)
          at WebSocket.connection.events.onclose (/data/Workspace/helios/starwards/node_modules/colyseus.js/src/Room.ts:89:30)
          at callListener (/data/Workspace/helios/starwards/node_modules/colyseus.js/node_modules/ws/lib/event-target.js:290:14)
          at WebSocket.onClose (/data/Workspace/helios/starwards/node_modules/colyseus.js/node_modules/ws/lib/event-target.js:220:9)
          at WebSocket.emit (node:events:524:28)
          at WebSocket.emitClose (/data/Workspace/helios/starwards/node_modules/colyseus.js/node_modules/ws/lib/websocket.js:272:10)
          at Socket.socketOnClose (/data/Workspace/helios/starwards/node_modules/colyseus.js/node_modules/ws/lib/websocket.js:1341:15)
          at Socket.emit (node:events:524:28)
          at TCP.<anonymous> (node:net:343:12)

      at ConnectionManager.onConnectionError (modules/core/src/client/connection-manager.ts:144:21)
          at Array.forEach (<anonymous>)

    console.log
      connection error: TypeError: Cannot read properties of undefined (reading 'decoder')
          at wireEvents (/data/Workspace/helios/starwards/node_modules/colyseus-events/src/wire-events.ts:30:40)
          at /data/Workspace/helios/starwards/modules/core/src/client/admin.ts:20:5
          at processTicksAndRejections (node:internal/process/task_queues:95:5)
          at /data/Workspace/helios/starwards/modules/core/src/client/connection-manager.ts:131:21

      at ConnectionManager.onConnectionError (modules/core/src/client/connection-manager.ts:144:21)

    console.log
      connection error: Error: disconnected from server
          at EventEmitter.<anonymous> (/data/Workspace/helios/starwards/modules/core/src/client/driver.ts:53:58)
          at /data/Workspace/helios/starwards/node_modules/colyseus.js/src/core/signal.ts:15:48
          at Array.forEach (<anonymous>)
          at EventEmitter.invoke (/data/Workspace/helios/starwards/node_modules/colyseus.js/src/core/signal.ts:15:19)
          at Function.register.invoke (/data/Workspace/helios/starwards/node_modules/colyseus.js/src/core/signal.ts:57:81)
          at WebSocket.connection.events.onclose (/data/Workspace/helios/starwards/node_modules/colyseus.js/src/Room.ts:89:30)
          at callListener (/data/Workspace/helios/starwards/node_modules/colyseus.js/node_modules/ws/lib/event-target.js:290:14)
          at WebSocket.onClose (/data/Workspace/helios/starwards/node_modules/colyseus.js/node_modules/ws/lib/event-target.js:220:9)
          at WebSocket.emit (node:events:524:28)
          at WebSocket.emitClose (/data/Workspace/helios/starwards/node_modules/colyseus.js/node_modules/ws/lib/websocket.js:272:10)
          at Socket.socketOnClose (/data/Workspace/helios/starwards/node_modules/colyseus.js/node_modules/ws/lib/websocket.js:1341:15)
          at Socket.emit (node:events:524:28)
          at TCP.<anonymous> (node:net:343:12)

      at ConnectionManager.onConnectionError (modules/core/src/client/connection-manager.ts:144:21)
          at Array.forEach (<anonymous>)

    console.log
      connection error: TypeError: Cannot read properties of undefined (reading 'decoder')
          at wireEvents (/data/Workspace/helios/starwards/node_modules/colyseus-events/src/wire-events.ts:30:40)
          at /data/Workspace/helios/starwards/modules/core/src/client/admin.ts:20:5
          at processTicksAndRejections (node:internal/process/task_queues:95:5)
          at /data/Workspace/helios/starwards/modules/core/src/client/connection-manager.ts:131:21

      at ConnectionManager.onConnectionError (modules/core/src/client/connection-manager.ts:144:21)

    console.log
      connection error: Error: disconnected from server
          at EventEmitter.<anonymous> (/data/Workspace/helios/starwards/modules/core/src/client/driver.ts:53:58)
          at /data/Workspace/helios/starwards/node_modules/colyseus.js/src/core/signal.ts:15:48
          at Array.forEach (<anonymous>)
          at EventEmitter.invoke (/data/Workspace/helios/starwards/node_modules/colyseus.js/src/core/signal.ts:15:19)
          at Function.register.invoke (/data/Workspace/helios/starwards/node_modules/colyseus.js/src/core/signal.ts:57:81)
          at WebSocket.connection.events.onclose (/data/Workspace/helios/starwards/node_modules/colyseus.js/src/Room.ts:89:30)
          at callListener (/data/Workspace/helios/starwards/node_modules/colyseus.js/node_modules/ws/lib/event-target.js:290:14)
          at WebSocket.onClose (/data/Workspace/helios/starwards/node_modules/colyseus.js/node_modules/ws/lib/event-target.js:220:9)
          at WebSocket.emit (node:events:524:28)
          at WebSocket.emitClose (/data/Workspace/helios/starwards/node_modules/colyseus.js/node_modules/ws/lib/websocket.js:272:10)
          at Socket.socketOnClose (/data/Workspace/helios/starwards/node_modules/colyseus.js/node_modules/ws/lib/websocket.js:1341:15)
          at Socket.emit (node:events:524:28)
          at TCP.<anonymous> (node:net:343:12)

      at ConnectionManager.onConnectionError (modules/core/src/client/connection-manager.ts:144:21)
          at Array.forEach (<anonymous>)

    console.log
      connection error: TypeError: Cannot read properties of undefined (reading 'decoder')
          at wireEvents (/data/Workspace/helios/starwards/node_modules/colyseus-events/src/wire-events.ts:30:40)
          at /data/Workspace/helios/starwards/modules/core/src/client/admin.ts:20:5
          at processTicksAndRejections (node:internal/process/task_queues:95:5)
          at /data/Workspace/helios/starwards/modules/core/src/client/connection-manager.ts:131:21

      at ConnectionManager.onConnectionError (modules/core/src/client/connection-manager.ts:144:21)

    console.log
      connection error: Error: disconnected from server
          at EventEmitter.<anonymous> (/data/Workspace/helios/starwards/modules/core/src/client/driver.ts:53:58)
          at /data/Workspace/helios/starwards/node_modules/colyseus.js/src/core/signal.ts:15:48
          at Array.forEach (<anonymous>)
          at EventEmitter.invoke (/data/Workspace/helios/starwards/node_modules/colyseus.js/src/core/signal.ts:15:19)
          at Function.register.invoke (/data/Workspace/helios/starwards/node_modules/colyseus.js/src/core/signal.ts:57:81)
          at WebSocket.connection.events.onclose (/data/Workspace/helios/starwards/node_modules/colyseus.js/src/Room.ts:89:30)
          at callListener (/data/Workspace/helios/starwards/node_modules/colyseus.js/node_modules/ws/lib/event-target.js:290:14)
          at WebSocket.onClose (/data/Workspace/helios/starwards/node_modules/colyseus.js/node_modules/ws/lib/event-target.js:220:9)
          at WebSocket.emit (node:events:524:28)
          at WebSocket.emitClose (/data/Workspace/helios/starwards/node_modules/colyseus.js/node_modules/ws/lib/websocket.js:272:10)
          at Socket.socketOnClose (/data/Workspace/helios/starwards/node_modules/colyseus.js/node_modules/ws/lib/websocket.js:1341:15)
          at Socket.emit (node:events:524:28)
          at TCP.<anonymous> (node:net:343:12)

      at ConnectionManager.onConnectionError (modules/core/src/client/connection-manager.ts:144:21)
          at Array.forEach (<anonymous>)

    console.log
      connection error: TypeError: Cannot read properties of undefined (reading 'decoder')
          at wireEvents (/data/Workspace/helios/starwards/node_modules/colyseus-events/src/wire-events.ts:30:40)
          at /data/Workspace/helios/starwards/modules/core/src/client/admin.ts:20:5
          at processTicksAndRejections (node:internal/process/task_queues:95:5)
          at /data/Workspace/helios/starwards/modules/core/src/client/connection-manager.ts:131:21

      at ConnectionManager.onConnectionError (modules/core/src/client/connection-manager.ts:144:21)

    console.log
      connection error: Error: disconnected from server
          at EventEmitter.<anonymous> (/data/Workspace/helios/starwards/modules/core/src/client/driver.ts:53:58)
          at /data/Workspace/helios/starwards/node_modules/colyseus.js/src/core/signal.ts:15:48
          at Array.forEach (<anonymous>)
          at EventEmitter.invoke (/data/Workspace/helios/starwards/node_modules/colyseus.js/src/core/signal.ts:15:19)
          at Function.register.invoke (/data/Workspace/helios/starwards/node_modules/colyseus.js/src/core/signal.ts:57:81)
          at WebSocket.connection.events.onclose (/data/Workspace/helios/starwards/node_modules/colyseus.js/src/Room.ts:89:30)
          at callListener (/data/Workspace/helios/starwards/node_modules/colyseus.js/node_modules/ws/lib/event-target.js:290:14)
          at WebSocket.onClose (/data/Workspace/helios/starwards/node_modules/colyseus.js/node_modules/ws/lib/event-target.js:220:9)
          at WebSocket.emit (node:events:524:28)
          at WebSocket.emitClose (/data/Workspace/helios/starwards/node_modules/colyseus.js/node_modules/ws/lib/websocket.js:272:10)
          at Socket.socketOnClose (/data/Workspace/helios/starwards/node_modules/colyseus.js/node_modules/ws/lib/websocket.js:1341:15)
          at Socket.emit (node:events:524:28)
          at TCP.<anonymous> (node:net:343:12)

      at ConnectionManager.onConnectionError (modules/core/src/client/connection-manager.ts:144:21)
          at Array.forEach (<anonymous>)

    console.log
      connection error: TypeError: Cannot read properties of undefined (reading 'decoder')
          at wireEvents (/data/Workspace/helios/starwards/node_modules/colyseus-events/src/wire-events.ts:30:40)
          at /data/Workspace/helios/starwards/modules/core/src/client/admin.ts:20:5
          at processTicksAndRejections (node:internal/process/task_queues:95:5)
          at /data/Workspace/helios/starwards/modules/core/src/client/connection-manager.ts:131:21

      at ConnectionManager.onConnectionError (modules/core/src/client/connection-manager.ts:144:21)

    console.log
      connection error: Error: disconnected from server
          at EventEmitter.<anonymous> (/data/Workspace/helios/starwards/modules/core/src/client/driver.ts:53:58)
          at /data/Workspace/helios/starwards/node_modules/colyseus.js/src/core/signal.ts:15:48
          at Array.forEach (<anonymous>)
          at EventEmitter.invoke (/data/Workspace/helios/starwards/node_modules/colyseus.js/src/core/signal.ts:15:19)
          at Function.register.invoke (/data/Workspace/helios/starwards/node_modules/colyseus.js/src/core/signal.ts:57:81)
          at WebSocket.connection.events.onclose (/data/Workspace/helios/starwards/node_modules/colyseus.js/src/Room.ts:89:30)
          at callListener (/data/Workspace/helios/starwards/node_modules/colyseus.js/node_modules/ws/lib/event-target.js:290:14)
          at WebSocket.onClose (/data/Workspace/helios/starwards/node_modules/colyseus.js/node_modules/ws/lib/event-target.js:220:9)
          at WebSocket.emit (node:events:524:28)
          at WebSocket.emitClose (/data/Workspace/helios/starwards/node_modules/colyseus.js/node_modules/ws/lib/websocket.js:272:10)
          at Socket.socketOnClose (/data/Workspace/helios/starwards/node_modules/colyseus.js/node_modules/ws/lib/websocket.js:1341:15)
          at Socket.emit (node:events:524:28)
          at TCP.<anonymous> (node:net:343:12)

      at ConnectionManager.onConnectionError (modules/core/src/client/connection-manager.ts:144:21)
          at Array.forEach (<anonymous>)

    console.log
      connection error: TypeError: Cannot read properties of undefined (reading 'decoder')
          at wireEvents (/data/Workspace/helios/starwards/node_modules/colyseus-events/src/wire-events.ts:30:40)
          at /data/Workspace/helios/starwards/modules/core/src/client/admin.ts:20:5
          at processTicksAndRejections (node:internal/process/task_queues:95:5)
          at /data/Workspace/helios/starwards/modules/core/src/client/connection-manager.ts:131:21

      at ConnectionManager.onConnectionError (modules/core/src/client/connection-manager.ts:144:21)

    console.log
      connection error: Error: disconnected from server
          at EventEmitter.<anonymous> (/data/Workspace/helios/starwards/modules/core/src/client/driver.ts:53:58)
          at /data/Workspace/helios/starwards/node_modules/colyseus.js/src/core/signal.ts:15:48
          at Array.forEach (<anonymous>)
          at EventEmitter.invoke (/data/Workspace/helios/starwards/node_modules/colyseus.js/src/core/signal.ts:15:19)
          at Function.register.invoke (/data/Workspace/helios/starwards/node_modules/colyseus.js/src/core/signal.ts:57:81)
          at WebSocket.connection.events.onclose (/data/Workspace/helios/starwards/node_modules/colyseus.js/src/Room.ts:89:30)
          at callListener (/data/Workspace/helios/starwards/node_modules/colyseus.js/node_modules/ws/lib/event-target.js:290:14)
          at WebSocket.onClose (/data/Workspace/helios/starwards/node_modules/colyseus.js/node_modules/ws/lib/event-target.js:220:9)
          at WebSocket.emit (node:events:524:28)
          at WebSocket.emitClose (/data/Workspace/helios/starwards/node_modules/colyseus.js/node_modules/ws/lib/websocket.js:272:10)
          at Socket.socketOnClose (/data/Workspace/helios/starwards/node_modules/colyseus.js/node_modules/ws/lib/websocket.js:1341:15)
          at Socket.emit (node:events:524:28)
          at TCP.<anonymous> (node:net:343:12)

      at ConnectionManager.onConnectionError (modules/core/src/client/connection-manager.ts:144:21)
          at Array.forEach (<anonymous>)

    console.log
      connection error: TypeError: Cannot read properties of undefined (reading 'decoder')
          at wireEvents (/data/Workspace/helios/starwards/node_modules/colyseus-events/src/wire-events.ts:30:40)
          at /data/Workspace/helios/starwards/modules/core/src/client/admin.ts:20:5
          at processTicksAndRejections (node:internal/process/task_queues:95:5)
          at /data/Workspace/helios/starwards/modules/core/src/client/connection-manager.ts:131:21

      at ConnectionManager.onConnectionError (modules/core/src/client/connection-manager.ts:144:21)

    console.log
      connection error: Error: disconnected from server
          at EventEmitter.<anonymous> (/data/Workspace/helios/starwards/modules/core/src/client/driver.ts:53:58)
          at /data/Workspace/helios/starwards/node_modules/colyseus.js/src/core/signal.ts:15:48
          at Array.forEach (<anonymous>)
          at EventEmitter.invoke (/data/Workspace/helios/starwards/node_modules/colyseus.js/src/core/signal.ts:15:19)
          at Function.register.invoke (/data/Workspace/helios/starwards/node_modules/colyseus.js/src/core/signal.ts:57:81)
          at WebSocket.connection.events.onclose (/data/Workspace/helios/starwards/node_modules/colyseus.js/src/Room.ts:89:30)
          at callListener (/data/Workspace/helios/starwards/node_modules/colyseus.js/node_modules/ws/lib/event-target.js:290:14)
          at WebSocket.onClose (/data/Workspace/helios/starwards/node_modules/colyseus.js/node_modules/ws/lib/event-target.js:220:9)
          at WebSocket.emit (node:events:524:28)
          at WebSocket.emitClose (/data/Workspace/helios/starwards/node_modules/colyseus.js/node_modules/ws/lib/websocket.js:272:10)
          at Socket.socketOnClose (/data/Workspace/helios/starwards/node_modules/colyseus.js/node_modules/ws/lib/websocket.js:1341:15)
          at Socket.emit (node:events:524:28)
          at TCP.<anonymous> (node:net:343:12)

      at ConnectionManager.onConnectionError (modules/core/src/client/connection-manager.ts:144:21)
          at Array.forEach (<anonymous>)

    console.log
      connection error: TypeError: Cannot read properties of undefined (reading 'decoder')
          at wireEvents (/data/Workspace/helios/starwards/node_modules/colyseus-events/src/wire-events.ts:30:40)
          at /data/Workspace/helios/starwards/modules/core/src/client/admin.ts:20:5
          at processTicksAndRejections (node:internal/process/task_queues:95:5)
          at /data/Workspace/helios/starwards/modules/core/src/client/connection-manager.ts:131:21

      at ConnectionManager.onConnectionError (modules/core/src/client/connection-manager.ts:144:21)

    console.log
      connection error: Error: disconnected from server
          at EventEmitter.<anonymous> (/data/Workspace/helios/starwards/modules/core/src/client/driver.ts:53:58)
          at /data/Workspace/helios/starwards/node_modules/colyseus.js/src/core/signal.ts:15:48
          at Array.forEach (<anonymous>)
          at EventEmitter.invoke (/data/Workspace/helios/starwards/node_modules/colyseus.js/src/core/signal.ts:15:19)
          at Function.register.invoke (/data/Workspace/helios/starwards/node_modules/colyseus.js/src/core/signal.ts:57:81)
          at WebSocket.connection.events.onclose (/data/Workspace/helios/starwards/node_modules/colyseus.js/src/Room.ts:89:30)
          at callListener (/data/Workspace/helios/starwards/node_modules/colyseus.js/node_modules/ws/lib/event-target.js:290:14)
          at WebSocket.onClose (/data/Workspace/helios/starwards/node_modules/colyseus.js/node_modules/ws/lib/event-target.js:220:9)
          at WebSocket.emit (node:events:524:28)
          at WebSocket.emitClose (/data/Workspace/helios/starwards/node_modules/colyseus.js/node_modules/ws/lib/websocket.js:272:10)
          at Socket.socketOnClose (/data/Workspace/helios/starwards/node_modules/colyseus.js/node_modules/ws/lib/websocket.js:1341:15)
          at Socket.emit (node:events:524:28)
          at TCP.<anonymous> (node:net:343:12)

      at ConnectionManager.onConnectionError (modules/core/src/client/connection-manager.ts:144:21)
          at Array.forEach (<anonymous>)

    console.log
      connection error: TypeError: Cannot read properties of undefined (reading 'decoder')
          at wireEvents (/data/Workspace/helios/starwards/node_modules/colyseus-events/src/wire-events.ts:30:40)
          at /data/Workspace/helios/starwards/modules/core/src/client/admin.ts:20:5
          at processTicksAndRejections (node:internal/process/task_queues:95:5)
          at /data/Workspace/helios/starwards/modules/core/src/client/connection-manager.ts:131:21

      at ConnectionManager.onConnectionError (modules/core/src/client/connection-manager.ts:144:21)

    console.log
      connection error: Error: disconnected from server
          at EventEmitter.<anonymous> (/data/Workspace/helios/starwards/modules/core/src/client/driver.ts:53:58)
          at /data/Workspace/helios/starwards/node_modules/colyseus.js/src/core/signal.ts:15:48
          at Array.forEach (<anonymous>)
          at EventEmitter.invoke (/data/Workspace/helios/starwards/node_modules/colyseus.js/src/core/signal.ts:15:19)
          at Function.register.invoke (/data/Workspace/helios/starwards/node_modules/colyseus.js/src/core/signal.ts:57:81)
          at WebSocket.connection.events.onclose (/data/Workspace/helios/starwards/node_modules/colyseus.js/src/Room.ts:89:30)
          at callListener (/data/Workspace/helios/starwards/node_modules/colyseus.js/node_modules/ws/lib/event-target.js:290:14)
          at WebSocket.onClose (/data/Workspace/helios/starwards/node_modules/colyseus.js/node_modules/ws/lib/event-target.js:220:9)
          at WebSocket.emit (node:events:524:28)
          at WebSocket.emitClose (/data/Workspace/helios/starwards/node_modules/colyseus.js/node_modules/ws/lib/websocket.js:272:10)
          at Socket.socketOnClose (/data/Workspace/helios/starwards/node_modules/colyseus.js/node_modules/ws/lib/websocket.js:1341:15)
          at Socket.emit (node:events:524:28)
          at TCP.<anonymous> (node:net:343:12)

      at ConnectionManager.onConnectionError (modules/core/src/client/connection-manager.ts:144:21)
          at Array.forEach (<anonymous>)

    console.log
      connection error: TypeError: Cannot read properties of undefined (reading 'decoder')
          at wireEvents (/data/Workspace/helios/starwards/node_modules/colyseus-events/src/wire-events.ts:30:40)
          at /data/Workspace/helios/starwards/modules/core/src/client/admin.ts:20:5
          at processTicksAndRejections (node:internal/process/task_queues:95:5)
          at /data/Workspace/helios/starwards/modules/core/src/client/connection-manager.ts:131:21

      at ConnectionManager.onConnectionError (modules/core/src/client/connection-manager.ts:144:21)

    console.log
      connection error: Error: disconnected from server
          at EventEmitter.<anonymous> (/data/Workspace/helios/starwards/modules/core/src/client/driver.ts:53:58)
          at /data/Workspace/helios/starwards/node_modules/colyseus.js/src/core/signal.ts:15:48
          at Array.forEach (<anonymous>)
          at EventEmitter.invoke (/data/Workspace/helios/starwards/node_modules/colyseus.js/src/core/signal.ts:15:19)
          at Function.register.invoke (/data/Workspace/helios/starwards/node_modules/colyseus.js/src/core/signal.ts:57:81)
          at WebSocket.connection.events.onclose (/data/Workspace/helios/starwards/node_modules/colyseus.js/src/Room.ts:89:30)
          at callListener (/data/Workspace/helios/starwards/node_modules/colyseus.js/node_modules/ws/lib/event-target.js:290:14)
          at WebSocket.onClose (/data/Workspace/helios/starwards/node_modules/colyseus.js/node_modules/ws/lib/event-target.js:220:9)
          at WebSocket.emit (node:events:524:28)
          at WebSocket.emitClose (/data/Workspace/helios/starwards/node_modules/colyseus.js/node_modules/ws/lib/websocket.js:272:10)
          at Socket.socketOnClose (/data/Workspace/helios/starwards/node_modules/colyseus.js/node_modules/ws/lib/websocket.js:1341:15)
          at Socket.emit (node:events:524:28)
          at TCP.<anonymous> (node:net:343:12)

      at ConnectionManager.onConnectionError (modules/core/src/client/connection-manager.ts:144:21)
          at Array.forEach (<anonymous>)

    console.log
      connection error: TypeError: Cannot read properties of undefined (reading 'decoder')
          at wireEvents (/data/Workspace/helios/starwards/node_modules/colyseus-events/src/wire-events.ts:30:40)
          at /data/Workspace/helios/starwards/modules/core/src/client/admin.ts:20:5
          at processTicksAndRejections (node:internal/process/task_queues:95:5)
          at /data/Workspace/helios/starwards/modules/core/src/client/connection-manager.ts:131:21

      at ConnectionManager.onConnectionError (modules/core/src/client/connection-manager.ts:144:21)

    console.log
      connection error: Error: disconnected from server
          at EventEmitter.<anonymous> (/data/Workspace/helios/starwards/modules/core/src/client/driver.ts:53:58)
          at /data/Workspace/helios/starwards/node_modules/colyseus.js/src/core/signal.ts:15:48
          at Array.forEach (<anonymous>)
          at EventEmitter.invoke (/data/Workspace/helios/starwards/node_modules/colyseus.js/src/core/signal.ts:15:19)
          at Function.register.invoke (/data/Workspace/helios/starwards/node_modules/colyseus.js/src/core/signal.ts:57:81)
          at WebSocket.connection.events.onclose (/data/Workspace/helios/starwards/node_modules/colyseus.js/src/Room.ts:89:30)
          at callListener (/data/Workspace/helios/starwards/node_modules/colyseus.js/node_modules/ws/lib/event-target.js:290:14)
          at WebSocket.onClose (/data/Workspace/helios/starwards/node_modules/colyseus.js/node_modules/ws/lib/event-target.js:220:9)
          at WebSocket.emit (node:events:524:28)
          at WebSocket.emitClose (/data/Workspace/helios/starwards/node_modules/colyseus.js/node_modules/ws/lib/websocket.js:272:10)
          at Socket.socketOnClose (/data/Workspace/helios/starwards/node_modules/colyseus.js/node_modules/ws/lib/websocket.js:1341:15)
          at Socket.emit (node:events:524:28)
          at TCP.<anonymous> (node:net:343:12)

      at ConnectionManager.onConnectionError (modules/core/src/client/connection-manager.ts:144:21)
          at Array.forEach (<anonymous>)

    console.log
      connection error: TypeError: Cannot read properties of undefined (reading 'decoder')
          at wireEvents (/data/Workspace/helios/starwards/node_modules/colyseus-events/src/wire-events.ts:30:40)
          at /data/Workspace/helios/starwards/modules/core/src/client/admin.ts:20:5
          at processTicksAndRejections (node:internal/process/task_queues:95:5)
          at /data/Workspace/helios/starwards/modules/core/src/client/connection-manager.ts:131:21

      at ConnectionManager.onConnectionError (modules/core/src/client/connection-manager.ts:144:21)

    console.log
      connection error: Error: disconnected from server
          at EventEmitter.<anonymous> (/data/Workspace/helios/starwards/modules/core/src/client/driver.ts:53:58)
          at /data/Workspace/helios/starwards/node_modules/colyseus.js/src/core/signal.ts:15:48
          at Array.forEach (<anonymous>)
          at EventEmitter.invoke (/data/Workspace/helios/starwards/node_modules/colyseus.js/src/core/signal.ts:15:19)
          at Function.register.invoke (/data/Workspace/helios/starwards/node_modules/colyseus.js/src/core/signal.ts:57:81)
          at WebSocket.connection.events.onclose (/data/Workspace/helios/starwards/node_modules/colyseus.js/src/Room.ts:89:30)
          at callListener (/data/Workspace/helios/starwards/node_modules/colyseus.js/node_modules/ws/lib/event-target.js:290:14)
          at WebSocket.onClose (/data/Workspace/helios/starwards/node_modules/colyseus.js/node_modules/ws/lib/event-target.js:220:9)
          at WebSocket.emit (node:events:524:28)
          at WebSocket.emitClose (/data/Workspace/helios/starwards/node_modules/colyseus.js/node_modules/ws/lib/websocket.js:272:10)
          at Socket.socketOnClose (/data/Workspace/helios/starwards/node_modules/colyseus.js/node_modules/ws/lib/websocket.js:1341:15)
          at Socket.emit (node:events:524:28)
          at TCP.<anonymous> (node:net:343:12)

      at ConnectionManager.onConnectionError (modules/core/src/client/connection-manager.ts:144:21)
          at Array.forEach (<anonymous>)

    console.log
      connection error: TypeError: Cannot read properties of undefined (reading 'decoder')
          at wireEvents (/data/Workspace/helios/starwards/node_modules/colyseus-events/src/wire-events.ts:30:40)
          at /data/Workspace/helios/starwards/modules/core/src/client/admin.ts:20:5
          at processTicksAndRejections (node:internal/process/task_queues:95:5)
          at /data/Workspace/helios/starwards/modules/core/src/client/connection-manager.ts:131:21

      at ConnectionManager.onConnectionError (modules/core/src/client/connection-manager.ts:144:21)

    console.log
      connection error: Error: disconnected from server
          at EventEmitter.<anonymous> (/data/Workspace/helios/starwards/modules/core/src/client/driver.ts:53:58)
          at /data/Workspace/helios/starwards/node_modules/colyseus.js/src/core/signal.ts:15:48
          at Array.forEach (<anonymous>)
          at EventEmitter.invoke (/data/Workspace/helios/starwards/node_modules/colyseus.js/src/core/signal.ts:15:19)
          at Function.register.invoke (/data/Workspace/helios/starwards/node_modules/colyseus.js/src/core/signal.ts:57:81)
          at WebSocket.connection.events.onclose (/data/Workspace/helios/starwards/node_modules/colyseus.js/src/Room.ts:89:30)
          at callListener (/data/Workspace/helios/starwards/node_modules/colyseus.js/node_modules/ws/lib/event-target.js:290:14)
          at WebSocket.onClose (/data/Workspace/helios/starwards/node_modules/colyseus.js/node_modules/ws/lib/event-target.js:220:9)
          at WebSocket.emit (node:events:524:28)
          at WebSocket.emitClose (/data/Workspace/helios/starwards/node_modules/colyseus.js/node_modules/ws/lib/websocket.js:272:10)
          at Socket.socketOnClose (/data/Workspace/helios/starwards/node_modules/colyseus.js/node_modules/ws/lib/websocket.js:1341:15)
          at Socket.emit (node:events:524:28)
          at TCP.<anonymous> (node:net:343:12)

      at ConnectionManager.onConnectionError (modules/core/src/client/connection-manager.ts:144:21)
          at Array.forEach (<anonymous>)

    console.log
      connection error: TypeError: Cannot read properties of undefined (reading 'decoder')
          at wireEvents (/data/Workspace/helios/starwards/node_modules/colyseus-events/src/wire-events.ts:30:40)
          at /data/Workspace/helios/starwards/modules/core/src/client/admin.ts:20:5
          at processTicksAndRejections (node:internal/process/task_queues:95:5)
          at /data/Workspace/helios/starwards/modules/core/src/client/connection-manager.ts:131:21

      at ConnectionManager.onConnectionError (modules/core/src/client/connection-manager.ts:144:21)

    console.log
      connection error: Error: disconnected from server
          at EventEmitter.<anonymous> (/data/Workspace/helios/starwards/modules/core/src/client/driver.ts:53:58)
          at /data/Workspace/helios/starwards/node_modules/colyseus.js/src/core/signal.ts:15:48
          at Array.forEach (<anonymous>)
          at EventEmitter.invoke (/data/Workspace/helios/starwards/node_modules/colyseus.js/src/core/signal.ts:15:19)
          at Function.register.invoke (/data/Workspace/helios/starwards/node_modules/colyseus.js/src/core/signal.ts:57:81)
          at WebSocket.connection.events.onclose (/data/Workspace/helios/starwards/node_modules/colyseus.js/src/Room.ts:89:30)
          at callListener (/data/Workspace/helios/starwards/node_modules/colyseus.js/node_modules/ws/lib/event-target.js:290:14)
          at WebSocket.onClose (/data/Workspace/helios/starwards/node_modules/colyseus.js/node_modules/ws/lib/event-target.js:220:9)
          at WebSocket.emit (node:events:524:28)
          at WebSocket.emitClose (/data/Workspace/helios/starwards/node_modules/colyseus.js/node_modules/ws/lib/websocket.js:272:10)
          at Socket.socketOnClose (/data/Workspace/helios/starwards/node_modules/colyseus.js/node_modules/ws/lib/websocket.js:1341:15)
          at Socket.emit (node:events:524:28)
          at TCP.<anonymous> (node:net:343:12)

      at ConnectionManager.onConnectionError (modules/core/src/client/connection-manager.ts:144:21)
          at Array.forEach (<anonymous>)

    console.log
      connection error: TypeError: Cannot read properties of undefined (reading 'decoder')
          at wireEvents (/data/Workspace/helios/starwards/node_modules/colyseus-events/src/wire-events.ts:30:40)
          at /data/Workspace/helios/starwards/modules/core/src/client/admin.ts:20:5
          at processTicksAndRejections (node:internal/process/task_queues:95:5)
          at /data/Workspace/helios/starwards/modules/core/src/client/connection-manager.ts:131:21

      at ConnectionManager.onConnectionError (modules/core/src/client/connection-manager.ts:144:21)

    console.log
      connection error: Error: disconnected from server
          at EventEmitter.<anonymous> (/data/Workspace/helios/starwards/modules/core/src/client/driver.ts:53:58)
          at /data/Workspace/helios/starwards/node_modules/colyseus.js/src/core/signal.ts:15:48
          at Array.forEach (<anonymous>)
          at EventEmitter.invoke (/data/Workspace/helios/starwards/node_modules/colyseus.js/src/core/signal.ts:15:19)
          at Function.register.invoke (/data/Workspace/helios/starwards/node_modules/colyseus.js/src/core/signal.ts:57:81)
          at WebSocket.connection.events.onclose (/data/Workspace/helios/starwards/node_modules/colyseus.js/src/Room.ts:89:30)
          at callListener (/data/Workspace/helios/starwards/node_modules/colyseus.js/node_modules/ws/lib/event-target.js:290:14)
          at WebSocket.onClose (/data/Workspace/helios/starwards/node_modules/colyseus.js/node_modules/ws/lib/event-target.js:220:9)
          at WebSocket.emit (node:events:524:28)
          at WebSocket.emitClose (/data/Workspace/helios/starwards/node_modules/colyseus.js/node_modules/ws/lib/websocket.js:272:10)
          at Socket.socketOnClose (/data/Workspace/helios/starwards/node_modules/colyseus.js/node_modules/ws/lib/websocket.js:1341:15)
          at Socket.emit (node:events:524:28)
          at TCP.<anonymous> (node:net:343:12)

      at ConnectionManager.onConnectionError (modules/core/src/client/connection-manager.ts:144:21)
          at Array.forEach (<anonymous>)

    console.log
      connection error: TypeError: Cannot read properties of undefined (reading 'decoder')
          at wireEvents (/data/Workspace/helios/starwards/node_modules/colyseus-events/src/wire-events.ts:30:40)
          at /data/Workspace/helios/starwards/modules/core/src/client/admin.ts:20:5
          at processTicksAndRejections (node:internal/process/task_queues:95:5)
          at /data/Workspace/helios/starwards/modules/core/src/client/connection-manager.ts:131:21

      at ConnectionManager.onConnectionError (modules/core/src/client/connection-manager.ts:144:21)

    console.log
      connection error: Error: disconnected from server
          at EventEmitter.<anonymous> (/data/Workspace/helios/starwards/modules/core/src/client/driver.ts:53:58)
          at /data/Workspace/helios/starwards/node_modules/colyseus.js/src/core/signal.ts:15:48
          at Array.forEach (<anonymous>)
          at EventEmitter.invoke (/data/Workspace/helios/starwards/node_modules/colyseus.js/src/core/signal.ts:15:19)
          at Function.register.invoke (/data/Workspace/helios/starwards/node_modules/colyseus.js/src/core/signal.ts:57:81)
          at WebSocket.connection.events.onclose (/data/Workspace/helios/starwards/node_modules/colyseus.js/src/Room.ts:89:30)
          at callListener (/data/Workspace/helios/starwards/node_modules/colyseus.js/node_modules/ws/lib/event-target.js:290:14)
          at WebSocket.onClose (/data/Workspace/helios/starwards/node_modules/colyseus.js/node_modules/ws/lib/event-target.js:220:9)
          at WebSocket.emit (node:events:524:28)
          at WebSocket.emitClose (/data/Workspace/helios/starwards/node_modules/colyseus.js/node_modules/ws/lib/websocket.js:272:10)
          at Socket.socketOnClose (/data/Workspace/helios/starwards/node_modules/colyseus.js/node_modules/ws/lib/websocket.js:1341:15)
          at Socket.emit (node:events:524:28)
          at TCP.<anonymous> (node:net:343:12)

      at ConnectionManager.onConnectionError (modules/core/src/client/connection-manager.ts:144:21)
          at Array.forEach (<anonymous>)

    console.log
      connection error: TypeError: Cannot read properties of undefined (reading 'decoder')
          at wireEvents (/data/Workspace/helios/starwards/node_modules/colyseus-events/src/wire-events.ts:30:40)
          at /data/Workspace/helios/starwards/modules/core/src/client/admin.ts:20:5
          at processTicksAndRejections (node:internal/process/task_queues:95:5)
          at /data/Workspace/helios/starwards/modules/core/src/client/connection-manager.ts:131:21

      at ConnectionManager.onConnectionError (modules/core/src/client/connection-manager.ts:144:21)

    console.log
      connection error: Error: disconnected from server
          at EventEmitter.<anonymous> (/data/Workspace/helios/starwards/modules/core/src/client/driver.ts:53:58)
          at /data/Workspace/helios/starwards/node_modules/colyseus.js/src/core/signal.ts:15:48
          at Array.forEach (<anonymous>)
          at EventEmitter.invoke (/data/Workspace/helios/starwards/node_modules/colyseus.js/src/core/signal.ts:15:19)
          at Function.register.invoke (/data/Workspace/helios/starwards/node_modules/colyseus.js/src/core/signal.ts:57:81)
          at WebSocket.connection.events.onclose (/data/Workspace/helios/starwards/node_modules/colyseus.js/src/Room.ts:89:30)
          at callListener (/data/Workspace/helios/starwards/node_modules/colyseus.js/node_modules/ws/lib/event-target.js:290:14)
          at WebSocket.onClose (/data/Workspace/helios/starwards/node_modules/colyseus.js/node_modules/ws/lib/event-target.js:220:9)
          at WebSocket.emit (node:events:524:28)
          at WebSocket.emitClose (/data/Workspace/helios/starwards/node_modules/colyseus.js/node_modules/ws/lib/websocket.js:272:10)
          at Socket.socketOnClose (/data/Workspace/helios/starwards/node_modules/colyseus.js/node_modules/ws/lib/websocket.js:1341:15)
          at Socket.emit (node:events:524:28)
          at TCP.<anonymous> (node:net:343:12)

      at ConnectionManager.onConnectionError (modules/core/src/client/connection-manager.ts:144:21)
          at Array.forEach (<anonymous>)

    console.log
      connection error: TypeError: Cannot read properties of undefined (reading 'decoder')
          at wireEvents (/data/Workspace/helios/starwards/node_modules/colyseus-events/src/wire-events.ts:30:40)
          at /data/Workspace/helios/starwards/modules/core/src/client/admin.ts:20:5
          at processTicksAndRejections (node:internal/process/task_queues:95:5)
          at /data/Workspace/helios/starwards/modules/core/src/client/connection-manager.ts:131:21

      at ConnectionManager.onConnectionError (modules/core/src/client/connection-manager.ts:144:21)

    console.log
      connection error: Error: disconnected from server
          at EventEmitter.<anonymous> (/data/Workspace/helios/starwards/modules/core/src/client/driver.ts:53:58)
          at /data/Workspace/helios/starwards/node_modules/colyseus.js/src/core/signal.ts:15:48
          at Array.forEach (<anonymous>)
          at EventEmitter.invoke (/data/Workspace/helios/starwards/node_modules/colyseus.js/src/core/signal.ts:15:19)
          at Function.register.invoke (/data/Workspace/helios/starwards/node_modules/colyseus.js/src/core/signal.ts:57:81)
          at WebSocket.connection.events.onclose (/data/Workspace/helios/starwards/node_modules/colyseus.js/src/Room.ts:89:30)
          at callListener (/data/Workspace/helios/starwards/node_modules/colyseus.js/node_modules/ws/lib/event-target.js:290:14)
          at WebSocket.onClose (/data/Workspace/helios/starwards/node_modules/colyseus.js/node_modules/ws/lib/event-target.js:220:9)
          at WebSocket.emit (node:events:524:28)
          at WebSocket.emitClose (/data/Workspace/helios/starwards/node_modules/colyseus.js/node_modules/ws/lib/websocket.js:272:10)
          at Socket.socketOnClose (/data/Workspace/helios/starwards/node_modules/colyseus.js/node_modules/ws/lib/websocket.js:1341:15)
          at Socket.emit (node:events:524:28)
          at TCP.<anonymous> (node:net:343:12)

      at ConnectionManager.onConnectionError (modules/core/src/client/connection-manager.ts:144:21)
          at Array.forEach (<anonymous>)

    console.log
      connection error: TypeError: Cannot read properties of undefined (reading 'decoder')
          at wireEvents (/data/Workspace/helios/starwards/node_modules/colyseus-events/src/wire-events.ts:30:40)
          at /data/Workspace/helios/starwards/modules/core/src/client/admin.ts:20:5
          at processTicksAndRejections (node:internal/process/task_queues:95:5)
          at /data/Workspace/helios/starwards/modules/core/src/client/connection-manager.ts:131:21

      at ConnectionManager.onConnectionError (modules/core/src/client/connection-manager.ts:144:21)

    console.log
      connection error: Error: disconnected from server
          at EventEmitter.<anonymous> (/data/Workspace/helios/starwards/modules/core/src/client/driver.ts:53:58)
          at /data/Workspace/helios/starwards/node_modules/colyseus.js/src/core/signal.ts:15:48
          at Array.forEach (<anonymous>)
          at EventEmitter.invoke (/data/Workspace/helios/starwards/node_modules/colyseus.js/src/core/signal.ts:15:19)
          at Function.register.invoke (/data/Workspace/helios/starwards/node_modules/colyseus.js/src/core/signal.ts:57:81)
          at WebSocket.connection.events.onclose (/data/Workspace/helios/starwards/node_modules/colyseus.js/src/Room.ts:89:30)
          at callListener (/data/Workspace/helios/starwards/node_modules/colyseus.js/node_modules/ws/lib/event-target.js:290:14)
          at WebSocket.onClose (/data/Workspace/helios/starwards/node_modules/colyseus.js/node_modules/ws/lib/event-target.js:220:9)
          at WebSocket.emit (node:events:524:28)
          at WebSocket.emitClose (/data/Workspace/helios/starwards/node_modules/colyseus.js/node_modules/ws/lib/websocket.js:272:10)
          at Socket.socketOnClose (/data/Workspace/helios/starwards/node_modules/colyseus.js/node_modules/ws/lib/websocket.js:1341:15)
          at Socket.emit (node:events:524:28)
          at TCP.<anonymous> (node:net:343:12)

      at ConnectionManager.onConnectionError (modules/core/src/client/connection-manager.ts:144:21)
          at Array.forEach (<anonymous>)

    console.log
      connection error: TypeError: Cannot read properties of undefined (reading 'decoder')
          at wireEvents (/data/Workspace/helios/starwards/node_modules/colyseus-events/src/wire-events.ts:30:40)
          at /data/Workspace/helios/starwards/modules/core/src/client/admin.ts:20:5
          at processTicksAndRejections (node:internal/process/task_queues:95:5)
          at /data/Workspace/helios/starwards/modules/core/src/client/connection-manager.ts:131:21

      at ConnectionManager.onConnectionError (modules/core/src/client/connection-manager.ts:144:21)

    console.log
      connection error: Error: disconnected from server
          at EventEmitter.<anonymous> (/data/Workspace/helios/starwards/modules/core/src/client/driver.ts:53:58)
          at /data/Workspace/helios/starwards/node_modules/colyseus.js/src/core/signal.ts:15:48
          at Array.forEach (<anonymous>)
          at EventEmitter.invoke (/data/Workspace/helios/starwards/node_modules/colyseus.js/src/core/signal.ts:15:19)
          at Function.register.invoke (/data/Workspace/helios/starwards/node_modules/colyseus.js/src/core/signal.ts:57:81)
          at WebSocket.connection.events.onclose (/data/Workspace/helios/starwards/node_modules/colyseus.js/src/Room.ts:89:30)
          at callListener (/data/Workspace/helios/starwards/node_modules/colyseus.js/node_modules/ws/lib/event-target.js:290:14)
          at WebSocket.onClose (/data/Workspace/helios/starwards/node_modules/colyseus.js/node_modules/ws/lib/event-target.js:220:9)
          at WebSocket.emit (node:events:524:28)
          at WebSocket.emitClose (/data/Workspace/helios/starwards/node_modules/colyseus.js/node_modules/ws/lib/websocket.js:272:10)
          at Socket.socketOnClose (/data/Workspace/helios/starwards/node_modules/colyseus.js/node_modules/ws/lib/websocket.js:1341:15)
          at Socket.emit (node:events:524:28)
          at TCP.<anonymous> (node:net:343:12)

      at ConnectionManager.onConnectionError (modules/core/src/client/connection-manager.ts:144:21)
          at Array.forEach (<anonymous>)

    console.log
      connection error: TypeError: Cannot read properties of undefined (reading 'decoder')
          at wireEvents (/data/Workspace/helios/starwards/node_modules/colyseus-events/src/wire-events.ts:30:40)
          at /data/Workspace/helios/starwards/modules/core/src/client/admin.ts:20:5
          at processTicksAndRejections (node:internal/process/task_queues:95:5)
          at /data/Workspace/helios/starwards/modules/core/src/client/connection-manager.ts:131:21

      at ConnectionManager.onConnectionError (modules/core/src/client/connection-manager.ts:144:21)

    console.log
      connection error: Error: disconnected from server
          at EventEmitter.<anonymous> (/data/Workspace/helios/starwards/modules/core/src/client/driver.ts:53:58)
          at /data/Workspace/helios/starwards/node_modules/colyseus.js/src/core/signal.ts:15:48
          at Array.forEach (<anonymous>)
          at EventEmitter.invoke (/data/Workspace/helios/starwards/node_modules/colyseus.js/src/core/signal.ts:15:19)
          at Function.register.invoke (/data/Workspace/helios/starwards/node_modules/colyseus.js/src/core/signal.ts:57:81)
          at WebSocket.connection.events.onclose (/data/Workspace/helios/starwards/node_modules/colyseus.js/src/Room.ts:89:30)
          at callListener (/data/Workspace/helios/starwards/node_modules/colyseus.js/node_modules/ws/lib/event-target.js:290:14)
          at WebSocket.onClose (/data/Workspace/helios/starwards/node_modules/colyseus.js/node_modules/ws/lib/event-target.js:220:9)
          at WebSocket.emit (node:events:524:28)
          at WebSocket.emitClose (/data/Workspace/helios/starwards/node_modules/colyseus.js/node_modules/ws/lib/websocket.js:272:10)
          at Socket.socketOnClose (/data/Workspace/helios/starwards/node_modules/colyseus.js/node_modules/ws/lib/websocket.js:1341:15)
          at Socket.emit (node:events:524:28)
          at TCP.<anonymous> (node:net:343:12)

      at ConnectionManager.onConnectionError (modules/core/src/client/connection-manager.ts:144:21)
          at Array.forEach (<anonymous>)

    console.log
      connection error: TypeError: Cannot read properties of undefined (reading 'decoder')
          at wireEvents (/data/Workspace/helios/starwards/node_modules/colyseus-events/src/wire-events.ts:30:40)
          at /data/Workspace/helios/starwards/modules/core/src/client/admin.ts:20:5
          at processTicksAndRejections (node:internal/process/task_queues:95:5)
          at /data/Workspace/helios/starwards/modules/core/src/client/connection-manager.ts:131:21

      at ConnectionManager.onConnectionError (modules/core/src/client/connection-manager.ts:144:21)

    console.log
      connection error: Error: disconnected from server
          at EventEmitter.<anonymous> (/data/Workspace/helios/starwards/modules/core/src/client/driver.ts:53:58)
          at /data/Workspace/helios/starwards/node_modules/colyseus.js/src/core/signal.ts:15:48
          at Array.forEach (<anonymous>)
          at EventEmitter.invoke (/data/Workspace/helios/starwards/node_modules/colyseus.js/src/core/signal.ts:15:19)
          at Function.register.invoke (/data/Workspace/helios/starwards/node_modules/colyseus.js/src/core/signal.ts:57:81)
          at WebSocket.connection.events.onclose (/data/Workspace/helios/starwards/node_modules/colyseus.js/src/Room.ts:89:30)
          at callListener (/data/Workspace/helios/starwards/node_modules/colyseus.js/node_modules/ws/lib/event-target.js:290:14)
          at WebSocket.onClose (/data/Workspace/helios/starwards/node_modules/colyseus.js/node_modules/ws/lib/event-target.js:220:9)
          at WebSocket.emit (node:events:524:28)
          at WebSocket.emitClose (/data/Workspace/helios/starwards/node_modules/colyseus.js/node_modules/ws/lib/websocket.js:272:10)
          at Socket.socketOnClose (/data/Workspace/helios/starwards/node_modules/colyseus.js/node_modules/ws/lib/websocket.js:1341:15)
          at Socket.emit (node:events:524:28)
          at TCP.<anonymous> (node:net:343:12)

      at ConnectionManager.onConnectionError (modules/core/src/client/connection-manager.ts:144:21)
          at Array.forEach (<anonymous>)

    console.log
      connection error: TypeError: Cannot read properties of undefined (reading 'decoder')
          at wireEvents (/data/Workspace/helios/starwards/node_modules/colyseus-events/src/wire-events.ts:30:40)
          at /data/Workspace/helios/starwards/modules/core/src/client/admin.ts:20:5
          at processTicksAndRejections (node:internal/process/task_queues:95:5)
          at /data/Workspace/helios/starwards/modules/core/src/client/connection-manager.ts:131:21

      at ConnectionManager.onConnectionError (modules/core/src/client/connection-manager.ts:144:21)

    console.log
      connection error: Error: disconnected from server
          at EventEmitter.<anonymous> (/data/Workspace/helios/starwards/modules/core/src/client/driver.ts:53:58)
          at /data/Workspace/helios/starwards/node_modules/colyseus.js/src/core/signal.ts:15:48
          at Array.forEach (<anonymous>)
          at EventEmitter.invoke (/data/Workspace/helios/starwards/node_modules/colyseus.js/src/core/signal.ts:15:19)
          at Function.register.invoke (/data/Workspace/helios/starwards/node_modules/colyseus.js/src/core/signal.ts:57:81)
          at WebSocket.connection.events.onclose (/data/Workspace/helios/starwards/node_modules/colyseus.js/src/Room.ts:89:30)
          at callListener (/data/Workspace/helios/starwards/node_modules/colyseus.js/node_modules/ws/lib/event-target.js:290:14)
          at WebSocket.onClose (/data/Workspace/helios/starwards/node_modules/colyseus.js/node_modules/ws/lib/event-target.js:220:9)
          at WebSocket.emit (node:events:524:28)
          at WebSocket.emitClose (/data/Workspace/helios/starwards/node_modules/colyseus.js/node_modules/ws/lib/websocket.js:272:10)
          at Socket.socketOnClose (/data/Workspace/helios/starwards/node_modules/colyseus.js/node_modules/ws/lib/websocket.js:1341:15)
          at Socket.emit (node:events:524:28)
          at TCP.<anonymous> (node:net:343:12)

      at ConnectionManager.onConnectionError (modules/core/src/client/connection-manager.ts:144:21)
          at Array.forEach (<anonymous>)

    console.log
      connection error: TypeError: Cannot read properties of undefined (reading 'decoder')
          at wireEvents (/data/Workspace/helios/starwards/node_modules/colyseus-events/src/wire-events.ts:30:40)
          at /data/Workspace/helios/starwards/modules/core/src/client/admin.ts:20:5
          at processTicksAndRejections (node:internal/process/task_queues:95:5)
          at /data/Workspace/helios/starwards/modules/core/src/client/connection-manager.ts:131:21

      at ConnectionManager.onConnectionError (modules/core/src/client/connection-manager.ts:144:21)

    console.log
      connection error: Error: disconnected from server
          at EventEmitter.<anonymous> (/data/Workspace/helios/starwards/modules/core/src/client/driver.ts:53:58)
          at /data/Workspace/helios/starwards/node_modules/colyseus.js/src/core/signal.ts:15:48
          at Array.forEach (<anonymous>)
          at EventEmitter.invoke (/data/Workspace/helios/starwards/node_modules/colyseus.js/src/core/signal.ts:15:19)
          at Function.register.invoke (/data/Workspace/helios/starwards/node_modules/colyseus.js/src/core/signal.ts:57:81)
          at WebSocket.connection.events.onclose (/data/Workspace/helios/starwards/node_modules/colyseus.js/src/Room.ts:89:30)
          at callListener (/data/Workspace/helios/starwards/node_modules/colyseus.js/node_modules/ws/lib/event-target.js:290:14)
          at WebSocket.onClose (/data/Workspace/helios/starwards/node_modules/colyseus.js/node_modules/ws/lib/event-target.js:220:9)
          at WebSocket.emit (node:events:524:28)
          at WebSocket.emitClose (/data/Workspace/helios/starwards/node_modules/colyseus.js/node_modules/ws/lib/websocket.js:272:10)
          at Socket.socketOnClose (/data/Workspace/helios/starwards/node_modules/colyseus.js/node_modules/ws/lib/websocket.js:1341:15)
          at Socket.emit (node:events:524:28)
          at TCP.<anonymous> (node:net:343:12)

      at ConnectionManager.onConnectionError (modules/core/src/client/connection-manager.ts:144:21)
          at Array.forEach (<anonymous>)

    console.log
      connection error: TypeError: Cannot read properties of undefined (reading 'decoder')
          at wireEvents (/data/Workspace/helios/starwards/node_modules/colyseus-events/src/wire-events.ts:30:40)
          at /data/Workspace/helios/starwards/modules/core/src/client/admin.ts:20:5
          at processTicksAndRejections (node:internal/process/task_queues:95:5)
          at /data/Workspace/helios/starwards/modules/core/src/client/connection-manager.ts:131:21

      at ConnectionManager.onConnectionError (modules/core/src/client/connection-manager.ts:144:21)

    console.log
      connection error: Error: disconnected from server
          at EventEmitter.<anonymous> (/data/Workspace/helios/starwards/modules/core/src/client/driver.ts:53:58)
          at /data/Workspace/helios/starwards/node_modules/colyseus.js/src/core/signal.ts:15:48
          at Array.forEach (<anonymous>)
          at EventEmitter.invoke (/data/Workspace/helios/starwards/node_modules/colyseus.js/src/core/signal.ts:15:19)
          at Function.register.invoke (/data/Workspace/helios/starwards/node_modules/colyseus.js/src/core/signal.ts:57:81)
          at WebSocket.connection.events.onclose (/data/Workspace/helios/starwards/node_modules/colyseus.js/src/Room.ts:89:30)
          at callListener (/data/Workspace/helios/starwards/node_modules/colyseus.js/node_modules/ws/lib/event-target.js:290:14)
          at WebSocket.onClose (/data/Workspace/helios/starwards/node_modules/colyseus.js/node_modules/ws/lib/event-target.js:220:9)
          at WebSocket.emit (node:events:524:28)
          at WebSocket.emitClose (/data/Workspace/helios/starwards/node_modules/colyseus.js/node_modules/ws/lib/websocket.js:272:10)
          at Socket.socketOnClose (/data/Workspace/helios/starwards/node_modules/colyseus.js/node_modules/ws/lib/websocket.js:1341:15)
          at Socket.emit (node:events:524:28)
          at TCP.<anonymous> (node:net:343:12)

      at ConnectionManager.onConnectionError (modules/core/src/client/connection-manager.ts:144:21)
          at Array.forEach (<anonymous>)

    console.log
      connection error: TypeError: Cannot read properties of undefined (reading 'decoder')
          at wireEvents (/data/Workspace/helios/starwards/node_modules/colyseus-events/src/wire-events.ts:30:40)
          at /data/Workspace/helios/starwards/modules/core/src/client/admin.ts:20:5
          at processTicksAndRejections (node:internal/process/task_queues:95:5)
          at /data/Workspace/helios/starwards/modules/core/src/client/connection-manager.ts:131:21

      at ConnectionManager.onConnectionError (modules/core/src/client/connection-manager.ts:144:21)

    console.log
      connection error: Error: disconnected from server
          at EventEmitter.<anonymous> (/data/Workspace/helios/starwards/modules/core/src/client/driver.ts:53:58)
          at /data/Workspace/helios/starwards/node_modules/colyseus.js/src/core/signal.ts:15:48
          at Array.forEach (<anonymous>)
          at EventEmitter.invoke (/data/Workspace/helios/starwards/node_modules/colyseus.js/src/core/signal.ts:15:19)
          at Function.register.invoke (/data/Workspace/helios/starwards/node_modules/colyseus.js/src/core/signal.ts:57:81)
          at WebSocket.connection.events.onclose (/data/Workspace/helios/starwards/node_modules/colyseus.js/src/Room.ts:89:30)
          at callListener (/data/Workspace/helios/starwards/node_modules/colyseus.js/node_modules/ws/lib/event-target.js:290:14)
          at WebSocket.onClose (/data/Workspace/helios/starwards/node_modules/colyseus.js/node_modules/ws/lib/event-target.js:220:9)
          at WebSocket.emit (node:events:524:28)
          at WebSocket.emitClose (/data/Workspace/helios/starwards/node_modules/colyseus.js/node_modules/ws/lib/websocket.js:272:10)
          at Socket.socketOnClose (/data/Workspace/helios/starwards/node_modules/colyseus.js/node_modules/ws/lib/websocket.js:1341:15)
          at Socket.emit (node:events:524:28)
          at TCP.<anonymous> (node:net:343:12)

      at ConnectionManager.onConnectionError (modules/core/src/client/connection-manager.ts:144:21)
          at Array.forEach (<anonymous>)

    console.log
      connection error: TypeError: Cannot read properties of undefined (reading 'decoder')
          at wireEvents (/data/Workspace/helios/starwards/node_modules/colyseus-events/src/wire-events.ts:30:40)
          at /data/Workspace/helios/starwards/modules/core/src/client/admin.ts:20:5
          at processTicksAndRejections (node:internal/process/task_queues:95:5)
          at /data/Workspace/helios/starwards/modules/core/src/client/connection-manager.ts:131:21

      at ConnectionManager.onConnectionError (modules/core/src/client/connection-manager.ts:144:21)

    console.log
      connection error: Error: disconnected from server
          at EventEmitter.<anonymous> (/data/Workspace/helios/starwards/modules/core/src/client/driver.ts:53:58)
          at /data/Workspace/helios/starwards/node_modules/colyseus.js/src/core/signal.ts:15:48
          at Array.forEach (<anonymous>)
          at EventEmitter.invoke (/data/Workspace/helios/starwards/node_modules/colyseus.js/src/core/signal.ts:15:19)
          at Function.register.invoke (/data/Workspace/helios/starwards/node_modules/colyseus.js/src/core/signal.ts:57:81)
          at WebSocket.connection.events.onclose (/data/Workspace/helios/starwards/node_modules/colyseus.js/src/Room.ts:89:30)
          at callListener (/data/Workspace/helios/starwards/node_modules/colyseus.js/node_modules/ws/lib/event-target.js:290:14)
          at WebSocket.onClose (/data/Workspace/helios/starwards/node_modules/colyseus.js/node_modules/ws/lib/event-target.js:220:9)
          at WebSocket.emit (node:events:524:28)
          at WebSocket.emitClose (/data/Workspace/helios/starwards/node_modules/colyseus.js/node_modules/ws/lib/websocket.js:272:10)
          at Socket.socketOnClose (/data/Workspace/helios/starwards/node_modules/colyseus.js/node_modules/ws/lib/websocket.js:1341:15)
          at Socket.emit (node:events:524:28)
          at TCP.<anonymous> (node:net:343:12)

      at ConnectionManager.onConnectionError (modules/core/src/client/connection-manager.ts:144:21)
          at Array.forEach (<anonymous>)

    console.log
      connection error: TypeError: Cannot read properties of undefined (reading 'decoder')
          at wireEvents (/data/Workspace/helios/starwards/node_modules/colyseus-events/src/wire-events.ts:30:40)
          at /data/Workspace/helios/starwards/modules/core/src/client/admin.ts:20:5
          at processTicksAndRejections (node:internal/process/task_queues:95:5)
          at /data/Workspace/helios/starwards/modules/core/src/client/connection-manager.ts:131:21

      at ConnectionManager.onConnectionError (modules/core/src/client/connection-manager.ts:144:21)

    console.log
      connection error: Error: disconnected from server
          at EventEmitter.<anonymous> (/data/Workspace/helios/starwards/modules/core/src/client/driver.ts:53:58)
          at /data/Workspace/helios/starwards/node_modules/colyseus.js/src/core/signal.ts:15:48
          at Array.forEach (<anonymous>)
          at EventEmitter.invoke (/data/Workspace/helios/starwards/node_modules/colyseus.js/src/core/signal.ts:15:19)
          at Function.register.invoke (/data/Workspace/helios/starwards/node_modules/colyseus.js/src/core/signal.ts:57:81)
          at WebSocket.connection.events.onclose (/data/Workspace/helios/starwards/node_modules/colyseus.js/src/Room.ts:89:30)
          at callListener (/data/Workspace/helios/starwards/node_modules/colyseus.js/node_modules/ws/lib/event-target.js:290:14)
          at WebSocket.onClose (/data/Workspace/helios/starwards/node_modules/colyseus.js/node_modules/ws/lib/event-target.js:220:9)
          at WebSocket.emit (node:events:524:28)
          at WebSocket.emitClose (/data/Workspace/helios/starwards/node_modules/colyseus.js/node_modules/ws/lib/websocket.js:272:10)
          at Socket.socketOnClose (/data/Workspace/helios/starwards/node_modules/colyseus.js/node_modules/ws/lib/websocket.js:1341:15)
          at Socket.emit (node:events:524:28)
          at TCP.<anonymous> (node:net:343:12)

      at ConnectionManager.onConnectionError (modules/core/src/client/connection-manager.ts:144:21)
          at Array.forEach (<anonymous>)

    console.log
      connection error: TypeError: Cannot read properties of undefined (reading 'decoder')
          at wireEvents (/data/Workspace/helios/starwards/node_modules/colyseus-events/src/wire-events.ts:30:40)
          at /data/Workspace/helios/starwards/modules/core/src/client/admin.ts:20:5
          at processTicksAndRejections (node:internal/process/task_queues:95:5)
          at /data/Workspace/helios/starwards/modules/core/src/client/connection-manager.ts:131:21

      at ConnectionManager.onConnectionError (modules/core/src/client/connection-manager.ts:144:21)

    console.log
      connection error: Error: disconnected from server
          at EventEmitter.<anonymous> (/data/Workspace/helios/starwards/modules/core/src/client/driver.ts:53:58)
          at /data/Workspace/helios/starwards/node_modules/colyseus.js/src/core/signal.ts:15:48
          at Array.forEach (<anonymous>)
          at EventEmitter.invoke (/data/Workspace/helios/starwards/node_modules/colyseus.js/src/core/signal.ts:15:19)
          at Function.register.invoke (/data/Workspace/helios/starwards/node_modules/colyseus.js/src/core/signal.ts:57:81)
          at WebSocket.connection.events.onclose (/data/Workspace/helios/starwards/node_modules/colyseus.js/src/Room.ts:89:30)
          at callListener (/data/Workspace/helios/starwards/node_modules/colyseus.js/node_modules/ws/lib/event-target.js:290:14)
          at WebSocket.onClose (/data/Workspace/helios/starwards/node_modules/colyseus.js/node_modules/ws/lib/event-target.js:220:9)
          at WebSocket.emit (node:events:524:28)
          at WebSocket.emitClose (/data/Workspace/helios/starwards/node_modules/colyseus.js/node_modules/ws/lib/websocket.js:272:10)
          at Socket.socketOnClose (/data/Workspace/helios/starwards/node_modules/colyseus.js/node_modules/ws/lib/websocket.js:1341:15)
          at Socket.emit (node:events:524:28)
          at TCP.<anonymous> (node:net:343:12)

      at ConnectionManager.onConnectionError (modules/core/src/client/connection-manager.ts:144:21)
          at Array.forEach (<anonymous>)

    console.log
      connection error: TypeError: Cannot read properties of undefined (reading 'decoder')
          at wireEvents (/data/Workspace/helios/starwards/node_modules/colyseus-events/src/wire-events.ts:30:40)
          at /data/Workspace/helios/starwards/modules/core/src/client/admin.ts:20:5
          at processTicksAndRejections (node:internal/process/task_queues:95:5)
          at /data/Workspace/helios/starwards/modules/core/src/client/connection-manager.ts:131:21

      at ConnectionManager.onConnectionError (modules/core/src/client/connection-manager.ts:144:21)

    console.log
      connection error: Error: disconnected from server
          at EventEmitter.<anonymous> (/data/Workspace/helios/starwards/modules/core/src/client/driver.ts:53:58)
          at /data/Workspace/helios/starwards/node_modules/colyseus.js/src/core/signal.ts:15:48
          at Array.forEach (<anonymous>)
          at EventEmitter.invoke (/data/Workspace/helios/starwards/node_modules/colyseus.js/src/core/signal.ts:15:19)
          at Function.register.invoke (/data/Workspace/helios/starwards/node_modules/colyseus.js/src/core/signal.ts:57:81)
          at WebSocket.connection.events.onclose (/data/Workspace/helios/starwards/node_modules/colyseus.js/src/Room.ts:89:30)
          at callListener (/data/Workspace/helios/starwards/node_modules/colyseus.js/node_modules/ws/lib/event-target.js:290:14)
          at WebSocket.onClose (/data/Workspace/helios/starwards/node_modules/colyseus.js/node_modules/ws/lib/event-target.js:220:9)
          at WebSocket.emit (node:events:524:28)
          at WebSocket.emitClose (/data/Workspace/helios/starwards/node_modules/colyseus.js/node_modules/ws/lib/websocket.js:272:10)
          at Socket.socketOnClose (/data/Workspace/helios/starwards/node_modules/colyseus.js/node_modules/ws/lib/websocket.js:1341:15)
          at Socket.emit (node:events:524:28)
          at TCP.<anonymous> (node:net:343:12)

      at ConnectionManager.onConnectionError (modules/core/src/client/connection-manager.ts:144:21)
          at Array.forEach (<anonymous>)

    console.log
      connection error: TypeError: Cannot read properties of undefined (reading 'decoder')
          at wireEvents (/data/Workspace/helios/starwards/node_modules/colyseus-events/src/wire-events.ts:30:40)
          at /data/Workspace/helios/starwards/modules/core/src/client/admin.ts:20:5
          at processTicksAndRejections (node:internal/process/task_queues:95:5)
          at /data/Workspace/helios/starwards/modules/core/src/client/connection-manager.ts:131:21

      at ConnectionManager.onConnectionError (modules/core/src/client/connection-manager.ts:144:21)

    console.log
      connection error: Error: disconnected from server
          at EventEmitter.<anonymous> (/data/Workspace/helios/starwards/modules/core/src/client/driver.ts:53:58)
          at /data/Workspace/helios/starwards/node_modules/colyseus.js/src/core/signal.ts:15:48
          at Array.forEach (<anonymous>)
          at EventEmitter.invoke (/data/Workspace/helios/starwards/node_modules/colyseus.js/src/core/signal.ts:15:19)
          at Function.register.invoke (/data/Workspace/helios/starwards/node_modules/colyseus.js/src/core/signal.ts:57:81)
          at WebSocket.connection.events.onclose (/data/Workspace/helios/starwards/node_modules/colyseus.js/src/Room.ts:89:30)
          at callListener (/data/Workspace/helios/starwards/node_modules/colyseus.js/node_modules/ws/lib/event-target.js:290:14)
          at WebSocket.onClose (/data/Workspace/helios/starwards/node_modules/colyseus.js/node_modules/ws/lib/event-target.js:220:9)
          at WebSocket.emit (node:events:524:28)
          at WebSocket.emitClose (/data/Workspace/helios/starwards/node_modules/colyseus.js/node_modules/ws/lib/websocket.js:272:10)
          at Socket.socketOnClose (/data/Workspace/helios/starwards/node_modules/colyseus.js/node_modules/ws/lib/websocket.js:1341:15)
          at Socket.emit (node:events:524:28)
          at TCP.<anonymous> (node:net:343:12)

      at ConnectionManager.onConnectionError (modules/core/src/client/connection-manager.ts:144:21)
          at Array.forEach (<anonymous>)

    console.log
      connection error: TypeError: Cannot read properties of undefined (reading 'decoder')
          at wireEvents (/data/Workspace/helios/starwards/node_modules/colyseus-events/src/wire-events.ts:30:40)
          at /data/Workspace/helios/starwards/modules/core/src/client/admin.ts:20:5
          at processTicksAndRejections (node:internal/process/task_queues:95:5)
          at /data/Workspace/helios/starwards/modules/core/src/client/connection-manager.ts:131:21

      at ConnectionManager.onConnectionError (modules/core/src/client/connection-manager.ts:144:21)

    console.log
      connection error: Error: disconnected from server
          at EventEmitter.<anonymous> (/data/Workspace/helios/starwards/modules/core/src/client/driver.ts:53:58)
          at /data/Workspace/helios/starwards/node_modules/colyseus.js/src/core/signal.ts:15:48
          at Array.forEach (<anonymous>)
          at EventEmitter.invoke (/data/Workspace/helios/starwards/node_modules/colyseus.js/src/core/signal.ts:15:19)
          at Function.register.invoke (/data/Workspace/helios/starwards/node_modules/colyseus.js/src/core/signal.ts:57:81)
          at WebSocket.connection.events.onclose (/data/Workspace/helios/starwards/node_modules/colyseus.js/src/Room.ts:89:30)
          at callListener (/data/Workspace/helios/starwards/node_modules/colyseus.js/node_modules/ws/lib/event-target.js:290:14)
          at WebSocket.onClose (/data/Workspace/helios/starwards/node_modules/colyseus.js/node_modules/ws/lib/event-target.js:220:9)
          at WebSocket.emit (node:events:524:28)
          at WebSocket.emitClose (/data/Workspace/helios/starwards/node_modules/colyseus.js/node_modules/ws/lib/websocket.js:272:10)
          at Socket.socketOnClose (/data/Workspace/helios/starwards/node_modules/colyseus.js/node_modules/ws/lib/websocket.js:1341:15)
          at Socket.emit (node:events:524:28)
          at TCP.<anonymous> (node:net:343:12)

      at ConnectionManager.onConnectionError (modules/core/src/client/connection-manager.ts:144:21)
          at Array.forEach (<anonymous>)

    console.log
      connection error: TypeError: Cannot read properties of undefined (reading 'decoder')
          at wireEvents (/data/Workspace/helios/starwards/node_modules/colyseus-events/src/wire-events.ts:30:40)
          at /data/Workspace/helios/starwards/modules/core/src/client/admin.ts:20:5
          at processTicksAndRejections (node:internal/process/task_queues:95:5)
          at /data/Workspace/helios/starwards/modules/core/src/client/connection-manager.ts:131:21

      at ConnectionManager.onConnectionError (modules/core/src/client/connection-manager.ts:144:21)

    console.log
      connection error: Error: disconnected from server
          at EventEmitter.<anonymous> (/data/Workspace/helios/starwards/modules/core/src/client/driver.ts:53:58)
          at /data/Workspace/helios/starwards/node_modules/colyseus.js/src/core/signal.ts:15:48
          at Array.forEach (<anonymous>)
          at EventEmitter.invoke (/data/Workspace/helios/starwards/node_modules/colyseus.js/src/core/signal.ts:15:19)
          at Function.register.invoke (/data/Workspace/helios/starwards/node_modules/colyseus.js/src/core/signal.ts:57:81)
          at WebSocket.connection.events.onclose (/data/Workspace/helios/starwards/node_modules/colyseus.js/src/Room.ts:89:30)
          at callListener (/data/Workspace/helios/starwards/node_modules/colyseus.js/node_modules/ws/lib/event-target.js:290:14)
          at WebSocket.onClose (/data/Workspace/helios/starwards/node_modules/colyseus.js/node_modules/ws/lib/event-target.js:220:9)
          at WebSocket.emit (node:events:524:28)
          at WebSocket.emitClose (/data/Workspace/helios/starwards/node_modules/colyseus.js/node_modules/ws/lib/websocket.js:272:10)
          at Socket.socketOnClose (/data/Workspace/helios/starwards/node_modules/colyseus.js/node_modules/ws/lib/websocket.js:1341:15)
          at Socket.emit (node:events:524:28)
          at TCP.<anonymous> (node:net:343:12)

      at ConnectionManager.onConnectionError (modules/core/src/client/connection-manager.ts:144:21)
          at Array.forEach (<anonymous>)

    console.log
      connection error: TypeError: Cannot read properties of undefined (reading 'decoder')
          at wireEvents (/data/Workspace/helios/starwards/node_modules/colyseus-events/src/wire-events.ts:30:40)
          at /data/Workspace/helios/starwards/modules/core/src/client/admin.ts:20:5
          at processTicksAndRejections (node:internal/process/task_queues:95:5)
          at /data/Workspace/helios/starwards/modules/core/src/client/connection-manager.ts:131:21

      at ConnectionManager.onConnectionError (modules/core/src/client/connection-manager.ts:144:21)

    console.log
      connection error: Error: disconnected from server
          at EventEmitter.<anonymous> (/data/Workspace/helios/starwards/modules/core/src/client/driver.ts:53:58)
          at /data/Workspace/helios/starwards/node_modules/colyseus.js/src/core/signal.ts:15:48
          at Array.forEach (<anonymous>)
          at EventEmitter.invoke (/data/Workspace/helios/starwards/node_modules/colyseus.js/src/core/signal.ts:15:19)
          at Function.register.invoke (/data/Workspace/helios/starwards/node_modules/colyseus.js/src/core/signal.ts:57:81)
          at WebSocket.connection.events.onclose (/data/Workspace/helios/starwards/node_modules/colyseus.js/src/Room.ts:89:30)
          at callListener (/data/Workspace/helios/starwards/node_modules/colyseus.js/node_modules/ws/lib/event-target.js:290:14)
          at WebSocket.onClose (/data/Workspace/helios/starwards/node_modules/colyseus.js/node_modules/ws/lib/event-target.js:220:9)
          at WebSocket.emit (node:events:524:28)
          at WebSocket.emitClose (/data/Workspace/helios/starwards/node_modules/colyseus.js/node_modules/ws/lib/websocket.js:272:10)
          at Socket.socketOnClose (/data/Workspace/helios/starwards/node_modules/colyseus.js/node_modules/ws/lib/websocket.js:1341:15)
          at Socket.emit (node:events:524:28)
          at TCP.<anonymous> (node:net:343:12)

      at ConnectionManager.onConnectionError (modules/core/src/client/connection-manager.ts:144:21)
          at Array.forEach (<anonymous>)

    console.log
      connection error: TypeError: Cannot read properties of undefined (reading 'decoder')
          at wireEvents (/data/Workspace/helios/starwards/node_modules/colyseus-events/src/wire-events.ts:30:40)
          at /data/Workspace/helios/starwards/modules/core/src/client/admin.ts:20:5
          at processTicksAndRejections (node:internal/process/task_queues:95:5)
          at /data/Workspace/helios/starwards/modules/core/src/client/connection-manager.ts:131:21

      at ConnectionManager.onConnectionError (modules/core/src/client/connection-manager.ts:144:21)

    console.log
      connection error: Error: disconnected from server
          at EventEmitter.<anonymous> (/data/Workspace/helios/starwards/modules/core/src/client/driver.ts:53:58)
          at /data/Workspace/helios/starwards/node_modules/colyseus.js/src/core/signal.ts:15:48
          at Array.forEach (<anonymous>)
          at EventEmitter.invoke (/data/Workspace/helios/starwards/node_modules/colyseus.js/src/core/signal.ts:15:19)
          at Function.register.invoke (/data/Workspace/helios/starwards/node_modules/colyseus.js/src/core/signal.ts:57:81)
          at WebSocket.connection.events.onclose (/data/Workspace/helios/starwards/node_modules/colyseus.js/src/Room.ts:89:30)
          at callListener (/data/Workspace/helios/starwards/node_modules/colyseus.js/node_modules/ws/lib/event-target.js:290:14)
          at WebSocket.onClose (/data/Workspace/helios/starwards/node_modules/colyseus.js/node_modules/ws/lib/event-target.js:220:9)
          at WebSocket.emit (node:events:524:28)
          at WebSocket.emitClose (/data/Workspace/helios/starwards/node_modules/colyseus.js/node_modules/ws/lib/websocket.js:272:10)
          at Socket.socketOnClose (/data/Workspace/helios/starwards/node_modules/colyseus.js/node_modules/ws/lib/websocket.js:1341:15)
          at Socket.emit (node:events:524:28)
          at TCP.<anonymous> (node:net:343:12)

      at ConnectionManager.onConnectionError (modules/core/src/client/connection-manager.ts:144:21)
          at Array.forEach (<anonymous>)

    console.log
      connection error: TypeError: Cannot read properties of undefined (reading 'decoder')
          at wireEvents (/data/Workspace/helios/starwards/node_modules/colyseus-events/src/wire-events.ts:30:40)
          at /data/Workspace/helios/starwards/modules/core/src/client/admin.ts:20:5
          at processTicksAndRejections (node:internal/process/task_queues:95:5)
          at /data/Workspace/helios/starwards/modules/core/src/client/connection-manager.ts:131:21

      at ConnectionManager.onConnectionError (modules/core/src/client/connection-manager.ts:144:21)

    console.log
      connection error: Error: disconnected from server
          at EventEmitter.<anonymous> (/data/Workspace/helios/starwards/modules/core/src/client/driver.ts:53:58)
          at /data/Workspace/helios/starwards/node_modules/colyseus.js/src/core/signal.ts:15:48
          at Array.forEach (<anonymous>)
          at EventEmitter.invoke (/data/Workspace/helios/starwards/node_modules/colyseus.js/src/core/signal.ts:15:19)
          at Function.register.invoke (/data/Workspace/helios/starwards/node_modules/colyseus.js/src/core/signal.ts:57:81)
          at WebSocket.connection.events.onclose (/data/Workspace/helios/starwards/node_modules/colyseus.js/src/Room.ts:89:30)
          at callListener (/data/Workspace/helios/starwards/node_modules/colyseus.js/node_modules/ws/lib/event-target.js:290:14)
          at WebSocket.onClose (/data/Workspace/helios/starwards/node_modules/colyseus.js/node_modules/ws/lib/event-target.js:220:9)
          at WebSocket.emit (node:events:524:28)
          at WebSocket.emitClose (/data/Workspace/helios/starwards/node_modules/colyseus.js/node_modules/ws/lib/websocket.js:272:10)
          at Socket.socketOnClose (/data/Workspace/helios/starwards/node_modules/colyseus.js/node_modules/ws/lib/websocket.js:1341:15)
          at Socket.emit (node:events:524:28)
          at TCP.<anonymous> (node:net:343:12)

      at ConnectionManager.onConnectionError (modules/core/src/client/connection-manager.ts:144:21)
          at Array.forEach (<anonymous>)

    console.log
      connection error: TypeError: Cannot read properties of undefined (reading 'decoder')
          at wireEvents (/data/Workspace/helios/starwards/node_modules/colyseus-events/src/wire-events.ts:30:40)
          at /data/Workspace/helios/starwards/modules/core/src/client/admin.ts:20:5
          at processTicksAndRejections (node:internal/process/task_queues:95:5)
          at /data/Workspace/helios/starwards/modules/core/src/client/connection-manager.ts:131:21

      at ConnectionManager.onConnectionError (modules/core/src/client/connection-manager.ts:144:21)

    console.log
      connection error: Error: disconnected from server
          at EventEmitter.<anonymous> (/data/Workspace/helios/starwards/modules/core/src/client/driver.ts:53:58)
          at /data/Workspace/helios/starwards/node_modules/colyseus.js/src/core/signal.ts:15:48
          at Array.forEach (<anonymous>)
          at EventEmitter.invoke (/data/Workspace/helios/starwards/node_modules/colyseus.js/src/core/signal.ts:15:19)
          at Function.register.invoke (/data/Workspace/helios/starwards/node_modules/colyseus.js/src/core/signal.ts:57:81)
          at WebSocket.connection.events.onclose (/data/Workspace/helios/starwards/node_modules/colyseus.js/src/Room.ts:89:30)
          at callListener (/data/Workspace/helios/starwards/node_modules/colyseus.js/node_modules/ws/lib/event-target.js:290:14)
          at WebSocket.onClose (/data/Workspace/helios/starwards/node_modules/colyseus.js/node_modules/ws/lib/event-target.js:220:9)
          at WebSocket.emit (node:events:524:28)
          at WebSocket.emitClose (/data/Workspace/helios/starwards/node_modules/colyseus.js/node_modules/ws/lib/websocket.js:272:10)
          at Socket.socketOnClose (/data/Workspace/helios/starwards/node_modules/colyseus.js/node_modules/ws/lib/websocket.js:1341:15)
          at Socket.emit (node:events:524:28)
          at TCP.<anonymous> (node:net:343:12)

      at ConnectionManager.onConnectionError (modules/core/src/client/connection-manager.ts:144:21)
          at Array.forEach (<anonymous>)

    console.log
      connection error: TypeError: Cannot read properties of undefined (reading 'decoder')
          at wireEvents (/data/Workspace/helios/starwards/node_modules/colyseus-events/src/wire-events.ts:30:40)
          at /data/Workspace/helios/starwards/modules/core/src/client/admin.ts:20:5
          at processTicksAndRejections (node:internal/process/task_queues:95:5)
          at /data/Workspace/helios/starwards/modules/core/src/client/connection-manager.ts:131:21

      at ConnectionManager.onConnectionError (modules/core/src/client/connection-manager.ts:144:21)

    console.log
      connection error: Error: disconnected from server
          at EventEmitter.<anonymous> (/data/Workspace/helios/starwards/modules/core/src/client/driver.ts:53:58)
          at /data/Workspace/helios/starwards/node_modules/colyseus.js/src/core/signal.ts:15:48
          at Array.forEach (<anonymous>)
          at EventEmitter.invoke (/data/Workspace/helios/starwards/node_modules/colyseus.js/src/core/signal.ts:15:19)
          at Function.register.invoke (/data/Workspace/helios/starwards/node_modules/colyseus.js/src/core/signal.ts:57:81)
          at WebSocket.connection.events.onclose (/data/Workspace/helios/starwards/node_modules/colyseus.js/src/Room.ts:89:30)
          at callListener (/data/Workspace/helios/starwards/node_modules/colyseus.js/node_modules/ws/lib/event-target.js:290:14)
          at WebSocket.onClose (/data/Workspace/helios/starwards/node_modules/colyseus.js/node_modules/ws/lib/event-target.js:220:9)
          at WebSocket.emit (node:events:524:28)
          at WebSocket.emitClose (/data/Workspace/helios/starwards/node_modules/colyseus.js/node_modules/ws/lib/websocket.js:272:10)
          at Socket.socketOnClose (/data/Workspace/helios/starwards/node_modules/colyseus.js/node_modules/ws/lib/websocket.js:1341:15)
          at Socket.emit (node:events:524:28)
          at TCP.<anonymous> (node:net:343:12)

      at ConnectionManager.onConnectionError (modules/core/src/client/connection-manager.ts:144:21)
          at Array.forEach (<anonymous>)

    console.log
      connection error: TypeError: Cannot read properties of undefined (reading 'decoder')
          at wireEvents (/data/Workspace/helios/starwards/node_modules/colyseus-events/src/wire-events.ts:30:40)
          at /data/Workspace/helios/starwards/modules/core/src/client/admin.ts:20:5
          at processTicksAndRejections (node:internal/process/task_queues:95:5)
          at /data/Workspace/helios/starwards/modules/core/src/client/connection-manager.ts:131:21

      at ConnectionManager.onConnectionError (modules/core/src/client/connection-manager.ts:144:21)

    console.log
      connection error: Error: disconnected from server
          at EventEmitter.<anonymous> (/data/Workspace/helios/starwards/modules/core/src/client/driver.ts:53:58)
          at /data/Workspace/helios/starwards/node_modules/colyseus.js/src/core/signal.ts:15:48
          at Array.forEach (<anonymous>)
          at EventEmitter.invoke (/data/Workspace/helios/starwards/node_modules/colyseus.js/src/core/signal.ts:15:19)
          at Function.register.invoke (/data/Workspace/helios/starwards/node_modules/colyseus.js/src/core/signal.ts:57:81)
          at WebSocket.connection.events.onclose (/data/Workspace/helios/starwards/node_modules/colyseus.js/src/Room.ts:89:30)
          at callListener (/data/Workspace/helios/starwards/node_modules/colyseus.js/node_modules/ws/lib/event-target.js:290:14)
          at WebSocket.onClose (/data/Workspace/helios/starwards/node_modules/colyseus.js/node_modules/ws/lib/event-target.js:220:9)
          at WebSocket.emit (node:events:524:28)
          at WebSocket.emitClose (/data/Workspace/helios/starwards/node_modules/colyseus.js/node_modules/ws/lib/websocket.js:272:10)
          at Socket.socketOnClose (/data/Workspace/helios/starwards/node_modules/colyseus.js/node_modules/ws/lib/websocket.js:1341:15)
          at Socket.emit (node:events:524:28)
          at TCP.<anonymous> (node:net:343:12)

      at ConnectionManager.onConnectionError (modules/core/src/client/connection-manager.ts:144:21)
          at Array.forEach (<anonymous>)

    console.log
      connection error: TypeError: Cannot read properties of undefined (reading 'decoder')
          at wireEvents (/data/Workspace/helios/starwards/node_modules/colyseus-events/src/wire-events.ts:30:40)
          at /data/Workspace/helios/starwards/modules/core/src/client/admin.ts:20:5
          at processTicksAndRejections (node:internal/process/task_queues:95:5)
          at /data/Workspace/helios/starwards/modules/core/src/client/connection-manager.ts:131:21

      at ConnectionManager.onConnectionError (modules/core/src/client/connection-manager.ts:144:21)

    console.log
      connection error: Error: disconnected from server
          at EventEmitter.<anonymous> (/data/Workspace/helios/starwards/modules/core/src/client/driver.ts:53:58)
          at /data/Workspace/helios/starwards/node_modules/colyseus.js/src/core/signal.ts:15:48
          at Array.forEach (<anonymous>)
          at EventEmitter.invoke (/data/Workspace/helios/starwards/node_modules/colyseus.js/src/core/signal.ts:15:19)
          at Function.register.invoke (/data/Workspace/helios/starwards/node_modules/colyseus.js/src/core/signal.ts:57:81)
          at WebSocket.connection.events.onclose (/data/Workspace/helios/starwards/node_modules/colyseus.js/src/Room.ts:89:30)
          at callListener (/data/Workspace/helios/starwards/node_modules/colyseus.js/node_modules/ws/lib/event-target.js:290:14)
          at WebSocket.onClose (/data/Workspace/helios/starwards/node_modules/colyseus.js/node_modules/ws/lib/event-target.js:220:9)
          at WebSocket.emit (node:events:524:28)
          at WebSocket.emitClose (/data/Workspace/helios/starwards/node_modules/colyseus.js/node_modules/ws/lib/websocket.js:272:10)
          at Socket.socketOnClose (/data/Workspace/helios/starwards/node_modules/colyseus.js/node_modules/ws/lib/websocket.js:1341:15)
          at Socket.emit (node:events:524:28)
          at TCP.<anonymous> (node:net:343:12)

      at ConnectionManager.onConnectionError (modules/core/src/client/connection-manager.ts:144:21)
          at Array.forEach (<anonymous>)

    console.log
      connection error: TypeError: Cannot read properties of undefined (reading 'decoder')
          at wireEvents (/data/Workspace/helios/starwards/node_modules/colyseus-events/src/wire-events.ts:30:40)
          at /data/Workspace/helios/starwards/modules/core/src/client/admin.ts:20:5
          at processTicksAndRejections (node:internal/process/task_queues:95:5)
          at /data/Workspace/helios/starwards/modules/core/src/client/connection-manager.ts:131:21

      at ConnectionManager.onConnectionError (modules/core/src/client/connection-manager.ts:144:21)

    console.log
      connection error: Error: disconnected from server
          at EventEmitter.<anonymous> (/data/Workspace/helios/starwards/modules/core/src/client/driver.ts:53:58)
          at /data/Workspace/helios/starwards/node_modules/colyseus.js/src/core/signal.ts:15:48
          at Array.forEach (<anonymous>)
          at EventEmitter.invoke (/data/Workspace/helios/starwards/node_modules/colyseus.js/src/core/signal.ts:15:19)
          at Function.register.invoke (/data/Workspace/helios/starwards/node_modules/colyseus.js/src/core/signal.ts:57:81)
          at WebSocket.connection.events.onclose (/data/Workspace/helios/starwards/node_modules/colyseus.js/src/Room.ts:89:30)
          at callListener (/data/Workspace/helios/starwards/node_modules/colyseus.js/node_modules/ws/lib/event-target.js:290:14)
          at WebSocket.onClose (/data/Workspace/helios/starwards/node_modules/colyseus.js/node_modules/ws/lib/event-target.js:220:9)
          at WebSocket.emit (node:events:524:28)
          at WebSocket.emitClose (/data/Workspace/helios/starwards/node_modules/colyseus.js/node_modules/ws/lib/websocket.js:272:10)
          at Socket.socketOnClose (/data/Workspace/helios/starwards/node_modules/colyseus.js/node_modules/ws/lib/websocket.js:1341:15)
          at Socket.emit (node:events:524:28)
          at TCP.<anonymous> (node:net:343:12)

      at ConnectionManager.onConnectionError (modules/core/src/client/connection-manager.ts:144:21)
          at Array.forEach (<anonymous>)

    console.log
      connection error: TypeError: Cannot read properties of undefined (reading 'decoder')
          at wireEvents (/data/Workspace/helios/starwards/node_modules/colyseus-events/src/wire-events.ts:30:40)
          at /data/Workspace/helios/starwards/modules/core/src/client/admin.ts:20:5
          at processTicksAndRejections (node:internal/process/task_queues:95:5)
          at /data/Workspace/helios/starwards/modules/core/src/client/connection-manager.ts:131:21

      at ConnectionManager.onConnectionError (modules/core/src/client/connection-manager.ts:144:21)

    console.log
      connection error: Error: disconnected from server
          at EventEmitter.<anonymous> (/data/Workspace/helios/starwards/modules/core/src/client/driver.ts:53:58)
          at /data/Workspace/helios/starwards/node_modules/colyseus.js/src/core/signal.ts:15:48
          at Array.forEach (<anonymous>)
          at EventEmitter.invoke (/data/Workspace/helios/starwards/node_modules/colyseus.js/src/core/signal.ts:15:19)
          at Function.register.invoke (/data/Workspace/helios/starwards/node_modules/colyseus.js/src/core/signal.ts:57:81)
          at WebSocket.connection.events.onclose (/data/Workspace/helios/starwards/node_modules/colyseus.js/src/Room.ts:89:30)
          at callListener (/data/Workspace/helios/starwards/node_modules/colyseus.js/node_modules/ws/lib/event-target.js:290:14)
          at WebSocket.onClose (/data/Workspace/helios/starwards/node_modules/colyseus.js/node_modules/ws/lib/event-target.js:220:9)
          at WebSocket.emit (node:events:524:28)
          at WebSocket.emitClose (/data/Workspace/helios/starwards/node_modules/colyseus.js/node_modules/ws/lib/websocket.js:272:10)
          at Socket.socketOnClose (/data/Workspace/helios/starwards/node_modules/colyseus.js/node_modules/ws/lib/websocket.js:1341:15)
          at Socket.emit (node:events:524:28)
          at TCP.<anonymous> (node:net:343:12)

      at ConnectionManager.onConnectionError (modules/core/src/client/connection-manager.ts:144:21)
          at Array.forEach (<anonymous>)

    console.log
      connection error: TypeError: Cannot read properties of undefined (reading 'decoder')
          at wireEvents (/data/Workspace/helios/starwards/node_modules/colyseus-events/src/wire-events.ts:30:40)
          at /data/Workspace/helios/starwards/modules/core/src/client/admin.ts:20:5
          at processTicksAndRejections (node:internal/process/task_queues:95:5)
          at /data/Workspace/helios/starwards/modules/core/src/client/connection-manager.ts:131:21

      at ConnectionManager.onConnectionError (modules/core/src/client/connection-manager.ts:144:21)

    console.log
      connection error: Error: disconnected from server
          at EventEmitter.<anonymous> (/data/Workspace/helios/starwards/modules/core/src/client/driver.ts:53:58)
          at /data/Workspace/helios/starwards/node_modules/colyseus.js/src/core/signal.ts:15:48
          at Array.forEach (<anonymous>)
          at EventEmitter.invoke (/data/Workspace/helios/starwards/node_modules/colyseus.js/src/core/signal.ts:15:19)
          at Function.register.invoke (/data/Workspace/helios/starwards/node_modules/colyseus.js/src/core/signal.ts:57:81)
          at WebSocket.connection.events.onclose (/data/Workspace/helios/starwards/node_modules/colyseus.js/src/Room.ts:89:30)
          at callListener (/data/Workspace/helios/starwards/node_modules/colyseus.js/node_modules/ws/lib/event-target.js:290:14)
          at WebSocket.onClose (/data/Workspace/helios/starwards/node_modules/colyseus.js/node_modules/ws/lib/event-target.js:220:9)
          at WebSocket.emit (node:events:524:28)
          at WebSocket.emitClose (/data/Workspace/helios/starwards/node_modules/colyseus.js/node_modules/ws/lib/websocket.js:272:10)
          at Socket.socketOnClose (/data/Workspace/helios/starwards/node_modules/colyseus.js/node_modules/ws/lib/websocket.js:1341:15)
          at Socket.emit (node:events:524:28)
          at TCP.<anonymous> (node:net:343:12)

      at ConnectionManager.onConnectionError (modules/core/src/client/connection-manager.ts:144:21)
          at Array.forEach (<anonymous>)

    console.log
      connection error: TypeError: Cannot read properties of undefined (reading 'decoder')
          at wireEvents (/data/Workspace/helios/starwards/node_modules/colyseus-events/src/wire-events.ts:30:40)
          at /data/Workspace/helios/starwards/modules/core/src/client/admin.ts:20:5
          at processTicksAndRejections (node:internal/process/task_queues:95:5)
          at /data/Workspace/helios/starwards/modules/core/src/client/connection-manager.ts:131:21

      at ConnectionManager.onConnectionError (modules/core/src/client/connection-manager.ts:144:21)

    console.log
      connection error: Error: disconnected from server
          at EventEmitter.<anonymous> (/data/Workspace/helios/starwards/modules/core/src/client/driver.ts:53:58)
          at /data/Workspace/helios/starwards/node_modules/colyseus.js/src/core/signal.ts:15:48
          at Array.forEach (<anonymous>)
          at EventEmitter.invoke (/data/Workspace/helios/starwards/node_modules/colyseus.js/src/core/signal.ts:15:19)
          at Function.register.invoke (/data/Workspace/helios/starwards/node_modules/colyseus.js/src/core/signal.ts:57:81)
          at WebSocket.connection.events.onclose (/data/Workspace/helios/starwards/node_modules/colyseus.js/src/Room.ts:89:30)
          at callListener (/data/Workspace/helios/starwards/node_modules/colyseus.js/node_modules/ws/lib/event-target.js:290:14)
          at WebSocket.onClose (/data/Workspace/helios/starwards/node_modules/colyseus.js/node_modules/ws/lib/event-target.js:220:9)
          at WebSocket.emit (node:events:524:28)
          at WebSocket.emitClose (/data/Workspace/helios/starwards/node_modules/colyseus.js/node_modules/ws/lib/websocket.js:272:10)
          at Socket.socketOnClose (/data/Workspace/helios/starwards/node_modules/colyseus.js/node_modules/ws/lib/websocket.js:1341:15)
          at Socket.emit (node:events:524:28)
          at TCP.<anonymous> (node:net:343:12)

      at ConnectionManager.onConnectionError (modules/core/src/client/connection-manager.ts:144:21)
          at Array.forEach (<anonymous>)

    console.log
      connection error: TypeError: Cannot read properties of undefined (reading 'decoder')
          at wireEvents (/data/Workspace/helios/starwards/node_modules/colyseus-events/src/wire-events.ts:30:40)
          at /data/Workspace/helios/starwards/modules/core/src/client/admin.ts:20:5
          at processTicksAndRejections (node:internal/process/task_queues:95:5)
          at /data/Workspace/helios/starwards/modules/core/src/client/connection-manager.ts:131:21

      at ConnectionManager.onConnectionError (modules/core/src/client/connection-manager.ts:144:21)

    console.log
      connection error: Error: disconnected from server
          at EventEmitter.<anonymous> (/data/Workspace/helios/starwards/modules/core/src/client/driver.ts:53:58)
          at /data/Workspace/helios/starwards/node_modules/colyseus.js/src/core/signal.ts:15:48
          at Array.forEach (<anonymous>)
          at EventEmitter.invoke (/data/Workspace/helios/starwards/node_modules/colyseus.js/src/core/signal.ts:15:19)
          at Function.register.invoke (/data/Workspace/helios/starwards/node_modules/colyseus.js/src/core/signal.ts:57:81)
          at WebSocket.connection.events.onclose (/data/Workspace/helios/starwards/node_modules/colyseus.js/src/Room.ts:89:30)
          at callListener (/data/Workspace/helios/starwards/node_modules/colyseus.js/node_modules/ws/lib/event-target.js:290:14)
          at WebSocket.onClose (/data/Workspace/helios/starwards/node_modules/colyseus.js/node_modules/ws/lib/event-target.js:220:9)
          at WebSocket.emit (node:events:524:28)
          at WebSocket.emitClose (/data/Workspace/helios/starwards/node_modules/colyseus.js/node_modules/ws/lib/websocket.js:272:10)
          at Socket.socketOnClose (/data/Workspace/helios/starwards/node_modules/colyseus.js/node_modules/ws/lib/websocket.js:1341:15)
          at Socket.emit (node:events:524:28)
          at TCP.<anonymous> (node:net:343:12)

      at ConnectionManager.onConnectionError (modules/core/src/client/connection-manager.ts:144:21)
          at Array.forEach (<anonymous>)

    console.log
      connection error: TypeError: Cannot read properties of undefined (reading 'decoder')
          at wireEvents (/data/Workspace/helios/starwards/node_modules/colyseus-events/src/wire-events.ts:30:40)
          at /data/Workspace/helios/starwards/modules/core/src/client/admin.ts:20:5
          at processTicksAndRejections (node:internal/process/task_queues:95:5)
          at /data/Workspace/helios/starwards/modules/core/src/client/connection-manager.ts:131:21

      at ConnectionManager.onConnectionError (modules/core/src/client/connection-manager.ts:144:21)

    console.log
      connection error: Error: disconnected from server
          at EventEmitter.<anonymous> (/data/Workspace/helios/starwards/modules/core/src/client/driver.ts:53:58)
          at /data/Workspace/helios/starwards/node_modules/colyseus.js/src/core/signal.ts:15:48
          at Array.forEach (<anonymous>)
          at EventEmitter.invoke (/data/Workspace/helios/starwards/node_modules/colyseus.js/src/core/signal.ts:15:19)
          at Function.register.invoke (/data/Workspace/helios/starwards/node_modules/colyseus.js/src/core/signal.ts:57:81)
          at WebSocket.connection.events.onclose (/data/Workspace/helios/starwards/node_modules/colyseus.js/src/Room.ts:89:30)
          at callListener (/data/Workspace/helios/starwards/node_modules/colyseus.js/node_modules/ws/lib/event-target.js:290:14)
          at WebSocket.onClose (/data/Workspace/helios/starwards/node_modules/colyseus.js/node_modules/ws/lib/event-target.js:220:9)
          at WebSocket.emit (node:events:524:28)
          at WebSocket.emitClose (/data/Workspace/helios/starwards/node_modules/colyseus.js/node_modules/ws/lib/websocket.js:272:10)
          at Socket.socketOnClose (/data/Workspace/helios/starwards/node_modules/colyseus.js/node_modules/ws/lib/websocket.js:1341:15)
          at Socket.emit (node:events:524:28)
          at TCP.<anonymous> (node:net:343:12)

      at ConnectionManager.onConnectionError (modules/core/src/client/connection-manager.ts:144:21)
          at Array.forEach (<anonymous>)

    console.log
      connection error: TypeError: Cannot read properties of undefined (reading 'decoder')
          at wireEvents (/data/Workspace/helios/starwards/node_modules/colyseus-events/src/wire-events.ts:30:40)
          at /data/Workspace/helios/starwards/modules/core/src/client/admin.ts:20:5
          at processTicksAndRejections (node:internal/process/task_queues:95:5)
          at /data/Workspace/helios/starwards/modules/core/src/client/connection-manager.ts:131:21

      at ConnectionManager.onConnectionError (modules/core/src/client/connection-manager.ts:144:21)

    console.log
      connection error: Error: disconnected from server
          at EventEmitter.<anonymous> (/data/Workspace/helios/starwards/modules/core/src/client/driver.ts:53:58)
          at /data/Workspace/helios/starwards/node_modules/colyseus.js/src/core/signal.ts:15:48
          at Array.forEach (<anonymous>)
          at EventEmitter.invoke (/data/Workspace/helios/starwards/node_modules/colyseus.js/src/core/signal.ts:15:19)
          at Function.register.invoke (/data/Workspace/helios/starwards/node_modules/colyseus.js/src/core/signal.ts:57:81)
          at WebSocket.connection.events.onclose (/data/Workspace/helios/starwards/node_modules/colyseus.js/src/Room.ts:89:30)
          at callListener (/data/Workspace/helios/starwards/node_modules/colyseus.js/node_modules/ws/lib/event-target.js:290:14)
          at WebSocket.onClose (/data/Workspace/helios/starwards/node_modules/colyseus.js/node_modules/ws/lib/event-target.js:220:9)
          at WebSocket.emit (node:events:524:28)
          at WebSocket.emitClose (/data/Workspace/helios/starwards/node_modules/colyseus.js/node_modules/ws/lib/websocket.js:272:10)
          at Socket.socketOnClose (/data/Workspace/helios/starwards/node_modules/colyseus.js/node_modules/ws/lib/websocket.js:1341:15)
          at Socket.emit (node:events:524:28)
          at TCP.<anonymous> (node:net:343:12)

      at ConnectionManager.onConnectionError (modules/core/src/client/connection-manager.ts:144:21)
          at Array.forEach (<anonymous>)

    console.log
      connection error: TypeError: Cannot read properties of undefined (reading 'decoder')
          at wireEvents (/data/Workspace/helios/starwards/node_modules/colyseus-events/src/wire-events.ts:30:40)
          at /data/Workspace/helios/starwards/modules/core/src/client/admin.ts:20:5
          at processTicksAndRejections (node:internal/process/task_queues:95:5)
          at /data/Workspace/helios/starwards/modules/core/src/client/connection-manager.ts:131:21

      at ConnectionManager.onConnectionError (modules/core/src/client/connection-manager.ts:144:21)

    console.log
      connection error: Error: disconnected from server
          at EventEmitter.<anonymous> (/data/Workspace/helios/starwards/modules/core/src/client/driver.ts:53:58)
          at /data/Workspace/helios/starwards/node_modules/colyseus.js/src/core/signal.ts:15:48
          at Array.forEach (<anonymous>)
          at EventEmitter.invoke (/data/Workspace/helios/starwards/node_modules/colyseus.js/src/core/signal.ts:15:19)
          at Function.register.invoke (/data/Workspace/helios/starwards/node_modules/colyseus.js/src/core/signal.ts:57:81)
          at WebSocket.connection.events.onclose (/data/Workspace/helios/starwards/node_modules/colyseus.js/src/Room.ts:89:30)
          at callListener (/data/Workspace/helios/starwards/node_modules/colyseus.js/node_modules/ws/lib/event-target.js:290:14)
          at WebSocket.onClose (/data/Workspace/helios/starwards/node_modules/colyseus.js/node_modules/ws/lib/event-target.js:220:9)
          at WebSocket.emit (node:events:524:28)
          at WebSocket.emitClose (/data/Workspace/helios/starwards/node_modules/colyseus.js/node_modules/ws/lib/websocket.js:272:10)
          at Socket.socketOnClose (/data/Workspace/helios/starwards/node_modules/colyseus.js/node_modules/ws/lib/websocket.js:1341:15)
          at Socket.emit (node:events:524:28)
          at TCP.<anonymous> (node:net:343:12)

      at ConnectionManager.onConnectionError (modules/core/src/client/connection-manager.ts:144:21)
          at Array.forEach (<anonymous>)

    console.log
      connection error: TypeError: Cannot read properties of undefined (reading 'decoder')
          at wireEvents (/data/Workspace/helios/starwards/node_modules/colyseus-events/src/wire-events.ts:30:40)
          at /data/Workspace/helios/starwards/modules/core/src/client/admin.ts:20:5
          at processTicksAndRejections (node:internal/process/task_queues:95:5)
          at /data/Workspace/helios/starwards/modules/core/src/client/connection-manager.ts:131:21

      at ConnectionManager.onConnectionError (modules/core/src/client/connection-manager.ts:144:21)

    console.log
      connection error: Error: disconnected from server
          at EventEmitter.<anonymous> (/data/Workspace/helios/starwards/modules/core/src/client/driver.ts:53:58)
          at /data/Workspace/helios/starwards/node_modules/colyseus.js/src/core/signal.ts:15:48
          at Array.forEach (<anonymous>)
          at EventEmitter.invoke (/data/Workspace/helios/starwards/node_modules/colyseus.js/src/core/signal.ts:15:19)
          at Function.register.invoke (/data/Workspace/helios/starwards/node_modules/colyseus.js/src/core/signal.ts:57:81)
          at WebSocket.connection.events.onclose (/data/Workspace/helios/starwards/node_modules/colyseus.js/src/Room.ts:89:30)
          at callListener (/data/Workspace/helios/starwards/node_modules/colyseus.js/node_modules/ws/lib/event-target.js:290:14)
          at WebSocket.onClose (/data/Workspace/helios/starwards/node_modules/colyseus.js/node_modules/ws/lib/event-target.js:220:9)
          at WebSocket.emit (node:events:524:28)
          at WebSocket.emitClose (/data/Workspace/helios/starwards/node_modules/colyseus.js/node_modules/ws/lib/websocket.js:272:10)
          at Socket.socketOnClose (/data/Workspace/helios/starwards/node_modules/colyseus.js/node_modules/ws/lib/websocket.js:1341:15)
          at Socket.emit (node:events:524:28)
          at TCP.<anonymous> (node:net:343:12)

      at ConnectionManager.onConnectionError (modules/core/src/client/connection-manager.ts:144:21)
          at Array.forEach (<anonymous>)

    console.log
      connection error: TypeError: Cannot read properties of undefined (reading 'decoder')
          at wireEvents (/data/Workspace/helios/starwards/node_modules/colyseus-events/src/wire-events.ts:30:40)
          at /data/Workspace/helios/starwards/modules/core/src/client/admin.ts:20:5
          at processTicksAndRejections (node:internal/process/task_queues:95:5)
          at /data/Workspace/helios/starwards/modules/core/src/client/connection-manager.ts:131:21

      at ConnectionManager.onConnectionError (modules/core/src/client/connection-manager.ts:144:21)

    console.log
      connection error: Error: disconnected from server
          at EventEmitter.<anonymous> (/data/Workspace/helios/starwards/modules/core/src/client/driver.ts:53:58)
          at /data/Workspace/helios/starwards/node_modules/colyseus.js/src/core/signal.ts:15:48
          at Array.forEach (<anonymous>)
          at EventEmitter.invoke (/data/Workspace/helios/starwards/node_modules/colyseus.js/src/core/signal.ts:15:19)
          at Function.register.invoke (/data/Workspace/helios/starwards/node_modules/colyseus.js/src/core/signal.ts:57:81)
          at WebSocket.connection.events.onclose (/data/Workspace/helios/starwards/node_modules/colyseus.js/src/Room.ts:89:30)
          at callListener (/data/Workspace/helios/starwards/node_modules/colyseus.js/node_modules/ws/lib/event-target.js:290:14)
          at WebSocket.onClose (/data/Workspace/helios/starwards/node_modules/colyseus.js/node_modules/ws/lib/event-target.js:220:9)
          at WebSocket.emit (node:events:524:28)
          at WebSocket.emitClose (/data/Workspace/helios/starwards/node_modules/colyseus.js/node_modules/ws/lib/websocket.js:272:10)
          at Socket.socketOnClose (/data/Workspace/helios/starwards/node_modules/colyseus.js/node_modules/ws/lib/websocket.js:1341:15)
          at Socket.emit (node:events:524:28)
          at TCP.<anonymous> (node:net:343:12)

      at ConnectionManager.onConnectionError (modules/core/src/client/connection-manager.ts:144:21)
          at Array.forEach (<anonymous>)

    console.log
      connection error: TypeError: Cannot read properties of undefined (reading 'decoder')
          at wireEvents (/data/Workspace/helios/starwards/node_modules/colyseus-events/src/wire-events.ts:30:40)
          at /data/Workspace/helios/starwards/modules/core/src/client/admin.ts:20:5
          at processTicksAndRejections (node:internal/process/task_queues:95:5)
          at /data/Workspace/helios/starwards/modules/core/src/client/connection-manager.ts:131:21

      at ConnectionManager.onConnectionError (modules/core/src/client/connection-manager.ts:144:21)

    console.log
      connection error: Error: disconnected from server
          at EventEmitter.<anonymous> (/data/Workspace/helios/starwards/modules/core/src/client/driver.ts:53:58)
          at /data/Workspace/helios/starwards/node_modules/colyseus.js/src/core/signal.ts:15:48
          at Array.forEach (<anonymous>)
          at EventEmitter.invoke (/data/Workspace/helios/starwards/node_modules/colyseus.js/src/core/signal.ts:15:19)
          at Function.register.invoke (/data/Workspace/helios/starwards/node_modules/colyseus.js/src/core/signal.ts:57:81)
          at WebSocket.connection.events.onclose (/data/Workspace/helios/starwards/node_modules/colyseus.js/src/Room.ts:89:30)
          at callListener (/data/Workspace/helios/starwards/node_modules/colyseus.js/node_modules/ws/lib/event-target.js:290:14)
          at WebSocket.onClose (/data/Workspace/helios/starwards/node_modules/colyseus.js/node_modules/ws/lib/event-target.js:220:9)
          at WebSocket.emit (node:events:524:28)
          at WebSocket.emitClose (/data/Workspace/helios/starwards/node_modules/colyseus.js/node_modules/ws/lib/websocket.js:272:10)
          at Socket.socketOnClose (/data/Workspace/helios/starwards/node_modules/colyseus.js/node_modules/ws/lib/websocket.js:1341:15)
          at Socket.emit (node:events:524:28)
          at TCP.<anonymous> (node:net:343:12)

      at ConnectionManager.onConnectionError (modules/core/src/client/connection-manager.ts:144:21)
          at Array.forEach (<anonymous>)

    console.log
      connection error: TypeError: Cannot read properties of undefined (reading 'decoder')
          at wireEvents (/data/Workspace/helios/starwards/node_modules/colyseus-events/src/wire-events.ts:30:40)
          at /data/Workspace/helios/starwards/modules/core/src/client/admin.ts:20:5
          at processTicksAndRejections (node:internal/process/task_queues:95:5)
          at /data/Workspace/helios/starwards/modules/core/src/client/connection-manager.ts:131:21

      at ConnectionManager.onConnectionError (modules/core/src/client/connection-manager.ts:144:21)

    console.log
      connection error: Error: disconnected from server
          at EventEmitter.<anonymous> (/data/Workspace/helios/starwards/modules/core/src/client/driver.ts:53:58)
          at /data/Workspace/helios/starwards/node_modules/colyseus.js/src/core/signal.ts:15:48
          at Array.forEach (<anonymous>)
          at EventEmitter.invoke (/data/Workspace/helios/starwards/node_modules/colyseus.js/src/core/signal.ts:15:19)
          at Function.register.invoke (/data/Workspace/helios/starwards/node_modules/colyseus.js/src/core/signal.ts:57:81)
          at WebSocket.connection.events.onclose (/data/Workspace/helios/starwards/node_modules/colyseus.js/src/Room.ts:89:30)
          at callListener (/data/Workspace/helios/starwards/node_modules/colyseus.js/node_modules/ws/lib/event-target.js:290:14)
          at WebSocket.onClose (/data/Workspace/helios/starwards/node_modules/colyseus.js/node_modules/ws/lib/event-target.js:220:9)
          at WebSocket.emit (node:events:524:28)
          at WebSocket.emitClose (/data/Workspace/helios/starwards/node_modules/colyseus.js/node_modules/ws/lib/websocket.js:272:10)
          at Socket.socketOnClose (/data/Workspace/helios/starwards/node_modules/colyseus.js/node_modules/ws/lib/websocket.js:1341:15)
          at Socket.emit (node:events:524:28)
          at TCP.<anonymous> (node:net:343:12)

      at ConnectionManager.onConnectionError (modules/core/src/client/connection-manager.ts:144:21)
          at Array.forEach (<anonymous>)

    console.log
      connection error: TypeError: Cannot read properties of undefined (reading 'decoder')
          at wireEvents (/data/Workspace/helios/starwards/node_modules/colyseus-events/src/wire-events.ts:30:40)
          at /data/Workspace/helios/starwards/modules/core/src/client/admin.ts:20:5
          at processTicksAndRejections (node:internal/process/task_queues:95:5)
          at /data/Workspace/helios/starwards/modules/core/src/client/connection-manager.ts:131:21

      at ConnectionManager.onConnectionError (modules/core/src/client/connection-manager.ts:144:21)

    console.log
      connection error: Error: disconnected from server
          at EventEmitter.<anonymous> (/data/Workspace/helios/starwards/modules/core/src/client/driver.ts:53:58)
          at /data/Workspace/helios/starwards/node_modules/colyseus.js/src/core/signal.ts:15:48
          at Array.forEach (<anonymous>)
          at EventEmitter.invoke (/data/Workspace/helios/starwards/node_modules/colyseus.js/src/core/signal.ts:15:19)
          at Function.register.invoke (/data/Workspace/helios/starwards/node_modules/colyseus.js/src/core/signal.ts:57:81)
          at WebSocket.connection.events.onclose (/data/Workspace/helios/starwards/node_modules/colyseus.js/src/Room.ts:89:30)
          at callListener (/data/Workspace/helios/starwards/node_modules/colyseus.js/node_modules/ws/lib/event-target.js:290:14)
          at WebSocket.onClose (/data/Workspace/helios/starwards/node_modules/colyseus.js/node_modules/ws/lib/event-target.js:220:9)
          at WebSocket.emit (node:events:524:28)
          at WebSocket.emitClose (/data/Workspace/helios/starwards/node_modules/colyseus.js/node_modules/ws/lib/websocket.js:272:10)
          at Socket.socketOnClose (/data/Workspace/helios/starwards/node_modules/colyseus.js/node_modules/ws/lib/websocket.js:1341:15)
          at Socket.emit (node:events:524:28)
          at TCP.<anonymous> (node:net:343:12)

      at ConnectionManager.onConnectionError (modules/core/src/client/connection-manager.ts:144:21)
          at Array.forEach (<anonymous>)

    console.log
      connection error: TypeError: Cannot read properties of undefined (reading 'decoder')
          at wireEvents (/data/Workspace/helios/starwards/node_modules/colyseus-events/src/wire-events.ts:30:40)
          at /data/Workspace/helios/starwards/modules/core/src/client/admin.ts:20:5
          at processTicksAndRejections (node:internal/process/task_queues:95:5)
          at /data/Workspace/helios/starwards/modules/core/src/client/connection-manager.ts:131:21

      at ConnectionManager.onConnectionError (modules/core/src/client/connection-manager.ts:144:21)

    console.log
      connection error: Error: disconnected from server
          at EventEmitter.<anonymous> (/data/Workspace/helios/starwards/modules/core/src/client/driver.ts:53:58)
          at /data/Workspace/helios/starwards/node_modules/colyseus.js/src/core/signal.ts:15:48
          at Array.forEach (<anonymous>)
          at EventEmitter.invoke (/data/Workspace/helios/starwards/node_modules/colyseus.js/src/core/signal.ts:15:19)
          at Function.register.invoke (/data/Workspace/helios/starwards/node_modules/colyseus.js/src/core/signal.ts:57:81)
          at WebSocket.connection.events.onclose (/data/Workspace/helios/starwards/node_modules/colyseus.js/src/Room.ts:89:30)
          at callListener (/data/Workspace/helios/starwards/node_modules/colyseus.js/node_modules/ws/lib/event-target.js:290:14)
          at WebSocket.onClose (/data/Workspace/helios/starwards/node_modules/colyseus.js/node_modules/ws/lib/event-target.js:220:9)
          at WebSocket.emit (node:events:524:28)
          at WebSocket.emitClose (/data/Workspace/helios/starwards/node_modules/colyseus.js/node_modules/ws/lib/websocket.js:272:10)
          at Socket.socketOnClose (/data/Workspace/helios/starwards/node_modules/colyseus.js/node_modules/ws/lib/websocket.js:1341:15)
          at Socket.emit (node:events:524:28)
          at TCP.<anonymous> (node:net:343:12)

      at ConnectionManager.onConnectionError (modules/core/src/client/connection-manager.ts:144:21)
          at Array.forEach (<anonymous>)

    console.log
      connection error: TypeError: Cannot read properties of undefined (reading 'decoder')
          at wireEvents (/data/Workspace/helios/starwards/node_modules/colyseus-events/src/wire-events.ts:30:40)
          at /data/Workspace/helios/starwards/modules/core/src/client/admin.ts:20:5
          at processTicksAndRejections (node:internal/process/task_queues:95:5)
          at /data/Workspace/helios/starwards/modules/core/src/client/connection-manager.ts:131:21

      at ConnectionManager.onConnectionError (modules/core/src/client/connection-manager.ts:144:21)

    console.log
      connection error: Error: disconnected from server
          at EventEmitter.<anonymous> (/data/Workspace/helios/starwards/modules/core/src/client/driver.ts:53:58)
          at /data/Workspace/helios/starwards/node_modules/colyseus.js/src/core/signal.ts:15:48
          at Array.forEach (<anonymous>)
          at EventEmitter.invoke (/data/Workspace/helios/starwards/node_modules/colyseus.js/src/core/signal.ts:15:19)
          at Function.register.invoke (/data/Workspace/helios/starwards/node_modules/colyseus.js/src/core/signal.ts:57:81)
          at WebSocket.connection.events.onclose (/data/Workspace/helios/starwards/node_modules/colyseus.js/src/Room.ts:89:30)
          at callListener (/data/Workspace/helios/starwards/node_modules/colyseus.js/node_modules/ws/lib/event-target.js:290:14)
          at WebSocket.onClose (/data/Workspace/helios/starwards/node_modules/colyseus.js/node_modules/ws/lib/event-target.js:220:9)
          at WebSocket.emit (node:events:524:28)
          at WebSocket.emitClose (/data/Workspace/helios/starwards/node_modules/colyseus.js/node_modules/ws/lib/websocket.js:272:10)
          at Socket.socketOnClose (/data/Workspace/helios/starwards/node_modules/colyseus.js/node_modules/ws/lib/websocket.js:1341:15)
          at Socket.emit (node:events:524:28)
          at TCP.<anonymous> (node:net:343:12)

      at ConnectionManager.onConnectionError (modules/core/src/client/connection-manager.ts:144:21)
          at Array.forEach (<anonymous>)

    console.log
      connection error: TypeError: Cannot read properties of undefined (reading 'decoder')
          at wireEvents (/data/Workspace/helios/starwards/node_modules/colyseus-events/src/wire-events.ts:30:40)
          at /data/Workspace/helios/starwards/modules/core/src/client/admin.ts:20:5
          at processTicksAndRejections (node:internal/process/task_queues:95:5)
          at /data/Workspace/helios/starwards/modules/core/src/client/connection-manager.ts:131:21

      at ConnectionManager.onConnectionError (modules/core/src/client/connection-manager.ts:144:21)

    console.log
      connection error: Error: disconnected from server
          at EventEmitter.<anonymous> (/data/Workspace/helios/starwards/modules/core/src/client/driver.ts:53:58)
          at /data/Workspace/helios/starwards/node_modules/colyseus.js/src/core/signal.ts:15:48
          at Array.forEach (<anonymous>)
          at EventEmitter.invoke (/data/Workspace/helios/starwards/node_modules/colyseus.js/src/core/signal.ts:15:19)
          at Function.register.invoke (/data/Workspace/helios/starwards/node_modules/colyseus.js/src/core/signal.ts:57:81)
          at WebSocket.connection.events.onclose (/data/Workspace/helios/starwards/node_modules/colyseus.js/src/Room.ts:89:30)
          at callListener (/data/Workspace/helios/starwards/node_modules/colyseus.js/node_modules/ws/lib/event-target.js:290:14)
          at WebSocket.onClose (/data/Workspace/helios/starwards/node_modules/colyseus.js/node_modules/ws/lib/event-target.js:220:9)
          at WebSocket.emit (node:events:524:28)
          at WebSocket.emitClose (/data/Workspace/helios/starwards/node_modules/colyseus.js/node_modules/ws/lib/websocket.js:272:10)
          at Socket.socketOnClose (/data/Workspace/helios/starwards/node_modules/colyseus.js/node_modules/ws/lib/websocket.js:1341:15)
          at Socket.emit (node:events:524:28)
          at TCP.<anonymous> (node:net:343:12)

      at ConnectionManager.onConnectionError (modules/core/src/client/connection-manager.ts:144:21)
          at Array.forEach (<anonymous>)

    console.log
      connection error: TypeError: Cannot read properties of undefined (reading 'decoder')
          at wireEvents (/data/Workspace/helios/starwards/node_modules/colyseus-events/src/wire-events.ts:30:40)
          at /data/Workspace/helios/starwards/modules/core/src/client/admin.ts:20:5
          at processTicksAndRejections (node:internal/process/task_queues:95:5)
          at /data/Workspace/helios/starwards/modules/core/src/client/connection-manager.ts:131:21

      at ConnectionManager.onConnectionError (modules/core/src/client/connection-manager.ts:144:21)

    console.log
      connection error: Error: disconnected from server
          at EventEmitter.<anonymous> (/data/Workspace/helios/starwards/modules/core/src/client/driver.ts:53:58)
          at /data/Workspace/helios/starwards/node_modules/colyseus.js/src/core/signal.ts:15:48
          at Array.forEach (<anonymous>)
          at EventEmitter.invoke (/data/Workspace/helios/starwards/node_modules/colyseus.js/src/core/signal.ts:15:19)
          at Function.register.invoke (/data/Workspace/helios/starwards/node_modules/colyseus.js/src/core/signal.ts:57:81)
          at WebSocket.connection.events.onclose (/data/Workspace/helios/starwards/node_modules/colyseus.js/src/Room.ts:89:30)
          at callListener (/data/Workspace/helios/starwards/node_modules/colyseus.js/node_modules/ws/lib/event-target.js:290:14)
          at WebSocket.onClose (/data/Workspace/helios/starwards/node_modules/colyseus.js/node_modules/ws/lib/event-target.js:220:9)
          at WebSocket.emit (node:events:524:28)
          at WebSocket.emitClose (/data/Workspace/helios/starwards/node_modules/colyseus.js/node_modules/ws/lib/websocket.js:272:10)
          at Socket.socketOnClose (/data/Workspace/helios/starwards/node_modules/colyseus.js/node_modules/ws/lib/websocket.js:1341:15)
          at Socket.emit (node:events:524:28)
          at TCP.<anonymous> (node:net:343:12)

      at ConnectionManager.onConnectionError (modules/core/src/client/connection-manager.ts:144:21)
          at Array.forEach (<anonymous>)

    console.log
      connection error: TypeError: Cannot read properties of undefined (reading 'decoder')
          at wireEvents (/data/Workspace/helios/starwards/node_modules/colyseus-events/src/wire-events.ts:30:40)
          at /data/Workspace/helios/starwards/modules/core/src/client/admin.ts:20:5
          at processTicksAndRejections (node:internal/process/task_queues:95:5)
          at /data/Workspace/helios/starwards/modules/core/src/client/connection-manager.ts:131:21

      at ConnectionManager.onConnectionError (modules/core/src/client/connection-manager.ts:144:21)

    console.log
      connection error: Error: disconnected from server
          at EventEmitter.<anonymous> (/data/Workspace/helios/starwards/modules/core/src/client/driver.ts:53:58)
          at /data/Workspace/helios/starwards/node_modules/colyseus.js/src/core/signal.ts:15:48
          at Array.forEach (<anonymous>)
          at EventEmitter.invoke (/data/Workspace/helios/starwards/node_modules/colyseus.js/src/core/signal.ts:15:19)
          at Function.register.invoke (/data/Workspace/helios/starwards/node_modules/colyseus.js/src/core/signal.ts:57:81)
          at WebSocket.connection.events.onclose (/data/Workspace/helios/starwards/node_modules/colyseus.js/src/Room.ts:89:30)
          at callListener (/data/Workspace/helios/starwards/node_modules/colyseus.js/node_modules/ws/lib/event-target.js:290:14)
          at WebSocket.onClose (/data/Workspace/helios/starwards/node_modules/colyseus.js/node_modules/ws/lib/event-target.js:220:9)
          at WebSocket.emit (node:events:524:28)
          at WebSocket.emitClose (/data/Workspace/helios/starwards/node_modules/colyseus.js/node_modules/ws/lib/websocket.js:272:10)
          at Socket.socketOnClose (/data/Workspace/helios/starwards/node_modules/colyseus.js/node_modules/ws/lib/websocket.js:1341:15)
          at Socket.emit (node:events:524:28)
          at TCP.<anonymous> (node:net:343:12)

      at ConnectionManager.onConnectionError (modules/core/src/client/connection-manager.ts:144:21)
          at Array.forEach (<anonymous>)

    console.log
      connection error: TypeError: Cannot read properties of undefined (reading 'decoder')
          at wireEvents (/data/Workspace/helios/starwards/node_modules/colyseus-events/src/wire-events.ts:30:40)
          at /data/Workspace/helios/starwards/modules/core/src/client/admin.ts:20:5
          at processTicksAndRejections (node:internal/process/task_queues:95:5)
          at /data/Workspace/helios/starwards/modules/core/src/client/connection-manager.ts:131:21

      at ConnectionManager.onConnectionError (modules/core/src/client/connection-manager.ts:144:21)

    console.log
      connection error: Error: disconnected from server
          at EventEmitter.<anonymous> (/data/Workspace/helios/starwards/modules/core/src/client/driver.ts:53:58)
          at /data/Workspace/helios/starwards/node_modules/colyseus.js/src/core/signal.ts:15:48
          at Array.forEach (<anonymous>)
          at EventEmitter.invoke (/data/Workspace/helios/starwards/node_modules/colyseus.js/src/core/signal.ts:15:19)
          at Function.register.invoke (/data/Workspace/helios/starwards/node_modules/colyseus.js/src/core/signal.ts:57:81)
          at WebSocket.connection.events.onclose (/data/Workspace/helios/starwards/node_modules/colyseus.js/src/Room.ts:89:30)
          at callListener (/data/Workspace/helios/starwards/node_modules/colyseus.js/node_modules/ws/lib/event-target.js:290:14)
          at WebSocket.onClose (/data/Workspace/helios/starwards/node_modules/colyseus.js/node_modules/ws/lib/event-target.js:220:9)
          at WebSocket.emit (node:events:524:28)
          at WebSocket.emitClose (/data/Workspace/helios/starwards/node_modules/colyseus.js/node_modules/ws/lib/websocket.js:272:10)
          at Socket.socketOnClose (/data/Workspace/helios/starwards/node_modules/colyseus.js/node_modules/ws/lib/websocket.js:1341:15)
          at Socket.emit (node:events:524:28)
          at TCP.<anonymous> (node:net:343:12)

      at ConnectionManager.onConnectionError (modules/core/src/client/connection-manager.ts:144:21)
          at Array.forEach (<anonymous>)

    console.log
      connection error: TypeError: Cannot read properties of undefined (reading 'decoder')
          at wireEvents (/data/Workspace/helios/starwards/node_modules/colyseus-events/src/wire-events.ts:30:40)
          at /data/Workspace/helios/starwards/modules/core/src/client/admin.ts:20:5
          at processTicksAndRejections (node:internal/process/task_queues:95:5)
          at /data/Workspace/helios/starwards/modules/core/src/client/connection-manager.ts:131:21

      at ConnectionManager.onConnectionError (modules/core/src/client/connection-manager.ts:144:21)

    console.log
      connection error: Error: disconnected from server
          at EventEmitter.<anonymous> (/data/Workspace/helios/starwards/modules/core/src/client/driver.ts:53:58)
          at /data/Workspace/helios/starwards/node_modules/colyseus.js/src/core/signal.ts:15:48
          at Array.forEach (<anonymous>)
          at EventEmitter.invoke (/data/Workspace/helios/starwards/node_modules/colyseus.js/src/core/signal.ts:15:19)
          at Function.register.invoke (/data/Workspace/helios/starwards/node_modules/colyseus.js/src/core/signal.ts:57:81)
          at WebSocket.connection.events.onclose (/data/Workspace/helios/starwards/node_modules/colyseus.js/src/Room.ts:89:30)
          at callListener (/data/Workspace/helios/starwards/node_modules/colyseus.js/node_modules/ws/lib/event-target.js:290:14)
          at WebSocket.onClose (/data/Workspace/helios/starwards/node_modules/colyseus.js/node_modules/ws/lib/event-target.js:220:9)
          at WebSocket.emit (node:events:524:28)
          at WebSocket.emitClose (/data/Workspace/helios/starwards/node_modules/colyseus.js/node_modules/ws/lib/websocket.js:272:10)
          at Socket.socketOnClose (/data/Workspace/helios/starwards/node_modules/colyseus.js/node_modules/ws/lib/websocket.js:1341:15)
          at Socket.emit (node:events:524:28)
          at TCP.<anonymous> (node:net:343:12)

      at ConnectionManager.onConnectionError (modules/core/src/client/connection-manager.ts:144:21)
          at Array.forEach (<anonymous>)

    console.log
      connection error: TypeError: Cannot read properties of undefined (reading 'decoder')
          at wireEvents (/data/Workspace/helios/starwards/node_modules/colyseus-events/src/wire-events.ts:30:40)
          at /data/Workspace/helios/starwards/modules/core/src/client/admin.ts:20:5
          at processTicksAndRejections (node:internal/process/task_queues:95:5)
          at /data/Workspace/helios/starwards/modules/core/src/client/connection-manager.ts:131:21

      at ConnectionManager.onConnectionError (modules/core/src/client/connection-manager.ts:144:21)

    console.log
      connection error: Error: disconnected from server
          at EventEmitter.<anonymous> (/data/Workspace/helios/starwards/modules/core/src/client/driver.ts:53:58)
          at /data/Workspace/helios/starwards/node_modules/colyseus.js/src/core/signal.ts:15:48
          at Array.forEach (<anonymous>)
          at EventEmitter.invoke (/data/Workspace/helios/starwards/node_modules/colyseus.js/src/core/signal.ts:15:19)
          at Function.register.invoke (/data/Workspace/helios/starwards/node_modules/colyseus.js/src/core/signal.ts:57:81)
          at WebSocket.connection.events.onclose (/data/Workspace/helios/starwards/node_modules/colyseus.js/src/Room.ts:89:30)
          at callListener (/data/Workspace/helios/starwards/node_modules/colyseus.js/node_modules/ws/lib/event-target.js:290:14)
          at WebSocket.onClose (/data/Workspace/helios/starwards/node_modules/colyseus.js/node_modules/ws/lib/event-target.js:220:9)
          at WebSocket.emit (node:events:524:28)
          at WebSocket.emitClose (/data/Workspace/helios/starwards/node_modules/colyseus.js/node_modules/ws/lib/websocket.js:272:10)
          at Socket.socketOnClose (/data/Workspace/helios/starwards/node_modules/colyseus.js/node_modules/ws/lib/websocket.js:1341:15)
          at Socket.emit (node:events:524:28)
          at TCP.<anonymous> (node:net:343:12)

      at ConnectionManager.onConnectionError (modules/core/src/client/connection-manager.ts:144:21)
          at Array.forEach (<anonymous>)

    console.log
      connection error: TypeError: Cannot read properties of undefined (reading 'decoder')
          at wireEvents (/data/Workspace/helios/starwards/node_modules/colyseus-events/src/wire-events.ts:30:40)
          at /data/Workspace/helios/starwards/modules/core/src/client/admin.ts:20:5
          at processTicksAndRejections (node:internal/process/task_queues:95:5)
          at /data/Workspace/helios/starwards/modules/core/src/client/connection-manager.ts:131:21

      at ConnectionManager.onConnectionError (modules/core/src/client/connection-manager.ts:144:21)

    console.log
      connection error: Error: disconnected from server
          at EventEmitter.<anonymous> (/data/Workspace/helios/starwards/modules/core/src/client/driver.ts:53:58)
          at /data/Workspace/helios/starwards/node_modules/colyseus.js/src/core/signal.ts:15:48
          at Array.forEach (<anonymous>)
          at EventEmitter.invoke (/data/Workspace/helios/starwards/node_modules/colyseus.js/src/core/signal.ts:15:19)
          at Function.register.invoke (/data/Workspace/helios/starwards/node_modules/colyseus.js/src/core/signal.ts:57:81)
          at WebSocket.connection.events.onclose (/data/Workspace/helios/starwards/node_modules/colyseus.js/src/Room.ts:89:30)
          at callListener (/data/Workspace/helios/starwards/node_modules/colyseus.js/node_modules/ws/lib/event-target.js:290:14)
          at WebSocket.onClose (/data/Workspace/helios/starwards/node_modules/colyseus.js/node_modules/ws/lib/event-target.js:220:9)
          at WebSocket.emit (node:events:524:28)
          at WebSocket.emitClose (/data/Workspace/helios/starwards/node_modules/colyseus.js/node_modules/ws/lib/websocket.js:272:10)
          at Socket.socketOnClose (/data/Workspace/helios/starwards/node_modules/colyseus.js/node_modules/ws/lib/websocket.js:1341:15)
          at Socket.emit (node:events:524:28)
          at TCP.<anonymous> (node:net:343:12)

      at ConnectionManager.onConnectionError (modules/core/src/client/connection-manager.ts:144:21)
          at Array.forEach (<anonymous>)

    console.log
      connection error: TypeError: Cannot read properties of undefined (reading 'decoder')
          at wireEvents (/data/Workspace/helios/starwards/node_modules/colyseus-events/src/wire-events.ts:30:40)
          at /data/Workspace/helios/starwards/modules/core/src/client/admin.ts:20:5
          at processTicksAndRejections (node:internal/process/task_queues:95:5)
          at /data/Workspace/helios/starwards/modules/core/src/client/connection-manager.ts:131:21

      at ConnectionManager.onConnectionError (modules/core/src/client/connection-manager.ts:144:21)

    console.log
      connection error: Error: disconnected from server
          at EventEmitter.<anonymous> (/data/Workspace/helios/starwards/modules/core/src/client/driver.ts:53:58)
          at /data/Workspace/helios/starwards/node_modules/colyseus.js/src/core/signal.ts:15:48
          at Array.forEach (<anonymous>)
          at EventEmitter.invoke (/data/Workspace/helios/starwards/node_modules/colyseus.js/src/core/signal.ts:15:19)
          at Function.register.invoke (/data/Workspace/helios/starwards/node_modules/colyseus.js/src/core/signal.ts:57:81)
          at WebSocket.connection.events.onclose (/data/Workspace/helios/starwards/node_modules/colyseus.js/src/Room.ts:89:30)
          at callListener (/data/Workspace/helios/starwards/node_modules/colyseus.js/node_modules/ws/lib/event-target.js:290:14)
          at WebSocket.onClose (/data/Workspace/helios/starwards/node_modules/colyseus.js/node_modules/ws/lib/event-target.js:220:9)
          at WebSocket.emit (node:events:524:28)
          at WebSocket.emitClose (/data/Workspace/helios/starwards/node_modules/colyseus.js/node_modules/ws/lib/websocket.js:272:10)
          at Socket.socketOnClose (/data/Workspace/helios/starwards/node_modules/colyseus.js/node_modules/ws/lib/websocket.js:1341:15)
          at Socket.emit (node:events:524:28)
          at TCP.<anonymous> (node:net:343:12)

      at ConnectionManager.onConnectionError (modules/core/src/client/connection-manager.ts:144:21)
          at Array.forEach (<anonymous>)

    console.log
      connection error: TypeError: Cannot read properties of undefined (reading 'decoder')
          at wireEvents (/data/Workspace/helios/starwards/node_modules/colyseus-events/src/wire-events.ts:30:40)
          at /data/Workspace/helios/starwards/modules/core/src/client/admin.ts:20:5
          at processTicksAndRejections (node:internal/process/task_queues:95:5)
          at /data/Workspace/helios/starwards/modules/core/src/client/connection-manager.ts:131:21

      at ConnectionManager.onConnectionError (modules/core/src/client/connection-manager.ts:144:21)

    console.log
      connection error: Error: disconnected from server
          at EventEmitter.<anonymous> (/data/Workspace/helios/starwards/modules/core/src/client/driver.ts:53:58)
          at /data/Workspace/helios/starwards/node_modules/colyseus.js/src/core/signal.ts:15:48
          at Array.forEach (<anonymous>)
          at EventEmitter.invoke (/data/Workspace/helios/starwards/node_modules/colyseus.js/src/core/signal.ts:15:19)
          at Function.register.invoke (/data/Workspace/helios/starwards/node_modules/colyseus.js/src/core/signal.ts:57:81)
          at WebSocket.connection.events.onclose (/data/Workspace/helios/starwards/node_modules/colyseus.js/src/Room.ts:89:30)
          at callListener (/data/Workspace/helios/starwards/node_modules/colyseus.js/node_modules/ws/lib/event-target.js:290:14)
          at WebSocket.onClose (/data/Workspace/helios/starwards/node_modules/colyseus.js/node_modules/ws/lib/event-target.js:220:9)
          at WebSocket.emit (node:events:524:28)
          at WebSocket.emitClose (/data/Workspace/helios/starwards/node_modules/colyseus.js/node_modules/ws/lib/websocket.js:272:10)
          at Socket.socketOnClose (/data/Workspace/helios/starwards/node_modules/colyseus.js/node_modules/ws/lib/websocket.js:1341:15)
          at Socket.emit (node:events:524:28)
          at TCP.<anonymous> (node:net:343:12)

      at ConnectionManager.onConnectionError (modules/core/src/client/connection-manager.ts:144:21)
          at Array.forEach (<anonymous>)

    console.log
      connection error: TypeError: Cannot read properties of undefined (reading 'decoder')
          at wireEvents (/data/Workspace/helios/starwards/node_modules/colyseus-events/src/wire-events.ts:30:40)
          at /data/Workspace/helios/starwards/modules/core/src/client/admin.ts:20:5
          at processTicksAndRejections (node:internal/process/task_queues:95:5)
          at /data/Workspace/helios/starwards/modules/core/src/client/connection-manager.ts:131:21

      at ConnectionManager.onConnectionError (modules/core/src/client/connection-manager.ts:144:21)

    console.log
      connection error: Error: disconnected from server
          at EventEmitter.<anonymous> (/data/Workspace/helios/starwards/modules/core/src/client/driver.ts:53:58)
          at /data/Workspace/helios/starwards/node_modules/colyseus.js/src/core/signal.ts:15:48
          at Array.forEach (<anonymous>)
          at EventEmitter.invoke (/data/Workspace/helios/starwards/node_modules/colyseus.js/src/core/signal.ts:15:19)
          at Function.register.invoke (/data/Workspace/helios/starwards/node_modules/colyseus.js/src/core/signal.ts:57:81)
          at WebSocket.connection.events.onclose (/data/Workspace/helios/starwards/node_modules/colyseus.js/src/Room.ts:89:30)
          at callListener (/data/Workspace/helios/starwards/node_modules/colyseus.js/node_modules/ws/lib/event-target.js:290:14)
          at WebSocket.onClose (/data/Workspace/helios/starwards/node_modules/colyseus.js/node_modules/ws/lib/event-target.js:220:9)
          at WebSocket.emit (node:events:524:28)
          at WebSocket.emitClose (/data/Workspace/helios/starwards/node_modules/colyseus.js/node_modules/ws/lib/websocket.js:272:10)
          at Socket.socketOnClose (/data/Workspace/helios/starwards/node_modules/colyseus.js/node_modules/ws/lib/websocket.js:1341:15)
          at Socket.emit (node:events:524:28)
          at TCP.<anonymous> (node:net:343:12)

      at ConnectionManager.onConnectionError (modules/core/src/client/connection-manager.ts:144:21)
          at Array.forEach (<anonymous>)

    console.log
      connection error: TypeError: Cannot read properties of undefined (reading 'decoder')
          at wireEvents (/data/Workspace/helios/starwards/node_modules/colyseus-events/src/wire-events.ts:30:40)
          at /data/Workspace/helios/starwards/modules/core/src/client/admin.ts:20:5
          at processTicksAndRejections (node:internal/process/task_queues:95:5)
          at /data/Workspace/helios/starwards/modules/core/src/client/connection-manager.ts:131:21

      at ConnectionManager.onConnectionError (modules/core/src/client/connection-manager.ts:144:21)

    console.log
      connection error: Error: disconnected from server
          at EventEmitter.<anonymous> (/data/Workspace/helios/starwards/modules/core/src/client/driver.ts:53:58)
          at /data/Workspace/helios/starwards/node_modules/colyseus.js/src/core/signal.ts:15:48
          at Array.forEach (<anonymous>)
          at EventEmitter.invoke (/data/Workspace/helios/starwards/node_modules/colyseus.js/src/core/signal.ts:15:19)
          at Function.register.invoke (/data/Workspace/helios/starwards/node_modules/colyseus.js/src/core/signal.ts:57:81)
          at WebSocket.connection.events.onclose (/data/Workspace/helios/starwards/node_modules/colyseus.js/src/Room.ts:89:30)
          at callListener (/data/Workspace/helios/starwards/node_modules/colyseus.js/node_modules/ws/lib/event-target.js:290:14)
          at WebSocket.onClose (/data/Workspace/helios/starwards/node_modules/colyseus.js/node_modules/ws/lib/event-target.js:220:9)
          at WebSocket.emit (node:events:524:28)
          at WebSocket.emitClose (/data/Workspace/helios/starwards/node_modules/colyseus.js/node_modules/ws/lib/websocket.js:272:10)
          at Socket.socketOnClose (/data/Workspace/helios/starwards/node_modules/colyseus.js/node_modules/ws/lib/websocket.js:1341:15)
          at Socket.emit (node:events:524:28)
          at TCP.<anonymous> (node:net:343:12)

      at ConnectionManager.onConnectionError (modules/core/src/client/connection-manager.ts:144:21)
          at Array.forEach (<anonymous>)

    console.log
      connection error: TypeError: Cannot read properties of undefined (reading 'decoder')
          at wireEvents (/data/Workspace/helios/starwards/node_modules/colyseus-events/src/wire-events.ts:30:40)
          at /data/Workspace/helios/starwards/modules/core/src/client/admin.ts:20:5
          at processTicksAndRejections (node:internal/process/task_queues:95:5)
          at /data/Workspace/helios/starwards/modules/core/src/client/connection-manager.ts:131:21

      at ConnectionManager.onConnectionError (modules/core/src/client/connection-manager.ts:144:21)

    console.log
      connection error: Error: disconnected from server
          at EventEmitter.<anonymous> (/data/Workspace/helios/starwards/modules/core/src/client/driver.ts:53:58)
          at /data/Workspace/helios/starwards/node_modules/colyseus.js/src/core/signal.ts:15:48
          at Array.forEach (<anonymous>)
          at EventEmitter.invoke (/data/Workspace/helios/starwards/node_modules/colyseus.js/src/core/signal.ts:15:19)
          at Function.register.invoke (/data/Workspace/helios/starwards/node_modules/colyseus.js/src/core/signal.ts:57:81)
          at WebSocket.connection.events.onclose (/data/Workspace/helios/starwards/node_modules/colyseus.js/src/Room.ts:89:30)
          at callListener (/data/Workspace/helios/starwards/node_modules/colyseus.js/node_modules/ws/lib/event-target.js:290:14)
          at WebSocket.onClose (/data/Workspace/helios/starwards/node_modules/colyseus.js/node_modules/ws/lib/event-target.js:220:9)
          at WebSocket.emit (node:events:524:28)
          at WebSocket.emitClose (/data/Workspace/helios/starwards/node_modules/colyseus.js/node_modules/ws/lib/websocket.js:272:10)
          at Socket.socketOnClose (/data/Workspace/helios/starwards/node_modules/colyseus.js/node_modules/ws/lib/websocket.js:1341:15)
          at Socket.emit (node:events:524:28)
          at TCP.<anonymous> (node:net:343:12)

      at ConnectionManager.onConnectionError (modules/core/src/client/connection-manager.ts:144:21)
          at Array.forEach (<anonymous>)

    console.log
      connection error: TypeError: Cannot read properties of undefined (reading 'decoder')
          at wireEvents (/data/Workspace/helios/starwards/node_modules/colyseus-events/src/wire-events.ts:30:40)
          at /data/Workspace/helios/starwards/modules/core/src/client/admin.ts:20:5
          at processTicksAndRejections (node:internal/process/task_queues:95:5)
          at /data/Workspace/helios/starwards/modules/core/src/client/connection-manager.ts:131:21

      at ConnectionManager.onConnectionError (modules/core/src/client/connection-manager.ts:144:21)

    console.log
      connection error: Error: disconnected from server
          at EventEmitter.<anonymous> (/data/Workspace/helios/starwards/modules/core/src/client/driver.ts:53:58)
          at /data/Workspace/helios/starwards/node_modules/colyseus.js/src/core/signal.ts:15:48
          at Array.forEach (<anonymous>)
          at EventEmitter.invoke (/data/Workspace/helios/starwards/node_modules/colyseus.js/src/core/signal.ts:15:19)
          at Function.register.invoke (/data/Workspace/helios/starwards/node_modules/colyseus.js/src/core/signal.ts:57:81)
          at WebSocket.connection.events.onclose (/data/Workspace/helios/starwards/node_modules/colyseus.js/src/Room.ts:89:30)
          at callListener (/data/Workspace/helios/starwards/node_modules/colyseus.js/node_modules/ws/lib/event-target.js:290:14)
          at WebSocket.onClose (/data/Workspace/helios/starwards/node_modules/colyseus.js/node_modules/ws/lib/event-target.js:220:9)
          at WebSocket.emit (node:events:524:28)
          at WebSocket.emitClose (/data/Workspace/helios/starwards/node_modules/colyseus.js/node_modules/ws/lib/websocket.js:272:10)
          at Socket.socketOnClose (/data/Workspace/helios/starwards/node_modules/colyseus.js/node_modules/ws/lib/websocket.js:1341:15)
          at Socket.emit (node:events:524:28)
          at TCP.<anonymous> (node:net:343:12)

      at ConnectionManager.onConnectionError (modules/core/src/client/connection-manager.ts:144:21)
          at Array.forEach (<anonymous>)

    console.log
      connection error: TypeError: Cannot read properties of undefined (reading 'decoder')
          at wireEvents (/data/Workspace/helios/starwards/node_modules/colyseus-events/src/wire-events.ts:30:40)
          at /data/Workspace/helios/starwards/modules/core/src/client/admin.ts:20:5
          at processTicksAndRejections (node:internal/process/task_queues:95:5)
          at /data/Workspace/helios/starwards/modules/core/src/client/connection-manager.ts:131:21

      at ConnectionManager.onConnectionError (modules/core/src/client/connection-manager.ts:144:21)

    console.log
      connection error: Error: disconnected from server
          at EventEmitter.<anonymous> (/data/Workspace/helios/starwards/modules/core/src/client/driver.ts:53:58)
          at /data/Workspace/helios/starwards/node_modules/colyseus.js/src/core/signal.ts:15:48
          at Array.forEach (<anonymous>)
          at EventEmitter.invoke (/data/Workspace/helios/starwards/node_modules/colyseus.js/src/core/signal.ts:15:19)
          at Function.register.invoke (/data/Workspace/helios/starwards/node_modules/colyseus.js/src/core/signal.ts:57:81)
          at WebSocket.connection.events.onclose (/data/Workspace/helios/starwards/node_modules/colyseus.js/src/Room.ts:89:30)
          at callListener (/data/Workspace/helios/starwards/node_modules/colyseus.js/node_modules/ws/lib/event-target.js:290:14)
          at WebSocket.onClose (/data/Workspace/helios/starwards/node_modules/colyseus.js/node_modules/ws/lib/event-target.js:220:9)
          at WebSocket.emit (node:events:524:28)
          at WebSocket.emitClose (/data/Workspace/helios/starwards/node_modules/colyseus.js/node_modules/ws/lib/websocket.js:272:10)
          at Socket.socketOnClose (/data/Workspace/helios/starwards/node_modules/colyseus.js/node_modules/ws/lib/websocket.js:1341:15)
          at Socket.emit (node:events:524:28)
          at TCP.<anonymous> (node:net:343:12)

      at ConnectionManager.onConnectionError (modules/core/src/client/connection-manager.ts:144:21)
          at Array.forEach (<anonymous>)

    console.log
      connection error: TypeError: Cannot read properties of undefined (reading 'decoder')
          at wireEvents (/data/Workspace/helios/starwards/node_modules/colyseus-events/src/wire-events.ts:30:40)
          at /data/Workspace/helios/starwards/modules/core/src/client/admin.ts:20:5
          at processTicksAndRejections (node:internal/process/task_queues:95:5)
          at /data/Workspace/helios/starwards/modules/core/src/client/connection-manager.ts:131:21

      at ConnectionManager.onConnectionError (modules/core/src/client/connection-manager.ts:144:21)

    console.log
      connection error: Error: disconnected from server
          at EventEmitter.<anonymous> (/data/Workspace/helios/starwards/modules/core/src/client/driver.ts:53:58)
          at /data/Workspace/helios/starwards/node_modules/colyseus.js/src/core/signal.ts:15:48
          at Array.forEach (<anonymous>)
          at EventEmitter.invoke (/data/Workspace/helios/starwards/node_modules/colyseus.js/src/core/signal.ts:15:19)
          at Function.register.invoke (/data/Workspace/helios/starwards/node_modules/colyseus.js/src/core/signal.ts:57:81)
          at WebSocket.connection.events.onclose (/data/Workspace/helios/starwards/node_modules/colyseus.js/src/Room.ts:89:30)
          at callListener (/data/Workspace/helios/starwards/node_modules/colyseus.js/node_modules/ws/lib/event-target.js:290:14)
          at WebSocket.onClose (/data/Workspace/helios/starwards/node_modules/colyseus.js/node_modules/ws/lib/event-target.js:220:9)
          at WebSocket.emit (node:events:524:28)
          at WebSocket.emitClose (/data/Workspace/helios/starwards/node_modules/colyseus.js/node_modules/ws/lib/websocket.js:272:10)
          at Socket.socketOnClose (/data/Workspace/helios/starwards/node_modules/colyseus.js/node_modules/ws/lib/websocket.js:1341:15)
          at Socket.emit (node:events:524:28)
          at TCP.<anonymous> (node:net:343:12)

      at ConnectionManager.onConnectionError (modules/core/src/client/connection-manager.ts:144:21)
          at Array.forEach (<anonymous>)

    console.log
      connection error: TypeError: Cannot read properties of undefined (reading 'decoder')
          at wireEvents (/data/Workspace/helios/starwards/node_modules/colyseus-events/src/wire-events.ts:30:40)
          at /data/Workspace/helios/starwards/modules/core/src/client/admin.ts:20:5
          at processTicksAndRejections (node:internal/process/task_queues:95:5)
          at /data/Workspace/helios/starwards/modules/core/src/client/connection-manager.ts:131:21

      at ConnectionManager.onConnectionError (modules/core/src/client/connection-manager.ts:144:21)

    console.log
      connection error: Error: disconnected from server
          at EventEmitter.<anonymous> (/data/Workspace/helios/starwards/modules/core/src/client/driver.ts:53:58)
          at /data/Workspace/helios/starwards/node_modules/colyseus.js/src/core/signal.ts:15:48
          at Array.forEach (<anonymous>)
          at EventEmitter.invoke (/data/Workspace/helios/starwards/node_modules/colyseus.js/src/core/signal.ts:15:19)
          at Function.register.invoke (/data/Workspace/helios/starwards/node_modules/colyseus.js/src/core/signal.ts:57:81)
          at WebSocket.connection.events.onclose (/data/Workspace/helios/starwards/node_modules/colyseus.js/src/Room.ts:89:30)
          at callListener (/data/Workspace/helios/starwards/node_modules/colyseus.js/node_modules/ws/lib/event-target.js:290:14)
          at WebSocket.onClose (/data/Workspace/helios/starwards/node_modules/colyseus.js/node_modules/ws/lib/event-target.js:220:9)
          at WebSocket.emit (node:events:524:28)
          at WebSocket.emitClose (/data/Workspace/helios/starwards/node_modules/colyseus.js/node_modules/ws/lib/websocket.js:272:10)
          at Socket.socketOnClose (/data/Workspace/helios/starwards/node_modules/colyseus.js/node_modules/ws/lib/websocket.js:1341:15)
          at Socket.emit (node:events:524:28)
          at TCP.<anonymous> (node:net:343:12)

      at ConnectionManager.onConnectionError (modules/core/src/client/connection-manager.ts:144:21)
          at Array.forEach (<anonymous>)

    console.log
      connection error: TypeError: Cannot read properties of undefined (reading 'decoder')
          at wireEvents (/data/Workspace/helios/starwards/node_modules/colyseus-events/src/wire-events.ts:30:40)
          at /data/Workspace/helios/starwards/modules/core/src/client/admin.ts:20:5
          at processTicksAndRejections (node:internal/process/task_queues:95:5)
          at /data/Workspace/helios/starwards/modules/core/src/client/connection-manager.ts:131:21

      at ConnectionManager.onConnectionError (modules/core/src/client/connection-manager.ts:144:21)

    console.log
      connection error: Error: disconnected from server
          at EventEmitter.<anonymous> (/data/Workspace/helios/starwards/modules/core/src/client/driver.ts:53:58)
          at /data/Workspace/helios/starwards/node_modules/colyseus.js/src/core/signal.ts:15:48
          at Array.forEach (<anonymous>)
          at EventEmitter.invoke (/data/Workspace/helios/starwards/node_modules/colyseus.js/src/core/signal.ts:15:19)
          at Function.register.invoke (/data/Workspace/helios/starwards/node_modules/colyseus.js/src/core/signal.ts:57:81)
          at WebSocket.connection.events.onclose (/data/Workspace/helios/starwards/node_modules/colyseus.js/src/Room.ts:89:30)
          at callListener (/data/Workspace/helios/starwards/node_modules/colyseus.js/node_modules/ws/lib/event-target.js:290:14)
          at WebSocket.onClose (/data/Workspace/helios/starwards/node_modules/colyseus.js/node_modules/ws/lib/event-target.js:220:9)
          at WebSocket.emit (node:events:524:28)
          at WebSocket.emitClose (/data/Workspace/helios/starwards/node_modules/colyseus.js/node_modules/ws/lib/websocket.js:272:10)
          at Socket.socketOnClose (/data/Workspace/helios/starwards/node_modules/colyseus.js/node_modules/ws/lib/websocket.js:1341:15)
          at Socket.emit (node:events:524:28)
          at TCP.<anonymous> (node:net:343:12)

      at ConnectionManager.onConnectionError (modules/core/src/client/connection-manager.ts:144:21)
          at Array.forEach (<anonymous>)

    console.log
      connection error: TypeError: Cannot read properties of undefined (reading 'decoder')
          at wireEvents (/data/Workspace/helios/starwards/node_modules/colyseus-events/src/wire-events.ts:30:40)
          at /data/Workspace/helios/starwards/modules/core/src/client/admin.ts:20:5
          at processTicksAndRejections (node:internal/process/task_queues:95:5)
          at /data/Workspace/helios/starwards/modules/core/src/client/connection-manager.ts:131:21

      at ConnectionManager.onConnectionError (modules/core/src/client/connection-manager.ts:144:21)

    console.log
      connection error: Error: disconnected from server
          at EventEmitter.<anonymous> (/data/Workspace/helios/starwards/modules/core/src/client/driver.ts:53:58)
          at /data/Workspace/helios/starwards/node_modules/colyseus.js/src/core/signal.ts:15:48
          at Array.forEach (<anonymous>)
          at EventEmitter.invoke (/data/Workspace/helios/starwards/node_modules/colyseus.js/src/core/signal.ts:15:19)
          at Function.register.invoke (/data/Workspace/helios/starwards/node_modules/colyseus.js/src/core/signal.ts:57:81)
          at WebSocket.connection.events.onclose (/data/Workspace/helios/starwards/node_modules/colyseus.js/src/Room.ts:89:30)
          at callListener (/data/Workspace/helios/starwards/node_modules/colyseus.js/node_modules/ws/lib/event-target.js:290:14)
          at WebSocket.onClose (/data/Workspace/helios/starwards/node_modules/colyseus.js/node_modules/ws/lib/event-target.js:220:9)
          at WebSocket.emit (node:events:524:28)
          at WebSocket.emitClose (/data/Workspace/helios/starwards/node_modules/colyseus.js/node_modules/ws/lib/websocket.js:272:10)
          at Socket.socketOnClose (/data/Workspace/helios/starwards/node_modules/colyseus.js/node_modules/ws/lib/websocket.js:1341:15)
          at Socket.emit (node:events:524:28)
          at TCP.<anonymous> (node:net:343:12)

      at ConnectionManager.onConnectionError (modules/core/src/client/connection-manager.ts:144:21)
          at Array.forEach (<anonymous>)

    console.log
      connection error: TypeError: Cannot read properties of undefined (reading 'decoder')
          at wireEvents (/data/Workspace/helios/starwards/node_modules/colyseus-events/src/wire-events.ts:30:40)
          at /data/Workspace/helios/starwards/modules/core/src/client/admin.ts:20:5
          at processTicksAndRejections (node:internal/process/task_queues:95:5)
          at /data/Workspace/helios/starwards/modules/core/src/client/connection-manager.ts:131:21

      at ConnectionManager.onConnectionError (modules/core/src/client/connection-manager.ts:144:21)

    console.log
      connection error: Error: disconnected from server
          at EventEmitter.<anonymous> (/data/Workspace/helios/starwards/modules/core/src/client/driver.ts:53:58)
          at /data/Workspace/helios/starwards/node_modules/colyseus.js/src/core/signal.ts:15:48
          at Array.forEach (<anonymous>)
          at EventEmitter.invoke (/data/Workspace/helios/starwards/node_modules/colyseus.js/src/core/signal.ts:15:19)
          at Function.register.invoke (/data/Workspace/helios/starwards/node_modules/colyseus.js/src/core/signal.ts:57:81)
          at WebSocket.connection.events.onclose (/data/Workspace/helios/starwards/node_modules/colyseus.js/src/Room.ts:89:30)
          at callListener (/data/Workspace/helios/starwards/node_modules/colyseus.js/node_modules/ws/lib/event-target.js:290:14)
          at WebSocket.onClose (/data/Workspace/helios/starwards/node_modules/colyseus.js/node_modules/ws/lib/event-target.js:220:9)
          at WebSocket.emit (node:events:524:28)
          at WebSocket.emitClose (/data/Workspace/helios/starwards/node_modules/colyseus.js/node_modules/ws/lib/websocket.js:272:10)
          at Socket.socketOnClose (/data/Workspace/helios/starwards/node_modules/colyseus.js/node_modules/ws/lib/websocket.js:1341:15)
          at Socket.emit (node:events:524:28)
          at TCP.<anonymous> (node:net:343:12)

      at ConnectionManager.onConnectionError (modules/core/src/client/connection-manager.ts:144:21)
          at Array.forEach (<anonymous>)

    console.log
      connection error: TypeError: Cannot read properties of undefined (reading 'decoder')
          at wireEvents (/data/Workspace/helios/starwards/node_modules/colyseus-events/src/wire-events.ts:30:40)
          at /data/Workspace/helios/starwards/modules/core/src/client/admin.ts:20:5
          at processTicksAndRejections (node:internal/process/task_queues:95:5)
          at /data/Workspace/helios/starwards/modules/core/src/client/connection-manager.ts:131:21

      at ConnectionManager.onConnectionError (modules/core/src/client/connection-manager.ts:144:21)

    console.log
      connection error: Error: disconnected from server
          at EventEmitter.<anonymous> (/data/Workspace/helios/starwards/modules/core/src/client/driver.ts:53:58)
          at /data/Workspace/helios/starwards/node_modules/colyseus.js/src/core/signal.ts:15:48
          at Array.forEach (<anonymous>)
          at EventEmitter.invoke (/data/Workspace/helios/starwards/node_modules/colyseus.js/src/core/signal.ts:15:19)
          at Function.register.invoke (/data/Workspace/helios/starwards/node_modules/colyseus.js/src/core/signal.ts:57:81)
          at WebSocket.connection.events.onclose (/data/Workspace/helios/starwards/node_modules/colyseus.js/src/Room.ts:89:30)
          at callListener (/data/Workspace/helios/starwards/node_modules/colyseus.js/node_modules/ws/lib/event-target.js:290:14)
          at WebSocket.onClose (/data/Workspace/helios/starwards/node_modules/colyseus.js/node_modules/ws/lib/event-target.js:220:9)
          at WebSocket.emit (node:events:524:28)
          at WebSocket.emitClose (/data/Workspace/helios/starwards/node_modules/colyseus.js/node_modules/ws/lib/websocket.js:272:10)
          at Socket.socketOnClose (/data/Workspace/helios/starwards/node_modules/colyseus.js/node_modules/ws/lib/websocket.js:1341:15)
          at Socket.emit (node:events:524:28)
          at TCP.<anonymous> (node:net:343:12)

      at ConnectionManager.onConnectionError (modules/core/src/client/connection-manager.ts:144:21)
          at Array.forEach (<anonymous>)

    console.log
      connection error: TypeError: Cannot read properties of undefined (reading 'decoder')
          at wireEvents (/data/Workspace/helios/starwards/node_modules/colyseus-events/src/wire-events.ts:30:40)
          at /data/Workspace/helios/starwards/modules/core/src/client/admin.ts:20:5
          at processTicksAndRejections (node:internal/process/task_queues:95:5)
          at /data/Workspace/helios/starwards/modules/core/src/client/connection-manager.ts:131:21

      at ConnectionManager.onConnectionError (modules/core/src/client/connection-manager.ts:144:21)

    console.log
      connection error: Error: disconnected from server
          at EventEmitter.<anonymous> (/data/Workspace/helios/starwards/modules/core/src/client/driver.ts:53:58)
          at /data/Workspace/helios/starwards/node_modules/colyseus.js/src/core/signal.ts:15:48
          at Array.forEach (<anonymous>)
          at EventEmitter.invoke (/data/Workspace/helios/starwards/node_modules/colyseus.js/src/core/signal.ts:15:19)
          at Function.register.invoke (/data/Workspace/helios/starwards/node_modules/colyseus.js/src/core/signal.ts:57:81)
          at WebSocket.connection.events.onclose (/data/Workspace/helios/starwards/node_modules/colyseus.js/src/Room.ts:89:30)
          at callListener (/data/Workspace/helios/starwards/node_modules/colyseus.js/node_modules/ws/lib/event-target.js:290:14)
          at WebSocket.onClose (/data/Workspace/helios/starwards/node_modules/colyseus.js/node_modules/ws/lib/event-target.js:220:9)
          at WebSocket.emit (node:events:524:28)
          at WebSocket.emitClose (/data/Workspace/helios/starwards/node_modules/colyseus.js/node_modules/ws/lib/websocket.js:272:10)
          at Socket.socketOnClose (/data/Workspace/helios/starwards/node_modules/colyseus.js/node_modules/ws/lib/websocket.js:1341:15)
          at Socket.emit (node:events:524:28)
          at TCP.<anonymous> (node:net:343:12)

      at ConnectionManager.onConnectionError (modules/core/src/client/connection-manager.ts:144:21)
          at Array.forEach (<anonymous>)

    console.log
      connection error: TypeError: Cannot read properties of undefined (reading 'decoder')
          at wireEvents (/data/Workspace/helios/starwards/node_modules/colyseus-events/src/wire-events.ts:30:40)
          at /data/Workspace/helios/starwards/modules/core/src/client/admin.ts:20:5
          at processTicksAndRejections (node:internal/process/task_queues:95:5)
          at /data/Workspace/helios/starwards/modules/core/src/client/connection-manager.ts:131:21

      at ConnectionManager.onConnectionError (modules/core/src/client/connection-manager.ts:144:21)

    console.log
      connection error: Error: disconnected from server
          at EventEmitter.<anonymous> (/data/Workspace/helios/starwards/modules/core/src/client/driver.ts:53:58)
          at /data/Workspace/helios/starwards/node_modules/colyseus.js/src/core/signal.ts:15:48
          at Array.forEach (<anonymous>)
          at EventEmitter.invoke (/data/Workspace/helios/starwards/node_modules/colyseus.js/src/core/signal.ts:15:19)
          at Function.register.invoke (/data/Workspace/helios/starwards/node_modules/colyseus.js/src/core/signal.ts:57:81)
          at WebSocket.connection.events.onclose (/data/Workspace/helios/starwards/node_modules/colyseus.js/src/Room.ts:89:30)
          at callListener (/data/Workspace/helios/starwards/node_modules/colyseus.js/node_modules/ws/lib/event-target.js:290:14)
          at WebSocket.onClose (/data/Workspace/helios/starwards/node_modules/colyseus.js/node_modules/ws/lib/event-target.js:220:9)
          at WebSocket.emit (node:events:524:28)
          at WebSocket.emitClose (/data/Workspace/helios/starwards/node_modules/colyseus.js/node_modules/ws/lib/websocket.js:272:10)
          at Socket.socketOnClose (/data/Workspace/helios/starwards/node_modules/colyseus.js/node_modules/ws/lib/websocket.js:1341:15)
          at Socket.emit (node:events:524:28)
          at TCP.<anonymous> (node:net:343:12)

      at ConnectionManager.onConnectionError (modules/core/src/client/connection-manager.ts:144:21)
          at Array.forEach (<anonymous>)

    console.log
      connection error: TypeError: Cannot read properties of undefined (reading 'decoder')
          at wireEvents (/data/Workspace/helios/starwards/node_modules/colyseus-events/src/wire-events.ts:30:40)
          at /data/Workspace/helios/starwards/modules/core/src/client/admin.ts:20:5
          at processTicksAndRejections (node:internal/process/task_queues:95:5)
          at /data/Workspace/helios/starwards/modules/core/src/client/connection-manager.ts:131:21

      at ConnectionManager.onConnectionError (modules/core/src/client/connection-manager.ts:144:21)

    console.log
      connection error: Error: disconnected from server
          at EventEmitter.<anonymous> (/data/Workspace/helios/starwards/modules/core/src/client/driver.ts:53:58)
          at /data/Workspace/helios/starwards/node_modules/colyseus.js/src/core/signal.ts:15:48
          at Array.forEach (<anonymous>)
          at EventEmitter.invoke (/data/Workspace/helios/starwards/node_modules/colyseus.js/src/core/signal.ts:15:19)
          at Function.register.invoke (/data/Workspace/helios/starwards/node_modules/colyseus.js/src/core/signal.ts:57:81)
          at WebSocket.connection.events.onclose (/data/Workspace/helios/starwards/node_modules/colyseus.js/src/Room.ts:89:30)
          at callListener (/data/Workspace/helios/starwards/node_modules/colyseus.js/node_modules/ws/lib/event-target.js:290:14)
          at WebSocket.onClose (/data/Workspace/helios/starwards/node_modules/colyseus.js/node_modules/ws/lib/event-target.js:220:9)
          at WebSocket.emit (node:events:524:28)
          at WebSocket.emitClose (/data/Workspace/helios/starwards/node_modules/colyseus.js/node_modules/ws/lib/websocket.js:272:10)
          at Socket.socketOnClose (/data/Workspace/helios/starwards/node_modules/colyseus.js/node_modules/ws/lib/websocket.js:1341:15)
          at Socket.emit (node:events:524:28)
          at TCP.<anonymous> (node:net:343:12)

      at ConnectionManager.onConnectionError (modules/core/src/client/connection-manager.ts:144:21)
          at Array.forEach (<anonymous>)

    console.log
      connection error: TypeError: Cannot read properties of undefined (reading 'decoder')
          at wireEvents (/data/Workspace/helios/starwards/node_modules/colyseus-events/src/wire-events.ts:30:40)
          at /data/Workspace/helios/starwards/modules/core/src/client/admin.ts:20:5
          at processTicksAndRejections (node:internal/process/task_queues:95:5)
          at /data/Workspace/helios/starwards/modules/core/src/client/connection-manager.ts:131:21

      at ConnectionManager.onConnectionError (modules/core/src/client/connection-manager.ts:144:21)

    console.log
      connection error: Error: disconnected from server
          at EventEmitter.<anonymous> (/data/Workspace/helios/starwards/modules/core/src/client/driver.ts:53:58)
          at /data/Workspace/helios/starwards/node_modules/colyseus.js/src/core/signal.ts:15:48
          at Array.forEach (<anonymous>)
          at EventEmitter.invoke (/data/Workspace/helios/starwards/node_modules/colyseus.js/src/core/signal.ts:15:19)
          at Function.register.invoke (/data/Workspace/helios/starwards/node_modules/colyseus.js/src/core/signal.ts:57:81)
          at WebSocket.connection.events.onclose (/data/Workspace/helios/starwards/node_modules/colyseus.js/src/Room.ts:89:30)
          at callListener (/data/Workspace/helios/starwards/node_modules/colyseus.js/node_modules/ws/lib/event-target.js:290:14)
          at WebSocket.onClose (/data/Workspace/helios/starwards/node_modules/colyseus.js/node_modules/ws/lib/event-target.js:220:9)
          at WebSocket.emit (node:events:524:28)
          at WebSocket.emitClose (/data/Workspace/helios/starwards/node_modules/colyseus.js/node_modules/ws/lib/websocket.js:272:10)
          at Socket.socketOnClose (/data/Workspace/helios/starwards/node_modules/colyseus.js/node_modules/ws/lib/websocket.js:1341:15)
          at Socket.emit (node:events:524:28)
          at TCP.<anonymous> (node:net:343:12)

      at ConnectionManager.onConnectionError (modules/core/src/client/connection-manager.ts:144:21)
          at Array.forEach (<anonymous>)

    console.log
      connection error: TypeError: Cannot read properties of undefined (reading 'decoder')
          at wireEvents (/data/Workspace/helios/starwards/node_modules/colyseus-events/src/wire-events.ts:30:40)
          at /data/Workspace/helios/starwards/modules/core/src/client/admin.ts:20:5
          at processTicksAndRejections (node:internal/process/task_queues:95:5)
          at /data/Workspace/helios/starwards/modules/core/src/client/connection-manager.ts:131:21

      at ConnectionManager.onConnectionError (modules/core/src/client/connection-manager.ts:144:21)

    console.log
      connection error: Error: disconnected from server
          at EventEmitter.<anonymous> (/data/Workspace/helios/starwards/modules/core/src/client/driver.ts:53:58)
          at /data/Workspace/helios/starwards/node_modules/colyseus.js/src/core/signal.ts:15:48
          at Array.forEach (<anonymous>)
          at EventEmitter.invoke (/data/Workspace/helios/starwards/node_modules/colyseus.js/src/core/signal.ts:15:19)
          at Function.register.invoke (/data/Workspace/helios/starwards/node_modules/colyseus.js/src/core/signal.ts:57:81)
          at WebSocket.connection.events.onclose (/data/Workspace/helios/starwards/node_modules/colyseus.js/src/Room.ts:89:30)
          at callListener (/data/Workspace/helios/starwards/node_modules/colyseus.js/node_modules/ws/lib/event-target.js:290:14)
          at WebSocket.onClose (/data/Workspace/helios/starwards/node_modules/colyseus.js/node_modules/ws/lib/event-target.js:220:9)
          at WebSocket.emit (node:events:524:28)
          at WebSocket.emitClose (/data/Workspace/helios/starwards/node_modules/colyseus.js/node_modules/ws/lib/websocket.js:272:10)
          at Socket.socketOnClose (/data/Workspace/helios/starwards/node_modules/colyseus.js/node_modules/ws/lib/websocket.js:1341:15)
          at Socket.emit (node:events:524:28)
          at TCP.<anonymous> (node:net:343:12)

      at ConnectionManager.onConnectionError (modules/core/src/client/connection-manager.ts:144:21)
          at Array.forEach (<anonymous>)

    console.log
      connection error: TypeError: Cannot read properties of undefined (reading 'decoder')
          at wireEvents (/data/Workspace/helios/starwards/node_modules/colyseus-events/src/wire-events.ts:30:40)
          at /data/Workspace/helios/starwards/modules/core/src/client/admin.ts:20:5
          at processTicksAndRejections (node:internal/process/task_queues:95:5)
          at /data/Workspace/helios/starwards/modules/core/src/client/connection-manager.ts:131:21

      at ConnectionManager.onConnectionError (modules/core/src/client/connection-manager.ts:144:21)

    console.log
      connection error: Error: disconnected from server
          at EventEmitter.<anonymous> (/data/Workspace/helios/starwards/modules/core/src/client/driver.ts:53:58)
          at /data/Workspace/helios/starwards/node_modules/colyseus.js/src/core/signal.ts:15:48
          at Array.forEach (<anonymous>)
          at EventEmitter.invoke (/data/Workspace/helios/starwards/node_modules/colyseus.js/src/core/signal.ts:15:19)
          at Function.register.invoke (/data/Workspace/helios/starwards/node_modules/colyseus.js/src/core/signal.ts:57:81)
          at WebSocket.connection.events.onclose (/data/Workspace/helios/starwards/node_modules/colyseus.js/src/Room.ts:89:30)
          at callListener (/data/Workspace/helios/starwards/node_modules/colyseus.js/node_modules/ws/lib/event-target.js:290:14)
          at WebSocket.onClose (/data/Workspace/helios/starwards/node_modules/colyseus.js/node_modules/ws/lib/event-target.js:220:9)
          at WebSocket.emit (node:events:524:28)
          at WebSocket.emitClose (/data/Workspace/helios/starwards/node_modules/colyseus.js/node_modules/ws/lib/websocket.js:272:10)
          at Socket.socketOnClose (/data/Workspace/helios/starwards/node_modules/colyseus.js/node_modules/ws/lib/websocket.js:1341:15)
          at Socket.emit (node:events:524:28)
          at TCP.<anonymous> (node:net:343:12)

      at ConnectionManager.onConnectionError (modules/core/src/client/connection-manager.ts:144:21)
          at Array.forEach (<anonymous>)

    console.log
      connection error: TypeError: Cannot read properties of undefined (reading 'decoder')
          at wireEvents (/data/Workspace/helios/starwards/node_modules/colyseus-events/src/wire-events.ts:30:40)
          at /data/Workspace/helios/starwards/modules/core/src/client/admin.ts:20:5
          at processTicksAndRejections (node:internal/process/task_queues:95:5)
          at /data/Workspace/helios/starwards/modules/core/src/client/connection-manager.ts:131:21

      at ConnectionManager.onConnectionError (modules/core/src/client/connection-manager.ts:144:21)

    console.log
      connection error: Error: disconnected from server
          at EventEmitter.<anonymous> (/data/Workspace/helios/starwards/modules/core/src/client/driver.ts:53:58)
          at /data/Workspace/helios/starwards/node_modules/colyseus.js/src/core/signal.ts:15:48
          at Array.forEach (<anonymous>)
          at EventEmitter.invoke (/data/Workspace/helios/starwards/node_modules/colyseus.js/src/core/signal.ts:15:19)
          at Function.register.invoke (/data/Workspace/helios/starwards/node_modules/colyseus.js/src/core/signal.ts:57:81)
          at WebSocket.connection.events.onclose (/data/Workspace/helios/starwards/node_modules/colyseus.js/src/Room.ts:89:30)
          at callListener (/data/Workspace/helios/starwards/node_modules/colyseus.js/node_modules/ws/lib/event-target.js:290:14)
          at WebSocket.onClose (/data/Workspace/helios/starwards/node_modules/colyseus.js/node_modules/ws/lib/event-target.js:220:9)
          at WebSocket.emit (node:events:524:28)
          at WebSocket.emitClose (/data/Workspace/helios/starwards/node_modules/colyseus.js/node_modules/ws/lib/websocket.js:272:10)
          at Socket.socketOnClose (/data/Workspace/helios/starwards/node_modules/colyseus.js/node_modules/ws/lib/websocket.js:1341:15)
          at Socket.emit (node:events:524:28)
          at TCP.<anonymous> (node:net:343:12)

      at ConnectionManager.onConnectionError (modules/core/src/client/connection-manager.ts:144:21)
          at Array.forEach (<anonymous>)

    console.log
      connection error: TypeError: Cannot read properties of undefined (reading 'decoder')
          at wireEvents (/data/Workspace/helios/starwards/node_modules/colyseus-events/src/wire-events.ts:30:40)
          at /data/Workspace/helios/starwards/modules/core/src/client/admin.ts:20:5
          at processTicksAndRejections (node:internal/process/task_queues:95:5)
          at /data/Workspace/helios/starwards/modules/core/src/client/connection-manager.ts:131:21

      at ConnectionManager.onConnectionError (modules/core/src/client/connection-manager.ts:144:21)

    console.log
      connection error: Error: disconnected from server
          at EventEmitter.<anonymous> (/data/Workspace/helios/starwards/modules/core/src/client/driver.ts:53:58)
          at /data/Workspace/helios/starwards/node_modules/colyseus.js/src/core/signal.ts:15:48
          at Array.forEach (<anonymous>)
          at EventEmitter.invoke (/data/Workspace/helios/starwards/node_modules/colyseus.js/src/core/signal.ts:15:19)
          at Function.register.invoke (/data/Workspace/helios/starwards/node_modules/colyseus.js/src/core/signal.ts:57:81)
          at WebSocket.connection.events.onclose (/data/Workspace/helios/starwards/node_modules/colyseus.js/src/Room.ts:89:30)
          at callListener (/data/Workspace/helios/starwards/node_modules/colyseus.js/node_modules/ws/lib/event-target.js:290:14)
          at WebSocket.onClose (/data/Workspace/helios/starwards/node_modules/colyseus.js/node_modules/ws/lib/event-target.js:220:9)
          at WebSocket.emit (node:events:524:28)
          at WebSocket.emitClose (/data/Workspace/helios/starwards/node_modules/colyseus.js/node_modules/ws/lib/websocket.js:272:10)
          at Socket.socketOnClose (/data/Workspace/helios/starwards/node_modules/colyseus.js/node_modules/ws/lib/websocket.js:1341:15)
          at Socket.emit (node:events:524:28)
          at TCP.<anonymous> (node:net:343:12)

      at ConnectionManager.onConnectionError (modules/core/src/client/connection-manager.ts:144:21)
          at Array.forEach (<anonymous>)

    console.log
      connection error: TypeError: Cannot read properties of undefined (reading 'decoder')
          at wireEvents (/data/Workspace/helios/starwards/node_modules/colyseus-events/src/wire-events.ts:30:40)
          at /data/Workspace/helios/starwards/modules/core/src/client/admin.ts:20:5
          at processTicksAndRejections (node:internal/process/task_queues:95:5)
          at /data/Workspace/helios/starwards/modules/core/src/client/connection-manager.ts:131:21

      at ConnectionManager.onConnectionError (modules/core/src/client/connection-manager.ts:144:21)

    console.log
      connection error: Error: disconnected from server
          at EventEmitter.<anonymous> (/data/Workspace/helios/starwards/modules/core/src/client/driver.ts:53:58)
          at /data/Workspace/helios/starwards/node_modules/colyseus.js/src/core/signal.ts:15:48
          at Array.forEach (<anonymous>)
          at EventEmitter.invoke (/data/Workspace/helios/starwards/node_modules/colyseus.js/src/core/signal.ts:15:19)
          at Function.register.invoke (/data/Workspace/helios/starwards/node_modules/colyseus.js/src/core/signal.ts:57:81)
          at WebSocket.connection.events.onclose (/data/Workspace/helios/starwards/node_modules/colyseus.js/src/Room.ts:89:30)
          at callListener (/data/Workspace/helios/starwards/node_modules/colyseus.js/node_modules/ws/lib/event-target.js:290:14)
          at WebSocket.onClose (/data/Workspace/helios/starwards/node_modules/colyseus.js/node_modules/ws/lib/event-target.js:220:9)
          at WebSocket.emit (node:events:524:28)
          at WebSocket.emitClose (/data/Workspace/helios/starwards/node_modules/colyseus.js/node_modules/ws/lib/websocket.js:272:10)
          at Socket.socketOnClose (/data/Workspace/helios/starwards/node_modules/colyseus.js/node_modules/ws/lib/websocket.js:1341:15)
          at Socket.emit (node:events:524:28)
          at TCP.<anonymous> (node:net:343:12)

      at ConnectionManager.onConnectionError (modules/core/src/client/connection-manager.ts:144:21)
          at Array.forEach (<anonymous>)

    console.log
      connection error: TypeError: Cannot read properties of undefined (reading 'decoder')
          at wireEvents (/data/Workspace/helios/starwards/node_modules/colyseus-events/src/wire-events.ts:30:40)
          at /data/Workspace/helios/starwards/modules/core/src/client/admin.ts:20:5
          at processTicksAndRejections (node:internal/process/task_queues:95:5)
          at /data/Workspace/helios/starwards/modules/core/src/client/connection-manager.ts:131:21

      at ConnectionManager.onConnectionError (modules/core/src/client/connection-manager.ts:144:21)

    console.log
      connection error: Error: disconnected from server
          at EventEmitter.<anonymous> (/data/Workspace/helios/starwards/modules/core/src/client/driver.ts:53:58)
          at /data/Workspace/helios/starwards/node_modules/colyseus.js/src/core/signal.ts:15:48
          at Array.forEach (<anonymous>)
          at EventEmitter.invoke (/data/Workspace/helios/starwards/node_modules/colyseus.js/src/core/signal.ts:15:19)
          at Function.register.invoke (/data/Workspace/helios/starwards/node_modules/colyseus.js/src/core/signal.ts:57:81)
          at WebSocket.connection.events.onclose (/data/Workspace/helios/starwards/node_modules/colyseus.js/src/Room.ts:89:30)
          at callListener (/data/Workspace/helios/starwards/node_modules/colyseus.js/node_modules/ws/lib/event-target.js:290:14)
          at WebSocket.onClose (/data/Workspace/helios/starwards/node_modules/colyseus.js/node_modules/ws/lib/event-target.js:220:9)
          at WebSocket.emit (node:events:524:28)
          at WebSocket.emitClose (/data/Workspace/helios/starwards/node_modules/colyseus.js/node_modules/ws/lib/websocket.js:272:10)
          at Socket.socketOnClose (/data/Workspace/helios/starwards/node_modules/colyseus.js/node_modules/ws/lib/websocket.js:1341:15)
          at Socket.emit (node:events:524:28)
          at TCP.<anonymous> (node:net:343:12)

      at ConnectionManager.onConnectionError (modules/core/src/client/connection-manager.ts:144:21)
          at Array.forEach (<anonymous>)

    console.log
      connection error: TypeError: Cannot read properties of undefined (reading 'decoder')
          at wireEvents (/data/Workspace/helios/starwards/node_modules/colyseus-events/src/wire-events.ts:30:40)
          at /data/Workspace/helios/starwards/modules/core/src/client/admin.ts:20:5
          at processTicksAndRejections (node:internal/process/task_queues:95:5)
          at /data/Workspace/helios/starwards/modules/core/src/client/connection-manager.ts:131:21

      at ConnectionManager.onConnectionError (modules/core/src/client/connection-manager.ts:144:21)

    console.log
      connection error: Error: disconnected from server
          at EventEmitter.<anonymous> (/data/Workspace/helios/starwards/modules/core/src/client/driver.ts:53:58)
          at /data/Workspace/helios/starwards/node_modules/colyseus.js/src/core/signal.ts:15:48
          at Array.forEach (<anonymous>)
          at EventEmitter.invoke (/data/Workspace/helios/starwards/node_modules/colyseus.js/src/core/signal.ts:15:19)
          at Function.register.invoke (/data/Workspace/helios/starwards/node_modules/colyseus.js/src/core/signal.ts:57:81)
          at WebSocket.connection.events.onclose (/data/Workspace/helios/starwards/node_modules/colyseus.js/src/Room.ts:89:30)
          at callListener (/data/Workspace/helios/starwards/node_modules/colyseus.js/node_modules/ws/lib/event-target.js:290:14)
          at WebSocket.onClose (/data/Workspace/helios/starwards/node_modules/colyseus.js/node_modules/ws/lib/event-target.js:220:9)
          at WebSocket.emit (node:events:524:28)
          at WebSocket.emitClose (/data/Workspace/helios/starwards/node_modules/colyseus.js/node_modules/ws/lib/websocket.js:272:10)
          at Socket.socketOnClose (/data/Workspace/helios/starwards/node_modules/colyseus.js/node_modules/ws/lib/websocket.js:1341:15)
          at Socket.emit (node:events:524:28)
          at TCP.<anonymous> (node:net:343:12)

      at ConnectionManager.onConnectionError (modules/core/src/client/connection-manager.ts:144:21)
          at Array.forEach (<anonymous>)

    console.log
      connection error: TypeError: Cannot read properties of undefined (reading 'decoder')
          at wireEvents (/data/Workspace/helios/starwards/node_modules/colyseus-events/src/wire-events.ts:30:40)
          at /data/Workspace/helios/starwards/modules/core/src/client/admin.ts:20:5
          at processTicksAndRejections (node:internal/process/task_queues:95:5)
          at /data/Workspace/helios/starwards/modules/core/src/client/connection-manager.ts:131:21

      at ConnectionManager.onConnectionError (modules/core/src/client/connection-manager.ts:144:21)

    console.log
      connection error: Error: disconnected from server
          at EventEmitter.<anonymous> (/data/Workspace/helios/starwards/modules/core/src/client/driver.ts:53:58)
          at /data/Workspace/helios/starwards/node_modules/colyseus.js/src/core/signal.ts:15:48
          at Array.forEach (<anonymous>)
          at EventEmitter.invoke (/data/Workspace/helios/starwards/node_modules/colyseus.js/src/core/signal.ts:15:19)
          at Function.register.invoke (/data/Workspace/helios/starwards/node_modules/colyseus.js/src/core/signal.ts:57:81)
          at WebSocket.connection.events.onclose (/data/Workspace/helios/starwards/node_modules/colyseus.js/src/Room.ts:89:30)
          at callListener (/data/Workspace/helios/starwards/node_modules/colyseus.js/node_modules/ws/lib/event-target.js:290:14)
          at WebSocket.onClose (/data/Workspace/helios/starwards/node_modules/colyseus.js/node_modules/ws/lib/event-target.js:220:9)
          at WebSocket.emit (node:events:524:28)
          at WebSocket.emitClose (/data/Workspace/helios/starwards/node_modules/colyseus.js/node_modules/ws/lib/websocket.js:272:10)
          at Socket.socketOnClose (/data/Workspace/helios/starwards/node_modules/colyseus.js/node_modules/ws/lib/websocket.js:1341:15)
          at Socket.emit (node:events:524:28)
          at TCP.<anonymous> (node:net:343:12)

      at ConnectionManager.onConnectionError (modules/core/src/client/connection-manager.ts:144:21)
          at Array.forEach (<anonymous>)

    console.log
      connection error: TypeError: Cannot read properties of undefined (reading 'decoder')
          at wireEvents (/data/Workspace/helios/starwards/node_modules/colyseus-events/src/wire-events.ts:30:40)
          at /data/Workspace/helios/starwards/modules/core/src/client/admin.ts:20:5
          at processTicksAndRejections (node:internal/process/task_queues:95:5)
          at /data/Workspace/helios/starwards/modules/core/src/client/connection-manager.ts:131:21

      at ConnectionManager.onConnectionError (modules/core/src/client/connection-manager.ts:144:21)

    console.log
      connection error: Error: disconnected from server
          at EventEmitter.<anonymous> (/data/Workspace/helios/starwards/modules/core/src/client/driver.ts:53:58)
          at /data/Workspace/helios/starwards/node_modules/colyseus.js/src/core/signal.ts:15:48
          at Array.forEach (<anonymous>)
          at EventEmitter.invoke (/data/Workspace/helios/starwards/node_modules/colyseus.js/src/core/signal.ts:15:19)
          at Function.register.invoke (/data/Workspace/helios/starwards/node_modules/colyseus.js/src/core/signal.ts:57:81)
          at WebSocket.connection.events.onclose (/data/Workspace/helios/starwards/node_modules/colyseus.js/src/Room.ts:89:30)
          at callListener (/data/Workspace/helios/starwards/node_modules/colyseus.js/node_modules/ws/lib/event-target.js:290:14)
          at WebSocket.onClose (/data/Workspace/helios/starwards/node_modules/colyseus.js/node_modules/ws/lib/event-target.js:220:9)
          at WebSocket.emit (node:events:524:28)
          at WebSocket.emitClose (/data/Workspace/helios/starwards/node_modules/colyseus.js/node_modules/ws/lib/websocket.js:272:10)
          at Socket.socketOnClose (/data/Workspace/helios/starwards/node_modules/colyseus.js/node_modules/ws/lib/websocket.js:1341:15)
          at Socket.emit (node:events:524:28)
          at TCP.<anonymous> (node:net:343:12)

      at ConnectionManager.onConnectionError (modules/core/src/client/connection-manager.ts:144:21)
          at Array.forEach (<anonymous>)

    console.log
      connection error: TypeError: Cannot read properties of undefined (reading 'decoder')
          at wireEvents (/data/Workspace/helios/starwards/node_modules/colyseus-events/src/wire-events.ts:30:40)
          at /data/Workspace/helios/starwards/modules/core/src/client/admin.ts:20:5
          at processTicksAndRejections (node:internal/process/task_queues:95:5)
          at /data/Workspace/helios/starwards/modules/core/src/client/connection-manager.ts:131:21

      at ConnectionManager.onConnectionError (modules/core/src/client/connection-manager.ts:144:21)

    console.log
      connection error: Error: disconnected from server
          at EventEmitter.<anonymous> (/data/Workspace/helios/starwards/modules/core/src/client/driver.ts:53:58)
          at /data/Workspace/helios/starwards/node_modules/colyseus.js/src/core/signal.ts:15:48
          at Array.forEach (<anonymous>)
          at EventEmitter.invoke (/data/Workspace/helios/starwards/node_modules/colyseus.js/src/core/signal.ts:15:19)
          at Function.register.invoke (/data/Workspace/helios/starwards/node_modules/colyseus.js/src/core/signal.ts:57:81)
          at WebSocket.connection.events.onclose (/data/Workspace/helios/starwards/node_modules/colyseus.js/src/Room.ts:89:30)
          at callListener (/data/Workspace/helios/starwards/node_modules/colyseus.js/node_modules/ws/lib/event-target.js:290:14)
          at WebSocket.onClose (/data/Workspace/helios/starwards/node_modules/colyseus.js/node_modules/ws/lib/event-target.js:220:9)
          at WebSocket.emit (node:events:524:28)
          at WebSocket.emitClose (/data/Workspace/helios/starwards/node_modules/colyseus.js/node_modules/ws/lib/websocket.js:272:10)
          at Socket.socketOnClose (/data/Workspace/helios/starwards/node_modules/colyseus.js/node_modules/ws/lib/websocket.js:1341:15)
          at Socket.emit (node:events:524:28)
          at TCP.<anonymous> (node:net:343:12)

      at ConnectionManager.onConnectionError (modules/core/src/client/connection-manager.ts:144:21)
          at Array.forEach (<anonymous>)

    console.log
      connection error: TypeError: Cannot read properties of undefined (reading 'decoder')
          at wireEvents (/data/Workspace/helios/starwards/node_modules/colyseus-events/src/wire-events.ts:30:40)
          at /data/Workspace/helios/starwards/modules/core/src/client/admin.ts:20:5
          at processTicksAndRejections (node:internal/process/task_queues:95:5)
          at /data/Workspace/helios/starwards/modules/core/src/client/connection-manager.ts:131:21

      at ConnectionManager.onConnectionError (modules/core/src/client/connection-manager.ts:144:21)

    console.log
      connection error: Error: disconnected from server
          at EventEmitter.<anonymous> (/data/Workspace/helios/starwards/modules/core/src/client/driver.ts:53:58)
          at /data/Workspace/helios/starwards/node_modules/colyseus.js/src/core/signal.ts:15:48
          at Array.forEach (<anonymous>)
          at EventEmitter.invoke (/data/Workspace/helios/starwards/node_modules/colyseus.js/src/core/signal.ts:15:19)
          at Function.register.invoke (/data/Workspace/helios/starwards/node_modules/colyseus.js/src/core/signal.ts:57:81)
          at WebSocket.connection.events.onclose (/data/Workspace/helios/starwards/node_modules/colyseus.js/src/Room.ts:89:30)
          at callListener (/data/Workspace/helios/starwards/node_modules/colyseus.js/node_modules/ws/lib/event-target.js:290:14)
          at WebSocket.onClose (/data/Workspace/helios/starwards/node_modules/colyseus.js/node_modules/ws/lib/event-target.js:220:9)
          at WebSocket.emit (node:events:524:28)
          at WebSocket.emitClose (/data/Workspace/helios/starwards/node_modules/colyseus.js/node_modules/ws/lib/websocket.js:272:10)
          at Socket.socketOnClose (/data/Workspace/helios/starwards/node_modules/colyseus.js/node_modules/ws/lib/websocket.js:1341:15)
          at Socket.emit (node:events:524:28)
          at TCP.<anonymous> (node:net:343:12)

      at ConnectionManager.onConnectionError (modules/core/src/client/connection-manager.ts:144:21)
          at Array.forEach (<anonymous>)

    console.log
      connection error: TypeError: Cannot read properties of undefined (reading 'decoder')
          at wireEvents (/data/Workspace/helios/starwards/node_modules/colyseus-events/src/wire-events.ts:30:40)
          at /data/Workspace/helios/starwards/modules/core/src/client/admin.ts:20:5
          at processTicksAndRejections (node:internal/process/task_queues:95:5)
          at /data/Workspace/helios/starwards/modules/core/src/client/connection-manager.ts:131:21

      at ConnectionManager.onConnectionError (modules/core/src/client/connection-manager.ts:144:21)

    console.log
      connection error: Error: disconnected from server
          at EventEmitter.<anonymous> (/data/Workspace/helios/starwards/modules/core/src/client/driver.ts:53:58)
          at /data/Workspace/helios/starwards/node_modules/colyseus.js/src/core/signal.ts:15:48
          at Array.forEach (<anonymous>)
          at EventEmitter.invoke (/data/Workspace/helios/starwards/node_modules/colyseus.js/src/core/signal.ts:15:19)
          at Function.register.invoke (/data/Workspace/helios/starwards/node_modules/colyseus.js/src/core/signal.ts:57:81)
          at WebSocket.connection.events.onclose (/data/Workspace/helios/starwards/node_modules/colyseus.js/src/Room.ts:89:30)
          at callListener (/data/Workspace/helios/starwards/node_modules/colyseus.js/node_modules/ws/lib/event-target.js:290:14)
          at WebSocket.onClose (/data/Workspace/helios/starwards/node_modules/colyseus.js/node_modules/ws/lib/event-target.js:220:9)
          at WebSocket.emit (node:events:524:28)
          at WebSocket.emitClose (/data/Workspace/helios/starwards/node_modules/colyseus.js/node_modules/ws/lib/websocket.js:272:10)
          at Socket.socketOnClose (/data/Workspace/helios/starwards/node_modules/colyseus.js/node_modules/ws/lib/websocket.js:1341:15)
          at Socket.emit (node:events:524:28)
          at TCP.<anonymous> (node:net:343:12)

      at ConnectionManager.onConnectionError (modules/core/src/client/connection-manager.ts:144:21)
          at Array.forEach (<anonymous>)

    console.log
      connection error: TypeError: Cannot read properties of undefined (reading 'decoder')
          at wireEvents (/data/Workspace/helios/starwards/node_modules/colyseus-events/src/wire-events.ts:30:40)
          at /data/Workspace/helios/starwards/modules/core/src/client/admin.ts:20:5
          at processTicksAndRejections (node:internal/process/task_queues:95:5)
          at /data/Workspace/helios/starwards/modules/core/src/client/connection-manager.ts:131:21

      at ConnectionManager.onConnectionError (modules/core/src/client/connection-manager.ts:144:21)

    console.log
      connection error: Error: disconnected from server
          at EventEmitter.<anonymous> (/data/Workspace/helios/starwards/modules/core/src/client/driver.ts:53:58)
          at /data/Workspace/helios/starwards/node_modules/colyseus.js/src/core/signal.ts:15:48
          at Array.forEach (<anonymous>)
          at EventEmitter.invoke (/data/Workspace/helios/starwards/node_modules/colyseus.js/src/core/signal.ts:15:19)
          at Function.register.invoke (/data/Workspace/helios/starwards/node_modules/colyseus.js/src/core/signal.ts:57:81)
          at WebSocket.connection.events.onclose (/data/Workspace/helios/starwards/node_modules/colyseus.js/src/Room.ts:89:30)
          at callListener (/data/Workspace/helios/starwards/node_modules/colyseus.js/node_modules/ws/lib/event-target.js:290:14)
          at WebSocket.onClose (/data/Workspace/helios/starwards/node_modules/colyseus.js/node_modules/ws/lib/event-target.js:220:9)
          at WebSocket.emit (node:events:524:28)
          at WebSocket.emitClose (/data/Workspace/helios/starwards/node_modules/colyseus.js/node_modules/ws/lib/websocket.js:272:10)
          at Socket.socketOnClose (/data/Workspace/helios/starwards/node_modules/colyseus.js/node_modules/ws/lib/websocket.js:1341:15)
          at Socket.emit (node:events:524:28)
          at TCP.<anonymous> (node:net:343:12)

      at ConnectionManager.onConnectionError (modules/core/src/client/connection-manager.ts:144:21)
          at Array.forEach (<anonymous>)

    console.log
      connection error: TypeError: Cannot read properties of undefined (reading 'decoder')
          at wireEvents (/data/Workspace/helios/starwards/node_modules/colyseus-events/src/wire-events.ts:30:40)
          at /data/Workspace/helios/starwards/modules/core/src/client/admin.ts:20:5
          at processTicksAndRejections (node:internal/process/task_queues:95:5)
          at /data/Workspace/helios/starwards/modules/core/src/client/connection-manager.ts:131:21

      at ConnectionManager.onConnectionError (modules/core/src/client/connection-manager.ts:144:21)

    console.log
      connection error: Error: disconnected from server
          at EventEmitter.<anonymous> (/data/Workspace/helios/starwards/modules/core/src/client/driver.ts:53:58)
          at /data/Workspace/helios/starwards/node_modules/colyseus.js/src/core/signal.ts:15:48
          at Array.forEach (<anonymous>)
          at EventEmitter.invoke (/data/Workspace/helios/starwards/node_modules/colyseus.js/src/core/signal.ts:15:19)
          at Function.register.invoke (/data/Workspace/helios/starwards/node_modules/colyseus.js/src/core/signal.ts:57:81)
          at WebSocket.connection.events.onclose (/data/Workspace/helios/starwards/node_modules/colyseus.js/src/Room.ts:89:30)
          at callListener (/data/Workspace/helios/starwards/node_modules/colyseus.js/node_modules/ws/lib/event-target.js:290:14)
          at WebSocket.onClose (/data/Workspace/helios/starwards/node_modules/colyseus.js/node_modules/ws/lib/event-target.js:220:9)
          at WebSocket.emit (node:events:524:28)
          at WebSocket.emitClose (/data/Workspace/helios/starwards/node_modules/colyseus.js/node_modules/ws/lib/websocket.js:272:10)
          at Socket.socketOnClose (/data/Workspace/helios/starwards/node_modules/colyseus.js/node_modules/ws/lib/websocket.js:1341:15)
          at Socket.emit (node:events:524:28)
          at TCP.<anonymous> (node:net:343:12)

      at ConnectionManager.onConnectionError (modules/core/src/client/connection-manager.ts:144:21)
          at Array.forEach (<anonymous>)

    console.log
      connection error: TypeError: Cannot read properties of undefined (reading 'decoder')
          at wireEvents (/data/Workspace/helios/starwards/node_modules/colyseus-events/src/wire-events.ts:30:40)
          at /data/Workspace/helios/starwards/modules/core/src/client/admin.ts:20:5
          at processTicksAndRejections (node:internal/process/task_queues:95:5)
          at /data/Workspace/helios/starwards/modules/core/src/client/connection-manager.ts:131:21

      at ConnectionManager.onConnectionError (modules/core/src/client/connection-manager.ts:144:21)

    console.log
      connection error: Error: disconnected from server
          at EventEmitter.<anonymous> (/data/Workspace/helios/starwards/modules/core/src/client/driver.ts:53:58)
          at /data/Workspace/helios/starwards/node_modules/colyseus.js/src/core/signal.ts:15:48
          at Array.forEach (<anonymous>)
          at EventEmitter.invoke (/data/Workspace/helios/starwards/node_modules/colyseus.js/src/core/signal.ts:15:19)
          at Function.register.invoke (/data/Workspace/helios/starwards/node_modules/colyseus.js/src/core/signal.ts:57:81)
          at WebSocket.connection.events.onclose (/data/Workspace/helios/starwards/node_modules/colyseus.js/src/Room.ts:89:30)
          at callListener (/data/Workspace/helios/starwards/node_modules/colyseus.js/node_modules/ws/lib/event-target.js:290:14)
          at WebSocket.onClose (/data/Workspace/helios/starwards/node_modules/colyseus.js/node_modules/ws/lib/event-target.js:220:9)
          at WebSocket.emit (node:events:524:28)
          at WebSocket.emitClose (/data/Workspace/helios/starwards/node_modules/colyseus.js/node_modules/ws/lib/websocket.js:272:10)
          at Socket.socketOnClose (/data/Workspace/helios/starwards/node_modules/colyseus.js/node_modules/ws/lib/websocket.js:1341:15)
          at Socket.emit (node:events:524:28)
          at TCP.<anonymous> (node:net:343:12)

      at ConnectionManager.onConnectionError (modules/core/src/client/connection-manager.ts:144:21)
          at Array.forEach (<anonymous>)

    console.log
      connection error: TypeError: Cannot read properties of undefined (reading 'decoder')
          at wireEvents (/data/Workspace/helios/starwards/node_modules/colyseus-events/src/wire-events.ts:30:40)
          at /data/Workspace/helios/starwards/modules/core/src/client/admin.ts:20:5
          at processTicksAndRejections (node:internal/process/task_queues:95:5)
          at /data/Workspace/helios/starwards/modules/core/src/client/connection-manager.ts:131:21

      at ConnectionManager.onConnectionError (modules/core/src/client/connection-manager.ts:144:21)

    console.log
      connection error: Error: disconnected from server
          at EventEmitter.<anonymous> (/data/Workspace/helios/starwards/modules/core/src/client/driver.ts:53:58)
          at /data/Workspace/helios/starwards/node_modules/colyseus.js/src/core/signal.ts:15:48
          at Array.forEach (<anonymous>)
          at EventEmitter.invoke (/data/Workspace/helios/starwards/node_modules/colyseus.js/src/core/signal.ts:15:19)
          at Function.register.invoke (/data/Workspace/helios/starwards/node_modules/colyseus.js/src/core/signal.ts:57:81)
          at WebSocket.connection.events.onclose (/data/Workspace/helios/starwards/node_modules/colyseus.js/src/Room.ts:89:30)
          at callListener (/data/Workspace/helios/starwards/node_modules/colyseus.js/node_modules/ws/lib/event-target.js:290:14)
          at WebSocket.onClose (/data/Workspace/helios/starwards/node_modules/colyseus.js/node_modules/ws/lib/event-target.js:220:9)
          at WebSocket.emit (node:events:524:28)
          at WebSocket.emitClose (/data/Workspace/helios/starwards/node_modules/colyseus.js/node_modules/ws/lib/websocket.js:272:10)
          at Socket.socketOnClose (/data/Workspace/helios/starwards/node_modules/colyseus.js/node_modules/ws/lib/websocket.js:1341:15)
          at Socket.emit (node:events:524:28)
          at TCP.<anonymous> (node:net:343:12)

      at ConnectionManager.onConnectionError (modules/core/src/client/connection-manager.ts:144:21)
          at Array.forEach (<anonymous>)

    console.log
      connection error: TypeError: Cannot read properties of undefined (reading 'decoder')
          at wireEvents (/data/Workspace/helios/starwards/node_modules/colyseus-events/src/wire-events.ts:30:40)
          at /data/Workspace/helios/starwards/modules/core/src/client/admin.ts:20:5
          at processTicksAndRejections (node:internal/process/task_queues:95:5)
          at /data/Workspace/helios/starwards/modules/core/src/client/connection-manager.ts:131:21

      at ConnectionManager.onConnectionError (modules/core/src/client/connection-manager.ts:144:21)

    console.log
      connection error: Error: disconnected from server
          at EventEmitter.<anonymous> (/data/Workspace/helios/starwards/modules/core/src/client/driver.ts:53:58)
          at /data/Workspace/helios/starwards/node_modules/colyseus.js/src/core/signal.ts:15:48
          at Array.forEach (<anonymous>)
          at EventEmitter.invoke (/data/Workspace/helios/starwards/node_modules/colyseus.js/src/core/signal.ts:15:19)
          at Function.register.invoke (/data/Workspace/helios/starwards/node_modules/colyseus.js/src/core/signal.ts:57:81)
          at WebSocket.connection.events.onclose (/data/Workspace/helios/starwards/node_modules/colyseus.js/src/Room.ts:89:30)
          at callListener (/data/Workspace/helios/starwards/node_modules/colyseus.js/node_modules/ws/lib/event-target.js:290:14)
          at WebSocket.onClose (/data/Workspace/helios/starwards/node_modules/colyseus.js/node_modules/ws/lib/event-target.js:220:9)
          at WebSocket.emit (node:events:524:28)
          at WebSocket.emitClose (/data/Workspace/helios/starwards/node_modules/colyseus.js/node_modules/ws/lib/websocket.js:272:10)
          at Socket.socketOnClose (/data/Workspace/helios/starwards/node_modules/colyseus.js/node_modules/ws/lib/websocket.js:1341:15)
          at Socket.emit (node:events:524:28)
          at TCP.<anonymous> (node:net:343:12)

      at ConnectionManager.onConnectionError (modules/core/src/client/connection-manager.ts:144:21)
          at Array.forEach (<anonymous>)

    console.log
      connection error: TypeError: Cannot read properties of undefined (reading 'decoder')
          at wireEvents (/data/Workspace/helios/starwards/node_modules/colyseus-events/src/wire-events.ts:30:40)
          at /data/Workspace/helios/starwards/modules/core/src/client/admin.ts:20:5
          at processTicksAndRejections (node:internal/process/task_queues:95:5)
          at /data/Workspace/helios/starwards/modules/core/src/client/connection-manager.ts:131:21

      at ConnectionManager.onConnectionError (modules/core/src/client/connection-manager.ts:144:21)

    console.log
      connection error: Error: disconnected from server
          at EventEmitter.<anonymous> (/data/Workspace/helios/starwards/modules/core/src/client/driver.ts:53:58)
          at /data/Workspace/helios/starwards/node_modules/colyseus.js/src/core/signal.ts:15:48
          at Array.forEach (<anonymous>)
          at EventEmitter.invoke (/data/Workspace/helios/starwards/node_modules/colyseus.js/src/core/signal.ts:15:19)
          at Function.register.invoke (/data/Workspace/helios/starwards/node_modules/colyseus.js/src/core/signal.ts:57:81)
          at WebSocket.connection.events.onclose (/data/Workspace/helios/starwards/node_modules/colyseus.js/src/Room.ts:89:30)
          at callListener (/data/Workspace/helios/starwards/node_modules/colyseus.js/node_modules/ws/lib/event-target.js:290:14)
          at WebSocket.onClose (/data/Workspace/helios/starwards/node_modules/colyseus.js/node_modules/ws/lib/event-target.js:220:9)
          at WebSocket.emit (node:events:524:28)
          at WebSocket.emitClose (/data/Workspace/helios/starwards/node_modules/colyseus.js/node_modules/ws/lib/websocket.js:272:10)
          at Socket.socketOnClose (/data/Workspace/helios/starwards/node_modules/colyseus.js/node_modules/ws/lib/websocket.js:1341:15)
          at Socket.emit (node:events:524:28)
          at TCP.<anonymous> (node:net:343:12)

      at ConnectionManager.onConnectionError (modules/core/src/client/connection-manager.ts:144:21)
          at Array.forEach (<anonymous>)

    console.log
      connection error: TypeError: Cannot read properties of undefined (reading 'decoder')
          at wireEvents (/data/Workspace/helios/starwards/node_modules/colyseus-events/src/wire-events.ts:30:40)
          at /data/Workspace/helios/starwards/modules/core/src/client/admin.ts:20:5
          at processTicksAndRejections (node:internal/process/task_queues:95:5)
          at /data/Workspace/helios/starwards/modules/core/src/client/connection-manager.ts:131:21

      at ConnectionManager.onConnectionError (modules/core/src/client/connection-manager.ts:144:21)

    console.log
      connection error: Error: disconnected from server
          at EventEmitter.<anonymous> (/data/Workspace/helios/starwards/modules/core/src/client/driver.ts:53:58)
          at /data/Workspace/helios/starwards/node_modules/colyseus.js/src/core/signal.ts:15:48
          at Array.forEach (<anonymous>)
          at EventEmitter.invoke (/data/Workspace/helios/starwards/node_modules/colyseus.js/src/core/signal.ts:15:19)
          at Function.register.invoke (/data/Workspace/helios/starwards/node_modules/colyseus.js/src/core/signal.ts:57:81)
          at WebSocket.connection.events.onclose (/data/Workspace/helios/starwards/node_modules/colyseus.js/src/Room.ts:89:30)
          at callListener (/data/Workspace/helios/starwards/node_modules/colyseus.js/node_modules/ws/lib/event-target.js:290:14)
          at WebSocket.onClose (/data/Workspace/helios/starwards/node_modules/colyseus.js/node_modules/ws/lib/event-target.js:220:9)
          at WebSocket.emit (node:events:524:28)
          at WebSocket.emitClose (/data/Workspace/helios/starwards/node_modules/colyseus.js/node_modules/ws/lib/websocket.js:272:10)
          at Socket.socketOnClose (/data/Workspace/helios/starwards/node_modules/colyseus.js/node_modules/ws/lib/websocket.js:1341:15)
          at Socket.emit (node:events:524:28)
          at TCP.<anonymous> (node:net:343:12)

      at ConnectionManager.onConnectionError (modules/core/src/client/connection-manager.ts:144:21)
          at Array.forEach (<anonymous>)

    console.log
      connection error: TypeError: Cannot read properties of undefined (reading 'decoder')
          at wireEvents (/data/Workspace/helios/starwards/node_modules/colyseus-events/src/wire-events.ts:30:40)
          at /data/Workspace/helios/starwards/modules/core/src/client/admin.ts:20:5
          at processTicksAndRejections (node:internal/process/task_queues:95:5)
          at /data/Workspace/helios/starwards/modules/core/src/client/connection-manager.ts:131:21

      at ConnectionManager.onConnectionError (modules/core/src/client/connection-manager.ts:144:21)

    console.log
      connection error: Error: disconnected from server
          at EventEmitter.<anonymous> (/data/Workspace/helios/starwards/modules/core/src/client/driver.ts:53:58)
          at /data/Workspace/helios/starwards/node_modules/colyseus.js/src/core/signal.ts:15:48
          at Array.forEach (<anonymous>)
          at EventEmitter.invoke (/data/Workspace/helios/starwards/node_modules/colyseus.js/src/core/signal.ts:15:19)
          at Function.register.invoke (/data/Workspace/helios/starwards/node_modules/colyseus.js/src/core/signal.ts:57:81)
          at WebSocket.connection.events.onclose (/data/Workspace/helios/starwards/node_modules/colyseus.js/src/Room.ts:89:30)
          at callListener (/data/Workspace/helios/starwards/node_modules/colyseus.js/node_modules/ws/lib/event-target.js:290:14)
          at WebSocket.onClose (/data/Workspace/helios/starwards/node_modules/colyseus.js/node_modules/ws/lib/event-target.js:220:9)
          at WebSocket.emit (node:events:524:28)
          at WebSocket.emitClose (/data/Workspace/helios/starwards/node_modules/colyseus.js/node_modules/ws/lib/websocket.js:272:10)
          at Socket.socketOnClose (/data/Workspace/helios/starwards/node_modules/colyseus.js/node_modules/ws/lib/websocket.js:1341:15)
          at Socket.emit (node:events:524:28)
          at TCP.<anonymous> (node:net:343:12)

      at ConnectionManager.onConnectionError (modules/core/src/client/connection-manager.ts:144:21)
          at Array.forEach (<anonymous>)

    console.log
      connection error: TypeError: Cannot read properties of undefined (reading 'decoder')
          at wireEvents (/data/Workspace/helios/starwards/node_modules/colyseus-events/src/wire-events.ts:30:40)
          at /data/Workspace/helios/starwards/modules/core/src/client/admin.ts:20:5
          at processTicksAndRejections (node:internal/process/task_queues:95:5)
          at /data/Workspace/helios/starwards/modules/core/src/client/connection-manager.ts:131:21

      at ConnectionManager.onConnectionError (modules/core/src/client/connection-manager.ts:144:21)

    console.log
      connection error: Error: disconnected from server
          at EventEmitter.<anonymous> (/data/Workspace/helios/starwards/modules/core/src/client/driver.ts:53:58)
          at /data/Workspace/helios/starwards/node_modules/colyseus.js/src/core/signal.ts:15:48
          at Array.forEach (<anonymous>)
          at EventEmitter.invoke (/data/Workspace/helios/starwards/node_modules/colyseus.js/src/core/signal.ts:15:19)
          at Function.register.invoke (/data/Workspace/helios/starwards/node_modules/colyseus.js/src/core/signal.ts:57:81)
          at WebSocket.connection.events.onclose (/data/Workspace/helios/starwards/node_modules/colyseus.js/src/Room.ts:89:30)
          at callListener (/data/Workspace/helios/starwards/node_modules/colyseus.js/node_modules/ws/lib/event-target.js:290:14)
          at WebSocket.onClose (/data/Workspace/helios/starwards/node_modules/colyseus.js/node_modules/ws/lib/event-target.js:220:9)
          at WebSocket.emit (node:events:524:28)
          at WebSocket.emitClose (/data/Workspace/helios/starwards/node_modules/colyseus.js/node_modules/ws/lib/websocket.js:272:10)
          at Socket.socketOnClose (/data/Workspace/helios/starwards/node_modules/colyseus.js/node_modules/ws/lib/websocket.js:1341:15)
          at Socket.emit (node:events:524:28)
          at TCP.<anonymous> (node:net:343:12)

      at ConnectionManager.onConnectionError (modules/core/src/client/connection-manager.ts:144:21)
          at Array.forEach (<anonymous>)

    console.log
      connection error: TypeError: Cannot read properties of undefined (reading 'decoder')
          at wireEvents (/data/Workspace/helios/starwards/node_modules/colyseus-events/src/wire-events.ts:30:40)
          at /data/Workspace/helios/starwards/modules/core/src/client/admin.ts:20:5
          at processTicksAndRejections (node:internal/process/task_queues:95:5)
          at /data/Workspace/helios/starwards/modules/core/src/client/connection-manager.ts:131:21

      at ConnectionManager.onConnectionError (modules/core/src/client/connection-manager.ts:144:21)

    console.log
      connection error: Error: disconnected from server
          at EventEmitter.<anonymous> (/data/Workspace/helios/starwards/modules/core/src/client/driver.ts:53:58)
          at /data/Workspace/helios/starwards/node_modules/colyseus.js/src/core/signal.ts:15:48
          at Array.forEach (<anonymous>)
          at EventEmitter.invoke (/data/Workspace/helios/starwards/node_modules/colyseus.js/src/core/signal.ts:15:19)
          at Function.register.invoke (/data/Workspace/helios/starwards/node_modules/colyseus.js/src/core/signal.ts:57:81)
          at WebSocket.connection.events.onclose (/data/Workspace/helios/starwards/node_modules/colyseus.js/src/Room.ts:89:30)
          at callListener (/data/Workspace/helios/starwards/node_modules/colyseus.js/node_modules/ws/lib/event-target.js:290:14)
          at WebSocket.onClose (/data/Workspace/helios/starwards/node_modules/colyseus.js/node_modules/ws/lib/event-target.js:220:9)
          at WebSocket.emit (node:events:524:28)
          at WebSocket.emitClose (/data/Workspace/helios/starwards/node_modules/colyseus.js/node_modules/ws/lib/websocket.js:272:10)
          at Socket.socketOnClose (/data/Workspace/helios/starwards/node_modules/colyseus.js/node_modules/ws/lib/websocket.js:1341:15)
          at Socket.emit (node:events:524:28)
          at TCP.<anonymous> (node:net:343:12)

      at ConnectionManager.onConnectionError (modules/core/src/client/connection-manager.ts:144:21)
          at Array.forEach (<anonymous>)

    console.log
      connection error: TypeError: Cannot read properties of undefined (reading 'decoder')
          at wireEvents (/data/Workspace/helios/starwards/node_modules/colyseus-events/src/wire-events.ts:30:40)
          at /data/Workspace/helios/starwards/modules/core/src/client/admin.ts:20:5
          at processTicksAndRejections (node:internal/process/task_queues:95:5)
          at /data/Workspace/helios/starwards/modules/core/src/client/connection-manager.ts:131:21

      at ConnectionManager.onConnectionError (modules/core/src/client/connection-manager.ts:144:21)

    console.log
      connection error: Error: disconnected from server
          at EventEmitter.<anonymous> (/data/Workspace/helios/starwards/modules/core/src/client/driver.ts:53:58)
          at /data/Workspace/helios/starwards/node_modules/colyseus.js/src/core/signal.ts:15:48
          at Array.forEach (<anonymous>)
          at EventEmitter.invoke (/data/Workspace/helios/starwards/node_modules/colyseus.js/src/core/signal.ts:15:19)
          at Function.register.invoke (/data/Workspace/helios/starwards/node_modules/colyseus.js/src/core/signal.ts:57:81)
          at WebSocket.connection.events.onclose (/data/Workspace/helios/starwards/node_modules/colyseus.js/src/Room.ts:89:30)
          at callListener (/data/Workspace/helios/starwards/node_modules/colyseus.js/node_modules/ws/lib/event-target.js:290:14)
          at WebSocket.onClose (/data/Workspace/helios/starwards/node_modules/colyseus.js/node_modules/ws/lib/event-target.js:220:9)
          at WebSocket.emit (node:events:524:28)
          at WebSocket.emitClose (/data/Workspace/helios/starwards/node_modules/colyseus.js/node_modules/ws/lib/websocket.js:272:10)
          at Socket.socketOnClose (/data/Workspace/helios/starwards/node_modules/colyseus.js/node_modules/ws/lib/websocket.js:1341:15)
          at Socket.emit (node:events:524:28)
          at TCP.<anonymous> (node:net:343:12)

      at ConnectionManager.onConnectionError (modules/core/src/client/connection-manager.ts:144:21)
          at Array.forEach (<anonymous>)

    console.log
      connection error: TypeError: Cannot read properties of undefined (reading 'decoder')
          at wireEvents (/data/Workspace/helios/starwards/node_modules/colyseus-events/src/wire-events.ts:30:40)
          at /data/Workspace/helios/starwards/modules/core/src/client/admin.ts:20:5
          at processTicksAndRejections (node:internal/process/task_queues:95:5)
          at /data/Workspace/helios/starwards/modules/core/src/client/connection-manager.ts:131:21

      at ConnectionManager.onConnectionError (modules/core/src/client/connection-manager.ts:144:21)

    console.log
      connection error: Error: disconnected from server
          at EventEmitter.<anonymous> (/data/Workspace/helios/starwards/modules/core/src/client/driver.ts:53:58)
          at /data/Workspace/helios/starwards/node_modules/colyseus.js/src/core/signal.ts:15:48
          at Array.forEach (<anonymous>)
          at EventEmitter.invoke (/data/Workspace/helios/starwards/node_modules/colyseus.js/src/core/signal.ts:15:19)
          at Function.register.invoke (/data/Workspace/helios/starwards/node_modules/colyseus.js/src/core/signal.ts:57:81)
          at WebSocket.connection.events.onclose (/data/Workspace/helios/starwards/node_modules/colyseus.js/src/Room.ts:89:30)
          at callListener (/data/Workspace/helios/starwards/node_modules/colyseus.js/node_modules/ws/lib/event-target.js:290:14)
          at WebSocket.onClose (/data/Workspace/helios/starwards/node_modules/colyseus.js/node_modules/ws/lib/event-target.js:220:9)
          at WebSocket.emit (node:events:524:28)
          at WebSocket.emitClose (/data/Workspace/helios/starwards/node_modules/colyseus.js/node_modules/ws/lib/websocket.js:272:10)
          at Socket.socketOnClose (/data/Workspace/helios/starwards/node_modules/colyseus.js/node_modules/ws/lib/websocket.js:1341:15)
          at Socket.emit (node:events:524:28)
          at TCP.<anonymous> (node:net:343:12)

      at ConnectionManager.onConnectionError (modules/core/src/client/connection-manager.ts:144:21)
          at Array.forEach (<anonymous>)

    console.log
      connection error: TypeError: Cannot read properties of undefined (reading 'decoder')
          at wireEvents (/data/Workspace/helios/starwards/node_modules/colyseus-events/src/wire-events.ts:30:40)
          at /data/Workspace/helios/starwards/modules/core/src/client/admin.ts:20:5
          at processTicksAndRejections (node:internal/process/task_queues:95:5)
          at /data/Workspace/helios/starwards/modules/core/src/client/connection-manager.ts:131:21

      at ConnectionManager.onConnectionError (modules/core/src/client/connection-manager.ts:144:21)

    console.log
      connection error: Error: disconnected from server
          at EventEmitter.<anonymous> (/data/Workspace/helios/starwards/modules/core/src/client/driver.ts:53:58)
          at /data/Workspace/helios/starwards/node_modules/colyseus.js/src/core/signal.ts:15:48
          at Array.forEach (<anonymous>)
          at EventEmitter.invoke (/data/Workspace/helios/starwards/node_modules/colyseus.js/src/core/signal.ts:15:19)
          at Function.register.invoke (/data/Workspace/helios/starwards/node_modules/colyseus.js/src/core/signal.ts:57:81)
          at WebSocket.connection.events.onclose (/data/Workspace/helios/starwards/node_modules/colyseus.js/src/Room.ts:89:30)
          at callListener (/data/Workspace/helios/starwards/node_modules/colyseus.js/node_modules/ws/lib/event-target.js:290:14)
          at WebSocket.onClose (/data/Workspace/helios/starwards/node_modules/colyseus.js/node_modules/ws/lib/event-target.js:220:9)
          at WebSocket.emit (node:events:524:28)
          at WebSocket.emitClose (/data/Workspace/helios/starwards/node_modules/colyseus.js/node_modules/ws/lib/websocket.js:272:10)
          at Socket.socketOnClose (/data/Workspace/helios/starwards/node_modules/colyseus.js/node_modules/ws/lib/websocket.js:1341:15)
          at Socket.emit (node:events:524:28)
          at TCP.<anonymous> (node:net:343:12)

      at ConnectionManager.onConnectionError (modules/core/src/client/connection-manager.ts:144:21)
          at Array.forEach (<anonymous>)

    console.log
      connection error: TypeError: Cannot read properties of undefined (reading 'decoder')
          at wireEvents (/data/Workspace/helios/starwards/node_modules/colyseus-events/src/wire-events.ts:30:40)
          at /data/Workspace/helios/starwards/modules/core/src/client/admin.ts:20:5
          at processTicksAndRejections (node:internal/process/task_queues:95:5)
          at /data/Workspace/helios/starwards/modules/core/src/client/connection-manager.ts:131:21

      at ConnectionManager.onConnectionError (modules/core/src/client/connection-manager.ts:144:21)

    console.log
      connection error: Error: disconnected from server
          at EventEmitter.<anonymous> (/data/Workspace/helios/starwards/modules/core/src/client/driver.ts:53:58)
          at /data/Workspace/helios/starwards/node_modules/colyseus.js/src/core/signal.ts:15:48
          at Array.forEach (<anonymous>)
          at EventEmitter.invoke (/data/Workspace/helios/starwards/node_modules/colyseus.js/src/core/signal.ts:15:19)
          at Function.register.invoke (/data/Workspace/helios/starwards/node_modules/colyseus.js/src/core/signal.ts:57:81)
          at WebSocket.connection.events.onclose (/data/Workspace/helios/starwards/node_modules/colyseus.js/src/Room.ts:89:30)
          at callListener (/data/Workspace/helios/starwards/node_modules/colyseus.js/node_modules/ws/lib/event-target.js:290:14)
          at WebSocket.onClose (/data/Workspace/helios/starwards/node_modules/colyseus.js/node_modules/ws/lib/event-target.js:220:9)
          at WebSocket.emit (node:events:524:28)
          at WebSocket.emitClose (/data/Workspace/helios/starwards/node_modules/colyseus.js/node_modules/ws/lib/websocket.js:272:10)
          at Socket.socketOnClose (/data/Workspace/helios/starwards/node_modules/colyseus.js/node_modules/ws/lib/websocket.js:1341:15)
          at Socket.emit (node:events:524:28)
          at TCP.<anonymous> (node:net:343:12)

      at ConnectionManager.onConnectionError (modules/core/src/client/connection-manager.ts:144:21)
          at Array.forEach (<anonymous>)

    console.log
      connection error: TypeError: Cannot read properties of undefined (reading 'decoder')
          at wireEvents (/data/Workspace/helios/starwards/node_modules/colyseus-events/src/wire-events.ts:30:40)
          at /data/Workspace/helios/starwards/modules/core/src/client/admin.ts:20:5
          at processTicksAndRejections (node:internal/process/task_queues:95:5)
          at /data/Workspace/helios/starwards/modules/core/src/client/connection-manager.ts:131:21

      at ConnectionManager.onConnectionError (modules/core/src/client/connection-manager.ts:144:21)

    console.log
      connection error: Error: disconnected from server
          at EventEmitter.<anonymous> (/data/Workspace/helios/starwards/modules/core/src/client/driver.ts:53:58)
          at /data/Workspace/helios/starwards/node_modules/colyseus.js/src/core/signal.ts:15:48
          at Array.forEach (<anonymous>)
          at EventEmitter.invoke (/data/Workspace/helios/starwards/node_modules/colyseus.js/src/core/signal.ts:15:19)
          at Function.register.invoke (/data/Workspace/helios/starwards/node_modules/colyseus.js/src/core/signal.ts:57:81)
          at WebSocket.connection.events.onclose (/data/Workspace/helios/starwards/node_modules/colyseus.js/src/Room.ts:89:30)
          at callListener (/data/Workspace/helios/starwards/node_modules/colyseus.js/node_modules/ws/lib/event-target.js:290:14)
          at WebSocket.onClose (/data/Workspace/helios/starwards/node_modules/colyseus.js/node_modules/ws/lib/event-target.js:220:9)
          at WebSocket.emit (node:events:524:28)
          at WebSocket.emitClose (/data/Workspace/helios/starwards/node_modules/colyseus.js/node_modules/ws/lib/websocket.js:272:10)
          at Socket.socketOnClose (/data/Workspace/helios/starwards/node_modules/colyseus.js/node_modules/ws/lib/websocket.js:1341:15)
          at Socket.emit (node:events:524:28)
          at TCP.<anonymous> (node:net:343:12)

      at ConnectionManager.onConnectionError (modules/core/src/client/connection-manager.ts:144:21)
          at Array.forEach (<anonymous>)

    console.log
      connection error: TypeError: Cannot read properties of undefined (reading 'decoder')
          at wireEvents (/data/Workspace/helios/starwards/node_modules/colyseus-events/src/wire-events.ts:30:40)
          at /data/Workspace/helios/starwards/modules/core/src/client/admin.ts:20:5
          at processTicksAndRejections (node:internal/process/task_queues:95:5)
          at /data/Workspace/helios/starwards/modules/core/src/client/connection-manager.ts:131:21

      at ConnectionManager.onConnectionError (modules/core/src/client/connection-manager.ts:144:21)

    console.log
      connection error: Error: disconnected from server
          at EventEmitter.<anonymous> (/data/Workspace/helios/starwards/modules/core/src/client/driver.ts:53:58)
          at /data/Workspace/helios/starwards/node_modules/colyseus.js/src/core/signal.ts:15:48
          at Array.forEach (<anonymous>)
          at EventEmitter.invoke (/data/Workspace/helios/starwards/node_modules/colyseus.js/src/core/signal.ts:15:19)
          at Function.register.invoke (/data/Workspace/helios/starwards/node_modules/colyseus.js/src/core/signal.ts:57:81)
          at WebSocket.connection.events.onclose (/data/Workspace/helios/starwards/node_modules/colyseus.js/src/Room.ts:89:30)
          at callListener (/data/Workspace/helios/starwards/node_modules/colyseus.js/node_modules/ws/lib/event-target.js:290:14)
          at WebSocket.onClose (/data/Workspace/helios/starwards/node_modules/colyseus.js/node_modules/ws/lib/event-target.js:220:9)
          at WebSocket.emit (node:events:524:28)
          at WebSocket.emitClose (/data/Workspace/helios/starwards/node_modules/colyseus.js/node_modules/ws/lib/websocket.js:272:10)
          at Socket.socketOnClose (/data/Workspace/helios/starwards/node_modules/colyseus.js/node_modules/ws/lib/websocket.js:1341:15)
          at Socket.emit (node:events:524:28)
          at TCP.<anonymous> (node:net:343:12)

      at ConnectionManager.onConnectionError (modules/core/src/client/connection-manager.ts:144:21)
          at Array.forEach (<anonymous>)

    console.log
      connection error: TypeError: Cannot read properties of undefined (reading 'decoder')
          at wireEvents (/data/Workspace/helios/starwards/node_modules/colyseus-events/src/wire-events.ts:30:40)
          at /data/Workspace/helios/starwards/modules/core/src/client/admin.ts:20:5
          at processTicksAndRejections (node:internal/process/task_queues:95:5)
          at /data/Workspace/helios/starwards/modules/core/src/client/connection-manager.ts:131:21

      at ConnectionManager.onConnectionError (modules/core/src/client/connection-manager.ts:144:21)

    console.log
      connection error: Error: disconnected from server
          at EventEmitter.<anonymous> (/data/Workspace/helios/starwards/modules/core/src/client/driver.ts:53:58)
          at /data/Workspace/helios/starwards/node_modules/colyseus.js/src/core/signal.ts:15:48
          at Array.forEach (<anonymous>)
          at EventEmitter.invoke (/data/Workspace/helios/starwards/node_modules/colyseus.js/src/core/signal.ts:15:19)
          at Function.register.invoke (/data/Workspace/helios/starwards/node_modules/colyseus.js/src/core/signal.ts:57:81)
          at WebSocket.connection.events.onclose (/data/Workspace/helios/starwards/node_modules/colyseus.js/src/Room.ts:89:30)
          at callListener (/data/Workspace/helios/starwards/node_modules/colyseus.js/node_modules/ws/lib/event-target.js:290:14)
          at WebSocket.onClose (/data/Workspace/helios/starwards/node_modules/colyseus.js/node_modules/ws/lib/event-target.js:220:9)
          at WebSocket.emit (node:events:524:28)
          at WebSocket.emitClose (/data/Workspace/helios/starwards/node_modules/colyseus.js/node_modules/ws/lib/websocket.js:272:10)
          at Socket.socketOnClose (/data/Workspace/helios/starwards/node_modules/colyseus.js/node_modules/ws/lib/websocket.js:1341:15)
          at Socket.emit (node:events:524:28)
          at TCP.<anonymous> (node:net:343:12)

      at ConnectionManager.onConnectionError (modules/core/src/client/connection-manager.ts:144:21)
          at Array.forEach (<anonymous>)

    console.log
      connection error: TypeError: Cannot read properties of undefined (reading 'decoder')
          at wireEvents (/data/Workspace/helios/starwards/node_modules/colyseus-events/src/wire-events.ts:30:40)
          at /data/Workspace/helios/starwards/modules/core/src/client/admin.ts:20:5
          at processTicksAndRejections (node:internal/process/task_queues:95:5)
          at /data/Workspace/helios/starwards/modules/core/src/client/connection-manager.ts:131:21

      at ConnectionManager.onConnectionError (modules/core/src/client/connection-manager.ts:144:21)

    console.log
      connection error: Error: disconnected from server
          at EventEmitter.<anonymous> (/data/Workspace/helios/starwards/modules/core/src/client/driver.ts:53:58)
          at /data/Workspace/helios/starwards/node_modules/colyseus.js/src/core/signal.ts:15:48
          at Array.forEach (<anonymous>)
          at EventEmitter.invoke (/data/Workspace/helios/starwards/node_modules/colyseus.js/src/core/signal.ts:15:19)
          at Function.register.invoke (/data/Workspace/helios/starwards/node_modules/colyseus.js/src/core/signal.ts:57:81)
          at WebSocket.connection.events.onclose (/data/Workspace/helios/starwards/node_modules/colyseus.js/src/Room.ts:89:30)
          at callListener (/data/Workspace/helios/starwards/node_modules/colyseus.js/node_modules/ws/lib/event-target.js:290:14)
          at WebSocket.onClose (/data/Workspace/helios/starwards/node_modules/colyseus.js/node_modules/ws/lib/event-target.js:220:9)
          at WebSocket.emit (node:events:524:28)
          at WebSocket.emitClose (/data/Workspace/helios/starwards/node_modules/colyseus.js/node_modules/ws/lib/websocket.js:272:10)
          at Socket.socketOnClose (/data/Workspace/helios/starwards/node_modules/colyseus.js/node_modules/ws/lib/websocket.js:1341:15)
          at Socket.emit (node:events:524:28)
          at TCP.<anonymous> (node:net:343:12)

      at ConnectionManager.onConnectionError (modules/core/src/client/connection-manager.ts:144:21)
          at Array.forEach (<anonymous>)

    console.log
      connection error: TypeError: Cannot read properties of undefined (reading 'decoder')
          at wireEvents (/data/Workspace/helios/starwards/node_modules/colyseus-events/src/wire-events.ts:30:40)
          at /data/Workspace/helios/starwards/modules/core/src/client/admin.ts:20:5
          at processTicksAndRejections (node:internal/process/task_queues:95:5)
          at /data/Workspace/helios/starwards/modules/core/src/client/connection-manager.ts:131:21

      at ConnectionManager.onConnectionError (modules/core/src/client/connection-manager.ts:144:21)

    console.log
      connection error: Error: disconnected from server
          at EventEmitter.<anonymous> (/data/Workspace/helios/starwards/modules/core/src/client/driver.ts:53:58)
          at /data/Workspace/helios/starwards/node_modules/colyseus.js/src/core/signal.ts:15:48
          at Array.forEach (<anonymous>)
          at EventEmitter.invoke (/data/Workspace/helios/starwards/node_modules/colyseus.js/src/core/signal.ts:15:19)
          at Function.register.invoke (/data/Workspace/helios/starwards/node_modules/colyseus.js/src/core/signal.ts:57:81)
          at WebSocket.connection.events.onclose (/data/Workspace/helios/starwards/node_modules/colyseus.js/src/Room.ts:89:30)
          at callListener (/data/Workspace/helios/starwards/node_modules/colyseus.js/node_modules/ws/lib/event-target.js:290:14)
          at WebSocket.onClose (/data/Workspace/helios/starwards/node_modules/colyseus.js/node_modules/ws/lib/event-target.js:220:9)
          at WebSocket.emit (node:events:524:28)
          at WebSocket.emitClose (/data/Workspace/helios/starwards/node_modules/colyseus.js/node_modules/ws/lib/websocket.js:272:10)
          at Socket.socketOnClose (/data/Workspace/helios/starwards/node_modules/colyseus.js/node_modules/ws/lib/websocket.js:1341:15)
          at Socket.emit (node:events:524:28)
          at TCP.<anonymous> (node:net:343:12)

      at ConnectionManager.onConnectionError (modules/core/src/client/connection-manager.ts:144:21)
          at Array.forEach (<anonymous>)

    console.log
      connection error: TypeError: Cannot read properties of undefined (reading 'decoder')
          at wireEvents (/data/Workspace/helios/starwards/node_modules/colyseus-events/src/wire-events.ts:30:40)
          at /data/Workspace/helios/starwards/modules/core/src/client/admin.ts:20:5
          at processTicksAndRejections (node:internal/process/task_queues:95:5)
          at /data/Workspace/helios/starwards/modules/core/src/client/connection-manager.ts:131:21

      at ConnectionManager.onConnectionError (modules/core/src/client/connection-manager.ts:144:21)

    console.log
      connection error: Error: disconnected from server
          at EventEmitter.<anonymous> (/data/Workspace/helios/starwards/modules/core/src/client/driver.ts:53:58)
          at /data/Workspace/helios/starwards/node_modules/colyseus.js/src/core/signal.ts:15:48
          at Array.forEach (<anonymous>)
          at EventEmitter.invoke (/data/Workspace/helios/starwards/node_modules/colyseus.js/src/core/signal.ts:15:19)
          at Function.register.invoke (/data/Workspace/helios/starwards/node_modules/colyseus.js/src/core/signal.ts:57:81)
          at WebSocket.connection.events.onclose (/data/Workspace/helios/starwards/node_modules/colyseus.js/src/Room.ts:89:30)
          at callListener (/data/Workspace/helios/starwards/node_modules/colyseus.js/node_modules/ws/lib/event-target.js:290:14)
          at WebSocket.onClose (/data/Workspace/helios/starwards/node_modules/colyseus.js/node_modules/ws/lib/event-target.js:220:9)
          at WebSocket.emit (node:events:524:28)
          at WebSocket.emitClose (/data/Workspace/helios/starwards/node_modules/colyseus.js/node_modules/ws/lib/websocket.js:272:10)
          at Socket.socketOnClose (/data/Workspace/helios/starwards/node_modules/colyseus.js/node_modules/ws/lib/websocket.js:1341:15)
          at Socket.emit (node:events:524:28)
          at TCP.<anonymous> (node:net:343:12)

      at ConnectionManager.onConnectionError (modules/core/src/client/connection-manager.ts:144:21)
          at Array.forEach (<anonymous>)

    console.log
      connection error: TypeError: Cannot read properties of undefined (reading 'decoder')
          at wireEvents (/data/Workspace/helios/starwards/node_modules/colyseus-events/src/wire-events.ts:30:40)
          at /data/Workspace/helios/starwards/modules/core/src/client/admin.ts:20:5
          at processTicksAndRejections (node:internal/process/task_queues:95:5)
          at /data/Workspace/helios/starwards/modules/core/src/client/connection-manager.ts:131:21

      at ConnectionManager.onConnectionError (modules/core/src/client/connection-manager.ts:144:21)

    console.log
      connection error: Error: disconnected from server
          at EventEmitter.<anonymous> (/data/Workspace/helios/starwards/modules/core/src/client/driver.ts:53:58)
          at /data/Workspace/helios/starwards/node_modules/colyseus.js/src/core/signal.ts:15:48
          at Array.forEach (<anonymous>)
          at EventEmitter.invoke (/data/Workspace/helios/starwards/node_modules/colyseus.js/src/core/signal.ts:15:19)
          at Function.register.invoke (/data/Workspace/helios/starwards/node_modules/colyseus.js/src/core/signal.ts:57:81)
          at WebSocket.connection.events.onclose (/data/Workspace/helios/starwards/node_modules/colyseus.js/src/Room.ts:89:30)
          at callListener (/data/Workspace/helios/starwards/node_modules/colyseus.js/node_modules/ws/lib/event-target.js:290:14)
          at WebSocket.onClose (/data/Workspace/helios/starwards/node_modules/colyseus.js/node_modules/ws/lib/event-target.js:220:9)
          at WebSocket.emit (node:events:524:28)
          at WebSocket.emitClose (/data/Workspace/helios/starwards/node_modules/colyseus.js/node_modules/ws/lib/websocket.js:272:10)
          at Socket.socketOnClose (/data/Workspace/helios/starwards/node_modules/colyseus.js/node_modules/ws/lib/websocket.js:1341:15)
          at Socket.emit (node:events:524:28)
          at TCP.<anonymous> (node:net:343:12)

      at ConnectionManager.onConnectionError (modules/core/src/client/connection-manager.ts:144:21)
          at Array.forEach (<anonymous>)

    console.log
      connection error: TypeError: Cannot read properties of undefined (reading 'decoder')
          at wireEvents (/data/Workspace/helios/starwards/node_modules/colyseus-events/src/wire-events.ts:30:40)
          at /data/Workspace/helios/starwards/modules/core/src/client/admin.ts:20:5
          at processTicksAndRejections (node:internal/process/task_queues:95:5)
          at /data/Workspace/helios/starwards/modules/core/src/client/connection-manager.ts:131:21

      at ConnectionManager.onConnectionError (modules/core/src/client/connection-manager.ts:144:21)

    console.log
      connection error: Error: disconnected from server
          at EventEmitter.<anonymous> (/data/Workspace/helios/starwards/modules/core/src/client/driver.ts:53:58)
          at /data/Workspace/helios/starwards/node_modules/colyseus.js/src/core/signal.ts:15:48
          at Array.forEach (<anonymous>)
          at EventEmitter.invoke (/data/Workspace/helios/starwards/node_modules/colyseus.js/src/core/signal.ts:15:19)
          at Function.register.invoke (/data/Workspace/helios/starwards/node_modules/colyseus.js/src/core/signal.ts:57:81)
          at WebSocket.connection.events.onclose (/data/Workspace/helios/starwards/node_modules/colyseus.js/src/Room.ts:89:30)
          at callListener (/data/Workspace/helios/starwards/node_modules/colyseus.js/node_modules/ws/lib/event-target.js:290:14)
          at WebSocket.onClose (/data/Workspace/helios/starwards/node_modules/colyseus.js/node_modules/ws/lib/event-target.js:220:9)
          at WebSocket.emit (node:events:524:28)
          at WebSocket.emitClose (/data/Workspace/helios/starwards/node_modules/colyseus.js/node_modules/ws/lib/websocket.js:272:10)
          at Socket.socketOnClose (/data/Workspace/helios/starwards/node_modules/colyseus.js/node_modules/ws/lib/websocket.js:1341:15)
          at Socket.emit (node:events:524:28)
          at TCP.<anonymous> (node:net:343:12)

      at ConnectionManager.onConnectionError (modules/core/src/client/connection-manager.ts:144:21)
          at Array.forEach (<anonymous>)

    console.log
      connection error: TypeError: Cannot read properties of undefined (reading 'decoder')
          at wireEvents (/data/Workspace/helios/starwards/node_modules/colyseus-events/src/wire-events.ts:30:40)
          at /data/Workspace/helios/starwards/modules/core/src/client/admin.ts:20:5
          at processTicksAndRejections (node:internal/process/task_queues:95:5)
          at /data/Workspace/helios/starwards/modules/core/src/client/connection-manager.ts:131:21

      at ConnectionManager.onConnectionError (modules/core/src/client/connection-manager.ts:144:21)

    console.log
      connection error: Error: disconnected from server
          at EventEmitter.<anonymous> (/data/Workspace/helios/starwards/modules/core/src/client/driver.ts:53:58)
          at /data/Workspace/helios/starwards/node_modules/colyseus.js/src/core/signal.ts:15:48
          at Array.forEach (<anonymous>)
          at EventEmitter.invoke (/data/Workspace/helios/starwards/node_modules/colyseus.js/src/core/signal.ts:15:19)
          at Function.register.invoke (/data/Workspace/helios/starwards/node_modules/colyseus.js/src/core/signal.ts:57:81)
          at WebSocket.connection.events.onclose (/data/Workspace/helios/starwards/node_modules/colyseus.js/src/Room.ts:89:30)
          at callListener (/data/Workspace/helios/starwards/node_modules/colyseus.js/node_modules/ws/lib/event-target.js:290:14)
          at WebSocket.onClose (/data/Workspace/helios/starwards/node_modules/colyseus.js/node_modules/ws/lib/event-target.js:220:9)
          at WebSocket.emit (node:events:524:28)
          at WebSocket.emitClose (/data/Workspace/helios/starwards/node_modules/colyseus.js/node_modules/ws/lib/websocket.js:272:10)
          at Socket.socketOnClose (/data/Workspace/helios/starwards/node_modules/colyseus.js/node_modules/ws/lib/websocket.js:1341:15)
          at Socket.emit (node:events:524:28)
          at TCP.<anonymous> (node:net:343:12)

      at ConnectionManager.onConnectionError (modules/core/src/client/connection-manager.ts:144:21)
          at Array.forEach (<anonymous>)

    console.log
      connection error: TypeError: Cannot read properties of undefined (reading 'decoder')
          at wireEvents (/data/Workspace/helios/starwards/node_modules/colyseus-events/src/wire-events.ts:30:40)
          at /data/Workspace/helios/starwards/modules/core/src/client/admin.ts:20:5
          at processTicksAndRejections (node:internal/process/task_queues:95:5)
          at /data/Workspace/helios/starwards/modules/core/src/client/connection-manager.ts:131:21

      at ConnectionManager.onConnectionError (modules/core/src/client/connection-manager.ts:144:21)

    console.log
      connection error: Error: disconnected from server
          at EventEmitter.<anonymous> (/data/Workspace/helios/starwards/modules/core/src/client/driver.ts:53:58)
          at /data/Workspace/helios/starwards/node_modules/colyseus.js/src/core/signal.ts:15:48
          at Array.forEach (<anonymous>)
          at EventEmitter.invoke (/data/Workspace/helios/starwards/node_modules/colyseus.js/src/core/signal.ts:15:19)
          at Function.register.invoke (/data/Workspace/helios/starwards/node_modules/colyseus.js/src/core/signal.ts:57:81)
          at WebSocket.connection.events.onclose (/data/Workspace/helios/starwards/node_modules/colyseus.js/src/Room.ts:89:30)
          at callListener (/data/Workspace/helios/starwards/node_modules/colyseus.js/node_modules/ws/lib/event-target.js:290:14)
          at WebSocket.onClose (/data/Workspace/helios/starwards/node_modules/colyseus.js/node_modules/ws/lib/event-target.js:220:9)
          at WebSocket.emit (node:events:524:28)
          at WebSocket.emitClose (/data/Workspace/helios/starwards/node_modules/colyseus.js/node_modules/ws/lib/websocket.js:272:10)
          at Socket.socketOnClose (/data/Workspace/helios/starwards/node_modules/colyseus.js/node_modules/ws/lib/websocket.js:1341:15)
          at Socket.emit (node:events:524:28)
          at TCP.<anonymous> (node:net:343:12)

      at ConnectionManager.onConnectionError (modules/core/src/client/connection-manager.ts:144:21)
          at Array.forEach (<anonymous>)

    console.log
      connection error: TypeError: Cannot read properties of undefined (reading 'decoder')
          at wireEvents (/data/Workspace/helios/starwards/node_modules/colyseus-events/src/wire-events.ts:30:40)
          at /data/Workspace/helios/starwards/modules/core/src/client/admin.ts:20:5
          at processTicksAndRejections (node:internal/process/task_queues:95:5)
          at /data/Workspace/helios/starwards/modules/core/src/client/connection-manager.ts:131:21

      at ConnectionManager.onConnectionError (modules/core/src/client/connection-manager.ts:144:21)

    console.log
      connection error: Error: disconnected from server
          at EventEmitter.<anonymous> (/data/Workspace/helios/starwards/modules/core/src/client/driver.ts:53:58)
          at /data/Workspace/helios/starwards/node_modules/colyseus.js/src/core/signal.ts:15:48
          at Array.forEach (<anonymous>)
          at EventEmitter.invoke (/data/Workspace/helios/starwards/node_modules/colyseus.js/src/core/signal.ts:15:19)
          at Function.register.invoke (/data/Workspace/helios/starwards/node_modules/colyseus.js/src/core/signal.ts:57:81)
          at WebSocket.connection.events.onclose (/data/Workspace/helios/starwards/node_modules/colyseus.js/src/Room.ts:89:30)
          at callListener (/data/Workspace/helios/starwards/node_modules/colyseus.js/node_modules/ws/lib/event-target.js:290:14)
          at WebSocket.onClose (/data/Workspace/helios/starwards/node_modules/colyseus.js/node_modules/ws/lib/event-target.js:220:9)
          at WebSocket.emit (node:events:524:28)
          at WebSocket.emitClose (/data/Workspace/helios/starwards/node_modules/colyseus.js/node_modules/ws/lib/websocket.js:272:10)
          at Socket.socketOnClose (/data/Workspace/helios/starwards/node_modules/colyseus.js/node_modules/ws/lib/websocket.js:1341:15)
          at Socket.emit (node:events:524:28)
          at TCP.<anonymous> (node:net:343:12)

      at ConnectionManager.onConnectionError (modules/core/src/client/connection-manager.ts:144:21)
          at Array.forEach (<anonymous>)

    console.log
      connection error: TypeError: Cannot read properties of undefined (reading 'decoder')
          at wireEvents (/data/Workspace/helios/starwards/node_modules/colyseus-events/src/wire-events.ts:30:40)
          at /data/Workspace/helios/starwards/modules/core/src/client/admin.ts:20:5
          at processTicksAndRejections (node:internal/process/task_queues:95:5)
          at /data/Workspace/helios/starwards/modules/core/src/client/connection-manager.ts:131:21

      at ConnectionManager.onConnectionError (modules/core/src/client/connection-manager.ts:144:21)

    console.log
      connection error: Error: disconnected from server
          at EventEmitter.<anonymous> (/data/Workspace/helios/starwards/modules/core/src/client/driver.ts:53:58)
          at /data/Workspace/helios/starwards/node_modules/colyseus.js/src/core/signal.ts:15:48
          at Array.forEach (<anonymous>)
          at EventEmitter.invoke (/data/Workspace/helios/starwards/node_modules/colyseus.js/src/core/signal.ts:15:19)
          at Function.register.invoke (/data/Workspace/helios/starwards/node_modules/colyseus.js/src/core/signal.ts:57:81)
          at WebSocket.connection.events.onclose (/data/Workspace/helios/starwards/node_modules/colyseus.js/src/Room.ts:89:30)
          at callListener (/data/Workspace/helios/starwards/node_modules/colyseus.js/node_modules/ws/lib/event-target.js:290:14)
          at WebSocket.onClose (/data/Workspace/helios/starwards/node_modules/colyseus.js/node_modules/ws/lib/event-target.js:220:9)
          at WebSocket.emit (node:events:524:28)
          at WebSocket.emitClose (/data/Workspace/helios/starwards/node_modules/colyseus.js/node_modules/ws/lib/websocket.js:272:10)
          at Socket.socketOnClose (/data/Workspace/helios/starwards/node_modules/colyseus.js/node_modules/ws/lib/websocket.js:1341:15)
          at Socket.emit (node:events:524:28)
          at TCP.<anonymous> (node:net:343:12)

      at ConnectionManager.onConnectionError (modules/core/src/client/connection-manager.ts:144:21)
          at Array.forEach (<anonymous>)

    console.log
      connection error: TypeError: Cannot read properties of undefined (reading 'decoder')
          at wireEvents (/data/Workspace/helios/starwards/node_modules/colyseus-events/src/wire-events.ts:30:40)
          at /data/Workspace/helios/starwards/modules/core/src/client/admin.ts:20:5
          at processTicksAndRejections (node:internal/process/task_queues:95:5)
          at /data/Workspace/helios/starwards/modules/core/src/client/connection-manager.ts:131:21

      at ConnectionManager.onConnectionError (modules/core/src/client/connection-manager.ts:144:21)

    console.log
      connection error: Error: disconnected from server
          at EventEmitter.<anonymous> (/data/Workspace/helios/starwards/modules/core/src/client/driver.ts:53:58)
          at /data/Workspace/helios/starwards/node_modules/colyseus.js/src/core/signal.ts:15:48
          at Array.forEach (<anonymous>)
          at EventEmitter.invoke (/data/Workspace/helios/starwards/node_modules/colyseus.js/src/core/signal.ts:15:19)
          at Function.register.invoke (/data/Workspace/helios/starwards/node_modules/colyseus.js/src/core/signal.ts:57:81)
          at WebSocket.connection.events.onclose (/data/Workspace/helios/starwards/node_modules/colyseus.js/src/Room.ts:89:30)
          at callListener (/data/Workspace/helios/starwards/node_modules/colyseus.js/node_modules/ws/lib/event-target.js:290:14)
          at WebSocket.onClose (/data/Workspace/helios/starwards/node_modules/colyseus.js/node_modules/ws/lib/event-target.js:220:9)
          at WebSocket.emit (node:events:524:28)
          at WebSocket.emitClose (/data/Workspace/helios/starwards/node_modules/colyseus.js/node_modules/ws/lib/websocket.js:272:10)
          at Socket.socketOnClose (/data/Workspace/helios/starwards/node_modules/colyseus.js/node_modules/ws/lib/websocket.js:1341:15)
          at Socket.emit (node:events:524:28)
          at TCP.<anonymous> (node:net:343:12)

      at ConnectionManager.onConnectionError (modules/core/src/client/connection-manager.ts:144:21)
          at Array.forEach (<anonymous>)

    console.log
      connection error: TypeError: Cannot read properties of undefined (reading 'decoder')
          at wireEvents (/data/Workspace/helios/starwards/node_modules/colyseus-events/src/wire-events.ts:30:40)
          at /data/Workspace/helios/starwards/modules/core/src/client/admin.ts:20:5
          at processTicksAndRejections (node:internal/process/task_queues:95:5)
          at /data/Workspace/helios/starwards/modules/core/src/client/connection-manager.ts:131:21

      at ConnectionManager.onConnectionError (modules/core/src/client/connection-manager.ts:144:21)

    console.log
      connection error: Error: disconnected from server
          at EventEmitter.<anonymous> (/data/Workspace/helios/starwards/modules/core/src/client/driver.ts:53:58)
          at /data/Workspace/helios/starwards/node_modules/colyseus.js/src/core/signal.ts:15:48
          at Array.forEach (<anonymous>)
          at EventEmitter.invoke (/data/Workspace/helios/starwards/node_modules/colyseus.js/src/core/signal.ts:15:19)
          at Function.register.invoke (/data/Workspace/helios/starwards/node_modules/colyseus.js/src/core/signal.ts:57:81)
          at WebSocket.connection.events.onclose (/data/Workspace/helios/starwards/node_modules/colyseus.js/src/Room.ts:89:30)
          at callListener (/data/Workspace/helios/starwards/node_modules/colyseus.js/node_modules/ws/lib/event-target.js:290:14)
          at WebSocket.onClose (/data/Workspace/helios/starwards/node_modules/colyseus.js/node_modules/ws/lib/event-target.js:220:9)
          at WebSocket.emit (node:events:524:28)
          at WebSocket.emitClose (/data/Workspace/helios/starwards/node_modules/colyseus.js/node_modules/ws/lib/websocket.js:272:10)
          at Socket.socketOnClose (/data/Workspace/helios/starwards/node_modules/colyseus.js/node_modules/ws/lib/websocket.js:1341:15)
          at Socket.emit (node:events:524:28)
          at TCP.<anonymous> (node:net:343:12)

      at ConnectionManager.onConnectionError (modules/core/src/client/connection-manager.ts:144:21)
          at Array.forEach (<anonymous>)

    console.log
      connection error: TypeError: Cannot read properties of undefined (reading 'decoder')
          at wireEvents (/data/Workspace/helios/starwards/node_modules/colyseus-events/src/wire-events.ts:30:40)
          at /data/Workspace/helios/starwards/modules/core/src/client/admin.ts:20:5
          at processTicksAndRejections (node:internal/process/task_queues:95:5)
          at /data/Workspace/helios/starwards/modules/core/src/client/connection-manager.ts:131:21

      at ConnectionManager.onConnectionError (modules/core/src/client/connection-manager.ts:144:21)

    console.log
      connection error: Error: disconnected from server
          at EventEmitter.<anonymous> (/data/Workspace/helios/starwards/modules/core/src/client/driver.ts:53:58)
          at /data/Workspace/helios/starwards/node_modules/colyseus.js/src/core/signal.ts:15:48
          at Array.forEach (<anonymous>)
          at EventEmitter.invoke (/data/Workspace/helios/starwards/node_modules/colyseus.js/src/core/signal.ts:15:19)
          at Function.register.invoke (/data/Workspace/helios/starwards/node_modules/colyseus.js/src/core/signal.ts:57:81)
          at WebSocket.connection.events.onclose (/data/Workspace/helios/starwards/node_modules/colyseus.js/src/Room.ts:89:30)
          at callListener (/data/Workspace/helios/starwards/node_modules/colyseus.js/node_modules/ws/lib/event-target.js:290:14)
          at WebSocket.onClose (/data/Workspace/helios/starwards/node_modules/colyseus.js/node_modules/ws/lib/event-target.js:220:9)
          at WebSocket.emit (node:events:524:28)
          at WebSocket.emitClose (/data/Workspace/helios/starwards/node_modules/colyseus.js/node_modules/ws/lib/websocket.js:272:10)
          at Socket.socketOnClose (/data/Workspace/helios/starwards/node_modules/colyseus.js/node_modules/ws/lib/websocket.js:1341:15)
          at Socket.emit (node:events:524:28)
          at TCP.<anonymous> (node:net:343:12)

      at ConnectionManager.onConnectionError (modules/core/src/client/connection-manager.ts:144:21)
          at Array.forEach (<anonymous>)

    console.log
      connection error: TypeError: Cannot read properties of undefined (reading 'decoder')
          at wireEvents (/data/Workspace/helios/starwards/node_modules/colyseus-events/src/wire-events.ts:30:40)
          at /data/Workspace/helios/starwards/modules/core/src/client/admin.ts:20:5
          at processTicksAndRejections (node:internal/process/task_queues:95:5)
          at /data/Workspace/helios/starwards/modules/core/src/client/connection-manager.ts:131:21

      at ConnectionManager.onConnectionError (modules/core/src/client/connection-manager.ts:144:21)

    console.log
      connection error: Error: disconnected from server
          at EventEmitter.<anonymous> (/data/Workspace/helios/starwards/modules/core/src/client/driver.ts:53:58)
          at /data/Workspace/helios/starwards/node_modules/colyseus.js/src/core/signal.ts:15:48
          at Array.forEach (<anonymous>)
          at EventEmitter.invoke (/data/Workspace/helios/starwards/node_modules/colyseus.js/src/core/signal.ts:15:19)
          at Function.register.invoke (/data/Workspace/helios/starwards/node_modules/colyseus.js/src/core/signal.ts:57:81)
          at WebSocket.connection.events.onclose (/data/Workspace/helios/starwards/node_modules/colyseus.js/src/Room.ts:89:30)
          at callListener (/data/Workspace/helios/starwards/node_modules/colyseus.js/node_modules/ws/lib/event-target.js:290:14)
          at WebSocket.onClose (/data/Workspace/helios/starwards/node_modules/colyseus.js/node_modules/ws/lib/event-target.js:220:9)
          at WebSocket.emit (node:events:524:28)
          at WebSocket.emitClose (/data/Workspace/helios/starwards/node_modules/colyseus.js/node_modules/ws/lib/websocket.js:272:10)
          at Socket.socketOnClose (/data/Workspace/helios/starwards/node_modules/colyseus.js/node_modules/ws/lib/websocket.js:1341:15)
          at Socket.emit (node:events:524:28)
          at TCP.<anonymous> (node:net:343:12)

      at ConnectionManager.onConnectionError (modules/core/src/client/connection-manager.ts:144:21)
          at Array.forEach (<anonymous>)

    console.log
      connection error: TypeError: Cannot read properties of undefined (reading 'decoder')
          at wireEvents (/data/Workspace/helios/starwards/node_modules/colyseus-events/src/wire-events.ts:30:40)
          at /data/Workspace/helios/starwards/modules/core/src/client/admin.ts:20:5
          at processTicksAndRejections (node:internal/process/task_queues:95:5)
          at /data/Workspace/helios/starwards/modules/core/src/client/connection-manager.ts:131:21

      at ConnectionManager.onConnectionError (modules/core/src/client/connection-manager.ts:144:21)

    console.log
      connection error: Error: disconnected from server
          at EventEmitter.<anonymous> (/data/Workspace/helios/starwards/modules/core/src/client/driver.ts:53:58)
          at /data/Workspace/helios/starwards/node_modules/colyseus.js/src/core/signal.ts:15:48
          at Array.forEach (<anonymous>)
          at EventEmitter.invoke (/data/Workspace/helios/starwards/node_modules/colyseus.js/src/core/signal.ts:15:19)
          at Function.register.invoke (/data/Workspace/helios/starwards/node_modules/colyseus.js/src/core/signal.ts:57:81)
          at WebSocket.connection.events.onclose (/data/Workspace/helios/starwards/node_modules/colyseus.js/src/Room.ts:89:30)
          at callListener (/data/Workspace/helios/starwards/node_modules/colyseus.js/node_modules/ws/lib/event-target.js:290:14)
          at WebSocket.onClose (/data/Workspace/helios/starwards/node_modules/colyseus.js/node_modules/ws/lib/event-target.js:220:9)
          at WebSocket.emit (node:events:524:28)
          at WebSocket.emitClose (/data/Workspace/helios/starwards/node_modules/colyseus.js/node_modules/ws/lib/websocket.js:272:10)
          at Socket.socketOnClose (/data/Workspace/helios/starwards/node_modules/colyseus.js/node_modules/ws/lib/websocket.js:1341:15)
          at Socket.emit (node:events:524:28)
          at TCP.<anonymous> (node:net:343:12)

      at ConnectionManager.onConnectionError (modules/core/src/client/connection-manager.ts:144:21)
          at Array.forEach (<anonymous>)

    console.log
      connection error: TypeError: Cannot read properties of undefined (reading 'decoder')
          at wireEvents (/data/Workspace/helios/starwards/node_modules/colyseus-events/src/wire-events.ts:30:40)
          at /data/Workspace/helios/starwards/modules/core/src/client/admin.ts:20:5
          at processTicksAndRejections (node:internal/process/task_queues:95:5)
          at /data/Workspace/helios/starwards/modules/core/src/client/connection-manager.ts:131:21

      at ConnectionManager.onConnectionError (modules/core/src/client/connection-manager.ts:144:21)

    console.log
      connection error: Error: disconnected from server
          at EventEmitter.<anonymous> (/data/Workspace/helios/starwards/modules/core/src/client/driver.ts:53:58)
          at /data/Workspace/helios/starwards/node_modules/colyseus.js/src/core/signal.ts:15:48
          at Array.forEach (<anonymous>)
          at EventEmitter.invoke (/data/Workspace/helios/starwards/node_modules/colyseus.js/src/core/signal.ts:15:19)
          at Function.register.invoke (/data/Workspace/helios/starwards/node_modules/colyseus.js/src/core/signal.ts:57:81)
          at WebSocket.connection.events.onclose (/data/Workspace/helios/starwards/node_modules/colyseus.js/src/Room.ts:89:30)
          at callListener (/data/Workspace/helios/starwards/node_modules/colyseus.js/node_modules/ws/lib/event-target.js:290:14)
          at WebSocket.onClose (/data/Workspace/helios/starwards/node_modules/colyseus.js/node_modules/ws/lib/event-target.js:220:9)
          at WebSocket.emit (node:events:524:28)
          at WebSocket.emitClose (/data/Workspace/helios/starwards/node_modules/colyseus.js/node_modules/ws/lib/websocket.js:272:10)
          at Socket.socketOnClose (/data/Workspace/helios/starwards/node_modules/colyseus.js/node_modules/ws/lib/websocket.js:1341:15)
          at Socket.emit (node:events:524:28)
          at TCP.<anonymous> (node:net:343:12)

      at ConnectionManager.onConnectionError (modules/core/src/client/connection-manager.ts:144:21)
          at Array.forEach (<anonymous>)

    console.log
      connection error: TypeError: Cannot read properties of undefined (reading 'decoder')
          at wireEvents (/data/Workspace/helios/starwards/node_modules/colyseus-events/src/wire-events.ts:30:40)
          at /data/Workspace/helios/starwards/modules/core/src/client/admin.ts:20:5
          at processTicksAndRejections (node:internal/process/task_queues:95:5)
          at /data/Workspace/helios/starwards/modules/core/src/client/connection-manager.ts:131:21

      at ConnectionManager.onConnectionError (modules/core/src/client/connection-manager.ts:144:21)

    console.log
      connection error: Error: disconnected from server
          at EventEmitter.<anonymous> (/data/Workspace/helios/starwards/modules/core/src/client/driver.ts:53:58)
          at /data/Workspace/helios/starwards/node_modules/colyseus.js/src/core/signal.ts:15:48
          at Array.forEach (<anonymous>)
          at EventEmitter.invoke (/data/Workspace/helios/starwards/node_modules/colyseus.js/src/core/signal.ts:15:19)
          at Function.register.invoke (/data/Workspace/helios/starwards/node_modules/colyseus.js/src/core/signal.ts:57:81)
          at WebSocket.connection.events.onclose (/data/Workspace/helios/starwards/node_modules/colyseus.js/src/Room.ts:89:30)
          at callListener (/data/Workspace/helios/starwards/node_modules/colyseus.js/node_modules/ws/lib/event-target.js:290:14)
          at WebSocket.onClose (/data/Workspace/helios/starwards/node_modules/colyseus.js/node_modules/ws/lib/event-target.js:220:9)
          at WebSocket.emit (node:events:524:28)
          at WebSocket.emitClose (/data/Workspace/helios/starwards/node_modules/colyseus.js/node_modules/ws/lib/websocket.js:272:10)
          at Socket.socketOnClose (/data/Workspace/helios/starwards/node_modules/colyseus.js/node_modules/ws/lib/websocket.js:1341:15)
          at Socket.emit (node:events:524:28)
          at TCP.<anonymous> (node:net:343:12)

      at ConnectionManager.onConnectionError (modules/core/src/client/connection-manager.ts:144:21)
          at Array.forEach (<anonymous>)

    console.log
      connection error: TypeError: Cannot read properties of undefined (reading 'decoder')
          at wireEvents (/data/Workspace/helios/starwards/node_modules/colyseus-events/src/wire-events.ts:30:40)
          at /data/Workspace/helios/starwards/modules/core/src/client/admin.ts:20:5
          at processTicksAndRejections (node:internal/process/task_queues:95:5)
          at /data/Workspace/helios/starwards/modules/core/src/client/connection-manager.ts:131:21

      at ConnectionManager.onConnectionError (modules/core/src/client/connection-manager.ts:144:21)

    console.log
      connection error: Error: disconnected from server
          at EventEmitter.<anonymous> (/data/Workspace/helios/starwards/modules/core/src/client/driver.ts:53:58)
          at /data/Workspace/helios/starwards/node_modules/colyseus.js/src/core/signal.ts:15:48
          at Array.forEach (<anonymous>)
          at EventEmitter.invoke (/data/Workspace/helios/starwards/node_modules/colyseus.js/src/core/signal.ts:15:19)
          at Function.register.invoke (/data/Workspace/helios/starwards/node_modules/colyseus.js/src/core/signal.ts:57:81)
          at WebSocket.connection.events.onclose (/data/Workspace/helios/starwards/node_modules/colyseus.js/src/Room.ts:89:30)
          at callListener (/data/Workspace/helios/starwards/node_modules/colyseus.js/node_modules/ws/lib/event-target.js:290:14)
          at WebSocket.onClose (/data/Workspace/helios/starwards/node_modules/colyseus.js/node_modules/ws/lib/event-target.js:220:9)
          at WebSocket.emit (node:events:524:28)
          at WebSocket.emitClose (/data/Workspace/helios/starwards/node_modules/colyseus.js/node_modules/ws/lib/websocket.js:272:10)
          at Socket.socketOnClose (/data/Workspace/helios/starwards/node_modules/colyseus.js/node_modules/ws/lib/websocket.js:1341:15)
          at Socket.emit (node:events:524:28)
          at TCP.<anonymous> (node:net:343:12)

      at ConnectionManager.onConnectionError (modules/core/src/client/connection-manager.ts:144:21)
          at Array.forEach (<anonymous>)

    console.log
      connection error: TypeError: Cannot read properties of undefined (reading 'decoder')
          at wireEvents (/data/Workspace/helios/starwards/node_modules/colyseus-events/src/wire-events.ts:30:40)
          at /data/Workspace/helios/starwards/modules/core/src/client/admin.ts:20:5
          at processTicksAndRejections (node:internal/process/task_queues:95:5)
          at /data/Workspace/helios/starwards/modules/core/src/client/connection-manager.ts:131:21

      at ConnectionManager.onConnectionError (modules/core/src/client/connection-manager.ts:144:21)

    console.log
      connection error: Error: disconnected from server
          at EventEmitter.<anonymous> (/data/Workspace/helios/starwards/modules/core/src/client/driver.ts:53:58)
          at /data/Workspace/helios/starwards/node_modules/colyseus.js/src/core/signal.ts:15:48
          at Array.forEach (<anonymous>)
          at EventEmitter.invoke (/data/Workspace/helios/starwards/node_modules/colyseus.js/src/core/signal.ts:15:19)
          at Function.register.invoke (/data/Workspace/helios/starwards/node_modules/colyseus.js/src/core/signal.ts:57:81)
          at WebSocket.connection.events.onclose (/data/Workspace/helios/starwards/node_modules/colyseus.js/src/Room.ts:89:30)
          at callListener (/data/Workspace/helios/starwards/node_modules/colyseus.js/node_modules/ws/lib/event-target.js:290:14)
          at WebSocket.onClose (/data/Workspace/helios/starwards/node_modules/colyseus.js/node_modules/ws/lib/event-target.js:220:9)
          at WebSocket.emit (node:events:524:28)
          at WebSocket.emitClose (/data/Workspace/helios/starwards/node_modules/colyseus.js/node_modules/ws/lib/websocket.js:272:10)
          at Socket.socketOnClose (/data/Workspace/helios/starwards/node_modules/colyseus.js/node_modules/ws/lib/websocket.js:1341:15)
          at Socket.emit (node:events:524:28)
          at TCP.<anonymous> (node:net:343:12)

      at ConnectionManager.onConnectionError (modules/core/src/client/connection-manager.ts:144:21)
          at Array.forEach (<anonymous>)

    console.log
      connection error: TypeError: Cannot read properties of undefined (reading 'decoder')
          at wireEvents (/data/Workspace/helios/starwards/node_modules/colyseus-events/src/wire-events.ts:30:40)
          at /data/Workspace/helios/starwards/modules/core/src/client/admin.ts:20:5
          at processTicksAndRejections (node:internal/process/task_queues:95:5)
          at /data/Workspace/helios/starwards/modules/core/src/client/connection-manager.ts:131:21

      at ConnectionManager.onConnectionError (modules/core/src/client/connection-manager.ts:144:21)

    console.log
      connection error: Error: disconnected from server
          at EventEmitter.<anonymous> (/data/Workspace/helios/starwards/modules/core/src/client/driver.ts:53:58)
          at /data/Workspace/helios/starwards/node_modules/colyseus.js/src/core/signal.ts:15:48
          at Array.forEach (<anonymous>)
          at EventEmitter.invoke (/data/Workspace/helios/starwards/node_modules/colyseus.js/src/core/signal.ts:15:19)
          at Function.register.invoke (/data/Workspace/helios/starwards/node_modules/colyseus.js/src/core/signal.ts:57:81)
          at WebSocket.connection.events.onclose (/data/Workspace/helios/starwards/node_modules/colyseus.js/src/Room.ts:89:30)
          at callListener (/data/Workspace/helios/starwards/node_modules/colyseus.js/node_modules/ws/lib/event-target.js:290:14)
          at WebSocket.onClose (/data/Workspace/helios/starwards/node_modules/colyseus.js/node_modules/ws/lib/event-target.js:220:9)
          at WebSocket.emit (node:events:524:28)
          at WebSocket.emitClose (/data/Workspace/helios/starwards/node_modules/colyseus.js/node_modules/ws/lib/websocket.js:272:10)
          at Socket.socketOnClose (/data/Workspace/helios/starwards/node_modules/colyseus.js/node_modules/ws/lib/websocket.js:1341:15)
          at Socket.emit (node:events:524:28)
          at TCP.<anonymous> (node:net:343:12)

      at ConnectionManager.onConnectionError (modules/core/src/client/connection-manager.ts:144:21)
          at Array.forEach (<anonymous>)

    console.log
      connection error: TypeError: Cannot read properties of undefined (reading 'decoder')
          at wireEvents (/data/Workspace/helios/starwards/node_modules/colyseus-events/src/wire-events.ts:30:40)
          at /data/Workspace/helios/starwards/modules/core/src/client/admin.ts:20:5
          at processTicksAndRejections (node:internal/process/task_queues:95:5)
          at /data/Workspace/helios/starwards/modules/core/src/client/connection-manager.ts:131:21

      at ConnectionManager.onConnectionError (modules/core/src/client/connection-manager.ts:144:21)

    console.log
      connection error: Error: disconnected from server
          at EventEmitter.<anonymous> (/data/Workspace/helios/starwards/modules/core/src/client/driver.ts:53:58)
          at /data/Workspace/helios/starwards/node_modules/colyseus.js/src/core/signal.ts:15:48
          at Array.forEach (<anonymous>)
          at EventEmitter.invoke (/data/Workspace/helios/starwards/node_modules/colyseus.js/src/core/signal.ts:15:19)
          at Function.register.invoke (/data/Workspace/helios/starwards/node_modules/colyseus.js/src/core/signal.ts:57:81)
          at WebSocket.connection.events.onclose (/data/Workspace/helios/starwards/node_modules/colyseus.js/src/Room.ts:89:30)
          at callListener (/data/Workspace/helios/starwards/node_modules/colyseus.js/node_modules/ws/lib/event-target.js:290:14)
          at WebSocket.onClose (/data/Workspace/helios/starwards/node_modules/colyseus.js/node_modules/ws/lib/event-target.js:220:9)
          at WebSocket.emit (node:events:524:28)
          at WebSocket.emitClose (/data/Workspace/helios/starwards/node_modules/colyseus.js/node_modules/ws/lib/websocket.js:272:10)
          at Socket.socketOnClose (/data/Workspace/helios/starwards/node_modules/colyseus.js/node_modules/ws/lib/websocket.js:1341:15)
          at Socket.emit (node:events:524:28)
          at TCP.<anonymous> (node:net:343:12)

      at ConnectionManager.onConnectionError (modules/core/src/client/connection-manager.ts:144:21)
          at Array.forEach (<anonymous>)

    console.log
      connection error: TypeError: Cannot read properties of undefined (reading 'decoder')
          at wireEvents (/data/Workspace/helios/starwards/node_modules/colyseus-events/src/wire-events.ts:30:40)
          at /data/Workspace/helios/starwards/modules/core/src/client/admin.ts:20:5
          at processTicksAndRejections (node:internal/process/task_queues:95:5)
          at /data/Workspace/helios/starwards/modules/core/src/client/connection-manager.ts:131:21

      at ConnectionManager.onConnectionError (modules/core/src/client/connection-manager.ts:144:21)

    console.log
      connection error: Error: disconnected from server
          at EventEmitter.<anonymous> (/data/Workspace/helios/starwards/modules/core/src/client/driver.ts:53:58)
          at /data/Workspace/helios/starwards/node_modules/colyseus.js/src/core/signal.ts:15:48
          at Array.forEach (<anonymous>)
          at EventEmitter.invoke (/data/Workspace/helios/starwards/node_modules/colyseus.js/src/core/signal.ts:15:19)
          at Function.register.invoke (/data/Workspace/helios/starwards/node_modules/colyseus.js/src/core/signal.ts:57:81)
          at WebSocket.connection.events.onclose (/data/Workspace/helios/starwards/node_modules/colyseus.js/src/Room.ts:89:30)
          at callListener (/data/Workspace/helios/starwards/node_modules/colyseus.js/node_modules/ws/lib/event-target.js:290:14)
          at WebSocket.onClose (/data/Workspace/helios/starwards/node_modules/colyseus.js/node_modules/ws/lib/event-target.js:220:9)
          at WebSocket.emit (node:events:524:28)
          at WebSocket.emitClose (/data/Workspace/helios/starwards/node_modules/colyseus.js/node_modules/ws/lib/websocket.js:272:10)
          at Socket.socketOnClose (/data/Workspace/helios/starwards/node_modules/colyseus.js/node_modules/ws/lib/websocket.js:1341:15)
          at Socket.emit (node:events:524:28)
          at TCP.<anonymous> (node:net:343:12)

      at ConnectionManager.onConnectionError (modules/core/src/client/connection-manager.ts:144:21)
          at Array.forEach (<anonymous>)

    console.log
      connection error: TypeError: Cannot read properties of undefined (reading 'decoder')
          at wireEvents (/data/Workspace/helios/starwards/node_modules/colyseus-events/src/wire-events.ts:30:40)
          at /data/Workspace/helios/starwards/modules/core/src/client/admin.ts:20:5
          at processTicksAndRejections (node:internal/process/task_queues:95:5)
          at /data/Workspace/helios/starwards/modules/core/src/client/connection-manager.ts:131:21

      at ConnectionManager.onConnectionError (modules/core/src/client/connection-manager.ts:144:21)

    console.log
      connection error: Error: disconnected from server
          at EventEmitter.<anonymous> (/data/Workspace/helios/starwards/modules/core/src/client/driver.ts:53:58)
          at /data/Workspace/helios/starwards/node_modules/colyseus.js/src/core/signal.ts:15:48
          at Array.forEach (<anonymous>)
          at EventEmitter.invoke (/data/Workspace/helios/starwards/node_modules/colyseus.js/src/core/signal.ts:15:19)
          at Function.register.invoke (/data/Workspace/helios/starwards/node_modules/colyseus.js/src/core/signal.ts:57:81)
          at WebSocket.connection.events.onclose (/data/Workspace/helios/starwards/node_modules/colyseus.js/src/Room.ts:89:30)
          at callListener (/data/Workspace/helios/starwards/node_modules/colyseus.js/node_modules/ws/lib/event-target.js:290:14)
          at WebSocket.onClose (/data/Workspace/helios/starwards/node_modules/colyseus.js/node_modules/ws/lib/event-target.js:220:9)
          at WebSocket.emit (node:events:524:28)
          at WebSocket.emitClose (/data/Workspace/helios/starwards/node_modules/colyseus.js/node_modules/ws/lib/websocket.js:272:10)
          at Socket.socketOnClose (/data/Workspace/helios/starwards/node_modules/colyseus.js/node_modules/ws/lib/websocket.js:1341:15)
          at Socket.emit (node:events:524:28)
          at TCP.<anonymous> (node:net:343:12)

      at ConnectionManager.onConnectionError (modules/core/src/client/connection-manager.ts:144:21)
          at Array.forEach (<anonymous>)

    console.log
      connection error: TypeError: Cannot read properties of undefined (reading 'decoder')
          at wireEvents (/data/Workspace/helios/starwards/node_modules/colyseus-events/src/wire-events.ts:30:40)
          at /data/Workspace/helios/starwards/modules/core/src/client/admin.ts:20:5
          at processTicksAndRejections (node:internal/process/task_queues:95:5)
          at /data/Workspace/helios/starwards/modules/core/src/client/connection-manager.ts:131:21

      at ConnectionManager.onConnectionError (modules/core/src/client/connection-manager.ts:144:21)

    console.log
      connection error: Error: disconnected from server
          at EventEmitter.<anonymous> (/data/Workspace/helios/starwards/modules/core/src/client/driver.ts:53:58)
          at /data/Workspace/helios/starwards/node_modules/colyseus.js/src/core/signal.ts:15:48
          at Array.forEach (<anonymous>)
          at EventEmitter.invoke (/data/Workspace/helios/starwards/node_modules/colyseus.js/src/core/signal.ts:15:19)
          at Function.register.invoke (/data/Workspace/helios/starwards/node_modules/colyseus.js/src/core/signal.ts:57:81)
          at WebSocket.connection.events.onclose (/data/Workspace/helios/starwards/node_modules/colyseus.js/src/Room.ts:89:30)
          at callListener (/data/Workspace/helios/starwards/node_modules/colyseus.js/node_modules/ws/lib/event-target.js:290:14)
          at WebSocket.onClose (/data/Workspace/helios/starwards/node_modules/colyseus.js/node_modules/ws/lib/event-target.js:220:9)
          at WebSocket.emit (node:events:524:28)
          at WebSocket.emitClose (/data/Workspace/helios/starwards/node_modules/colyseus.js/node_modules/ws/lib/websocket.js:272:10)
          at Socket.socketOnClose (/data/Workspace/helios/starwards/node_modules/colyseus.js/node_modules/ws/lib/websocket.js:1341:15)
          at Socket.emit (node:events:524:28)
          at TCP.<anonymous> (node:net:343:12)

      at ConnectionManager.onConnectionError (modules/core/src/client/connection-manager.ts:144:21)
          at Array.forEach (<anonymous>)

    console.log
      connection error: TypeError: Cannot read properties of undefined (reading 'decoder')
          at wireEvents (/data/Workspace/helios/starwards/node_modules/colyseus-events/src/wire-events.ts:30:40)
          at /data/Workspace/helios/starwards/modules/core/src/client/admin.ts:20:5
          at processTicksAndRejections (node:internal/process/task_queues:95:5)
          at /data/Workspace/helios/starwards/modules/core/src/client/connection-manager.ts:131:21

      at ConnectionManager.onConnectionError (modules/core/src/client/connection-manager.ts:144:21)

    console.log
      connection error: Error: disconnected from server
          at EventEmitter.<anonymous> (/data/Workspace/helios/starwards/modules/core/src/client/driver.ts:53:58)
          at /data/Workspace/helios/starwards/node_modules/colyseus.js/src/core/signal.ts:15:48
          at Array.forEach (<anonymous>)
          at EventEmitter.invoke (/data/Workspace/helios/starwards/node_modules/colyseus.js/src/core/signal.ts:15:19)
          at Function.register.invoke (/data/Workspace/helios/starwards/node_modules/colyseus.js/src/core/signal.ts:57:81)
          at WebSocket.connection.events.onclose (/data/Workspace/helios/starwards/node_modules/colyseus.js/src/Room.ts:89:30)
          at callListener (/data/Workspace/helios/starwards/node_modules/colyseus.js/node_modules/ws/lib/event-target.js:290:14)
          at WebSocket.onClose (/data/Workspace/helios/starwards/node_modules/colyseus.js/node_modules/ws/lib/event-target.js:220:9)
          at WebSocket.emit (node:events:524:28)
          at WebSocket.emitClose (/data/Workspace/helios/starwards/node_modules/colyseus.js/node_modules/ws/lib/websocket.js:272:10)
          at Socket.socketOnClose (/data/Workspace/helios/starwards/node_modules/colyseus.js/node_modules/ws/lib/websocket.js:1341:15)
          at Socket.emit (node:events:524:28)
          at TCP.<anonymous> (node:net:343:12)

      at ConnectionManager.onConnectionError (modules/core/src/client/connection-manager.ts:144:21)
          at Array.forEach (<anonymous>)

    console.log
      connection error: TypeError: Cannot read properties of undefined (reading 'decoder')
          at wireEvents (/data/Workspace/helios/starwards/node_modules/colyseus-events/src/wire-events.ts:30:40)
          at /data/Workspace/helios/starwards/modules/core/src/client/admin.ts:20:5
          at processTicksAndRejections (node:internal/process/task_queues:95:5)
          at /data/Workspace/helios/starwards/modules/core/src/client/connection-manager.ts:131:21

      at ConnectionManager.onConnectionError (modules/core/src/client/connection-manager.ts:144:21)

    console.log
      connection error: Error: disconnected from server
          at EventEmitter.<anonymous> (/data/Workspace/helios/starwards/modules/core/src/client/driver.ts:53:58)
          at /data/Workspace/helios/starwards/node_modules/colyseus.js/src/core/signal.ts:15:48
          at Array.forEach (<anonymous>)
          at EventEmitter.invoke (/data/Workspace/helios/starwards/node_modules/colyseus.js/src/core/signal.ts:15:19)
          at Function.register.invoke (/data/Workspace/helios/starwards/node_modules/colyseus.js/src/core/signal.ts:57:81)
          at WebSocket.connection.events.onclose (/data/Workspace/helios/starwards/node_modules/colyseus.js/src/Room.ts:89:30)
          at callListener (/data/Workspace/helios/starwards/node_modules/colyseus.js/node_modules/ws/lib/event-target.js:290:14)
          at WebSocket.onClose (/data/Workspace/helios/starwards/node_modules/colyseus.js/node_modules/ws/lib/event-target.js:220:9)
          at WebSocket.emit (node:events:524:28)
          at WebSocket.emitClose (/data/Workspace/helios/starwards/node_modules/colyseus.js/node_modules/ws/lib/websocket.js:272:10)
          at Socket.socketOnClose (/data/Workspace/helios/starwards/node_modules/colyseus.js/node_modules/ws/lib/websocket.js:1341:15)
          at Socket.emit (node:events:524:28)
          at TCP.<anonymous> (node:net:343:12)

      at ConnectionManager.onConnectionError (modules/core/src/client/connection-manager.ts:144:21)
          at Array.forEach (<anonymous>)

    console.log
      connection error: TypeError: Cannot read properties of undefined (reading 'decoder')
          at wireEvents (/data/Workspace/helios/starwards/node_modules/colyseus-events/src/wire-events.ts:30:40)
          at /data/Workspace/helios/starwards/modules/core/src/client/admin.ts:20:5
          at processTicksAndRejections (node:internal/process/task_queues:95:5)
          at /data/Workspace/helios/starwards/modules/core/src/client/connection-manager.ts:131:21

      at ConnectionManager.onConnectionError (modules/core/src/client/connection-manager.ts:144:21)

    console.log
      connection error: Error: disconnected from server
          at EventEmitter.<anonymous> (/data/Workspace/helios/starwards/modules/core/src/client/driver.ts:53:58)
          at /data/Workspace/helios/starwards/node_modules/colyseus.js/src/core/signal.ts:15:48
          at Array.forEach (<anonymous>)
          at EventEmitter.invoke (/data/Workspace/helios/starwards/node_modules/colyseus.js/src/core/signal.ts:15:19)
          at Function.register.invoke (/data/Workspace/helios/starwards/node_modules/colyseus.js/src/core/signal.ts:57:81)
          at WebSocket.connection.events.onclose (/data/Workspace/helios/starwards/node_modules/colyseus.js/src/Room.ts:89:30)
          at callListener (/data/Workspace/helios/starwards/node_modules/colyseus.js/node_modules/ws/lib/event-target.js:290:14)
          at WebSocket.onClose (/data/Workspace/helios/starwards/node_modules/colyseus.js/node_modules/ws/lib/event-target.js:220:9)
          at WebSocket.emit (node:events:524:28)
          at WebSocket.emitClose (/data/Workspace/helios/starwards/node_modules/colyseus.js/node_modules/ws/lib/websocket.js:272:10)
          at Socket.socketOnClose (/data/Workspace/helios/starwards/node_modules/colyseus.js/node_modules/ws/lib/websocket.js:1341:15)
          at Socket.emit (node:events:524:28)
          at TCP.<anonymous> (node:net:343:12)

      at ConnectionManager.onConnectionError (modules/core/src/client/connection-manager.ts:144:21)
          at Array.forEach (<anonymous>)

    console.log
      connection error: TypeError: Cannot read properties of undefined (reading 'decoder')
          at wireEvents (/data/Workspace/helios/starwards/node_modules/colyseus-events/src/wire-events.ts:30:40)
          at /data/Workspace/helios/starwards/modules/core/src/client/admin.ts:20:5
          at processTicksAndRejections (node:internal/process/task_queues:95:5)
          at /data/Workspace/helios/starwards/modules/core/src/client/connection-manager.ts:131:21

      at ConnectionManager.onConnectionError (modules/core/src/client/connection-manager.ts:144:21)

    console.log
      connection error: Error: disconnected from server
          at EventEmitter.<anonymous> (/data/Workspace/helios/starwards/modules/core/src/client/driver.ts:53:58)
          at /data/Workspace/helios/starwards/node_modules/colyseus.js/src/core/signal.ts:15:48
          at Array.forEach (<anonymous>)
          at EventEmitter.invoke (/data/Workspace/helios/starwards/node_modules/colyseus.js/src/core/signal.ts:15:19)
          at Function.register.invoke (/data/Workspace/helios/starwards/node_modules/colyseus.js/src/core/signal.ts:57:81)
          at WebSocket.connection.events.onclose (/data/Workspace/helios/starwards/node_modules/colyseus.js/src/Room.ts:89:30)
          at callListener (/data/Workspace/helios/starwards/node_modules/colyseus.js/node_modules/ws/lib/event-target.js:290:14)
          at WebSocket.onClose (/data/Workspace/helios/starwards/node_modules/colyseus.js/node_modules/ws/lib/event-target.js:220:9)
          at WebSocket.emit (node:events:524:28)
          at WebSocket.emitClose (/data/Workspace/helios/starwards/node_modules/colyseus.js/node_modules/ws/lib/websocket.js:272:10)
          at Socket.socketOnClose (/data/Workspace/helios/starwards/node_modules/colyseus.js/node_modules/ws/lib/websocket.js:1341:15)
          at Socket.emit (node:events:524:28)
          at TCP.<anonymous> (node:net:343:12)

      at ConnectionManager.onConnectionError (modules/core/src/client/connection-manager.ts:144:21)
          at Array.forEach (<anonymous>)

    console.log
      connection error: TypeError: Cannot read properties of undefined (reading 'decoder')
          at wireEvents (/data/Workspace/helios/starwards/node_modules/colyseus-events/src/wire-events.ts:30:40)
          at /data/Workspace/helios/starwards/modules/core/src/client/admin.ts:20:5
          at processTicksAndRejections (node:internal/process/task_queues:95:5)
          at /data/Workspace/helios/starwards/modules/core/src/client/connection-manager.ts:131:21

      at ConnectionManager.onConnectionError (modules/core/src/client/connection-manager.ts:144:21)

    console.log
      connection error: Error: disconnected from server
          at EventEmitter.<anonymous> (/data/Workspace/helios/starwards/modules/core/src/client/driver.ts:53:58)
          at /data/Workspace/helios/starwards/node_modules/colyseus.js/src/core/signal.ts:15:48
          at Array.forEach (<anonymous>)
          at EventEmitter.invoke (/data/Workspace/helios/starwards/node_modules/colyseus.js/src/core/signal.ts:15:19)
          at Function.register.invoke (/data/Workspace/helios/starwards/node_modules/colyseus.js/src/core/signal.ts:57:81)
          at WebSocket.connection.events.onclose (/data/Workspace/helios/starwards/node_modules/colyseus.js/src/Room.ts:89:30)
          at callListener (/data/Workspace/helios/starwards/node_modules/colyseus.js/node_modules/ws/lib/event-target.js:290:14)
          at WebSocket.onClose (/data/Workspace/helios/starwards/node_modules/colyseus.js/node_modules/ws/lib/event-target.js:220:9)
          at WebSocket.emit (node:events:524:28)
          at WebSocket.emitClose (/data/Workspace/helios/starwards/node_modules/colyseus.js/node_modules/ws/lib/websocket.js:272:10)
          at Socket.socketOnClose (/data/Workspace/helios/starwards/node_modules/colyseus.js/node_modules/ws/lib/websocket.js:1341:15)
          at Socket.emit (node:events:524:28)
          at TCP.<anonymous> (node:net:343:12)

      at ConnectionManager.onConnectionError (modules/core/src/client/connection-manager.ts:144:21)
          at Array.forEach (<anonymous>)

    console.log
      connection error: TypeError: Cannot read properties of undefined (reading 'decoder')
          at wireEvents (/data/Workspace/helios/starwards/node_modules/colyseus-events/src/wire-events.ts:30:40)
          at /data/Workspace/helios/starwards/modules/core/src/client/admin.ts:20:5
          at processTicksAndRejections (node:internal/process/task_queues:95:5)
          at /data/Workspace/helios/starwards/modules/core/src/client/connection-manager.ts:131:21

      at ConnectionManager.onConnectionError (modules/core/src/client/connection-manager.ts:144:21)

    console.log
      connection error: Error: disconnected from server
          at EventEmitter.<anonymous> (/data/Workspace/helios/starwards/modules/core/src/client/driver.ts:53:58)
          at /data/Workspace/helios/starwards/node_modules/colyseus.js/src/core/signal.ts:15:48
          at Array.forEach (<anonymous>)
          at EventEmitter.invoke (/data/Workspace/helios/starwards/node_modules/colyseus.js/src/core/signal.ts:15:19)
          at Function.register.invoke (/data/Workspace/helios/starwards/node_modules/colyseus.js/src/core/signal.ts:57:81)
          at WebSocket.connection.events.onclose (/data/Workspace/helios/starwards/node_modules/colyseus.js/src/Room.ts:89:30)
          at callListener (/data/Workspace/helios/starwards/node_modules/colyseus.js/node_modules/ws/lib/event-target.js:290:14)
          at WebSocket.onClose (/data/Workspace/helios/starwards/node_modules/colyseus.js/node_modules/ws/lib/event-target.js:220:9)
          at WebSocket.emit (node:events:524:28)
          at WebSocket.emitClose (/data/Workspace/helios/starwards/node_modules/colyseus.js/node_modules/ws/lib/websocket.js:272:10)
          at Socket.socketOnClose (/data/Workspace/helios/starwards/node_modules/colyseus.js/node_modules/ws/lib/websocket.js:1341:15)
          at Socket.emit (node:events:524:28)
          at TCP.<anonymous> (node:net:343:12)

      at ConnectionManager.onConnectionError (modules/core/src/client/connection-manager.ts:144:21)
          at Array.forEach (<anonymous>)

    console.log
      connection error: TypeError: Cannot read properties of undefined (reading 'decoder')
          at wireEvents (/data/Workspace/helios/starwards/node_modules/colyseus-events/src/wire-events.ts:30:40)
          at /data/Workspace/helios/starwards/modules/core/src/client/admin.ts:20:5
          at processTicksAndRejections (node:internal/process/task_queues:95:5)
          at /data/Workspace/helios/starwards/modules/core/src/client/connection-manager.ts:131:21

      at ConnectionManager.onConnectionError (modules/core/src/client/connection-manager.ts:144:21)

    console.log
      connection error: Error: disconnected from server
          at EventEmitter.<anonymous> (/data/Workspace/helios/starwards/modules/core/src/client/driver.ts:53:58)
          at /data/Workspace/helios/starwards/node_modules/colyseus.js/src/core/signal.ts:15:48
          at Array.forEach (<anonymous>)
          at EventEmitter.invoke (/data/Workspace/helios/starwards/node_modules/colyseus.js/src/core/signal.ts:15:19)
          at Function.register.invoke (/data/Workspace/helios/starwards/node_modules/colyseus.js/src/core/signal.ts:57:81)
          at WebSocket.connection.events.onclose (/data/Workspace/helios/starwards/node_modules/colyseus.js/src/Room.ts:89:30)
          at callListener (/data/Workspace/helios/starwards/node_modules/colyseus.js/node_modules/ws/lib/event-target.js:290:14)
          at WebSocket.onClose (/data/Workspace/helios/starwards/node_modules/colyseus.js/node_modules/ws/lib/event-target.js:220:9)
          at WebSocket.emit (node:events:524:28)
          at WebSocket.emitClose (/data/Workspace/helios/starwards/node_modules/colyseus.js/node_modules/ws/lib/websocket.js:272:10)
          at Socket.socketOnClose (/data/Workspace/helios/starwards/node_modules/colyseus.js/node_modules/ws/lib/websocket.js:1341:15)
          at Socket.emit (node:events:524:28)
          at TCP.<anonymous> (node:net:343:12)

      at ConnectionManager.onConnectionError (modules/core/src/client/connection-manager.ts:144:21)
          at Array.forEach (<anonymous>)

    console.log
      connection error: TypeError: Cannot read properties of undefined (reading 'decoder')
          at wireEvents (/data/Workspace/helios/starwards/node_modules/colyseus-events/src/wire-events.ts:30:40)
          at /data/Workspace/helios/starwards/modules/core/src/client/admin.ts:20:5
          at processTicksAndRejections (node:internal/process/task_queues:95:5)
          at /data/Workspace/helios/starwards/modules/core/src/client/connection-manager.ts:131:21

      at ConnectionManager.onConnectionError (modules/core/src/client/connection-manager.ts:144:21)

    console.log
      connection error: Error: disconnected from server
          at EventEmitter.<anonymous> (/data/Workspace/helios/starwards/modules/core/src/client/driver.ts:53:58)
          at /data/Workspace/helios/starwards/node_modules/colyseus.js/src/core/signal.ts:15:48
          at Array.forEach (<anonymous>)
          at EventEmitter.invoke (/data/Workspace/helios/starwards/node_modules/colyseus.js/src/core/signal.ts:15:19)
          at Function.register.invoke (/data/Workspace/helios/starwards/node_modules/colyseus.js/src/core/signal.ts:57:81)
          at WebSocket.connection.events.onclose (/data/Workspace/helios/starwards/node_modules/colyseus.js/src/Room.ts:89:30)
          at callListener (/data/Workspace/helios/starwards/node_modules/colyseus.js/node_modules/ws/lib/event-target.js:290:14)
          at WebSocket.onClose (/data/Workspace/helios/starwards/node_modules/colyseus.js/node_modules/ws/lib/event-target.js:220:9)
          at WebSocket.emit (node:events:524:28)
          at WebSocket.emitClose (/data/Workspace/helios/starwards/node_modules/colyseus.js/node_modules/ws/lib/websocket.js:272:10)
          at Socket.socketOnClose (/data/Workspace/helios/starwards/node_modules/colyseus.js/node_modules/ws/lib/websocket.js:1341:15)
          at Socket.emit (node:events:524:28)
          at TCP.<anonymous> (node:net:343:12)

      at ConnectionManager.onConnectionError (modules/core/src/client/connection-manager.ts:144:21)
          at Array.forEach (<anonymous>)

    console.log
      connection error: TypeError: Cannot read properties of undefined (reading 'decoder')
          at wireEvents (/data/Workspace/helios/starwards/node_modules/colyseus-events/src/wire-events.ts:30:40)
          at /data/Workspace/helios/starwards/modules/core/src/client/admin.ts:20:5
          at processTicksAndRejections (node:internal/process/task_queues:95:5)
          at /data/Workspace/helios/starwards/modules/core/src/client/connection-manager.ts:131:21

      at ConnectionManager.onConnectionError (modules/core/src/client/connection-manager.ts:144:21)

    console.log
      connection error: Error: disconnected from server
          at EventEmitter.<anonymous> (/data/Workspace/helios/starwards/modules/core/src/client/driver.ts:53:58)
          at /data/Workspace/helios/starwards/node_modules/colyseus.js/src/core/signal.ts:15:48
          at Array.forEach (<anonymous>)
          at EventEmitter.invoke (/data/Workspace/helios/starwards/node_modules/colyseus.js/src/core/signal.ts:15:19)
          at Function.register.invoke (/data/Workspace/helios/starwards/node_modules/colyseus.js/src/core/signal.ts:57:81)
          at WebSocket.connection.events.onclose (/data/Workspace/helios/starwards/node_modules/colyseus.js/src/Room.ts:89:30)
          at callListener (/data/Workspace/helios/starwards/node_modules/colyseus.js/node_modules/ws/lib/event-target.js:290:14)
          at WebSocket.onClose (/data/Workspace/helios/starwards/node_modules/colyseus.js/node_modules/ws/lib/event-target.js:220:9)
          at WebSocket.emit (node:events:524:28)
          at WebSocket.emitClose (/data/Workspace/helios/starwards/node_modules/colyseus.js/node_modules/ws/lib/websocket.js:272:10)
          at Socket.socketOnClose (/data/Workspace/helios/starwards/node_modules/colyseus.js/node_modules/ws/lib/websocket.js:1341:15)
          at Socket.emit (node:events:524:28)
          at TCP.<anonymous> (node:net:343:12)

      at ConnectionManager.onConnectionError (modules/core/src/client/connection-manager.ts:144:21)
          at Array.forEach (<anonymous>)

    console.log
      connection error: TypeError: Cannot read properties of undefined (reading 'decoder')
          at wireEvents (/data/Workspace/helios/starwards/node_modules/colyseus-events/src/wire-events.ts:30:40)
          at /data/Workspace/helios/starwards/modules/core/src/client/admin.ts:20:5
          at processTicksAndRejections (node:internal/process/task_queues:95:5)
          at /data/Workspace/helios/starwards/modules/core/src/client/connection-manager.ts:131:21

      at ConnectionManager.onConnectionError (modules/core/src/client/connection-manager.ts:144:21)

    console.log
      connection error: Error: disconnected from server
          at EventEmitter.<anonymous> (/data/Workspace/helios/starwards/modules/core/src/client/driver.ts:53:58)
          at /data/Workspace/helios/starwards/node_modules/colyseus.js/src/core/signal.ts:15:48
          at Array.forEach (<anonymous>)
          at EventEmitter.invoke (/data/Workspace/helios/starwards/node_modules/colyseus.js/src/core/signal.ts:15:19)
          at Function.register.invoke (/data/Workspace/helios/starwards/node_modules/colyseus.js/src/core/signal.ts:57:81)
          at WebSocket.connection.events.onclose (/data/Workspace/helios/starwards/node_modules/colyseus.js/src/Room.ts:89:30)
          at callListener (/data/Workspace/helios/starwards/node_modules/colyseus.js/node_modules/ws/lib/event-target.js:290:14)
          at WebSocket.onClose (/data/Workspace/helios/starwards/node_modules/colyseus.js/node_modules/ws/lib/event-target.js:220:9)
          at WebSocket.emit (node:events:524:28)
          at WebSocket.emitClose (/data/Workspace/helios/starwards/node_modules/colyseus.js/node_modules/ws/lib/websocket.js:272:10)
          at Socket.socketOnClose (/data/Workspace/helios/starwards/node_modules/colyseus.js/node_modules/ws/lib/websocket.js:1341:15)
          at Socket.emit (node:events:524:28)
          at TCP.<anonymous> (node:net:343:12)

      at ConnectionManager.onConnectionError (modules/core/src/client/connection-manager.ts:144:21)
          at Array.forEach (<anonymous>)

    console.log
      connection error: TypeError: Cannot read properties of undefined (reading 'decoder')
          at wireEvents (/data/Workspace/helios/starwards/node_modules/colyseus-events/src/wire-events.ts:30:40)
          at /data/Workspace/helios/starwards/modules/core/src/client/admin.ts:20:5
          at processTicksAndRejections (node:internal/process/task_queues:95:5)
          at /data/Workspace/helios/starwards/modules/core/src/client/connection-manager.ts:131:21

      at ConnectionManager.onConnectionError (modules/core/src/client/connection-manager.ts:144:21)

    console.log
      connection error: Error: disconnected from server
          at EventEmitter.<anonymous> (/data/Workspace/helios/starwards/modules/core/src/client/driver.ts:53:58)
          at /data/Workspace/helios/starwards/node_modules/colyseus.js/src/core/signal.ts:15:48
          at Array.forEach (<anonymous>)
          at EventEmitter.invoke (/data/Workspace/helios/starwards/node_modules/colyseus.js/src/core/signal.ts:15:19)
          at Function.register.invoke (/data/Workspace/helios/starwards/node_modules/colyseus.js/src/core/signal.ts:57:81)
          at WebSocket.connection.events.onclose (/data/Workspace/helios/starwards/node_modules/colyseus.js/src/Room.ts:89:30)
          at callListener (/data/Workspace/helios/starwards/node_modules/colyseus.js/node_modules/ws/lib/event-target.js:290:14)
          at WebSocket.onClose (/data/Workspace/helios/starwards/node_modules/colyseus.js/node_modules/ws/lib/event-target.js:220:9)
          at WebSocket.emit (node:events:524:28)
          at WebSocket.emitClose (/data/Workspace/helios/starwards/node_modules/colyseus.js/node_modules/ws/lib/websocket.js:272:10)
          at Socket.socketOnClose (/data/Workspace/helios/starwards/node_modules/colyseus.js/node_modules/ws/lib/websocket.js:1341:15)
          at Socket.emit (node:events:524:28)
          at TCP.<anonymous> (node:net:343:12)

      at ConnectionManager.onConnectionError (modules/core/src/client/connection-manager.ts:144:21)
          at Array.forEach (<anonymous>)

    console.log
      connection error: TypeError: Cannot read properties of undefined (reading 'decoder')
          at wireEvents (/data/Workspace/helios/starwards/node_modules/colyseus-events/src/wire-events.ts:30:40)
          at /data/Workspace/helios/starwards/modules/core/src/client/admin.ts:20:5
          at processTicksAndRejections (node:internal/process/task_queues:95:5)
          at /data/Workspace/helios/starwards/modules/core/src/client/connection-manager.ts:131:21

      at ConnectionManager.onConnectionError (modules/core/src/client/connection-manager.ts:144:21)

    console.log
      connection error: Error: disconnected from server
          at EventEmitter.<anonymous> (/data/Workspace/helios/starwards/modules/core/src/client/driver.ts:53:58)
          at /data/Workspace/helios/starwards/node_modules/colyseus.js/src/core/signal.ts:15:48
          at Array.forEach (<anonymous>)
          at EventEmitter.invoke (/data/Workspace/helios/starwards/node_modules/colyseus.js/src/core/signal.ts:15:19)
          at Function.register.invoke (/data/Workspace/helios/starwards/node_modules/colyseus.js/src/core/signal.ts:57:81)
          at WebSocket.connection.events.onclose (/data/Workspace/helios/starwards/node_modules/colyseus.js/src/Room.ts:89:30)
          at callListener (/data/Workspace/helios/starwards/node_modules/colyseus.js/node_modules/ws/lib/event-target.js:290:14)
          at WebSocket.onClose (/data/Workspace/helios/starwards/node_modules/colyseus.js/node_modules/ws/lib/event-target.js:220:9)
          at WebSocket.emit (node:events:524:28)
          at WebSocket.emitClose (/data/Workspace/helios/starwards/node_modules/colyseus.js/node_modules/ws/lib/websocket.js:272:10)
          at Socket.socketOnClose (/data/Workspace/helios/starwards/node_modules/colyseus.js/node_modules/ws/lib/websocket.js:1341:15)
          at Socket.emit (node:events:524:28)
          at TCP.<anonymous> (node:net:343:12)

      at ConnectionManager.onConnectionError (modules/core/src/client/connection-manager.ts:144:21)
          at Array.forEach (<anonymous>)

    console.log
      connection error: TypeError: Cannot read properties of undefined (reading 'decoder')
          at wireEvents (/data/Workspace/helios/starwards/node_modules/colyseus-events/src/wire-events.ts:30:40)
          at /data/Workspace/helios/starwards/modules/core/src/client/admin.ts:20:5
          at processTicksAndRejections (node:internal/process/task_queues:95:5)
          at /data/Workspace/helios/starwards/modules/core/src/client/connection-manager.ts:131:21

      at ConnectionManager.onConnectionError (modules/core/src/client/connection-manager.ts:144:21)

    console.log
      connection error: Error: disconnected from server
          at EventEmitter.<anonymous> (/data/Workspace/helios/starwards/modules/core/src/client/driver.ts:53:58)
          at /data/Workspace/helios/starwards/node_modules/colyseus.js/src/core/signal.ts:15:48
          at Array.forEach (<anonymous>)
          at EventEmitter.invoke (/data/Workspace/helios/starwards/node_modules/colyseus.js/src/core/signal.ts:15:19)
          at Function.register.invoke (/data/Workspace/helios/starwards/node_modules/colyseus.js/src/core/signal.ts:57:81)
          at WebSocket.connection.events.onclose (/data/Workspace/helios/starwards/node_modules/colyseus.js/src/Room.ts:89:30)
          at callListener (/data/Workspace/helios/starwards/node_modules/colyseus.js/node_modules/ws/lib/event-target.js:290:14)
          at WebSocket.onClose (/data/Workspace/helios/starwards/node_modules/colyseus.js/node_modules/ws/lib/event-target.js:220:9)
          at WebSocket.emit (node:events:524:28)
          at WebSocket.emitClose (/data/Workspace/helios/starwards/node_modules/colyseus.js/node_modules/ws/lib/websocket.js:272:10)
          at Socket.socketOnClose (/data/Workspace/helios/starwards/node_modules/colyseus.js/node_modules/ws/lib/websocket.js:1341:15)
          at Socket.emit (node:events:524:28)
          at TCP.<anonymous> (node:net:343:12)

      at ConnectionManager.onConnectionError (modules/core/src/client/connection-manager.ts:144:21)
          at Array.forEach (<anonymous>)

    console.log
      connection error: TypeError: Cannot read properties of undefined (reading 'decoder')
          at wireEvents (/data/Workspace/helios/starwards/node_modules/colyseus-events/src/wire-events.ts:30:40)
          at /data/Workspace/helios/starwards/modules/core/src/client/admin.ts:20:5
          at processTicksAndRejections (node:internal/process/task_queues:95:5)
          at /data/Workspace/helios/starwards/modules/core/src/client/connection-manager.ts:131:21

      at ConnectionManager.onConnectionError (modules/core/src/client/connection-manager.ts:144:21)

    console.log
      connection error: Error: disconnected from server
          at EventEmitter.<anonymous> (/data/Workspace/helios/starwards/modules/core/src/client/driver.ts:53:58)
          at /data/Workspace/helios/starwards/node_modules/colyseus.js/src/core/signal.ts:15:48
          at Array.forEach (<anonymous>)
          at EventEmitter.invoke (/data/Workspace/helios/starwards/node_modules/colyseus.js/src/core/signal.ts:15:19)
          at Function.register.invoke (/data/Workspace/helios/starwards/node_modules/colyseus.js/src/core/signal.ts:57:81)
          at WebSocket.connection.events.onclose (/data/Workspace/helios/starwards/node_modules/colyseus.js/src/Room.ts:89:30)
          at callListener (/data/Workspace/helios/starwards/node_modules/colyseus.js/node_modules/ws/lib/event-target.js:290:14)
          at WebSocket.onClose (/data/Workspace/helios/starwards/node_modules/colyseus.js/node_modules/ws/lib/event-target.js:220:9)
          at WebSocket.emit (node:events:524:28)
          at WebSocket.emitClose (/data/Workspace/helios/starwards/node_modules/colyseus.js/node_modules/ws/lib/websocket.js:272:10)
          at Socket.socketOnClose (/data/Workspace/helios/starwards/node_modules/colyseus.js/node_modules/ws/lib/websocket.js:1341:15)
          at Socket.emit (node:events:524:28)
          at TCP.<anonymous> (node:net:343:12)

      at ConnectionManager.onConnectionError (modules/core/src/client/connection-manager.ts:144:21)
          at Array.forEach (<anonymous>)

    console.log
      connection error: TypeError: Cannot read properties of undefined (reading 'decoder')
          at wireEvents (/data/Workspace/helios/starwards/node_modules/colyseus-events/src/wire-events.ts:30:40)
          at /data/Workspace/helios/starwards/modules/core/src/client/admin.ts:20:5
          at processTicksAndRejections (node:internal/process/task_queues:95:5)
          at /data/Workspace/helios/starwards/modules/core/src/client/connection-manager.ts:131:21

      at ConnectionManager.onConnectionError (modules/core/src/client/connection-manager.ts:144:21)

    console.log
      connection error: Error: disconnected from server
          at EventEmitter.<anonymous> (/data/Workspace/helios/starwards/modules/core/src/client/driver.ts:53:58)
          at /data/Workspace/helios/starwards/node_modules/colyseus.js/src/core/signal.ts:15:48
          at Array.forEach (<anonymous>)
          at EventEmitter.invoke (/data/Workspace/helios/starwards/node_modules/colyseus.js/src/core/signal.ts:15:19)
          at Function.register.invoke (/data/Workspace/helios/starwards/node_modules/colyseus.js/src/core/signal.ts:57:81)
          at WebSocket.connection.events.onclose (/data/Workspace/helios/starwards/node_modules/colyseus.js/src/Room.ts:89:30)
          at callListener (/data/Workspace/helios/starwards/node_modules/colyseus.js/node_modules/ws/lib/event-target.js:290:14)
          at WebSocket.onClose (/data/Workspace/helios/starwards/node_modules/colyseus.js/node_modules/ws/lib/event-target.js:220:9)
          at WebSocket.emit (node:events:524:28)
          at WebSocket.emitClose (/data/Workspace/helios/starwards/node_modules/colyseus.js/node_modules/ws/lib/websocket.js:272:10)
          at Socket.socketOnClose (/data/Workspace/helios/starwards/node_modules/colyseus.js/node_modules/ws/lib/websocket.js:1341:15)
          at Socket.emit (node:events:524:28)
          at TCP.<anonymous> (node:net:343:12)

      at ConnectionManager.onConnectionError (modules/core/src/client/connection-manager.ts:144:21)
          at Array.forEach (<anonymous>)

    console.log
      connection error: TypeError: Cannot read properties of undefined (reading 'decoder')
          at wireEvents (/data/Workspace/helios/starwards/node_modules/colyseus-events/src/wire-events.ts:30:40)
          at /data/Workspace/helios/starwards/modules/core/src/client/admin.ts:20:5
          at processTicksAndRejections (node:internal/process/task_queues:95:5)
          at /data/Workspace/helios/starwards/modules/core/src/client/connection-manager.ts:131:21

      at ConnectionManager.onConnectionError (modules/core/src/client/connection-manager.ts:144:21)

    console.log
      connection error: Error: disconnected from server
          at EventEmitter.<anonymous> (/data/Workspace/helios/starwards/modules/core/src/client/driver.ts:53:58)
          at /data/Workspace/helios/starwards/node_modules/colyseus.js/src/core/signal.ts:15:48
          at Array.forEach (<anonymous>)
          at EventEmitter.invoke (/data/Workspace/helios/starwards/node_modules/colyseus.js/src/core/signal.ts:15:19)
          at Function.register.invoke (/data/Workspace/helios/starwards/node_modules/colyseus.js/src/core/signal.ts:57:81)
          at WebSocket.connection.events.onclose (/data/Workspace/helios/starwards/node_modules/colyseus.js/src/Room.ts:89:30)
          at callListener (/data/Workspace/helios/starwards/node_modules/colyseus.js/node_modules/ws/lib/event-target.js:290:14)
          at WebSocket.onClose (/data/Workspace/helios/starwards/node_modules/colyseus.js/node_modules/ws/lib/event-target.js:220:9)
          at WebSocket.emit (node:events:524:28)
          at WebSocket.emitClose (/data/Workspace/helios/starwards/node_modules/colyseus.js/node_modules/ws/lib/websocket.js:272:10)
          at Socket.socketOnClose (/data/Workspace/helios/starwards/node_modules/colyseus.js/node_modules/ws/lib/websocket.js:1341:15)
          at Socket.emit (node:events:524:28)
          at TCP.<anonymous> (node:net:343:12)

      at ConnectionManager.onConnectionError (modules/core/src/client/connection-manager.ts:144:21)
          at Array.forEach (<anonymous>)

    console.log
      connection error: TypeError: Cannot read properties of undefined (reading 'decoder')
          at wireEvents (/data/Workspace/helios/starwards/node_modules/colyseus-events/src/wire-events.ts:30:40)
          at /data/Workspace/helios/starwards/modules/core/src/client/admin.ts:20:5
          at processTicksAndRejections (node:internal/process/task_queues:95:5)
          at /data/Workspace/helios/starwards/modules/core/src/client/connection-manager.ts:131:21

      at ConnectionManager.onConnectionError (modules/core/src/client/connection-manager.ts:144:21)

    console.log
      connection error: Error: disconnected from server
          at EventEmitter.<anonymous> (/data/Workspace/helios/starwards/modules/core/src/client/driver.ts:53:58)
          at /data/Workspace/helios/starwards/node_modules/colyseus.js/src/core/signal.ts:15:48
          at Array.forEach (<anonymous>)
          at EventEmitter.invoke (/data/Workspace/helios/starwards/node_modules/colyseus.js/src/core/signal.ts:15:19)
          at Function.register.invoke (/data/Workspace/helios/starwards/node_modules/colyseus.js/src/core/signal.ts:57:81)
          at WebSocket.connection.events.onclose (/data/Workspace/helios/starwards/node_modules/colyseus.js/src/Room.ts:89:30)
          at callListener (/data/Workspace/helios/starwards/node_modules/colyseus.js/node_modules/ws/lib/event-target.js:290:14)
          at WebSocket.onClose (/data/Workspace/helios/starwards/node_modules/colyseus.js/node_modules/ws/lib/event-target.js:220:9)
          at WebSocket.emit (node:events:524:28)
          at WebSocket.emitClose (/data/Workspace/helios/starwards/node_modules/colyseus.js/node_modules/ws/lib/websocket.js:272:10)
          at Socket.socketOnClose (/data/Workspace/helios/starwards/node_modules/colyseus.js/node_modules/ws/lib/websocket.js:1341:15)
          at Socket.emit (node:events:524:28)
          at TCP.<anonymous> (node:net:343:12)

      at ConnectionManager.onConnectionError (modules/core/src/client/connection-manager.ts:144:21)
          at Array.forEach (<anonymous>)

    console.log
      connection error: TypeError: Cannot read properties of undefined (reading 'decoder')
          at wireEvents (/data/Workspace/helios/starwards/node_modules/colyseus-events/src/wire-events.ts:30:40)
          at /data/Workspace/helios/starwards/modules/core/src/client/admin.ts:20:5
          at processTicksAndRejections (node:internal/process/task_queues:95:5)
          at /data/Workspace/helios/starwards/modules/core/src/client/connection-manager.ts:131:21

      at ConnectionManager.onConnectionError (modules/core/src/client/connection-manager.ts:144:21)

    console.log
      connection error: Error: disconnected from server
          at EventEmitter.<anonymous> (/data/Workspace/helios/starwards/modules/core/src/client/driver.ts:53:58)
          at /data/Workspace/helios/starwards/node_modules/colyseus.js/src/core/signal.ts:15:48
          at Array.forEach (<anonymous>)
          at EventEmitter.invoke (/data/Workspace/helios/starwards/node_modules/colyseus.js/src/core/signal.ts:15:19)
          at Function.register.invoke (/data/Workspace/helios/starwards/node_modules/colyseus.js/src/core/signal.ts:57:81)
          at WebSocket.connection.events.onclose (/data/Workspace/helios/starwards/node_modules/colyseus.js/src/Room.ts:89:30)
          at callListener (/data/Workspace/helios/starwards/node_modules/colyseus.js/node_modules/ws/lib/event-target.js:290:14)
          at WebSocket.onClose (/data/Workspace/helios/starwards/node_modules/colyseus.js/node_modules/ws/lib/event-target.js:220:9)
          at WebSocket.emit (node:events:524:28)
          at WebSocket.emitClose (/data/Workspace/helios/starwards/node_modules/colyseus.js/node_modules/ws/lib/websocket.js:272:10)
          at Socket.socketOnClose (/data/Workspace/helios/starwards/node_modules/colyseus.js/node_modules/ws/lib/websocket.js:1341:15)
          at Socket.emit (node:events:524:28)
          at TCP.<anonymous> (node:net:343:12)

      at ConnectionManager.onConnectionError (modules/core/src/client/connection-manager.ts:144:21)
          at Array.forEach (<anonymous>)

    console.log
      connection error: TypeError: Cannot read properties of undefined (reading 'decoder')
          at wireEvents (/data/Workspace/helios/starwards/node_modules/colyseus-events/src/wire-events.ts:30:40)
          at /data/Workspace/helios/starwards/modules/core/src/client/admin.ts:20:5
          at processTicksAndRejections (node:internal/process/task_queues:95:5)
          at /data/Workspace/helios/starwards/modules/core/src/client/connection-manager.ts:131:21

      at ConnectionManager.onConnectionError (modules/core/src/client/connection-manager.ts:144:21)

    console.log
      connection error: Error: disconnected from server
          at EventEmitter.<anonymous> (/data/Workspace/helios/starwards/modules/core/src/client/driver.ts:53:58)
          at /data/Workspace/helios/starwards/node_modules/colyseus.js/src/core/signal.ts:15:48
          at Array.forEach (<anonymous>)
          at EventEmitter.invoke (/data/Workspace/helios/starwards/node_modules/colyseus.js/src/core/signal.ts:15:19)
          at Function.register.invoke (/data/Workspace/helios/starwards/node_modules/colyseus.js/src/core/signal.ts:57:81)
          at WebSocket.connection.events.onclose (/data/Workspace/helios/starwards/node_modules/colyseus.js/src/Room.ts:89:30)
          at callListener (/data/Workspace/helios/starwards/node_modules/colyseus.js/node_modules/ws/lib/event-target.js:290:14)
          at WebSocket.onClose (/data/Workspace/helios/starwards/node_modules/colyseus.js/node_modules/ws/lib/event-target.js:220:9)
          at WebSocket.emit (node:events:524:28)
          at WebSocket.emitClose (/data/Workspace/helios/starwards/node_modules/colyseus.js/node_modules/ws/lib/websocket.js:272:10)
          at Socket.socketOnClose (/data/Workspace/helios/starwards/node_modules/colyseus.js/node_modules/ws/lib/websocket.js:1341:15)
          at Socket.emit (node:events:524:28)
          at TCP.<anonymous> (node:net:343:12)

      at ConnectionManager.onConnectionError (modules/core/src/client/connection-manager.ts:144:21)
          at Array.forEach (<anonymous>)

    console.log
      connection error: TypeError: Cannot read properties of undefined (reading 'decoder')
          at wireEvents (/data/Workspace/helios/starwards/node_modules/colyseus-events/src/wire-events.ts:30:40)
          at /data/Workspace/helios/starwards/modules/core/src/client/admin.ts:20:5
          at processTicksAndRejections (node:internal/process/task_queues:95:5)
          at /data/Workspace/helios/starwards/modules/core/src/client/connection-manager.ts:131:21

      at ConnectionManager.onConnectionError (modules/core/src/client/connection-manager.ts:144:21)

    console.log
      connection error: Error: disconnected from server
          at EventEmitter.<anonymous> (/data/Workspace/helios/starwards/modules/core/src/client/driver.ts:53:58)
          at /data/Workspace/helios/starwards/node_modules/colyseus.js/src/core/signal.ts:15:48
          at Array.forEach (<anonymous>)
          at EventEmitter.invoke (/data/Workspace/helios/starwards/node_modules/colyseus.js/src/core/signal.ts:15:19)
          at Function.register.invoke (/data/Workspace/helios/starwards/node_modules/colyseus.js/src/core/signal.ts:57:81)
          at WebSocket.connection.events.onclose (/data/Workspace/helios/starwards/node_modules/colyseus.js/src/Room.ts:89:30)
          at callListener (/data/Workspace/helios/starwards/node_modules/colyseus.js/node_modules/ws/lib/event-target.js:290:14)
          at WebSocket.onClose (/data/Workspace/helios/starwards/node_modules/colyseus.js/node_modules/ws/lib/event-target.js:220:9)
          at WebSocket.emit (node:events:524:28)
          at WebSocket.emitClose (/data/Workspace/helios/starwards/node_modules/colyseus.js/node_modules/ws/lib/websocket.js:272:10)
          at Socket.socketOnClose (/data/Workspace/helios/starwards/node_modules/colyseus.js/node_modules/ws/lib/websocket.js:1341:15)
          at Socket.emit (node:events:524:28)
          at TCP.<anonymous> (node:net:343:12)

      at ConnectionManager.onConnectionError (modules/core/src/client/connection-manager.ts:144:21)
          at Array.forEach (<anonymous>)

    console.log
      connection error: TypeError: Cannot read properties of undefined (reading 'decoder')
          at wireEvents (/data/Workspace/helios/starwards/node_modules/colyseus-events/src/wire-events.ts:30:40)
          at /data/Workspace/helios/starwards/modules/core/src/client/admin.ts:20:5
          at processTicksAndRejections (node:internal/process/task_queues:95:5)
          at /data/Workspace/helios/starwards/modules/core/src/client/connection-manager.ts:131:21

      at ConnectionManager.onConnectionError (modules/core/src/client/connection-manager.ts:144:21)

    console.log
      connection error: Error: disconnected from server
          at EventEmitter.<anonymous> (/data/Workspace/helios/starwards/modules/core/src/client/driver.ts:53:58)
          at /data/Workspace/helios/starwards/node_modules/colyseus.js/src/core/signal.ts:15:48
          at Array.forEach (<anonymous>)
          at EventEmitter.invoke (/data/Workspace/helios/starwards/node_modules/colyseus.js/src/core/signal.ts:15:19)
          at Function.register.invoke (/data/Workspace/helios/starwards/node_modules/colyseus.js/src/core/signal.ts:57:81)
          at WebSocket.connection.events.onclose (/data/Workspace/helios/starwards/node_modules/colyseus.js/src/Room.ts:89:30)
          at callListener (/data/Workspace/helios/starwards/node_modules/colyseus.js/node_modules/ws/lib/event-target.js:290:14)
          at WebSocket.onClose (/data/Workspace/helios/starwards/node_modules/colyseus.js/node_modules/ws/lib/event-target.js:220:9)
          at WebSocket.emit (node:events:524:28)
          at WebSocket.emitClose (/data/Workspace/helios/starwards/node_modules/colyseus.js/node_modules/ws/lib/websocket.js:272:10)
          at Socket.socketOnClose (/data/Workspace/helios/starwards/node_modules/colyseus.js/node_modules/ws/lib/websocket.js:1341:15)
          at Socket.emit (node:events:524:28)
          at TCP.<anonymous> (node:net:343:12)

      at ConnectionManager.onConnectionError (modules/core/src/client/connection-manager.ts:144:21)
          at Array.forEach (<anonymous>)

    console.log
      connection error: TypeError: Cannot read properties of undefined (reading 'decoder')
          at wireEvents (/data/Workspace/helios/starwards/node_modules/colyseus-events/src/wire-events.ts:30:40)
          at /data/Workspace/helios/starwards/modules/core/src/client/admin.ts:20:5
          at processTicksAndRejections (node:internal/process/task_queues:95:5)
          at /data/Workspace/helios/starwards/modules/core/src/client/connection-manager.ts:131:21

      at ConnectionManager.onConnectionError (modules/core/src/client/connection-manager.ts:144:21)

    console.log
      connection error: Error: disconnected from server
          at EventEmitter.<anonymous> (/data/Workspace/helios/starwards/modules/core/src/client/driver.ts:53:58)
          at /data/Workspace/helios/starwards/node_modules/colyseus.js/src/core/signal.ts:15:48
          at Array.forEach (<anonymous>)
          at EventEmitter.invoke (/data/Workspace/helios/starwards/node_modules/colyseus.js/src/core/signal.ts:15:19)
          at Function.register.invoke (/data/Workspace/helios/starwards/node_modules/colyseus.js/src/core/signal.ts:57:81)
          at WebSocket.connection.events.onclose (/data/Workspace/helios/starwards/node_modules/colyseus.js/src/Room.ts:89:30)
          at callListener (/data/Workspace/helios/starwards/node_modules/colyseus.js/node_modules/ws/lib/event-target.js:290:14)
          at WebSocket.onClose (/data/Workspace/helios/starwards/node_modules/colyseus.js/node_modules/ws/lib/event-target.js:220:9)
          at WebSocket.emit (node:events:524:28)
          at WebSocket.emitClose (/data/Workspace/helios/starwards/node_modules/colyseus.js/node_modules/ws/lib/websocket.js:272:10)
          at Socket.socketOnClose (/data/Workspace/helios/starwards/node_modules/colyseus.js/node_modules/ws/lib/websocket.js:1341:15)
          at Socket.emit (node:events:524:28)
          at TCP.<anonymous> (node:net:343:12)

      at ConnectionManager.onConnectionError (modules/core/src/client/connection-manager.ts:144:21)
          at Array.forEach (<anonymous>)

    console.log
      connection error: TypeError: Cannot read properties of undefined (reading 'decoder')
          at wireEvents (/data/Workspace/helios/starwards/node_modules/colyseus-events/src/wire-events.ts:30:40)
          at /data/Workspace/helios/starwards/modules/core/src/client/admin.ts:20:5
          at processTicksAndRejections (node:internal/process/task_queues:95:5)
          at /data/Workspace/helios/starwards/modules/core/src/client/connection-manager.ts:131:21

      at ConnectionManager.onConnectionError (modules/core/src/client/connection-manager.ts:144:21)

    console.log
      connection error: Error: disconnected from server
          at EventEmitter.<anonymous> (/data/Workspace/helios/starwards/modules/core/src/client/driver.ts:53:58)
          at /data/Workspace/helios/starwards/node_modules/colyseus.js/src/core/signal.ts:15:48
          at Array.forEach (<anonymous>)
          at EventEmitter.invoke (/data/Workspace/helios/starwards/node_modules/colyseus.js/src/core/signal.ts:15:19)
          at Function.register.invoke (/data/Workspace/helios/starwards/node_modules/colyseus.js/src/core/signal.ts:57:81)
          at WebSocket.connection.events.onclose (/data/Workspace/helios/starwards/node_modules/colyseus.js/src/Room.ts:89:30)
          at callListener (/data/Workspace/helios/starwards/node_modules/colyseus.js/node_modules/ws/lib/event-target.js:290:14)
          at WebSocket.onClose (/data/Workspace/helios/starwards/node_modules/colyseus.js/node_modules/ws/lib/event-target.js:220:9)
          at WebSocket.emit (node:events:524:28)
          at WebSocket.emitClose (/data/Workspace/helios/starwards/node_modules/colyseus.js/node_modules/ws/lib/websocket.js:272:10)
          at Socket.socketOnClose (/data/Workspace/helios/starwards/node_modules/colyseus.js/node_modules/ws/lib/websocket.js:1341:15)
          at Socket.emit (node:events:524:28)
          at TCP.<anonymous> (node:net:343:12)

      at ConnectionManager.onConnectionError (modules/core/src/client/connection-manager.ts:144:21)
          at Array.forEach (<anonymous>)

    console.log
      connection error: TypeError: Cannot read properties of undefined (reading 'decoder')
          at wireEvents (/data/Workspace/helios/starwards/node_modules/colyseus-events/src/wire-events.ts:30:40)
          at /data/Workspace/helios/starwards/modules/core/src/client/admin.ts:20:5
          at processTicksAndRejections (node:internal/process/task_queues:95:5)
          at /data/Workspace/helios/starwards/modules/core/src/client/connection-manager.ts:131:21

      at ConnectionManager.onConnectionError (modules/core/src/client/connection-manager.ts:144:21)

    console.log
      connection error: Error: disconnected from server
          at EventEmitter.<anonymous> (/data/Workspace/helios/starwards/modules/core/src/client/driver.ts:53:58)
          at /data/Workspace/helios/starwards/node_modules/colyseus.js/src/core/signal.ts:15:48
          at Array.forEach (<anonymous>)
          at EventEmitter.invoke (/data/Workspace/helios/starwards/node_modules/colyseus.js/src/core/signal.ts:15:19)
          at Function.register.invoke (/data/Workspace/helios/starwards/node_modules/colyseus.js/src/core/signal.ts:57:81)
          at WebSocket.connection.events.onclose (/data/Workspace/helios/starwards/node_modules/colyseus.js/src/Room.ts:89:30)
          at callListener (/data/Workspace/helios/starwards/node_modules/colyseus.js/node_modules/ws/lib/event-target.js:290:14)
          at WebSocket.onClose (/data/Workspace/helios/starwards/node_modules/colyseus.js/node_modules/ws/lib/event-target.js:220:9)
          at WebSocket.emit (node:events:524:28)
          at WebSocket.emitClose (/data/Workspace/helios/starwards/node_modules/colyseus.js/node_modules/ws/lib/websocket.js:272:10)
          at Socket.socketOnClose (/data/Workspace/helios/starwards/node_modules/colyseus.js/node_modules/ws/lib/websocket.js:1341:15)
          at Socket.emit (node:events:524:28)
          at TCP.<anonymous> (node:net:343:12)

      at ConnectionManager.onConnectionError (modules/core/src/client/connection-manager.ts:144:21)
          at Array.forEach (<anonymous>)

    console.log
      connection error: TypeError: Cannot read properties of undefined (reading 'decoder')
          at wireEvents (/data/Workspace/helios/starwards/node_modules/colyseus-events/src/wire-events.ts:30:40)
          at /data/Workspace/helios/starwards/modules/core/src/client/admin.ts:20:5
          at processTicksAndRejections (node:internal/process/task_queues:95:5)
          at /data/Workspace/helios/starwards/modules/core/src/client/connection-manager.ts:131:21

      at ConnectionManager.onConnectionError (modules/core/src/client/connection-manager.ts:144:21)

    console.log
      connection error: Error: disconnected from server
          at EventEmitter.<anonymous> (/data/Workspace/helios/starwards/modules/core/src/client/driver.ts:53:58)
          at /data/Workspace/helios/starwards/node_modules/colyseus.js/src/core/signal.ts:15:48
          at Array.forEach (<anonymous>)
          at EventEmitter.invoke (/data/Workspace/helios/starwards/node_modules/colyseus.js/src/core/signal.ts:15:19)
          at Function.register.invoke (/data/Workspace/helios/starwards/node_modules/colyseus.js/src/core/signal.ts:57:81)
          at WebSocket.connection.events.onclose (/data/Workspace/helios/starwards/node_modules/colyseus.js/src/Room.ts:89:30)
          at callListener (/data/Workspace/helios/starwards/node_modules/colyseus.js/node_modules/ws/lib/event-target.js:290:14)
          at WebSocket.onClose (/data/Workspace/helios/starwards/node_modules/colyseus.js/node_modules/ws/lib/event-target.js:220:9)
          at WebSocket.emit (node:events:524:28)
          at WebSocket.emitClose (/data/Workspace/helios/starwards/node_modules/colyseus.js/node_modules/ws/lib/websocket.js:272:10)
          at Socket.socketOnClose (/data/Workspace/helios/starwards/node_modules/colyseus.js/node_modules/ws/lib/websocket.js:1341:15)
          at Socket.emit (node:events:524:28)
          at TCP.<anonymous> (node:net:343:12)

      at ConnectionManager.onConnectionError (modules/core/src/client/connection-manager.ts:144:21)
          at Array.forEach (<anonymous>)

    console.log
      connection error: TypeError: Cannot read properties of undefined (reading 'decoder')
          at wireEvents (/data/Workspace/helios/starwards/node_modules/colyseus-events/src/wire-events.ts:30:40)
          at /data/Workspace/helios/starwards/modules/core/src/client/admin.ts:20:5
          at processTicksAndRejections (node:internal/process/task_queues:95:5)
          at /data/Workspace/helios/starwards/modules/core/src/client/connection-manager.ts:131:21

      at ConnectionManager.onConnectionError (modules/core/src/client/connection-manager.ts:144:21)

    console.log
      connection error: Error: disconnected from server
          at EventEmitter.<anonymous> (/data/Workspace/helios/starwards/modules/core/src/client/driver.ts:53:58)
          at /data/Workspace/helios/starwards/node_modules/colyseus.js/src/core/signal.ts:15:48
          at Array.forEach (<anonymous>)
          at EventEmitter.invoke (/data/Workspace/helios/starwards/node_modules/colyseus.js/src/core/signal.ts:15:19)
          at Function.register.invoke (/data/Workspace/helios/starwards/node_modules/colyseus.js/src/core/signal.ts:57:81)
          at WebSocket.connection.events.onclose (/data/Workspace/helios/starwards/node_modules/colyseus.js/src/Room.ts:89:30)
          at callListener (/data/Workspace/helios/starwards/node_modules/colyseus.js/node_modules/ws/lib/event-target.js:290:14)
          at WebSocket.onClose (/data/Workspace/helios/starwards/node_modules/colyseus.js/node_modules/ws/lib/event-target.js:220:9)
          at WebSocket.emit (node:events:524:28)
          at WebSocket.emitClose (/data/Workspace/helios/starwards/node_modules/colyseus.js/node_modules/ws/lib/websocket.js:272:10)
          at Socket.socketOnClose (/data/Workspace/helios/starwards/node_modules/colyseus.js/node_modules/ws/lib/websocket.js:1341:15)
          at Socket.emit (node:events:524:28)
          at TCP.<anonymous> (node:net:343:12)

      at ConnectionManager.onConnectionError (modules/core/src/client/connection-manager.ts:144:21)
          at Array.forEach (<anonymous>)

    console.log
      connection error: TypeError: Cannot read properties of undefined (reading 'decoder')
          at wireEvents (/data/Workspace/helios/starwards/node_modules/colyseus-events/src/wire-events.ts:30:40)
          at /data/Workspace/helios/starwards/modules/core/src/client/admin.ts:20:5
          at processTicksAndRejections (node:internal/process/task_queues:95:5)
          at /data/Workspace/helios/starwards/modules/core/src/client/connection-manager.ts:131:21

      at ConnectionManager.onConnectionError (modules/core/src/client/connection-manager.ts:144:21)

    console.log
      connection error: Error: disconnected from server
          at EventEmitter.<anonymous> (/data/Workspace/helios/starwards/modules/core/src/client/driver.ts:53:58)
          at /data/Workspace/helios/starwards/node_modules/colyseus.js/src/core/signal.ts:15:48
          at Array.forEach (<anonymous>)
          at EventEmitter.invoke (/data/Workspace/helios/starwards/node_modules/colyseus.js/src/core/signal.ts:15:19)
          at Function.register.invoke (/data/Workspace/helios/starwards/node_modules/colyseus.js/src/core/signal.ts:57:81)
          at WebSocket.connection.events.onclose (/data/Workspace/helios/starwards/node_modules/colyseus.js/src/Room.ts:89:30)
          at callListener (/data/Workspace/helios/starwards/node_modules/colyseus.js/node_modules/ws/lib/event-target.js:290:14)
          at WebSocket.onClose (/data/Workspace/helios/starwards/node_modules/colyseus.js/node_modules/ws/lib/event-target.js:220:9)
          at WebSocket.emit (node:events:524:28)
          at WebSocket.emitClose (/data/Workspace/helios/starwards/node_modules/colyseus.js/node_modules/ws/lib/websocket.js:272:10)
          at Socket.socketOnClose (/data/Workspace/helios/starwards/node_modules/colyseus.js/node_modules/ws/lib/websocket.js:1341:15)
          at Socket.emit (node:events:524:28)
          at TCP.<anonymous> (node:net:343:12)

      at ConnectionManager.onConnectionError (modules/core/src/client/connection-manager.ts:144:21)
          at Array.forEach (<anonymous>)

    console.log
      connection error: TypeError: Cannot read properties of undefined (reading 'decoder')
          at wireEvents (/data/Workspace/helios/starwards/node_modules/colyseus-events/src/wire-events.ts:30:40)
          at /data/Workspace/helios/starwards/modules/core/src/client/admin.ts:20:5
          at processTicksAndRejections (node:internal/process/task_queues:95:5)
          at /data/Workspace/helios/starwards/modules/core/src/client/connection-manager.ts:131:21

      at ConnectionManager.onConnectionError (modules/core/src/client/connection-manager.ts:144:21)

    console.log
      connection error: Error: disconnected from server
          at EventEmitter.<anonymous> (/data/Workspace/helios/starwards/modules/core/src/client/driver.ts:53:58)
          at /data/Workspace/helios/starwards/node_modules/colyseus.js/src/core/signal.ts:15:48
          at Array.forEach (<anonymous>)
          at EventEmitter.invoke (/data/Workspace/helios/starwards/node_modules/colyseus.js/src/core/signal.ts:15:19)
          at Function.register.invoke (/data/Workspace/helios/starwards/node_modules/colyseus.js/src/core/signal.ts:57:81)
          at WebSocket.connection.events.onclose (/data/Workspace/helios/starwards/node_modules/colyseus.js/src/Room.ts:89:30)
          at callListener (/data/Workspace/helios/starwards/node_modules/colyseus.js/node_modules/ws/lib/event-target.js:290:14)
          at WebSocket.onClose (/data/Workspace/helios/starwards/node_modules/colyseus.js/node_modules/ws/lib/event-target.js:220:9)
          at WebSocket.emit (node:events:524:28)
          at WebSocket.emitClose (/data/Workspace/helios/starwards/node_modules/colyseus.js/node_modules/ws/lib/websocket.js:272:10)
          at Socket.socketOnClose (/data/Workspace/helios/starwards/node_modules/colyseus.js/node_modules/ws/lib/websocket.js:1341:15)
          at Socket.emit (node:events:524:28)
          at TCP.<anonymous> (node:net:343:12)

      at ConnectionManager.onConnectionError (modules/core/src/client/connection-manager.ts:144:21)
          at Array.forEach (<anonymous>)

    console.log
      connection error: TypeError: Cannot read properties of undefined (reading 'decoder')
          at wireEvents (/data/Workspace/helios/starwards/node_modules/colyseus-events/src/wire-events.ts:30:40)
          at /data/Workspace/helios/starwards/modules/core/src/client/admin.ts:20:5
          at processTicksAndRejections (node:internal/process/task_queues:95:5)
          at /data/Workspace/helios/starwards/modules/core/src/client/connection-manager.ts:131:21

      at ConnectionManager.onConnectionError (modules/core/src/client/connection-manager.ts:144:21)

    console.log
      connection error: Error: disconnected from server
          at EventEmitter.<anonymous> (/data/Workspace/helios/starwards/modules/core/src/client/driver.ts:53:58)
          at /data/Workspace/helios/starwards/node_modules/colyseus.js/src/core/signal.ts:15:48
          at Array.forEach (<anonymous>)
          at EventEmitter.invoke (/data/Workspace/helios/starwards/node_modules/colyseus.js/src/core/signal.ts:15:19)
          at Function.register.invoke (/data/Workspace/helios/starwards/node_modules/colyseus.js/src/core/signal.ts:57:81)
          at WebSocket.connection.events.onclose (/data/Workspace/helios/starwards/node_modules/colyseus.js/src/Room.ts:89:30)
          at callListener (/data/Workspace/helios/starwards/node_modules/colyseus.js/node_modules/ws/lib/event-target.js:290:14)
          at WebSocket.onClose (/data/Workspace/helios/starwards/node_modules/colyseus.js/node_modules/ws/lib/event-target.js:220:9)
          at WebSocket.emit (node:events:524:28)
          at WebSocket.emitClose (/data/Workspace/helios/starwards/node_modules/colyseus.js/node_modules/ws/lib/websocket.js:272:10)
          at Socket.socketOnClose (/data/Workspace/helios/starwards/node_modules/colyseus.js/node_modules/ws/lib/websocket.js:1341:15)
          at Socket.emit (node:events:524:28)
          at TCP.<anonymous> (node:net:343:12)

      at ConnectionManager.onConnectionError (modules/core/src/client/connection-manager.ts:144:21)
          at Array.forEach (<anonymous>)

    console.log
      connection error: TypeError: Cannot read properties of undefined (reading 'decoder')
          at wireEvents (/data/Workspace/helios/starwards/node_modules/colyseus-events/src/wire-events.ts:30:40)
          at /data/Workspace/helios/starwards/modules/core/src/client/admin.ts:20:5
          at processTicksAndRejections (node:internal/process/task_queues:95:5)
          at /data/Workspace/helios/starwards/modules/core/src/client/connection-manager.ts:131:21

      at ConnectionManager.onConnectionError (modules/core/src/client/connection-manager.ts:144:21)

    console.log
      connection error: Error: disconnected from server
          at EventEmitter.<anonymous> (/data/Workspace/helios/starwards/modules/core/src/client/driver.ts:53:58)
          at /data/Workspace/helios/starwards/node_modules/colyseus.js/src/core/signal.ts:15:48
          at Array.forEach (<anonymous>)
          at EventEmitter.invoke (/data/Workspace/helios/starwards/node_modules/colyseus.js/src/core/signal.ts:15:19)
          at Function.register.invoke (/data/Workspace/helios/starwards/node_modules/colyseus.js/src/core/signal.ts:57:81)
          at WebSocket.connection.events.onclose (/data/Workspace/helios/starwards/node_modules/colyseus.js/src/Room.ts:89:30)
          at callListener (/data/Workspace/helios/starwards/node_modules/colyseus.js/node_modules/ws/lib/event-target.js:290:14)
          at WebSocket.onClose (/data/Workspace/helios/starwards/node_modules/colyseus.js/node_modules/ws/lib/event-target.js:220:9)
          at WebSocket.emit (node:events:524:28)
          at WebSocket.emitClose (/data/Workspace/helios/starwards/node_modules/colyseus.js/node_modules/ws/lib/websocket.js:272:10)
          at Socket.socketOnClose (/data/Workspace/helios/starwards/node_modules/colyseus.js/node_modules/ws/lib/websocket.js:1341:15)
          at Socket.emit (node:events:524:28)
          at TCP.<anonymous> (node:net:343:12)

      at ConnectionManager.onConnectionError (modules/core/src/client/connection-manager.ts:144:21)
          at Array.forEach (<anonymous>)

    console.log
      connection error: TypeError: Cannot read properties of undefined (reading 'decoder')
          at wireEvents (/data/Workspace/helios/starwards/node_modules/colyseus-events/src/wire-events.ts:30:40)
          at /data/Workspace/helios/starwards/modules/core/src/client/admin.ts:20:5
          at processTicksAndRejections (node:internal/process/task_queues:95:5)
          at /data/Workspace/helios/starwards/modules/core/src/client/connection-manager.ts:131:21

      at ConnectionManager.onConnectionError (modules/core/src/client/connection-manager.ts:144:21)

    console.log
      connection error: Error: disconnected from server
          at EventEmitter.<anonymous> (/data/Workspace/helios/starwards/modules/core/src/client/driver.ts:53:58)
          at /data/Workspace/helios/starwards/node_modules/colyseus.js/src/core/signal.ts:15:48
          at Array.forEach (<anonymous>)
          at EventEmitter.invoke (/data/Workspace/helios/starwards/node_modules/colyseus.js/src/core/signal.ts:15:19)
          at Function.register.invoke (/data/Workspace/helios/starwards/node_modules/colyseus.js/src/core/signal.ts:57:81)
          at WebSocket.connection.events.onclose (/data/Workspace/helios/starwards/node_modules/colyseus.js/src/Room.ts:89:30)
          at callListener (/data/Workspace/helios/starwards/node_modules/colyseus.js/node_modules/ws/lib/event-target.js:290:14)
          at WebSocket.onClose (/data/Workspace/helios/starwards/node_modules/colyseus.js/node_modules/ws/lib/event-target.js:220:9)
          at WebSocket.emit (node:events:524:28)
          at WebSocket.emitClose (/data/Workspace/helios/starwards/node_modules/colyseus.js/node_modules/ws/lib/websocket.js:272:10)
          at Socket.socketOnClose (/data/Workspace/helios/starwards/node_modules/colyseus.js/node_modules/ws/lib/websocket.js:1341:15)
          at Socket.emit (node:events:524:28)
          at TCP.<anonymous> (node:net:343:12)

      at ConnectionManager.onConnectionError (modules/core/src/client/connection-manager.ts:144:21)
          at Array.forEach (<anonymous>)

    console.log
      connection error: TypeError: Cannot read properties of undefined (reading 'decoder')
          at wireEvents (/data/Workspace/helios/starwards/node_modules/colyseus-events/src/wire-events.ts:30:40)
          at /data/Workspace/helios/starwards/modules/core/src/client/admin.ts:20:5
          at processTicksAndRejections (node:internal/process/task_queues:95:5)
          at /data/Workspace/helios/starwards/modules/core/src/client/connection-manager.ts:131:21

      at ConnectionManager.onConnectionError (modules/core/src/client/connection-manager.ts:144:21)

    console.log
      connection error: Error: disconnected from server
          at EventEmitter.<anonymous> (/data/Workspace/helios/starwards/modules/core/src/client/driver.ts:53:58)
          at /data/Workspace/helios/starwards/node_modules/colyseus.js/src/core/signal.ts:15:48
          at Array.forEach (<anonymous>)
          at EventEmitter.invoke (/data/Workspace/helios/starwards/node_modules/colyseus.js/src/core/signal.ts:15:19)
          at Function.register.invoke (/data/Workspace/helios/starwards/node_modules/colyseus.js/src/core/signal.ts:57:81)
          at WebSocket.connection.events.onclose (/data/Workspace/helios/starwards/node_modules/colyseus.js/src/Room.ts:89:30)
          at callListener (/data/Workspace/helios/starwards/node_modules/colyseus.js/node_modules/ws/lib/event-target.js:290:14)
          at WebSocket.onClose (/data/Workspace/helios/starwards/node_modules/colyseus.js/node_modules/ws/lib/event-target.js:220:9)
          at WebSocket.emit (node:events:524:28)
          at WebSocket.emitClose (/data/Workspace/helios/starwards/node_modules/colyseus.js/node_modules/ws/lib/websocket.js:272:10)
          at Socket.socketOnClose (/data/Workspace/helios/starwards/node_modules/colyseus.js/node_modules/ws/lib/websocket.js:1341:15)
          at Socket.emit (node:events:524:28)
          at TCP.<anonymous> (node:net:343:12)

      at ConnectionManager.onConnectionError (modules/core/src/client/connection-manager.ts:144:21)
          at Array.forEach (<anonymous>)

    console.log
      connection error: TypeError: Cannot read properties of undefined (reading 'decoder')
          at wireEvents (/data/Workspace/helios/starwards/node_modules/colyseus-events/src/wire-events.ts:30:40)
          at /data/Workspace/helios/starwards/modules/core/src/client/admin.ts:20:5
          at processTicksAndRejections (node:internal/process/task_queues:95:5)
          at /data/Workspace/helios/starwards/modules/core/src/client/connection-manager.ts:131:21

      at ConnectionManager.onConnectionError (modules/core/src/client/connection-manager.ts:144:21)

    console.log
      connection error: Error: disconnected from server
          at EventEmitter.<anonymous> (/data/Workspace/helios/starwards/modules/core/src/client/driver.ts:53:58)
          at /data/Workspace/helios/starwards/node_modules/colyseus.js/src/core/signal.ts:15:48
          at Array.forEach (<anonymous>)
          at EventEmitter.invoke (/data/Workspace/helios/starwards/node_modules/colyseus.js/src/core/signal.ts:15:19)
          at Function.register.invoke (/data/Workspace/helios/starwards/node_modules/colyseus.js/src/core/signal.ts:57:81)
          at WebSocket.connection.events.onclose (/data/Workspace/helios/starwards/node_modules/colyseus.js/src/Room.ts:89:30)
          at callListener (/data/Workspace/helios/starwards/node_modules/colyseus.js/node_modules/ws/lib/event-target.js:290:14)
          at WebSocket.onClose (/data/Workspace/helios/starwards/node_modules/colyseus.js/node_modules/ws/lib/event-target.js:220:9)
          at WebSocket.emit (node:events:524:28)
          at WebSocket.emitClose (/data/Workspace/helios/starwards/node_modules/colyseus.js/node_modules/ws/lib/websocket.js:272:10)
          at Socket.socketOnClose (/data/Workspace/helios/starwards/node_modules/colyseus.js/node_modules/ws/lib/websocket.js:1341:15)
          at Socket.emit (node:events:524:28)
          at TCP.<anonymous> (node:net:343:12)

      at ConnectionManager.onConnectionError (modules/core/src/client/connection-manager.ts:144:21)
          at Array.forEach (<anonymous>)

    console.log
      connection error: TypeError: Cannot read properties of undefined (reading 'decoder')
          at wireEvents (/data/Workspace/helios/starwards/node_modules/colyseus-events/src/wire-events.ts:30:40)
          at /data/Workspace/helios/starwards/modules/core/src/client/admin.ts:20:5
          at processTicksAndRejections (node:internal/process/task_queues:95:5)
          at /data/Workspace/helios/starwards/modules/core/src/client/connection-manager.ts:131:21

      at ConnectionManager.onConnectionError (modules/core/src/client/connection-manager.ts:144:21)

    console.log
      connection error: Error: disconnected from server
          at EventEmitter.<anonymous> (/data/Workspace/helios/starwards/modules/core/src/client/driver.ts:53:58)
          at /data/Workspace/helios/starwards/node_modules/colyseus.js/src/core/signal.ts:15:48
          at Array.forEach (<anonymous>)
          at EventEmitter.invoke (/data/Workspace/helios/starwards/node_modules/colyseus.js/src/core/signal.ts:15:19)
          at Function.register.invoke (/data/Workspace/helios/starwards/node_modules/colyseus.js/src/core/signal.ts:57:81)
          at WebSocket.connection.events.onclose (/data/Workspace/helios/starwards/node_modules/colyseus.js/src/Room.ts:89:30)
          at callListener (/data/Workspace/helios/starwards/node_modules/colyseus.js/node_modules/ws/lib/event-target.js:290:14)
          at WebSocket.onClose (/data/Workspace/helios/starwards/node_modules/colyseus.js/node_modules/ws/lib/event-target.js:220:9)
          at WebSocket.emit (node:events:524:28)
          at WebSocket.emitClose (/data/Workspace/helios/starwards/node_modules/colyseus.js/node_modules/ws/lib/websocket.js:272:10)
          at Socket.socketOnClose (/data/Workspace/helios/starwards/node_modules/colyseus.js/node_modules/ws/lib/websocket.js:1341:15)
          at Socket.emit (node:events:524:28)
          at TCP.<anonymous> (node:net:343:12)

      at ConnectionManager.onConnectionError (modules/core/src/client/connection-manager.ts:144:21)
          at Array.forEach (<anonymous>)

    console.log
      connection error: TypeError: Cannot read properties of undefined (reading 'decoder')
          at wireEvents (/data/Workspace/helios/starwards/node_modules/colyseus-events/src/wire-events.ts:30:40)
          at /data/Workspace/helios/starwards/modules/core/src/client/admin.ts:20:5
          at processTicksAndRejections (node:internal/process/task_queues:95:5)
          at /data/Workspace/helios/starwards/modules/core/src/client/connection-manager.ts:131:21

      at ConnectionManager.onConnectionError (modules/core/src/client/connection-manager.ts:144:21)

    console.log
      connection error: Error: disconnected from server
          at EventEmitter.<anonymous> (/data/Workspace/helios/starwards/modules/core/src/client/driver.ts:53:58)
          at /data/Workspace/helios/starwards/node_modules/colyseus.js/src/core/signal.ts:15:48
          at Array.forEach (<anonymous>)
          at EventEmitter.invoke (/data/Workspace/helios/starwards/node_modules/colyseus.js/src/core/signal.ts:15:19)
          at Function.register.invoke (/data/Workspace/helios/starwards/node_modules/colyseus.js/src/core/signal.ts:57:81)
          at WebSocket.connection.events.onclose (/data/Workspace/helios/starwards/node_modules/colyseus.js/src/Room.ts:89:30)
          at callListener (/data/Workspace/helios/starwards/node_modules/colyseus.js/node_modules/ws/lib/event-target.js:290:14)
          at WebSocket.onClose (/data/Workspace/helios/starwards/node_modules/colyseus.js/node_modules/ws/lib/event-target.js:220:9)
          at WebSocket.emit (node:events:524:28)
          at WebSocket.emitClose (/data/Workspace/helios/starwards/node_modules/colyseus.js/node_modules/ws/lib/websocket.js:272:10)
          at Socket.socketOnClose (/data/Workspace/helios/starwards/node_modules/colyseus.js/node_modules/ws/lib/websocket.js:1341:15)
          at Socket.emit (node:events:524:28)
          at TCP.<anonymous> (node:net:343:12)

      at ConnectionManager.onConnectionError (modules/core/src/client/connection-manager.ts:144:21)
          at Array.forEach (<anonymous>)

    console.log
      connection error: TypeError: Cannot read properties of undefined (reading 'decoder')
          at wireEvents (/data/Workspace/helios/starwards/node_modules/colyseus-events/src/wire-events.ts:30:40)
          at /data/Workspace/helios/starwards/modules/core/src/client/admin.ts:20:5
          at processTicksAndRejections (node:internal/process/task_queues:95:5)
          at /data/Workspace/helios/starwards/modules/core/src/client/connection-manager.ts:131:21

      at ConnectionManager.onConnectionError (modules/core/src/client/connection-manager.ts:144:21)

    console.log
      connection error: Error: disconnected from server
          at EventEmitter.<anonymous> (/data/Workspace/helios/starwards/modules/core/src/client/driver.ts:53:58)
          at /data/Workspace/helios/starwards/node_modules/colyseus.js/src/core/signal.ts:15:48
          at Array.forEach (<anonymous>)
          at EventEmitter.invoke (/data/Workspace/helios/starwards/node_modules/colyseus.js/src/core/signal.ts:15:19)
          at Function.register.invoke (/data/Workspace/helios/starwards/node_modules/colyseus.js/src/core/signal.ts:57:81)
          at WebSocket.connection.events.onclose (/data/Workspace/helios/starwards/node_modules/colyseus.js/src/Room.ts:89:30)
          at callListener (/data/Workspace/helios/starwards/node_modules/colyseus.js/node_modules/ws/lib/event-target.js:290:14)
          at WebSocket.onClose (/data/Workspace/helios/starwards/node_modules/colyseus.js/node_modules/ws/lib/event-target.js:220:9)
          at WebSocket.emit (node:events:524:28)
          at WebSocket.emitClose (/data/Workspace/helios/starwards/node_modules/colyseus.js/node_modules/ws/lib/websocket.js:272:10)
          at Socket.socketOnClose (/data/Workspace/helios/starwards/node_modules/colyseus.js/node_modules/ws/lib/websocket.js:1341:15)
          at Socket.emit (node:events:524:28)
          at TCP.<anonymous> (node:net:343:12)

      at ConnectionManager.onConnectionError (modules/core/src/client/connection-manager.ts:144:21)
          at Array.forEach (<anonymous>)

    console.log
      connection error: TypeError: Cannot read properties of undefined (reading 'decoder')
          at wireEvents (/data/Workspace/helios/starwards/node_modules/colyseus-events/src/wire-events.ts:30:40)
          at /data/Workspace/helios/starwards/modules/core/src/client/admin.ts:20:5
          at processTicksAndRejections (node:internal/process/task_queues:95:5)
          at /data/Workspace/helios/starwards/modules/core/src/client/connection-manager.ts:131:21

      at ConnectionManager.onConnectionError (modules/core/src/client/connection-manager.ts:144:21)

    console.log
      connection error: Error: disconnected from server
          at EventEmitter.<anonymous> (/data/Workspace/helios/starwards/modules/core/src/client/driver.ts:53:58)
          at /data/Workspace/helios/starwards/node_modules/colyseus.js/src/core/signal.ts:15:48
          at Array.forEach (<anonymous>)
          at EventEmitter.invoke (/data/Workspace/helios/starwards/node_modules/colyseus.js/src/core/signal.ts:15:19)
          at Function.register.invoke (/data/Workspace/helios/starwards/node_modules/colyseus.js/src/core/signal.ts:57:81)
          at WebSocket.connection.events.onclose (/data/Workspace/helios/starwards/node_modules/colyseus.js/src/Room.ts:89:30)
          at callListener (/data/Workspace/helios/starwards/node_modules/colyseus.js/node_modules/ws/lib/event-target.js:290:14)
          at WebSocket.onClose (/data/Workspace/helios/starwards/node_modules/colyseus.js/node_modules/ws/lib/event-target.js:220:9)
          at WebSocket.emit (node:events:524:28)
          at WebSocket.emitClose (/data/Workspace/helios/starwards/node_modules/colyseus.js/node_modules/ws/lib/websocket.js:272:10)
          at Socket.socketOnClose (/data/Workspace/helios/starwards/node_modules/colyseus.js/node_modules/ws/lib/websocket.js:1341:15)
          at Socket.emit (node:events:524:28)
          at TCP.<anonymous> (node:net:343:12)

      at ConnectionManager.onConnectionError (modules/core/src/client/connection-manager.ts:144:21)
          at Array.forEach (<anonymous>)

    console.log
      connection error: TypeError: Cannot read properties of undefined (reading 'decoder')
          at wireEvents (/data/Workspace/helios/starwards/node_modules/colyseus-events/src/wire-events.ts:30:40)
          at /data/Workspace/helios/starwards/modules/core/src/client/admin.ts:20:5
          at processTicksAndRejections (node:internal/process/task_queues:95:5)
          at /data/Workspace/helios/starwards/modules/core/src/client/connection-manager.ts:131:21

      at ConnectionManager.onConnectionError (modules/core/src/client/connection-manager.ts:144:21)

    console.log
      connection error: Error: disconnected from server
          at EventEmitter.<anonymous> (/data/Workspace/helios/starwards/modules/core/src/client/driver.ts:53:58)
          at /data/Workspace/helios/starwards/node_modules/colyseus.js/src/core/signal.ts:15:48
          at Array.forEach (<anonymous>)
          at EventEmitter.invoke (/data/Workspace/helios/starwards/node_modules/colyseus.js/src/core/signal.ts:15:19)
          at Function.register.invoke (/data/Workspace/helios/starwards/node_modules/colyseus.js/src/core/signal.ts:57:81)
          at WebSocket.connection.events.onclose (/data/Workspace/helios/starwards/node_modules/colyseus.js/src/Room.ts:89:30)
          at callListener (/data/Workspace/helios/starwards/node_modules/colyseus.js/node_modules/ws/lib/event-target.js:290:14)
          at WebSocket.onClose (/data/Workspace/helios/starwards/node_modules/colyseus.js/node_modules/ws/lib/event-target.js:220:9)
          at WebSocket.emit (node:events:524:28)
          at WebSocket.emitClose (/data/Workspace/helios/starwards/node_modules/colyseus.js/node_modules/ws/lib/websocket.js:272:10)
          at Socket.socketOnClose (/data/Workspace/helios/starwards/node_modules/colyseus.js/node_modules/ws/lib/websocket.js:1341:15)
          at Socket.emit (node:events:524:28)
          at TCP.<anonymous> (node:net:343:12)

      at ConnectionManager.onConnectionError (modules/core/src/client/connection-manager.ts:144:21)
          at Array.forEach (<anonymous>)

    console.log
      connection error: TypeError: Cannot read properties of undefined (reading 'decoder')
          at wireEvents (/data/Workspace/helios/starwards/node_modules/colyseus-events/src/wire-events.ts:30:40)
          at /data/Workspace/helios/starwards/modules/core/src/client/admin.ts:20:5
          at processTicksAndRejections (node:internal/process/task_queues:95:5)
          at /data/Workspace/helios/starwards/modules/core/src/client/connection-manager.ts:131:21

      at ConnectionManager.onConnectionError (modules/core/src/client/connection-manager.ts:144:21)

    console.log
      connection error: Error: disconnected from server
          at EventEmitter.<anonymous> (/data/Workspace/helios/starwards/modules/core/src/client/driver.ts:53:58)
          at /data/Workspace/helios/starwards/node_modules/colyseus.js/src/core/signal.ts:15:48
          at Array.forEach (<anonymous>)
          at EventEmitter.invoke (/data/Workspace/helios/starwards/node_modules/colyseus.js/src/core/signal.ts:15:19)
          at Function.register.invoke (/data/Workspace/helios/starwards/node_modules/colyseus.js/src/core/signal.ts:57:81)
          at WebSocket.connection.events.onclose (/data/Workspace/helios/starwards/node_modules/colyseus.js/src/Room.ts:89:30)
          at callListener (/data/Workspace/helios/starwards/node_modules/colyseus.js/node_modules/ws/lib/event-target.js:290:14)
          at WebSocket.onClose (/data/Workspace/helios/starwards/node_modules/colyseus.js/node_modules/ws/lib/event-target.js:220:9)
          at WebSocket.emit (node:events:524:28)
          at WebSocket.emitClose (/data/Workspace/helios/starwards/node_modules/colyseus.js/node_modules/ws/lib/websocket.js:272:10)
          at Socket.socketOnClose (/data/Workspace/helios/starwards/node_modules/colyseus.js/node_modules/ws/lib/websocket.js:1341:15)
          at Socket.emit (node:events:524:28)
          at TCP.<anonymous> (node:net:343:12)

      at ConnectionManager.onConnectionError (modules/core/src/client/connection-manager.ts:144:21)
          at Array.forEach (<anonymous>)

    console.log
      connection error: TypeError: Cannot read properties of undefined (reading 'decoder')
          at wireEvents (/data/Workspace/helios/starwards/node_modules/colyseus-events/src/wire-events.ts:30:40)
          at /data/Workspace/helios/starwards/modules/core/src/client/admin.ts:20:5
          at processTicksAndRejections (node:internal/process/task_queues:95:5)
          at /data/Workspace/helios/starwards/modules/core/src/client/connection-manager.ts:131:21

      at ConnectionManager.onConnectionError (modules/core/src/client/connection-manager.ts:144:21)

    console.log
      connection error: Error: disconnected from server
          at EventEmitter.<anonymous> (/data/Workspace/helios/starwards/modules/core/src/client/driver.ts:53:58)
          at /data/Workspace/helios/starwards/node_modules/colyseus.js/src/core/signal.ts:15:48
          at Array.forEach (<anonymous>)
          at EventEmitter.invoke (/data/Workspace/helios/starwards/node_modules/colyseus.js/src/core/signal.ts:15:19)
          at Function.register.invoke (/data/Workspace/helios/starwards/node_modules/colyseus.js/src/core/signal.ts:57:81)
          at WebSocket.connection.events.onclose (/data/Workspace/helios/starwards/node_modules/colyseus.js/src/Room.ts:89:30)
          at callListener (/data/Workspace/helios/starwards/node_modules/colyseus.js/node_modules/ws/lib/event-target.js:290:14)
          at WebSocket.onClose (/data/Workspace/helios/starwards/node_modules/colyseus.js/node_modules/ws/lib/event-target.js:220:9)
          at WebSocket.emit (node:events:524:28)
          at WebSocket.emitClose (/data/Workspace/helios/starwards/node_modules/colyseus.js/node_modules/ws/lib/websocket.js:272:10)
          at Socket.socketOnClose (/data/Workspace/helios/starwards/node_modules/colyseus.js/node_modules/ws/lib/websocket.js:1341:15)
          at Socket.emit (node:events:524:28)
          at TCP.<anonymous> (node:net:343:12)

      at ConnectionManager.onConnectionError (modules/core/src/client/connection-manager.ts:144:21)
          at Array.forEach (<anonymous>)

    console.log
      connection error: TypeError: Cannot read properties of undefined (reading 'decoder')
          at wireEvents (/data/Workspace/helios/starwards/node_modules/colyseus-events/src/wire-events.ts:30:40)
          at /data/Workspace/helios/starwards/modules/core/src/client/admin.ts:20:5
          at processTicksAndRejections (node:internal/process/task_queues:95:5)
          at /data/Workspace/helios/starwards/modules/core/src/client/connection-manager.ts:131:21

      at ConnectionManager.onConnectionError (modules/core/src/client/connection-manager.ts:144:21)

    console.log
      connection error: Error: disconnected from server
          at EventEmitter.<anonymous> (/data/Workspace/helios/starwards/modules/core/src/client/driver.ts:53:58)
          at /data/Workspace/helios/starwards/node_modules/colyseus.js/src/core/signal.ts:15:48
          at Array.forEach (<anonymous>)
          at EventEmitter.invoke (/data/Workspace/helios/starwards/node_modules/colyseus.js/src/core/signal.ts:15:19)
          at Function.register.invoke (/data/Workspace/helios/starwards/node_modules/colyseus.js/src/core/signal.ts:57:81)
          at WebSocket.connection.events.onclose (/data/Workspace/helios/starwards/node_modules/colyseus.js/src/Room.ts:89:30)
          at callListener (/data/Workspace/helios/starwards/node_modules/colyseus.js/node_modules/ws/lib/event-target.js:290:14)
          at WebSocket.onClose (/data/Workspace/helios/starwards/node_modules/colyseus.js/node_modules/ws/lib/event-target.js:220:9)
          at WebSocket.emit (node:events:524:28)
          at WebSocket.emitClose (/data/Workspace/helios/starwards/node_modules/colyseus.js/node_modules/ws/lib/websocket.js:272:10)
          at Socket.socketOnClose (/data/Workspace/helios/starwards/node_modules/colyseus.js/node_modules/ws/lib/websocket.js:1341:15)
          at Socket.emit (node:events:524:28)
          at TCP.<anonymous> (node:net:343:12)

      at ConnectionManager.onConnectionError (modules/core/src/client/connection-manager.ts:144:21)
          at Array.forEach (<anonymous>)

    console.log
      connection error: TypeError: Cannot read properties of undefined (reading 'decoder')
          at wireEvents (/data/Workspace/helios/starwards/node_modules/colyseus-events/src/wire-events.ts:30:40)
          at /data/Workspace/helios/starwards/modules/core/src/client/admin.ts:20:5
          at processTicksAndRejections (node:internal/process/task_queues:95:5)
          at /data/Workspace/helios/starwards/modules/core/src/client/connection-manager.ts:131:21

      at ConnectionManager.onConnectionError (modules/core/src/client/connection-manager.ts:144:21)

    console.log
      connection error: Error: disconnected from server
          at EventEmitter.<anonymous> (/data/Workspace/helios/starwards/modules/core/src/client/driver.ts:53:58)
          at /data/Workspace/helios/starwards/node_modules/colyseus.js/src/core/signal.ts:15:48
          at Array.forEach (<anonymous>)
          at EventEmitter.invoke (/data/Workspace/helios/starwards/node_modules/colyseus.js/src/core/signal.ts:15:19)
          at Function.register.invoke (/data/Workspace/helios/starwards/node_modules/colyseus.js/src/core/signal.ts:57:81)
          at WebSocket.connection.events.onclose (/data/Workspace/helios/starwards/node_modules/colyseus.js/src/Room.ts:89:30)
          at callListener (/data/Workspace/helios/starwards/node_modules/colyseus.js/node_modules/ws/lib/event-target.js:290:14)
          at WebSocket.onClose (/data/Workspace/helios/starwards/node_modules/colyseus.js/node_modules/ws/lib/event-target.js:220:9)
          at WebSocket.emit (node:events:524:28)
          at WebSocket.emitClose (/data/Workspace/helios/starwards/node_modules/colyseus.js/node_modules/ws/lib/websocket.js:272:10)
          at Socket.socketOnClose (/data/Workspace/helios/starwards/node_modules/colyseus.js/node_modules/ws/lib/websocket.js:1341:15)
          at Socket.emit (node:events:524:28)
          at TCP.<anonymous> (node:net:343:12)

      at ConnectionManager.onConnectionError (modules/core/src/client/connection-manager.ts:144:21)
          at Array.forEach (<anonymous>)

    console.log
      connection error: TypeError: Cannot read properties of undefined (reading 'decoder')
          at wireEvents (/data/Workspace/helios/starwards/node_modules/colyseus-events/src/wire-events.ts:30:40)
          at /data/Workspace/helios/starwards/modules/core/src/client/admin.ts:20:5
          at processTicksAndRejections (node:internal/process/task_queues:95:5)
          at /data/Workspace/helios/starwards/modules/core/src/client/connection-manager.ts:131:21

      at ConnectionManager.onConnectionError (modules/core/src/client/connection-manager.ts:144:21)

    console.log
      connection error: Error: disconnected from server
          at EventEmitter.<anonymous> (/data/Workspace/helios/starwards/modules/core/src/client/driver.ts:53:58)
          at /data/Workspace/helios/starwards/node_modules/colyseus.js/src/core/signal.ts:15:48
          at Array.forEach (<anonymous>)
          at EventEmitter.invoke (/data/Workspace/helios/starwards/node_modules/colyseus.js/src/core/signal.ts:15:19)
          at Function.register.invoke (/data/Workspace/helios/starwards/node_modules/colyseus.js/src/core/signal.ts:57:81)
          at WebSocket.connection.events.onclose (/data/Workspace/helios/starwards/node_modules/colyseus.js/src/Room.ts:89:30)
          at callListener (/data/Workspace/helios/starwards/node_modules/colyseus.js/node_modules/ws/lib/event-target.js:290:14)
          at WebSocket.onClose (/data/Workspace/helios/starwards/node_modules/colyseus.js/node_modules/ws/lib/event-target.js:220:9)
          at WebSocket.emit (node:events:524:28)
          at WebSocket.emitClose (/data/Workspace/helios/starwards/node_modules/colyseus.js/node_modules/ws/lib/websocket.js:272:10)
          at Socket.socketOnClose (/data/Workspace/helios/starwards/node_modules/colyseus.js/node_modules/ws/lib/websocket.js:1341:15)
          at Socket.emit (node:events:524:28)
          at TCP.<anonymous> (node:net:343:12)

      at ConnectionManager.onConnectionError (modules/core/src/client/connection-manager.ts:144:21)
          at Array.forEach (<anonymous>)

    console.log
      connection error: TypeError: Cannot read properties of undefined (reading 'decoder')
          at wireEvents (/data/Workspace/helios/starwards/node_modules/colyseus-events/src/wire-events.ts:30:40)
          at /data/Workspace/helios/starwards/modules/core/src/client/admin.ts:20:5
          at processTicksAndRejections (node:internal/process/task_queues:95:5)
          at /data/Workspace/helios/starwards/modules/core/src/client/connection-manager.ts:131:21

      at ConnectionManager.onConnectionError (modules/core/src/client/connection-manager.ts:144:21)

    console.log
      connection error: Error: disconnected from server
          at EventEmitter.<anonymous> (/data/Workspace/helios/starwards/modules/core/src/client/driver.ts:53:58)
          at /data/Workspace/helios/starwards/node_modules/colyseus.js/src/core/signal.ts:15:48
          at Array.forEach (<anonymous>)
          at EventEmitter.invoke (/data/Workspace/helios/starwards/node_modules/colyseus.js/src/core/signal.ts:15:19)
          at Function.register.invoke (/data/Workspace/helios/starwards/node_modules/colyseus.js/src/core/signal.ts:57:81)
          at WebSocket.connection.events.onclose (/data/Workspace/helios/starwards/node_modules/colyseus.js/src/Room.ts:89:30)
          at callListener (/data/Workspace/helios/starwards/node_modules/colyseus.js/node_modules/ws/lib/event-target.js:290:14)
          at WebSocket.onClose (/data/Workspace/helios/starwards/node_modules/colyseus.js/node_modules/ws/lib/event-target.js:220:9)
          at WebSocket.emit (node:events:524:28)
          at WebSocket.emitClose (/data/Workspace/helios/starwards/node_modules/colyseus.js/node_modules/ws/lib/websocket.js:272:10)
          at Socket.socketOnClose (/data/Workspace/helios/starwards/node_modules/colyseus.js/node_modules/ws/lib/websocket.js:1341:15)
          at Socket.emit (node:events:524:28)
          at TCP.<anonymous> (node:net:343:12)

      at ConnectionManager.onConnectionError (modules/core/src/client/connection-manager.ts:144:21)
          at Array.forEach (<anonymous>)

    console.log
      connection error: TypeError: Cannot read properties of undefined (reading 'decoder')
          at wireEvents (/data/Workspace/helios/starwards/node_modules/colyseus-events/src/wire-events.ts:30:40)
          at /data/Workspace/helios/starwards/modules/core/src/client/admin.ts:20:5
          at processTicksAndRejections (node:internal/process/task_queues:95:5)
          at /data/Workspace/helios/starwards/modules/core/src/client/connection-manager.ts:131:21

      at ConnectionManager.onConnectionError (modules/core/src/client/connection-manager.ts:144:21)

    console.log
      connection error: Error: disconnected from server
          at EventEmitter.<anonymous> (/data/Workspace/helios/starwards/modules/core/src/client/driver.ts:53:58)
          at /data/Workspace/helios/starwards/node_modules/colyseus.js/src/core/signal.ts:15:48
          at Array.forEach (<anonymous>)
          at EventEmitter.invoke (/data/Workspace/helios/starwards/node_modules/colyseus.js/src/core/signal.ts:15:19)
          at Function.register.invoke (/data/Workspace/helios/starwards/node_modules/colyseus.js/src/core/signal.ts:57:81)
          at WebSocket.connection.events.onclose (/data/Workspace/helios/starwards/node_modules/colyseus.js/src/Room.ts:89:30)
          at callListener (/data/Workspace/helios/starwards/node_modules/colyseus.js/node_modules/ws/lib/event-target.js:290:14)
          at WebSocket.onClose (/data/Workspace/helios/starwards/node_modules/colyseus.js/node_modules/ws/lib/event-target.js:220:9)
          at WebSocket.emit (node:events:524:28)
          at WebSocket.emitClose (/data/Workspace/helios/starwards/node_modules/colyseus.js/node_modules/ws/lib/websocket.js:272:10)
          at Socket.socketOnClose (/data/Workspace/helios/starwards/node_modules/colyseus.js/node_modules/ws/lib/websocket.js:1341:15)
          at Socket.emit (node:events:524:28)
          at TCP.<anonymous> (node:net:343:12)

      at ConnectionManager.onConnectionError (modules/core/src/client/connection-manager.ts:144:21)
          at Array.forEach (<anonymous>)

    console.log
      connection error: TypeError: Cannot read properties of undefined (reading 'decoder')
          at wireEvents (/data/Workspace/helios/starwards/node_modules/colyseus-events/src/wire-events.ts:30:40)
          at /data/Workspace/helios/starwards/modules/core/src/client/admin.ts:20:5
          at processTicksAndRejections (node:internal/process/task_queues:95:5)
          at /data/Workspace/helios/starwards/modules/core/src/client/connection-manager.ts:131:21

      at ConnectionManager.onConnectionError (modules/core/src/client/connection-manager.ts:144:21)

    console.log
      connection error: Error: disconnected from server
          at EventEmitter.<anonymous> (/data/Workspace/helios/starwards/modules/core/src/client/driver.ts:53:58)
          at /data/Workspace/helios/starwards/node_modules/colyseus.js/src/core/signal.ts:15:48
          at Array.forEach (<anonymous>)
          at EventEmitter.invoke (/data/Workspace/helios/starwards/node_modules/colyseus.js/src/core/signal.ts:15:19)
          at Function.register.invoke (/data/Workspace/helios/starwards/node_modules/colyseus.js/src/core/signal.ts:57:81)
          at WebSocket.connection.events.onclose (/data/Workspace/helios/starwards/node_modules/colyseus.js/src/Room.ts:89:30)
          at callListener (/data/Workspace/helios/starwards/node_modules/colyseus.js/node_modules/ws/lib/event-target.js:290:14)
          at WebSocket.onClose (/data/Workspace/helios/starwards/node_modules/colyseus.js/node_modules/ws/lib/event-target.js:220:9)
          at WebSocket.emit (node:events:524:28)
          at WebSocket.emitClose (/data/Workspace/helios/starwards/node_modules/colyseus.js/node_modules/ws/lib/websocket.js:272:10)
          at Socket.socketOnClose (/data/Workspace/helios/starwards/node_modules/colyseus.js/node_modules/ws/lib/websocket.js:1341:15)
          at Socket.emit (node:events:524:28)
          at TCP.<anonymous> (node:net:343:12)

      at ConnectionManager.onConnectionError (modules/core/src/client/connection-manager.ts:144:21)
          at Array.forEach (<anonymous>)

    console.log
      connection error: TypeError: Cannot read properties of undefined (reading 'decoder')
          at wireEvents (/data/Workspace/helios/starwards/node_modules/colyseus-events/src/wire-events.ts:30:40)
          at /data/Workspace/helios/starwards/modules/core/src/client/admin.ts:20:5
          at processTicksAndRejections (node:internal/process/task_queues:95:5)
          at /data/Workspace/helios/starwards/modules/core/src/client/connection-manager.ts:131:21

      at ConnectionManager.onConnectionError (modules/core/src/client/connection-manager.ts:144:21)

    console.log
      connection error: Error: disconnected from server
          at EventEmitter.<anonymous> (/data/Workspace/helios/starwards/modules/core/src/client/driver.ts:53:58)
          at /data/Workspace/helios/starwards/node_modules/colyseus.js/src/core/signal.ts:15:48
          at Array.forEach (<anonymous>)
          at EventEmitter.invoke (/data/Workspace/helios/starwards/node_modules/colyseus.js/src/core/signal.ts:15:19)
          at Function.register.invoke (/data/Workspace/helios/starwards/node_modules/colyseus.js/src/core/signal.ts:57:81)
          at WebSocket.connection.events.onclose (/data/Workspace/helios/starwards/node_modules/colyseus.js/src/Room.ts:89:30)
          at callListener (/data/Workspace/helios/starwards/node_modules/colyseus.js/node_modules/ws/lib/event-target.js:290:14)
          at WebSocket.onClose (/data/Workspace/helios/starwards/node_modules/colyseus.js/node_modules/ws/lib/event-target.js:220:9)
          at WebSocket.emit (node:events:524:28)
          at WebSocket.emitClose (/data/Workspace/helios/starwards/node_modules/colyseus.js/node_modules/ws/lib/websocket.js:272:10)
          at Socket.socketOnClose (/data/Workspace/helios/starwards/node_modules/colyseus.js/node_modules/ws/lib/websocket.js:1341:15)
          at Socket.emit (node:events:524:28)
          at TCP.<anonymous> (node:net:343:12)

      at ConnectionManager.onConnectionError (modules/core/src/client/connection-manager.ts:144:21)
          at Array.forEach (<anonymous>)

    console.log
      connection error: TypeError: Cannot read properties of undefined (reading 'decoder')
          at wireEvents (/data/Workspace/helios/starwards/node_modules/colyseus-events/src/wire-events.ts:30:40)
          at /data/Workspace/helios/starwards/modules/core/src/client/admin.ts:20:5
          at processTicksAndRejections (node:internal/process/task_queues:95:5)
          at /data/Workspace/helios/starwards/modules/core/src/client/connection-manager.ts:131:21

      at ConnectionManager.onConnectionError (modules/core/src/client/connection-manager.ts:144:21)

    console.log
      connection error: Error: disconnected from server
          at EventEmitter.<anonymous> (/data/Workspace/helios/starwards/modules/core/src/client/driver.ts:53:58)
          at /data/Workspace/helios/starwards/node_modules/colyseus.js/src/core/signal.ts:15:48
          at Array.forEach (<anonymous>)
          at EventEmitter.invoke (/data/Workspace/helios/starwards/node_modules/colyseus.js/src/core/signal.ts:15:19)
          at Function.register.invoke (/data/Workspace/helios/starwards/node_modules/colyseus.js/src/core/signal.ts:57:81)
          at WebSocket.connection.events.onclose (/data/Workspace/helios/starwards/node_modules/colyseus.js/src/Room.ts:89:30)
          at callListener (/data/Workspace/helios/starwards/node_modules/colyseus.js/node_modules/ws/lib/event-target.js:290:14)
          at WebSocket.onClose (/data/Workspace/helios/starwards/node_modules/colyseus.js/node_modules/ws/lib/event-target.js:220:9)
          at WebSocket.emit (node:events:524:28)
          at WebSocket.emitClose (/data/Workspace/helios/starwards/node_modules/colyseus.js/node_modules/ws/lib/websocket.js:272:10)
          at Socket.socketOnClose (/data/Workspace/helios/starwards/node_modules/colyseus.js/node_modules/ws/lib/websocket.js:1341:15)
          at Socket.emit (node:events:524:28)
          at TCP.<anonymous> (node:net:343:12)

      at ConnectionManager.onConnectionError (modules/core/src/client/connection-manager.ts:144:21)
          at Array.forEach (<anonymous>)

    console.log
      connection error: TypeError: Cannot read properties of undefined (reading 'decoder')
          at wireEvents (/data/Workspace/helios/starwards/node_modules/colyseus-events/src/wire-events.ts:30:40)
          at /data/Workspace/helios/starwards/modules/core/src/client/admin.ts:20:5
          at processTicksAndRejections (node:internal/process/task_queues:95:5)
          at /data/Workspace/helios/starwards/modules/core/src/client/connection-manager.ts:131:21

      at ConnectionManager.onConnectionError (modules/core/src/client/connection-manager.ts:144:21)

    console.log
      connection error: Error: disconnected from server
          at EventEmitter.<anonymous> (/data/Workspace/helios/starwards/modules/core/src/client/driver.ts:53:58)
          at /data/Workspace/helios/starwards/node_modules/colyseus.js/src/core/signal.ts:15:48
          at Array.forEach (<anonymous>)
          at EventEmitter.invoke (/data/Workspace/helios/starwards/node_modules/colyseus.js/src/core/signal.ts:15:19)
          at Function.register.invoke (/data/Workspace/helios/starwards/node_modules/colyseus.js/src/core/signal.ts:57:81)
          at WebSocket.connection.events.onclose (/data/Workspace/helios/starwards/node_modules/colyseus.js/src/Room.ts:89:30)
          at callListener (/data/Workspace/helios/starwards/node_modules/colyseus.js/node_modules/ws/lib/event-target.js:290:14)
          at WebSocket.onClose (/data/Workspace/helios/starwards/node_modules/colyseus.js/node_modules/ws/lib/event-target.js:220:9)
          at WebSocket.emit (node:events:524:28)
          at WebSocket.emitClose (/data/Workspace/helios/starwards/node_modules/colyseus.js/node_modules/ws/lib/websocket.js:272:10)
          at Socket.socketOnClose (/data/Workspace/helios/starwards/node_modules/colyseus.js/node_modules/ws/lib/websocket.js:1341:15)
          at Socket.emit (node:events:524:28)
          at TCP.<anonymous> (node:net:343:12)

      at ConnectionManager.onConnectionError (modules/core/src/client/connection-manager.ts:144:21)
          at Array.forEach (<anonymous>)

    console.log
      connection error: TypeError: Cannot read properties of undefined (reading 'decoder')
          at wireEvents (/data/Workspace/helios/starwards/node_modules/colyseus-events/src/wire-events.ts:30:40)
          at /data/Workspace/helios/starwards/modules/core/src/client/admin.ts:20:5
          at processTicksAndRejections (node:internal/process/task_queues:95:5)
          at /data/Workspace/helios/starwards/modules/core/src/client/connection-manager.ts:131:21

      at ConnectionManager.onConnectionError (modules/core/src/client/connection-manager.ts:144:21)

    console.log
      connection error: Error: disconnected from server
          at EventEmitter.<anonymous> (/data/Workspace/helios/starwards/modules/core/src/client/driver.ts:53:58)
          at /data/Workspace/helios/starwards/node_modules/colyseus.js/src/core/signal.ts:15:48
          at Array.forEach (<anonymous>)
          at EventEmitter.invoke (/data/Workspace/helios/starwards/node_modules/colyseus.js/src/core/signal.ts:15:19)
          at Function.register.invoke (/data/Workspace/helios/starwards/node_modules/colyseus.js/src/core/signal.ts:57:81)
          at WebSocket.connection.events.onclose (/data/Workspace/helios/starwards/node_modules/colyseus.js/src/Room.ts:89:30)
          at callListener (/data/Workspace/helios/starwards/node_modules/colyseus.js/node_modules/ws/lib/event-target.js:290:14)
          at WebSocket.onClose (/data/Workspace/helios/starwards/node_modules/colyseus.js/node_modules/ws/lib/event-target.js:220:9)
          at WebSocket.emit (node:events:524:28)
          at WebSocket.emitClose (/data/Workspace/helios/starwards/node_modules/colyseus.js/node_modules/ws/lib/websocket.js:272:10)
          at Socket.socketOnClose (/data/Workspace/helios/starwards/node_modules/colyseus.js/node_modules/ws/lib/websocket.js:1341:15)
          at Socket.emit (node:events:524:28)
          at TCP.<anonymous> (node:net:343:12)

      at ConnectionManager.onConnectionError (modules/core/src/client/connection-manager.ts:144:21)
          at Array.forEach (<anonymous>)

    console.log
      connection error: TypeError: Cannot read properties of undefined (reading 'decoder')
          at wireEvents (/data/Workspace/helios/starwards/node_modules/colyseus-events/src/wire-events.ts:30:40)
          at /data/Workspace/helios/starwards/modules/core/src/client/admin.ts:20:5
          at processTicksAndRejections (node:internal/process/task_queues:95:5)
          at /data/Workspace/helios/starwards/modules/core/src/client/connection-manager.ts:131:21

      at ConnectionManager.onConnectionError (modules/core/src/client/connection-manager.ts:144:21)

    console.log
      connection error: Error: disconnected from server
          at EventEmitter.<anonymous> (/data/Workspace/helios/starwards/modules/core/src/client/driver.ts:53:58)
          at /data/Workspace/helios/starwards/node_modules/colyseus.js/src/core/signal.ts:15:48
          at Array.forEach (<anonymous>)
          at EventEmitter.invoke (/data/Workspace/helios/starwards/node_modules/colyseus.js/src/core/signal.ts:15:19)
          at Function.register.invoke (/data/Workspace/helios/starwards/node_modules/colyseus.js/src/core/signal.ts:57:81)
          at WebSocket.connection.events.onclose (/data/Workspace/helios/starwards/node_modules/colyseus.js/src/Room.ts:89:30)
          at callListener (/data/Workspace/helios/starwards/node_modules/colyseus.js/node_modules/ws/lib/event-target.js:290:14)
          at WebSocket.onClose (/data/Workspace/helios/starwards/node_modules/colyseus.js/node_modules/ws/lib/event-target.js:220:9)
          at WebSocket.emit (node:events:524:28)
          at WebSocket.emitClose (/data/Workspace/helios/starwards/node_modules/colyseus.js/node_modules/ws/lib/websocket.js:272:10)
          at Socket.socketOnClose (/data/Workspace/helios/starwards/node_modules/colyseus.js/node_modules/ws/lib/websocket.js:1341:15)
          at Socket.emit (node:events:524:28)
          at TCP.<anonymous> (node:net:343:12)

      at ConnectionManager.onConnectionError (modules/core/src/client/connection-manager.ts:144:21)
          at Array.forEach (<anonymous>)

    console.log
      connection error: TypeError: Cannot read properties of undefined (reading 'decoder')
          at wireEvents (/data/Workspace/helios/starwards/node_modules/colyseus-events/src/wire-events.ts:30:40)
          at /data/Workspace/helios/starwards/modules/core/src/client/admin.ts:20:5
          at processTicksAndRejections (node:internal/process/task_queues:95:5)
          at /data/Workspace/helios/starwards/modules/core/src/client/connection-manager.ts:131:21

      at ConnectionManager.onConnectionError (modules/core/src/client/connection-manager.ts:144:21)

    console.log
      connection error: Error: disconnected from server
          at EventEmitter.<anonymous> (/data/Workspace/helios/starwards/modules/core/src/client/driver.ts:53:58)
          at /data/Workspace/helios/starwards/node_modules/colyseus.js/src/core/signal.ts:15:48
          at Array.forEach (<anonymous>)
          at EventEmitter.invoke (/data/Workspace/helios/starwards/node_modules/colyseus.js/src/core/signal.ts:15:19)
          at Function.register.invoke (/data/Workspace/helios/starwards/node_modules/colyseus.js/src/core/signal.ts:57:81)
          at WebSocket.connection.events.onclose (/data/Workspace/helios/starwards/node_modules/colyseus.js/src/Room.ts:89:30)
          at callListener (/data/Workspace/helios/starwards/node_modules/colyseus.js/node_modules/ws/lib/event-target.js:290:14)
          at WebSocket.onClose (/data/Workspace/helios/starwards/node_modules/colyseus.js/node_modules/ws/lib/event-target.js:220:9)
          at WebSocket.emit (node:events:524:28)
          at WebSocket.emitClose (/data/Workspace/helios/starwards/node_modules/colyseus.js/node_modules/ws/lib/websocket.js:272:10)
          at Socket.socketOnClose (/data/Workspace/helios/starwards/node_modules/colyseus.js/node_modules/ws/lib/websocket.js:1341:15)
          at Socket.emit (node:events:524:28)
          at TCP.<anonymous> (node:net:343:12)

      at ConnectionManager.onConnectionError (modules/core/src/client/connection-manager.ts:144:21)
          at Array.forEach (<anonymous>)

    console.log
      connection error: TypeError: Cannot read properties of undefined (reading 'decoder')
          at wireEvents (/data/Workspace/helios/starwards/node_modules/colyseus-events/src/wire-events.ts:30:40)
          at /data/Workspace/helios/starwards/modules/core/src/client/admin.ts:20:5
          at processTicksAndRejections (node:internal/process/task_queues:95:5)
          at /data/Workspace/helios/starwards/modules/core/src/client/connection-manager.ts:131:21

      at ConnectionManager.onConnectionError (modules/core/src/client/connection-manager.ts:144:21)

    console.log
      connection error: Error: disconnected from server
          at EventEmitter.<anonymous> (/data/Workspace/helios/starwards/modules/core/src/client/driver.ts:53:58)
          at /data/Workspace/helios/starwards/node_modules/colyseus.js/src/core/signal.ts:15:48
          at Array.forEach (<anonymous>)
          at EventEmitter.invoke (/data/Workspace/helios/starwards/node_modules/colyseus.js/src/core/signal.ts:15:19)
          at Function.register.invoke (/data/Workspace/helios/starwards/node_modules/colyseus.js/src/core/signal.ts:57:81)
          at WebSocket.connection.events.onclose (/data/Workspace/helios/starwards/node_modules/colyseus.js/src/Room.ts:89:30)
          at callListener (/data/Workspace/helios/starwards/node_modules/colyseus.js/node_modules/ws/lib/event-target.js:290:14)
          at WebSocket.onClose (/data/Workspace/helios/starwards/node_modules/colyseus.js/node_modules/ws/lib/event-target.js:220:9)
          at WebSocket.emit (node:events:524:28)
          at WebSocket.emitClose (/data/Workspace/helios/starwards/node_modules/colyseus.js/node_modules/ws/lib/websocket.js:272:10)
          at Socket.socketOnClose (/data/Workspace/helios/starwards/node_modules/colyseus.js/node_modules/ws/lib/websocket.js:1341:15)
          at Socket.emit (node:events:524:28)
          at TCP.<anonymous> (node:net:343:12)

      at ConnectionManager.onConnectionError (modules/core/src/client/connection-manager.ts:144:21)
          at Array.forEach (<anonymous>)

    console.log
      connection error: TypeError: Cannot read properties of undefined (reading 'decoder')
          at wireEvents (/data/Workspace/helios/starwards/node_modules/colyseus-events/src/wire-events.ts:30:40)
          at /data/Workspace/helios/starwards/modules/core/src/client/admin.ts:20:5
          at processTicksAndRejections (node:internal/process/task_queues:95:5)
          at /data/Workspace/helios/starwards/modules/core/src/client/connection-manager.ts:131:21

      at ConnectionManager.onConnectionError (modules/core/src/client/connection-manager.ts:144:21)

    console.log
      connection error: Error: disconnected from server
          at EventEmitter.<anonymous> (/data/Workspace/helios/starwards/modules/core/src/client/driver.ts:53:58)
          at /data/Workspace/helios/starwards/node_modules/colyseus.js/src/core/signal.ts:15:48
          at Array.forEach (<anonymous>)
          at EventEmitter.invoke (/data/Workspace/helios/starwards/node_modules/colyseus.js/src/core/signal.ts:15:19)
          at Function.register.invoke (/data/Workspace/helios/starwards/node_modules/colyseus.js/src/core/signal.ts:57:81)
          at WebSocket.connection.events.onclose (/data/Workspace/helios/starwards/node_modules/colyseus.js/src/Room.ts:89:30)
          at callListener (/data/Workspace/helios/starwards/node_modules/colyseus.js/node_modules/ws/lib/event-target.js:290:14)
          at WebSocket.onClose (/data/Workspace/helios/starwards/node_modules/colyseus.js/node_modules/ws/lib/event-target.js:220:9)
          at WebSocket.emit (node:events:524:28)
          at WebSocket.emitClose (/data/Workspace/helios/starwards/node_modules/colyseus.js/node_modules/ws/lib/websocket.js:272:10)
          at Socket.socketOnClose (/data/Workspace/helios/starwards/node_modules/colyseus.js/node_modules/ws/lib/websocket.js:1341:15)
          at Socket.emit (node:events:524:28)
          at TCP.<anonymous> (node:net:343:12)

      at ConnectionManager.onConnectionError (modules/core/src/client/connection-manager.ts:144:21)
          at Array.forEach (<anonymous>)

    console.log
      connection error: TypeError: Cannot read properties of undefined (reading 'decoder')
          at wireEvents (/data/Workspace/helios/starwards/node_modules/colyseus-events/src/wire-events.ts:30:40)
          at /data/Workspace/helios/starwards/modules/core/src/client/admin.ts:20:5
          at processTicksAndRejections (node:internal/process/task_queues:95:5)
          at /data/Workspace/helios/starwards/modules/core/src/client/connection-manager.ts:131:21

      at ConnectionManager.onConnectionError (modules/core/src/client/connection-manager.ts:144:21)

    console.log
      connection error: Error: disconnected from server
          at EventEmitter.<anonymous> (/data/Workspace/helios/starwards/modules/core/src/client/driver.ts:53:58)
          at /data/Workspace/helios/starwards/node_modules/colyseus.js/src/core/signal.ts:15:48
          at Array.forEach (<anonymous>)
          at EventEmitter.invoke (/data/Workspace/helios/starwards/node_modules/colyseus.js/src/core/signal.ts:15:19)
          at Function.register.invoke (/data/Workspace/helios/starwards/node_modules/colyseus.js/src/core/signal.ts:57:81)
          at WebSocket.connection.events.onclose (/data/Workspace/helios/starwards/node_modules/colyseus.js/src/Room.ts:89:30)
          at callListener (/data/Workspace/helios/starwards/node_modules/colyseus.js/node_modules/ws/lib/event-target.js:290:14)
          at WebSocket.onClose (/data/Workspace/helios/starwards/node_modules/colyseus.js/node_modules/ws/lib/event-target.js:220:9)
          at WebSocket.emit (node:events:524:28)
          at WebSocket.emitClose (/data/Workspace/helios/starwards/node_modules/colyseus.js/node_modules/ws/lib/websocket.js:272:10)
          at Socket.socketOnClose (/data/Workspace/helios/starwards/node_modules/colyseus.js/node_modules/ws/lib/websocket.js:1341:15)
          at Socket.emit (node:events:524:28)
          at TCP.<anonymous> (node:net:343:12)

      at ConnectionManager.onConnectionError (modules/core/src/client/connection-manager.ts:144:21)
          at Array.forEach (<anonymous>)

    console.log
      connection error: TypeError: Cannot read properties of undefined (reading 'decoder')
          at wireEvents (/data/Workspace/helios/starwards/node_modules/colyseus-events/src/wire-events.ts:30:40)
          at /data/Workspace/helios/starwards/modules/core/src/client/admin.ts:20:5
          at processTicksAndRejections (node:internal/process/task_queues:95:5)
          at /data/Workspace/helios/starwards/modules/core/src/client/connection-manager.ts:131:21

      at ConnectionManager.onConnectionError (modules/core/src/client/connection-manager.ts:144:21)

    console.log
      connection error: Error: disconnected from server
          at EventEmitter.<anonymous> (/data/Workspace/helios/starwards/modules/core/src/client/driver.ts:53:58)
          at /data/Workspace/helios/starwards/node_modules/colyseus.js/src/core/signal.ts:15:48
          at Array.forEach (<anonymous>)
          at EventEmitter.invoke (/data/Workspace/helios/starwards/node_modules/colyseus.js/src/core/signal.ts:15:19)
          at Function.register.invoke (/data/Workspace/helios/starwards/node_modules/colyseus.js/src/core/signal.ts:57:81)
          at WebSocket.connection.events.onclose (/data/Workspace/helios/starwards/node_modules/colyseus.js/src/Room.ts:89:30)
          at callListener (/data/Workspace/helios/starwards/node_modules/colyseus.js/node_modules/ws/lib/event-target.js:290:14)
          at WebSocket.onClose (/data/Workspace/helios/starwards/node_modules/colyseus.js/node_modules/ws/lib/event-target.js:220:9)
          at WebSocket.emit (node:events:524:28)
          at WebSocket.emitClose (/data/Workspace/helios/starwards/node_modules/colyseus.js/node_modules/ws/lib/websocket.js:272:10)
          at Socket.socketOnClose (/data/Workspace/helios/starwards/node_modules/colyseus.js/node_modules/ws/lib/websocket.js:1341:15)
          at Socket.emit (node:events:524:28)
          at TCP.<anonymous> (node:net:343:12)

      at ConnectionManager.onConnectionError (modules/core/src/client/connection-manager.ts:144:21)
          at Array.forEach (<anonymous>)

    console.log
      connection error: TypeError: Cannot read properties of undefined (reading 'decoder')
          at wireEvents (/data/Workspace/helios/starwards/node_modules/colyseus-events/src/wire-events.ts:30:40)
          at /data/Workspace/helios/starwards/modules/core/src/client/admin.ts:20:5
          at processTicksAndRejections (node:internal/process/task_queues:95:5)
          at /data/Workspace/helios/starwards/modules/core/src/client/connection-manager.ts:131:21

      at ConnectionManager.onConnectionError (modules/core/src/client/connection-manager.ts:144:21)

    console.log
      connection error: Error: disconnected from server
          at EventEmitter.<anonymous> (/data/Workspace/helios/starwards/modules/core/src/client/driver.ts:53:58)
          at /data/Workspace/helios/starwards/node_modules/colyseus.js/src/core/signal.ts:15:48
          at Array.forEach (<anonymous>)
          at EventEmitter.invoke (/data/Workspace/helios/starwards/node_modules/colyseus.js/src/core/signal.ts:15:19)
          at Function.register.invoke (/data/Workspace/helios/starwards/node_modules/colyseus.js/src/core/signal.ts:57:81)
          at WebSocket.connection.events.onclose (/data/Workspace/helios/starwards/node_modules/colyseus.js/src/Room.ts:89:30)
          at callListener (/data/Workspace/helios/starwards/node_modules/colyseus.js/node_modules/ws/lib/event-target.js:290:14)
          at WebSocket.onClose (/data/Workspace/helios/starwards/node_modules/colyseus.js/node_modules/ws/lib/event-target.js:220:9)
          at WebSocket.emit (node:events:524:28)
          at WebSocket.emitClose (/data/Workspace/helios/starwards/node_modules/colyseus.js/node_modules/ws/lib/websocket.js:272:10)
          at Socket.socketOnClose (/data/Workspace/helios/starwards/node_modules/colyseus.js/node_modules/ws/lib/websocket.js:1341:15)
          at Socket.emit (node:events:524:28)
          at TCP.<anonymous> (node:net:343:12)

      at ConnectionManager.onConnectionError (modules/core/src/client/connection-manager.ts:144:21)
          at Array.forEach (<anonymous>)

    console.log
      connection error: TypeError: Cannot read properties of undefined (reading 'decoder')
          at wireEvents (/data/Workspace/helios/starwards/node_modules/colyseus-events/src/wire-events.ts:30:40)
          at /data/Workspace/helios/starwards/modules/core/src/client/admin.ts:20:5
          at processTicksAndRejections (node:internal/process/task_queues:95:5)
          at /data/Workspace/helios/starwards/modules/core/src/client/connection-manager.ts:131:21

      at ConnectionManager.onConnectionError (modules/core/src/client/connection-manager.ts:144:21)

    console.log
      connection error: Error: disconnected from server
          at EventEmitter.<anonymous> (/data/Workspace/helios/starwards/modules/core/src/client/driver.ts:53:58)
          at /data/Workspace/helios/starwards/node_modules/colyseus.js/src/core/signal.ts:15:48
          at Array.forEach (<anonymous>)
          at EventEmitter.invoke (/data/Workspace/helios/starwards/node_modules/colyseus.js/src/core/signal.ts:15:19)
          at Function.register.invoke (/data/Workspace/helios/starwards/node_modules/colyseus.js/src/core/signal.ts:57:81)
          at WebSocket.connection.events.onclose (/data/Workspace/helios/starwards/node_modules/colyseus.js/src/Room.ts:89:30)
          at callListener (/data/Workspace/helios/starwards/node_modules/colyseus.js/node_modules/ws/lib/event-target.js:290:14)
          at WebSocket.onClose (/data/Workspace/helios/starwards/node_modules/colyseus.js/node_modules/ws/lib/event-target.js:220:9)
          at WebSocket.emit (node:events:524:28)
          at WebSocket.emitClose (/data/Workspace/helios/starwards/node_modules/colyseus.js/node_modules/ws/lib/websocket.js:272:10)
          at Socket.socketOnClose (/data/Workspace/helios/starwards/node_modules/colyseus.js/node_modules/ws/lib/websocket.js:1341:15)
          at Socket.emit (node:events:524:28)
          at TCP.<anonymous> (node:net:343:12)

      at ConnectionManager.onConnectionError (modules/core/src/client/connection-manager.ts:144:21)
          at Array.forEach (<anonymous>)

    console.log
      connection error: TypeError: Cannot read properties of undefined (reading 'decoder')
          at wireEvents (/data/Workspace/helios/starwards/node_modules/colyseus-events/src/wire-events.ts:30:40)
          at /data/Workspace/helios/starwards/modules/core/src/client/admin.ts:20:5
          at processTicksAndRejections (node:internal/process/task_queues:95:5)
          at /data/Workspace/helios/starwards/modules/core/src/client/connection-manager.ts:131:21

      at ConnectionManager.onConnectionError (modules/core/src/client/connection-manager.ts:144:21)

    console.log
      connection error: Error: disconnected from server
          at EventEmitter.<anonymous> (/data/Workspace/helios/starwards/modules/core/src/client/driver.ts:53:58)
          at /data/Workspace/helios/starwards/node_modules/colyseus.js/src/core/signal.ts:15:48
          at Array.forEach (<anonymous>)
          at EventEmitter.invoke (/data/Workspace/helios/starwards/node_modules/colyseus.js/src/core/signal.ts:15:19)
          at Function.register.invoke (/data/Workspace/helios/starwards/node_modules/colyseus.js/src/core/signal.ts:57:81)
          at WebSocket.connection.events.onclose (/data/Workspace/helios/starwards/node_modules/colyseus.js/src/Room.ts:89:30)
          at callListener (/data/Workspace/helios/starwards/node_modules/colyseus.js/node_modules/ws/lib/event-target.js:290:14)
          at WebSocket.onClose (/data/Workspace/helios/starwards/node_modules/colyseus.js/node_modules/ws/lib/event-target.js:220:9)
          at WebSocket.emit (node:events:524:28)
          at WebSocket.emitClose (/data/Workspace/helios/starwards/node_modules/colyseus.js/node_modules/ws/lib/websocket.js:272:10)
          at Socket.socketOnClose (/data/Workspace/helios/starwards/node_modules/colyseus.js/node_modules/ws/lib/websocket.js:1341:15)
          at Socket.emit (node:events:524:28)
          at TCP.<anonymous> (node:net:343:12)

      at ConnectionManager.onConnectionError (modules/core/src/client/connection-manager.ts:144:21)
          at Array.forEach (<anonymous>)

    console.log
      connection error: TypeError: Cannot read properties of undefined (reading 'decoder')
          at wireEvents (/data/Workspace/helios/starwards/node_modules/colyseus-events/src/wire-events.ts:30:40)
          at /data/Workspace/helios/starwards/modules/core/src/client/admin.ts:20:5
          at processTicksAndRejections (node:internal/process/task_queues:95:5)
          at /data/Workspace/helios/starwards/modules/core/src/client/connection-manager.ts:131:21

      at ConnectionManager.onConnectionError (modules/core/src/client/connection-manager.ts:144:21)

    console.log
      connection error: Error: disconnected from server
          at EventEmitter.<anonymous> (/data/Workspace/helios/starwards/modules/core/src/client/driver.ts:53:58)
          at /data/Workspace/helios/starwards/node_modules/colyseus.js/src/core/signal.ts:15:48
          at Array.forEach (<anonymous>)
          at EventEmitter.invoke (/data/Workspace/helios/starwards/node_modules/colyseus.js/src/core/signal.ts:15:19)
          at Function.register.invoke (/data/Workspace/helios/starwards/node_modules/colyseus.js/src/core/signal.ts:57:81)
          at WebSocket.connection.events.onclose (/data/Workspace/helios/starwards/node_modules/colyseus.js/src/Room.ts:89:30)
          at callListener (/data/Workspace/helios/starwards/node_modules/colyseus.js/node_modules/ws/lib/event-target.js:290:14)
          at WebSocket.onClose (/data/Workspace/helios/starwards/node_modules/colyseus.js/node_modules/ws/lib/event-target.js:220:9)
          at WebSocket.emit (node:events:524:28)
          at WebSocket.emitClose (/data/Workspace/helios/starwards/node_modules/colyseus.js/node_modules/ws/lib/websocket.js:272:10)
          at Socket.socketOnClose (/data/Workspace/helios/starwards/node_modules/colyseus.js/node_modules/ws/lib/websocket.js:1341:15)
          at Socket.emit (node:events:524:28)
          at TCP.<anonymous> (node:net:343:12)

      at ConnectionManager.onConnectionError (modules/core/src/client/connection-manager.ts:144:21)
          at Array.forEach (<anonymous>)

    console.log
      connection error: TypeError: Cannot read properties of undefined (reading 'decoder')
          at wireEvents (/data/Workspace/helios/starwards/node_modules/colyseus-events/src/wire-events.ts:30:40)
          at /data/Workspace/helios/starwards/modules/core/src/client/admin.ts:20:5
          at processTicksAndRejections (node:internal/process/task_queues:95:5)
          at /data/Workspace/helios/starwards/modules/core/src/client/connection-manager.ts:131:21

      at ConnectionManager.onConnectionError (modules/core/src/client/connection-manager.ts:144:21)

    console.log
      connection error: Error: disconnected from server
          at EventEmitter.<anonymous> (/data/Workspace/helios/starwards/modules/core/src/client/driver.ts:53:58)
          at /data/Workspace/helios/starwards/node_modules/colyseus.js/src/core/signal.ts:15:48
          at Array.forEach (<anonymous>)
          at EventEmitter.invoke (/data/Workspace/helios/starwards/node_modules/colyseus.js/src/core/signal.ts:15:19)
          at Function.register.invoke (/data/Workspace/helios/starwards/node_modules/colyseus.js/src/core/signal.ts:57:81)
          at WebSocket.connection.events.onclose (/data/Workspace/helios/starwards/node_modules/colyseus.js/src/Room.ts:89:30)
          at callListener (/data/Workspace/helios/starwards/node_modules/colyseus.js/node_modules/ws/lib/event-target.js:290:14)
          at WebSocket.onClose (/data/Workspace/helios/starwards/node_modules/colyseus.js/node_modules/ws/lib/event-target.js:220:9)
          at WebSocket.emit (node:events:524:28)
          at WebSocket.emitClose (/data/Workspace/helios/starwards/node_modules/colyseus.js/node_modules/ws/lib/websocket.js:272:10)
          at Socket.socketOnClose (/data/Workspace/helios/starwards/node_modules/colyseus.js/node_modules/ws/lib/websocket.js:1341:15)
          at Socket.emit (node:events:524:28)
          at TCP.<anonymous> (node:net:343:12)

      at ConnectionManager.onConnectionError (modules/core/src/client/connection-manager.ts:144:21)
          at Array.forEach (<anonymous>)

    console.log
      connection error: TypeError: Cannot read properties of undefined (reading 'decoder')
          at wireEvents (/data/Workspace/helios/starwards/node_modules/colyseus-events/src/wire-events.ts:30:40)
          at /data/Workspace/helios/starwards/modules/core/src/client/admin.ts:20:5
          at processTicksAndRejections (node:internal/process/task_queues:95:5)
          at /data/Workspace/helios/starwards/modules/core/src/client/connection-manager.ts:131:21

      at ConnectionManager.onConnectionError (modules/core/src/client/connection-manager.ts:144:21)

    console.log
      connection error: Error: disconnected from server
          at EventEmitter.<anonymous> (/data/Workspace/helios/starwards/modules/core/src/client/driver.ts:53:58)
          at /data/Workspace/helios/starwards/node_modules/colyseus.js/src/core/signal.ts:15:48
          at Array.forEach (<anonymous>)
          at EventEmitter.invoke (/data/Workspace/helios/starwards/node_modules/colyseus.js/src/core/signal.ts:15:19)
          at Function.register.invoke (/data/Workspace/helios/starwards/node_modules/colyseus.js/src/core/signal.ts:57:81)
          at WebSocket.connection.events.onclose (/data/Workspace/helios/starwards/node_modules/colyseus.js/src/Room.ts:89:30)
          at callListener (/data/Workspace/helios/starwards/node_modules/colyseus.js/node_modules/ws/lib/event-target.js:290:14)
          at WebSocket.onClose (/data/Workspace/helios/starwards/node_modules/colyseus.js/node_modules/ws/lib/event-target.js:220:9)
          at WebSocket.emit (node:events:524:28)
          at WebSocket.emitClose (/data/Workspace/helios/starwards/node_modules/colyseus.js/node_modules/ws/lib/websocket.js:272:10)
          at Socket.socketOnClose (/data/Workspace/helios/starwards/node_modules/colyseus.js/node_modules/ws/lib/websocket.js:1341:15)
          at Socket.emit (node:events:524:28)
          at TCP.<anonymous> (node:net:343:12)

      at ConnectionManager.onConnectionError (modules/core/src/client/connection-manager.ts:144:21)
          at Array.forEach (<anonymous>)

    console.log
      connection error: TypeError: Cannot read properties of undefined (reading 'decoder')
          at wireEvents (/data/Workspace/helios/starwards/node_modules/colyseus-events/src/wire-events.ts:30:40)
          at /data/Workspace/helios/starwards/modules/core/src/client/admin.ts:20:5
          at processTicksAndRejections (node:internal/process/task_queues:95:5)
          at /data/Workspace/helios/starwards/modules/core/src/client/connection-manager.ts:131:21

      at ConnectionManager.onConnectionError (modules/core/src/client/connection-manager.ts:144:21)

    console.log
      connection error: Error: disconnected from server
          at EventEmitter.<anonymous> (/data/Workspace/helios/starwards/modules/core/src/client/driver.ts:53:58)
          at /data/Workspace/helios/starwards/node_modules/colyseus.js/src/core/signal.ts:15:48
          at Array.forEach (<anonymous>)
          at EventEmitter.invoke (/data/Workspace/helios/starwards/node_modules/colyseus.js/src/core/signal.ts:15:19)
          at Function.register.invoke (/data/Workspace/helios/starwards/node_modules/colyseus.js/src/core/signal.ts:57:81)
          at WebSocket.connection.events.onclose (/data/Workspace/helios/starwards/node_modules/colyseus.js/src/Room.ts:89:30)
          at callListener (/data/Workspace/helios/starwards/node_modules/colyseus.js/node_modules/ws/lib/event-target.js:290:14)
          at WebSocket.onClose (/data/Workspace/helios/starwards/node_modules/colyseus.js/node_modules/ws/lib/event-target.js:220:9)
          at WebSocket.emit (node:events:524:28)
          at WebSocket.emitClose (/data/Workspace/helios/starwards/node_modules/colyseus.js/node_modules/ws/lib/websocket.js:272:10)
          at Socket.socketOnClose (/data/Workspace/helios/starwards/node_modules/colyseus.js/node_modules/ws/lib/websocket.js:1341:15)
          at Socket.emit (node:events:524:28)
          at TCP.<anonymous> (node:net:343:12)

      at ConnectionManager.onConnectionError (modules/core/src/client/connection-manager.ts:144:21)
          at Array.forEach (<anonymous>)

    console.log
      connection error: TypeError: Cannot read properties of undefined (reading 'decoder')
          at wireEvents (/data/Workspace/helios/starwards/node_modules/colyseus-events/src/wire-events.ts:30:40)
          at /data/Workspace/helios/starwards/modules/core/src/client/admin.ts:20:5
          at processTicksAndRejections (node:internal/process/task_queues:95:5)
          at /data/Workspace/helios/starwards/modules/core/src/client/connection-manager.ts:131:21

      at ConnectionManager.onConnectionError (modules/core/src/client/connection-manager.ts:144:21)

    console.log
      connection error: Error: disconnected from server
          at EventEmitter.<anonymous> (/data/Workspace/helios/starwards/modules/core/src/client/driver.ts:53:58)
          at /data/Workspace/helios/starwards/node_modules/colyseus.js/src/core/signal.ts:15:48
          at Array.forEach (<anonymous>)
          at EventEmitter.invoke (/data/Workspace/helios/starwards/node_modules/colyseus.js/src/core/signal.ts:15:19)
          at Function.register.invoke (/data/Workspace/helios/starwards/node_modules/colyseus.js/src/core/signal.ts:57:81)
          at WebSocket.connection.events.onclose (/data/Workspace/helios/starwards/node_modules/colyseus.js/src/Room.ts:89:30)
          at callListener (/data/Workspace/helios/starwards/node_modules/colyseus.js/node_modules/ws/lib/event-target.js:290:14)
          at WebSocket.onClose (/data/Workspace/helios/starwards/node_modules/colyseus.js/node_modules/ws/lib/event-target.js:220:9)
          at WebSocket.emit (node:events:524:28)
          at WebSocket.emitClose (/data/Workspace/helios/starwards/node_modules/colyseus.js/node_modules/ws/lib/websocket.js:272:10)
          at Socket.socketOnClose (/data/Workspace/helios/starwards/node_modules/colyseus.js/node_modules/ws/lib/websocket.js:1341:15)
          at Socket.emit (node:events:524:28)
          at TCP.<anonymous> (node:net:343:12)

      at ConnectionManager.onConnectionError (modules/core/src/client/connection-manager.ts:144:21)
          at Array.forEach (<anonymous>)

    console.log
      connection error: TypeError: Cannot read properties of undefined (reading 'decoder')
          at wireEvents (/data/Workspace/helios/starwards/node_modules/colyseus-events/src/wire-events.ts:30:40)
          at /data/Workspace/helios/starwards/modules/core/src/client/admin.ts:20:5
          at processTicksAndRejections (node:internal/process/task_queues:95:5)
          at /data/Workspace/helios/starwards/modules/core/src/client/connection-manager.ts:131:21

      at ConnectionManager.onConnectionError (modules/core/src/client/connection-manager.ts:144:21)

    console.log
      connection error: Error: disconnected from server
          at EventEmitter.<anonymous> (/data/Workspace/helios/starwards/modules/core/src/client/driver.ts:53:58)
          at /data/Workspace/helios/starwards/node_modules/colyseus.js/src/core/signal.ts:15:48
          at Array.forEach (<anonymous>)
          at EventEmitter.invoke (/data/Workspace/helios/starwards/node_modules/colyseus.js/src/core/signal.ts:15:19)
          at Function.register.invoke (/data/Workspace/helios/starwards/node_modules/colyseus.js/src/core/signal.ts:57:81)
          at WebSocket.connection.events.onclose (/data/Workspace/helios/starwards/node_modules/colyseus.js/src/Room.ts:89:30)
          at callListener (/data/Workspace/helios/starwards/node_modules/colyseus.js/node_modules/ws/lib/event-target.js:290:14)
          at WebSocket.onClose (/data/Workspace/helios/starwards/node_modules/colyseus.js/node_modules/ws/lib/event-target.js:220:9)
          at WebSocket.emit (node:events:524:28)
          at WebSocket.emitClose (/data/Workspace/helios/starwards/node_modules/colyseus.js/node_modules/ws/lib/websocket.js:272:10)
          at Socket.socketOnClose (/data/Workspace/helios/starwards/node_modules/colyseus.js/node_modules/ws/lib/websocket.js:1341:15)
          at Socket.emit (node:events:524:28)
          at TCP.<anonymous> (node:net:343:12)

      at ConnectionManager.onConnectionError (modules/core/src/client/connection-manager.ts:144:21)
          at Array.forEach (<anonymous>)

    console.log
      connection error: TypeError: Cannot read properties of undefined (reading 'decoder')
          at wireEvents (/data/Workspace/helios/starwards/node_modules/colyseus-events/src/wire-events.ts:30:40)
          at /data/Workspace/helios/starwards/modules/core/src/client/admin.ts:20:5
          at processTicksAndRejections (node:internal/process/task_queues:95:5)
          at /data/Workspace/helios/starwards/modules/core/src/client/connection-manager.ts:131:21

      at ConnectionManager.onConnectionError (modules/core/src/client/connection-manager.ts:144:21)

    console.log
      connection error: Error: disconnected from server
          at EventEmitter.<anonymous> (/data/Workspace/helios/starwards/modules/core/src/client/driver.ts:53:58)
          at /data/Workspace/helios/starwards/node_modules/colyseus.js/src/core/signal.ts:15:48
          at Array.forEach (<anonymous>)
          at EventEmitter.invoke (/data/Workspace/helios/starwards/node_modules/colyseus.js/src/core/signal.ts:15:19)
          at Function.register.invoke (/data/Workspace/helios/starwards/node_modules/colyseus.js/src/core/signal.ts:57:81)
          at WebSocket.connection.events.onclose (/data/Workspace/helios/starwards/node_modules/colyseus.js/src/Room.ts:89:30)
          at callListener (/data/Workspace/helios/starwards/node_modules/colyseus.js/node_modules/ws/lib/event-target.js:290:14)
          at WebSocket.onClose (/data/Workspace/helios/starwards/node_modules/colyseus.js/node_modules/ws/lib/event-target.js:220:9)
          at WebSocket.emit (node:events:524:28)
          at WebSocket.emitClose (/data/Workspace/helios/starwards/node_modules/colyseus.js/node_modules/ws/lib/websocket.js:272:10)
          at Socket.socketOnClose (/data/Workspace/helios/starwards/node_modules/colyseus.js/node_modules/ws/lib/websocket.js:1341:15)
          at Socket.emit (node:events:524:28)
          at TCP.<anonymous> (node:net:343:12)

      at ConnectionManager.onConnectionError (modules/core/src/client/connection-manager.ts:144:21)
          at Array.forEach (<anonymous>)

    console.log
      connection error: TypeError: Cannot read properties of undefined (reading 'decoder')
          at wireEvents (/data/Workspace/helios/starwards/node_modules/colyseus-events/src/wire-events.ts:30:40)
          at /data/Workspace/helios/starwards/modules/core/src/client/admin.ts:20:5
          at processTicksAndRejections (node:internal/process/task_queues:95:5)
          at /data/Workspace/helios/starwards/modules/core/src/client/connection-manager.ts:131:21

      at ConnectionManager.onConnectionError (modules/core/src/client/connection-manager.ts:144:21)

    console.log
      connection error: Error: disconnected from server
          at EventEmitter.<anonymous> (/data/Workspace/helios/starwards/modules/core/src/client/driver.ts:53:58)
          at /data/Workspace/helios/starwards/node_modules/colyseus.js/src/core/signal.ts:15:48
          at Array.forEach (<anonymous>)
          at EventEmitter.invoke (/data/Workspace/helios/starwards/node_modules/colyseus.js/src/core/signal.ts:15:19)
          at Function.register.invoke (/data/Workspace/helios/starwards/node_modules/colyseus.js/src/core/signal.ts:57:81)
          at WebSocket.connection.events.onclose (/data/Workspace/helios/starwards/node_modules/colyseus.js/src/Room.ts:89:30)
          at callListener (/data/Workspace/helios/starwards/node_modules/colyseus.js/node_modules/ws/lib/event-target.js:290:14)
          at WebSocket.onClose (/data/Workspace/helios/starwards/node_modules/colyseus.js/node_modules/ws/lib/event-target.js:220:9)
          at WebSocket.emit (node:events:524:28)
          at WebSocket.emitClose (/data/Workspace/helios/starwards/node_modules/colyseus.js/node_modules/ws/lib/websocket.js:272:10)
          at Socket.socketOnClose (/data/Workspace/helios/starwards/node_modules/colyseus.js/node_modules/ws/lib/websocket.js:1341:15)
          at Socket.emit (node:events:524:28)
          at TCP.<anonymous> (node:net:343:12)

      at ConnectionManager.onConnectionError (modules/core/src/client/connection-manager.ts:144:21)
          at Array.forEach (<anonymous>)

    console.log
      connection error: TypeError: Cannot read properties of undefined (reading 'decoder')
          at wireEvents (/data/Workspace/helios/starwards/node_modules/colyseus-events/src/wire-events.ts:30:40)
          at /data/Workspace/helios/starwards/modules/core/src/client/admin.ts:20:5
          at processTicksAndRejections (node:internal/process/task_queues:95:5)
          at /data/Workspace/helios/starwards/modules/core/src/client/connection-manager.ts:131:21

      at ConnectionManager.onConnectionError (modules/core/src/client/connection-manager.ts:144:21)

    console.log
      connection error: Error: disconnected from server
          at EventEmitter.<anonymous> (/data/Workspace/helios/starwards/modules/core/src/client/driver.ts:53:58)
          at /data/Workspace/helios/starwards/node_modules/colyseus.js/src/core/signal.ts:15:48
          at Array.forEach (<anonymous>)
          at EventEmitter.invoke (/data/Workspace/helios/starwards/node_modules/colyseus.js/src/core/signal.ts:15:19)
          at Function.register.invoke (/data/Workspace/helios/starwards/node_modules/colyseus.js/src/core/signal.ts:57:81)
          at WebSocket.connection.events.onclose (/data/Workspace/helios/starwards/node_modules/colyseus.js/src/Room.ts:89:30)
          at callListener (/data/Workspace/helios/starwards/node_modules/colyseus.js/node_modules/ws/lib/event-target.js:290:14)
          at WebSocket.onClose (/data/Workspace/helios/starwards/node_modules/colyseus.js/node_modules/ws/lib/event-target.js:220:9)
          at WebSocket.emit (node:events:524:28)
          at WebSocket.emitClose (/data/Workspace/helios/starwards/node_modules/colyseus.js/node_modules/ws/lib/websocket.js:272:10)
          at Socket.socketOnClose (/data/Workspace/helios/starwards/node_modules/colyseus.js/node_modules/ws/lib/websocket.js:1341:15)
          at Socket.emit (node:events:524:28)
          at TCP.<anonymous> (node:net:343:12)

      at ConnectionManager.onConnectionError (modules/core/src/client/connection-manager.ts:144:21)
          at Array.forEach (<anonymous>)

    console.log
      connection error: TypeError: Cannot read properties of undefined (reading 'decoder')
          at wireEvents (/data/Workspace/helios/starwards/node_modules/colyseus-events/src/wire-events.ts:30:40)
          at /data/Workspace/helios/starwards/modules/core/src/client/admin.ts:20:5
          at processTicksAndRejections (node:internal/process/task_queues:95:5)
          at /data/Workspace/helios/starwards/modules/core/src/client/connection-manager.ts:131:21

      at ConnectionManager.onConnectionError (modules/core/src/client/connection-manager.ts:144:21)

    console.log
      connection error: Error: disconnected from server
          at EventEmitter.<anonymous> (/data/Workspace/helios/starwards/modules/core/src/client/driver.ts:53:58)
          at /data/Workspace/helios/starwards/node_modules/colyseus.js/src/core/signal.ts:15:48
          at Array.forEach (<anonymous>)
          at EventEmitter.invoke (/data/Workspace/helios/starwards/node_modules/colyseus.js/src/core/signal.ts:15:19)
          at Function.register.invoke (/data/Workspace/helios/starwards/node_modules/colyseus.js/src/core/signal.ts:57:81)
          at WebSocket.connection.events.onclose (/data/Workspace/helios/starwards/node_modules/colyseus.js/src/Room.ts:89:30)
          at callListener (/data/Workspace/helios/starwards/node_modules/colyseus.js/node_modules/ws/lib/event-target.js:290:14)
          at WebSocket.onClose (/data/Workspace/helios/starwards/node_modules/colyseus.js/node_modules/ws/lib/event-target.js:220:9)
          at WebSocket.emit (node:events:524:28)
          at WebSocket.emitClose (/data/Workspace/helios/starwards/node_modules/colyseus.js/node_modules/ws/lib/websocket.js:272:10)
          at Socket.socketOnClose (/data/Workspace/helios/starwards/node_modules/colyseus.js/node_modules/ws/lib/websocket.js:1341:15)
          at Socket.emit (node:events:524:28)
          at TCP.<anonymous> (node:net:343:12)

      at ConnectionManager.onConnectionError (modules/core/src/client/connection-manager.ts:144:21)
          at Array.forEach (<anonymous>)

    console.log
      connection error: TypeError: Cannot read properties of undefined (reading 'decoder')
          at wireEvents (/data/Workspace/helios/starwards/node_modules/colyseus-events/src/wire-events.ts:30:40)
          at /data/Workspace/helios/starwards/modules/core/src/client/admin.ts:20:5
          at processTicksAndRejections (node:internal/process/task_queues:95:5)
          at /data/Workspace/helios/starwards/modules/core/src/client/connection-manager.ts:131:21

      at ConnectionManager.onConnectionError (modules/core/src/client/connection-manager.ts:144:21)

    console.log
      connection error: Error: disconnected from server
          at EventEmitter.<anonymous> (/data/Workspace/helios/starwards/modules/core/src/client/driver.ts:53:58)
          at /data/Workspace/helios/starwards/node_modules/colyseus.js/src/core/signal.ts:15:48
          at Array.forEach (<anonymous>)
          at EventEmitter.invoke (/data/Workspace/helios/starwards/node_modules/colyseus.js/src/core/signal.ts:15:19)
          at Function.register.invoke (/data/Workspace/helios/starwards/node_modules/colyseus.js/src/core/signal.ts:57:81)
          at WebSocket.connection.events.onclose (/data/Workspace/helios/starwards/node_modules/colyseus.js/src/Room.ts:89:30)
          at callListener (/data/Workspace/helios/starwards/node_modules/colyseus.js/node_modules/ws/lib/event-target.js:290:14)
          at WebSocket.onClose (/data/Workspace/helios/starwards/node_modules/colyseus.js/node_modules/ws/lib/event-target.js:220:9)
          at WebSocket.emit (node:events:524:28)
          at WebSocket.emitClose (/data/Workspace/helios/starwards/node_modules/colyseus.js/node_modules/ws/lib/websocket.js:272:10)
          at Socket.socketOnClose (/data/Workspace/helios/starwards/node_modules/colyseus.js/node_modules/ws/lib/websocket.js:1341:15)
          at Socket.emit (node:events:524:28)
          at TCP.<anonymous> (node:net:343:12)

      at ConnectionManager.onConnectionError (modules/core/src/client/connection-manager.ts:144:21)
          at Array.forEach (<anonymous>)

    console.log
      connection error: TypeError: Cannot read properties of undefined (reading 'decoder')
          at wireEvents (/data/Workspace/helios/starwards/node_modules/colyseus-events/src/wire-events.ts:30:40)
          at /data/Workspace/helios/starwards/modules/core/src/client/admin.ts:20:5
          at processTicksAndRejections (node:internal/process/task_queues:95:5)
          at /data/Workspace/helios/starwards/modules/core/src/client/connection-manager.ts:131:21

      at ConnectionManager.onConnectionError (modules/core/src/client/connection-manager.ts:144:21)

    console.log
      connection error: Error: disconnected from server
          at EventEmitter.<anonymous> (/data/Workspace/helios/starwards/modules/core/src/client/driver.ts:53:58)
          at /data/Workspace/helios/starwards/node_modules/colyseus.js/src/core/signal.ts:15:48
          at Array.forEach (<anonymous>)
          at EventEmitter.invoke (/data/Workspace/helios/starwards/node_modules/colyseus.js/src/core/signal.ts:15:19)
          at Function.register.invoke (/data/Workspace/helios/starwards/node_modules/colyseus.js/src/core/signal.ts:57:81)
          at WebSocket.connection.events.onclose (/data/Workspace/helios/starwards/node_modules/colyseus.js/src/Room.ts:89:30)
          at callListener (/data/Workspace/helios/starwards/node_modules/colyseus.js/node_modules/ws/lib/event-target.js:290:14)
          at WebSocket.onClose (/data/Workspace/helios/starwards/node_modules/colyseus.js/node_modules/ws/lib/event-target.js:220:9)
          at WebSocket.emit (node:events:524:28)
          at WebSocket.emitClose (/data/Workspace/helios/starwards/node_modules/colyseus.js/node_modules/ws/lib/websocket.js:272:10)
          at Socket.socketOnClose (/data/Workspace/helios/starwards/node_modules/colyseus.js/node_modules/ws/lib/websocket.js:1341:15)
          at Socket.emit (node:events:524:28)
          at TCP.<anonymous> (node:net:343:12)

      at ConnectionManager.onConnectionError (modules/core/src/client/connection-manager.ts:144:21)
          at Array.forEach (<anonymous>)

    console.log
      connection error: TypeError: Cannot read properties of undefined (reading 'decoder')
          at wireEvents (/data/Workspace/helios/starwards/node_modules/colyseus-events/src/wire-events.ts:30:40)
          at /data/Workspace/helios/starwards/modules/core/src/client/admin.ts:20:5
          at processTicksAndRejections (node:internal/process/task_queues:95:5)
          at /data/Workspace/helios/starwards/modules/core/src/client/connection-manager.ts:131:21

      at ConnectionManager.onConnectionError (modules/core/src/client/connection-manager.ts:144:21)

    console.log
      connection error: Error: disconnected from server
          at EventEmitter.<anonymous> (/data/Workspace/helios/starwards/modules/core/src/client/driver.ts:53:58)
          at /data/Workspace/helios/starwards/node_modules/colyseus.js/src/core/signal.ts:15:48
          at Array.forEach (<anonymous>)
          at EventEmitter.invoke (/data/Workspace/helios/starwards/node_modules/colyseus.js/src/core/signal.ts:15:19)
          at Function.register.invoke (/data/Workspace/helios/starwards/node_modules/colyseus.js/src/core/signal.ts:57:81)
          at WebSocket.connection.events.onclose (/data/Workspace/helios/starwards/node_modules/colyseus.js/src/Room.ts:89:30)
          at callListener (/data/Workspace/helios/starwards/node_modules/colyseus.js/node_modules/ws/lib/event-target.js:290:14)
          at WebSocket.onClose (/data/Workspace/helios/starwards/node_modules/colyseus.js/node_modules/ws/lib/event-target.js:220:9)
          at WebSocket.emit (node:events:524:28)
          at WebSocket.emitClose (/data/Workspace/helios/starwards/node_modules/colyseus.js/node_modules/ws/lib/websocket.js:272:10)
          at Socket.socketOnClose (/data/Workspace/helios/starwards/node_modules/colyseus.js/node_modules/ws/lib/websocket.js:1341:15)
          at Socket.emit (node:events:524:28)
          at TCP.<anonymous> (node:net:343:12)

      at ConnectionManager.onConnectionError (modules/core/src/client/connection-manager.ts:144:21)
          at Array.forEach (<anonymous>)

    console.log
      connection error: TypeError: Cannot read properties of undefined (reading 'decoder')
          at wireEvents (/data/Workspace/helios/starwards/node_modules/colyseus-events/src/wire-events.ts:30:40)
          at /data/Workspace/helios/starwards/modules/core/src/client/admin.ts:20:5
          at processTicksAndRejections (node:internal/process/task_queues:95:5)
          at /data/Workspace/helios/starwards/modules/core/src/client/connection-manager.ts:131:21

      at ConnectionManager.onConnectionError (modules/core/src/client/connection-manager.ts:144:21)

    console.log
      connection error: Error: disconnected from server
          at EventEmitter.<anonymous> (/data/Workspace/helios/starwards/modules/core/src/client/driver.ts:53:58)
          at /data/Workspace/helios/starwards/node_modules/colyseus.js/src/core/signal.ts:15:48
          at Array.forEach (<anonymous>)
          at EventEmitter.invoke (/data/Workspace/helios/starwards/node_modules/colyseus.js/src/core/signal.ts:15:19)
          at Function.register.invoke (/data/Workspace/helios/starwards/node_modules/colyseus.js/src/core/signal.ts:57:81)
          at WebSocket.connection.events.onclose (/data/Workspace/helios/starwards/node_modules/colyseus.js/src/Room.ts:89:30)
          at callListener (/data/Workspace/helios/starwards/node_modules/colyseus.js/node_modules/ws/lib/event-target.js:290:14)
          at WebSocket.onClose (/data/Workspace/helios/starwards/node_modules/colyseus.js/node_modules/ws/lib/event-target.js:220:9)
          at WebSocket.emit (node:events:524:28)
          at WebSocket.emitClose (/data/Workspace/helios/starwards/node_modules/colyseus.js/node_modules/ws/lib/websocket.js:272:10)
          at Socket.socketOnClose (/data/Workspace/helios/starwards/node_modules/colyseus.js/node_modules/ws/lib/websocket.js:1341:15)
          at Socket.emit (node:events:524:28)
          at TCP.<anonymous> (node:net:343:12)

      at ConnectionManager.onConnectionError (modules/core/src/client/connection-manager.ts:144:21)
          at Array.forEach (<anonymous>)

    console.log
      connection error: TypeError: Cannot read properties of undefined (reading 'decoder')
          at wireEvents (/data/Workspace/helios/starwards/node_modules/colyseus-events/src/wire-events.ts:30:40)
          at /data/Workspace/helios/starwards/modules/core/src/client/admin.ts:20:5
          at processTicksAndRejections (node:internal/process/task_queues:95:5)
          at /data/Workspace/helios/starwards/modules/core/src/client/connection-manager.ts:131:21

      at ConnectionManager.onConnectionError (modules/core/src/client/connection-manager.ts:144:21)

    console.log
      connection error: Error: disconnected from server
          at EventEmitter.<anonymous> (/data/Workspace/helios/starwards/modules/core/src/client/driver.ts:53:58)
          at /data/Workspace/helios/starwards/node_modules/colyseus.js/src/core/signal.ts:15:48
          at Array.forEach (<anonymous>)
          at EventEmitter.invoke (/data/Workspace/helios/starwards/node_modules/colyseus.js/src/core/signal.ts:15:19)
          at Function.register.invoke (/data/Workspace/helios/starwards/node_modules/colyseus.js/src/core/signal.ts:57:81)
          at WebSocket.connection.events.onclose (/data/Workspace/helios/starwards/node_modules/colyseus.js/src/Room.ts:89:30)
          at callListener (/data/Workspace/helios/starwards/node_modules/colyseus.js/node_modules/ws/lib/event-target.js:290:14)
          at WebSocket.onClose (/data/Workspace/helios/starwards/node_modules/colyseus.js/node_modules/ws/lib/event-target.js:220:9)
          at WebSocket.emit (node:events:524:28)
          at WebSocket.emitClose (/data/Workspace/helios/starwards/node_modules/colyseus.js/node_modules/ws/lib/websocket.js:272:10)
          at Socket.socketOnClose (/data/Workspace/helios/starwards/node_modules/colyseus.js/node_modules/ws/lib/websocket.js:1341:15)
          at Socket.emit (node:events:524:28)
          at TCP.<anonymous> (node:net:343:12)

      at ConnectionManager.onConnectionError (modules/core/src/client/connection-manager.ts:144:21)
          at Array.forEach (<anonymous>)

    console.log
      connection error: TypeError: Cannot read properties of undefined (reading 'decoder')
          at wireEvents (/data/Workspace/helios/starwards/node_modules/colyseus-events/src/wire-events.ts:30:40)
          at /data/Workspace/helios/starwards/modules/core/src/client/admin.ts:20:5
          at processTicksAndRejections (node:internal/process/task_queues:95:5)
          at /data/Workspace/helios/starwards/modules/core/src/client/connection-manager.ts:131:21

      at ConnectionManager.onConnectionError (modules/core/src/client/connection-manager.ts:144:21)

    console.log
      connection error: Error: disconnected from server
          at EventEmitter.<anonymous> (/data/Workspace/helios/starwards/modules/core/src/client/driver.ts:53:58)
          at /data/Workspace/helios/starwards/node_modules/colyseus.js/src/core/signal.ts:15:48
          at Array.forEach (<anonymous>)
          at EventEmitter.invoke (/data/Workspace/helios/starwards/node_modules/colyseus.js/src/core/signal.ts:15:19)
          at Function.register.invoke (/data/Workspace/helios/starwards/node_modules/colyseus.js/src/core/signal.ts:57:81)
          at WebSocket.connection.events.onclose (/data/Workspace/helios/starwards/node_modules/colyseus.js/src/Room.ts:89:30)
          at callListener (/data/Workspace/helios/starwards/node_modules/colyseus.js/node_modules/ws/lib/event-target.js:290:14)
          at WebSocket.onClose (/data/Workspace/helios/starwards/node_modules/colyseus.js/node_modules/ws/lib/event-target.js:220:9)
          at WebSocket.emit (node:events:524:28)
          at WebSocket.emitClose (/data/Workspace/helios/starwards/node_modules/colyseus.js/node_modules/ws/lib/websocket.js:272:10)
          at Socket.socketOnClose (/data/Workspace/helios/starwards/node_modules/colyseus.js/node_modules/ws/lib/websocket.js:1341:15)
          at Socket.emit (node:events:524:28)
          at TCP.<anonymous> (node:net:343:12)

      at ConnectionManager.onConnectionError (modules/core/src/client/connection-manager.ts:144:21)
          at Array.forEach (<anonymous>)

    console.log
      connection error: TypeError: Cannot read properties of undefined (reading 'decoder')
          at wireEvents (/data/Workspace/helios/starwards/node_modules/colyseus-events/src/wire-events.ts:30:40)
          at /data/Workspace/helios/starwards/modules/core/src/client/admin.ts:20:5
          at processTicksAndRejections (node:internal/process/task_queues:95:5)
          at /data/Workspace/helios/starwards/modules/core/src/client/connection-manager.ts:131:21

      at ConnectionManager.onConnectionError (modules/core/src/client/connection-manager.ts:144:21)

    console.log
      connection error: Error: disconnected from server
          at EventEmitter.<anonymous> (/data/Workspace/helios/starwards/modules/core/src/client/driver.ts:53:58)
          at /data/Workspace/helios/starwards/node_modules/colyseus.js/src/core/signal.ts:15:48
          at Array.forEach (<anonymous>)
          at EventEmitter.invoke (/data/Workspace/helios/starwards/node_modules/colyseus.js/src/core/signal.ts:15:19)
          at Function.register.invoke (/data/Workspace/helios/starwards/node_modules/colyseus.js/src/core/signal.ts:57:81)
          at WebSocket.connection.events.onclose (/data/Workspace/helios/starwards/node_modules/colyseus.js/src/Room.ts:89:30)
          at callListener (/data/Workspace/helios/starwards/node_modules/colyseus.js/node_modules/ws/lib/event-target.js:290:14)
          at WebSocket.onClose (/data/Workspace/helios/starwards/node_modules/colyseus.js/node_modules/ws/lib/event-target.js:220:9)
          at WebSocket.emit (node:events:524:28)
          at WebSocket.emitClose (/data/Workspace/helios/starwards/node_modules/colyseus.js/node_modules/ws/lib/websocket.js:272:10)
          at Socket.socketOnClose (/data/Workspace/helios/starwards/node_modules/colyseus.js/node_modules/ws/lib/websocket.js:1341:15)
          at Socket.emit (node:events:524:28)
          at TCP.<anonymous> (node:net:343:12)

      at ConnectionManager.onConnectionError (modules/core/src/client/connection-manager.ts:144:21)
          at Array.forEach (<anonymous>)

    console.log
      connection error: TypeError: Cannot read properties of undefined (reading 'decoder')
          at wireEvents (/data/Workspace/helios/starwards/node_modules/colyseus-events/src/wire-events.ts:30:40)
          at /data/Workspace/helios/starwards/modules/core/src/client/admin.ts:20:5
          at processTicksAndRejections (node:internal/process/task_queues:95:5)
          at /data/Workspace/helios/starwards/modules/core/src/client/connection-manager.ts:131:21

      at ConnectionManager.onConnectionError (modules/core/src/client/connection-manager.ts:144:21)

    console.log
      connection error: Error: disconnected from server
          at EventEmitter.<anonymous> (/data/Workspace/helios/starwards/modules/core/src/client/driver.ts:53:58)
          at /data/Workspace/helios/starwards/node_modules/colyseus.js/src/core/signal.ts:15:48
          at Array.forEach (<anonymous>)
          at EventEmitter.invoke (/data/Workspace/helios/starwards/node_modules/colyseus.js/src/core/signal.ts:15:19)
          at Function.register.invoke (/data/Workspace/helios/starwards/node_modules/colyseus.js/src/core/signal.ts:57:81)
          at WebSocket.connection.events.onclose (/data/Workspace/helios/starwards/node_modules/colyseus.js/src/Room.ts:89:30)
          at callListener (/data/Workspace/helios/starwards/node_modules/colyseus.js/node_modules/ws/lib/event-target.js:290:14)
          at WebSocket.onClose (/data/Workspace/helios/starwards/node_modules/colyseus.js/node_modules/ws/lib/event-target.js:220:9)
          at WebSocket.emit (node:events:524:28)
          at WebSocket.emitClose (/data/Workspace/helios/starwards/node_modules/colyseus.js/node_modules/ws/lib/websocket.js:272:10)
          at Socket.socketOnClose (/data/Workspace/helios/starwards/node_modules/colyseus.js/node_modules/ws/lib/websocket.js:1341:15)
          at Socket.emit (node:events:524:28)
          at TCP.<anonymous> (node:net:343:12)

      at ConnectionManager.onConnectionError (modules/core/src/client/connection-manager.ts:144:21)
          at Array.forEach (<anonymous>)

    console.log
      connection error: TypeError: Cannot read properties of undefined (reading 'decoder')
          at wireEvents (/data/Workspace/helios/starwards/node_modules/colyseus-events/src/wire-events.ts:30:40)
          at /data/Workspace/helios/starwards/modules/core/src/client/admin.ts:20:5
          at processTicksAndRejections (node:internal/process/task_queues:95:5)
          at /data/Workspace/helios/starwards/modules/core/src/client/connection-manager.ts:131:21

      at ConnectionManager.onConnectionError (modules/core/src/client/connection-manager.ts:144:21)

    console.log
      connection error: Error: disconnected from server
          at EventEmitter.<anonymous> (/data/Workspace/helios/starwards/modules/core/src/client/driver.ts:53:58)
          at /data/Workspace/helios/starwards/node_modules/colyseus.js/src/core/signal.ts:15:48
          at Array.forEach (<anonymous>)
          at EventEmitter.invoke (/data/Workspace/helios/starwards/node_modules/colyseus.js/src/core/signal.ts:15:19)
          at Function.register.invoke (/data/Workspace/helios/starwards/node_modules/colyseus.js/src/core/signal.ts:57:81)
          at WebSocket.connection.events.onclose (/data/Workspace/helios/starwards/node_modules/colyseus.js/src/Room.ts:89:30)
          at callListener (/data/Workspace/helios/starwards/node_modules/colyseus.js/node_modules/ws/lib/event-target.js:290:14)
          at WebSocket.onClose (/data/Workspace/helios/starwards/node_modules/colyseus.js/node_modules/ws/lib/event-target.js:220:9)
          at WebSocket.emit (node:events:524:28)
          at WebSocket.emitClose (/data/Workspace/helios/starwards/node_modules/colyseus.js/node_modules/ws/lib/websocket.js:272:10)
          at Socket.socketOnClose (/data/Workspace/helios/starwards/node_modules/colyseus.js/node_modules/ws/lib/websocket.js:1341:15)
          at Socket.emit (node:events:524:28)
          at TCP.<anonymous> (node:net:343:12)

      at ConnectionManager.onConnectionError (modules/core/src/client/connection-manager.ts:144:21)
          at Array.forEach (<anonymous>)

    console.log
      connection error: TypeError: Cannot read properties of undefined (reading 'decoder')
          at wireEvents (/data/Workspace/helios/starwards/node_modules/colyseus-events/src/wire-events.ts:30:40)
          at /data/Workspace/helios/starwards/modules/core/src/client/admin.ts:20:5
          at processTicksAndRejections (node:internal/process/task_queues:95:5)
          at /data/Workspace/helios/starwards/modules/core/src/client/connection-manager.ts:131:21

      at ConnectionManager.onConnectionError (modules/core/src/client/connection-manager.ts:144:21)

    console.log
      connection error: Error: disconnected from server
          at EventEmitter.<anonymous> (/data/Workspace/helios/starwards/modules/core/src/client/driver.ts:53:58)
          at /data/Workspace/helios/starwards/node_modules/colyseus.js/src/core/signal.ts:15:48
          at Array.forEach (<anonymous>)
          at EventEmitter.invoke (/data/Workspace/helios/starwards/node_modules/colyseus.js/src/core/signal.ts:15:19)
          at Function.register.invoke (/data/Workspace/helios/starwards/node_modules/colyseus.js/src/core/signal.ts:57:81)
          at WebSocket.connection.events.onclose (/data/Workspace/helios/starwards/node_modules/colyseus.js/src/Room.ts:89:30)
          at callListener (/data/Workspace/helios/starwards/node_modules/colyseus.js/node_modules/ws/lib/event-target.js:290:14)
          at WebSocket.onClose (/data/Workspace/helios/starwards/node_modules/colyseus.js/node_modules/ws/lib/event-target.js:220:9)
          at WebSocket.emit (node:events:524:28)
          at WebSocket.emitClose (/data/Workspace/helios/starwards/node_modules/colyseus.js/node_modules/ws/lib/websocket.js:272:10)
          at Socket.socketOnClose (/data/Workspace/helios/starwards/node_modules/colyseus.js/node_modules/ws/lib/websocket.js:1341:15)
          at Socket.emit (node:events:524:28)
          at TCP.<anonymous> (node:net:343:12)

      at ConnectionManager.onConnectionError (modules/core/src/client/connection-manager.ts:144:21)
          at Array.forEach (<anonymous>)

    console.log
      connection error: TypeError: Cannot read properties of undefined (reading 'decoder')
          at wireEvents (/data/Workspace/helios/starwards/node_modules/colyseus-events/src/wire-events.ts:30:40)
          at /data/Workspace/helios/starwards/modules/core/src/client/admin.ts:20:5
          at processTicksAndRejections (node:internal/process/task_queues:95:5)
          at /data/Workspace/helios/starwards/modules/core/src/client/connection-manager.ts:131:21

      at ConnectionManager.onConnectionError (modules/core/src/client/connection-manager.ts:144:21)

    console.log
      connection error: Error: disconnected from server
          at EventEmitter.<anonymous> (/data/Workspace/helios/starwards/modules/core/src/client/driver.ts:53:58)
          at /data/Workspace/helios/starwards/node_modules/colyseus.js/src/core/signal.ts:15:48
          at Array.forEach (<anonymous>)
          at EventEmitter.invoke (/data/Workspace/helios/starwards/node_modules/colyseus.js/src/core/signal.ts:15:19)
          at Function.register.invoke (/data/Workspace/helios/starwards/node_modules/colyseus.js/src/core/signal.ts:57:81)
          at WebSocket.connection.events.onclose (/data/Workspace/helios/starwards/node_modules/colyseus.js/src/Room.ts:89:30)
          at callListener (/data/Workspace/helios/starwards/node_modules/colyseus.js/node_modules/ws/lib/event-target.js:290:14)
          at WebSocket.onClose (/data/Workspace/helios/starwards/node_modules/colyseus.js/node_modules/ws/lib/event-target.js:220:9)
          at WebSocket.emit (node:events:524:28)
          at WebSocket.emitClose (/data/Workspace/helios/starwards/node_modules/colyseus.js/node_modules/ws/lib/websocket.js:272:10)
          at Socket.socketOnClose (/data/Workspace/helios/starwards/node_modules/colyseus.js/node_modules/ws/lib/websocket.js:1341:15)
          at Socket.emit (node:events:524:28)
          at TCP.<anonymous> (node:net:343:12)

      at ConnectionManager.onConnectionError (modules/core/src/client/connection-manager.ts:144:21)
          at Array.forEach (<anonymous>)

    console.log
      connection error: TypeError: Cannot read properties of undefined (reading 'decoder')
          at wireEvents (/data/Workspace/helios/starwards/node_modules/colyseus-events/src/wire-events.ts:30:40)
          at /data/Workspace/helios/starwards/modules/core/src/client/admin.ts:20:5
          at processTicksAndRejections (node:internal/process/task_queues:95:5)
          at /data/Workspace/helios/starwards/modules/core/src/client/connection-manager.ts:131:21

      at ConnectionManager.onConnectionError (modules/core/src/client/connection-manager.ts:144:21)

    console.log
      connection error: Error: disconnected from server
          at EventEmitter.<anonymous> (/data/Workspace/helios/starwards/modules/core/src/client/driver.ts:53:58)
          at /data/Workspace/helios/starwards/node_modules/colyseus.js/src/core/signal.ts:15:48
          at Array.forEach (<anonymous>)
          at EventEmitter.invoke (/data/Workspace/helios/starwards/node_modules/colyseus.js/src/core/signal.ts:15:19)
          at Function.register.invoke (/data/Workspace/helios/starwards/node_modules/colyseus.js/src/core/signal.ts:57:81)
          at WebSocket.connection.events.onclose (/data/Workspace/helios/starwards/node_modules/colyseus.js/src/Room.ts:89:30)
          at callListener (/data/Workspace/helios/starwards/node_modules/colyseus.js/node_modules/ws/lib/event-target.js:290:14)
          at WebSocket.onClose (/data/Workspace/helios/starwards/node_modules/colyseus.js/node_modules/ws/lib/event-target.js:220:9)
          at WebSocket.emit (node:events:524:28)
          at WebSocket.emitClose (/data/Workspace/helios/starwards/node_modules/colyseus.js/node_modules/ws/lib/websocket.js:272:10)
          at Socket.socketOnClose (/data/Workspace/helios/starwards/node_modules/colyseus.js/node_modules/ws/lib/websocket.js:1341:15)
          at Socket.emit (node:events:524:28)
          at TCP.<anonymous> (node:net:343:12)

      at ConnectionManager.onConnectionError (modules/core/src/client/connection-manager.ts:144:21)
          at Array.forEach (<anonymous>)

    console.log
      connection error: TypeError: Cannot read properties of undefined (reading 'decoder')
          at wireEvents (/data/Workspace/helios/starwards/node_modules/colyseus-events/src/wire-events.ts:30:40)
          at /data/Workspace/helios/starwards/modules/core/src/client/admin.ts:20:5
          at processTicksAndRejections (node:internal/process/task_queues:95:5)
          at /data/Workspace/helios/starwards/modules/core/src/client/connection-manager.ts:131:21

      at ConnectionManager.onConnectionError (modules/core/src/client/connection-manager.ts:144:21)

    console.log
      connection error: Error: disconnected from server
          at EventEmitter.<anonymous> (/data/Workspace/helios/starwards/modules/core/src/client/driver.ts:53:58)
          at /data/Workspace/helios/starwards/node_modules/colyseus.js/src/core/signal.ts:15:48
          at Array.forEach (<anonymous>)
          at EventEmitter.invoke (/data/Workspace/helios/starwards/node_modules/colyseus.js/src/core/signal.ts:15:19)
          at Function.register.invoke (/data/Workspace/helios/starwards/node_modules/colyseus.js/src/core/signal.ts:57:81)
          at WebSocket.connection.events.onclose (/data/Workspace/helios/starwards/node_modules/colyseus.js/src/Room.ts:89:30)
          at callListener (/data/Workspace/helios/starwards/node_modules/colyseus.js/node_modules/ws/lib/event-target.js:290:14)
          at WebSocket.onClose (/data/Workspace/helios/starwards/node_modules/colyseus.js/node_modules/ws/lib/event-target.js:220:9)
          at WebSocket.emit (node:events:524:28)
          at WebSocket.emitClose (/data/Workspace/helios/starwards/node_modules/colyseus.js/node_modules/ws/lib/websocket.js:272:10)
          at Socket.socketOnClose (/data/Workspace/helios/starwards/node_modules/colyseus.js/node_modules/ws/lib/websocket.js:1341:15)
          at Socket.emit (node:events:524:28)
          at TCP.<anonymous> (node:net:343:12)

      at ConnectionManager.onConnectionError (modules/core/src/client/connection-manager.ts:144:21)
          at Array.forEach (<anonymous>)

    console.log
      connection error: TypeError: Cannot read properties of undefined (reading 'decoder')
          at wireEvents (/data/Workspace/helios/starwards/node_modules/colyseus-events/src/wire-events.ts:30:40)
          at /data/Workspace/helios/starwards/modules/core/src/client/admin.ts:20:5
          at processTicksAndRejections (node:internal/process/task_queues:95:5)
          at /data/Workspace/helios/starwards/modules/core/src/client/connection-manager.ts:131:21

      at ConnectionManager.onConnectionError (modules/core/src/client/connection-manager.ts:144:21)

    console.log
      connection error: Error: disconnected from server
          at EventEmitter.<anonymous> (/data/Workspace/helios/starwards/modules/core/src/client/driver.ts:53:58)
          at /data/Workspace/helios/starwards/node_modules/colyseus.js/src/core/signal.ts:15:48
          at Array.forEach (<anonymous>)
          at EventEmitter.invoke (/data/Workspace/helios/starwards/node_modules/colyseus.js/src/core/signal.ts:15:19)
          at Function.register.invoke (/data/Workspace/helios/starwards/node_modules/colyseus.js/src/core/signal.ts:57:81)
          at WebSocket.connection.events.onclose (/data/Workspace/helios/starwards/node_modules/colyseus.js/src/Room.ts:89:30)
          at callListener (/data/Workspace/helios/starwards/node_modules/colyseus.js/node_modules/ws/lib/event-target.js:290:14)
          at WebSocket.onClose (/data/Workspace/helios/starwards/node_modules/colyseus.js/node_modules/ws/lib/event-target.js:220:9)
          at WebSocket.emit (node:events:524:28)
          at WebSocket.emitClose (/data/Workspace/helios/starwards/node_modules/colyseus.js/node_modules/ws/lib/websocket.js:272:10)
          at Socket.socketOnClose (/data/Workspace/helios/starwards/node_modules/colyseus.js/node_modules/ws/lib/websocket.js:1341:15)
          at Socket.emit (node:events:524:28)
          at TCP.<anonymous> (node:net:343:12)

      at ConnectionManager.onConnectionError (modules/core/src/client/connection-manager.ts:144:21)
          at Array.forEach (<anonymous>)

    console.log
      connection error: TypeError: Cannot read properties of undefined (reading 'decoder')
          at wireEvents (/data/Workspace/helios/starwards/node_modules/colyseus-events/src/wire-events.ts:30:40)
          at /data/Workspace/helios/starwards/modules/core/src/client/admin.ts:20:5
          at processTicksAndRejections (node:internal/process/task_queues:95:5)
          at /data/Workspace/helios/starwards/modules/core/src/client/connection-manager.ts:131:21

      at ConnectionManager.onConnectionError (modules/core/src/client/connection-manager.ts:144:21)

    console.log
      connection error: Error: disconnected from server
          at EventEmitter.<anonymous> (/data/Workspace/helios/starwards/modules/core/src/client/driver.ts:53:58)
          at /data/Workspace/helios/starwards/node_modules/colyseus.js/src/core/signal.ts:15:48
          at Array.forEach (<anonymous>)
          at EventEmitter.invoke (/data/Workspace/helios/starwards/node_modules/colyseus.js/src/core/signal.ts:15:19)
          at Function.register.invoke (/data/Workspace/helios/starwards/node_modules/colyseus.js/src/core/signal.ts:57:81)
          at WebSocket.connection.events.onclose (/data/Workspace/helios/starwards/node_modules/colyseus.js/src/Room.ts:89:30)
          at callListener (/data/Workspace/helios/starwards/node_modules/colyseus.js/node_modules/ws/lib/event-target.js:290:14)
          at WebSocket.onClose (/data/Workspace/helios/starwards/node_modules/colyseus.js/node_modules/ws/lib/event-target.js:220:9)
          at WebSocket.emit (node:events:524:28)
          at WebSocket.emitClose (/data/Workspace/helios/starwards/node_modules/colyseus.js/node_modules/ws/lib/websocket.js:272:10)
          at Socket.socketOnClose (/data/Workspace/helios/starwards/node_modules/colyseus.js/node_modules/ws/lib/websocket.js:1341:15)
          at Socket.emit (node:events:524:28)
          at TCP.<anonymous> (node:net:343:12)

      at ConnectionManager.onConnectionError (modules/core/src/client/connection-manager.ts:144:21)
          at Array.forEach (<anonymous>)

    console.log
      connection error: TypeError: Cannot read properties of undefined (reading 'decoder')
          at wireEvents (/data/Workspace/helios/starwards/node_modules/colyseus-events/src/wire-events.ts:30:40)
          at /data/Workspace/helios/starwards/modules/core/src/client/admin.ts:20:5
          at processTicksAndRejections (node:internal/process/task_queues:95:5)
          at /data/Workspace/helios/starwards/modules/core/src/client/connection-manager.ts:131:21

      at ConnectionManager.onConnectionError (modules/core/src/client/connection-manager.ts:144:21)

    console.log
      connection error: Error: disconnected from server
          at EventEmitter.<anonymous> (/data/Workspace/helios/starwards/modules/core/src/client/driver.ts:53:58)
          at /data/Workspace/helios/starwards/node_modules/colyseus.js/src/core/signal.ts:15:48
          at Array.forEach (<anonymous>)
          at EventEmitter.invoke (/data/Workspace/helios/starwards/node_modules/colyseus.js/src/core/signal.ts:15:19)
          at Function.register.invoke (/data/Workspace/helios/starwards/node_modules/colyseus.js/src/core/signal.ts:57:81)
          at WebSocket.connection.events.onclose (/data/Workspace/helios/starwards/node_modules/colyseus.js/src/Room.ts:89:30)
          at callListener (/data/Workspace/helios/starwards/node_modules/colyseus.js/node_modules/ws/lib/event-target.js:290:14)
          at WebSocket.onClose (/data/Workspace/helios/starwards/node_modules/colyseus.js/node_modules/ws/lib/event-target.js:220:9)
          at WebSocket.emit (node:events:524:28)
          at WebSocket.emitClose (/data/Workspace/helios/starwards/node_modules/colyseus.js/node_modules/ws/lib/websocket.js:272:10)
          at Socket.socketOnClose (/data/Workspace/helios/starwards/node_modules/colyseus.js/node_modules/ws/lib/websocket.js:1341:15)
          at Socket.emit (node:events:524:28)
          at TCP.<anonymous> (node:net:343:12)

      at ConnectionManager.onConnectionError (modules/core/src/client/connection-manager.ts:144:21)
          at Array.forEach (<anonymous>)

    console.log
      connection error: TypeError: Cannot read properties of undefined (reading 'decoder')
          at wireEvents (/data/Workspace/helios/starwards/node_modules/colyseus-events/src/wire-events.ts:30:40)
          at /data/Workspace/helios/starwards/modules/core/src/client/admin.ts:20:5
          at processTicksAndRejections (node:internal/process/task_queues:95:5)
          at /data/Workspace/helios/starwards/modules/core/src/client/connection-manager.ts:131:21

      at ConnectionManager.onConnectionError (modules/core/src/client/connection-manager.ts:144:21)

    console.log
      connection error: Error: disconnected from server
          at EventEmitter.<anonymous> (/data/Workspace/helios/starwards/modules/core/src/client/driver.ts:53:58)
          at /data/Workspace/helios/starwards/node_modules/colyseus.js/src/core/signal.ts:15:48
          at Array.forEach (<anonymous>)
          at EventEmitter.invoke (/data/Workspace/helios/starwards/node_modules/colyseus.js/src/core/signal.ts:15:19)
          at Function.register.invoke (/data/Workspace/helios/starwards/node_modules/colyseus.js/src/core/signal.ts:57:81)
          at WebSocket.connection.events.onclose (/data/Workspace/helios/starwards/node_modules/colyseus.js/src/Room.ts:89:30)
          at callListener (/data/Workspace/helios/starwards/node_modules/colyseus.js/node_modules/ws/lib/event-target.js:290:14)
          at WebSocket.onClose (/data/Workspace/helios/starwards/node_modules/colyseus.js/node_modules/ws/lib/event-target.js:220:9)
          at WebSocket.emit (node:events:524:28)
          at WebSocket.emitClose (/data/Workspace/helios/starwards/node_modules/colyseus.js/node_modules/ws/lib/websocket.js:272:10)
          at Socket.socketOnClose (/data/Workspace/helios/starwards/node_modules/colyseus.js/node_modules/ws/lib/websocket.js:1341:15)
          at Socket.emit (node:events:524:28)
          at TCP.<anonymous> (node:net:343:12)

      at ConnectionManager.onConnectionError (modules/core/src/client/connection-manager.ts:144:21)
          at Array.forEach (<anonymous>)

    console.log
      connection error: TypeError: Cannot read properties of undefined (reading 'decoder')
          at wireEvents (/data/Workspace/helios/starwards/node_modules/colyseus-events/src/wire-events.ts:30:40)
          at /data/Workspace/helios/starwards/modules/core/src/client/admin.ts:20:5
          at processTicksAndRejections (node:internal/process/task_queues:95:5)
          at /data/Workspace/helios/starwards/modules/core/src/client/connection-manager.ts:131:21

      at ConnectionManager.onConnectionError (modules/core/src/client/connection-manager.ts:144:21)

    console.log
      connection error: Error: disconnected from server
          at EventEmitter.<anonymous> (/data/Workspace/helios/starwards/modules/core/src/client/driver.ts:53:58)
          at /data/Workspace/helios/starwards/node_modules/colyseus.js/src/core/signal.ts:15:48
          at Array.forEach (<anonymous>)
          at EventEmitter.invoke (/data/Workspace/helios/starwards/node_modules/colyseus.js/src/core/signal.ts:15:19)
          at Function.register.invoke (/data/Workspace/helios/starwards/node_modules/colyseus.js/src/core/signal.ts:57:81)
          at WebSocket.connection.events.onclose (/data/Workspace/helios/starwards/node_modules/colyseus.js/src/Room.ts:89:30)
          at callListener (/data/Workspace/helios/starwards/node_modules/colyseus.js/node_modules/ws/lib/event-target.js:290:14)
          at WebSocket.onClose (/data/Workspace/helios/starwards/node_modules/colyseus.js/node_modules/ws/lib/event-target.js:220:9)
          at WebSocket.emit (node:events:524:28)
          at WebSocket.emitClose (/data/Workspace/helios/starwards/node_modules/colyseus.js/node_modules/ws/lib/websocket.js:272:10)
          at Socket.socketOnClose (/data/Workspace/helios/starwards/node_modules/colyseus.js/node_modules/ws/lib/websocket.js:1341:15)
          at Socket.emit (node:events:524:28)
          at TCP.<anonymous> (node:net:343:12)

      at ConnectionManager.onConnectionError (modules/core/src/client/connection-manager.ts:144:21)
          at Array.forEach (<anonymous>)

    console.log
      connection error: TypeError: Cannot read properties of undefined (reading 'decoder')
          at wireEvents (/data/Workspace/helios/starwards/node_modules/colyseus-events/src/wire-events.ts:30:40)
          at /data/Workspace/helios/starwards/modules/core/src/client/admin.ts:20:5
          at processTicksAndRejections (node:internal/process/task_queues:95:5)
          at /data/Workspace/helios/starwards/modules/core/src/client/connection-manager.ts:131:21

      at ConnectionManager.onConnectionError (modules/core/src/client/connection-manager.ts:144:21)

    console.log
      connection error: Error: disconnected from server
          at EventEmitter.<anonymous> (/data/Workspace/helios/starwards/modules/core/src/client/driver.ts:53:58)
          at /data/Workspace/helios/starwards/node_modules/colyseus.js/src/core/signal.ts:15:48
          at Array.forEach (<anonymous>)
          at EventEmitter.invoke (/data/Workspace/helios/starwards/node_modules/colyseus.js/src/core/signal.ts:15:19)
          at Function.register.invoke (/data/Workspace/helios/starwards/node_modules/colyseus.js/src/core/signal.ts:57:81)
          at WebSocket.connection.events.onclose (/data/Workspace/helios/starwards/node_modules/colyseus.js/src/Room.ts:89:30)
          at callListener (/data/Workspace/helios/starwards/node_modules/colyseus.js/node_modules/ws/lib/event-target.js:290:14)
          at WebSocket.onClose (/data/Workspace/helios/starwards/node_modules/colyseus.js/node_modules/ws/lib/event-target.js:220:9)
          at WebSocket.emit (node:events:524:28)
          at WebSocket.emitClose (/data/Workspace/helios/starwards/node_modules/colyseus.js/node_modules/ws/lib/websocket.js:272:10)
          at Socket.socketOnClose (/data/Workspace/helios/starwards/node_modules/colyseus.js/node_modules/ws/lib/websocket.js:1341:15)
          at Socket.emit (node:events:524:28)
          at TCP.<anonymous> (node:net:343:12)

      at ConnectionManager.onConnectionError (modules/core/src/client/connection-manager.ts:144:21)
          at Array.forEach (<anonymous>)

    console.log
      connection error: TypeError: Cannot read properties of undefined (reading 'decoder')
          at wireEvents (/data/Workspace/helios/starwards/node_modules/colyseus-events/src/wire-events.ts:30:40)
          at /data/Workspace/helios/starwards/modules/core/src/client/admin.ts:20:5
          at processTicksAndRejections (node:internal/process/task_queues:95:5)
          at /data/Workspace/helios/starwards/modules/core/src/client/connection-manager.ts:131:21

      at ConnectionManager.onConnectionError (modules/core/src/client/connection-manager.ts:144:21)

    console.log
      connection error: Error: disconnected from server
          at EventEmitter.<anonymous> (/data/Workspace/helios/starwards/modules/core/src/client/driver.ts:53:58)
          at /data/Workspace/helios/starwards/node_modules/colyseus.js/src/core/signal.ts:15:48
          at Array.forEach (<anonymous>)
          at EventEmitter.invoke (/data/Workspace/helios/starwards/node_modules/colyseus.js/src/core/signal.ts:15:19)
          at Function.register.invoke (/data/Workspace/helios/starwards/node_modules/colyseus.js/src/core/signal.ts:57:81)
          at WebSocket.connection.events.onclose (/data/Workspace/helios/starwards/node_modules/colyseus.js/src/Room.ts:89:30)
          at callListener (/data/Workspace/helios/starwards/node_modules/colyseus.js/node_modules/ws/lib/event-target.js:290:14)
          at WebSocket.onClose (/data/Workspace/helios/starwards/node_modules/colyseus.js/node_modules/ws/lib/event-target.js:220:9)
          at WebSocket.emit (node:events:524:28)
          at WebSocket.emitClose (/data/Workspace/helios/starwards/node_modules/colyseus.js/node_modules/ws/lib/websocket.js:272:10)
          at Socket.socketOnClose (/data/Workspace/helios/starwards/node_modules/colyseus.js/node_modules/ws/lib/websocket.js:1341:15)
          at Socket.emit (node:events:524:28)
          at TCP.<anonymous> (node:net:343:12)

      at ConnectionManager.onConnectionError (modules/core/src/client/connection-manager.ts:144:21)
          at Array.forEach (<anonymous>)

    console.log
      connection error: TypeError: Cannot read properties of undefined (reading 'decoder')
          at wireEvents (/data/Workspace/helios/starwards/node_modules/colyseus-events/src/wire-events.ts:30:40)
          at /data/Workspace/helios/starwards/modules/core/src/client/admin.ts:20:5
          at processTicksAndRejections (node:internal/process/task_queues:95:5)
          at /data/Workspace/helios/starwards/modules/core/src/client/connection-manager.ts:131:21

      at ConnectionManager.onConnectionError (modules/core/src/client/connection-manager.ts:144:21)

    console.log
      connection error: Error: disconnected from server
          at EventEmitter.<anonymous> (/data/Workspace/helios/starwards/modules/core/src/client/driver.ts:53:58)
          at /data/Workspace/helios/starwards/node_modules/colyseus.js/src/core/signal.ts:15:48
          at Array.forEach (<anonymous>)
          at EventEmitter.invoke (/data/Workspace/helios/starwards/node_modules/colyseus.js/src/core/signal.ts:15:19)
          at Function.register.invoke (/data/Workspace/helios/starwards/node_modules/colyseus.js/src/core/signal.ts:57:81)
          at WebSocket.connection.events.onclose (/data/Workspace/helios/starwards/node_modules/colyseus.js/src/Room.ts:89:30)
          at callListener (/data/Workspace/helios/starwards/node_modules/colyseus.js/node_modules/ws/lib/event-target.js:290:14)
          at WebSocket.onClose (/data/Workspace/helios/starwards/node_modules/colyseus.js/node_modules/ws/lib/event-target.js:220:9)
          at WebSocket.emit (node:events:524:28)
          at WebSocket.emitClose (/data/Workspace/helios/starwards/node_modules/colyseus.js/node_modules/ws/lib/websocket.js:272:10)
          at Socket.socketOnClose (/data/Workspace/helios/starwards/node_modules/colyseus.js/node_modules/ws/lib/websocket.js:1341:15)
          at Socket.emit (node:events:524:28)
          at TCP.<anonymous> (node:net:343:12)

      at ConnectionManager.onConnectionError (modules/core/src/client/connection-manager.ts:144:21)
          at Array.forEach (<anonymous>)

    console.log
      connection error: TypeError: Cannot read properties of undefined (reading 'decoder')
          at wireEvents (/data/Workspace/helios/starwards/node_modules/colyseus-events/src/wire-events.ts:30:40)
          at /data/Workspace/helios/starwards/modules/core/src/client/admin.ts:20:5
          at processTicksAndRejections (node:internal/process/task_queues:95:5)
          at /data/Workspace/helios/starwards/modules/core/src/client/connection-manager.ts:131:21

      at ConnectionManager.onConnectionError (modules/core/src/client/connection-manager.ts:144:21)

    console.log
      connection error: Error: disconnected from server
          at EventEmitter.<anonymous> (/data/Workspace/helios/starwards/modules/core/src/client/driver.ts:53:58)
          at /data/Workspace/helios/starwards/node_modules/colyseus.js/src/core/signal.ts:15:48
          at Array.forEach (<anonymous>)
          at EventEmitter.invoke (/data/Workspace/helios/starwards/node_modules/colyseus.js/src/core/signal.ts:15:19)
          at Function.register.invoke (/data/Workspace/helios/starwards/node_modules/colyseus.js/src/core/signal.ts:57:81)
          at WebSocket.connection.events.onclose (/data/Workspace/helios/starwards/node_modules/colyseus.js/src/Room.ts:89:30)
          at callListener (/data/Workspace/helios/starwards/node_modules/colyseus.js/node_modules/ws/lib/event-target.js:290:14)
          at WebSocket.onClose (/data/Workspace/helios/starwards/node_modules/colyseus.js/node_modules/ws/lib/event-target.js:220:9)
          at WebSocket.emit (node:events:524:28)
          at WebSocket.emitClose (/data/Workspace/helios/starwards/node_modules/colyseus.js/node_modules/ws/lib/websocket.js:272:10)
          at Socket.socketOnClose (/data/Workspace/helios/starwards/node_modules/colyseus.js/node_modules/ws/lib/websocket.js:1341:15)
          at Socket.emit (node:events:524:28)
          at TCP.<anonymous> (node:net:343:12)

      at ConnectionManager.onConnectionError (modules/core/src/client/connection-manager.ts:144:21)
          at Array.forEach (<anonymous>)

    console.log
      connection error: TypeError: Cannot read properties of undefined (reading 'decoder')
          at wireEvents (/data/Workspace/helios/starwards/node_modules/colyseus-events/src/wire-events.ts:30:40)
          at /data/Workspace/helios/starwards/modules/core/src/client/admin.ts:20:5
          at processTicksAndRejections (node:internal/process/task_queues:95:5)
          at /data/Workspace/helios/starwards/modules/core/src/client/connection-manager.ts:131:21

      at ConnectionManager.onConnectionError (modules/core/src/client/connection-manager.ts:144:21)

    console.log
      connection error: Error: disconnected from server
          at EventEmitter.<anonymous> (/data/Workspace/helios/starwards/modules/core/src/client/driver.ts:53:58)
          at /data/Workspace/helios/starwards/node_modules/colyseus.js/src/core/signal.ts:15:48
          at Array.forEach (<anonymous>)
          at EventEmitter.invoke (/data/Workspace/helios/starwards/node_modules/colyseus.js/src/core/signal.ts:15:19)
          at Function.register.invoke (/data/Workspace/helios/starwards/node_modules/colyseus.js/src/core/signal.ts:57:81)
          at WebSocket.connection.events.onclose (/data/Workspace/helios/starwards/node_modules/colyseus.js/src/Room.ts:89:30)
          at callListener (/data/Workspace/helios/starwards/node_modules/colyseus.js/node_modules/ws/lib/event-target.js:290:14)
          at WebSocket.onClose (/data/Workspace/helios/starwards/node_modules/colyseus.js/node_modules/ws/lib/event-target.js:220:9)
          at WebSocket.emit (node:events:524:28)
          at WebSocket.emitClose (/data/Workspace/helios/starwards/node_modules/colyseus.js/node_modules/ws/lib/websocket.js:272:10)
          at Socket.socketOnClose (/data/Workspace/helios/starwards/node_modules/colyseus.js/node_modules/ws/lib/websocket.js:1341:15)
          at Socket.emit (node:events:524:28)
          at TCP.<anonymous> (node:net:343:12)

      at ConnectionManager.onConnectionError (modules/core/src/client/connection-manager.ts:144:21)
          at Array.forEach (<anonymous>)

    console.log
      connection error: TypeError: Cannot read properties of undefined (reading 'decoder')
          at wireEvents (/data/Workspace/helios/starwards/node_modules/colyseus-events/src/wire-events.ts:30:40)
          at /data/Workspace/helios/starwards/modules/core/src/client/admin.ts:20:5
          at processTicksAndRejections (node:internal/process/task_queues:95:5)
          at /data/Workspace/helios/starwards/modules/core/src/client/connection-manager.ts:131:21

      at ConnectionManager.onConnectionError (modules/core/src/client/connection-manager.ts:144:21)

    console.log
      connection error: Error: disconnected from server
          at EventEmitter.<anonymous> (/data/Workspace/helios/starwards/modules/core/src/client/driver.ts:53:58)
          at /data/Workspace/helios/starwards/node_modules/colyseus.js/src/core/signal.ts:15:48
          at Array.forEach (<anonymous>)
          at EventEmitter.invoke (/data/Workspace/helios/starwards/node_modules/colyseus.js/src/core/signal.ts:15:19)
          at Function.register.invoke (/data/Workspace/helios/starwards/node_modules/colyseus.js/src/core/signal.ts:57:81)
          at WebSocket.connection.events.onclose (/data/Workspace/helios/starwards/node_modules/colyseus.js/src/Room.ts:89:30)
          at callListener (/data/Workspace/helios/starwards/node_modules/colyseus.js/node_modules/ws/lib/event-target.js:290:14)
          at WebSocket.onClose (/data/Workspace/helios/starwards/node_modules/colyseus.js/node_modules/ws/lib/event-target.js:220:9)
          at WebSocket.emit (node:events:524:28)
          at WebSocket.emitClose (/data/Workspace/helios/starwards/node_modules/colyseus.js/node_modules/ws/lib/websocket.js:272:10)
          at Socket.socketOnClose (/data/Workspace/helios/starwards/node_modules/colyseus.js/node_modules/ws/lib/websocket.js:1341:15)
          at Socket.emit (node:events:524:28)
          at TCP.<anonymous> (node:net:343:12)

      at ConnectionManager.onConnectionError (modules/core/src/client/connection-manager.ts:144:21)
          at Array.forEach (<anonymous>)

    console.log
      connection error: TypeError: Cannot read properties of undefined (reading 'decoder')
          at wireEvents (/data/Workspace/helios/starwards/node_modules/colyseus-events/src/wire-events.ts:30:40)
          at /data/Workspace/helios/starwards/modules/core/src/client/admin.ts:20:5
          at processTicksAndRejections (node:internal/process/task_queues:95:5)
          at /data/Workspace/helios/starwards/modules/core/src/client/connection-manager.ts:131:21

      at ConnectionManager.onConnectionError (modules/core/src/client/connection-manager.ts:144:21)

    console.log
      connection error: Error: disconnected from server
          at EventEmitter.<anonymous> (/data/Workspace/helios/starwards/modules/core/src/client/driver.ts:53:58)
          at /data/Workspace/helios/starwards/node_modules/colyseus.js/src/core/signal.ts:15:48
          at Array.forEach (<anonymous>)
          at EventEmitter.invoke (/data/Workspace/helios/starwards/node_modules/colyseus.js/src/core/signal.ts:15:19)
          at Function.register.invoke (/data/Workspace/helios/starwards/node_modules/colyseus.js/src/core/signal.ts:57:81)
          at WebSocket.connection.events.onclose (/data/Workspace/helios/starwards/node_modules/colyseus.js/src/Room.ts:89:30)
          at callListener (/data/Workspace/helios/starwards/node_modules/colyseus.js/node_modules/ws/lib/event-target.js:290:14)
          at WebSocket.onClose (/data/Workspace/helios/starwards/node_modules/colyseus.js/node_modules/ws/lib/event-target.js:220:9)
          at WebSocket.emit (node:events:524:28)
          at WebSocket.emitClose (/data/Workspace/helios/starwards/node_modules/colyseus.js/node_modules/ws/lib/websocket.js:272:10)
          at Socket.socketOnClose (/data/Workspace/helios/starwards/node_modules/colyseus.js/node_modules/ws/lib/websocket.js:1341:15)
          at Socket.emit (node:events:524:28)
          at TCP.<anonymous> (node:net:343:12)

      at ConnectionManager.onConnectionError (modules/core/src/client/connection-manager.ts:144:21)
          at Array.forEach (<anonymous>)

    console.log
      connection error: TypeError: Cannot read properties of undefined (reading 'decoder')
          at wireEvents (/data/Workspace/helios/starwards/node_modules/colyseus-events/src/wire-events.ts:30:40)
          at /data/Workspace/helios/starwards/modules/core/src/client/admin.ts:20:5
          at processTicksAndRejections (node:internal/process/task_queues:95:5)
          at /data/Workspace/helios/starwards/modules/core/src/client/connection-manager.ts:131:21

      at ConnectionManager.onConnectionError (modules/core/src/client/connection-manager.ts:144:21)

    console.log
      connection error: Error: disconnected from server
          at EventEmitter.<anonymous> (/data/Workspace/helios/starwards/modules/core/src/client/driver.ts:53:58)
          at /data/Workspace/helios/starwards/node_modules/colyseus.js/src/core/signal.ts:15:48
          at Array.forEach (<anonymous>)
          at EventEmitter.invoke (/data/Workspace/helios/starwards/node_modules/colyseus.js/src/core/signal.ts:15:19)
          at Function.register.invoke (/data/Workspace/helios/starwards/node_modules/colyseus.js/src/core/signal.ts:57:81)
          at WebSocket.connection.events.onclose (/data/Workspace/helios/starwards/node_modules/colyseus.js/src/Room.ts:89:30)
          at callListener (/data/Workspace/helios/starwards/node_modules/colyseus.js/node_modules/ws/lib/event-target.js:290:14)
          at WebSocket.onClose (/data/Workspace/helios/starwards/node_modules/colyseus.js/node_modules/ws/lib/event-target.js:220:9)
          at WebSocket.emit (node:events:524:28)
          at WebSocket.emitClose (/data/Workspace/helios/starwards/node_modules/colyseus.js/node_modules/ws/lib/websocket.js:272:10)
          at Socket.socketOnClose (/data/Workspace/helios/starwards/node_modules/colyseus.js/node_modules/ws/lib/websocket.js:1341:15)
          at Socket.emit (node:events:524:28)
          at TCP.<anonymous> (node:net:343:12)

      at ConnectionManager.onConnectionError (modules/core/src/client/connection-manager.ts:144:21)
          at Array.forEach (<anonymous>)

    console.log
      connection error: TypeError: Cannot read properties of undefined (reading 'decoder')
          at wireEvents (/data/Workspace/helios/starwards/node_modules/colyseus-events/src/wire-events.ts:30:40)
          at /data/Workspace/helios/starwards/modules/core/src/client/admin.ts:20:5
          at processTicksAndRejections (node:internal/process/task_queues:95:5)
          at /data/Workspace/helios/starwards/modules/core/src/client/connection-manager.ts:131:21

      at ConnectionManager.onConnectionError (modules/core/src/client/connection-manager.ts:144:21)

    console.log
      connection error: Error: disconnected from server
          at EventEmitter.<anonymous> (/data/Workspace/helios/starwards/modules/core/src/client/driver.ts:53:58)
          at /data/Workspace/helios/starwards/node_modules/colyseus.js/src/core/signal.ts:15:48
          at Array.forEach (<anonymous>)
          at EventEmitter.invoke (/data/Workspace/helios/starwards/node_modules/colyseus.js/src/core/signal.ts:15:19)
          at Function.register.invoke (/data/Workspace/helios/starwards/node_modules/colyseus.js/src/core/signal.ts:57:81)
          at WebSocket.connection.events.onclose (/data/Workspace/helios/starwards/node_modules/colyseus.js/src/Room.ts:89:30)
          at callListener (/data/Workspace/helios/starwards/node_modules/colyseus.js/node_modules/ws/lib/event-target.js:290:14)
          at WebSocket.onClose (/data/Workspace/helios/starwards/node_modules/colyseus.js/node_modules/ws/lib/event-target.js:220:9)
          at WebSocket.emit (node:events:524:28)
          at WebSocket.emitClose (/data/Workspace/helios/starwards/node_modules/colyseus.js/node_modules/ws/lib/websocket.js:272:10)
          at Socket.socketOnClose (/data/Workspace/helios/starwards/node_modules/colyseus.js/node_modules/ws/lib/websocket.js:1341:15)
          at Socket.emit (node:events:524:28)
          at TCP.<anonymous> (node:net:343:12)

      at ConnectionManager.onConnectionError (modules/core/src/client/connection-manager.ts:144:21)
          at Array.forEach (<anonymous>)

    console.log
      connection error: TypeError: Cannot read properties of undefined (reading 'decoder')
          at wireEvents (/data/Workspace/helios/starwards/node_modules/colyseus-events/src/wire-events.ts:30:40)
          at /data/Workspace/helios/starwards/modules/core/src/client/admin.ts:20:5
          at processTicksAndRejections (node:internal/process/task_queues:95:5)
          at /data/Workspace/helios/starwards/modules/core/src/client/connection-manager.ts:131:21

      at ConnectionManager.onConnectionError (modules/core/src/client/connection-manager.ts:144:21)

    console.log
      connection error: Error: disconnected from server
          at EventEmitter.<anonymous> (/data/Workspace/helios/starwards/modules/core/src/client/driver.ts:53:58)
          at /data/Workspace/helios/starwards/node_modules/colyseus.js/src/core/signal.ts:15:48
          at Array.forEach (<anonymous>)
          at EventEmitter.invoke (/data/Workspace/helios/starwards/node_modules/colyseus.js/src/core/signal.ts:15:19)
          at Function.register.invoke (/data/Workspace/helios/starwards/node_modules/colyseus.js/src/core/signal.ts:57:81)
          at WebSocket.connection.events.onclose (/data/Workspace/helios/starwards/node_modules/colyseus.js/src/Room.ts:89:30)
          at callListener (/data/Workspace/helios/starwards/node_modules/colyseus.js/node_modules/ws/lib/event-target.js:290:14)
          at WebSocket.onClose (/data/Workspace/helios/starwards/node_modules/colyseus.js/node_modules/ws/lib/event-target.js:220:9)
          at WebSocket.emit (node:events:524:28)
          at WebSocket.emitClose (/data/Workspace/helios/starwards/node_modules/colyseus.js/node_modules/ws/lib/websocket.js:272:10)
          at Socket.socketOnClose (/data/Workspace/helios/starwards/node_modules/colyseus.js/node_modules/ws/lib/websocket.js:1341:15)
          at Socket.emit (node:events:524:28)
          at TCP.<anonymous> (node:net:343:12)

      at ConnectionManager.onConnectionError (modules/core/src/client/connection-manager.ts:144:21)
          at Array.forEach (<anonymous>)

    console.log
      connection error: TypeError: Cannot read properties of undefined (reading 'decoder')
          at wireEvents (/data/Workspace/helios/starwards/node_modules/colyseus-events/src/wire-events.ts:30:40)
          at /data/Workspace/helios/starwards/modules/core/src/client/admin.ts:20:5
          at processTicksAndRejections (node:internal/process/task_queues:95:5)
          at /data/Workspace/helios/starwards/modules/core/src/client/connection-manager.ts:131:21

      at ConnectionManager.onConnectionError (modules/core/src/client/connection-manager.ts:144:21)

    console.log
      connection error: Error: disconnected from server
          at EventEmitter.<anonymous> (/data/Workspace/helios/starwards/modules/core/src/client/driver.ts:53:58)
          at /data/Workspace/helios/starwards/node_modules/colyseus.js/src/core/signal.ts:15:48
          at Array.forEach (<anonymous>)
          at EventEmitter.invoke (/data/Workspace/helios/starwards/node_modules/colyseus.js/src/core/signal.ts:15:19)
          at Function.register.invoke (/data/Workspace/helios/starwards/node_modules/colyseus.js/src/core/signal.ts:57:81)
          at WebSocket.connection.events.onclose (/data/Workspace/helios/starwards/node_modules/colyseus.js/src/Room.ts:89:30)
          at callListener (/data/Workspace/helios/starwards/node_modules/colyseus.js/node_modules/ws/lib/event-target.js:290:14)
          at WebSocket.onClose (/data/Workspace/helios/starwards/node_modules/colyseus.js/node_modules/ws/lib/event-target.js:220:9)
          at WebSocket.emit (node:events:524:28)
          at WebSocket.emitClose (/data/Workspace/helios/starwards/node_modules/colyseus.js/node_modules/ws/lib/websocket.js:272:10)
          at Socket.socketOnClose (/data/Workspace/helios/starwards/node_modules/colyseus.js/node_modules/ws/lib/websocket.js:1341:15)
          at Socket.emit (node:events:524:28)
          at TCP.<anonymous> (node:net:343:12)

      at ConnectionManager.onConnectionError (modules/core/src/client/connection-manager.ts:144:21)
          at Array.forEach (<anonymous>)

    console.log
      connection error: TypeError: Cannot read properties of undefined (reading 'decoder')
          at wireEvents (/data/Workspace/helios/starwards/node_modules/colyseus-events/src/wire-events.ts:30:40)
          at /data/Workspace/helios/starwards/modules/core/src/client/admin.ts:20:5
          at processTicksAndRejections (node:internal/process/task_queues:95:5)
          at /data/Workspace/helios/starwards/modules/core/src/client/connection-manager.ts:131:21

      at ConnectionManager.onConnectionError (modules/core/src/client/connection-manager.ts:144:21)

    console.log
      connection error: Error: disconnected from server
          at EventEmitter.<anonymous> (/data/Workspace/helios/starwards/modules/core/src/client/driver.ts:53:58)
          at /data/Workspace/helios/starwards/node_modules/colyseus.js/src/core/signal.ts:15:48
          at Array.forEach (<anonymous>)
          at EventEmitter.invoke (/data/Workspace/helios/starwards/node_modules/colyseus.js/src/core/signal.ts:15:19)
          at Function.register.invoke (/data/Workspace/helios/starwards/node_modules/colyseus.js/src/core/signal.ts:57:81)
          at WebSocket.connection.events.onclose (/data/Workspace/helios/starwards/node_modules/colyseus.js/src/Room.ts:89:30)
          at callListener (/data/Workspace/helios/starwards/node_modules/colyseus.js/node_modules/ws/lib/event-target.js:290:14)
          at WebSocket.onClose (/data/Workspace/helios/starwards/node_modules/colyseus.js/node_modules/ws/lib/event-target.js:220:9)
          at WebSocket.emit (node:events:524:28)
          at WebSocket.emitClose (/data/Workspace/helios/starwards/node_modules/colyseus.js/node_modules/ws/lib/websocket.js:272:10)
          at Socket.socketOnClose (/data/Workspace/helios/starwards/node_modules/colyseus.js/node_modules/ws/lib/websocket.js:1341:15)
          at Socket.emit (node:events:524:28)
          at TCP.<anonymous> (node:net:343:12)

      at ConnectionManager.onConnectionError (modules/core/src/client/connection-manager.ts:144:21)
          at Array.forEach (<anonymous>)

    console.log
      connection error: TypeError: Cannot read properties of undefined (reading 'decoder')
          at wireEvents (/data/Workspace/helios/starwards/node_modules/colyseus-events/src/wire-events.ts:30:40)
          at /data/Workspace/helios/starwards/modules/core/src/client/admin.ts:20:5
          at processTicksAndRejections (node:internal/process/task_queues:95:5)
          at /data/Workspace/helios/starwards/modules/core/src/client/connection-manager.ts:131:21

      at ConnectionManager.onConnectionError (modules/core/src/client/connection-manager.ts:144:21)

    console.log
      connection error: Error: disconnected from server
          at EventEmitter.<anonymous> (/data/Workspace/helios/starwards/modules/core/src/client/driver.ts:53:58)
          at /data/Workspace/helios/starwards/node_modules/colyseus.js/src/core/signal.ts:15:48
          at Array.forEach (<anonymous>)
          at EventEmitter.invoke (/data/Workspace/helios/starwards/node_modules/colyseus.js/src/core/signal.ts:15:19)
          at Function.register.invoke (/data/Workspace/helios/starwards/node_modules/colyseus.js/src/core/signal.ts:57:81)
          at WebSocket.connection.events.onclose (/data/Workspace/helios/starwards/node_modules/colyseus.js/src/Room.ts:89:30)
          at callListener (/data/Workspace/helios/starwards/node_modules/colyseus.js/node_modules/ws/lib/event-target.js:290:14)
          at WebSocket.onClose (/data/Workspace/helios/starwards/node_modules/colyseus.js/node_modules/ws/lib/event-target.js:220:9)
          at WebSocket.emit (node:events:524:28)
          at WebSocket.emitClose (/data/Workspace/helios/starwards/node_modules/colyseus.js/node_modules/ws/lib/websocket.js:272:10)
          at Socket.socketOnClose (/data/Workspace/helios/starwards/node_modules/colyseus.js/node_modules/ws/lib/websocket.js:1341:15)
          at Socket.emit (node:events:524:28)
          at TCP.<anonymous> (node:net:343:12)

      at ConnectionManager.onConnectionError (modules/core/src/client/connection-manager.ts:144:21)
          at Array.forEach (<anonymous>)

    console.log
      connection error: TypeError: Cannot read properties of undefined (reading 'decoder')
          at wireEvents (/data/Workspace/helios/starwards/node_modules/colyseus-events/src/wire-events.ts:30:40)
          at /data/Workspace/helios/starwards/modules/core/src/client/admin.ts:20:5
          at processTicksAndRejections (node:internal/process/task_queues:95:5)
          at /data/Workspace/helios/starwards/modules/core/src/client/connection-manager.ts:131:21

      at ConnectionManager.onConnectionError (modules/core/src/client/connection-manager.ts:144:21)

    console.log
      connection error: Error: disconnected from server
          at EventEmitter.<anonymous> (/data/Workspace/helios/starwards/modules/core/src/client/driver.ts:53:58)
          at /data/Workspace/helios/starwards/node_modules/colyseus.js/src/core/signal.ts:15:48
          at Array.forEach (<anonymous>)
          at EventEmitter.invoke (/data/Workspace/helios/starwards/node_modules/colyseus.js/src/core/signal.ts:15:19)
          at Function.register.invoke (/data/Workspace/helios/starwards/node_modules/colyseus.js/src/core/signal.ts:57:81)
          at WebSocket.connection.events.onclose (/data/Workspace/helios/starwards/node_modules/colyseus.js/src/Room.ts:89:30)
          at callListener (/data/Workspace/helios/starwards/node_modules/colyseus.js/node_modules/ws/lib/event-target.js:290:14)
          at WebSocket.onClose (/data/Workspace/helios/starwards/node_modules/colyseus.js/node_modules/ws/lib/event-target.js:220:9)
          at WebSocket.emit (node:events:524:28)
          at WebSocket.emitClose (/data/Workspace/helios/starwards/node_modules/colyseus.js/node_modules/ws/lib/websocket.js:272:10)
          at Socket.socketOnClose (/data/Workspace/helios/starwards/node_modules/colyseus.js/node_modules/ws/lib/websocket.js:1341:15)
          at Socket.emit (node:events:524:28)
          at TCP.<anonymous> (node:net:343:12)

      at ConnectionManager.onConnectionError (modules/core/src/client/connection-manager.ts:144:21)
          at Array.forEach (<anonymous>)

    console.log
      connection error: TypeError: Cannot read properties of undefined (reading 'decoder')
          at wireEvents (/data/Workspace/helios/starwards/node_modules/colyseus-events/src/wire-events.ts:30:40)
          at /data/Workspace/helios/starwards/modules/core/src/client/admin.ts:20:5
          at processTicksAndRejections (node:internal/process/task_queues:95:5)
          at /data/Workspace/helios/starwards/modules/core/src/client/connection-manager.ts:131:21

      at ConnectionManager.onConnectionError (modules/core/src/client/connection-manager.ts:144:21)

    console.log
      connection error: Error: disconnected from server
          at EventEmitter.<anonymous> (/data/Workspace/helios/starwards/modules/core/src/client/driver.ts:53:58)
          at /data/Workspace/helios/starwards/node_modules/colyseus.js/src/core/signal.ts:15:48
          at Array.forEach (<anonymous>)
          at EventEmitter.invoke (/data/Workspace/helios/starwards/node_modules/colyseus.js/src/core/signal.ts:15:19)
          at Function.register.invoke (/data/Workspace/helios/starwards/node_modules/colyseus.js/src/core/signal.ts:57:81)
          at WebSocket.connection.events.onclose (/data/Workspace/helios/starwards/node_modules/colyseus.js/src/Room.ts:89:30)
          at callListener (/data/Workspace/helios/starwards/node_modules/colyseus.js/node_modules/ws/lib/event-target.js:290:14)
          at WebSocket.onClose (/data/Workspace/helios/starwards/node_modules/colyseus.js/node_modules/ws/lib/event-target.js:220:9)
          at WebSocket.emit (node:events:524:28)
          at WebSocket.emitClose (/data/Workspace/helios/starwards/node_modules/colyseus.js/node_modules/ws/lib/websocket.js:272:10)
          at Socket.socketOnClose (/data/Workspace/helios/starwards/node_modules/colyseus.js/node_modules/ws/lib/websocket.js:1341:15)
          at Socket.emit (node:events:524:28)
          at TCP.<anonymous> (node:net:343:12)

      at ConnectionManager.onConnectionError (modules/core/src/client/connection-manager.ts:144:21)
          at Array.forEach (<anonymous>)

    console.log
      connection error: TypeError: Cannot read properties of undefined (reading 'decoder')
          at wireEvents (/data/Workspace/helios/starwards/node_modules/colyseus-events/src/wire-events.ts:30:40)
          at /data/Workspace/helios/starwards/modules/core/src/client/admin.ts:20:5
          at processTicksAndRejections (node:internal/process/task_queues:95:5)
          at /data/Workspace/helios/starwards/modules/core/src/client/connection-manager.ts:131:21

      at ConnectionManager.onConnectionError (modules/core/src/client/connection-manager.ts:144:21)

    console.log
      connection error: Error: disconnected from server
          at EventEmitter.<anonymous> (/data/Workspace/helios/starwards/modules/core/src/client/driver.ts:53:58)
          at /data/Workspace/helios/starwards/node_modules/colyseus.js/src/core/signal.ts:15:48
          at Array.forEach (<anonymous>)
          at EventEmitter.invoke (/data/Workspace/helios/starwards/node_modules/colyseus.js/src/core/signal.ts:15:19)
          at Function.register.invoke (/data/Workspace/helios/starwards/node_modules/colyseus.js/src/core/signal.ts:57:81)
          at WebSocket.connection.events.onclose (/data/Workspace/helios/starwards/node_modules/colyseus.js/src/Room.ts:89:30)
          at callListener (/data/Workspace/helios/starwards/node_modules/colyseus.js/node_modules/ws/lib/event-target.js:290:14)
          at WebSocket.onClose (/data/Workspace/helios/starwards/node_modules/colyseus.js/node_modules/ws/lib/event-target.js:220:9)
          at WebSocket.emit (node:events:524:28)
          at WebSocket.emitClose (/data/Workspace/helios/starwards/node_modules/colyseus.js/node_modules/ws/lib/websocket.js:272:10)
          at Socket.socketOnClose (/data/Workspace/helios/starwards/node_modules/colyseus.js/node_modules/ws/lib/websocket.js:1341:15)
          at Socket.emit (node:events:524:28)
          at TCP.<anonymous> (node:net:343:12)

      at ConnectionManager.onConnectionError (modules/core/src/client/connection-manager.ts:144:21)
          at Array.forEach (<anonymous>)

    console.log
      connection error: TypeError: Cannot read properties of undefined (reading 'decoder')
          at wireEvents (/data/Workspace/helios/starwards/node_modules/colyseus-events/src/wire-events.ts:30:40)
          at /data/Workspace/helios/starwards/modules/core/src/client/admin.ts:20:5
          at processTicksAndRejections (node:internal/process/task_queues:95:5)
          at /data/Workspace/helios/starwards/modules/core/src/client/connection-manager.ts:131:21

      at ConnectionManager.onConnectionError (modules/core/src/client/connection-manager.ts:144:21)

    console.log
      connection error: Error: disconnected from server
          at EventEmitter.<anonymous> (/data/Workspace/helios/starwards/modules/core/src/client/driver.ts:53:58)
          at /data/Workspace/helios/starwards/node_modules/colyseus.js/src/core/signal.ts:15:48
          at Array.forEach (<anonymous>)
          at EventEmitter.invoke (/data/Workspace/helios/starwards/node_modules/colyseus.js/src/core/signal.ts:15:19)
          at Function.register.invoke (/data/Workspace/helios/starwards/node_modules/colyseus.js/src/core/signal.ts:57:81)
          at WebSocket.connection.events.onclose (/data/Workspace/helios/starwards/node_modules/colyseus.js/src/Room.ts:89:30)
          at callListener (/data/Workspace/helios/starwards/node_modules/colyseus.js/node_modules/ws/lib/event-target.js:290:14)
          at WebSocket.onClose (/data/Workspace/helios/starwards/node_modules/colyseus.js/node_modules/ws/lib/event-target.js:220:9)
          at WebSocket.emit (node:events:524:28)
          at WebSocket.emitClose (/data/Workspace/helios/starwards/node_modules/colyseus.js/node_modules/ws/lib/websocket.js:272:10)
          at Socket.socketOnClose (/data/Workspace/helios/starwards/node_modules/colyseus.js/node_modules/ws/lib/websocket.js:1341:15)
          at Socket.emit (node:events:524:28)
          at TCP.<anonymous> (node:net:343:12)

      at ConnectionManager.onConnectionError (modules/core/src/client/connection-manager.ts:144:21)
          at Array.forEach (<anonymous>)

    console.log
      connection error: TypeError: Cannot read properties of undefined (reading 'decoder')
          at wireEvents (/data/Workspace/helios/starwards/node_modules/colyseus-events/src/wire-events.ts:30:40)
          at /data/Workspace/helios/starwards/modules/core/src/client/admin.ts:20:5
          at processTicksAndRejections (node:internal/process/task_queues:95:5)
          at /data/Workspace/helios/starwards/modules/core/src/client/connection-manager.ts:131:21

      at ConnectionManager.onConnectionError (modules/core/src/client/connection-manager.ts:144:21)

    console.log
      connection error: Error: disconnected from server
          at EventEmitter.<anonymous> (/data/Workspace/helios/starwards/modules/core/src/client/driver.ts:53:58)
          at /data/Workspace/helios/starwards/node_modules/colyseus.js/src/core/signal.ts:15:48
          at Array.forEach (<anonymous>)
          at EventEmitter.invoke (/data/Workspace/helios/starwards/node_modules/colyseus.js/src/core/signal.ts:15:19)
          at Function.register.invoke (/data/Workspace/helios/starwards/node_modules/colyseus.js/src/core/signal.ts:57:81)
          at WebSocket.connection.events.onclose (/data/Workspace/helios/starwards/node_modules/colyseus.js/src/Room.ts:89:30)
          at callListener (/data/Workspace/helios/starwards/node_modules/colyseus.js/node_modules/ws/lib/event-target.js:290:14)
          at WebSocket.onClose (/data/Workspace/helios/starwards/node_modules/colyseus.js/node_modules/ws/lib/event-target.js:220:9)
          at WebSocket.emit (node:events:524:28)
          at WebSocket.emitClose (/data/Workspace/helios/starwards/node_modules/colyseus.js/node_modules/ws/lib/websocket.js:272:10)
          at Socket.socketOnClose (/data/Workspace/helios/starwards/node_modules/colyseus.js/node_modules/ws/lib/websocket.js:1341:15)
          at Socket.emit (node:events:524:28)
          at TCP.<anonymous> (node:net:343:12)

      at ConnectionManager.onConnectionError (modules/core/src/client/connection-manager.ts:144:21)
          at Array.forEach (<anonymous>)

    console.log
      connection error: TypeError: Cannot read properties of undefined (reading 'decoder')
          at wireEvents (/data/Workspace/helios/starwards/node_modules/colyseus-events/src/wire-events.ts:30:40)
          at /data/Workspace/helios/starwards/modules/core/src/client/admin.ts:20:5
          at processTicksAndRejections (node:internal/process/task_queues:95:5)
          at /data/Workspace/helios/starwards/modules/core/src/client/connection-manager.ts:131:21

      at ConnectionManager.onConnectionError (modules/core/src/client/connection-manager.ts:144:21)

    console.log
      connection error: Error: disconnected from server
          at EventEmitter.<anonymous> (/data/Workspace/helios/starwards/modules/core/src/client/driver.ts:53:58)
          at /data/Workspace/helios/starwards/node_modules/colyseus.js/src/core/signal.ts:15:48
          at Array.forEach (<anonymous>)
          at EventEmitter.invoke (/data/Workspace/helios/starwards/node_modules/colyseus.js/src/core/signal.ts:15:19)
          at Function.register.invoke (/data/Workspace/helios/starwards/node_modules/colyseus.js/src/core/signal.ts:57:81)
          at WebSocket.connection.events.onclose (/data/Workspace/helios/starwards/node_modules/colyseus.js/src/Room.ts:89:30)
          at callListener (/data/Workspace/helios/starwards/node_modules/colyseus.js/node_modules/ws/lib/event-target.js:290:14)
          at WebSocket.onClose (/data/Workspace/helios/starwards/node_modules/colyseus.js/node_modules/ws/lib/event-target.js:220:9)
          at WebSocket.emit (node:events:524:28)
          at WebSocket.emitClose (/data/Workspace/helios/starwards/node_modules/colyseus.js/node_modules/ws/lib/websocket.js:272:10)
          at Socket.socketOnClose (/data/Workspace/helios/starwards/node_modules/colyseus.js/node_modules/ws/lib/websocket.js:1341:15)
          at Socket.emit (node:events:524:28)
          at TCP.<anonymous> (node:net:343:12)

      at ConnectionManager.onConnectionError (modules/core/src/client/connection-manager.ts:144:21)
          at Array.forEach (<anonymous>)

    console.log
      connection error: TypeError: Cannot read properties of undefined (reading 'decoder')
          at wireEvents (/data/Workspace/helios/starwards/node_modules/colyseus-events/src/wire-events.ts:30:40)
          at /data/Workspace/helios/starwards/modules/core/src/client/admin.ts:20:5
          at processTicksAndRejections (node:internal/process/task_queues:95:5)
          at /data/Workspace/helios/starwards/modules/core/src/client/connection-manager.ts:131:21

      at ConnectionManager.onConnectionError (modules/core/src/client/connection-manager.ts:144:21)

    console.log
      connection error: Error: disconnected from server
          at EventEmitter.<anonymous> (/data/Workspace/helios/starwards/modules/core/src/client/driver.ts:53:58)
          at /data/Workspace/helios/starwards/node_modules/colyseus.js/src/core/signal.ts:15:48
          at Array.forEach (<anonymous>)
          at EventEmitter.invoke (/data/Workspace/helios/starwards/node_modules/colyseus.js/src/core/signal.ts:15:19)
          at Function.register.invoke (/data/Workspace/helios/starwards/node_modules/colyseus.js/src/core/signal.ts:57:81)
          at WebSocket.connection.events.onclose (/data/Workspace/helios/starwards/node_modules/colyseus.js/src/Room.ts:89:30)
          at callListener (/data/Workspace/helios/starwards/node_modules/colyseus.js/node_modules/ws/lib/event-target.js:290:14)
          at WebSocket.onClose (/data/Workspace/helios/starwards/node_modules/colyseus.js/node_modules/ws/lib/event-target.js:220:9)
          at WebSocket.emit (node:events:524:28)
          at WebSocket.emitClose (/data/Workspace/helios/starwards/node_modules/colyseus.js/node_modules/ws/lib/websocket.js:272:10)
          at Socket.socketOnClose (/data/Workspace/helios/starwards/node_modules/colyseus.js/node_modules/ws/lib/websocket.js:1341:15)
          at Socket.emit (node:events:524:28)
          at TCP.<anonymous> (node:net:343:12)

      at ConnectionManager.onConnectionError (modules/core/src/client/connection-manager.ts:144:21)
          at Array.forEach (<anonymous>)

    console.log
      connection error: TypeError: Cannot read properties of undefined (reading 'decoder')
          at wireEvents (/data/Workspace/helios/starwards/node_modules/colyseus-events/src/wire-events.ts:30:40)
          at /data/Workspace/helios/starwards/modules/core/src/client/admin.ts:20:5
          at processTicksAndRejections (node:internal/process/task_queues:95:5)
          at /data/Workspace/helios/starwards/modules/core/src/client/connection-manager.ts:131:21

      at ConnectionManager.onConnectionError (modules/core/src/client/connection-manager.ts:144:21)

    console.log
      connection error: Error: disconnected from server
          at EventEmitter.<anonymous> (/data/Workspace/helios/starwards/modules/core/src/client/driver.ts:53:58)
          at /data/Workspace/helios/starwards/node_modules/colyseus.js/src/core/signal.ts:15:48
          at Array.forEach (<anonymous>)
          at EventEmitter.invoke (/data/Workspace/helios/starwards/node_modules/colyseus.js/src/core/signal.ts:15:19)
          at Function.register.invoke (/data/Workspace/helios/starwards/node_modules/colyseus.js/src/core/signal.ts:57:81)
          at WebSocket.connection.events.onclose (/data/Workspace/helios/starwards/node_modules/colyseus.js/src/Room.ts:89:30)
          at callListener (/data/Workspace/helios/starwards/node_modules/colyseus.js/node_modules/ws/lib/event-target.js:290:14)
          at WebSocket.onClose (/data/Workspace/helios/starwards/node_modules/colyseus.js/node_modules/ws/lib/event-target.js:220:9)
          at WebSocket.emit (node:events:524:28)
          at WebSocket.emitClose (/data/Workspace/helios/starwards/node_modules/colyseus.js/node_modules/ws/lib/websocket.js:272:10)
          at Socket.socketOnClose (/data/Workspace/helios/starwards/node_modules/colyseus.js/node_modules/ws/lib/websocket.js:1341:15)
          at Socket.emit (node:events:524:28)
          at TCP.<anonymous> (node:net:343:12)

      at ConnectionManager.onConnectionError (modules/core/src/client/connection-manager.ts:144:21)
          at Array.forEach (<anonymous>)

    console.log
      connection error: TypeError: Cannot read properties of undefined (reading 'decoder')
          at wireEvents (/data/Workspace/helios/starwards/node_modules/colyseus-events/src/wire-events.ts:30:40)
          at /data/Workspace/helios/starwards/modules/core/src/client/admin.ts:20:5
          at processTicksAndRejections (node:internal/process/task_queues:95:5)
          at /data/Workspace/helios/starwards/modules/core/src/client/connection-manager.ts:131:21

      at ConnectionManager.onConnectionError (modules/core/src/client/connection-manager.ts:144:21)

    console.log
      connection error: Error: disconnected from server
          at EventEmitter.<anonymous> (/data/Workspace/helios/starwards/modules/core/src/client/driver.ts:53:58)
          at /data/Workspace/helios/starwards/node_modules/colyseus.js/src/core/signal.ts:15:48
          at Array.forEach (<anonymous>)
          at EventEmitter.invoke (/data/Workspace/helios/starwards/node_modules/colyseus.js/src/core/signal.ts:15:19)
          at Function.register.invoke (/data/Workspace/helios/starwards/node_modules/colyseus.js/src/core/signal.ts:57:81)
          at WebSocket.connection.events.onclose (/data/Workspace/helios/starwards/node_modules/colyseus.js/src/Room.ts:89:30)
          at callListener (/data/Workspace/helios/starwards/node_modules/colyseus.js/node_modules/ws/lib/event-target.js:290:14)
          at WebSocket.onClose (/data/Workspace/helios/starwards/node_modules/colyseus.js/node_modules/ws/lib/event-target.js:220:9)
          at WebSocket.emit (node:events:524:28)
          at WebSocket.emitClose (/data/Workspace/helios/starwards/node_modules/colyseus.js/node_modules/ws/lib/websocket.js:272:10)
          at Socket.socketOnClose (/data/Workspace/helios/starwards/node_modules/colyseus.js/node_modules/ws/lib/websocket.js:1341:15)
          at Socket.emit (node:events:524:28)
          at TCP.<anonymous> (node:net:343:12)

      at ConnectionManager.onConnectionError (modules/core/src/client/connection-manager.ts:144:21)
          at Array.forEach (<anonymous>)

    console.log
      connection error: TypeError: Cannot read properties of undefined (reading 'decoder')
          at wireEvents (/data/Workspace/helios/starwards/node_modules/colyseus-events/src/wire-events.ts:30:40)
          at /data/Workspace/helios/starwards/modules/core/src/client/admin.ts:20:5
          at processTicksAndRejections (node:internal/process/task_queues:95:5)
          at /data/Workspace/helios/starwards/modules/core/src/client/connection-manager.ts:131:21

      at ConnectionManager.onConnectionError (modules/core/src/client/connection-manager.ts:144:21)

    console.log
      connection error: Error: disconnected from server
          at EventEmitter.<anonymous> (/data/Workspace/helios/starwards/modules/core/src/client/driver.ts:53:58)
          at /data/Workspace/helios/starwards/node_modules/colyseus.js/src/core/signal.ts:15:48
          at Array.forEach (<anonymous>)
          at EventEmitter.invoke (/data/Workspace/helios/starwards/node_modules/colyseus.js/src/core/signal.ts:15:19)
          at Function.register.invoke (/data/Workspace/helios/starwards/node_modules/colyseus.js/src/core/signal.ts:57:81)
          at WebSocket.connection.events.onclose (/data/Workspace/helios/starwards/node_modules/colyseus.js/src/Room.ts:89:30)
          at callListener (/data/Workspace/helios/starwards/node_modules/colyseus.js/node_modules/ws/lib/event-target.js:290:14)
          at WebSocket.onClose (/data/Workspace/helios/starwards/node_modules/colyseus.js/node_modules/ws/lib/event-target.js:220:9)
          at WebSocket.emit (node:events:524:28)
          at WebSocket.emitClose (/data/Workspace/helios/starwards/node_modules/colyseus.js/node_modules/ws/lib/websocket.js:272:10)
          at Socket.socketOnClose (/data/Workspace/helios/starwards/node_modules/colyseus.js/node_modules/ws/lib/websocket.js:1341:15)
          at Socket.emit (node:events:524:28)
          at TCP.<anonymous> (node:net:343:12)

      at ConnectionManager.onConnectionError (modules/core/src/client/connection-manager.ts:144:21)
          at Array.forEach (<anonymous>)

    console.log
      connection error: TypeError: Cannot read properties of undefined (reading 'decoder')
          at wireEvents (/data/Workspace/helios/starwards/node_modules/colyseus-events/src/wire-events.ts:30:40)
          at /data/Workspace/helios/starwards/modules/core/src/client/admin.ts:20:5
          at processTicksAndRejections (node:internal/process/task_queues:95:5)
          at /data/Workspace/helios/starwards/modules/core/src/client/connection-manager.ts:131:21

      at ConnectionManager.onConnectionError (modules/core/src/client/connection-manager.ts:144:21)

    console.log
      connection error: Error: disconnected from server
          at EventEmitter.<anonymous> (/data/Workspace/helios/starwards/modules/core/src/client/driver.ts:53:58)
          at /data/Workspace/helios/starwards/node_modules/colyseus.js/src/core/signal.ts:15:48
          at Array.forEach (<anonymous>)
          at EventEmitter.invoke (/data/Workspace/helios/starwards/node_modules/colyseus.js/src/core/signal.ts:15:19)
          at Function.register.invoke (/data/Workspace/helios/starwards/node_modules/colyseus.js/src/core/signal.ts:57:81)
          at WebSocket.connection.events.onclose (/data/Workspace/helios/starwards/node_modules/colyseus.js/src/Room.ts:89:30)
          at callListener (/data/Workspace/helios/starwards/node_modules/colyseus.js/node_modules/ws/lib/event-target.js:290:14)
          at WebSocket.onClose (/data/Workspace/helios/starwards/node_modules/colyseus.js/node_modules/ws/lib/event-target.js:220:9)
          at WebSocket.emit (node:events:524:28)
          at WebSocket.emitClose (/data/Workspace/helios/starwards/node_modules/colyseus.js/node_modules/ws/lib/websocket.js:272:10)
          at Socket.socketOnClose (/data/Workspace/helios/starwards/node_modules/colyseus.js/node_modules/ws/lib/websocket.js:1341:15)
          at Socket.emit (node:events:524:28)
          at TCP.<anonymous> (node:net:343:12)

      at ConnectionManager.onConnectionError (modules/core/src/client/connection-manager.ts:144:21)
          at Array.forEach (<anonymous>)

    console.log
      connection error: TypeError: Cannot read properties of undefined (reading 'decoder')
          at wireEvents (/data/Workspace/helios/starwards/node_modules/colyseus-events/src/wire-events.ts:30:40)
          at /data/Workspace/helios/starwards/modules/core/src/client/admin.ts:20:5
          at processTicksAndRejections (node:internal/process/task_queues:95:5)
          at /data/Workspace/helios/starwards/modules/core/src/client/connection-manager.ts:131:21

      at ConnectionManager.onConnectionError (modules/core/src/client/connection-manager.ts:144:21)

    console.log
      connection error: Error: disconnected from server
          at EventEmitter.<anonymous> (/data/Workspace/helios/starwards/modules/core/src/client/driver.ts:53:58)
          at /data/Workspace/helios/starwards/node_modules/colyseus.js/src/core/signal.ts:15:48
          at Array.forEach (<anonymous>)
          at EventEmitter.invoke (/data/Workspace/helios/starwards/node_modules/colyseus.js/src/core/signal.ts:15:19)
          at Function.register.invoke (/data/Workspace/helios/starwards/node_modules/colyseus.js/src/core/signal.ts:57:81)
          at WebSocket.connection.events.onclose (/data/Workspace/helios/starwards/node_modules/colyseus.js/src/Room.ts:89:30)
          at callListener (/data/Workspace/helios/starwards/node_modules/colyseus.js/node_modules/ws/lib/event-target.js:290:14)
          at WebSocket.onClose (/data/Workspace/helios/starwards/node_modules/colyseus.js/node_modules/ws/lib/event-target.js:220:9)
          at WebSocket.emit (node:events:524:28)
          at WebSocket.emitClose (/data/Workspace/helios/starwards/node_modules/colyseus.js/node_modules/ws/lib/websocket.js:272:10)
          at Socket.socketOnClose (/data/Workspace/helios/starwards/node_modules/colyseus.js/node_modules/ws/lib/websocket.js:1341:15)
          at Socket.emit (node:events:524:28)
          at TCP.<anonymous> (node:net:343:12)

      at ConnectionManager.onConnectionError (modules/core/src/client/connection-manager.ts:144:21)
          at Array.forEach (<anonymous>)

    console.log
      connection error: TypeError: Cannot read properties of undefined (reading 'decoder')
          at wireEvents (/data/Workspace/helios/starwards/node_modules/colyseus-events/src/wire-events.ts:30:40)
          at /data/Workspace/helios/starwards/modules/core/src/client/admin.ts:20:5
          at processTicksAndRejections (node:internal/process/task_queues:95:5)
          at /data/Workspace/helios/starwards/modules/core/src/client/connection-manager.ts:131:21

      at ConnectionManager.onConnectionError (modules/core/src/client/connection-manager.ts:144:21)

    console.log
      connection error: Error: disconnected from server
          at EventEmitter.<anonymous> (/data/Workspace/helios/starwards/modules/core/src/client/driver.ts:53:58)
          at /data/Workspace/helios/starwards/node_modules/colyseus.js/src/core/signal.ts:15:48
          at Array.forEach (<anonymous>)
          at EventEmitter.invoke (/data/Workspace/helios/starwards/node_modules/colyseus.js/src/core/signal.ts:15:19)
          at Function.register.invoke (/data/Workspace/helios/starwards/node_modules/colyseus.js/src/core/signal.ts:57:81)
          at WebSocket.connection.events.onclose (/data/Workspace/helios/starwards/node_modules/colyseus.js/src/Room.ts:89:30)
          at callListener (/data/Workspace/helios/starwards/node_modules/colyseus.js/node_modules/ws/lib/event-target.js:290:14)
          at WebSocket.onClose (/data/Workspace/helios/starwards/node_modules/colyseus.js/node_modules/ws/lib/event-target.js:220:9)
          at WebSocket.emit (node:events:524:28)
          at WebSocket.emitClose (/data/Workspace/helios/starwards/node_modules/colyseus.js/node_modules/ws/lib/websocket.js:272:10)
          at Socket.socketOnClose (/data/Workspace/helios/starwards/node_modules/colyseus.js/node_modules/ws/lib/websocket.js:1341:15)
          at Socket.emit (node:events:524:28)
          at TCP.<anonymous> (node:net:343:12)

      at ConnectionManager.onConnectionError (modules/core/src/client/connection-manager.ts:144:21)
          at Array.forEach (<anonymous>)

    console.log
      connection error: TypeError: Cannot read properties of undefined (reading 'decoder')
          at wireEvents (/data/Workspace/helios/starwards/node_modules/colyseus-events/src/wire-events.ts:30:40)
          at /data/Workspace/helios/starwards/modules/core/src/client/admin.ts:20:5
          at processTicksAndRejections (node:internal/process/task_queues:95:5)
          at /data/Workspace/helios/starwards/modules/core/src/client/connection-manager.ts:131:21

      at ConnectionManager.onConnectionError (modules/core/src/client/connection-manager.ts:144:21)

    console.log
      connection error: Error: disconnected from server
          at EventEmitter.<anonymous> (/data/Workspace/helios/starwards/modules/core/src/client/driver.ts:53:58)
          at /data/Workspace/helios/starwards/node_modules/colyseus.js/src/core/signal.ts:15:48
          at Array.forEach (<anonymous>)
          at EventEmitter.invoke (/data/Workspace/helios/starwards/node_modules/colyseus.js/src/core/signal.ts:15:19)
          at Function.register.invoke (/data/Workspace/helios/starwards/node_modules/colyseus.js/src/core/signal.ts:57:81)
          at WebSocket.connection.events.onclose (/data/Workspace/helios/starwards/node_modules/colyseus.js/src/Room.ts:89:30)
          at callListener (/data/Workspace/helios/starwards/node_modules/colyseus.js/node_modules/ws/lib/event-target.js:290:14)
          at WebSocket.onClose (/data/Workspace/helios/starwards/node_modules/colyseus.js/node_modules/ws/lib/event-target.js:220:9)
          at WebSocket.emit (node:events:524:28)
          at WebSocket.emitClose (/data/Workspace/helios/starwards/node_modules/colyseus.js/node_modules/ws/lib/websocket.js:272:10)
          at Socket.socketOnClose (/data/Workspace/helios/starwards/node_modules/colyseus.js/node_modules/ws/lib/websocket.js:1341:15)
          at Socket.emit (node:events:524:28)
          at TCP.<anonymous> (node:net:343:12)

      at ConnectionManager.onConnectionError (modules/core/src/client/connection-manager.ts:144:21)
          at Array.forEach (<anonymous>)

    console.log
      connection error: TypeError: Cannot read properties of undefined (reading 'decoder')
          at wireEvents (/data/Workspace/helios/starwards/node_modules/colyseus-events/src/wire-events.ts:30:40)
          at /data/Workspace/helios/starwards/modules/core/src/client/admin.ts:20:5
          at processTicksAndRejections (node:internal/process/task_queues:95:5)
          at /data/Workspace/helios/starwards/modules/core/src/client/connection-manager.ts:131:21

      at ConnectionManager.onConnectionError (modules/core/src/client/connection-manager.ts:144:21)

    console.log
      connection error: Error: disconnected from server
          at EventEmitter.<anonymous> (/data/Workspace/helios/starwards/modules/core/src/client/driver.ts:53:58)
          at /data/Workspace/helios/starwards/node_modules/colyseus.js/src/core/signal.ts:15:48
          at Array.forEach (<anonymous>)
          at EventEmitter.invoke (/data/Workspace/helios/starwards/node_modules/colyseus.js/src/core/signal.ts:15:19)
          at Function.register.invoke (/data/Workspace/helios/starwards/node_modules/colyseus.js/src/core/signal.ts:57:81)
          at WebSocket.connection.events.onclose (/data/Workspace/helios/starwards/node_modules/colyseus.js/src/Room.ts:89:30)
          at callListener (/data/Workspace/helios/starwards/node_modules/colyseus.js/node_modules/ws/lib/event-target.js:290:14)
          at WebSocket.onClose (/data/Workspace/helios/starwards/node_modules/colyseus.js/node_modules/ws/lib/event-target.js:220:9)
          at WebSocket.emit (node:events:524:28)
          at WebSocket.emitClose (/data/Workspace/helios/starwards/node_modules/colyseus.js/node_modules/ws/lib/websocket.js:272:10)
          at Socket.socketOnClose (/data/Workspace/helios/starwards/node_modules/colyseus.js/node_modules/ws/lib/websocket.js:1341:15)
          at Socket.emit (node:events:524:28)
          at TCP.<anonymous> (node:net:343:12)

      at ConnectionManager.onConnectionError (modules/core/src/client/connection-manager.ts:144:21)
          at Array.forEach (<anonymous>)

    console.log
      connection error: TypeError: Cannot read properties of undefined (reading 'decoder')
          at wireEvents (/data/Workspace/helios/starwards/node_modules/colyseus-events/src/wire-events.ts:30:40)
          at /data/Workspace/helios/starwards/modules/core/src/client/admin.ts:20:5
          at processTicksAndRejections (node:internal/process/task_queues:95:5)
          at /data/Workspace/helios/starwards/modules/core/src/client/connection-manager.ts:131:21

      at ConnectionManager.onConnectionError (modules/core/src/client/connection-manager.ts:144:21)

    console.log
      connection error: Error: disconnected from server
          at EventEmitter.<anonymous> (/data/Workspace/helios/starwards/modules/core/src/client/driver.ts:53:58)
          at /data/Workspace/helios/starwards/node_modules/colyseus.js/src/core/signal.ts:15:48
          at Array.forEach (<anonymous>)
          at EventEmitter.invoke (/data/Workspace/helios/starwards/node_modules/colyseus.js/src/core/signal.ts:15:19)
          at Function.register.invoke (/data/Workspace/helios/starwards/node_modules/colyseus.js/src/core/signal.ts:57:81)
          at WebSocket.connection.events.onclose (/data/Workspace/helios/starwards/node_modules/colyseus.js/src/Room.ts:89:30)
          at callListener (/data/Workspace/helios/starwards/node_modules/colyseus.js/node_modules/ws/lib/event-target.js:290:14)
          at WebSocket.onClose (/data/Workspace/helios/starwards/node_modules/colyseus.js/node_modules/ws/lib/event-target.js:220:9)
          at WebSocket.emit (node:events:524:28)
          at WebSocket.emitClose (/data/Workspace/helios/starwards/node_modules/colyseus.js/node_modules/ws/lib/websocket.js:272:10)
          at Socket.socketOnClose (/data/Workspace/helios/starwards/node_modules/colyseus.js/node_modules/ws/lib/websocket.js:1341:15)
          at Socket.emit (node:events:524:28)
          at TCP.<anonymous> (node:net:343:12)

      at ConnectionManager.onConnectionError (modules/core/src/client/connection-manager.ts:144:21)
          at Array.forEach (<anonymous>)

    console.log
      connection error: TypeError: Cannot read properties of undefined (reading 'decoder')
          at wireEvents (/data/Workspace/helios/starwards/node_modules/colyseus-events/src/wire-events.ts:30:40)
          at /data/Workspace/helios/starwards/modules/core/src/client/admin.ts:20:5
          at processTicksAndRejections (node:internal/process/task_queues:95:5)
          at /data/Workspace/helios/starwards/modules/core/src/client/connection-manager.ts:131:21

      at ConnectionManager.onConnectionError (modules/core/src/client/connection-manager.ts:144:21)

    console.log
      connection error: Error: disconnected from server
          at EventEmitter.<anonymous> (/data/Workspace/helios/starwards/modules/core/src/client/driver.ts:53:58)
          at /data/Workspace/helios/starwards/node_modules/colyseus.js/src/core/signal.ts:15:48
          at Array.forEach (<anonymous>)
          at EventEmitter.invoke (/data/Workspace/helios/starwards/node_modules/colyseus.js/src/core/signal.ts:15:19)
          at Function.register.invoke (/data/Workspace/helios/starwards/node_modules/colyseus.js/src/core/signal.ts:57:81)
          at WebSocket.connection.events.onclose (/data/Workspace/helios/starwards/node_modules/colyseus.js/src/Room.ts:89:30)
          at callListener (/data/Workspace/helios/starwards/node_modules/colyseus.js/node_modules/ws/lib/event-target.js:290:14)
          at WebSocket.onClose (/data/Workspace/helios/starwards/node_modules/colyseus.js/node_modules/ws/lib/event-target.js:220:9)
          at WebSocket.emit (node:events:524:28)
          at WebSocket.emitClose (/data/Workspace/helios/starwards/node_modules/colyseus.js/node_modules/ws/lib/websocket.js:272:10)
          at Socket.socketOnClose (/data/Workspace/helios/starwards/node_modules/colyseus.js/node_modules/ws/lib/websocket.js:1341:15)
          at Socket.emit (node:events:524:28)
          at TCP.<anonymous> (node:net:343:12)

      at ConnectionManager.onConnectionError (modules/core/src/client/connection-manager.ts:144:21)
          at Array.forEach (<anonymous>)

    console.log
      connection error: TypeError: Cannot read properties of undefined (reading 'decoder')
          at wireEvents (/data/Workspace/helios/starwards/node_modules/colyseus-events/src/wire-events.ts:30:40)
          at /data/Workspace/helios/starwards/modules/core/src/client/admin.ts:20:5
          at processTicksAndRejections (node:internal/process/task_queues:95:5)
          at /data/Workspace/helios/starwards/modules/core/src/client/connection-manager.ts:131:21

      at ConnectionManager.onConnectionError (modules/core/src/client/connection-manager.ts:144:21)

    console.log
      connection error: Error: disconnected from server
          at EventEmitter.<anonymous> (/data/Workspace/helios/starwards/modules/core/src/client/driver.ts:53:58)
          at /data/Workspace/helios/starwards/node_modules/colyseus.js/src/core/signal.ts:15:48
          at Array.forEach (<anonymous>)
          at EventEmitter.invoke (/data/Workspace/helios/starwards/node_modules/colyseus.js/src/core/signal.ts:15:19)
          at Function.register.invoke (/data/Workspace/helios/starwards/node_modules/colyseus.js/src/core/signal.ts:57:81)
          at WebSocket.connection.events.onclose (/data/Workspace/helios/starwards/node_modules/colyseus.js/src/Room.ts:89:30)
          at callListener (/data/Workspace/helios/starwards/node_modules/colyseus.js/node_modules/ws/lib/event-target.js:290:14)
          at WebSocket.onClose (/data/Workspace/helios/starwards/node_modules/colyseus.js/node_modules/ws/lib/event-target.js:220:9)
          at WebSocket.emit (node:events:524:28)
          at WebSocket.emitClose (/data/Workspace/helios/starwards/node_modules/colyseus.js/node_modules/ws/lib/websocket.js:272:10)
          at Socket.socketOnClose (/data/Workspace/helios/starwards/node_modules/colyseus.js/node_modules/ws/lib/websocket.js:1341:15)
          at Socket.emit (node:events:524:28)
          at TCP.<anonymous> (node:net:343:12)

      at ConnectionManager.onConnectionError (modules/core/src/client/connection-manager.ts:144:21)
          at Array.forEach (<anonymous>)

    console.log
      connection error: TypeError: Cannot read properties of undefined (reading 'decoder')
          at wireEvents (/data/Workspace/helios/starwards/node_modules/colyseus-events/src/wire-events.ts:30:40)
          at /data/Workspace/helios/starwards/modules/core/src/client/admin.ts:20:5
          at processTicksAndRejections (node:internal/process/task_queues:95:5)
          at /data/Workspace/helios/starwards/modules/core/src/client/connection-manager.ts:131:21

      at ConnectionManager.onConnectionError (modules/core/src/client/connection-manager.ts:144:21)

    console.log
      connection error: Error: disconnected from server
          at EventEmitter.<anonymous> (/data/Workspace/helios/starwards/modules/core/src/client/driver.ts:53:58)
          at /data/Workspace/helios/starwards/node_modules/colyseus.js/src/core/signal.ts:15:48
          at Array.forEach (<anonymous>)
          at EventEmitter.invoke (/data/Workspace/helios/starwards/node_modules/colyseus.js/src/core/signal.ts:15:19)
          at Function.register.invoke (/data/Workspace/helios/starwards/node_modules/colyseus.js/src/core/signal.ts:57:81)
          at WebSocket.connection.events.onclose (/data/Workspace/helios/starwards/node_modules/colyseus.js/src/Room.ts:89:30)
          at callListener (/data/Workspace/helios/starwards/node_modules/colyseus.js/node_modules/ws/lib/event-target.js:290:14)
          at WebSocket.onClose (/data/Workspace/helios/starwards/node_modules/colyseus.js/node_modules/ws/lib/event-target.js:220:9)
          at WebSocket.emit (node:events:524:28)
          at WebSocket.emitClose (/data/Workspace/helios/starwards/node_modules/colyseus.js/node_modules/ws/lib/websocket.js:272:10)
          at Socket.socketOnClose (/data/Workspace/helios/starwards/node_modules/colyseus.js/node_modules/ws/lib/websocket.js:1341:15)
          at Socket.emit (node:events:524:28)
          at TCP.<anonymous> (node:net:343:12)

      at ConnectionManager.onConnectionError (modules/core/src/client/connection-manager.ts:144:21)
          at Array.forEach (<anonymous>)

    console.log
      connection error: TypeError: Cannot read properties of undefined (reading 'decoder')
          at wireEvents (/data/Workspace/helios/starwards/node_modules/colyseus-events/src/wire-events.ts:30:40)
          at /data/Workspace/helios/starwards/modules/core/src/client/admin.ts:20:5
          at processTicksAndRejections (node:internal/process/task_queues:95:5)
          at /data/Workspace/helios/starwards/modules/core/src/client/connection-manager.ts:131:21

      at ConnectionManager.onConnectionError (modules/core/src/client/connection-manager.ts:144:21)

    console.log
      connection error: Error: disconnected from server
          at EventEmitter.<anonymous> (/data/Workspace/helios/starwards/modules/core/src/client/driver.ts:53:58)
          at /data/Workspace/helios/starwards/node_modules/colyseus.js/src/core/signal.ts:15:48
          at Array.forEach (<anonymous>)
          at EventEmitter.invoke (/data/Workspace/helios/starwards/node_modules/colyseus.js/src/core/signal.ts:15:19)
          at Function.register.invoke (/data/Workspace/helios/starwards/node_modules/colyseus.js/src/core/signal.ts:57:81)
          at WebSocket.connection.events.onclose (/data/Workspace/helios/starwards/node_modules/colyseus.js/src/Room.ts:89:30)
          at callListener (/data/Workspace/helios/starwards/node_modules/colyseus.js/node_modules/ws/lib/event-target.js:290:14)
          at WebSocket.onClose (/data/Workspace/helios/starwards/node_modules/colyseus.js/node_modules/ws/lib/event-target.js:220:9)
          at WebSocket.emit (node:events:524:28)
          at WebSocket.emitClose (/data/Workspace/helios/starwards/node_modules/colyseus.js/node_modules/ws/lib/websocket.js:272:10)
          at Socket.socketOnClose (/data/Workspace/helios/starwards/node_modules/colyseus.js/node_modules/ws/lib/websocket.js:1341:15)
          at Socket.emit (node:events:524:28)
          at TCP.<anonymous> (node:net:343:12)

      at ConnectionManager.onConnectionError (modules/core/src/client/connection-manager.ts:144:21)
          at Array.forEach (<anonymous>)

    console.log
      connection error: TypeError: Cannot read properties of undefined (reading 'decoder')
          at wireEvents (/data/Workspace/helios/starwards/node_modules/colyseus-events/src/wire-events.ts:30:40)
          at /data/Workspace/helios/starwards/modules/core/src/client/admin.ts:20:5
          at processTicksAndRejections (node:internal/process/task_queues:95:5)
          at /data/Workspace/helios/starwards/modules/core/src/client/connection-manager.ts:131:21

      at ConnectionManager.onConnectionError (modules/core/src/client/connection-manager.ts:144:21)

    console.log
      connection error: Error: disconnected from server
          at EventEmitter.<anonymous> (/data/Workspace/helios/starwards/modules/core/src/client/driver.ts:53:58)
          at /data/Workspace/helios/starwards/node_modules/colyseus.js/src/core/signal.ts:15:48
          at Array.forEach (<anonymous>)
          at EventEmitter.invoke (/data/Workspace/helios/starwards/node_modules/colyseus.js/src/core/signal.ts:15:19)
          at Function.register.invoke (/data/Workspace/helios/starwards/node_modules/colyseus.js/src/core/signal.ts:57:81)
          at WebSocket.connection.events.onclose (/data/Workspace/helios/starwards/node_modules/colyseus.js/src/Room.ts:89:30)
          at callListener (/data/Workspace/helios/starwards/node_modules/colyseus.js/node_modules/ws/lib/event-target.js:290:14)
          at WebSocket.onClose (/data/Workspace/helios/starwards/node_modules/colyseus.js/node_modules/ws/lib/event-target.js:220:9)
          at WebSocket.emit (node:events:524:28)
          at WebSocket.emitClose (/data/Workspace/helios/starwards/node_modules/colyseus.js/node_modules/ws/lib/websocket.js:272:10)
          at Socket.socketOnClose (/data/Workspace/helios/starwards/node_modules/colyseus.js/node_modules/ws/lib/websocket.js:1341:15)
          at Socket.emit (node:events:524:28)
          at TCP.<anonymous> (node:net:343:12)

      at ConnectionManager.onConnectionError (modules/core/src/client/connection-manager.ts:144:21)
          at Array.forEach (<anonymous>)

    console.log
      connection error: TypeError: Cannot read properties of undefined (reading 'decoder')
          at wireEvents (/data/Workspace/helios/starwards/node_modules/colyseus-events/src/wire-events.ts:30:40)
          at /data/Workspace/helios/starwards/modules/core/src/client/admin.ts:20:5
          at processTicksAndRejections (node:internal/process/task_queues:95:5)
          at /data/Workspace/helios/starwards/modules/core/src/client/connection-manager.ts:131:21

      at ConnectionManager.onConnectionError (modules/core/src/client/connection-manager.ts:144:21)

    console.log
      connection error: Error: disconnected from server
          at EventEmitter.<anonymous> (/data/Workspace/helios/starwards/modules/core/src/client/driver.ts:53:58)
          at /data/Workspace/helios/starwards/node_modules/colyseus.js/src/core/signal.ts:15:48
          at Array.forEach (<anonymous>)
          at EventEmitter.invoke (/data/Workspace/helios/starwards/node_modules/colyseus.js/src/core/signal.ts:15:19)
          at Function.register.invoke (/data/Workspace/helios/starwards/node_modules/colyseus.js/src/core/signal.ts:57:81)
          at WebSocket.connection.events.onclose (/data/Workspace/helios/starwards/node_modules/colyseus.js/src/Room.ts:89:30)
          at callListener (/data/Workspace/helios/starwards/node_modules/colyseus.js/node_modules/ws/lib/event-target.js:290:14)
          at WebSocket.onClose (/data/Workspace/helios/starwards/node_modules/colyseus.js/node_modules/ws/lib/event-target.js:220:9)
          at WebSocket.emit (node:events:524:28)
          at WebSocket.emitClose (/data/Workspace/helios/starwards/node_modules/colyseus.js/node_modules/ws/lib/websocket.js:272:10)
          at Socket.socketOnClose (/data/Workspace/helios/starwards/node_modules/colyseus.js/node_modules/ws/lib/websocket.js:1341:15)
          at Socket.emit (node:events:524:28)
          at TCP.<anonymous> (node:net:343:12)

      at ConnectionManager.onConnectionError (modules/core/src/client/connection-manager.ts:144:21)
          at Array.forEach (<anonymous>)

    console.log
      connection error: TypeError: Cannot read properties of undefined (reading 'decoder')
          at wireEvents (/data/Workspace/helios/starwards/node_modules/colyseus-events/src/wire-events.ts:30:40)
          at /data/Workspace/helios/starwards/modules/core/src/client/admin.ts:20:5
          at processTicksAndRejections (node:internal/process/task_queues:95:5)
          at /data/Workspace/helios/starwards/modules/core/src/client/connection-manager.ts:131:21

      at ConnectionManager.onConnectionError (modules/core/src/client/connection-manager.ts:144:21)

    console.log
      connection error: Error: disconnected from server
          at EventEmitter.<anonymous> (/data/Workspace/helios/starwards/modules/core/src/client/driver.ts:53:58)
          at /data/Workspace/helios/starwards/node_modules/colyseus.js/src/core/signal.ts:15:48
          at Array.forEach (<anonymous>)
          at EventEmitter.invoke (/data/Workspace/helios/starwards/node_modules/colyseus.js/src/core/signal.ts:15:19)
          at Function.register.invoke (/data/Workspace/helios/starwards/node_modules/colyseus.js/src/core/signal.ts:57:81)
          at WebSocket.connection.events.onclose (/data/Workspace/helios/starwards/node_modules/colyseus.js/src/Room.ts:89:30)
          at callListener (/data/Workspace/helios/starwards/node_modules/colyseus.js/node_modules/ws/lib/event-target.js:290:14)
          at WebSocket.onClose (/data/Workspace/helios/starwards/node_modules/colyseus.js/node_modules/ws/lib/event-target.js:220:9)
          at WebSocket.emit (node:events:524:28)
          at WebSocket.emitClose (/data/Workspace/helios/starwards/node_modules/colyseus.js/node_modules/ws/lib/websocket.js:272:10)
          at Socket.socketOnClose (/data/Workspace/helios/starwards/node_modules/colyseus.js/node_modules/ws/lib/websocket.js:1341:15)
          at Socket.emit (node:events:524:28)
          at TCP.<anonymous> (node:net:343:12)

      at ConnectionManager.onConnectionError (modules/core/src/client/connection-manager.ts:144:21)
          at Array.forEach (<anonymous>)

    console.log
      connection error: TypeError: Cannot read properties of undefined (reading 'decoder')
          at wireEvents (/data/Workspace/helios/starwards/node_modules/colyseus-events/src/wire-events.ts:30:40)
          at /data/Workspace/helios/starwards/modules/core/src/client/admin.ts:20:5
          at processTicksAndRejections (node:internal/process/task_queues:95:5)
          at /data/Workspace/helios/starwards/modules/core/src/client/connection-manager.ts:131:21

      at ConnectionManager.onConnectionError (modules/core/src/client/connection-manager.ts:144:21)

    console.log
      connection error: Error: disconnected from server
          at EventEmitter.<anonymous> (/data/Workspace/helios/starwards/modules/core/src/client/driver.ts:53:58)
          at /data/Workspace/helios/starwards/node_modules/colyseus.js/src/core/signal.ts:15:48
          at Array.forEach (<anonymous>)
          at EventEmitter.invoke (/data/Workspace/helios/starwards/node_modules/colyseus.js/src/core/signal.ts:15:19)
          at Function.register.invoke (/data/Workspace/helios/starwards/node_modules/colyseus.js/src/core/signal.ts:57:81)
          at WebSocket.connection.events.onclose (/data/Workspace/helios/starwards/node_modules/colyseus.js/src/Room.ts:89:30)
          at callListener (/data/Workspace/helios/starwards/node_modules/colyseus.js/node_modules/ws/lib/event-target.js:290:14)
          at WebSocket.onClose (/data/Workspace/helios/starwards/node_modules/colyseus.js/node_modules/ws/lib/event-target.js:220:9)
          at WebSocket.emit (node:events:524:28)
          at WebSocket.emitClose (/data/Workspace/helios/starwards/node_modules/colyseus.js/node_modules/ws/lib/websocket.js:272:10)
          at Socket.socketOnClose (/data/Workspace/helios/starwards/node_modules/colyseus.js/node_modules/ws/lib/websocket.js:1341:15)
          at Socket.emit (node:events:524:28)
          at TCP.<anonymous> (node:net:343:12)

      at ConnectionManager.onConnectionError (modules/core/src/client/connection-manager.ts:144:21)
          at Array.forEach (<anonymous>)

    console.log
      connection error: TypeError: Cannot read properties of undefined (reading 'decoder')
          at wireEvents (/data/Workspace/helios/starwards/node_modules/colyseus-events/src/wire-events.ts:30:40)
          at /data/Workspace/helios/starwards/modules/core/src/client/admin.ts:20:5
          at processTicksAndRejections (node:internal/process/task_queues:95:5)
          at /data/Workspace/helios/starwards/modules/core/src/client/connection-manager.ts:131:21

      at ConnectionManager.onConnectionError (modules/core/src/client/connection-manager.ts:144:21)

    console.log
      connection error: Error: disconnected from server
          at EventEmitter.<anonymous> (/data/Workspace/helios/starwards/modules/core/src/client/driver.ts:53:58)
          at /data/Workspace/helios/starwards/node_modules/colyseus.js/src/core/signal.ts:15:48
          at Array.forEach (<anonymous>)
          at EventEmitter.invoke (/data/Workspace/helios/starwards/node_modules/colyseus.js/src/core/signal.ts:15:19)
          at Function.register.invoke (/data/Workspace/helios/starwards/node_modules/colyseus.js/src/core/signal.ts:57:81)
          at WebSocket.connection.events.onclose (/data/Workspace/helios/starwards/node_modules/colyseus.js/src/Room.ts:89:30)
          at callListener (/data/Workspace/helios/starwards/node_modules/colyseus.js/node_modules/ws/lib/event-target.js:290:14)
          at WebSocket.onClose (/data/Workspace/helios/starwards/node_modules/colyseus.js/node_modules/ws/lib/event-target.js:220:9)
          at WebSocket.emit (node:events:524:28)
          at WebSocket.emitClose (/data/Workspace/helios/starwards/node_modules/colyseus.js/node_modules/ws/lib/websocket.js:272:10)
          at Socket.socketOnClose (/data/Workspace/helios/starwards/node_modules/colyseus.js/node_modules/ws/lib/websocket.js:1341:15)
          at Socket.emit (node:events:524:28)
          at TCP.<anonymous> (node:net:343:12)

      at ConnectionManager.onConnectionError (modules/core/src/client/connection-manager.ts:144:21)
          at Array.forEach (<anonymous>)

    console.log
      connection error: TypeError: Cannot read properties of undefined (reading 'decoder')
          at wireEvents (/data/Workspace/helios/starwards/node_modules/colyseus-events/src/wire-events.ts:30:40)
          at /data/Workspace/helios/starwards/modules/core/src/client/admin.ts:20:5
          at processTicksAndRejections (node:internal/process/task_queues:95:5)
          at /data/Workspace/helios/starwards/modules/core/src/client/connection-manager.ts:131:21

      at ConnectionManager.onConnectionError (modules/core/src/client/connection-manager.ts:144:21)

    console.log
      connection error: Error: disconnected from server
          at EventEmitter.<anonymous> (/data/Workspace/helios/starwards/modules/core/src/client/driver.ts:53:58)
          at /data/Workspace/helios/starwards/node_modules/colyseus.js/src/core/signal.ts:15:48
          at Array.forEach (<anonymous>)
          at EventEmitter.invoke (/data/Workspace/helios/starwards/node_modules/colyseus.js/src/core/signal.ts:15:19)
          at Function.register.invoke (/data/Workspace/helios/starwards/node_modules/colyseus.js/src/core/signal.ts:57:81)
          at WebSocket.connection.events.onclose (/data/Workspace/helios/starwards/node_modules/colyseus.js/src/Room.ts:89:30)
          at callListener (/data/Workspace/helios/starwards/node_modules/colyseus.js/node_modules/ws/lib/event-target.js:290:14)
          at WebSocket.onClose (/data/Workspace/helios/starwards/node_modules/colyseus.js/node_modules/ws/lib/event-target.js:220:9)
          at WebSocket.emit (node:events:524:28)
          at WebSocket.emitClose (/data/Workspace/helios/starwards/node_modules/colyseus.js/node_modules/ws/lib/websocket.js:272:10)
          at Socket.socketOnClose (/data/Workspace/helios/starwards/node_modules/colyseus.js/node_modules/ws/lib/websocket.js:1341:15)
          at Socket.emit (node:events:524:28)
          at TCP.<anonymous> (node:net:343:12)

      at ConnectionManager.onConnectionError (modules/core/src/client/connection-manager.ts:144:21)
          at Array.forEach (<anonymous>)

    console.log
      connection error: TypeError: Cannot read properties of undefined (reading 'decoder')
          at wireEvents (/data/Workspace/helios/starwards/node_modules/colyseus-events/src/wire-events.ts:30:40)
          at /data/Workspace/helios/starwards/modules/core/src/client/admin.ts:20:5
          at processTicksAndRejections (node:internal/process/task_queues:95:5)
          at /data/Workspace/helios/starwards/modules/core/src/client/connection-manager.ts:131:21

      at ConnectionManager.onConnectionError (modules/core/src/client/connection-manager.ts:144:21)

    console.log
      connection error: Error: disconnected from server
          at EventEmitter.<anonymous> (/data/Workspace/helios/starwards/modules/core/src/client/driver.ts:53:58)
          at /data/Workspace/helios/starwards/node_modules/colyseus.js/src/core/signal.ts:15:48
          at Array.forEach (<anonymous>)
          at EventEmitter.invoke (/data/Workspace/helios/starwards/node_modules/colyseus.js/src/core/signal.ts:15:19)
          at Function.register.invoke (/data/Workspace/helios/starwards/node_modules/colyseus.js/src/core/signal.ts:57:81)
          at WebSocket.connection.events.onclose (/data/Workspace/helios/starwards/node_modules/colyseus.js/src/Room.ts:89:30)
          at callListener (/data/Workspace/helios/starwards/node_modules/colyseus.js/node_modules/ws/lib/event-target.js:290:14)
          at WebSocket.onClose (/data/Workspace/helios/starwards/node_modules/colyseus.js/node_modules/ws/lib/event-target.js:220:9)
          at WebSocket.emit (node:events:524:28)
          at WebSocket.emitClose (/data/Workspace/helios/starwards/node_modules/colyseus.js/node_modules/ws/lib/websocket.js:272:10)
          at Socket.socketOnClose (/data/Workspace/helios/starwards/node_modules/colyseus.js/node_modules/ws/lib/websocket.js:1341:15)
          at Socket.emit (node:events:524:28)
          at TCP.<anonymous> (node:net:343:12)

      at ConnectionManager.onConnectionError (modules/core/src/client/connection-manager.ts:144:21)
          at Array.forEach (<anonymous>)

    console.log
      connection error: TypeError: Cannot read properties of undefined (reading 'decoder')
          at wireEvents (/data/Workspace/helios/starwards/node_modules/colyseus-events/src/wire-events.ts:30:40)
          at /data/Workspace/helios/starwards/modules/core/src/client/admin.ts:20:5
          at processTicksAndRejections (node:internal/process/task_queues:95:5)
          at /data/Workspace/helios/starwards/modules/core/src/client/connection-manager.ts:131:21

      at ConnectionManager.onConnectionError (modules/core/src/client/connection-manager.ts:144:21)

    console.log
      connection error: Error: disconnected from server
          at EventEmitter.<anonymous> (/data/Workspace/helios/starwards/modules/core/src/client/driver.ts:53:58)
          at /data/Workspace/helios/starwards/node_modules/colyseus.js/src/core/signal.ts:15:48
          at Array.forEach (<anonymous>)
          at EventEmitter.invoke (/data/Workspace/helios/starwards/node_modules/colyseus.js/src/core/signal.ts:15:19)
          at Function.register.invoke (/data/Workspace/helios/starwards/node_modules/colyseus.js/src/core/signal.ts:57:81)
          at WebSocket.connection.events.onclose (/data/Workspace/helios/starwards/node_modules/colyseus.js/src/Room.ts:89:30)
          at callListener (/data/Workspace/helios/starwards/node_modules/colyseus.js/node_modules/ws/lib/event-target.js:290:14)
          at WebSocket.onClose (/data/Workspace/helios/starwards/node_modules/colyseus.js/node_modules/ws/lib/event-target.js:220:9)
          at WebSocket.emit (node:events:524:28)
          at WebSocket.emitClose (/data/Workspace/helios/starwards/node_modules/colyseus.js/node_modules/ws/lib/websocket.js:272:10)
          at Socket.socketOnClose (/data/Workspace/helios/starwards/node_modules/colyseus.js/node_modules/ws/lib/websocket.js:1341:15)
          at Socket.emit (node:events:524:28)
          at TCP.<anonymous> (node:net:343:12)

      at ConnectionManager.onConnectionError (modules/core/src/client/connection-manager.ts:144:21)
          at Array.forEach (<anonymous>)

    console.log
      connection error: TypeError: Cannot read properties of undefined (reading 'decoder')
          at wireEvents (/data/Workspace/helios/starwards/node_modules/colyseus-events/src/wire-events.ts:30:40)
          at /data/Workspace/helios/starwards/modules/core/src/client/admin.ts:20:5
          at processTicksAndRejections (node:internal/process/task_queues:95:5)
          at /data/Workspace/helios/starwards/modules/core/src/client/connection-manager.ts:131:21

      at ConnectionManager.onConnectionError (modules/core/src/client/connection-manager.ts:144:21)

    console.log
      connection error: Error: disconnected from server
          at EventEmitter.<anonymous> (/data/Workspace/helios/starwards/modules/core/src/client/driver.ts:53:58)
          at /data/Workspace/helios/starwards/node_modules/colyseus.js/src/core/signal.ts:15:48
          at Array.forEach (<anonymous>)
          at EventEmitter.invoke (/data/Workspace/helios/starwards/node_modules/colyseus.js/src/core/signal.ts:15:19)
          at Function.register.invoke (/data/Workspace/helios/starwards/node_modules/colyseus.js/src/core/signal.ts:57:81)
          at WebSocket.connection.events.onclose (/data/Workspace/helios/starwards/node_modules/colyseus.js/src/Room.ts:89:30)
          at callListener (/data/Workspace/helios/starwards/node_modules/colyseus.js/node_modules/ws/lib/event-target.js:290:14)
          at WebSocket.onClose (/data/Workspace/helios/starwards/node_modules/colyseus.js/node_modules/ws/lib/event-target.js:220:9)
          at WebSocket.emit (node:events:524:28)
          at WebSocket.emitClose (/data/Workspace/helios/starwards/node_modules/colyseus.js/node_modules/ws/lib/websocket.js:272:10)
          at Socket.socketOnClose (/data/Workspace/helios/starwards/node_modules/colyseus.js/node_modules/ws/lib/websocket.js:1341:15)
          at Socket.emit (node:events:524:28)
          at TCP.<anonymous> (node:net:343:12)

      at ConnectionManager.onConnectionError (modules/core/src/client/connection-manager.ts:144:21)
          at Array.forEach (<anonymous>)

    console.log
      connection error: TypeError: Cannot read properties of undefined (reading 'decoder')
          at wireEvents (/data/Workspace/helios/starwards/node_modules/colyseus-events/src/wire-events.ts:30:40)
          at /data/Workspace/helios/starwards/modules/core/src/client/admin.ts:20:5
          at processTicksAndRejections (node:internal/process/task_queues:95:5)
          at /data/Workspace/helios/starwards/modules/core/src/client/connection-manager.ts:131:21

      at ConnectionManager.onConnectionError (modules/core/src/client/connection-manager.ts:144:21)

    console.log
      connection error: Error: disconnected from server
          at EventEmitter.<anonymous> (/data/Workspace/helios/starwards/modules/core/src/client/driver.ts:53:58)
          at /data/Workspace/helios/starwards/node_modules/colyseus.js/src/core/signal.ts:15:48
          at Array.forEach (<anonymous>)
          at EventEmitter.invoke (/data/Workspace/helios/starwards/node_modules/colyseus.js/src/core/signal.ts:15:19)
          at Function.register.invoke (/data/Workspace/helios/starwards/node_modules/colyseus.js/src/core/signal.ts:57:81)
          at WebSocket.connection.events.onclose (/data/Workspace/helios/starwards/node_modules/colyseus.js/src/Room.ts:89:30)
          at callListener (/data/Workspace/helios/starwards/node_modules/colyseus.js/node_modules/ws/lib/event-target.js:290:14)
          at WebSocket.onClose (/data/Workspace/helios/starwards/node_modules/colyseus.js/node_modules/ws/lib/event-target.js:220:9)
          at WebSocket.emit (node:events:524:28)
          at WebSocket.emitClose (/data/Workspace/helios/starwards/node_modules/colyseus.js/node_modules/ws/lib/websocket.js:272:10)
          at Socket.socketOnClose (/data/Workspace/helios/starwards/node_modules/colyseus.js/node_modules/ws/lib/websocket.js:1341:15)
          at Socket.emit (node:events:524:28)
          at TCP.<anonymous> (node:net:343:12)

      at ConnectionManager.onConnectionError (modules/core/src/client/connection-manager.ts:144:21)
          at Array.forEach (<anonymous>)

    console.log
      connection error: TypeError: Cannot read properties of undefined (reading 'decoder')
          at wireEvents (/data/Workspace/helios/starwards/node_modules/colyseus-events/src/wire-events.ts:30:40)
          at /data/Workspace/helios/starwards/modules/core/src/client/admin.ts:20:5
          at processTicksAndRejections (node:internal/process/task_queues:95:5)
          at /data/Workspace/helios/starwards/modules/core/src/client/connection-manager.ts:131:21

      at ConnectionManager.onConnectionError (modules/core/src/client/connection-manager.ts:144:21)

    console.log
      connection error: Error: disconnected from server
          at EventEmitter.<anonymous> (/data/Workspace/helios/starwards/modules/core/src/client/driver.ts:53:58)
          at /data/Workspace/helios/starwards/node_modules/colyseus.js/src/core/signal.ts:15:48
          at Array.forEach (<anonymous>)
          at EventEmitter.invoke (/data/Workspace/helios/starwards/node_modules/colyseus.js/src/core/signal.ts:15:19)
          at Function.register.invoke (/data/Workspace/helios/starwards/node_modules/colyseus.js/src/core/signal.ts:57:81)
          at WebSocket.connection.events.onclose (/data/Workspace/helios/starwards/node_modules/colyseus.js/src/Room.ts:89:30)
          at callListener (/data/Workspace/helios/starwards/node_modules/colyseus.js/node_modules/ws/lib/event-target.js:290:14)
          at WebSocket.onClose (/data/Workspace/helios/starwards/node_modules/colyseus.js/node_modules/ws/lib/event-target.js:220:9)
          at WebSocket.emit (node:events:524:28)
          at WebSocket.emitClose (/data/Workspace/helios/starwards/node_modules/colyseus.js/node_modules/ws/lib/websocket.js:272:10)
          at Socket.socketOnClose (/data/Workspace/helios/starwards/node_modules/colyseus.js/node_modules/ws/lib/websocket.js:1341:15)
          at Socket.emit (node:events:524:28)
          at TCP.<anonymous> (node:net:343:12)

      at ConnectionManager.onConnectionError (modules/core/src/client/connection-manager.ts:144:21)
          at Array.forEach (<anonymous>)

    console.log
      connection error: TypeError: Cannot read properties of undefined (reading 'decoder')
          at wireEvents (/data/Workspace/helios/starwards/node_modules/colyseus-events/src/wire-events.ts:30:40)
          at /data/Workspace/helios/starwards/modules/core/src/client/admin.ts:20:5
          at processTicksAndRejections (node:internal/process/task_queues:95:5)
          at /data/Workspace/helios/starwards/modules/core/src/client/connection-manager.ts:131:21

      at ConnectionManager.onConnectionError (modules/core/src/client/connection-manager.ts:144:21)

    console.log
      connection error: Error: disconnected from server
          at EventEmitter.<anonymous> (/data/Workspace/helios/starwards/modules/core/src/client/driver.ts:53:58)
          at /data/Workspace/helios/starwards/node_modules/colyseus.js/src/core/signal.ts:15:48
          at Array.forEach (<anonymous>)
          at EventEmitter.invoke (/data/Workspace/helios/starwards/node_modules/colyseus.js/src/core/signal.ts:15:19)
          at Function.register.invoke (/data/Workspace/helios/starwards/node_modules/colyseus.js/src/core/signal.ts:57:81)
          at WebSocket.connection.events.onclose (/data/Workspace/helios/starwards/node_modules/colyseus.js/src/Room.ts:89:30)
          at callListener (/data/Workspace/helios/starwards/node_modules/colyseus.js/node_modules/ws/lib/event-target.js:290:14)
          at WebSocket.onClose (/data/Workspace/helios/starwards/node_modules/colyseus.js/node_modules/ws/lib/event-target.js:220:9)
          at WebSocket.emit (node:events:524:28)
          at WebSocket.emitClose (/data/Workspace/helios/starwards/node_modules/colyseus.js/node_modules/ws/lib/websocket.js:272:10)
          at Socket.socketOnClose (/data/Workspace/helios/starwards/node_modules/colyseus.js/node_modules/ws/lib/websocket.js:1341:15)
          at Socket.emit (node:events:524:28)
          at TCP.<anonymous> (node:net:343:12)

      at ConnectionManager.onConnectionError (modules/core/src/client/connection-manager.ts:144:21)
          at Array.forEach (<anonymous>)

    console.log
      connection error: TypeError: Cannot read properties of undefined (reading 'decoder')
          at wireEvents (/data/Workspace/helios/starwards/node_modules/colyseus-events/src/wire-events.ts:30:40)
          at /data/Workspace/helios/starwards/modules/core/src/client/admin.ts:20:5
          at processTicksAndRejections (node:internal/process/task_queues:95:5)
          at /data/Workspace/helios/starwards/modules/core/src/client/connection-manager.ts:131:21

      at ConnectionManager.onConnectionError (modules/core/src/client/connection-manager.ts:144:21)

    console.log
      connection error: Error: disconnected from server
          at EventEmitter.<anonymous> (/data/Workspace/helios/starwards/modules/core/src/client/driver.ts:53:58)
          at /data/Workspace/helios/starwards/node_modules/colyseus.js/src/core/signal.ts:15:48
          at Array.forEach (<anonymous>)
          at EventEmitter.invoke (/data/Workspace/helios/starwards/node_modules/colyseus.js/src/core/signal.ts:15:19)
          at Function.register.invoke (/data/Workspace/helios/starwards/node_modules/colyseus.js/src/core/signal.ts:57:81)
          at WebSocket.connection.events.onclose (/data/Workspace/helios/starwards/node_modules/colyseus.js/src/Room.ts:89:30)
          at callListener (/data/Workspace/helios/starwards/node_modules/colyseus.js/node_modules/ws/lib/event-target.js:290:14)
          at WebSocket.onClose (/data/Workspace/helios/starwards/node_modules/colyseus.js/node_modules/ws/lib/event-target.js:220:9)
          at WebSocket.emit (node:events:524:28)
          at WebSocket.emitClose (/data/Workspace/helios/starwards/node_modules/colyseus.js/node_modules/ws/lib/websocket.js:272:10)
          at Socket.socketOnClose (/data/Workspace/helios/starwards/node_modules/colyseus.js/node_modules/ws/lib/websocket.js:1341:15)
          at Socket.emit (node:events:524:28)
          at TCP.<anonymous> (node:net:343:12)

      at ConnectionManager.onConnectionError (modules/core/src/client/connection-manager.ts:144:21)
          at Array.forEach (<anonymous>)

    console.log
      connection error: TypeError: Cannot read properties of undefined (reading 'decoder')
          at wireEvents (/data/Workspace/helios/starwards/node_modules/colyseus-events/src/wire-events.ts:30:40)
          at /data/Workspace/helios/starwards/modules/core/src/client/admin.ts:20:5
          at processTicksAndRejections (node:internal/process/task_queues:95:5)
          at /data/Workspace/helios/starwards/modules/core/src/client/connection-manager.ts:131:21

      at ConnectionManager.onConnectionError (modules/core/src/client/connection-manager.ts:144:21)

    console.log
      connection error: Error: disconnected from server
          at EventEmitter.<anonymous> (/data/Workspace/helios/starwards/modules/core/src/client/driver.ts:53:58)
          at /data/Workspace/helios/starwards/node_modules/colyseus.js/src/core/signal.ts:15:48
          at Array.forEach (<anonymous>)
          at EventEmitter.invoke (/data/Workspace/helios/starwards/node_modules/colyseus.js/src/core/signal.ts:15:19)
          at Function.register.invoke (/data/Workspace/helios/starwards/node_modules/colyseus.js/src/core/signal.ts:57:81)
          at WebSocket.connection.events.onclose (/data/Workspace/helios/starwards/node_modules/colyseus.js/src/Room.ts:89:30)
          at callListener (/data/Workspace/helios/starwards/node_modules/colyseus.js/node_modules/ws/lib/event-target.js:290:14)
          at WebSocket.onClose (/data/Workspace/helios/starwards/node_modules/colyseus.js/node_modules/ws/lib/event-target.js:220:9)
          at WebSocket.emit (node:events:524:28)
          at WebSocket.emitClose (/data/Workspace/helios/starwards/node_modules/colyseus.js/node_modules/ws/lib/websocket.js:272:10)
          at Socket.socketOnClose (/data/Workspace/helios/starwards/node_modules/colyseus.js/node_modules/ws/lib/websocket.js:1341:15)
          at Socket.emit (node:events:524:28)
          at TCP.<anonymous> (node:net:343:12)

      at ConnectionManager.onConnectionError (modules/core/src/client/connection-manager.ts:144:21)
          at Array.forEach (<anonymous>)

    console.log
      connection error: TypeError: Cannot read properties of undefined (reading 'decoder')
          at wireEvents (/data/Workspace/helios/starwards/node_modules/colyseus-events/src/wire-events.ts:30:40)
          at /data/Workspace/helios/starwards/modules/core/src/client/admin.ts:20:5
          at processTicksAndRejections (node:internal/process/task_queues:95:5)
          at /data/Workspace/helios/starwards/modules/core/src/client/connection-manager.ts:131:21

      at ConnectionManager.onConnectionError (modules/core/src/client/connection-manager.ts:144:21)

    console.log
      connection error: Error: disconnected from server
          at EventEmitter.<anonymous> (/data/Workspace/helios/starwards/modules/core/src/client/driver.ts:53:58)
          at /data/Workspace/helios/starwards/node_modules/colyseus.js/src/core/signal.ts:15:48
          at Array.forEach (<anonymous>)
          at EventEmitter.invoke (/data/Workspace/helios/starwards/node_modules/colyseus.js/src/core/signal.ts:15:19)
          at Function.register.invoke (/data/Workspace/helios/starwards/node_modules/colyseus.js/src/core/signal.ts:57:81)
          at WebSocket.connection.events.onclose (/data/Workspace/helios/starwards/node_modules/colyseus.js/src/Room.ts:89:30)
          at callListener (/data/Workspace/helios/starwards/node_modules/colyseus.js/node_modules/ws/lib/event-target.js:290:14)
          at WebSocket.onClose (/data/Workspace/helios/starwards/node_modules/colyseus.js/node_modules/ws/lib/event-target.js:220:9)
          at WebSocket.emit (node:events:524:28)
          at WebSocket.emitClose (/data/Workspace/helios/starwards/node_modules/colyseus.js/node_modules/ws/lib/websocket.js:272:10)
          at Socket.socketOnClose (/data/Workspace/helios/starwards/node_modules/colyseus.js/node_modules/ws/lib/websocket.js:1341:15)
          at Socket.emit (node:events:524:28)
          at TCP.<anonymous> (node:net:343:12)

      at ConnectionManager.onConnectionError (modules/core/src/client/connection-manager.ts:144:21)
          at Array.forEach (<anonymous>)

    console.log
      connection error: TypeError: Cannot read properties of undefined (reading 'decoder')
          at wireEvents (/data/Workspace/helios/starwards/node_modules/colyseus-events/src/wire-events.ts:30:40)
          at /data/Workspace/helios/starwards/modules/core/src/client/admin.ts:20:5
          at processTicksAndRejections (node:internal/process/task_queues:95:5)
          at /data/Workspace/helios/starwards/modules/core/src/client/connection-manager.ts:131:21

      at ConnectionManager.onConnectionError (modules/core/src/client/connection-manager.ts:144:21)

    console.log
      connection error: Error: disconnected from server
          at EventEmitter.<anonymous> (/data/Workspace/helios/starwards/modules/core/src/client/driver.ts:53:58)
          at /data/Workspace/helios/starwards/node_modules/colyseus.js/src/core/signal.ts:15:48
          at Array.forEach (<anonymous>)
          at EventEmitter.invoke (/data/Workspace/helios/starwards/node_modules/colyseus.js/src/core/signal.ts:15:19)
          at Function.register.invoke (/data/Workspace/helios/starwards/node_modules/colyseus.js/src/core/signal.ts:57:81)
          at WebSocket.connection.events.onclose (/data/Workspace/helios/starwards/node_modules/colyseus.js/src/Room.ts:89:30)
          at callListener (/data/Workspace/helios/starwards/node_modules/colyseus.js/node_modules/ws/lib/event-target.js:290:14)
          at WebSocket.onClose (/data/Workspace/helios/starwards/node_modules/colyseus.js/node_modules/ws/lib/event-target.js:220:9)
          at WebSocket.emit (node:events:524:28)
          at WebSocket.emitClose (/data/Workspace/helios/starwards/node_modules/colyseus.js/node_modules/ws/lib/websocket.js:272:10)
          at Socket.socketOnClose (/data/Workspace/helios/starwards/node_modules/colyseus.js/node_modules/ws/lib/websocket.js:1341:15)
          at Socket.emit (node:events:524:28)
          at TCP.<anonymous> (node:net:343:12)

      at ConnectionManager.onConnectionError (modules/core/src/client/connection-manager.ts:144:21)
          at Array.forEach (<anonymous>)

    console.log
      connection error: TypeError: Cannot read properties of undefined (reading 'decoder')
          at wireEvents (/data/Workspace/helios/starwards/node_modules/colyseus-events/src/wire-events.ts:30:40)
          at /data/Workspace/helios/starwards/modules/core/src/client/admin.ts:20:5
          at processTicksAndRejections (node:internal/process/task_queues:95:5)
          at /data/Workspace/helios/starwards/modules/core/src/client/connection-manager.ts:131:21

      at ConnectionManager.onConnectionError (modules/core/src/client/connection-manager.ts:144:21)

    console.log
      connection error: Error: disconnected from server
          at EventEmitter.<anonymous> (/data/Workspace/helios/starwards/modules/core/src/client/driver.ts:53:58)
          at /data/Workspace/helios/starwards/node_modules/colyseus.js/src/core/signal.ts:15:48
          at Array.forEach (<anonymous>)
          at EventEmitter.invoke (/data/Workspace/helios/starwards/node_modules/colyseus.js/src/core/signal.ts:15:19)
          at Function.register.invoke (/data/Workspace/helios/starwards/node_modules/colyseus.js/src/core/signal.ts:57:81)
          at WebSocket.connection.events.onclose (/data/Workspace/helios/starwards/node_modules/colyseus.js/src/Room.ts:89:30)
          at callListener (/data/Workspace/helios/starwards/node_modules/colyseus.js/node_modules/ws/lib/event-target.js:290:14)
          at WebSocket.onClose (/data/Workspace/helios/starwards/node_modules/colyseus.js/node_modules/ws/lib/event-target.js:220:9)
          at WebSocket.emit (node:events:524:28)
          at WebSocket.emitClose (/data/Workspace/helios/starwards/node_modules/colyseus.js/node_modules/ws/lib/websocket.js:272:10)
          at Socket.socketOnClose (/data/Workspace/helios/starwards/node_modules/colyseus.js/node_modules/ws/lib/websocket.js:1341:15)
          at Socket.emit (node:events:524:28)
          at TCP.<anonymous> (node:net:343:12)

      at ConnectionManager.onConnectionError (modules/core/src/client/connection-manager.ts:144:21)
          at Array.forEach (<anonymous>)

    console.log
      connection error: TypeError: Cannot read properties of undefined (reading 'decoder')
          at wireEvents (/data/Workspace/helios/starwards/node_modules/colyseus-events/src/wire-events.ts:30:40)
          at /data/Workspace/helios/starwards/modules/core/src/client/admin.ts:20:5
          at processTicksAndRejections (node:internal/process/task_queues:95:5)
          at /data/Workspace/helios/starwards/modules/core/src/client/connection-manager.ts:131:21

      at ConnectionManager.onConnectionError (modules/core/src/client/connection-manager.ts:144:21)

    console.log
      connection error: Error: disconnected from server
          at EventEmitter.<anonymous> (/data/Workspace/helios/starwards/modules/core/src/client/driver.ts:53:58)
          at /data/Workspace/helios/starwards/node_modules/colyseus.js/src/core/signal.ts:15:48
          at Array.forEach (<anonymous>)
          at EventEmitter.invoke (/data/Workspace/helios/starwards/node_modules/colyseus.js/src/core/signal.ts:15:19)
          at Function.register.invoke (/data/Workspace/helios/starwards/node_modules/colyseus.js/src/core/signal.ts:57:81)
          at WebSocket.connection.events.onclose (/data/Workspace/helios/starwards/node_modules/colyseus.js/src/Room.ts:89:30)
          at callListener (/data/Workspace/helios/starwards/node_modules/colyseus.js/node_modules/ws/lib/event-target.js:290:14)
          at WebSocket.onClose (/data/Workspace/helios/starwards/node_modules/colyseus.js/node_modules/ws/lib/event-target.js:220:9)
          at WebSocket.emit (node:events:524:28)
          at WebSocket.emitClose (/data/Workspace/helios/starwards/node_modules/colyseus.js/node_modules/ws/lib/websocket.js:272:10)
          at Socket.socketOnClose (/data/Workspace/helios/starwards/node_modules/colyseus.js/node_modules/ws/lib/websocket.js:1341:15)
          at Socket.emit (node:events:524:28)
          at TCP.<anonymous> (node:net:343:12)

      at ConnectionManager.onConnectionError (modules/core/src/client/connection-manager.ts:144:21)
          at Array.forEach (<anonymous>)

    console.log
      connection error: TypeError: Cannot read properties of undefined (reading 'decoder')
          at wireEvents (/data/Workspace/helios/starwards/node_modules/colyseus-events/src/wire-events.ts:30:40)
          at /data/Workspace/helios/starwards/modules/core/src/client/admin.ts:20:5
          at processTicksAndRejections (node:internal/process/task_queues:95:5)
          at /data/Workspace/helios/starwards/modules/core/src/client/connection-manager.ts:131:21

      at ConnectionManager.onConnectionError (modules/core/src/client/connection-manager.ts:144:21)

    console.log
      connection error: Error: disconnected from server
          at EventEmitter.<anonymous> (/data/Workspace/helios/starwards/modules/core/src/client/driver.ts:53:58)
          at /data/Workspace/helios/starwards/node_modules/colyseus.js/src/core/signal.ts:15:48
          at Array.forEach (<anonymous>)
          at EventEmitter.invoke (/data/Workspace/helios/starwards/node_modules/colyseus.js/src/core/signal.ts:15:19)
          at Function.register.invoke (/data/Workspace/helios/starwards/node_modules/colyseus.js/src/core/signal.ts:57:81)
          at WebSocket.connection.events.onclose (/data/Workspace/helios/starwards/node_modules/colyseus.js/src/Room.ts:89:30)
          at callListener (/data/Workspace/helios/starwards/node_modules/colyseus.js/node_modules/ws/lib/event-target.js:290:14)
          at WebSocket.onClose (/data/Workspace/helios/starwards/node_modules/colyseus.js/node_modules/ws/lib/event-target.js:220:9)
          at WebSocket.emit (node:events:524:28)
          at WebSocket.emitClose (/data/Workspace/helios/starwards/node_modules/colyseus.js/node_modules/ws/lib/websocket.js:272:10)
          at Socket.socketOnClose (/data/Workspace/helios/starwards/node_modules/colyseus.js/node_modules/ws/lib/websocket.js:1341:15)
          at Socket.emit (node:events:524:28)
          at TCP.<anonymous> (node:net:343:12)

      at ConnectionManager.onConnectionError (modules/core/src/client/connection-manager.ts:144:21)
          at Array.forEach (<anonymous>)

    console.log
      connection error: TypeError: Cannot read properties of undefined (reading 'decoder')
          at wireEvents (/data/Workspace/helios/starwards/node_modules/colyseus-events/src/wire-events.ts:30:40)
          at /data/Workspace/helios/starwards/modules/core/src/client/admin.ts:20:5
          at processTicksAndRejections (node:internal/process/task_queues:95:5)
          at /data/Workspace/helios/starwards/modules/core/src/client/connection-manager.ts:131:21

      at ConnectionManager.onConnectionError (modules/core/src/client/connection-manager.ts:144:21)

    console.log
      connection error: Error: disconnected from server
          at EventEmitter.<anonymous> (/data/Workspace/helios/starwards/modules/core/src/client/driver.ts:53:58)
          at /data/Workspace/helios/starwards/node_modules/colyseus.js/src/core/signal.ts:15:48
          at Array.forEach (<anonymous>)
          at EventEmitter.invoke (/data/Workspace/helios/starwards/node_modules/colyseus.js/src/core/signal.ts:15:19)
          at Function.register.invoke (/data/Workspace/helios/starwards/node_modules/colyseus.js/src/core/signal.ts:57:81)
          at WebSocket.connection.events.onclose (/data/Workspace/helios/starwards/node_modules/colyseus.js/src/Room.ts:89:30)
          at callListener (/data/Workspace/helios/starwards/node_modules/colyseus.js/node_modules/ws/lib/event-target.js:290:14)
          at WebSocket.onClose (/data/Workspace/helios/starwards/node_modules/colyseus.js/node_modules/ws/lib/event-target.js:220:9)
          at WebSocket.emit (node:events:524:28)
          at WebSocket.emitClose (/data/Workspace/helios/starwards/node_modules/colyseus.js/node_modules/ws/lib/websocket.js:272:10)
          at Socket.socketOnClose (/data/Workspace/helios/starwards/node_modules/colyseus.js/node_modules/ws/lib/websocket.js:1341:15)
          at Socket.emit (node:events:524:28)
          at TCP.<anonymous> (node:net:343:12)

      at ConnectionManager.onConnectionError (modules/core/src/client/connection-manager.ts:144:21)
          at Array.forEach (<anonymous>)

    console.log
      connection error: TypeError: Cannot read properties of undefined (reading 'decoder')
          at wireEvents (/data/Workspace/helios/starwards/node_modules/colyseus-events/src/wire-events.ts:30:40)
          at /data/Workspace/helios/starwards/modules/core/src/client/admin.ts:20:5
          at processTicksAndRejections (node:internal/process/task_queues:95:5)
          at /data/Workspace/helios/starwards/modules/core/src/client/connection-manager.ts:131:21

      at ConnectionManager.onConnectionError (modules/core/src/client/connection-manager.ts:144:21)

    console.log
      connection error: Error: disconnected from server
          at EventEmitter.<anonymous> (/data/Workspace/helios/starwards/modules/core/src/client/driver.ts:53:58)
          at /data/Workspace/helios/starwards/node_modules/colyseus.js/src/core/signal.ts:15:48
          at Array.forEach (<anonymous>)
          at EventEmitter.invoke (/data/Workspace/helios/starwards/node_modules/colyseus.js/src/core/signal.ts:15:19)
          at Function.register.invoke (/data/Workspace/helios/starwards/node_modules/colyseus.js/src/core/signal.ts:57:81)
          at WebSocket.connection.events.onclose (/data/Workspace/helios/starwards/node_modules/colyseus.js/src/Room.ts:89:30)
          at callListener (/data/Workspace/helios/starwards/node_modules/colyseus.js/node_modules/ws/lib/event-target.js:290:14)
          at WebSocket.onClose (/data/Workspace/helios/starwards/node_modules/colyseus.js/node_modules/ws/lib/event-target.js:220:9)
          at WebSocket.emit (node:events:524:28)
          at WebSocket.emitClose (/data/Workspace/helios/starwards/node_modules/colyseus.js/node_modules/ws/lib/websocket.js:272:10)
          at Socket.socketOnClose (/data/Workspace/helios/starwards/node_modules/colyseus.js/node_modules/ws/lib/websocket.js:1341:15)
          at Socket.emit (node:events:524:28)
          at TCP.<anonymous> (node:net:343:12)

      at ConnectionManager.onConnectionError (modules/core/src/client/connection-manager.ts:144:21)
          at Array.forEach (<anonymous>)

    console.log
      connection error: TypeError: Cannot read properties of undefined (reading 'decoder')
          at wireEvents (/data/Workspace/helios/starwards/node_modules/colyseus-events/src/wire-events.ts:30:40)
          at /data/Workspace/helios/starwards/modules/core/src/client/admin.ts:20:5
          at processTicksAndRejections (node:internal/process/task_queues:95:5)
          at /data/Workspace/helios/starwards/modules/core/src/client/connection-manager.ts:131:21

      at ConnectionManager.onConnectionError (modules/core/src/client/connection-manager.ts:144:21)

    console.log
      connection error: Error: disconnected from server
          at EventEmitter.<anonymous> (/data/Workspace/helios/starwards/modules/core/src/client/driver.ts:53:58)
          at /data/Workspace/helios/starwards/node_modules/colyseus.js/src/core/signal.ts:15:48
          at Array.forEach (<anonymous>)
          at EventEmitter.invoke (/data/Workspace/helios/starwards/node_modules/colyseus.js/src/core/signal.ts:15:19)
          at Function.register.invoke (/data/Workspace/helios/starwards/node_modules/colyseus.js/src/core/signal.ts:57:81)
          at WebSocket.connection.events.onclose (/data/Workspace/helios/starwards/node_modules/colyseus.js/src/Room.ts:89:30)
          at callListener (/data/Workspace/helios/starwards/node_modules/colyseus.js/node_modules/ws/lib/event-target.js:290:14)
          at WebSocket.onClose (/data/Workspace/helios/starwards/node_modules/colyseus.js/node_modules/ws/lib/event-target.js:220:9)
          at WebSocket.emit (node:events:524:28)
          at WebSocket.emitClose (/data/Workspace/helios/starwards/node_modules/colyseus.js/node_modules/ws/lib/websocket.js:272:10)
          at Socket.socketOnClose (/data/Workspace/helios/starwards/node_modules/colyseus.js/node_modules/ws/lib/websocket.js:1341:15)
          at Socket.emit (node:events:524:28)
          at TCP.<anonymous> (node:net:343:12)

      at ConnectionManager.onConnectionError (modules/core/src/client/connection-manager.ts:144:21)
          at Array.forEach (<anonymous>)

    console.log
      connection error: TypeError: Cannot read properties of undefined (reading 'decoder')
          at wireEvents (/data/Workspace/helios/starwards/node_modules/colyseus-events/src/wire-events.ts:30:40)
          at /data/Workspace/helios/starwards/modules/core/src/client/admin.ts:20:5
          at processTicksAndRejections (node:internal/process/task_queues:95:5)
          at /data/Workspace/helios/starwards/modules/core/src/client/connection-manager.ts:131:21

      at ConnectionManager.onConnectionError (modules/core/src/client/connection-manager.ts:144:21)

    console.log
      connection error: Error: disconnected from server
          at EventEmitter.<anonymous> (/data/Workspace/helios/starwards/modules/core/src/client/driver.ts:53:58)
          at /data/Workspace/helios/starwards/node_modules/colyseus.js/src/core/signal.ts:15:48
          at Array.forEach (<anonymous>)
          at EventEmitter.invoke (/data/Workspace/helios/starwards/node_modules/colyseus.js/src/core/signal.ts:15:19)
          at Function.register.invoke (/data/Workspace/helios/starwards/node_modules/colyseus.js/src/core/signal.ts:57:81)
          at WebSocket.connection.events.onclose (/data/Workspace/helios/starwards/node_modules/colyseus.js/src/Room.ts:89:30)
          at callListener (/data/Workspace/helios/starwards/node_modules/colyseus.js/node_modules/ws/lib/event-target.js:290:14)
          at WebSocket.onClose (/data/Workspace/helios/starwards/node_modules/colyseus.js/node_modules/ws/lib/event-target.js:220:9)
          at WebSocket.emit (node:events:524:28)
          at WebSocket.emitClose (/data/Workspace/helios/starwards/node_modules/colyseus.js/node_modules/ws/lib/websocket.js:272:10)
          at Socket.socketOnClose (/data/Workspace/helios/starwards/node_modules/colyseus.js/node_modules/ws/lib/websocket.js:1341:15)
          at Socket.emit (node:events:524:28)
          at TCP.<anonymous> (node:net:343:12)

      at ConnectionManager.onConnectionError (modules/core/src/client/connection-manager.ts:144:21)
          at Array.forEach (<anonymous>)

    console.log
      connection error: TypeError: Cannot read properties of undefined (reading 'decoder')
          at wireEvents (/data/Workspace/helios/starwards/node_modules/colyseus-events/src/wire-events.ts:30:40)
          at /data/Workspace/helios/starwards/modules/core/src/client/admin.ts:20:5
          at processTicksAndRejections (node:internal/process/task_queues:95:5)
          at /data/Workspace/helios/starwards/modules/core/src/client/connection-manager.ts:131:21

      at ConnectionManager.onConnectionError (modules/core/src/client/connection-manager.ts:144:21)

    console.log
      connection error: Error: disconnected from server
          at EventEmitter.<anonymous> (/data/Workspace/helios/starwards/modules/core/src/client/driver.ts:53:58)
          at /data/Workspace/helios/starwards/node_modules/colyseus.js/src/core/signal.ts:15:48
          at Array.forEach (<anonymous>)
          at EventEmitter.invoke (/data/Workspace/helios/starwards/node_modules/colyseus.js/src/core/signal.ts:15:19)
          at Function.register.invoke (/data/Workspace/helios/starwards/node_modules/colyseus.js/src/core/signal.ts:57:81)
          at WebSocket.connection.events.onclose (/data/Workspace/helios/starwards/node_modules/colyseus.js/src/Room.ts:89:30)
          at callListener (/data/Workspace/helios/starwards/node_modules/colyseus.js/node_modules/ws/lib/event-target.js:290:14)
          at WebSocket.onClose (/data/Workspace/helios/starwards/node_modules/colyseus.js/node_modules/ws/lib/event-target.js:220:9)
          at WebSocket.emit (node:events:524:28)
          at WebSocket.emitClose (/data/Workspace/helios/starwards/node_modules/colyseus.js/node_modules/ws/lib/websocket.js:272:10)
          at Socket.socketOnClose (/data/Workspace/helios/starwards/node_modules/colyseus.js/node_modules/ws/lib/websocket.js:1341:15)
          at Socket.emit (node:events:524:28)
          at TCP.<anonymous> (node:net:343:12)

      at ConnectionManager.onConnectionError (modules/core/src/client/connection-manager.ts:144:21)
          at Array.forEach (<anonymous>)

    console.log
      connection error: TypeError: Cannot read properties of undefined (reading 'decoder')
          at wireEvents (/data/Workspace/helios/starwards/node_modules/colyseus-events/src/wire-events.ts:30:40)
          at /data/Workspace/helios/starwards/modules/core/src/client/admin.ts:20:5
          at processTicksAndRejections (node:internal/process/task_queues:95:5)
          at /data/Workspace/helios/starwards/modules/core/src/client/connection-manager.ts:131:21

      at ConnectionManager.onConnectionError (modules/core/src/client/connection-manager.ts:144:21)

    console.log
      connection error: Error: disconnected from server
          at EventEmitter.<anonymous> (/data/Workspace/helios/starwards/modules/core/src/client/driver.ts:53:58)
          at /data/Workspace/helios/starwards/node_modules/colyseus.js/src/core/signal.ts:15:48
          at Array.forEach (<anonymous>)
          at EventEmitter.invoke (/data/Workspace/helios/starwards/node_modules/colyseus.js/src/core/signal.ts:15:19)
          at Function.register.invoke (/data/Workspace/helios/starwards/node_modules/colyseus.js/src/core/signal.ts:57:81)
          at WebSocket.connection.events.onclose (/data/Workspace/helios/starwards/node_modules/colyseus.js/src/Room.ts:89:30)
          at callListener (/data/Workspace/helios/starwards/node_modules/colyseus.js/node_modules/ws/lib/event-target.js:290:14)
          at WebSocket.onClose (/data/Workspace/helios/starwards/node_modules/colyseus.js/node_modules/ws/lib/event-target.js:220:9)
          at WebSocket.emit (node:events:524:28)
          at WebSocket.emitClose (/data/Workspace/helios/starwards/node_modules/colyseus.js/node_modules/ws/lib/websocket.js:272:10)
          at Socket.socketOnClose (/data/Workspace/helios/starwards/node_modules/colyseus.js/node_modules/ws/lib/websocket.js:1341:15)
          at Socket.emit (node:events:524:28)
          at TCP.<anonymous> (node:net:343:12)

      at ConnectionManager.onConnectionError (modules/core/src/client/connection-manager.ts:144:21)
          at Array.forEach (<anonymous>)

    console.log
      connection error: TypeError: Cannot read properties of undefined (reading 'decoder')
          at wireEvents (/data/Workspace/helios/starwards/node_modules/colyseus-events/src/wire-events.ts:30:40)
          at /data/Workspace/helios/starwards/modules/core/src/client/admin.ts:20:5
          at processTicksAndRejections (node:internal/process/task_queues:95:5)
          at /data/Workspace/helios/starwards/modules/core/src/client/connection-manager.ts:131:21

      at ConnectionManager.onConnectionError (modules/core/src/client/connection-manager.ts:144:21)

    console.log
      connection error: Error: disconnected from server
          at EventEmitter.<anonymous> (/data/Workspace/helios/starwards/modules/core/src/client/driver.ts:53:58)
          at /data/Workspace/helios/starwards/node_modules/colyseus.js/src/core/signal.ts:15:48
          at Array.forEach (<anonymous>)
          at EventEmitter.invoke (/data/Workspace/helios/starwards/node_modules/colyseus.js/src/core/signal.ts:15:19)
          at Function.register.invoke (/data/Workspace/helios/starwards/node_modules/colyseus.js/src/core/signal.ts:57:81)
          at WebSocket.connection.events.onclose (/data/Workspace/helios/starwards/node_modules/colyseus.js/src/Room.ts:89:30)
          at callListener (/data/Workspace/helios/starwards/node_modules/colyseus.js/node_modules/ws/lib/event-target.js:290:14)
          at WebSocket.onClose (/data/Workspace/helios/starwards/node_modules/colyseus.js/node_modules/ws/lib/event-target.js:220:9)
          at WebSocket.emit (node:events:524:28)
          at WebSocket.emitClose (/data/Workspace/helios/starwards/node_modules/colyseus.js/node_modules/ws/lib/websocket.js:272:10)
          at Socket.socketOnClose (/data/Workspace/helios/starwards/node_modules/colyseus.js/node_modules/ws/lib/websocket.js:1341:15)
          at Socket.emit (node:events:524:28)
          at TCP.<anonymous> (node:net:343:12)

      at ConnectionManager.onConnectionError (modules/core/src/client/connection-manager.ts:144:21)
          at Array.forEach (<anonymous>)

    console.log
      connection error: TypeError: Cannot read properties of undefined (reading 'decoder')
          at wireEvents (/data/Workspace/helios/starwards/node_modules/colyseus-events/src/wire-events.ts:30:40)
          at /data/Workspace/helios/starwards/modules/core/src/client/admin.ts:20:5
          at processTicksAndRejections (node:internal/process/task_queues:95:5)
          at /data/Workspace/helios/starwards/modules/core/src/client/connection-manager.ts:131:21

      at ConnectionManager.onConnectionError (modules/core/src/client/connection-manager.ts:144:21)

    console.log
      connection error: Error: disconnected from server
          at EventEmitter.<anonymous> (/data/Workspace/helios/starwards/modules/core/src/client/driver.ts:53:58)
          at /data/Workspace/helios/starwards/node_modules/colyseus.js/src/core/signal.ts:15:48
          at Array.forEach (<anonymous>)
          at EventEmitter.invoke (/data/Workspace/helios/starwards/node_modules/colyseus.js/src/core/signal.ts:15:19)
          at Function.register.invoke (/data/Workspace/helios/starwards/node_modules/colyseus.js/src/core/signal.ts:57:81)
          at WebSocket.connection.events.onclose (/data/Workspace/helios/starwards/node_modules/colyseus.js/src/Room.ts:89:30)
          at callListener (/data/Workspace/helios/starwards/node_modules/colyseus.js/node_modules/ws/lib/event-target.js:290:14)
          at WebSocket.onClose (/data/Workspace/helios/starwards/node_modules/colyseus.js/node_modules/ws/lib/event-target.js:220:9)
          at WebSocket.emit (node:events:524:28)
          at WebSocket.emitClose (/data/Workspace/helios/starwards/node_modules/colyseus.js/node_modules/ws/lib/websocket.js:272:10)
          at Socket.socketOnClose (/data/Workspace/helios/starwards/node_modules/colyseus.js/node_modules/ws/lib/websocket.js:1341:15)
          at Socket.emit (node:events:524:28)
          at TCP.<anonymous> (node:net:343:12)

      at ConnectionManager.onConnectionError (modules/core/src/client/connection-manager.ts:144:21)
          at Array.forEach (<anonymous>)

    console.log
      connection error: TypeError: Cannot read properties of undefined (reading 'decoder')
          at wireEvents (/data/Workspace/helios/starwards/node_modules/colyseus-events/src/wire-events.ts:30:40)
          at /data/Workspace/helios/starwards/modules/core/src/client/admin.ts:20:5
          at processTicksAndRejections (node:internal/process/task_queues:95:5)
          at /data/Workspace/helios/starwards/modules/core/src/client/connection-manager.ts:131:21

      at ConnectionManager.onConnectionError (modules/core/src/client/connection-manager.ts:144:21)

    console.log
      connection error: Error: disconnected from server
          at EventEmitter.<anonymous> (/data/Workspace/helios/starwards/modules/core/src/client/driver.ts:53:58)
          at /data/Workspace/helios/starwards/node_modules/colyseus.js/src/core/signal.ts:15:48
          at Array.forEach (<anonymous>)
          at EventEmitter.invoke (/data/Workspace/helios/starwards/node_modules/colyseus.js/src/core/signal.ts:15:19)
          at Function.register.invoke (/data/Workspace/helios/starwards/node_modules/colyseus.js/src/core/signal.ts:57:81)
          at WebSocket.connection.events.onclose (/data/Workspace/helios/starwards/node_modules/colyseus.js/src/Room.ts:89:30)
          at callListener (/data/Workspace/helios/starwards/node_modules/colyseus.js/node_modules/ws/lib/event-target.js:290:14)
          at WebSocket.onClose (/data/Workspace/helios/starwards/node_modules/colyseus.js/node_modules/ws/lib/event-target.js:220:9)
          at WebSocket.emit (node:events:524:28)
          at WebSocket.emitClose (/data/Workspace/helios/starwards/node_modules/colyseus.js/node_modules/ws/lib/websocket.js:272:10)
          at Socket.socketOnClose (/data/Workspace/helios/starwards/node_modules/colyseus.js/node_modules/ws/lib/websocket.js:1341:15)
          at Socket.emit (node:events:524:28)
          at TCP.<anonymous> (node:net:343:12)

      at ConnectionManager.onConnectionError (modules/core/src/client/connection-manager.ts:144:21)
          at Array.forEach (<anonymous>)

    console.log
      connection error: TypeError: Cannot read properties of undefined (reading 'decoder')
          at wireEvents (/data/Workspace/helios/starwards/node_modules/colyseus-events/src/wire-events.ts:30:40)
          at /data/Workspace/helios/starwards/modules/core/src/client/admin.ts:20:5
          at processTicksAndRejections (node:internal/process/task_queues:95:5)
          at /data/Workspace/helios/starwards/modules/core/src/client/connection-manager.ts:131:21

      at ConnectionManager.onConnectionError (modules/core/src/client/connection-manager.ts:144:21)

    console.log
      connection error: Error: disconnected from server
          at EventEmitter.<anonymous> (/data/Workspace/helios/starwards/modules/core/src/client/driver.ts:53:58)
          at /data/Workspace/helios/starwards/node_modules/colyseus.js/src/core/signal.ts:15:48
          at Array.forEach (<anonymous>)
          at EventEmitter.invoke (/data/Workspace/helios/starwards/node_modules/colyseus.js/src/core/signal.ts:15:19)
          at Function.register.invoke (/data/Workspace/helios/starwards/node_modules/colyseus.js/src/core/signal.ts:57:81)
          at WebSocket.connection.events.onclose (/data/Workspace/helios/starwards/node_modules/colyseus.js/src/Room.ts:89:30)
          at callListener (/data/Workspace/helios/starwards/node_modules/colyseus.js/node_modules/ws/lib/event-target.js:290:14)
          at WebSocket.onClose (/data/Workspace/helios/starwards/node_modules/colyseus.js/node_modules/ws/lib/event-target.js:220:9)
          at WebSocket.emit (node:events:524:28)
          at WebSocket.emitClose (/data/Workspace/helios/starwards/node_modules/colyseus.js/node_modules/ws/lib/websocket.js:272:10)
          at Socket.socketOnClose (/data/Workspace/helios/starwards/node_modules/colyseus.js/node_modules/ws/lib/websocket.js:1341:15)
          at Socket.emit (node:events:524:28)
          at TCP.<anonymous> (node:net:343:12)

      at ConnectionManager.onConnectionError (modules/core/src/client/connection-manager.ts:144:21)
          at Array.forEach (<anonymous>)

    console.log
      connection error: TypeError: Cannot read properties of undefined (reading 'decoder')
          at wireEvents (/data/Workspace/helios/starwards/node_modules/colyseus-events/src/wire-events.ts:30:40)
          at /data/Workspace/helios/starwards/modules/core/src/client/admin.ts:20:5
          at processTicksAndRejections (node:internal/process/task_queues:95:5)
          at /data/Workspace/helios/starwards/modules/core/src/client/connection-manager.ts:131:21

      at ConnectionManager.onConnectionError (modules/core/src/client/connection-manager.ts:144:21)

    console.log
      connection error: Error: disconnected from server
          at EventEmitter.<anonymous> (/data/Workspace/helios/starwards/modules/core/src/client/driver.ts:53:58)
          at /data/Workspace/helios/starwards/node_modules/colyseus.js/src/core/signal.ts:15:48
          at Array.forEach (<anonymous>)
          at EventEmitter.invoke (/data/Workspace/helios/starwards/node_modules/colyseus.js/src/core/signal.ts:15:19)
          at Function.register.invoke (/data/Workspace/helios/starwards/node_modules/colyseus.js/src/core/signal.ts:57:81)
          at WebSocket.connection.events.onclose (/data/Workspace/helios/starwards/node_modules/colyseus.js/src/Room.ts:89:30)
          at callListener (/data/Workspace/helios/starwards/node_modules/colyseus.js/node_modules/ws/lib/event-target.js:290:14)
          at WebSocket.onClose (/data/Workspace/helios/starwards/node_modules/colyseus.js/node_modules/ws/lib/event-target.js:220:9)
          at WebSocket.emit (node:events:524:28)
          at WebSocket.emitClose (/data/Workspace/helios/starwards/node_modules/colyseus.js/node_modules/ws/lib/websocket.js:272:10)
          at Socket.socketOnClose (/data/Workspace/helios/starwards/node_modules/colyseus.js/node_modules/ws/lib/websocket.js:1341:15)
          at Socket.emit (node:events:524:28)
          at TCP.<anonymous> (node:net:343:12)

      at ConnectionManager.onConnectionError (modules/core/src/client/connection-manager.ts:144:21)
          at Array.forEach (<anonymous>)

    console.log
      connection error: TypeError: Cannot read properties of undefined (reading 'decoder')
          at wireEvents (/data/Workspace/helios/starwards/node_modules/colyseus-events/src/wire-events.ts:30:40)
          at /data/Workspace/helios/starwards/modules/core/src/client/admin.ts:20:5
          at processTicksAndRejections (node:internal/process/task_queues:95:5)
          at /data/Workspace/helios/starwards/modules/core/src/client/connection-manager.ts:131:21

      at ConnectionManager.onConnectionError (modules/core/src/client/connection-manager.ts:144:21)

    console.log
      connection error: Error: disconnected from server
          at EventEmitter.<anonymous> (/data/Workspace/helios/starwards/modules/core/src/client/driver.ts:53:58)
          at /data/Workspace/helios/starwards/node_modules/colyseus.js/src/core/signal.ts:15:48
          at Array.forEach (<anonymous>)
          at EventEmitter.invoke (/data/Workspace/helios/starwards/node_modules/colyseus.js/src/core/signal.ts:15:19)
          at Function.register.invoke (/data/Workspace/helios/starwards/node_modules/colyseus.js/src/core/signal.ts:57:81)
          at WebSocket.connection.events.onclose (/data/Workspace/helios/starwards/node_modules/colyseus.js/src/Room.ts:89:30)
          at callListener (/data/Workspace/helios/starwards/node_modules/colyseus.js/node_modules/ws/lib/event-target.js:290:14)
          at WebSocket.onClose (/data/Workspace/helios/starwards/node_modules/colyseus.js/node_modules/ws/lib/event-target.js:220:9)
          at WebSocket.emit (node:events:524:28)
          at WebSocket.emitClose (/data/Workspace/helios/starwards/node_modules/colyseus.js/node_modules/ws/lib/websocket.js:272:10)
          at Socket.socketOnClose (/data/Workspace/helios/starwards/node_modules/colyseus.js/node_modules/ws/lib/websocket.js:1341:15)
          at Socket.emit (node:events:524:28)
          at TCP.<anonymous> (node:net:343:12)

      at ConnectionManager.onConnectionError (modules/core/src/client/connection-manager.ts:144:21)
          at Array.forEach (<anonymous>)

    console.log
      connection error: TypeError: Cannot read properties of undefined (reading 'decoder')
          at wireEvents (/data/Workspace/helios/starwards/node_modules/colyseus-events/src/wire-events.ts:30:40)
          at /data/Workspace/helios/starwards/modules/core/src/client/admin.ts:20:5
          at processTicksAndRejections (node:internal/process/task_queues:95:5)
          at /data/Workspace/helios/starwards/modules/core/src/client/connection-manager.ts:131:21

      at ConnectionManager.onConnectionError (modules/core/src/client/connection-manager.ts:144:21)

    console.log
      connection error: Error: disconnected from server
          at EventEmitter.<anonymous> (/data/Workspace/helios/starwards/modules/core/src/client/driver.ts:53:58)
          at /data/Workspace/helios/starwards/node_modules/colyseus.js/src/core/signal.ts:15:48
          at Array.forEach (<anonymous>)
          at EventEmitter.invoke (/data/Workspace/helios/starwards/node_modules/colyseus.js/src/core/signal.ts:15:19)
          at Function.register.invoke (/data/Workspace/helios/starwards/node_modules/colyseus.js/src/core/signal.ts:57:81)
          at WebSocket.connection.events.onclose (/data/Workspace/helios/starwards/node_modules/colyseus.js/src/Room.ts:89:30)
          at callListener (/data/Workspace/helios/starwards/node_modules/colyseus.js/node_modules/ws/lib/event-target.js:290:14)
          at WebSocket.onClose (/data/Workspace/helios/starwards/node_modules/colyseus.js/node_modules/ws/lib/event-target.js:220:9)
          at WebSocket.emit (node:events:524:28)
          at WebSocket.emitClose (/data/Workspace/helios/starwards/node_modules/colyseus.js/node_modules/ws/lib/websocket.js:272:10)
          at Socket.socketOnClose (/data/Workspace/helios/starwards/node_modules/colyseus.js/node_modules/ws/lib/websocket.js:1341:15)
          at Socket.emit (node:events:524:28)
          at TCP.<anonymous> (node:net:343:12)

      at ConnectionManager.onConnectionError (modules/core/src/client/connection-manager.ts:144:21)
          at Array.forEach (<anonymous>)

    console.log
      connection error: TypeError: Cannot read properties of undefined (reading 'decoder')
          at wireEvents (/data/Workspace/helios/starwards/node_modules/colyseus-events/src/wire-events.ts:30:40)
          at /data/Workspace/helios/starwards/modules/core/src/client/admin.ts:20:5
          at processTicksAndRejections (node:internal/process/task_queues:95:5)
          at /data/Workspace/helios/starwards/modules/core/src/client/connection-manager.ts:131:21

      at ConnectionManager.onConnectionError (modules/core/src/client/connection-manager.ts:144:21)

    console.log
      connection error: Error: disconnected from server
          at EventEmitter.<anonymous> (/data/Workspace/helios/starwards/modules/core/src/client/driver.ts:53:58)
          at /data/Workspace/helios/starwards/node_modules/colyseus.js/src/core/signal.ts:15:48
          at Array.forEach (<anonymous>)
          at EventEmitter.invoke (/data/Workspace/helios/starwards/node_modules/colyseus.js/src/core/signal.ts:15:19)
          at Function.register.invoke (/data/Workspace/helios/starwards/node_modules/colyseus.js/src/core/signal.ts:57:81)
          at WebSocket.connection.events.onclose (/data/Workspace/helios/starwards/node_modules/colyseus.js/src/Room.ts:89:30)
          at callListener (/data/Workspace/helios/starwards/node_modules/colyseus.js/node_modules/ws/lib/event-target.js:290:14)
          at WebSocket.onClose (/data/Workspace/helios/starwards/node_modules/colyseus.js/node_modules/ws/lib/event-target.js:220:9)
          at WebSocket.emit (node:events:524:28)
          at WebSocket.emitClose (/data/Workspace/helios/starwards/node_modules/colyseus.js/node_modules/ws/lib/websocket.js:272:10)
          at Socket.socketOnClose (/data/Workspace/helios/starwards/node_modules/colyseus.js/node_modules/ws/lib/websocket.js:1341:15)
          at Socket.emit (node:events:524:28)
          at TCP.<anonymous> (node:net:343:12)

      at ConnectionManager.onConnectionError (modules/core/src/client/connection-manager.ts:144:21)
          at Array.forEach (<anonymous>)

    console.log
      connection error: TypeError: Cannot read properties of undefined (reading 'decoder')
          at wireEvents (/data/Workspace/helios/starwards/node_modules/colyseus-events/src/wire-events.ts:30:40)
          at /data/Workspace/helios/starwards/modules/core/src/client/admin.ts:20:5
          at processTicksAndRejections (node:internal/process/task_queues:95:5)
          at /data/Workspace/helios/starwards/modules/core/src/client/connection-manager.ts:131:21

      at ConnectionManager.onConnectionError (modules/core/src/client/connection-manager.ts:144:21)

    console.log
      connection error: Error: disconnected from server
          at EventEmitter.<anonymous> (/data/Workspace/helios/starwards/modules/core/src/client/driver.ts:53:58)
          at /data/Workspace/helios/starwards/node_modules/colyseus.js/src/core/signal.ts:15:48
          at Array.forEach (<anonymous>)
          at EventEmitter.invoke (/data/Workspace/helios/starwards/node_modules/colyseus.js/src/core/signal.ts:15:19)
          at Function.register.invoke (/data/Workspace/helios/starwards/node_modules/colyseus.js/src/core/signal.ts:57:81)
          at WebSocket.connection.events.onclose (/data/Workspace/helios/starwards/node_modules/colyseus.js/src/Room.ts:89:30)
          at callListener (/data/Workspace/helios/starwards/node_modules/colyseus.js/node_modules/ws/lib/event-target.js:290:14)
          at WebSocket.onClose (/data/Workspace/helios/starwards/node_modules/colyseus.js/node_modules/ws/lib/event-target.js:220:9)
          at WebSocket.emit (node:events:524:28)
          at WebSocket.emitClose (/data/Workspace/helios/starwards/node_modules/colyseus.js/node_modules/ws/lib/websocket.js:272:10)
          at Socket.socketOnClose (/data/Workspace/helios/starwards/node_modules/colyseus.js/node_modules/ws/lib/websocket.js:1341:15)
          at Socket.emit (node:events:524:28)
          at TCP.<anonymous> (node:net:343:12)

      at ConnectionManager.onConnectionError (modules/core/src/client/connection-manager.ts:144:21)
          at Array.forEach (<anonymous>)

    console.log
      connection error: TypeError: Cannot read properties of undefined (reading 'decoder')
          at wireEvents (/data/Workspace/helios/starwards/node_modules/colyseus-events/src/wire-events.ts:30:40)
          at /data/Workspace/helios/starwards/modules/core/src/client/admin.ts:20:5
          at processTicksAndRejections (node:internal/process/task_queues:95:5)
          at /data/Workspace/helios/starwards/modules/core/src/client/connection-manager.ts:131:21

      at ConnectionManager.onConnectionError (modules/core/src/client/connection-manager.ts:144:21)

    console.log
      connection error: Error: disconnected from server
          at EventEmitter.<anonymous> (/data/Workspace/helios/starwards/modules/core/src/client/driver.ts:53:58)
          at /data/Workspace/helios/starwards/node_modules/colyseus.js/src/core/signal.ts:15:48
          at Array.forEach (<anonymous>)
          at EventEmitter.invoke (/data/Workspace/helios/starwards/node_modules/colyseus.js/src/core/signal.ts:15:19)
          at Function.register.invoke (/data/Workspace/helios/starwards/node_modules/colyseus.js/src/core/signal.ts:57:81)
          at WebSocket.connection.events.onclose (/data/Workspace/helios/starwards/node_modules/colyseus.js/src/Room.ts:89:30)
          at callListener (/data/Workspace/helios/starwards/node_modules/colyseus.js/node_modules/ws/lib/event-target.js:290:14)
          at WebSocket.onClose (/data/Workspace/helios/starwards/node_modules/colyseus.js/node_modules/ws/lib/event-target.js:220:9)
          at WebSocket.emit (node:events:524:28)
          at WebSocket.emitClose (/data/Workspace/helios/starwards/node_modules/colyseus.js/node_modules/ws/lib/websocket.js:272:10)
          at Socket.socketOnClose (/data/Workspace/helios/starwards/node_modules/colyseus.js/node_modules/ws/lib/websocket.js:1341:15)
          at Socket.emit (node:events:524:28)
          at TCP.<anonymous> (node:net:343:12)

      at ConnectionManager.onConnectionError (modules/core/src/client/connection-manager.ts:144:21)
          at Array.forEach (<anonymous>)

    console.log
      connection error: TypeError: Cannot read properties of undefined (reading 'decoder')
          at wireEvents (/data/Workspace/helios/starwards/node_modules/colyseus-events/src/wire-events.ts:30:40)
          at /data/Workspace/helios/starwards/modules/core/src/client/admin.ts:20:5
          at processTicksAndRejections (node:internal/process/task_queues:95:5)
          at /data/Workspace/helios/starwards/modules/core/src/client/connection-manager.ts:131:21

      at ConnectionManager.onConnectionError (modules/core/src/client/connection-manager.ts:144:21)

    console.log
      connection error: Error: disconnected from server
          at EventEmitter.<anonymous> (/data/Workspace/helios/starwards/modules/core/src/client/driver.ts:53:58)
          at /data/Workspace/helios/starwards/node_modules/colyseus.js/src/core/signal.ts:15:48
          at Array.forEach (<anonymous>)
          at EventEmitter.invoke (/data/Workspace/helios/starwards/node_modules/colyseus.js/src/core/signal.ts:15:19)
          at Function.register.invoke (/data/Workspace/helios/starwards/node_modules/colyseus.js/src/core/signal.ts:57:81)
          at WebSocket.connection.events.onclose (/data/Workspace/helios/starwards/node_modules/colyseus.js/src/Room.ts:89:30)
          at callListener (/data/Workspace/helios/starwards/node_modules/colyseus.js/node_modules/ws/lib/event-target.js:290:14)
          at WebSocket.onClose (/data/Workspace/helios/starwards/node_modules/colyseus.js/node_modules/ws/lib/event-target.js:220:9)
          at WebSocket.emit (node:events:524:28)
          at WebSocket.emitClose (/data/Workspace/helios/starwards/node_modules/colyseus.js/node_modules/ws/lib/websocket.js:272:10)
          at Socket.socketOnClose (/data/Workspace/helios/starwards/node_modules/colyseus.js/node_modules/ws/lib/websocket.js:1341:15)
          at Socket.emit (node:events:524:28)
          at TCP.<anonymous> (node:net:343:12)

      at ConnectionManager.onConnectionError (modules/core/src/client/connection-manager.ts:144:21)
          at Array.forEach (<anonymous>)

    console.log
      connection error: TypeError: Cannot read properties of undefined (reading 'decoder')
          at wireEvents (/data/Workspace/helios/starwards/node_modules/colyseus-events/src/wire-events.ts:30:40)
          at /data/Workspace/helios/starwards/modules/core/src/client/admin.ts:20:5
          at processTicksAndRejections (node:internal/process/task_queues:95:5)
          at /data/Workspace/helios/starwards/modules/core/src/client/connection-manager.ts:131:21

      at ConnectionManager.onConnectionError (modules/core/src/client/connection-manager.ts:144:21)

    console.log
      connection error: Error: disconnected from server
          at EventEmitter.<anonymous> (/data/Workspace/helios/starwards/modules/core/src/client/driver.ts:53:58)
          at /data/Workspace/helios/starwards/node_modules/colyseus.js/src/core/signal.ts:15:48
          at Array.forEach (<anonymous>)
          at EventEmitter.invoke (/data/Workspace/helios/starwards/node_modules/colyseus.js/src/core/signal.ts:15:19)
          at Function.register.invoke (/data/Workspace/helios/starwards/node_modules/colyseus.js/src/core/signal.ts:57:81)
          at WebSocket.connection.events.onclose (/data/Workspace/helios/starwards/node_modules/colyseus.js/src/Room.ts:89:30)
          at callListener (/data/Workspace/helios/starwards/node_modules/colyseus.js/node_modules/ws/lib/event-target.js:290:14)
          at WebSocket.onClose (/data/Workspace/helios/starwards/node_modules/colyseus.js/node_modules/ws/lib/event-target.js:220:9)
          at WebSocket.emit (node:events:524:28)
          at WebSocket.emitClose (/data/Workspace/helios/starwards/node_modules/colyseus.js/node_modules/ws/lib/websocket.js:272:10)
          at Socket.socketOnClose (/data/Workspace/helios/starwards/node_modules/colyseus.js/node_modules/ws/lib/websocket.js:1341:15)
          at Socket.emit (node:events:524:28)
          at TCP.<anonymous> (node:net:343:12)

      at ConnectionManager.onConnectionError (modules/core/src/client/connection-manager.ts:144:21)
          at Array.forEach (<anonymous>)

    console.log
      connection error: TypeError: Cannot read properties of undefined (reading 'decoder')
          at wireEvents (/data/Workspace/helios/starwards/node_modules/colyseus-events/src/wire-events.ts:30:40)
          at /data/Workspace/helios/starwards/modules/core/src/client/admin.ts:20:5
          at processTicksAndRejections (node:internal/process/task_queues:95:5)
          at /data/Workspace/helios/starwards/modules/core/src/client/connection-manager.ts:131:21

      at ConnectionManager.onConnectionError (modules/core/src/client/connection-manager.ts:144:21)

    console.log
      connection error: Error: disconnected from server
          at EventEmitter.<anonymous> (/data/Workspace/helios/starwards/modules/core/src/client/driver.ts:53:58)
          at /data/Workspace/helios/starwards/node_modules/colyseus.js/src/core/signal.ts:15:48
          at Array.forEach (<anonymous>)
          at EventEmitter.invoke (/data/Workspace/helios/starwards/node_modules/colyseus.js/src/core/signal.ts:15:19)
          at Function.register.invoke (/data/Workspace/helios/starwards/node_modules/colyseus.js/src/core/signal.ts:57:81)
          at WebSocket.connection.events.onclose (/data/Workspace/helios/starwards/node_modules/colyseus.js/src/Room.ts:89:30)
          at callListener (/data/Workspace/helios/starwards/node_modules/colyseus.js/node_modules/ws/lib/event-target.js:290:14)
          at WebSocket.onClose (/data/Workspace/helios/starwards/node_modules/colyseus.js/node_modules/ws/lib/event-target.js:220:9)
          at WebSocket.emit (node:events:524:28)
          at WebSocket.emitClose (/data/Workspace/helios/starwards/node_modules/colyseus.js/node_modules/ws/lib/websocket.js:272:10)
          at Socket.socketOnClose (/data/Workspace/helios/starwards/node_modules/colyseus.js/node_modules/ws/lib/websocket.js:1341:15)
          at Socket.emit (node:events:524:28)
          at TCP.<anonymous> (node:net:343:12)

      at ConnectionManager.onConnectionError (modules/core/src/client/connection-manager.ts:144:21)
          at Array.forEach (<anonymous>)

    console.log
      connection error: TypeError: Cannot read properties of undefined (reading 'decoder')
          at wireEvents (/data/Workspace/helios/starwards/node_modules/colyseus-events/src/wire-events.ts:30:40)
          at /data/Workspace/helios/starwards/modules/core/src/client/admin.ts:20:5
          at processTicksAndRejections (node:internal/process/task_queues:95:5)
          at /data/Workspace/helios/starwards/modules/core/src/client/connection-manager.ts:131:21

      at ConnectionManager.onConnectionError (modules/core/src/client/connection-manager.ts:144:21)

    console.log
      connection error: Error: disconnected from server
          at EventEmitter.<anonymous> (/data/Workspace/helios/starwards/modules/core/src/client/driver.ts:53:58)
          at /data/Workspace/helios/starwards/node_modules/colyseus.js/src/core/signal.ts:15:48
          at Array.forEach (<anonymous>)
          at EventEmitter.invoke (/data/Workspace/helios/starwards/node_modules/colyseus.js/src/core/signal.ts:15:19)
          at Function.register.invoke (/data/Workspace/helios/starwards/node_modules/colyseus.js/src/core/signal.ts:57:81)
          at WebSocket.connection.events.onclose (/data/Workspace/helios/starwards/node_modules/colyseus.js/src/Room.ts:89:30)
          at callListener (/data/Workspace/helios/starwards/node_modules/colyseus.js/node_modules/ws/lib/event-target.js:290:14)
          at WebSocket.onClose (/data/Workspace/helios/starwards/node_modules/colyseus.js/node_modules/ws/lib/event-target.js:220:9)
          at WebSocket.emit (node:events:524:28)
          at WebSocket.emitClose (/data/Workspace/helios/starwards/node_modules/colyseus.js/node_modules/ws/lib/websocket.js:272:10)
          at Socket.socketOnClose (/data/Workspace/helios/starwards/node_modules/colyseus.js/node_modules/ws/lib/websocket.js:1341:15)
          at Socket.emit (node:events:524:28)
          at TCP.<anonymous> (node:net:343:12)

      at ConnectionManager.onConnectionError (modules/core/src/client/connection-manager.ts:144:21)
          at Array.forEach (<anonymous>)

    console.log
      connection error: TypeError: Cannot read properties of undefined (reading 'decoder')
          at wireEvents (/data/Workspace/helios/starwards/node_modules/colyseus-events/src/wire-events.ts:30:40)
          at /data/Workspace/helios/starwards/modules/core/src/client/admin.ts:20:5
          at processTicksAndRejections (node:internal/process/task_queues:95:5)
          at /data/Workspace/helios/starwards/modules/core/src/client/connection-manager.ts:131:21

      at ConnectionManager.onConnectionError (modules/core/src/client/connection-manager.ts:144:21)

    console.log
      connection error: Error: disconnected from server
          at EventEmitter.<anonymous> (/data/Workspace/helios/starwards/modules/core/src/client/driver.ts:53:58)
          at /data/Workspace/helios/starwards/node_modules/colyseus.js/src/core/signal.ts:15:48
          at Array.forEach (<anonymous>)
          at EventEmitter.invoke (/data/Workspace/helios/starwards/node_modules/colyseus.js/src/core/signal.ts:15:19)
          at Function.register.invoke (/data/Workspace/helios/starwards/node_modules/colyseus.js/src/core/signal.ts:57:81)
          at WebSocket.connection.events.onclose (/data/Workspace/helios/starwards/node_modules/colyseus.js/src/Room.ts:89:30)
          at callListener (/data/Workspace/helios/starwards/node_modules/colyseus.js/node_modules/ws/lib/event-target.js:290:14)
          at WebSocket.onClose (/data/Workspace/helios/starwards/node_modules/colyseus.js/node_modules/ws/lib/event-target.js:220:9)
          at WebSocket.emit (node:events:524:28)
          at WebSocket.emitClose (/data/Workspace/helios/starwards/node_modules/colyseus.js/node_modules/ws/lib/websocket.js:272:10)
          at Socket.socketOnClose (/data/Workspace/helios/starwards/node_modules/colyseus.js/node_modules/ws/lib/websocket.js:1341:15)
          at Socket.emit (node:events:524:28)
          at TCP.<anonymous> (node:net:343:12)

      at ConnectionManager.onConnectionError (modules/core/src/client/connection-manager.ts:144:21)
          at Array.forEach (<anonymous>)

    console.log
      connection error: TypeError: Cannot read properties of undefined (reading 'decoder')
          at wireEvents (/data/Workspace/helios/starwards/node_modules/colyseus-events/src/wire-events.ts:30:40)
          at /data/Workspace/helios/starwards/modules/core/src/client/admin.ts:20:5
          at processTicksAndRejections (node:internal/process/task_queues:95:5)
          at /data/Workspace/helios/starwards/modules/core/src/client/connection-manager.ts:131:21

      at ConnectionManager.onConnectionError (modules/core/src/client/connection-manager.ts:144:21)

    console.log
      connection error: Error: disconnected from server
          at EventEmitter.<anonymous> (/data/Workspace/helios/starwards/modules/core/src/client/driver.ts:53:58)
          at /data/Workspace/helios/starwards/node_modules/colyseus.js/src/core/signal.ts:15:48
          at Array.forEach (<anonymous>)
          at EventEmitter.invoke (/data/Workspace/helios/starwards/node_modules/colyseus.js/src/core/signal.ts:15:19)
          at Function.register.invoke (/data/Workspace/helios/starwards/node_modules/colyseus.js/src/core/signal.ts:57:81)
          at WebSocket.connection.events.onclose (/data/Workspace/helios/starwards/node_modules/colyseus.js/src/Room.ts:89:30)
          at callListener (/data/Workspace/helios/starwards/node_modules/colyseus.js/node_modules/ws/lib/event-target.js:290:14)
          at WebSocket.onClose (/data/Workspace/helios/starwards/node_modules/colyseus.js/node_modules/ws/lib/event-target.js:220:9)
          at WebSocket.emit (node:events:524:28)
          at WebSocket.emitClose (/data/Workspace/helios/starwards/node_modules/colyseus.js/node_modules/ws/lib/websocket.js:272:10)
          at Socket.socketOnClose (/data/Workspace/helios/starwards/node_modules/colyseus.js/node_modules/ws/lib/websocket.js:1341:15)
          at Socket.emit (node:events:524:28)
          at TCP.<anonymous> (node:net:343:12)

      at ConnectionManager.onConnectionError (modules/core/src/client/connection-manager.ts:144:21)
          at Array.forEach (<anonymous>)

    console.log
      connection error: TypeError: Cannot read properties of undefined (reading 'decoder')
          at wireEvents (/data/Workspace/helios/starwards/node_modules/colyseus-events/src/wire-events.ts:30:40)
          at /data/Workspace/helios/starwards/modules/core/src/client/admin.ts:20:5
          at processTicksAndRejections (node:internal/process/task_queues:95:5)
          at /data/Workspace/helios/starwards/modules/core/src/client/connection-manager.ts:131:21

      at ConnectionManager.onConnectionError (modules/core/src/client/connection-manager.ts:144:21)

    console.log
      connection error: Error: disconnected from server
          at EventEmitter.<anonymous> (/data/Workspace/helios/starwards/modules/core/src/client/driver.ts:53:58)
          at /data/Workspace/helios/starwards/node_modules/colyseus.js/src/core/signal.ts:15:48
          at Array.forEach (<anonymous>)
          at EventEmitter.invoke (/data/Workspace/helios/starwards/node_modules/colyseus.js/src/core/signal.ts:15:19)
          at Function.register.invoke (/data/Workspace/helios/starwards/node_modules/colyseus.js/src/core/signal.ts:57:81)
          at WebSocket.connection.events.onclose (/data/Workspace/helios/starwards/node_modules/colyseus.js/src/Room.ts:89:30)
          at callListener (/data/Workspace/helios/starwards/node_modules/colyseus.js/node_modules/ws/lib/event-target.js:290:14)
          at WebSocket.onClose (/data/Workspace/helios/starwards/node_modules/colyseus.js/node_modules/ws/lib/event-target.js:220:9)
          at WebSocket.emit (node:events:524:28)
          at WebSocket.emitClose (/data/Workspace/helios/starwards/node_modules/colyseus.js/node_modules/ws/lib/websocket.js:272:10)
          at Socket.socketOnClose (/data/Workspace/helios/starwards/node_modules/colyseus.js/node_modules/ws/lib/websocket.js:1341:15)
          at Socket.emit (node:events:524:28)
          at TCP.<anonymous> (node:net:343:12)

      at ConnectionManager.onConnectionError (modules/core/src/client/connection-manager.ts:144:21)
          at Array.forEach (<anonymous>)

    console.log
      connection error: TypeError: Cannot read properties of undefined (reading 'decoder')
          at wireEvents (/data/Workspace/helios/starwards/node_modules/colyseus-events/src/wire-events.ts:30:40)
          at /data/Workspace/helios/starwards/modules/core/src/client/admin.ts:20:5
          at processTicksAndRejections (node:internal/process/task_queues:95:5)
          at /data/Workspace/helios/starwards/modules/core/src/client/connection-manager.ts:131:21

      at ConnectionManager.onConnectionError (modules/core/src/client/connection-manager.ts:144:21)

    console.log
      connection error: Error: disconnected from server
          at EventEmitter.<anonymous> (/data/Workspace/helios/starwards/modules/core/src/client/driver.ts:53:58)
          at /data/Workspace/helios/starwards/node_modules/colyseus.js/src/core/signal.ts:15:48
          at Array.forEach (<anonymous>)
          at EventEmitter.invoke (/data/Workspace/helios/starwards/node_modules/colyseus.js/src/core/signal.ts:15:19)
          at Function.register.invoke (/data/Workspace/helios/starwards/node_modules/colyseus.js/src/core/signal.ts:57:81)
          at WebSocket.connection.events.onclose (/data/Workspace/helios/starwards/node_modules/colyseus.js/src/Room.ts:89:30)
          at callListener (/data/Workspace/helios/starwards/node_modules/colyseus.js/node_modules/ws/lib/event-target.js:290:14)
          at WebSocket.onClose (/data/Workspace/helios/starwards/node_modules/colyseus.js/node_modules/ws/lib/event-target.js:220:9)
          at WebSocket.emit (node:events:524:28)
          at WebSocket.emitClose (/data/Workspace/helios/starwards/node_modules/colyseus.js/node_modules/ws/lib/websocket.js:272:10)
          at Socket.socketOnClose (/data/Workspace/helios/starwards/node_modules/colyseus.js/node_modules/ws/lib/websocket.js:1341:15)
          at Socket.emit (node:events:524:28)
          at TCP.<anonymous> (node:net:343:12)

      at ConnectionManager.onConnectionError (modules/core/src/client/connection-manager.ts:144:21)
          at Array.forEach (<anonymous>)

    console.log
      connection error: TypeError: Cannot read properties of undefined (reading 'decoder')
          at wireEvents (/data/Workspace/helios/starwards/node_modules/colyseus-events/src/wire-events.ts:30:40)
          at /data/Workspace/helios/starwards/modules/core/src/client/admin.ts:20:5
          at processTicksAndRejections (node:internal/process/task_queues:95:5)
          at /data/Workspace/helios/starwards/modules/core/src/client/connection-manager.ts:131:21

      at ConnectionManager.onConnectionError (modules/core/src/client/connection-manager.ts:144:21)

    console.log
      connection error: Error: disconnected from server
          at EventEmitter.<anonymous> (/data/Workspace/helios/starwards/modules/core/src/client/driver.ts:53:58)
          at /data/Workspace/helios/starwards/node_modules/colyseus.js/src/core/signal.ts:15:48
          at Array.forEach (<anonymous>)
          at EventEmitter.invoke (/data/Workspace/helios/starwards/node_modules/colyseus.js/src/core/signal.ts:15:19)
          at Function.register.invoke (/data/Workspace/helios/starwards/node_modules/colyseus.js/src/core/signal.ts:57:81)
          at WebSocket.connection.events.onclose (/data/Workspace/helios/starwards/node_modules/colyseus.js/src/Room.ts:89:30)
          at callListener (/data/Workspace/helios/starwards/node_modules/colyseus.js/node_modules/ws/lib/event-target.js:290:14)
          at WebSocket.onClose (/data/Workspace/helios/starwards/node_modules/colyseus.js/node_modules/ws/lib/event-target.js:220:9)
          at WebSocket.emit (node:events:524:28)
          at WebSocket.emitClose (/data/Workspace/helios/starwards/node_modules/colyseus.js/node_modules/ws/lib/websocket.js:272:10)
          at Socket.socketOnClose (/data/Workspace/helios/starwards/node_modules/colyseus.js/node_modules/ws/lib/websocket.js:1341:15)
          at Socket.emit (node:events:524:28)
          at TCP.<anonymous> (node:net:343:12)

      at ConnectionManager.onConnectionError (modules/core/src/client/connection-manager.ts:144:21)
          at Array.forEach (<anonymous>)

    console.log
      connection error: TypeError: Cannot read properties of undefined (reading 'decoder')
          at wireEvents (/data/Workspace/helios/starwards/node_modules/colyseus-events/src/wire-events.ts:30:40)
          at /data/Workspace/helios/starwards/modules/core/src/client/admin.ts:20:5
          at processTicksAndRejections (node:internal/process/task_queues:95:5)
          at /data/Workspace/helios/starwards/modules/core/src/client/connection-manager.ts:131:21

      at ConnectionManager.onConnectionError (modules/core/src/client/connection-manager.ts:144:21)

    console.log
      connection error: Error: disconnected from server
          at EventEmitter.<anonymous> (/data/Workspace/helios/starwards/modules/core/src/client/driver.ts:53:58)
          at /data/Workspace/helios/starwards/node_modules/colyseus.js/src/core/signal.ts:15:48
          at Array.forEach (<anonymous>)
          at EventEmitter.invoke (/data/Workspace/helios/starwards/node_modules/colyseus.js/src/core/signal.ts:15:19)
          at Function.register.invoke (/data/Workspace/helios/starwards/node_modules/colyseus.js/src/core/signal.ts:57:81)
          at WebSocket.connection.events.onclose (/data/Workspace/helios/starwards/node_modules/colyseus.js/src/Room.ts:89:30)
          at callListener (/data/Workspace/helios/starwards/node_modules/colyseus.js/node_modules/ws/lib/event-target.js:290:14)
          at WebSocket.onClose (/data/Workspace/helios/starwards/node_modules/colyseus.js/node_modules/ws/lib/event-target.js:220:9)
          at WebSocket.emit (node:events:524:28)
          at WebSocket.emitClose (/data/Workspace/helios/starwards/node_modules/colyseus.js/node_modules/ws/lib/websocket.js:272:10)
          at Socket.socketOnClose (/data/Workspace/helios/starwards/node_modules/colyseus.js/node_modules/ws/lib/websocket.js:1341:15)
          at Socket.emit (node:events:524:28)
          at TCP.<anonymous> (node:net:343:12)

      at ConnectionManager.onConnectionError (modules/core/src/client/connection-manager.ts:144:21)
          at Array.forEach (<anonymous>)

    console.log
      connection error: TypeError: Cannot read properties of undefined (reading 'decoder')
          at wireEvents (/data/Workspace/helios/starwards/node_modules/colyseus-events/src/wire-events.ts:30:40)
          at /data/Workspace/helios/starwards/modules/core/src/client/admin.ts:20:5
          at processTicksAndRejections (node:internal/process/task_queues:95:5)
          at /data/Workspace/helios/starwards/modules/core/src/client/connection-manager.ts:131:21

      at ConnectionManager.onConnectionError (modules/core/src/client/connection-manager.ts:144:21)

    console.log
      connection error: Error: disconnected from server
          at EventEmitter.<anonymous> (/data/Workspace/helios/starwards/modules/core/src/client/driver.ts:53:58)
          at /data/Workspace/helios/starwards/node_modules/colyseus.js/src/core/signal.ts:15:48
          at Array.forEach (<anonymous>)
          at EventEmitter.invoke (/data/Workspace/helios/starwards/node_modules/colyseus.js/src/core/signal.ts:15:19)
          at Function.register.invoke (/data/Workspace/helios/starwards/node_modules/colyseus.js/src/core/signal.ts:57:81)
          at WebSocket.connection.events.onclose (/data/Workspace/helios/starwards/node_modules/colyseus.js/src/Room.ts:89:30)
          at callListener (/data/Workspace/helios/starwards/node_modules/colyseus.js/node_modules/ws/lib/event-target.js:290:14)
          at WebSocket.onClose (/data/Workspace/helios/starwards/node_modules/colyseus.js/node_modules/ws/lib/event-target.js:220:9)
          at WebSocket.emit (node:events:524:28)
          at WebSocket.emitClose (/data/Workspace/helios/starwards/node_modules/colyseus.js/node_modules/ws/lib/websocket.js:272:10)
          at Socket.socketOnClose (/data/Workspace/helios/starwards/node_modules/colyseus.js/node_modules/ws/lib/websocket.js:1341:15)
          at Socket.emit (node:events:524:28)
          at TCP.<anonymous> (node:net:343:12)

      at ConnectionManager.onConnectionError (modules/core/src/client/connection-manager.ts:144:21)
          at Array.forEach (<anonymous>)

    console.log
      connection error: TypeError: Cannot read properties of undefined (reading 'decoder')
          at wireEvents (/data/Workspace/helios/starwards/node_modules/colyseus-events/src/wire-events.ts:30:40)
          at /data/Workspace/helios/starwards/modules/core/src/client/admin.ts:20:5
          at processTicksAndRejections (node:internal/process/task_queues:95:5)
          at /data/Workspace/helios/starwards/modules/core/src/client/connection-manager.ts:131:21

      at ConnectionManager.onConnectionError (modules/core/src/client/connection-manager.ts:144:21)

    console.log
      connection error: Error: disconnected from server
          at EventEmitter.<anonymous> (/data/Workspace/helios/starwards/modules/core/src/client/driver.ts:53:58)
          at /data/Workspace/helios/starwards/node_modules/colyseus.js/src/core/signal.ts:15:48
          at Array.forEach (<anonymous>)
          at EventEmitter.invoke (/data/Workspace/helios/starwards/node_modules/colyseus.js/src/core/signal.ts:15:19)
          at Function.register.invoke (/data/Workspace/helios/starwards/node_modules/colyseus.js/src/core/signal.ts:57:81)
          at WebSocket.connection.events.onclose (/data/Workspace/helios/starwards/node_modules/colyseus.js/src/Room.ts:89:30)
          at callListener (/data/Workspace/helios/starwards/node_modules/colyseus.js/node_modules/ws/lib/event-target.js:290:14)
          at WebSocket.onClose (/data/Workspace/helios/starwards/node_modules/colyseus.js/node_modules/ws/lib/event-target.js:220:9)
          at WebSocket.emit (node:events:524:28)
          at WebSocket.emitClose (/data/Workspace/helios/starwards/node_modules/colyseus.js/node_modules/ws/lib/websocket.js:272:10)
          at Socket.socketOnClose (/data/Workspace/helios/starwards/node_modules/colyseus.js/node_modules/ws/lib/websocket.js:1341:15)
          at Socket.emit (node:events:524:28)
          at TCP.<anonymous> (node:net:343:12)

      at ConnectionManager.onConnectionError (modules/core/src/client/connection-manager.ts:144:21)
          at Array.forEach (<anonymous>)

    console.log
      connection error: TypeError: Cannot read properties of undefined (reading 'decoder')
          at wireEvents (/data/Workspace/helios/starwards/node_modules/colyseus-events/src/wire-events.ts:30:40)
          at /data/Workspace/helios/starwards/modules/core/src/client/admin.ts:20:5
          at processTicksAndRejections (node:internal/process/task_queues:95:5)
          at /data/Workspace/helios/starwards/modules/core/src/client/connection-manager.ts:131:21

      at ConnectionManager.onConnectionError (modules/core/src/client/connection-manager.ts:144:21)

    console.log
      connection error: Error: disconnected from server
          at EventEmitter.<anonymous> (/data/Workspace/helios/starwards/modules/core/src/client/driver.ts:53:58)
          at /data/Workspace/helios/starwards/node_modules/colyseus.js/src/core/signal.ts:15:48
          at Array.forEach (<anonymous>)
          at EventEmitter.invoke (/data/Workspace/helios/starwards/node_modules/colyseus.js/src/core/signal.ts:15:19)
          at Function.register.invoke (/data/Workspace/helios/starwards/node_modules/colyseus.js/src/core/signal.ts:57:81)
          at WebSocket.connection.events.onclose (/data/Workspace/helios/starwards/node_modules/colyseus.js/src/Room.ts:89:30)
          at callListener (/data/Workspace/helios/starwards/node_modules/colyseus.js/node_modules/ws/lib/event-target.js:290:14)
          at WebSocket.onClose (/data/Workspace/helios/starwards/node_modules/colyseus.js/node_modules/ws/lib/event-target.js:220:9)
          at WebSocket.emit (node:events:524:28)
          at WebSocket.emitClose (/data/Workspace/helios/starwards/node_modules/colyseus.js/node_modules/ws/lib/websocket.js:272:10)
          at Socket.socketOnClose (/data/Workspace/helios/starwards/node_modules/colyseus.js/node_modules/ws/lib/websocket.js:1341:15)
          at Socket.emit (node:events:524:28)
          at TCP.<anonymous> (node:net:343:12)

      at ConnectionManager.onConnectionError (modules/core/src/client/connection-manager.ts:144:21)
          at Array.forEach (<anonymous>)

    console.log
      connection error: TypeError: Cannot read properties of undefined (reading 'decoder')
          at wireEvents (/data/Workspace/helios/starwards/node_modules/colyseus-events/src/wire-events.ts:30:40)
          at /data/Workspace/helios/starwards/modules/core/src/client/admin.ts:20:5
          at processTicksAndRejections (node:internal/process/task_queues:95:5)
          at /data/Workspace/helios/starwards/modules/core/src/client/connection-manager.ts:131:21

      at ConnectionManager.onConnectionError (modules/core/src/client/connection-manager.ts:144:21)

    console.log
      connection error: Error: disconnected from server
          at EventEmitter.<anonymous> (/data/Workspace/helios/starwards/modules/core/src/client/driver.ts:53:58)
          at /data/Workspace/helios/starwards/node_modules/colyseus.js/src/core/signal.ts:15:48
          at Array.forEach (<anonymous>)
          at EventEmitter.invoke (/data/Workspace/helios/starwards/node_modules/colyseus.js/src/core/signal.ts:15:19)
          at Function.register.invoke (/data/Workspace/helios/starwards/node_modules/colyseus.js/src/core/signal.ts:57:81)
          at WebSocket.connection.events.onclose (/data/Workspace/helios/starwards/node_modules/colyseus.js/src/Room.ts:89:30)
          at callListener (/data/Workspace/helios/starwards/node_modules/colyseus.js/node_modules/ws/lib/event-target.js:290:14)
          at WebSocket.onClose (/data/Workspace/helios/starwards/node_modules/colyseus.js/node_modules/ws/lib/event-target.js:220:9)
          at WebSocket.emit (node:events:524:28)
          at WebSocket.emitClose (/data/Workspace/helios/starwards/node_modules/colyseus.js/node_modules/ws/lib/websocket.js:272:10)
          at Socket.socketOnClose (/data/Workspace/helios/starwards/node_modules/colyseus.js/node_modules/ws/lib/websocket.js:1341:15)
          at Socket.emit (node:events:524:28)
          at TCP.<anonymous> (node:net:343:12)

      at ConnectionManager.onConnectionError (modules/core/src/client/connection-manager.ts:144:21)
          at Array.forEach (<anonymous>)

    console.log
      connection error: TypeError: Cannot read properties of undefined (reading 'decoder')
          at wireEvents (/data/Workspace/helios/starwards/node_modules/colyseus-events/src/wire-events.ts:30:40)
          at /data/Workspace/helios/starwards/modules/core/src/client/admin.ts:20:5
          at processTicksAndRejections (node:internal/process/task_queues:95:5)
          at /data/Workspace/helios/starwards/modules/core/src/client/connection-manager.ts:131:21

      at ConnectionManager.onConnectionError (modules/core/src/client/connection-manager.ts:144:21)

    console.log
      connection error: Error: disconnected from server
          at EventEmitter.<anonymous> (/data/Workspace/helios/starwards/modules/core/src/client/driver.ts:53:58)
          at /data/Workspace/helios/starwards/node_modules/colyseus.js/src/core/signal.ts:15:48
          at Array.forEach (<anonymous>)
          at EventEmitter.invoke (/data/Workspace/helios/starwards/node_modules/colyseus.js/src/core/signal.ts:15:19)
          at Function.register.invoke (/data/Workspace/helios/starwards/node_modules/colyseus.js/src/core/signal.ts:57:81)
          at WebSocket.connection.events.onclose (/data/Workspace/helios/starwards/node_modules/colyseus.js/src/Room.ts:89:30)
          at callListener (/data/Workspace/helios/starwards/node_modules/colyseus.js/node_modules/ws/lib/event-target.js:290:14)
          at WebSocket.onClose (/data/Workspace/helios/starwards/node_modules/colyseus.js/node_modules/ws/lib/event-target.js:220:9)
          at WebSocket.emit (node:events:524:28)
          at WebSocket.emitClose (/data/Workspace/helios/starwards/node_modules/colyseus.js/node_modules/ws/lib/websocket.js:272:10)
          at Socket.socketOnClose (/data/Workspace/helios/starwards/node_modules/colyseus.js/node_modules/ws/lib/websocket.js:1341:15)
          at Socket.emit (node:events:524:28)
          at TCP.<anonymous> (node:net:343:12)

      at ConnectionManager.onConnectionError (modules/core/src/client/connection-manager.ts:144:21)
          at Array.forEach (<anonymous>)

    console.log
      connection error: TypeError: Cannot read properties of undefined (reading 'decoder')
          at wireEvents (/data/Workspace/helios/starwards/node_modules/colyseus-events/src/wire-events.ts:30:40)
          at /data/Workspace/helios/starwards/modules/core/src/client/admin.ts:20:5
          at processTicksAndRejections (node:internal/process/task_queues:95:5)
          at /data/Workspace/helios/starwards/modules/core/src/client/connection-manager.ts:131:21

      at ConnectionManager.onConnectionError (modules/core/src/client/connection-manager.ts:144:21)

    console.log
      connection error: Error: disconnected from server
          at EventEmitter.<anonymous> (/data/Workspace/helios/starwards/modules/core/src/client/driver.ts:53:58)
          at /data/Workspace/helios/starwards/node_modules/colyseus.js/src/core/signal.ts:15:48
          at Array.forEach (<anonymous>)
          at EventEmitter.invoke (/data/Workspace/helios/starwards/node_modules/colyseus.js/src/core/signal.ts:15:19)
          at Function.register.invoke (/data/Workspace/helios/starwards/node_modules/colyseus.js/src/core/signal.ts:57:81)
          at WebSocket.connection.events.onclose (/data/Workspace/helios/starwards/node_modules/colyseus.js/src/Room.ts:89:30)
          at callListener (/data/Workspace/helios/starwards/node_modules/colyseus.js/node_modules/ws/lib/event-target.js:290:14)
          at WebSocket.onClose (/data/Workspace/helios/starwards/node_modules/colyseus.js/node_modules/ws/lib/event-target.js:220:9)
          at WebSocket.emit (node:events:524:28)
          at WebSocket.emitClose (/data/Workspace/helios/starwards/node_modules/colyseus.js/node_modules/ws/lib/websocket.js:272:10)
          at Socket.socketOnClose (/data/Workspace/helios/starwards/node_modules/colyseus.js/node_modules/ws/lib/websocket.js:1341:15)
          at Socket.emit (node:events:524:28)
          at TCP.<anonymous> (node:net:343:12)

      at ConnectionManager.onConnectionError (modules/core/src/client/connection-manager.ts:144:21)
          at Array.forEach (<anonymous>)

    console.log
      connection error: TypeError: Cannot read properties of undefined (reading 'decoder')
          at wireEvents (/data/Workspace/helios/starwards/node_modules/colyseus-events/src/wire-events.ts:30:40)
          at /data/Workspace/helios/starwards/modules/core/src/client/admin.ts:20:5
          at processTicksAndRejections (node:internal/process/task_queues:95:5)
          at /data/Workspace/helios/starwards/modules/core/src/client/connection-manager.ts:131:21

      at ConnectionManager.onConnectionError (modules/core/src/client/connection-manager.ts:144:21)

    console.log
      connection error: Error: disconnected from server
          at EventEmitter.<anonymous> (/data/Workspace/helios/starwards/modules/core/src/client/driver.ts:53:58)
          at /data/Workspace/helios/starwards/node_modules/colyseus.js/src/core/signal.ts:15:48
          at Array.forEach (<anonymous>)
          at EventEmitter.invoke (/data/Workspace/helios/starwards/node_modules/colyseus.js/src/core/signal.ts:15:19)
          at Function.register.invoke (/data/Workspace/helios/starwards/node_modules/colyseus.js/src/core/signal.ts:57:81)
          at WebSocket.connection.events.onclose (/data/Workspace/helios/starwards/node_modules/colyseus.js/src/Room.ts:89:30)
          at callListener (/data/Workspace/helios/starwards/node_modules/colyseus.js/node_modules/ws/lib/event-target.js:290:14)
          at WebSocket.onClose (/data/Workspace/helios/starwards/node_modules/colyseus.js/node_modules/ws/lib/event-target.js:220:9)
          at WebSocket.emit (node:events:524:28)
          at WebSocket.emitClose (/data/Workspace/helios/starwards/node_modules/colyseus.js/node_modules/ws/lib/websocket.js:272:10)
          at Socket.socketOnClose (/data/Workspace/helios/starwards/node_modules/colyseus.js/node_modules/ws/lib/websocket.js:1341:15)
          at Socket.emit (node:events:524:28)
          at TCP.<anonymous> (node:net:343:12)

      at ConnectionManager.onConnectionError (modules/core/src/client/connection-manager.ts:144:21)
          at Array.forEach (<anonymous>)

    console.log
      connection error: TypeError: Cannot read properties of undefined (reading 'decoder')
          at wireEvents (/data/Workspace/helios/starwards/node_modules/colyseus-events/src/wire-events.ts:30:40)
          at /data/Workspace/helios/starwards/modules/core/src/client/admin.ts:20:5
          at processTicksAndRejections (node:internal/process/task_queues:95:5)
          at /data/Workspace/helios/starwards/modules/core/src/client/connection-manager.ts:131:21

      at ConnectionManager.onConnectionError (modules/core/src/client/connection-manager.ts:144:21)

    console.log
      connection error: Error: disconnected from server
          at EventEmitter.<anonymous> (/data/Workspace/helios/starwards/modules/core/src/client/driver.ts:53:58)
          at /data/Workspace/helios/starwards/node_modules/colyseus.js/src/core/signal.ts:15:48
          at Array.forEach (<anonymous>)
          at EventEmitter.invoke (/data/Workspace/helios/starwards/node_modules/colyseus.js/src/core/signal.ts:15:19)
          at Function.register.invoke (/data/Workspace/helios/starwards/node_modules/colyseus.js/src/core/signal.ts:57:81)
          at WebSocket.connection.events.onclose (/data/Workspace/helios/starwards/node_modules/colyseus.js/src/Room.ts:89:30)
          at callListener (/data/Workspace/helios/starwards/node_modules/colyseus.js/node_modules/ws/lib/event-target.js:290:14)
          at WebSocket.onClose (/data/Workspace/helios/starwards/node_modules/colyseus.js/node_modules/ws/lib/event-target.js:220:9)
          at WebSocket.emit (node:events:524:28)
          at WebSocket.emitClose (/data/Workspace/helios/starwards/node_modules/colyseus.js/node_modules/ws/lib/websocket.js:272:10)
          at Socket.socketOnClose (/data/Workspace/helios/starwards/node_modules/colyseus.js/node_modules/ws/lib/websocket.js:1341:15)
          at Socket.emit (node:events:524:28)
          at TCP.<anonymous> (node:net:343:12)

      at ConnectionManager.onConnectionError (modules/core/src/client/connection-manager.ts:144:21)
          at Array.forEach (<anonymous>)

    console.log
      connection error: TypeError: Cannot read properties of undefined (reading 'decoder')
          at wireEvents (/data/Workspace/helios/starwards/node_modules/colyseus-events/src/wire-events.ts:30:40)
          at /data/Workspace/helios/starwards/modules/core/src/client/admin.ts:20:5
          at processTicksAndRejections (node:internal/process/task_queues:95:5)
          at /data/Workspace/helios/starwards/modules/core/src/client/connection-manager.ts:131:21

      at ConnectionManager.onConnectionError (modules/core/src/client/connection-manager.ts:144:21)

    console.log
      connection error: Error: disconnected from server
          at EventEmitter.<anonymous> (/data/Workspace/helios/starwards/modules/core/src/client/driver.ts:53:58)
          at /data/Workspace/helios/starwards/node_modules/colyseus.js/src/core/signal.ts:15:48
          at Array.forEach (<anonymous>)
          at EventEmitter.invoke (/data/Workspace/helios/starwards/node_modules/colyseus.js/src/core/signal.ts:15:19)
          at Function.register.invoke (/data/Workspace/helios/starwards/node_modules/colyseus.js/src/core/signal.ts:57:81)
          at WebSocket.connection.events.onclose (/data/Workspace/helios/starwards/node_modules/colyseus.js/src/Room.ts:89:30)
          at callListener (/data/Workspace/helios/starwards/node_modules/colyseus.js/node_modules/ws/lib/event-target.js:290:14)
          at WebSocket.onClose (/data/Workspace/helios/starwards/node_modules/colyseus.js/node_modules/ws/lib/event-target.js:220:9)
          at WebSocket.emit (node:events:524:28)
          at WebSocket.emitClose (/data/Workspace/helios/starwards/node_modules/colyseus.js/node_modules/ws/lib/websocket.js:272:10)
          at Socket.socketOnClose (/data/Workspace/helios/starwards/node_modules/colyseus.js/node_modules/ws/lib/websocket.js:1341:15)
          at Socket.emit (node:events:524:28)
          at TCP.<anonymous> (node:net:343:12)

      at ConnectionManager.onConnectionError (modules/core/src/client/connection-manager.ts:144:21)
          at Array.forEach (<anonymous>)

    console.log
      connection error: TypeError: Cannot read properties of undefined (reading 'decoder')
          at wireEvents (/data/Workspace/helios/starwards/node_modules/colyseus-events/src/wire-events.ts:30:40)
          at /data/Workspace/helios/starwards/modules/core/src/client/admin.ts:20:5
          at processTicksAndRejections (node:internal/process/task_queues:95:5)
          at /data/Workspace/helios/starwards/modules/core/src/client/connection-manager.ts:131:21

      at ConnectionManager.onConnectionError (modules/core/src/client/connection-manager.ts:144:21)

    console.log
      connection error: Error: disconnected from server
          at EventEmitter.<anonymous> (/data/Workspace/helios/starwards/modules/core/src/client/driver.ts:53:58)
          at /data/Workspace/helios/starwards/node_modules/colyseus.js/src/core/signal.ts:15:48
          at Array.forEach (<anonymous>)
          at EventEmitter.invoke (/data/Workspace/helios/starwards/node_modules/colyseus.js/src/core/signal.ts:15:19)
          at Function.register.invoke (/data/Workspace/helios/starwards/node_modules/colyseus.js/src/core/signal.ts:57:81)
          at WebSocket.connection.events.onclose (/data/Workspace/helios/starwards/node_modules/colyseus.js/src/Room.ts:89:30)
          at callListener (/data/Workspace/helios/starwards/node_modules/colyseus.js/node_modules/ws/lib/event-target.js:290:14)
          at WebSocket.onClose (/data/Workspace/helios/starwards/node_modules/colyseus.js/node_modules/ws/lib/event-target.js:220:9)
          at WebSocket.emit (node:events:524:28)
          at WebSocket.emitClose (/data/Workspace/helios/starwards/node_modules/colyseus.js/node_modules/ws/lib/websocket.js:272:10)
          at Socket.socketOnClose (/data/Workspace/helios/starwards/node_modules/colyseus.js/node_modules/ws/lib/websocket.js:1341:15)
          at Socket.emit (node:events:524:28)
          at TCP.<anonymous> (node:net:343:12)

      at ConnectionManager.onConnectionError (modules/core/src/client/connection-manager.ts:144:21)
          at Array.forEach (<anonymous>)

    console.log
      connection error: TypeError: Cannot read properties of undefined (reading 'decoder')
          at wireEvents (/data/Workspace/helios/starwards/node_modules/colyseus-events/src/wire-events.ts:30:40)
          at /data/Workspace/helios/starwards/modules/core/src/client/admin.ts:20:5
          at processTicksAndRejections (node:internal/process/task_queues:95:5)
          at /data/Workspace/helios/starwards/modules/core/src/client/connection-manager.ts:131:21

      at ConnectionManager.onConnectionError (modules/core/src/client/connection-manager.ts:144:21)

    console.log
      connection error: Error: disconnected from server
          at EventEmitter.<anonymous> (/data/Workspace/helios/starwards/modules/core/src/client/driver.ts:53:58)
          at /data/Workspace/helios/starwards/node_modules/colyseus.js/src/core/signal.ts:15:48
          at Array.forEach (<anonymous>)
          at EventEmitter.invoke (/data/Workspace/helios/starwards/node_modules/colyseus.js/src/core/signal.ts:15:19)
          at Function.register.invoke (/data/Workspace/helios/starwards/node_modules/colyseus.js/src/core/signal.ts:57:81)
          at WebSocket.connection.events.onclose (/data/Workspace/helios/starwards/node_modules/colyseus.js/src/Room.ts:89:30)
          at callListener (/data/Workspace/helios/starwards/node_modules/colyseus.js/node_modules/ws/lib/event-target.js:290:14)
          at WebSocket.onClose (/data/Workspace/helios/starwards/node_modules/colyseus.js/node_modules/ws/lib/event-target.js:220:9)
          at WebSocket.emit (node:events:524:28)
          at WebSocket.emitClose (/data/Workspace/helios/starwards/node_modules/colyseus.js/node_modules/ws/lib/websocket.js:272:10)
          at Socket.socketOnClose (/data/Workspace/helios/starwards/node_modules/colyseus.js/node_modules/ws/lib/websocket.js:1341:15)
          at Socket.emit (node:events:524:28)
          at TCP.<anonymous> (node:net:343:12)

      at ConnectionManager.onConnectionError (modules/core/src/client/connection-manager.ts:144:21)
          at Array.forEach (<anonymous>)

    console.log
      connection error: TypeError: Cannot read properties of undefined (reading 'decoder')
          at wireEvents (/data/Workspace/helios/starwards/node_modules/colyseus-events/src/wire-events.ts:30:40)
          at /data/Workspace/helios/starwards/modules/core/src/client/admin.ts:20:5
          at processTicksAndRejections (node:internal/process/task_queues:95:5)
          at /data/Workspace/helios/starwards/modules/core/src/client/connection-manager.ts:131:21

      at ConnectionManager.onConnectionError (modules/core/src/client/connection-manager.ts:144:21)

    console.log
      connection error: Error: disconnected from server
          at EventEmitter.<anonymous> (/data/Workspace/helios/starwards/modules/core/src/client/driver.ts:53:58)
          at /data/Workspace/helios/starwards/node_modules/colyseus.js/src/core/signal.ts:15:48
          at Array.forEach (<anonymous>)
          at EventEmitter.invoke (/data/Workspace/helios/starwards/node_modules/colyseus.js/src/core/signal.ts:15:19)
          at Function.register.invoke (/data/Workspace/helios/starwards/node_modules/colyseus.js/src/core/signal.ts:57:81)
          at WebSocket.connection.events.onclose (/data/Workspace/helios/starwards/node_modules/colyseus.js/src/Room.ts:89:30)
          at callListener (/data/Workspace/helios/starwards/node_modules/colyseus.js/node_modules/ws/lib/event-target.js:290:14)
          at WebSocket.onClose (/data/Workspace/helios/starwards/node_modules/colyseus.js/node_modules/ws/lib/event-target.js:220:9)
          at WebSocket.emit (node:events:524:28)
          at WebSocket.emitClose (/data/Workspace/helios/starwards/node_modules/colyseus.js/node_modules/ws/lib/websocket.js:272:10)
          at Socket.socketOnClose (/data/Workspace/helios/starwards/node_modules/colyseus.js/node_modules/ws/lib/websocket.js:1341:15)
          at Socket.emit (node:events:524:28)
          at TCP.<anonymous> (node:net:343:12)

      at ConnectionManager.onConnectionError (modules/core/src/client/connection-manager.ts:144:21)
          at Array.forEach (<anonymous>)

    console.log
      connection error: TypeError: Cannot read properties of undefined (reading 'decoder')
          at wireEvents (/data/Workspace/helios/starwards/node_modules/colyseus-events/src/wire-events.ts:30:40)
          at /data/Workspace/helios/starwards/modules/core/src/client/admin.ts:20:5
          at processTicksAndRejections (node:internal/process/task_queues:95:5)
          at /data/Workspace/helios/starwards/modules/core/src/client/connection-manager.ts:131:21

      at ConnectionManager.onConnectionError (modules/core/src/client/connection-manager.ts:144:21)

    console.log
      connection error: Error: disconnected from server
          at EventEmitter.<anonymous> (/data/Workspace/helios/starwards/modules/core/src/client/driver.ts:53:58)
          at /data/Workspace/helios/starwards/node_modules/colyseus.js/src/core/signal.ts:15:48
          at Array.forEach (<anonymous>)
          at EventEmitter.invoke (/data/Workspace/helios/starwards/node_modules/colyseus.js/src/core/signal.ts:15:19)
          at Function.register.invoke (/data/Workspace/helios/starwards/node_modules/colyseus.js/src/core/signal.ts:57:81)
          at WebSocket.connection.events.onclose (/data/Workspace/helios/starwards/node_modules/colyseus.js/src/Room.ts:89:30)
          at callListener (/data/Workspace/helios/starwards/node_modules/colyseus.js/node_modules/ws/lib/event-target.js:290:14)
          at WebSocket.onClose (/data/Workspace/helios/starwards/node_modules/colyseus.js/node_modules/ws/lib/event-target.js:220:9)
          at WebSocket.emit (node:events:524:28)
          at WebSocket.emitClose (/data/Workspace/helios/starwards/node_modules/colyseus.js/node_modules/ws/lib/websocket.js:272:10)
          at Socket.socketOnClose (/data/Workspace/helios/starwards/node_modules/colyseus.js/node_modules/ws/lib/websocket.js:1341:15)
          at Socket.emit (node:events:524:28)
          at TCP.<anonymous> (node:net:343:12)

      at ConnectionManager.onConnectionError (modules/core/src/client/connection-manager.ts:144:21)
          at Array.forEach (<anonymous>)

    console.log
      connection error: TypeError: Cannot read properties of undefined (reading 'decoder')
          at wireEvents (/data/Workspace/helios/starwards/node_modules/colyseus-events/src/wire-events.ts:30:40)
          at /data/Workspace/helios/starwards/modules/core/src/client/admin.ts:20:5
          at processTicksAndRejections (node:internal/process/task_queues:95:5)
          at /data/Workspace/helios/starwards/modules/core/src/client/connection-manager.ts:131:21

      at ConnectionManager.onConnectionError (modules/core/src/client/connection-manager.ts:144:21)

    console.log
      connection error: Error: disconnected from server
          at EventEmitter.<anonymous> (/data/Workspace/helios/starwards/modules/core/src/client/driver.ts:53:58)
          at /data/Workspace/helios/starwards/node_modules/colyseus.js/src/core/signal.ts:15:48
          at Array.forEach (<anonymous>)
          at EventEmitter.invoke (/data/Workspace/helios/starwards/node_modules/colyseus.js/src/core/signal.ts:15:19)
          at Function.register.invoke (/data/Workspace/helios/starwards/node_modules/colyseus.js/src/core/signal.ts:57:81)
          at WebSocket.connection.events.onclose (/data/Workspace/helios/starwards/node_modules/colyseus.js/src/Room.ts:89:30)
          at callListener (/data/Workspace/helios/starwards/node_modules/colyseus.js/node_modules/ws/lib/event-target.js:290:14)
          at WebSocket.onClose (/data/Workspace/helios/starwards/node_modules/colyseus.js/node_modules/ws/lib/event-target.js:220:9)
          at WebSocket.emit (node:events:524:28)
          at WebSocket.emitClose (/data/Workspace/helios/starwards/node_modules/colyseus.js/node_modules/ws/lib/websocket.js:272:10)
          at Socket.socketOnClose (/data/Workspace/helios/starwards/node_modules/colyseus.js/node_modules/ws/lib/websocket.js:1341:15)
          at Socket.emit (node:events:524:28)
          at TCP.<anonymous> (node:net:343:12)

      at ConnectionManager.onConnectionError (modules/core/src/client/connection-manager.ts:144:21)
          at Array.forEach (<anonymous>)

    console.log
      connection error: TypeError: Cannot read properties of undefined (reading 'decoder')
          at wireEvents (/data/Workspace/helios/starwards/node_modules/colyseus-events/src/wire-events.ts:30:40)
          at /data/Workspace/helios/starwards/modules/core/src/client/admin.ts:20:5
          at processTicksAndRejections (node:internal/process/task_queues:95:5)
          at /data/Workspace/helios/starwards/modules/core/src/client/connection-manager.ts:131:21

      at ConnectionManager.onConnectionError (modules/core/src/client/connection-manager.ts:144:21)

    console.log
      connection error: Error: disconnected from server
          at EventEmitter.<anonymous> (/data/Workspace/helios/starwards/modules/core/src/client/driver.ts:53:58)
          at /data/Workspace/helios/starwards/node_modules/colyseus.js/src/core/signal.ts:15:48
          at Array.forEach (<anonymous>)
          at EventEmitter.invoke (/data/Workspace/helios/starwards/node_modules/colyseus.js/src/core/signal.ts:15:19)
          at Function.register.invoke (/data/Workspace/helios/starwards/node_modules/colyseus.js/src/core/signal.ts:57:81)
          at WebSocket.connection.events.onclose (/data/Workspace/helios/starwards/node_modules/colyseus.js/src/Room.ts:89:30)
          at callListener (/data/Workspace/helios/starwards/node_modules/colyseus.js/node_modules/ws/lib/event-target.js:290:14)
          at WebSocket.onClose (/data/Workspace/helios/starwards/node_modules/colyseus.js/node_modules/ws/lib/event-target.js:220:9)
          at WebSocket.emit (node:events:524:28)
          at WebSocket.emitClose (/data/Workspace/helios/starwards/node_modules/colyseus.js/node_modules/ws/lib/websocket.js:272:10)
          at Socket.socketOnClose (/data/Workspace/helios/starwards/node_modules/colyseus.js/node_modules/ws/lib/websocket.js:1341:15)
          at Socket.emit (node:events:524:28)
          at TCP.<anonymous> (node:net:343:12)

      at ConnectionManager.onConnectionError (modules/core/src/client/connection-manager.ts:144:21)
          at Array.forEach (<anonymous>)

    console.log
      connection error: TypeError: Cannot read properties of undefined (reading 'decoder')
          at wireEvents (/data/Workspace/helios/starwards/node_modules/colyseus-events/src/wire-events.ts:30:40)
          at /data/Workspace/helios/starwards/modules/core/src/client/admin.ts:20:5
          at processTicksAndRejections (node:internal/process/task_queues:95:5)
          at /data/Workspace/helios/starwards/modules/core/src/client/connection-manager.ts:131:21

      at ConnectionManager.onConnectionError (modules/core/src/client/connection-manager.ts:144:21)

    console.log
      connection error: Error: disconnected from server
          at EventEmitter.<anonymous> (/data/Workspace/helios/starwards/modules/core/src/client/driver.ts:53:58)
          at /data/Workspace/helios/starwards/node_modules/colyseus.js/src/core/signal.ts:15:48
          at Array.forEach (<anonymous>)
          at EventEmitter.invoke (/data/Workspace/helios/starwards/node_modules/colyseus.js/src/core/signal.ts:15:19)
          at Function.register.invoke (/data/Workspace/helios/starwards/node_modules/colyseus.js/src/core/signal.ts:57:81)
          at WebSocket.connection.events.onclose (/data/Workspace/helios/starwards/node_modules/colyseus.js/src/Room.ts:89:30)
          at callListener (/data/Workspace/helios/starwards/node_modules/colyseus.js/node_modules/ws/lib/event-target.js:290:14)
          at WebSocket.onClose (/data/Workspace/helios/starwards/node_modules/colyseus.js/node_modules/ws/lib/event-target.js:220:9)
          at WebSocket.emit (node:events:524:28)
          at WebSocket.emitClose (/data/Workspace/helios/starwards/node_modules/colyseus.js/node_modules/ws/lib/websocket.js:272:10)
          at Socket.socketOnClose (/data/Workspace/helios/starwards/node_modules/colyseus.js/node_modules/ws/lib/websocket.js:1341:15)
          at Socket.emit (node:events:524:28)
          at TCP.<anonymous> (node:net:343:12)

      at ConnectionManager.onConnectionError (modules/core/src/client/connection-manager.ts:144:21)
          at Array.forEach (<anonymous>)

    console.log
      connection error: TypeError: Cannot read properties of undefined (reading 'decoder')
          at wireEvents (/data/Workspace/helios/starwards/node_modules/colyseus-events/src/wire-events.ts:30:40)
          at /data/Workspace/helios/starwards/modules/core/src/client/admin.ts:20:5
          at processTicksAndRejections (node:internal/process/task_queues:95:5)
          at /data/Workspace/helios/starwards/modules/core/src/client/connection-manager.ts:131:21

      at ConnectionManager.onConnectionError (modules/core/src/client/connection-manager.ts:144:21)

    console.log
      connection error: Error: disconnected from server
          at EventEmitter.<anonymous> (/data/Workspace/helios/starwards/modules/core/src/client/driver.ts:53:58)
          at /data/Workspace/helios/starwards/node_modules/colyseus.js/src/core/signal.ts:15:48
          at Array.forEach (<anonymous>)
          at EventEmitter.invoke (/data/Workspace/helios/starwards/node_modules/colyseus.js/src/core/signal.ts:15:19)
          at Function.register.invoke (/data/Workspace/helios/starwards/node_modules/colyseus.js/src/core/signal.ts:57:81)
          at WebSocket.connection.events.onclose (/data/Workspace/helios/starwards/node_modules/colyseus.js/src/Room.ts:89:30)
          at callListener (/data/Workspace/helios/starwards/node_modules/colyseus.js/node_modules/ws/lib/event-target.js:290:14)
          at WebSocket.onClose (/data/Workspace/helios/starwards/node_modules/colyseus.js/node_modules/ws/lib/event-target.js:220:9)
          at WebSocket.emit (node:events:524:28)
          at WebSocket.emitClose (/data/Workspace/helios/starwards/node_modules/colyseus.js/node_modules/ws/lib/websocket.js:272:10)
          at Socket.socketOnClose (/data/Workspace/helios/starwards/node_modules/colyseus.js/node_modules/ws/lib/websocket.js:1341:15)
          at Socket.emit (node:events:524:28)
          at TCP.<anonymous> (node:net:343:12)

      at ConnectionManager.onConnectionError (modules/core/src/client/connection-manager.ts:144:21)
          at Array.forEach (<anonymous>)

    console.log
      connection error: TypeError: Cannot read properties of undefined (reading 'decoder')
          at wireEvents (/data/Workspace/helios/starwards/node_modules/colyseus-events/src/wire-events.ts:30:40)
          at /data/Workspace/helios/starwards/modules/core/src/client/admin.ts:20:5
          at processTicksAndRejections (node:internal/process/task_queues:95:5)
          at /data/Workspace/helios/starwards/modules/core/src/client/connection-manager.ts:131:21

      at ConnectionManager.onConnectionError (modules/core/src/client/connection-manager.ts:144:21)

    console.log
      connection error: Error: disconnected from server
          at EventEmitter.<anonymous> (/data/Workspace/helios/starwards/modules/core/src/client/driver.ts:53:58)
          at /data/Workspace/helios/starwards/node_modules/colyseus.js/src/core/signal.ts:15:48
          at Array.forEach (<anonymous>)
          at EventEmitter.invoke (/data/Workspace/helios/starwards/node_modules/colyseus.js/src/core/signal.ts:15:19)
          at Function.register.invoke (/data/Workspace/helios/starwards/node_modules/colyseus.js/src/core/signal.ts:57:81)
          at WebSocket.connection.events.onclose (/data/Workspace/helios/starwards/node_modules/colyseus.js/src/Room.ts:89:30)
          at callListener (/data/Workspace/helios/starwards/node_modules/colyseus.js/node_modules/ws/lib/event-target.js:290:14)
          at WebSocket.onClose (/data/Workspace/helios/starwards/node_modules/colyseus.js/node_modules/ws/lib/event-target.js:220:9)
          at WebSocket.emit (node:events:524:28)
          at WebSocket.emitClose (/data/Workspace/helios/starwards/node_modules/colyseus.js/node_modules/ws/lib/websocket.js:272:10)
          at Socket.socketOnClose (/data/Workspace/helios/starwards/node_modules/colyseus.js/node_modules/ws/lib/websocket.js:1341:15)
          at Socket.emit (node:events:524:28)
          at TCP.<anonymous> (node:net:343:12)

      at ConnectionManager.onConnectionError (modules/core/src/client/connection-manager.ts:144:21)
          at Array.forEach (<anonymous>)

    console.log
      connection error: TypeError: Cannot read properties of undefined (reading 'decoder')
          at wireEvents (/data/Workspace/helios/starwards/node_modules/colyseus-events/src/wire-events.ts:30:40)
          at /data/Workspace/helios/starwards/modules/core/src/client/admin.ts:20:5
          at processTicksAndRejections (node:internal/process/task_queues:95:5)
          at /data/Workspace/helios/starwards/modules/core/src/client/connection-manager.ts:131:21

      at ConnectionManager.onConnectionError (modules/core/src/client/connection-manager.ts:144:21)

    console.log
      connection error: Error: disconnected from server
          at EventEmitter.<anonymous> (/data/Workspace/helios/starwards/modules/core/src/client/driver.ts:53:58)
          at /data/Workspace/helios/starwards/node_modules/colyseus.js/src/core/signal.ts:15:48
          at Array.forEach (<anonymous>)
          at EventEmitter.invoke (/data/Workspace/helios/starwards/node_modules/colyseus.js/src/core/signal.ts:15:19)
          at Function.register.invoke (/data/Workspace/helios/starwards/node_modules/colyseus.js/src/core/signal.ts:57:81)
          at WebSocket.connection.events.onclose (/data/Workspace/helios/starwards/node_modules/colyseus.js/src/Room.ts:89:30)
          at callListener (/data/Workspace/helios/starwards/node_modules/colyseus.js/node_modules/ws/lib/event-target.js:290:14)
          at WebSocket.onClose (/data/Workspace/helios/starwards/node_modules/colyseus.js/node_modules/ws/lib/event-target.js:220:9)
          at WebSocket.emit (node:events:524:28)
          at WebSocket.emitClose (/data/Workspace/helios/starwards/node_modules/colyseus.js/node_modules/ws/lib/websocket.js:272:10)
          at Socket.socketOnClose (/data/Workspace/helios/starwards/node_modules/colyseus.js/node_modules/ws/lib/websocket.js:1341:15)
          at Socket.emit (node:events:524:28)
          at TCP.<anonymous> (node:net:343:12)

      at ConnectionManager.onConnectionError (modules/core/src/client/connection-manager.ts:144:21)
          at Array.forEach (<anonymous>)

    console.log
      connection error: TypeError: Cannot read properties of undefined (reading 'decoder')
          at wireEvents (/data/Workspace/helios/starwards/node_modules/colyseus-events/src/wire-events.ts:30:40)
          at /data/Workspace/helios/starwards/modules/core/src/client/admin.ts:20:5
          at processTicksAndRejections (node:internal/process/task_queues:95:5)
          at /data/Workspace/helios/starwards/modules/core/src/client/connection-manager.ts:131:21

      at ConnectionManager.onConnectionError (modules/core/src/client/connection-manager.ts:144:21)

    console.log
      connection error: Error: disconnected from server
          at EventEmitter.<anonymous> (/data/Workspace/helios/starwards/modules/core/src/client/driver.ts:53:58)
          at /data/Workspace/helios/starwards/node_modules/colyseus.js/src/core/signal.ts:15:48
          at Array.forEach (<anonymous>)
          at EventEmitter.invoke (/data/Workspace/helios/starwards/node_modules/colyseus.js/src/core/signal.ts:15:19)
          at Function.register.invoke (/data/Workspace/helios/starwards/node_modules/colyseus.js/src/core/signal.ts:57:81)
          at WebSocket.connection.events.onclose (/data/Workspace/helios/starwards/node_modules/colyseus.js/src/Room.ts:89:30)
          at callListener (/data/Workspace/helios/starwards/node_modules/colyseus.js/node_modules/ws/lib/event-target.js:290:14)
          at WebSocket.onClose (/data/Workspace/helios/starwards/node_modules/colyseus.js/node_modules/ws/lib/event-target.js:220:9)
          at WebSocket.emit (node:events:524:28)
          at WebSocket.emitClose (/data/Workspace/helios/starwards/node_modules/colyseus.js/node_modules/ws/lib/websocket.js:272:10)
          at Socket.socketOnClose (/data/Workspace/helios/starwards/node_modules/colyseus.js/node_modules/ws/lib/websocket.js:1341:15)
          at Socket.emit (node:events:524:28)
          at TCP.<anonymous> (node:net:343:12)

      at ConnectionManager.onConnectionError (modules/core/src/client/connection-manager.ts:144:21)
          at Array.forEach (<anonymous>)

    console.log
      connection error: TypeError: Cannot read properties of undefined (reading 'decoder')
          at wireEvents (/data/Workspace/helios/starwards/node_modules/colyseus-events/src/wire-events.ts:30:40)
          at /data/Workspace/helios/starwards/modules/core/src/client/admin.ts:20:5
          at processTicksAndRejections (node:internal/process/task_queues:95:5)
          at /data/Workspace/helios/starwards/modules/core/src/client/connection-manager.ts:131:21

      at ConnectionManager.onConnectionError (modules/core/src/client/connection-manager.ts:144:21)

    console.log
      connection error: Error: disconnected from server
          at EventEmitter.<anonymous> (/data/Workspace/helios/starwards/modules/core/src/client/driver.ts:53:58)
          at /data/Workspace/helios/starwards/node_modules/colyseus.js/src/core/signal.ts:15:48
          at Array.forEach (<anonymous>)
          at EventEmitter.invoke (/data/Workspace/helios/starwards/node_modules/colyseus.js/src/core/signal.ts:15:19)
          at Function.register.invoke (/data/Workspace/helios/starwards/node_modules/colyseus.js/src/core/signal.ts:57:81)
          at WebSocket.connection.events.onclose (/data/Workspace/helios/starwards/node_modules/colyseus.js/src/Room.ts:89:30)
          at callListener (/data/Workspace/helios/starwards/node_modules/colyseus.js/node_modules/ws/lib/event-target.js:290:14)
          at WebSocket.onClose (/data/Workspace/helios/starwards/node_modules/colyseus.js/node_modules/ws/lib/event-target.js:220:9)
          at WebSocket.emit (node:events:524:28)
          at WebSocket.emitClose (/data/Workspace/helios/starwards/node_modules/colyseus.js/node_modules/ws/lib/websocket.js:272:10)
          at Socket.socketOnClose (/data/Workspace/helios/starwards/node_modules/colyseus.js/node_modules/ws/lib/websocket.js:1341:15)
          at Socket.emit (node:events:524:28)
          at TCP.<anonymous> (node:net:343:12)

      at ConnectionManager.onConnectionError (modules/core/src/client/connection-manager.ts:144:21)
          at Array.forEach (<anonymous>)

    console.log
      connection error: TypeError: Cannot read properties of undefined (reading 'decoder')
          at wireEvents (/data/Workspace/helios/starwards/node_modules/colyseus-events/src/wire-events.ts:30:40)
          at /data/Workspace/helios/starwards/modules/core/src/client/admin.ts:20:5
          at processTicksAndRejections (node:internal/process/task_queues:95:5)
          at /data/Workspace/helios/starwards/modules/core/src/client/connection-manager.ts:131:21

      at ConnectionManager.onConnectionError (modules/core/src/client/connection-manager.ts:144:21)

    console.log
      connection error: Error: disconnected from server
          at EventEmitter.<anonymous> (/data/Workspace/helios/starwards/modules/core/src/client/driver.ts:53:58)
          at /data/Workspace/helios/starwards/node_modules/colyseus.js/src/core/signal.ts:15:48
          at Array.forEach (<anonymous>)
          at EventEmitter.invoke (/data/Workspace/helios/starwards/node_modules/colyseus.js/src/core/signal.ts:15:19)
          at Function.register.invoke (/data/Workspace/helios/starwards/node_modules/colyseus.js/src/core/signal.ts:57:81)
          at WebSocket.connection.events.onclose (/data/Workspace/helios/starwards/node_modules/colyseus.js/src/Room.ts:89:30)
          at callListener (/data/Workspace/helios/starwards/node_modules/colyseus.js/node_modules/ws/lib/event-target.js:290:14)
          at WebSocket.onClose (/data/Workspace/helios/starwards/node_modules/colyseus.js/node_modules/ws/lib/event-target.js:220:9)
          at WebSocket.emit (node:events:524:28)
          at WebSocket.emitClose (/data/Workspace/helios/starwards/node_modules/colyseus.js/node_modules/ws/lib/websocket.js:272:10)
          at Socket.socketOnClose (/data/Workspace/helios/starwards/node_modules/colyseus.js/node_modules/ws/lib/websocket.js:1341:15)
          at Socket.emit (node:events:524:28)
          at TCP.<anonymous> (node:net:343:12)

      at ConnectionManager.onConnectionError (modules/core/src/client/connection-manager.ts:144:21)
          at Array.forEach (<anonymous>)

    console.log
      connection error: TypeError: Cannot read properties of undefined (reading 'decoder')
          at wireEvents (/data/Workspace/helios/starwards/node_modules/colyseus-events/src/wire-events.ts:30:40)
          at /data/Workspace/helios/starwards/modules/core/src/client/admin.ts:20:5
          at processTicksAndRejections (node:internal/process/task_queues:95:5)
          at /data/Workspace/helios/starwards/modules/core/src/client/connection-manager.ts:131:21

      at ConnectionManager.onConnectionError (modules/core/src/client/connection-manager.ts:144:21)

    console.log
      connection error: Error: disconnected from server
          at EventEmitter.<anonymous> (/data/Workspace/helios/starwards/modules/core/src/client/driver.ts:53:58)
          at /data/Workspace/helios/starwards/node_modules/colyseus.js/src/core/signal.ts:15:48
          at Array.forEach (<anonymous>)
          at EventEmitter.invoke (/data/Workspace/helios/starwards/node_modules/colyseus.js/src/core/signal.ts:15:19)
          at Function.register.invoke (/data/Workspace/helios/starwards/node_modules/colyseus.js/src/core/signal.ts:57:81)
          at WebSocket.connection.events.onclose (/data/Workspace/helios/starwards/node_modules/colyseus.js/src/Room.ts:89:30)
          at callListener (/data/Workspace/helios/starwards/node_modules/colyseus.js/node_modules/ws/lib/event-target.js:290:14)
          at WebSocket.onClose (/data/Workspace/helios/starwards/node_modules/colyseus.js/node_modules/ws/lib/event-target.js:220:9)
          at WebSocket.emit (node:events:524:28)
          at WebSocket.emitClose (/data/Workspace/helios/starwards/node_modules/colyseus.js/node_modules/ws/lib/websocket.js:272:10)
          at Socket.socketOnClose (/data/Workspace/helios/starwards/node_modules/colyseus.js/node_modules/ws/lib/websocket.js:1341:15)
          at Socket.emit (node:events:524:28)
          at TCP.<anonymous> (node:net:343:12)

      at ConnectionManager.onConnectionError (modules/core/src/client/connection-manager.ts:144:21)
          at Array.forEach (<anonymous>)

    console.log
      connection error: TypeError: Cannot read properties of undefined (reading 'decoder')
          at wireEvents (/data/Workspace/helios/starwards/node_modules/colyseus-events/src/wire-events.ts:30:40)
          at /data/Workspace/helios/starwards/modules/core/src/client/admin.ts:20:5
          at processTicksAndRejections (node:internal/process/task_queues:95:5)
          at /data/Workspace/helios/starwards/modules/core/src/client/connection-manager.ts:131:21

      at ConnectionManager.onConnectionError (modules/core/src/client/connection-manager.ts:144:21)

    console.log
      connection error: Error: disconnected from server
          at EventEmitter.<anonymous> (/data/Workspace/helios/starwards/modules/core/src/client/driver.ts:53:58)
          at /data/Workspace/helios/starwards/node_modules/colyseus.js/src/core/signal.ts:15:48
          at Array.forEach (<anonymous>)
          at EventEmitter.invoke (/data/Workspace/helios/starwards/node_modules/colyseus.js/src/core/signal.ts:15:19)
          at Function.register.invoke (/data/Workspace/helios/starwards/node_modules/colyseus.js/src/core/signal.ts:57:81)
          at WebSocket.connection.events.onclose (/data/Workspace/helios/starwards/node_modules/colyseus.js/src/Room.ts:89:30)
          at callListener (/data/Workspace/helios/starwards/node_modules/colyseus.js/node_modules/ws/lib/event-target.js:290:14)
          at WebSocket.onClose (/data/Workspace/helios/starwards/node_modules/colyseus.js/node_modules/ws/lib/event-target.js:220:9)
          at WebSocket.emit (node:events:524:28)
          at WebSocket.emitClose (/data/Workspace/helios/starwards/node_modules/colyseus.js/node_modules/ws/lib/websocket.js:272:10)
          at Socket.socketOnClose (/data/Workspace/helios/starwards/node_modules/colyseus.js/node_modules/ws/lib/websocket.js:1341:15)
          at Socket.emit (node:events:524:28)
          at TCP.<anonymous> (node:net:343:12)

      at ConnectionManager.onConnectionError (modules/core/src/client/connection-manager.ts:144:21)
          at Array.forEach (<anonymous>)

    console.log
      connection error: TypeError: Cannot read properties of undefined (reading 'decoder')
          at wireEvents (/data/Workspace/helios/starwards/node_modules/colyseus-events/src/wire-events.ts:30:40)
          at /data/Workspace/helios/starwards/modules/core/src/client/admin.ts:20:5
          at processTicksAndRejections (node:internal/process/task_queues:95:5)
          at /data/Workspace/helios/starwards/modules/core/src/client/connection-manager.ts:131:21

      at ConnectionManager.onConnectionError (modules/core/src/client/connection-manager.ts:144:21)

    console.log
      connection error: Error: disconnected from server
          at EventEmitter.<anonymous> (/data/Workspace/helios/starwards/modules/core/src/client/driver.ts:53:58)
          at /data/Workspace/helios/starwards/node_modules/colyseus.js/src/core/signal.ts:15:48
          at Array.forEach (<anonymous>)
          at EventEmitter.invoke (/data/Workspace/helios/starwards/node_modules/colyseus.js/src/core/signal.ts:15:19)
          at Function.register.invoke (/data/Workspace/helios/starwards/node_modules/colyseus.js/src/core/signal.ts:57:81)
          at WebSocket.connection.events.onclose (/data/Workspace/helios/starwards/node_modules/colyseus.js/src/Room.ts:89:30)
          at callListener (/data/Workspace/helios/starwards/node_modules/colyseus.js/node_modules/ws/lib/event-target.js:290:14)
          at WebSocket.onClose (/data/Workspace/helios/starwards/node_modules/colyseus.js/node_modules/ws/lib/event-target.js:220:9)
          at WebSocket.emit (node:events:524:28)
          at WebSocket.emitClose (/data/Workspace/helios/starwards/node_modules/colyseus.js/node_modules/ws/lib/websocket.js:272:10)
          at Socket.socketOnClose (/data/Workspace/helios/starwards/node_modules/colyseus.js/node_modules/ws/lib/websocket.js:1341:15)
          at Socket.emit (node:events:524:28)
          at TCP.<anonymous> (node:net:343:12)

      at ConnectionManager.onConnectionError (modules/core/src/client/connection-manager.ts:144:21)
          at Array.forEach (<anonymous>)

    console.log
      connection error: TypeError: Cannot read properties of undefined (reading 'decoder')
          at wireEvents (/data/Workspace/helios/starwards/node_modules/colyseus-events/src/wire-events.ts:30:40)
          at /data/Workspace/helios/starwards/modules/core/src/client/admin.ts:20:5
          at processTicksAndRejections (node:internal/process/task_queues:95:5)
          at /data/Workspace/helios/starwards/modules/core/src/client/connection-manager.ts:131:21

      at ConnectionManager.onConnectionError (modules/core/src/client/connection-manager.ts:144:21)

    console.log
      connection error: Error: disconnected from server
          at EventEmitter.<anonymous> (/data/Workspace/helios/starwards/modules/core/src/client/driver.ts:53:58)
          at /data/Workspace/helios/starwards/node_modules/colyseus.js/src/core/signal.ts:15:48
          at Array.forEach (<anonymous>)
          at EventEmitter.invoke (/data/Workspace/helios/starwards/node_modules/colyseus.js/src/core/signal.ts:15:19)
          at Function.register.invoke (/data/Workspace/helios/starwards/node_modules/colyseus.js/src/core/signal.ts:57:81)
          at WebSocket.connection.events.onclose (/data/Workspace/helios/starwards/node_modules/colyseus.js/src/Room.ts:89:30)
          at callListener (/data/Workspace/helios/starwards/node_modules/colyseus.js/node_modules/ws/lib/event-target.js:290:14)
          at WebSocket.onClose (/data/Workspace/helios/starwards/node_modules/colyseus.js/node_modules/ws/lib/event-target.js:220:9)
          at WebSocket.emit (node:events:524:28)
          at WebSocket.emitClose (/data/Workspace/helios/starwards/node_modules/colyseus.js/node_modules/ws/lib/websocket.js:272:10)
          at Socket.socketOnClose (/data/Workspace/helios/starwards/node_modules/colyseus.js/node_modules/ws/lib/websocket.js:1341:15)
          at Socket.emit (node:events:524:28)
          at TCP.<anonymous> (node:net:343:12)

      at ConnectionManager.onConnectionError (modules/core/src/client/connection-manager.ts:144:21)
          at Array.forEach (<anonymous>)

    console.log
      connection error: TypeError: Cannot read properties of undefined (reading 'decoder')
          at wireEvents (/data/Workspace/helios/starwards/node_modules/colyseus-events/src/wire-events.ts:30:40)
          at /data/Workspace/helios/starwards/modules/core/src/client/admin.ts:20:5
          at processTicksAndRejections (node:internal/process/task_queues:95:5)
          at /data/Workspace/helios/starwards/modules/core/src/client/connection-manager.ts:131:21

      at ConnectionManager.onConnectionError (modules/core/src/client/connection-manager.ts:144:21)

    console.log
      connection error: Error: disconnected from server
          at EventEmitter.<anonymous> (/data/Workspace/helios/starwards/modules/core/src/client/driver.ts:53:58)
          at /data/Workspace/helios/starwards/node_modules/colyseus.js/src/core/signal.ts:15:48
          at Array.forEach (<anonymous>)
          at EventEmitter.invoke (/data/Workspace/helios/starwards/node_modules/colyseus.js/src/core/signal.ts:15:19)
          at Function.register.invoke (/data/Workspace/helios/starwards/node_modules/colyseus.js/src/core/signal.ts:57:81)
          at WebSocket.connection.events.onclose (/data/Workspace/helios/starwards/node_modules/colyseus.js/src/Room.ts:89:30)
          at callListener (/data/Workspace/helios/starwards/node_modules/colyseus.js/node_modules/ws/lib/event-target.js:290:14)
          at WebSocket.onClose (/data/Workspace/helios/starwards/node_modules/colyseus.js/node_modules/ws/lib/event-target.js:220:9)
          at WebSocket.emit (node:events:524:28)
          at WebSocket.emitClose (/data/Workspace/helios/starwards/node_modules/colyseus.js/node_modules/ws/lib/websocket.js:272:10)
          at Socket.socketOnClose (/data/Workspace/helios/starwards/node_modules/colyseus.js/node_modules/ws/lib/websocket.js:1341:15)
          at Socket.emit (node:events:524:28)
          at TCP.<anonymous> (node:net:343:12)

      at ConnectionManager.onConnectionError (modules/core/src/client/connection-manager.ts:144:21)
          at Array.forEach (<anonymous>)

    console.log
      connection error: TypeError: Cannot read properties of undefined (reading 'decoder')
          at wireEvents (/data/Workspace/helios/starwards/node_modules/colyseus-events/src/wire-events.ts:30:40)
          at /data/Workspace/helios/starwards/modules/core/src/client/admin.ts:20:5
          at processTicksAndRejections (node:internal/process/task_queues:95:5)
          at /data/Workspace/helios/starwards/modules/core/src/client/connection-manager.ts:131:21

      at ConnectionManager.onConnectionError (modules/core/src/client/connection-manager.ts:144:21)

    console.log
      connection error: Error: disconnected from server
          at EventEmitter.<anonymous> (/data/Workspace/helios/starwards/modules/core/src/client/driver.ts:53:58)
          at /data/Workspace/helios/starwards/node_modules/colyseus.js/src/core/signal.ts:15:48
          at Array.forEach (<anonymous>)
          at EventEmitter.invoke (/data/Workspace/helios/starwards/node_modules/colyseus.js/src/core/signal.ts:15:19)
          at Function.register.invoke (/data/Workspace/helios/starwards/node_modules/colyseus.js/src/core/signal.ts:57:81)
          at WebSocket.connection.events.onclose (/data/Workspace/helios/starwards/node_modules/colyseus.js/src/Room.ts:89:30)
          at callListener (/data/Workspace/helios/starwards/node_modules/colyseus.js/node_modules/ws/lib/event-target.js:290:14)
          at WebSocket.onClose (/data/Workspace/helios/starwards/node_modules/colyseus.js/node_modules/ws/lib/event-target.js:220:9)
          at WebSocket.emit (node:events:524:28)
          at WebSocket.emitClose (/data/Workspace/helios/starwards/node_modules/colyseus.js/node_modules/ws/lib/websocket.js:272:10)
          at Socket.socketOnClose (/data/Workspace/helios/starwards/node_modules/colyseus.js/node_modules/ws/lib/websocket.js:1341:15)
          at Socket.emit (node:events:524:28)
          at TCP.<anonymous> (node:net:343:12)

      at ConnectionManager.onConnectionError (modules/core/src/client/connection-manager.ts:144:21)
          at Array.forEach (<anonymous>)

    console.log
      connection error: TypeError: Cannot read properties of undefined (reading 'decoder')
          at wireEvents (/data/Workspace/helios/starwards/node_modules/colyseus-events/src/wire-events.ts:30:40)
          at /data/Workspace/helios/starwards/modules/core/src/client/admin.ts:20:5
          at processTicksAndRejections (node:internal/process/task_queues:95:5)
          at /data/Workspace/helios/starwards/modules/core/src/client/connection-manager.ts:131:21

      at ConnectionManager.onConnectionError (modules/core/src/client/connection-manager.ts:144:21)

    console.log
      connection error: Error: disconnected from server
          at EventEmitter.<anonymous> (/data/Workspace/helios/starwards/modules/core/src/client/driver.ts:53:58)
          at /data/Workspace/helios/starwards/node_modules/colyseus.js/src/core/signal.ts:15:48
          at Array.forEach (<anonymous>)
          at EventEmitter.invoke (/data/Workspace/helios/starwards/node_modules/colyseus.js/src/core/signal.ts:15:19)
          at Function.register.invoke (/data/Workspace/helios/starwards/node_modules/colyseus.js/src/core/signal.ts:57:81)
          at WebSocket.connection.events.onclose (/data/Workspace/helios/starwards/node_modules/colyseus.js/src/Room.ts:89:30)
          at callListener (/data/Workspace/helios/starwards/node_modules/colyseus.js/node_modules/ws/lib/event-target.js:290:14)
          at WebSocket.onClose (/data/Workspace/helios/starwards/node_modules/colyseus.js/node_modules/ws/lib/event-target.js:220:9)
          at WebSocket.emit (node:events:524:28)
          at WebSocket.emitClose (/data/Workspace/helios/starwards/node_modules/colyseus.js/node_modules/ws/lib/websocket.js:272:10)
          at Socket.socketOnClose (/data/Workspace/helios/starwards/node_modules/colyseus.js/node_modules/ws/lib/websocket.js:1341:15)
          at Socket.emit (node:events:524:28)
          at TCP.<anonymous> (node:net:343:12)

      at ConnectionManager.onConnectionError (modules/core/src/client/connection-manager.ts:144:21)
          at Array.forEach (<anonymous>)

    console.log
      connection error: TypeError: Cannot read properties of undefined (reading 'decoder')
          at wireEvents (/data/Workspace/helios/starwards/node_modules/colyseus-events/src/wire-events.ts:30:40)
          at /data/Workspace/helios/starwards/modules/core/src/client/admin.ts:20:5
          at processTicksAndRejections (node:internal/process/task_queues:95:5)
          at /data/Workspace/helios/starwards/modules/core/src/client/connection-manager.ts:131:21

      at ConnectionManager.onConnectionError (modules/core/src/client/connection-manager.ts:144:21)

    console.log
      connection error: Error: disconnected from server
          at EventEmitter.<anonymous> (/data/Workspace/helios/starwards/modules/core/src/client/driver.ts:53:58)
          at /data/Workspace/helios/starwards/node_modules/colyseus.js/src/core/signal.ts:15:48
          at Array.forEach (<anonymous>)
          at EventEmitter.invoke (/data/Workspace/helios/starwards/node_modules/colyseus.js/src/core/signal.ts:15:19)
          at Function.register.invoke (/data/Workspace/helios/starwards/node_modules/colyseus.js/src/core/signal.ts:57:81)
          at WebSocket.connection.events.onclose (/data/Workspace/helios/starwards/node_modules/colyseus.js/src/Room.ts:89:30)
          at callListener (/data/Workspace/helios/starwards/node_modules/colyseus.js/node_modules/ws/lib/event-target.js:290:14)
          at WebSocket.onClose (/data/Workspace/helios/starwards/node_modules/colyseus.js/node_modules/ws/lib/event-target.js:220:9)
          at WebSocket.emit (node:events:524:28)
          at WebSocket.emitClose (/data/Workspace/helios/starwards/node_modules/colyseus.js/node_modules/ws/lib/websocket.js:272:10)
          at Socket.socketOnClose (/data/Workspace/helios/starwards/node_modules/colyseus.js/node_modules/ws/lib/websocket.js:1341:15)
          at Socket.emit (node:events:524:28)
          at TCP.<anonymous> (node:net:343:12)

      at ConnectionManager.onConnectionError (modules/core/src/client/connection-manager.ts:144:21)
          at Array.forEach (<anonymous>)

    console.log
      connection error: TypeError: Cannot read properties of undefined (reading 'decoder')
          at wireEvents (/data/Workspace/helios/starwards/node_modules/colyseus-events/src/wire-events.ts:30:40)
          at /data/Workspace/helios/starwards/modules/core/src/client/admin.ts:20:5
          at processTicksAndRejections (node:internal/process/task_queues:95:5)
          at /data/Workspace/helios/starwards/modules/core/src/client/connection-manager.ts:131:21

      at ConnectionManager.onConnectionError (modules/core/src/client/connection-manager.ts:144:21)

    console.log
      connection error: Error: disconnected from server
          at EventEmitter.<anonymous> (/data/Workspace/helios/starwards/modules/core/src/client/driver.ts:53:58)
          at /data/Workspace/helios/starwards/node_modules/colyseus.js/src/core/signal.ts:15:48
          at Array.forEach (<anonymous>)
          at EventEmitter.invoke (/data/Workspace/helios/starwards/node_modules/colyseus.js/src/core/signal.ts:15:19)
          at Function.register.invoke (/data/Workspace/helios/starwards/node_modules/colyseus.js/src/core/signal.ts:57:81)
          at WebSocket.connection.events.onclose (/data/Workspace/helios/starwards/node_modules/colyseus.js/src/Room.ts:89:30)
          at callListener (/data/Workspace/helios/starwards/node_modules/colyseus.js/node_modules/ws/lib/event-target.js:290:14)
          at WebSocket.onClose (/data/Workspace/helios/starwards/node_modules/colyseus.js/node_modules/ws/lib/event-target.js:220:9)
          at WebSocket.emit (node:events:524:28)
          at WebSocket.emitClose (/data/Workspace/helios/starwards/node_modules/colyseus.js/node_modules/ws/lib/websocket.js:272:10)
          at Socket.socketOnClose (/data/Workspace/helios/starwards/node_modules/colyseus.js/node_modules/ws/lib/websocket.js:1341:15)
          at Socket.emit (node:events:524:28)
          at TCP.<anonymous> (node:net:343:12)

      at ConnectionManager.onConnectionError (modules/core/src/client/connection-manager.ts:144:21)
          at Array.forEach (<anonymous>)

    console.log
      connection error: TypeError: Cannot read properties of undefined (reading 'decoder')
          at wireEvents (/data/Workspace/helios/starwards/node_modules/colyseus-events/src/wire-events.ts:30:40)
          at /data/Workspace/helios/starwards/modules/core/src/client/admin.ts:20:5
          at processTicksAndRejections (node:internal/process/task_queues:95:5)
          at /data/Workspace/helios/starwards/modules/core/src/client/connection-manager.ts:131:21

      at ConnectionManager.onConnectionError (modules/core/src/client/connection-manager.ts:144:21)

    console.log
      connection error: Error: disconnected from server
          at EventEmitter.<anonymous> (/data/Workspace/helios/starwards/modules/core/src/client/driver.ts:53:58)
          at /data/Workspace/helios/starwards/node_modules/colyseus.js/src/core/signal.ts:15:48
          at Array.forEach (<anonymous>)
          at EventEmitter.invoke (/data/Workspace/helios/starwards/node_modules/colyseus.js/src/core/signal.ts:15:19)
          at Function.register.invoke (/data/Workspace/helios/starwards/node_modules/colyseus.js/src/core/signal.ts:57:81)
          at WebSocket.connection.events.onclose (/data/Workspace/helios/starwards/node_modules/colyseus.js/src/Room.ts:89:30)
          at callListener (/data/Workspace/helios/starwards/node_modules/colyseus.js/node_modules/ws/lib/event-target.js:290:14)
          at WebSocket.onClose (/data/Workspace/helios/starwards/node_modules/colyseus.js/node_modules/ws/lib/event-target.js:220:9)
          at WebSocket.emit (node:events:524:28)
          at WebSocket.emitClose (/data/Workspace/helios/starwards/node_modules/colyseus.js/node_modules/ws/lib/websocket.js:272:10)
          at Socket.socketOnClose (/data/Workspace/helios/starwards/node_modules/colyseus.js/node_modules/ws/lib/websocket.js:1341:15)
          at Socket.emit (node:events:524:28)
          at TCP.<anonymous> (node:net:343:12)

      at ConnectionManager.onConnectionError (modules/core/src/client/connection-manager.ts:144:21)
          at Array.forEach (<anonymous>)

    console.log
      connection error: TypeError: Cannot read properties of undefined (reading 'decoder')
          at wireEvents (/data/Workspace/helios/starwards/node_modules/colyseus-events/src/wire-events.ts:30:40)
          at /data/Workspace/helios/starwards/modules/core/src/client/admin.ts:20:5
          at processTicksAndRejections (node:internal/process/task_queues:95:5)
          at /data/Workspace/helios/starwards/modules/core/src/client/connection-manager.ts:131:21

      at ConnectionManager.onConnectionError (modules/core/src/client/connection-manager.ts:144:21)

    console.log
      connection error: Error: disconnected from server
          at EventEmitter.<anonymous> (/data/Workspace/helios/starwards/modules/core/src/client/driver.ts:53:58)
          at /data/Workspace/helios/starwards/node_modules/colyseus.js/src/core/signal.ts:15:48
          at Array.forEach (<anonymous>)
          at EventEmitter.invoke (/data/Workspace/helios/starwards/node_modules/colyseus.js/src/core/signal.ts:15:19)
          at Function.register.invoke (/data/Workspace/helios/starwards/node_modules/colyseus.js/src/core/signal.ts:57:81)
          at WebSocket.connection.events.onclose (/data/Workspace/helios/starwards/node_modules/colyseus.js/src/Room.ts:89:30)
          at callListener (/data/Workspace/helios/starwards/node_modules/colyseus.js/node_modules/ws/lib/event-target.js:290:14)
          at WebSocket.onClose (/data/Workspace/helios/starwards/node_modules/colyseus.js/node_modules/ws/lib/event-target.js:220:9)
          at WebSocket.emit (node:events:524:28)
          at WebSocket.emitClose (/data/Workspace/helios/starwards/node_modules/colyseus.js/node_modules/ws/lib/websocket.js:272:10)
          at Socket.socketOnClose (/data/Workspace/helios/starwards/node_modules/colyseus.js/node_modules/ws/lib/websocket.js:1341:15)
          at Socket.emit (node:events:524:28)
          at TCP.<anonymous> (node:net:343:12)

      at ConnectionManager.onConnectionError (modules/core/src/client/connection-manager.ts:144:21)
          at Array.forEach (<anonymous>)

    console.log
      connection error: TypeError: Cannot read properties of undefined (reading 'decoder')
          at wireEvents (/data/Workspace/helios/starwards/node_modules/colyseus-events/src/wire-events.ts:30:40)
          at /data/Workspace/helios/starwards/modules/core/src/client/admin.ts:20:5
          at processTicksAndRejections (node:internal/process/task_queues:95:5)
          at /data/Workspace/helios/starwards/modules/core/src/client/connection-manager.ts:131:21

      at ConnectionManager.onConnectionError (modules/core/src/client/connection-manager.ts:144:21)

    console.log
      connection error: Error: disconnected from server
          at EventEmitter.<anonymous> (/data/Workspace/helios/starwards/modules/core/src/client/driver.ts:53:58)
          at /data/Workspace/helios/starwards/node_modules/colyseus.js/src/core/signal.ts:15:48
          at Array.forEach (<anonymous>)
          at EventEmitter.invoke (/data/Workspace/helios/starwards/node_modules/colyseus.js/src/core/signal.ts:15:19)
          at Function.register.invoke (/data/Workspace/helios/starwards/node_modules/colyseus.js/src/core/signal.ts:57:81)
          at WebSocket.connection.events.onclose (/data/Workspace/helios/starwards/node_modules/colyseus.js/src/Room.ts:89:30)
          at callListener (/data/Workspace/helios/starwards/node_modules/colyseus.js/node_modules/ws/lib/event-target.js:290:14)
          at WebSocket.onClose (/data/Workspace/helios/starwards/node_modules/colyseus.js/node_modules/ws/lib/event-target.js:220:9)
          at WebSocket.emit (node:events:524:28)
          at WebSocket.emitClose (/data/Workspace/helios/starwards/node_modules/colyseus.js/node_modules/ws/lib/websocket.js:272:10)
          at Socket.socketOnClose (/data/Workspace/helios/starwards/node_modules/colyseus.js/node_modules/ws/lib/websocket.js:1341:15)
          at Socket.emit (node:events:524:28)
          at TCP.<anonymous> (node:net:343:12)

      at ConnectionManager.onConnectionError (modules/core/src/client/connection-manager.ts:144:21)
          at Array.forEach (<anonymous>)

    console.log
      connection error: TypeError: Cannot read properties of undefined (reading 'decoder')
          at wireEvents (/data/Workspace/helios/starwards/node_modules/colyseus-events/src/wire-events.ts:30:40)
          at /data/Workspace/helios/starwards/modules/core/src/client/admin.ts:20:5
          at processTicksAndRejections (node:internal/process/task_queues:95:5)
          at /data/Workspace/helios/starwards/modules/core/src/client/connection-manager.ts:131:21

      at ConnectionManager.onConnectionError (modules/core/src/client/connection-manager.ts:144:21)

    console.log
      connection error: Error: disconnected from server
          at EventEmitter.<anonymous> (/data/Workspace/helios/starwards/modules/core/src/client/driver.ts:53:58)
          at /data/Workspace/helios/starwards/node_modules/colyseus.js/src/core/signal.ts:15:48
          at Array.forEach (<anonymous>)
          at EventEmitter.invoke (/data/Workspace/helios/starwards/node_modules/colyseus.js/src/core/signal.ts:15:19)
          at Function.register.invoke (/data/Workspace/helios/starwards/node_modules/colyseus.js/src/core/signal.ts:57:81)
          at WebSocket.connection.events.onclose (/data/Workspace/helios/starwards/node_modules/colyseus.js/src/Room.ts:89:30)
          at callListener (/data/Workspace/helios/starwards/node_modules/colyseus.js/node_modules/ws/lib/event-target.js:290:14)
          at WebSocket.onClose (/data/Workspace/helios/starwards/node_modules/colyseus.js/node_modules/ws/lib/event-target.js:220:9)
          at WebSocket.emit (node:events:524:28)
          at WebSocket.emitClose (/data/Workspace/helios/starwards/node_modules/colyseus.js/node_modules/ws/lib/websocket.js:272:10)
          at Socket.socketOnClose (/data/Workspace/helios/starwards/node_modules/colyseus.js/node_modules/ws/lib/websocket.js:1341:15)
          at Socket.emit (node:events:524:28)
          at TCP.<anonymous> (node:net:343:12)

      at ConnectionManager.onConnectionError (modules/core/src/client/connection-manager.ts:144:21)
          at Array.forEach (<anonymous>)

    console.log
      connection error: TypeError: Cannot read properties of undefined (reading 'decoder')
          at wireEvents (/data/Workspace/helios/starwards/node_modules/colyseus-events/src/wire-events.ts:30:40)
          at /data/Workspace/helios/starwards/modules/core/src/client/admin.ts:20:5
          at processTicksAndRejections (node:internal/process/task_queues:95:5)
          at /data/Workspace/helios/starwards/modules/core/src/client/connection-manager.ts:131:21

      at ConnectionManager.onConnectionError (modules/core/src/client/connection-manager.ts:144:21)

    console.log
      connection error: Error: disconnected from server
          at EventEmitter.<anonymous> (/data/Workspace/helios/starwards/modules/core/src/client/driver.ts:53:58)
          at /data/Workspace/helios/starwards/node_modules/colyseus.js/src/core/signal.ts:15:48
          at Array.forEach (<anonymous>)
          at EventEmitter.invoke (/data/Workspace/helios/starwards/node_modules/colyseus.js/src/core/signal.ts:15:19)
          at Function.register.invoke (/data/Workspace/helios/starwards/node_modules/colyseus.js/src/core/signal.ts:57:81)
          at WebSocket.connection.events.onclose (/data/Workspace/helios/starwards/node_modules/colyseus.js/src/Room.ts:89:30)
          at callListener (/data/Workspace/helios/starwards/node_modules/colyseus.js/node_modules/ws/lib/event-target.js:290:14)
          at WebSocket.onClose (/data/Workspace/helios/starwards/node_modules/colyseus.js/node_modules/ws/lib/event-target.js:220:9)
          at WebSocket.emit (node:events:524:28)
          at WebSocket.emitClose (/data/Workspace/helios/starwards/node_modules/colyseus.js/node_modules/ws/lib/websocket.js:272:10)
          at Socket.socketOnClose (/data/Workspace/helios/starwards/node_modules/colyseus.js/node_modules/ws/lib/websocket.js:1341:15)
          at Socket.emit (node:events:524:28)
          at TCP.<anonymous> (node:net:343:12)

      at ConnectionManager.onConnectionError (modules/core/src/client/connection-manager.ts:144:21)
          at Array.forEach (<anonymous>)

    console.log
      connection error: TypeError: Cannot read properties of undefined (reading 'decoder')
          at wireEvents (/data/Workspace/helios/starwards/node_modules/colyseus-events/src/wire-events.ts:30:40)
          at /data/Workspace/helios/starwards/modules/core/src/client/admin.ts:20:5
          at processTicksAndRejections (node:internal/process/task_queues:95:5)
          at /data/Workspace/helios/starwards/modules/core/src/client/connection-manager.ts:131:21

      at ConnectionManager.onConnectionError (modules/core/src/client/connection-manager.ts:144:21)

    console.log
      connection error: Error: disconnected from server
          at EventEmitter.<anonymous> (/data/Workspace/helios/starwards/modules/core/src/client/driver.ts:53:58)
          at /data/Workspace/helios/starwards/node_modules/colyseus.js/src/core/signal.ts:15:48
          at Array.forEach (<anonymous>)
          at EventEmitter.invoke (/data/Workspace/helios/starwards/node_modules/colyseus.js/src/core/signal.ts:15:19)
          at Function.register.invoke (/data/Workspace/helios/starwards/node_modules/colyseus.js/src/core/signal.ts:57:81)
          at WebSocket.connection.events.onclose (/data/Workspace/helios/starwards/node_modules/colyseus.js/src/Room.ts:89:30)
          at callListener (/data/Workspace/helios/starwards/node_modules/colyseus.js/node_modules/ws/lib/event-target.js:290:14)
          at WebSocket.onClose (/data/Workspace/helios/starwards/node_modules/colyseus.js/node_modules/ws/lib/event-target.js:220:9)
          at WebSocket.emit (node:events:524:28)
          at WebSocket.emitClose (/data/Workspace/helios/starwards/node_modules/colyseus.js/node_modules/ws/lib/websocket.js:272:10)
          at Socket.socketOnClose (/data/Workspace/helios/starwards/node_modules/colyseus.js/node_modules/ws/lib/websocket.js:1341:15)
          at Socket.emit (node:events:524:28)
          at TCP.<anonymous> (node:net:343:12)

      at ConnectionManager.onConnectionError (modules/core/src/client/connection-manager.ts:144:21)
          at Array.forEach (<anonymous>)

    console.log
      connection error: TypeError: Cannot read properties of undefined (reading 'decoder')
          at wireEvents (/data/Workspace/helios/starwards/node_modules/colyseus-events/src/wire-events.ts:30:40)
          at /data/Workspace/helios/starwards/modules/core/src/client/admin.ts:20:5
          at processTicksAndRejections (node:internal/process/task_queues:95:5)
          at /data/Workspace/helios/starwards/modules/core/src/client/connection-manager.ts:131:21

      at ConnectionManager.onConnectionError (modules/core/src/client/connection-manager.ts:144:21)

    console.log
      connection error: Error: disconnected from server
          at EventEmitter.<anonymous> (/data/Workspace/helios/starwards/modules/core/src/client/driver.ts:53:58)
          at /data/Workspace/helios/starwards/node_modules/colyseus.js/src/core/signal.ts:15:48
          at Array.forEach (<anonymous>)
          at EventEmitter.invoke (/data/Workspace/helios/starwards/node_modules/colyseus.js/src/core/signal.ts:15:19)
          at Function.register.invoke (/data/Workspace/helios/starwards/node_modules/colyseus.js/src/core/signal.ts:57:81)
          at WebSocket.connection.events.onclose (/data/Workspace/helios/starwards/node_modules/colyseus.js/src/Room.ts:89:30)
          at callListener (/data/Workspace/helios/starwards/node_modules/colyseus.js/node_modules/ws/lib/event-target.js:290:14)
          at WebSocket.onClose (/data/Workspace/helios/starwards/node_modules/colyseus.js/node_modules/ws/lib/event-target.js:220:9)
          at WebSocket.emit (node:events:524:28)
          at WebSocket.emitClose (/data/Workspace/helios/starwards/node_modules/colyseus.js/node_modules/ws/lib/websocket.js:272:10)
          at Socket.socketOnClose (/data/Workspace/helios/starwards/node_modules/colyseus.js/node_modules/ws/lib/websocket.js:1341:15)
          at Socket.emit (node:events:524:28)
          at TCP.<anonymous> (node:net:343:12)

      at ConnectionManager.onConnectionError (modules/core/src/client/connection-manager.ts:144:21)
          at Array.forEach (<anonymous>)

    console.log
      connection error: TypeError: Cannot read properties of undefined (reading 'decoder')
          at wireEvents (/data/Workspace/helios/starwards/node_modules/colyseus-events/src/wire-events.ts:30:40)
          at /data/Workspace/helios/starwards/modules/core/src/client/admin.ts:20:5
          at processTicksAndRejections (node:internal/process/task_queues:95:5)
          at /data/Workspace/helios/starwards/modules/core/src/client/connection-manager.ts:131:21

      at ConnectionManager.onConnectionError (modules/core/src/client/connection-manager.ts:144:21)

    console.log
      connection error: Error: disconnected from server
          at EventEmitter.<anonymous> (/data/Workspace/helios/starwards/modules/core/src/client/driver.ts:53:58)
          at /data/Workspace/helios/starwards/node_modules/colyseus.js/src/core/signal.ts:15:48
          at Array.forEach (<anonymous>)
          at EventEmitter.invoke (/data/Workspace/helios/starwards/node_modules/colyseus.js/src/core/signal.ts:15:19)
          at Function.register.invoke (/data/Workspace/helios/starwards/node_modules/colyseus.js/src/core/signal.ts:57:81)
          at WebSocket.connection.events.onclose (/data/Workspace/helios/starwards/node_modules/colyseus.js/src/Room.ts:89:30)
          at callListener (/data/Workspace/helios/starwards/node_modules/colyseus.js/node_modules/ws/lib/event-target.js:290:14)
          at WebSocket.onClose (/data/Workspace/helios/starwards/node_modules/colyseus.js/node_modules/ws/lib/event-target.js:220:9)
          at WebSocket.emit (node:events:524:28)
          at WebSocket.emitClose (/data/Workspace/helios/starwards/node_modules/colyseus.js/node_modules/ws/lib/websocket.js:272:10)
          at Socket.socketOnClose (/data/Workspace/helios/starwards/node_modules/colyseus.js/node_modules/ws/lib/websocket.js:1341:15)
          at Socket.emit (node:events:524:28)
          at TCP.<anonymous> (node:net:343:12)

      at ConnectionManager.onConnectionError (modules/core/src/client/connection-manager.ts:144:21)
          at Array.forEach (<anonymous>)

    console.log
      connection error: TypeError: Cannot read properties of undefined (reading 'decoder')
          at wireEvents (/data/Workspace/helios/starwards/node_modules/colyseus-events/src/wire-events.ts:30:40)
          at /data/Workspace/helios/starwards/modules/core/src/client/admin.ts:20:5
          at processTicksAndRejections (node:internal/process/task_queues:95:5)
          at /data/Workspace/helios/starwards/modules/core/src/client/connection-manager.ts:131:21

      at ConnectionManager.onConnectionError (modules/core/src/client/connection-manager.ts:144:21)

    console.log
      connection error: Error: disconnected from server
          at EventEmitter.<anonymous> (/data/Workspace/helios/starwards/modules/core/src/client/driver.ts:53:58)
          at /data/Workspace/helios/starwards/node_modules/colyseus.js/src/core/signal.ts:15:48
          at Array.forEach (<anonymous>)
          at EventEmitter.invoke (/data/Workspace/helios/starwards/node_modules/colyseus.js/src/core/signal.ts:15:19)
          at Function.register.invoke (/data/Workspace/helios/starwards/node_modules/colyseus.js/src/core/signal.ts:57:81)
          at WebSocket.connection.events.onclose (/data/Workspace/helios/starwards/node_modules/colyseus.js/src/Room.ts:89:30)
          at callListener (/data/Workspace/helios/starwards/node_modules/colyseus.js/node_modules/ws/lib/event-target.js:290:14)
          at WebSocket.onClose (/data/Workspace/helios/starwards/node_modules/colyseus.js/node_modules/ws/lib/event-target.js:220:9)
          at WebSocket.emit (node:events:524:28)
          at WebSocket.emitClose (/data/Workspace/helios/starwards/node_modules/colyseus.js/node_modules/ws/lib/websocket.js:272:10)
          at Socket.socketOnClose (/data/Workspace/helios/starwards/node_modules/colyseus.js/node_modules/ws/lib/websocket.js:1341:15)
          at Socket.emit (node:events:524:28)
          at TCP.<anonymous> (node:net:343:12)

      at ConnectionManager.onConnectionError (modules/core/src/client/connection-manager.ts:144:21)
          at Array.forEach (<anonymous>)

    console.log
      connection error: TypeError: Cannot read properties of undefined (reading 'decoder')
          at wireEvents (/data/Workspace/helios/starwards/node_modules/colyseus-events/src/wire-events.ts:30:40)
          at /data/Workspace/helios/starwards/modules/core/src/client/admin.ts:20:5
          at processTicksAndRejections (node:internal/process/task_queues:95:5)
          at /data/Workspace/helios/starwards/modules/core/src/client/connection-manager.ts:131:21

      at ConnectionManager.onConnectionError (modules/core/src/client/connection-manager.ts:144:21)

    console.log
      connection error: Error: disconnected from server
          at EventEmitter.<anonymous> (/data/Workspace/helios/starwards/modules/core/src/client/driver.ts:53:58)
          at /data/Workspace/helios/starwards/node_modules/colyseus.js/src/core/signal.ts:15:48
          at Array.forEach (<anonymous>)
          at EventEmitter.invoke (/data/Workspace/helios/starwards/node_modules/colyseus.js/src/core/signal.ts:15:19)
          at Function.register.invoke (/data/Workspace/helios/starwards/node_modules/colyseus.js/src/core/signal.ts:57:81)
          at WebSocket.connection.events.onclose (/data/Workspace/helios/starwards/node_modules/colyseus.js/src/Room.ts:89:30)
          at callListener (/data/Workspace/helios/starwards/node_modules/colyseus.js/node_modules/ws/lib/event-target.js:290:14)
          at WebSocket.onClose (/data/Workspace/helios/starwards/node_modules/colyseus.js/node_modules/ws/lib/event-target.js:220:9)
          at WebSocket.emit (node:events:524:28)
          at WebSocket.emitClose (/data/Workspace/helios/starwards/node_modules/colyseus.js/node_modules/ws/lib/websocket.js:272:10)
          at Socket.socketOnClose (/data/Workspace/helios/starwards/node_modules/colyseus.js/node_modules/ws/lib/websocket.js:1341:15)
          at Socket.emit (node:events:524:28)
          at TCP.<anonymous> (node:net:343:12)

      at ConnectionManager.onConnectionError (modules/core/src/client/connection-manager.ts:144:21)
          at Array.forEach (<anonymous>)

    console.log
      connection error: TypeError: Cannot read properties of undefined (reading 'decoder')
          at wireEvents (/data/Workspace/helios/starwards/node_modules/colyseus-events/src/wire-events.ts:30:40)
          at /data/Workspace/helios/starwards/modules/core/src/client/admin.ts:20:5
          at processTicksAndRejections (node:internal/process/task_queues:95:5)
          at /data/Workspace/helios/starwards/modules/core/src/client/connection-manager.ts:131:21

      at ConnectionManager.onConnectionError (modules/core/src/client/connection-manager.ts:144:21)

    console.log
      connection error: Error: disconnected from server
          at EventEmitter.<anonymous> (/data/Workspace/helios/starwards/modules/core/src/client/driver.ts:53:58)
          at /data/Workspace/helios/starwards/node_modules/colyseus.js/src/core/signal.ts:15:48
          at Array.forEach (<anonymous>)
          at EventEmitter.invoke (/data/Workspace/helios/starwards/node_modules/colyseus.js/src/core/signal.ts:15:19)
          at Function.register.invoke (/data/Workspace/helios/starwards/node_modules/colyseus.js/src/core/signal.ts:57:81)
          at WebSocket.connection.events.onclose (/data/Workspace/helios/starwards/node_modules/colyseus.js/src/Room.ts:89:30)
          at callListener (/data/Workspace/helios/starwards/node_modules/colyseus.js/node_modules/ws/lib/event-target.js:290:14)
          at WebSocket.onClose (/data/Workspace/helios/starwards/node_modules/colyseus.js/node_modules/ws/lib/event-target.js:220:9)
          at WebSocket.emit (node:events:524:28)
          at WebSocket.emitClose (/data/Workspace/helios/starwards/node_modules/colyseus.js/node_modules/ws/lib/websocket.js:272:10)
          at Socket.socketOnClose (/data/Workspace/helios/starwards/node_modules/colyseus.js/node_modules/ws/lib/websocket.js:1341:15)
          at Socket.emit (node:events:524:28)
          at TCP.<anonymous> (node:net:343:12)

      at ConnectionManager.onConnectionError (modules/core/src/client/connection-manager.ts:144:21)
          at Array.forEach (<anonymous>)

    console.log
      connection error: TypeError: Cannot read properties of undefined (reading 'decoder')
          at wireEvents (/data/Workspace/helios/starwards/node_modules/colyseus-events/src/wire-events.ts:30:40)
          at /data/Workspace/helios/starwards/modules/core/src/client/admin.ts:20:5
          at processTicksAndRejections (node:internal/process/task_queues:95:5)
          at /data/Workspace/helios/starwards/modules/core/src/client/connection-manager.ts:131:21

      at ConnectionManager.onConnectionError (modules/core/src/client/connection-manager.ts:144:21)

    console.log
      connection error: Error: disconnected from server
          at EventEmitter.<anonymous> (/data/Workspace/helios/starwards/modules/core/src/client/driver.ts:53:58)
          at /data/Workspace/helios/starwards/node_modules/colyseus.js/src/core/signal.ts:15:48
          at Array.forEach (<anonymous>)
          at EventEmitter.invoke (/data/Workspace/helios/starwards/node_modules/colyseus.js/src/core/signal.ts:15:19)
          at Function.register.invoke (/data/Workspace/helios/starwards/node_modules/colyseus.js/src/core/signal.ts:57:81)
          at WebSocket.connection.events.onclose (/data/Workspace/helios/starwards/node_modules/colyseus.js/src/Room.ts:89:30)
          at callListener (/data/Workspace/helios/starwards/node_modules/colyseus.js/node_modules/ws/lib/event-target.js:290:14)
          at WebSocket.onClose (/data/Workspace/helios/starwards/node_modules/colyseus.js/node_modules/ws/lib/event-target.js:220:9)
          at WebSocket.emit (node:events:524:28)
          at WebSocket.emitClose (/data/Workspace/helios/starwards/node_modules/colyseus.js/node_modules/ws/lib/websocket.js:272:10)
          at Socket.socketOnClose (/data/Workspace/helios/starwards/node_modules/colyseus.js/node_modules/ws/lib/websocket.js:1341:15)
          at Socket.emit (node:events:524:28)
          at TCP.<anonymous> (node:net:343:12)

      at ConnectionManager.onConnectionError (modules/core/src/client/connection-manager.ts:144:21)
          at Array.forEach (<anonymous>)

    console.log
      connection error: TypeError: Cannot read properties of undefined (reading 'decoder')
          at wireEvents (/data/Workspace/helios/starwards/node_modules/colyseus-events/src/wire-events.ts:30:40)
          at /data/Workspace/helios/starwards/modules/core/src/client/admin.ts:20:5
          at processTicksAndRejections (node:internal/process/task_queues:95:5)
          at /data/Workspace/helios/starwards/modules/core/src/client/connection-manager.ts:131:21

      at ConnectionManager.onConnectionError (modules/core/src/client/connection-manager.ts:144:21)

    console.log
      connection error: Error: disconnected from server
          at EventEmitter.<anonymous> (/data/Workspace/helios/starwards/modules/core/src/client/driver.ts:53:58)
          at /data/Workspace/helios/starwards/node_modules/colyseus.js/src/core/signal.ts:15:48
          at Array.forEach (<anonymous>)
          at EventEmitter.invoke (/data/Workspace/helios/starwards/node_modules/colyseus.js/src/core/signal.ts:15:19)
          at Function.register.invoke (/data/Workspace/helios/starwards/node_modules/colyseus.js/src/core/signal.ts:57:81)
          at WebSocket.connection.events.onclose (/data/Workspace/helios/starwards/node_modules/colyseus.js/src/Room.ts:89:30)
          at callListener (/data/Workspace/helios/starwards/node_modules/colyseus.js/node_modules/ws/lib/event-target.js:290:14)
          at WebSocket.onClose (/data/Workspace/helios/starwards/node_modules/colyseus.js/node_modules/ws/lib/event-target.js:220:9)
          at WebSocket.emit (node:events:524:28)
          at WebSocket.emitClose (/data/Workspace/helios/starwards/node_modules/colyseus.js/node_modules/ws/lib/websocket.js:272:10)
          at Socket.socketOnClose (/data/Workspace/helios/starwards/node_modules/colyseus.js/node_modules/ws/lib/websocket.js:1341:15)
          at Socket.emit (node:events:524:28)
          at TCP.<anonymous> (node:net:343:12)

      at ConnectionManager.onConnectionError (modules/core/src/client/connection-manager.ts:144:21)
          at Array.forEach (<anonymous>)

    console.log
      connection error: TypeError: Cannot read properties of undefined (reading 'decoder')
          at wireEvents (/data/Workspace/helios/starwards/node_modules/colyseus-events/src/wire-events.ts:30:40)
          at /data/Workspace/helios/starwards/modules/core/src/client/admin.ts:20:5
          at processTicksAndRejections (node:internal/process/task_queues:95:5)
          at /data/Workspace/helios/starwards/modules/core/src/client/connection-manager.ts:131:21

      at ConnectionManager.onConnectionError (modules/core/src/client/connection-manager.ts:144:21)

    console.log
      connection error: Error: disconnected from server
          at EventEmitter.<anonymous> (/data/Workspace/helios/starwards/modules/core/src/client/driver.ts:53:58)
          at /data/Workspace/helios/starwards/node_modules/colyseus.js/src/core/signal.ts:15:48
          at Array.forEach (<anonymous>)
          at EventEmitter.invoke (/data/Workspace/helios/starwards/node_modules/colyseus.js/src/core/signal.ts:15:19)
          at Function.register.invoke (/data/Workspace/helios/starwards/node_modules/colyseus.js/src/core/signal.ts:57:81)
          at WebSocket.connection.events.onclose (/data/Workspace/helios/starwards/node_modules/colyseus.js/src/Room.ts:89:30)
          at callListener (/data/Workspace/helios/starwards/node_modules/colyseus.js/node_modules/ws/lib/event-target.js:290:14)
          at WebSocket.onClose (/data/Workspace/helios/starwards/node_modules/colyseus.js/node_modules/ws/lib/event-target.js:220:9)
          at WebSocket.emit (node:events:524:28)
          at WebSocket.emitClose (/data/Workspace/helios/starwards/node_modules/colyseus.js/node_modules/ws/lib/websocket.js:272:10)
          at Socket.socketOnClose (/data/Workspace/helios/starwards/node_modules/colyseus.js/node_modules/ws/lib/websocket.js:1341:15)
          at Socket.emit (node:events:524:28)
          at TCP.<anonymous> (node:net:343:12)

      at ConnectionManager.onConnectionError (modules/core/src/client/connection-manager.ts:144:21)
          at Array.forEach (<anonymous>)

    console.log
      connection error: TypeError: Cannot read properties of undefined (reading 'decoder')
          at wireEvents (/data/Workspace/helios/starwards/node_modules/colyseus-events/src/wire-events.ts:30:40)
          at /data/Workspace/helios/starwards/modules/core/src/client/admin.ts:20:5
          at processTicksAndRejections (node:internal/process/task_queues:95:5)
          at /data/Workspace/helios/starwards/modules/core/src/client/connection-manager.ts:131:21

      at ConnectionManager.onConnectionError (modules/core/src/client/connection-manager.ts:144:21)

    console.log
      connection error: Error: disconnected from server
          at EventEmitter.<anonymous> (/data/Workspace/helios/starwards/modules/core/src/client/driver.ts:53:58)
          at /data/Workspace/helios/starwards/node_modules/colyseus.js/src/core/signal.ts:15:48
          at Array.forEach (<anonymous>)
          at EventEmitter.invoke (/data/Workspace/helios/starwards/node_modules/colyseus.js/src/core/signal.ts:15:19)
          at Function.register.invoke (/data/Workspace/helios/starwards/node_modules/colyseus.js/src/core/signal.ts:57:81)
          at WebSocket.connection.events.onclose (/data/Workspace/helios/starwards/node_modules/colyseus.js/src/Room.ts:89:30)
          at callListener (/data/Workspace/helios/starwards/node_modules/colyseus.js/node_modules/ws/lib/event-target.js:290:14)
          at WebSocket.onClose (/data/Workspace/helios/starwards/node_modules/colyseus.js/node_modules/ws/lib/event-target.js:220:9)
          at WebSocket.emit (node:events:524:28)
          at WebSocket.emitClose (/data/Workspace/helios/starwards/node_modules/colyseus.js/node_modules/ws/lib/websocket.js:272:10)
          at Socket.socketOnClose (/data/Workspace/helios/starwards/node_modules/colyseus.js/node_modules/ws/lib/websocket.js:1341:15)
          at Socket.emit (node:events:524:28)
          at TCP.<anonymous> (node:net:343:12)

      at ConnectionManager.onConnectionError (modules/core/src/client/connection-manager.ts:144:21)
          at Array.forEach (<anonymous>)

    console.log
      connection error: TypeError: Cannot read properties of undefined (reading 'decoder')
          at wireEvents (/data/Workspace/helios/starwards/node_modules/colyseus-events/src/wire-events.ts:30:40)
          at /data/Workspace/helios/starwards/modules/core/src/client/admin.ts:20:5
          at processTicksAndRejections (node:internal/process/task_queues:95:5)
          at /data/Workspace/helios/starwards/modules/core/src/client/connection-manager.ts:131:21

      at ConnectionManager.onConnectionError (modules/core/src/client/connection-manager.ts:144:21)

    console.log
      connection error: Error: disconnected from server
          at EventEmitter.<anonymous> (/data/Workspace/helios/starwards/modules/core/src/client/driver.ts:53:58)
          at /data/Workspace/helios/starwards/node_modules/colyseus.js/src/core/signal.ts:15:48
          at Array.forEach (<anonymous>)
          at EventEmitter.invoke (/data/Workspace/helios/starwards/node_modules/colyseus.js/src/core/signal.ts:15:19)
          at Function.register.invoke (/data/Workspace/helios/starwards/node_modules/colyseus.js/src/core/signal.ts:57:81)
          at WebSocket.connection.events.onclose (/data/Workspace/helios/starwards/node_modules/colyseus.js/src/Room.ts:89:30)
          at callListener (/data/Workspace/helios/starwards/node_modules/colyseus.js/node_modules/ws/lib/event-target.js:290:14)
          at WebSocket.onClose (/data/Workspace/helios/starwards/node_modules/colyseus.js/node_modules/ws/lib/event-target.js:220:9)
          at WebSocket.emit (node:events:524:28)
          at WebSocket.emitClose (/data/Workspace/helios/starwards/node_modules/colyseus.js/node_modules/ws/lib/websocket.js:272:10)
          at Socket.socketOnClose (/data/Workspace/helios/starwards/node_modules/colyseus.js/node_modules/ws/lib/websocket.js:1341:15)
          at Socket.emit (node:events:524:28)
          at TCP.<anonymous> (node:net:343:12)

      at ConnectionManager.onConnectionError (modules/core/src/client/connection-manager.ts:144:21)
          at Array.forEach (<anonymous>)

    console.log
      connection error: TypeError: Cannot read properties of undefined (reading 'decoder')
          at wireEvents (/data/Workspace/helios/starwards/node_modules/colyseus-events/src/wire-events.ts:30:40)
          at /data/Workspace/helios/starwards/modules/core/src/client/admin.ts:20:5
          at processTicksAndRejections (node:internal/process/task_queues:95:5)
          at /data/Workspace/helios/starwards/modules/core/src/client/connection-manager.ts:131:21

      at ConnectionManager.onConnectionError (modules/core/src/client/connection-manager.ts:144:21)

    console.log
      connection error: Error: disconnected from server
          at EventEmitter.<anonymous> (/data/Workspace/helios/starwards/modules/core/src/client/driver.ts:53:58)
          at /data/Workspace/helios/starwards/node_modules/colyseus.js/src/core/signal.ts:15:48
          at Array.forEach (<anonymous>)
          at EventEmitter.invoke (/data/Workspace/helios/starwards/node_modules/colyseus.js/src/core/signal.ts:15:19)
          at Function.register.invoke (/data/Workspace/helios/starwards/node_modules/colyseus.js/src/core/signal.ts:57:81)
          at WebSocket.connection.events.onclose (/data/Workspace/helios/starwards/node_modules/colyseus.js/src/Room.ts:89:30)
          at callListener (/data/Workspace/helios/starwards/node_modules/colyseus.js/node_modules/ws/lib/event-target.js:290:14)
          at WebSocket.onClose (/data/Workspace/helios/starwards/node_modules/colyseus.js/node_modules/ws/lib/event-target.js:220:9)
          at WebSocket.emit (node:events:524:28)
          at WebSocket.emitClose (/data/Workspace/helios/starwards/node_modules/colyseus.js/node_modules/ws/lib/websocket.js:272:10)
          at Socket.socketOnClose (/data/Workspace/helios/starwards/node_modules/colyseus.js/node_modules/ws/lib/websocket.js:1341:15)
          at Socket.emit (node:events:524:28)
          at TCP.<anonymous> (node:net:343:12)

      at ConnectionManager.onConnectionError (modules/core/src/client/connection-manager.ts:144:21)
          at Array.forEach (<anonymous>)

    console.log
      connection error: TypeError: Cannot read properties of undefined (reading 'decoder')
          at wireEvents (/data/Workspace/helios/starwards/node_modules/colyseus-events/src/wire-events.ts:30:40)
          at /data/Workspace/helios/starwards/modules/core/src/client/admin.ts:20:5
          at processTicksAndRejections (node:internal/process/task_queues:95:5)
          at /data/Workspace/helios/starwards/modules/core/src/client/connection-manager.ts:131:21

      at ConnectionManager.onConnectionError (modules/core/src/client/connection-manager.ts:144:21)

    console.log
      connection error: Error: disconnected from server
          at EventEmitter.<anonymous> (/data/Workspace/helios/starwards/modules/core/src/client/driver.ts:53:58)
          at /data/Workspace/helios/starwards/node_modules/colyseus.js/src/core/signal.ts:15:48
          at Array.forEach (<anonymous>)
          at EventEmitter.invoke (/data/Workspace/helios/starwards/node_modules/colyseus.js/src/core/signal.ts:15:19)
          at Function.register.invoke (/data/Workspace/helios/starwards/node_modules/colyseus.js/src/core/signal.ts:57:81)
          at WebSocket.connection.events.onclose (/data/Workspace/helios/starwards/node_modules/colyseus.js/src/Room.ts:89:30)
          at callListener (/data/Workspace/helios/starwards/node_modules/colyseus.js/node_modules/ws/lib/event-target.js:290:14)
          at WebSocket.onClose (/data/Workspace/helios/starwards/node_modules/colyseus.js/node_modules/ws/lib/event-target.js:220:9)
          at WebSocket.emit (node:events:524:28)
          at WebSocket.emitClose (/data/Workspace/helios/starwards/node_modules/colyseus.js/node_modules/ws/lib/websocket.js:272:10)
          at Socket.socketOnClose (/data/Workspace/helios/starwards/node_modules/colyseus.js/node_modules/ws/lib/websocket.js:1341:15)
          at Socket.emit (node:events:524:28)
          at TCP.<anonymous> (node:net:343:12)

      at ConnectionManager.onConnectionError (modules/core/src/client/connection-manager.ts:144:21)
          at Array.forEach (<anonymous>)

    console.log
      connection error: TypeError: Cannot read properties of undefined (reading 'decoder')
          at wireEvents (/data/Workspace/helios/starwards/node_modules/colyseus-events/src/wire-events.ts:30:40)
          at /data/Workspace/helios/starwards/modules/core/src/client/admin.ts:20:5
          at processTicksAndRejections (node:internal/process/task_queues:95:5)
          at /data/Workspace/helios/starwards/modules/core/src/client/connection-manager.ts:131:21

      at ConnectionManager.onConnectionError (modules/core/src/client/connection-manager.ts:144:21)

    console.log
      connection error: Error: disconnected from server
          at EventEmitter.<anonymous> (/data/Workspace/helios/starwards/modules/core/src/client/driver.ts:53:58)
          at /data/Workspace/helios/starwards/node_modules/colyseus.js/src/core/signal.ts:15:48
          at Array.forEach (<anonymous>)
          at EventEmitter.invoke (/data/Workspace/helios/starwards/node_modules/colyseus.js/src/core/signal.ts:15:19)
          at Function.register.invoke (/data/Workspace/helios/starwards/node_modules/colyseus.js/src/core/signal.ts:57:81)
          at WebSocket.connection.events.onclose (/data/Workspace/helios/starwards/node_modules/colyseus.js/src/Room.ts:89:30)
          at callListener (/data/Workspace/helios/starwards/node_modules/colyseus.js/node_modules/ws/lib/event-target.js:290:14)
          at WebSocket.onClose (/data/Workspace/helios/starwards/node_modules/colyseus.js/node_modules/ws/lib/event-target.js:220:9)
          at WebSocket.emit (node:events:524:28)
          at WebSocket.emitClose (/data/Workspace/helios/starwards/node_modules/colyseus.js/node_modules/ws/lib/websocket.js:272:10)
          at Socket.socketOnClose (/data/Workspace/helios/starwards/node_modules/colyseus.js/node_modules/ws/lib/websocket.js:1341:15)
          at Socket.emit (node:events:524:28)
          at TCP.<anonymous> (node:net:343:12)

      at ConnectionManager.onConnectionError (modules/core/src/client/connection-manager.ts:144:21)
          at Array.forEach (<anonymous>)

    console.log
      connection error: TypeError: Cannot read properties of undefined (reading 'decoder')
          at wireEvents (/data/Workspace/helios/starwards/node_modules/colyseus-events/src/wire-events.ts:30:40)
          at /data/Workspace/helios/starwards/modules/core/src/client/admin.ts:20:5
          at processTicksAndRejections (node:internal/process/task_queues:95:5)
          at /data/Workspace/helios/starwards/modules/core/src/client/connection-manager.ts:131:21

      at ConnectionManager.onConnectionError (modules/core/src/client/connection-manager.ts:144:21)

    console.log
      connection error: Error: disconnected from server
          at EventEmitter.<anonymous> (/data/Workspace/helios/starwards/modules/core/src/client/driver.ts:53:58)
          at /data/Workspace/helios/starwards/node_modules/colyseus.js/src/core/signal.ts:15:48
          at Array.forEach (<anonymous>)
          at EventEmitter.invoke (/data/Workspace/helios/starwards/node_modules/colyseus.js/src/core/signal.ts:15:19)
          at Function.register.invoke (/data/Workspace/helios/starwards/node_modules/colyseus.js/src/core/signal.ts:57:81)
          at WebSocket.connection.events.onclose (/data/Workspace/helios/starwards/node_modules/colyseus.js/src/Room.ts:89:30)
          at callListener (/data/Workspace/helios/starwards/node_modules/colyseus.js/node_modules/ws/lib/event-target.js:290:14)
          at WebSocket.onClose (/data/Workspace/helios/starwards/node_modules/colyseus.js/node_modules/ws/lib/event-target.js:220:9)
          at WebSocket.emit (node:events:524:28)
          at WebSocket.emitClose (/data/Workspace/helios/starwards/node_modules/colyseus.js/node_modules/ws/lib/websocket.js:272:10)
          at Socket.socketOnClose (/data/Workspace/helios/starwards/node_modules/colyseus.js/node_modules/ws/lib/websocket.js:1341:15)
          at Socket.emit (node:events:524:28)
          at TCP.<anonymous> (node:net:343:12)

      at ConnectionManager.onConnectionError (modules/core/src/client/connection-manager.ts:144:21)
          at Array.forEach (<anonymous>)

    console.log
      connection error: TypeError: Cannot read properties of undefined (reading 'decoder')
          at wireEvents (/data/Workspace/helios/starwards/node_modules/colyseus-events/src/wire-events.ts:30:40)
          at /data/Workspace/helios/starwards/modules/core/src/client/admin.ts:20:5
          at processTicksAndRejections (node:internal/process/task_queues:95:5)
          at /data/Workspace/helios/starwards/modules/core/src/client/connection-manager.ts:131:21

      at ConnectionManager.onConnectionError (modules/core/src/client/connection-manager.ts:144:21)

    console.log
      connection error: Error: disconnected from server
          at EventEmitter.<anonymous> (/data/Workspace/helios/starwards/modules/core/src/client/driver.ts:53:58)
          at /data/Workspace/helios/starwards/node_modules/colyseus.js/src/core/signal.ts:15:48
          at Array.forEach (<anonymous>)
          at EventEmitter.invoke (/data/Workspace/helios/starwards/node_modules/colyseus.js/src/core/signal.ts:15:19)
          at Function.register.invoke (/data/Workspace/helios/starwards/node_modules/colyseus.js/src/core/signal.ts:57:81)
          at WebSocket.connection.events.onclose (/data/Workspace/helios/starwards/node_modules/colyseus.js/src/Room.ts:89:30)
          at callListener (/data/Workspace/helios/starwards/node_modules/colyseus.js/node_modules/ws/lib/event-target.js:290:14)
          at WebSocket.onClose (/data/Workspace/helios/starwards/node_modules/colyseus.js/node_modules/ws/lib/event-target.js:220:9)
          at WebSocket.emit (node:events:524:28)
          at WebSocket.emitClose (/data/Workspace/helios/starwards/node_modules/colyseus.js/node_modules/ws/lib/websocket.js:272:10)
          at Socket.socketOnClose (/data/Workspace/helios/starwards/node_modules/colyseus.js/node_modules/ws/lib/websocket.js:1341:15)
          at Socket.emit (node:events:524:28)
          at TCP.<anonymous> (node:net:343:12)

      at ConnectionManager.onConnectionError (modules/core/src/client/connection-manager.ts:144:21)
          at Array.forEach (<anonymous>)

    console.log
      connection error: TypeError: Cannot read properties of undefined (reading 'decoder')
          at wireEvents (/data/Workspace/helios/starwards/node_modules/colyseus-events/src/wire-events.ts:30:40)
          at /data/Workspace/helios/starwards/modules/core/src/client/admin.ts:20:5
          at processTicksAndRejections (node:internal/process/task_queues:95:5)
          at /data/Workspace/helios/starwards/modules/core/src/client/connection-manager.ts:131:21

      at ConnectionManager.onConnectionError (modules/core/src/client/connection-manager.ts:144:21)

    console.log
      connection error: Error: disconnected from server
          at EventEmitter.<anonymous> (/data/Workspace/helios/starwards/modules/core/src/client/driver.ts:53:58)
          at /data/Workspace/helios/starwards/node_modules/colyseus.js/src/core/signal.ts:15:48
          at Array.forEach (<anonymous>)
          at EventEmitter.invoke (/data/Workspace/helios/starwards/node_modules/colyseus.js/src/core/signal.ts:15:19)
          at Function.register.invoke (/data/Workspace/helios/starwards/node_modules/colyseus.js/src/core/signal.ts:57:81)
          at WebSocket.connection.events.onclose (/data/Workspace/helios/starwards/node_modules/colyseus.js/src/Room.ts:89:30)
          at callListener (/data/Workspace/helios/starwards/node_modules/colyseus.js/node_modules/ws/lib/event-target.js:290:14)
          at WebSocket.onClose (/data/Workspace/helios/starwards/node_modules/colyseus.js/node_modules/ws/lib/event-target.js:220:9)
          at WebSocket.emit (node:events:524:28)
          at WebSocket.emitClose (/data/Workspace/helios/starwards/node_modules/colyseus.js/node_modules/ws/lib/websocket.js:272:10)
          at Socket.socketOnClose (/data/Workspace/helios/starwards/node_modules/colyseus.js/node_modules/ws/lib/websocket.js:1341:15)
          at Socket.emit (node:events:524:28)
          at TCP.<anonymous> (node:net:343:12)

      at ConnectionManager.onConnectionError (modules/core/src/client/connection-manager.ts:144:21)
          at Array.forEach (<anonymous>)

    console.log
      connection error: TypeError: Cannot read properties of undefined (reading 'decoder')
          at wireEvents (/data/Workspace/helios/starwards/node_modules/colyseus-events/src/wire-events.ts:30:40)
          at /data/Workspace/helios/starwards/modules/core/src/client/admin.ts:20:5
          at processTicksAndRejections (node:internal/process/task_queues:95:5)
          at /data/Workspace/helios/starwards/modules/core/src/client/connection-manager.ts:131:21

      at ConnectionManager.onConnectionError (modules/core/src/client/connection-manager.ts:144:21)

    console.log
      connection error: Error: disconnected from server
          at EventEmitter.<anonymous> (/data/Workspace/helios/starwards/modules/core/src/client/driver.ts:53:58)
          at /data/Workspace/helios/starwards/node_modules/colyseus.js/src/core/signal.ts:15:48
          at Array.forEach (<anonymous>)
          at EventEmitter.invoke (/data/Workspace/helios/starwards/node_modules/colyseus.js/src/core/signal.ts:15:19)
          at Function.register.invoke (/data/Workspace/helios/starwards/node_modules/colyseus.js/src/core/signal.ts:57:81)
          at WebSocket.connection.events.onclose (/data/Workspace/helios/starwards/node_modules/colyseus.js/src/Room.ts:89:30)
          at callListener (/data/Workspace/helios/starwards/node_modules/colyseus.js/node_modules/ws/lib/event-target.js:290:14)
          at WebSocket.onClose (/data/Workspace/helios/starwards/node_modules/colyseus.js/node_modules/ws/lib/event-target.js:220:9)
          at WebSocket.emit (node:events:524:28)
          at WebSocket.emitClose (/data/Workspace/helios/starwards/node_modules/colyseus.js/node_modules/ws/lib/websocket.js:272:10)
          at Socket.socketOnClose (/data/Workspace/helios/starwards/node_modules/colyseus.js/node_modules/ws/lib/websocket.js:1341:15)
          at Socket.emit (node:events:524:28)
          at TCP.<anonymous> (node:net:343:12)

      at ConnectionManager.onConnectionError (modules/core/src/client/connection-manager.ts:144:21)
          at Array.forEach (<anonymous>)

    console.log
      connection error: TypeError: Cannot read properties of undefined (reading 'decoder')
          at wireEvents (/data/Workspace/helios/starwards/node_modules/colyseus-events/src/wire-events.ts:30:40)
          at /data/Workspace/helios/starwards/modules/core/src/client/admin.ts:20:5
          at processTicksAndRejections (node:internal/process/task_queues:95:5)
          at /data/Workspace/helios/starwards/modules/core/src/client/connection-manager.ts:131:21

      at ConnectionManager.onConnectionError (modules/core/src/client/connection-manager.ts:144:21)

    console.log
      connection error: Error: disconnected from server
          at EventEmitter.<anonymous> (/data/Workspace/helios/starwards/modules/core/src/client/driver.ts:53:58)
          at /data/Workspace/helios/starwards/node_modules/colyseus.js/src/core/signal.ts:15:48
          at Array.forEach (<anonymous>)
          at EventEmitter.invoke (/data/Workspace/helios/starwards/node_modules/colyseus.js/src/core/signal.ts:15:19)
          at Function.register.invoke (/data/Workspace/helios/starwards/node_modules/colyseus.js/src/core/signal.ts:57:81)
          at WebSocket.connection.events.onclose (/data/Workspace/helios/starwards/node_modules/colyseus.js/src/Room.ts:89:30)
          at callListener (/data/Workspace/helios/starwards/node_modules/colyseus.js/node_modules/ws/lib/event-target.js:290:14)
          at WebSocket.onClose (/data/Workspace/helios/starwards/node_modules/colyseus.js/node_modules/ws/lib/event-target.js:220:9)
          at WebSocket.emit (node:events:524:28)
          at WebSocket.emitClose (/data/Workspace/helios/starwards/node_modules/colyseus.js/node_modules/ws/lib/websocket.js:272:10)
          at Socket.socketOnClose (/data/Workspace/helios/starwards/node_modules/colyseus.js/node_modules/ws/lib/websocket.js:1341:15)
          at Socket.emit (node:events:524:28)
          at TCP.<anonymous> (node:net:343:12)

      at ConnectionManager.onConnectionError (modules/core/src/client/connection-manager.ts:144:21)
          at Array.forEach (<anonymous>)

    console.log
      connection error: TypeError: Cannot read properties of undefined (reading 'decoder')
          at wireEvents (/data/Workspace/helios/starwards/node_modules/colyseus-events/src/wire-events.ts:30:40)
          at /data/Workspace/helios/starwards/modules/core/src/client/admin.ts:20:5
          at processTicksAndRejections (node:internal/process/task_queues:95:5)
          at /data/Workspace/helios/starwards/modules/core/src/client/connection-manager.ts:131:21

      at ConnectionManager.onConnectionError (modules/core/src/client/connection-manager.ts:144:21)

    console.log
      connection error: Error: disconnected from server
          at EventEmitter.<anonymous> (/data/Workspace/helios/starwards/modules/core/src/client/driver.ts:53:58)
          at /data/Workspace/helios/starwards/node_modules/colyseus.js/src/core/signal.ts:15:48
          at Array.forEach (<anonymous>)
          at EventEmitter.invoke (/data/Workspace/helios/starwards/node_modules/colyseus.js/src/core/signal.ts:15:19)
          at Function.register.invoke (/data/Workspace/helios/starwards/node_modules/colyseus.js/src/core/signal.ts:57:81)
          at WebSocket.connection.events.onclose (/data/Workspace/helios/starwards/node_modules/colyseus.js/src/Room.ts:89:30)
          at callListener (/data/Workspace/helios/starwards/node_modules/colyseus.js/node_modules/ws/lib/event-target.js:290:14)
          at WebSocket.onClose (/data/Workspace/helios/starwards/node_modules/colyseus.js/node_modules/ws/lib/event-target.js:220:9)
          at WebSocket.emit (node:events:524:28)
          at WebSocket.emitClose (/data/Workspace/helios/starwards/node_modules/colyseus.js/node_modules/ws/lib/websocket.js:272:10)
          at Socket.socketOnClose (/data/Workspace/helios/starwards/node_modules/colyseus.js/node_modules/ws/lib/websocket.js:1341:15)
          at Socket.emit (node:events:524:28)
          at TCP.<anonymous> (node:net:343:12)

      at ConnectionManager.onConnectionError (modules/core/src/client/connection-manager.ts:144:21)
          at Array.forEach (<anonymous>)

    console.log
      connection error: TypeError: Cannot read properties of undefined (reading 'decoder')
          at wireEvents (/data/Workspace/helios/starwards/node_modules/colyseus-events/src/wire-events.ts:30:40)
          at /data/Workspace/helios/starwards/modules/core/src/client/admin.ts:20:5
          at processTicksAndRejections (node:internal/process/task_queues:95:5)
          at /data/Workspace/helios/starwards/modules/core/src/client/connection-manager.ts:131:21

      at ConnectionManager.onConnectionError (modules/core/src/client/connection-manager.ts:144:21)

    console.log
      connection error: Error: disconnected from server
          at EventEmitter.<anonymous> (/data/Workspace/helios/starwards/modules/core/src/client/driver.ts:53:58)
          at /data/Workspace/helios/starwards/node_modules/colyseus.js/src/core/signal.ts:15:48
          at Array.forEach (<anonymous>)
          at EventEmitter.invoke (/data/Workspace/helios/starwards/node_modules/colyseus.js/src/core/signal.ts:15:19)
          at Function.register.invoke (/data/Workspace/helios/starwards/node_modules/colyseus.js/src/core/signal.ts:57:81)
          at WebSocket.connection.events.onclose (/data/Workspace/helios/starwards/node_modules/colyseus.js/src/Room.ts:89:30)
          at callListener (/data/Workspace/helios/starwards/node_modules/colyseus.js/node_modules/ws/lib/event-target.js:290:14)
          at WebSocket.onClose (/data/Workspace/helios/starwards/node_modules/colyseus.js/node_modules/ws/lib/event-target.js:220:9)
          at WebSocket.emit (node:events:524:28)
          at WebSocket.emitClose (/data/Workspace/helios/starwards/node_modules/colyseus.js/node_modules/ws/lib/websocket.js:272:10)
          at Socket.socketOnClose (/data/Workspace/helios/starwards/node_modules/colyseus.js/node_modules/ws/lib/websocket.js:1341:15)
          at Socket.emit (node:events:524:28)
          at TCP.<anonymous> (node:net:343:12)

      at ConnectionManager.onConnectionError (modules/core/src/client/connection-manager.ts:144:21)
          at Array.forEach (<anonymous>)

    console.log
      connection error: TypeError: Cannot read properties of undefined (reading 'decoder')
          at wireEvents (/data/Workspace/helios/starwards/node_modules/colyseus-events/src/wire-events.ts:30:40)
          at /data/Workspace/helios/starwards/modules/core/src/client/admin.ts:20:5
          at processTicksAndRejections (node:internal/process/task_queues:95:5)
          at /data/Workspace/helios/starwards/modules/core/src/client/connection-manager.ts:131:21

      at ConnectionManager.onConnectionError (modules/core/src/client/connection-manager.ts:144:21)

    console.log
      connection error: Error: disconnected from server
          at EventEmitter.<anonymous> (/data/Workspace/helios/starwards/modules/core/src/client/driver.ts:53:58)
          at /data/Workspace/helios/starwards/node_modules/colyseus.js/src/core/signal.ts:15:48
          at Array.forEach (<anonymous>)
          at EventEmitter.invoke (/data/Workspace/helios/starwards/node_modules/colyseus.js/src/core/signal.ts:15:19)
          at Function.register.invoke (/data/Workspace/helios/starwards/node_modules/colyseus.js/src/core/signal.ts:57:81)
          at WebSocket.connection.events.onclose (/data/Workspace/helios/starwards/node_modules/colyseus.js/src/Room.ts:89:30)
          at callListener (/data/Workspace/helios/starwards/node_modules/colyseus.js/node_modules/ws/lib/event-target.js:290:14)
          at WebSocket.onClose (/data/Workspace/helios/starwards/node_modules/colyseus.js/node_modules/ws/lib/event-target.js:220:9)
          at WebSocket.emit (node:events:524:28)
          at WebSocket.emitClose (/data/Workspace/helios/starwards/node_modules/colyseus.js/node_modules/ws/lib/websocket.js:272:10)
          at Socket.socketOnClose (/data/Workspace/helios/starwards/node_modules/colyseus.js/node_modules/ws/lib/websocket.js:1341:15)
          at Socket.emit (node:events:524:28)
          at TCP.<anonymous> (node:net:343:12)

      at ConnectionManager.onConnectionError (modules/core/src/client/connection-manager.ts:144:21)
          at Array.forEach (<anonymous>)

    console.log
      connection error: TypeError: Cannot read properties of undefined (reading 'decoder')
          at wireEvents (/data/Workspace/helios/starwards/node_modules/colyseus-events/src/wire-events.ts:30:40)
          at /data/Workspace/helios/starwards/modules/core/src/client/admin.ts:20:5
          at processTicksAndRejections (node:internal/process/task_queues:95:5)
          at /data/Workspace/helios/starwards/modules/core/src/client/connection-manager.ts:131:21

      at ConnectionManager.onConnectionError (modules/core/src/client/connection-manager.ts:144:21)

    console.log
      connection error: Error: disconnected from server
          at EventEmitter.<anonymous> (/data/Workspace/helios/starwards/modules/core/src/client/driver.ts:53:58)
          at /data/Workspace/helios/starwards/node_modules/colyseus.js/src/core/signal.ts:15:48
          at Array.forEach (<anonymous>)
          at EventEmitter.invoke (/data/Workspace/helios/starwards/node_modules/colyseus.js/src/core/signal.ts:15:19)
          at Function.register.invoke (/data/Workspace/helios/starwards/node_modules/colyseus.js/src/core/signal.ts:57:81)
          at WebSocket.connection.events.onclose (/data/Workspace/helios/starwards/node_modules/colyseus.js/src/Room.ts:89:30)
          at callListener (/data/Workspace/helios/starwards/node_modules/colyseus.js/node_modules/ws/lib/event-target.js:290:14)
          at WebSocket.onClose (/data/Workspace/helios/starwards/node_modules/colyseus.js/node_modules/ws/lib/event-target.js:220:9)
          at WebSocket.emit (node:events:524:28)
          at WebSocket.emitClose (/data/Workspace/helios/starwards/node_modules/colyseus.js/node_modules/ws/lib/websocket.js:272:10)
          at Socket.socketOnClose (/data/Workspace/helios/starwards/node_modules/colyseus.js/node_modules/ws/lib/websocket.js:1341:15)
          at Socket.emit (node:events:524:28)
          at TCP.<anonymous> (node:net:343:12)

      at ConnectionManager.onConnectionError (modules/core/src/client/connection-manager.ts:144:21)
          at Array.forEach (<anonymous>)

    console.log
      connection error: TypeError: Cannot read properties of undefined (reading 'decoder')
          at wireEvents (/data/Workspace/helios/starwards/node_modules/colyseus-events/src/wire-events.ts:30:40)
          at /data/Workspace/helios/starwards/modules/core/src/client/admin.ts:20:5
          at processTicksAndRejections (node:internal/process/task_queues:95:5)
          at /data/Workspace/helios/starwards/modules/core/src/client/connection-manager.ts:131:21

      at ConnectionManager.onConnectionError (modules/core/src/client/connection-manager.ts:144:21)

    console.log
      connection error: Error: disconnected from server
          at EventEmitter.<anonymous> (/data/Workspace/helios/starwards/modules/core/src/client/driver.ts:53:58)
          at /data/Workspace/helios/starwards/node_modules/colyseus.js/src/core/signal.ts:15:48
          at Array.forEach (<anonymous>)
          at EventEmitter.invoke (/data/Workspace/helios/starwards/node_modules/colyseus.js/src/core/signal.ts:15:19)
          at Function.register.invoke (/data/Workspace/helios/starwards/node_modules/colyseus.js/src/core/signal.ts:57:81)
          at WebSocket.connection.events.onclose (/data/Workspace/helios/starwards/node_modules/colyseus.js/src/Room.ts:89:30)
          at callListener (/data/Workspace/helios/starwards/node_modules/colyseus.js/node_modules/ws/lib/event-target.js:290:14)
          at WebSocket.onClose (/data/Workspace/helios/starwards/node_modules/colyseus.js/node_modules/ws/lib/event-target.js:220:9)
          at WebSocket.emit (node:events:524:28)
          at WebSocket.emitClose (/data/Workspace/helios/starwards/node_modules/colyseus.js/node_modules/ws/lib/websocket.js:272:10)
          at Socket.socketOnClose (/data/Workspace/helios/starwards/node_modules/colyseus.js/node_modules/ws/lib/websocket.js:1341:15)
          at Socket.emit (node:events:524:28)
          at TCP.<anonymous> (node:net:343:12)

      at ConnectionManager.onConnectionError (modules/core/src/client/connection-manager.ts:144:21)
          at Array.forEach (<anonymous>)

    console.log
      connection error: TypeError: Cannot read properties of undefined (reading 'decoder')
          at wireEvents (/data/Workspace/helios/starwards/node_modules/colyseus-events/src/wire-events.ts:30:40)
          at /data/Workspace/helios/starwards/modules/core/src/client/admin.ts:20:5
          at processTicksAndRejections (node:internal/process/task_queues:95:5)
          at /data/Workspace/helios/starwards/modules/core/src/client/connection-manager.ts:131:21

      at ConnectionManager.onConnectionError (modules/core/src/client/connection-manager.ts:144:21)

    console.log
      connection error: Error: disconnected from server
          at EventEmitter.<anonymous> (/data/Workspace/helios/starwards/modules/core/src/client/driver.ts:53:58)
          at /data/Workspace/helios/starwards/node_modules/colyseus.js/src/core/signal.ts:15:48
          at Array.forEach (<anonymous>)
          at EventEmitter.invoke (/data/Workspace/helios/starwards/node_modules/colyseus.js/src/core/signal.ts:15:19)
          at Function.register.invoke (/data/Workspace/helios/starwards/node_modules/colyseus.js/src/core/signal.ts:57:81)
          at WebSocket.connection.events.onclose (/data/Workspace/helios/starwards/node_modules/colyseus.js/src/Room.ts:89:30)
          at callListener (/data/Workspace/helios/starwards/node_modules/colyseus.js/node_modules/ws/lib/event-target.js:290:14)
          at WebSocket.onClose (/data/Workspace/helios/starwards/node_modules/colyseus.js/node_modules/ws/lib/event-target.js:220:9)
          at WebSocket.emit (node:events:524:28)
          at WebSocket.emitClose (/data/Workspace/helios/starwards/node_modules/colyseus.js/node_modules/ws/lib/websocket.js:272:10)
          at Socket.socketOnClose (/data/Workspace/helios/starwards/node_modules/colyseus.js/node_modules/ws/lib/websocket.js:1341:15)
          at Socket.emit (node:events:524:28)
          at TCP.<anonymous> (node:net:343:12)

      at ConnectionManager.onConnectionError (modules/core/src/client/connection-manager.ts:144:21)
          at Array.forEach (<anonymous>)

    console.log
      connection error: TypeError: Cannot read properties of undefined (reading 'decoder')
          at wireEvents (/data/Workspace/helios/starwards/node_modules/colyseus-events/src/wire-events.ts:30:40)
          at /data/Workspace/helios/starwards/modules/core/src/client/admin.ts:20:5
          at processTicksAndRejections (node:internal/process/task_queues:95:5)
          at /data/Workspace/helios/starwards/modules/core/src/client/connection-manager.ts:131:21

      at ConnectionManager.onConnectionError (modules/core/src/client/connection-manager.ts:144:21)

    console.log
      connection error: Error: disconnected from server
          at EventEmitter.<anonymous> (/data/Workspace/helios/starwards/modules/core/src/client/driver.ts:53:58)
          at /data/Workspace/helios/starwards/node_modules/colyseus.js/src/core/signal.ts:15:48
          at Array.forEach (<anonymous>)
          at EventEmitter.invoke (/data/Workspace/helios/starwards/node_modules/colyseus.js/src/core/signal.ts:15:19)
          at Function.register.invoke (/data/Workspace/helios/starwards/node_modules/colyseus.js/src/core/signal.ts:57:81)
          at WebSocket.connection.events.onclose (/data/Workspace/helios/starwards/node_modules/colyseus.js/src/Room.ts:89:30)
          at callListener (/data/Workspace/helios/starwards/node_modules/colyseus.js/node_modules/ws/lib/event-target.js:290:14)
          at WebSocket.onClose (/data/Workspace/helios/starwards/node_modules/colyseus.js/node_modules/ws/lib/event-target.js:220:9)
          at WebSocket.emit (node:events:524:28)
          at WebSocket.emitClose (/data/Workspace/helios/starwards/node_modules/colyseus.js/node_modules/ws/lib/websocket.js:272:10)
          at Socket.socketOnClose (/data/Workspace/helios/starwards/node_modules/colyseus.js/node_modules/ws/lib/websocket.js:1341:15)
          at Socket.emit (node:events:524:28)
          at TCP.<anonymous> (node:net:343:12)

      at ConnectionManager.onConnectionError (modules/core/src/client/connection-manager.ts:144:21)
          at Array.forEach (<anonymous>)

    console.log
      connection error: TypeError: Cannot read properties of undefined (reading 'decoder')
          at wireEvents (/data/Workspace/helios/starwards/node_modules/colyseus-events/src/wire-events.ts:30:40)
          at /data/Workspace/helios/starwards/modules/core/src/client/admin.ts:20:5
          at processTicksAndRejections (node:internal/process/task_queues:95:5)
          at /data/Workspace/helios/starwards/modules/core/src/client/connection-manager.ts:131:21

      at ConnectionManager.onConnectionError (modules/core/src/client/connection-manager.ts:144:21)

    console.log
      connection error: Error: disconnected from server
          at EventEmitter.<anonymous> (/data/Workspace/helios/starwards/modules/core/src/client/driver.ts:53:58)
          at /data/Workspace/helios/starwards/node_modules/colyseus.js/src/core/signal.ts:15:48
          at Array.forEach (<anonymous>)
          at EventEmitter.invoke (/data/Workspace/helios/starwards/node_modules/colyseus.js/src/core/signal.ts:15:19)
          at Function.register.invoke (/data/Workspace/helios/starwards/node_modules/colyseus.js/src/core/signal.ts:57:81)
          at WebSocket.connection.events.onclose (/data/Workspace/helios/starwards/node_modules/colyseus.js/src/Room.ts:89:30)
          at callListener (/data/Workspace/helios/starwards/node_modules/colyseus.js/node_modules/ws/lib/event-target.js:290:14)
          at WebSocket.onClose (/data/Workspace/helios/starwards/node_modules/colyseus.js/node_modules/ws/lib/event-target.js:220:9)
          at WebSocket.emit (node:events:524:28)
          at WebSocket.emitClose (/data/Workspace/helios/starwards/node_modules/colyseus.js/node_modules/ws/lib/websocket.js:272:10)
          at Socket.socketOnClose (/data/Workspace/helios/starwards/node_modules/colyseus.js/node_modules/ws/lib/websocket.js:1341:15)
          at Socket.emit (node:events:524:28)
          at TCP.<anonymous> (node:net:343:12)

      at ConnectionManager.onConnectionError (modules/core/src/client/connection-manager.ts:144:21)
          at Array.forEach (<anonymous>)

    console.log
      connection error: TypeError: Cannot read properties of undefined (reading 'decoder')
          at wireEvents (/data/Workspace/helios/starwards/node_modules/colyseus-events/src/wire-events.ts:30:40)
          at /data/Workspace/helios/starwards/modules/core/src/client/admin.ts:20:5
          at processTicksAndRejections (node:internal/process/task_queues:95:5)
          at /data/Workspace/helios/starwards/modules/core/src/client/connection-manager.ts:131:21

      at ConnectionManager.onConnectionError (modules/core/src/client/connection-manager.ts:144:21)

    console.log
      connection error: Error: disconnected from server
          at EventEmitter.<anonymous> (/data/Workspace/helios/starwards/modules/core/src/client/driver.ts:53:58)
          at /data/Workspace/helios/starwards/node_modules/colyseus.js/src/core/signal.ts:15:48
          at Array.forEach (<anonymous>)
          at EventEmitter.invoke (/data/Workspace/helios/starwards/node_modules/colyseus.js/src/core/signal.ts:15:19)
          at Function.register.invoke (/data/Workspace/helios/starwards/node_modules/colyseus.js/src/core/signal.ts:57:81)
          at WebSocket.connection.events.onclose (/data/Workspace/helios/starwards/node_modules/colyseus.js/src/Room.ts:89:30)
          at callListener (/data/Workspace/helios/starwards/node_modules/colyseus.js/node_modules/ws/lib/event-target.js:290:14)
          at WebSocket.onClose (/data/Workspace/helios/starwards/node_modules/colyseus.js/node_modules/ws/lib/event-target.js:220:9)
          at WebSocket.emit (node:events:524:28)
          at WebSocket.emitClose (/data/Workspace/helios/starwards/node_modules/colyseus.js/node_modules/ws/lib/websocket.js:272:10)
          at Socket.socketOnClose (/data/Workspace/helios/starwards/node_modules/colyseus.js/node_modules/ws/lib/websocket.js:1341:15)
          at Socket.emit (node:events:524:28)
          at TCP.<anonymous> (node:net:343:12)

      at ConnectionManager.onConnectionError (modules/core/src/client/connection-manager.ts:144:21)
          at Array.forEach (<anonymous>)

    console.log
      connection error: TypeError: Cannot read properties of undefined (reading 'decoder')
          at wireEvents (/data/Workspace/helios/starwards/node_modules/colyseus-events/src/wire-events.ts:30:40)
          at /data/Workspace/helios/starwards/modules/core/src/client/admin.ts:20:5
          at processTicksAndRejections (node:internal/process/task_queues:95:5)
          at /data/Workspace/helios/starwards/modules/core/src/client/connection-manager.ts:131:21

      at ConnectionManager.onConnectionError (modules/core/src/client/connection-manager.ts:144:21)

    console.log
      connection error: Error: disconnected from server
          at EventEmitter.<anonymous> (/data/Workspace/helios/starwards/modules/core/src/client/driver.ts:53:58)
          at /data/Workspace/helios/starwards/node_modules/colyseus.js/src/core/signal.ts:15:48
          at Array.forEach (<anonymous>)
          at EventEmitter.invoke (/data/Workspace/helios/starwards/node_modules/colyseus.js/src/core/signal.ts:15:19)
          at Function.register.invoke (/data/Workspace/helios/starwards/node_modules/colyseus.js/src/core/signal.ts:57:81)
          at WebSocket.connection.events.onclose (/data/Workspace/helios/starwards/node_modules/colyseus.js/src/Room.ts:89:30)
          at callListener (/data/Workspace/helios/starwards/node_modules/colyseus.js/node_modules/ws/lib/event-target.js:290:14)
          at WebSocket.onClose (/data/Workspace/helios/starwards/node_modules/colyseus.js/node_modules/ws/lib/event-target.js:220:9)
          at WebSocket.emit (node:events:524:28)
          at WebSocket.emitClose (/data/Workspace/helios/starwards/node_modules/colyseus.js/node_modules/ws/lib/websocket.js:272:10)
          at Socket.socketOnClose (/data/Workspace/helios/starwards/node_modules/colyseus.js/node_modules/ws/lib/websocket.js:1341:15)
          at Socket.emit (node:events:524:28)
          at TCP.<anonymous> (node:net:343:12)

      at ConnectionManager.onConnectionError (modules/core/src/client/connection-manager.ts:144:21)
          at Array.forEach (<anonymous>)

    console.log
      connection error: TypeError: Cannot read properties of undefined (reading 'decoder')
          at wireEvents (/data/Workspace/helios/starwards/node_modules/colyseus-events/src/wire-events.ts:30:40)
          at /data/Workspace/helios/starwards/modules/core/src/client/admin.ts:20:5
          at processTicksAndRejections (node:internal/process/task_queues:95:5)
          at /data/Workspace/helios/starwards/modules/core/src/client/connection-manager.ts:131:21

      at ConnectionManager.onConnectionError (modules/core/src/client/connection-manager.ts:144:21)

    console.log
      connection error: Error: disconnected from server
          at EventEmitter.<anonymous> (/data/Workspace/helios/starwards/modules/core/src/client/driver.ts:53:58)
          at /data/Workspace/helios/starwards/node_modules/colyseus.js/src/core/signal.ts:15:48
          at Array.forEach (<anonymous>)
          at EventEmitter.invoke (/data/Workspace/helios/starwards/node_modules/colyseus.js/src/core/signal.ts:15:19)
          at Function.register.invoke (/data/Workspace/helios/starwards/node_modules/colyseus.js/src/core/signal.ts:57:81)
          at WebSocket.connection.events.onclose (/data/Workspace/helios/starwards/node_modules/colyseus.js/src/Room.ts:89:30)
          at callListener (/data/Workspace/helios/starwards/node_modules/colyseus.js/node_modules/ws/lib/event-target.js:290:14)
          at WebSocket.onClose (/data/Workspace/helios/starwards/node_modules/colyseus.js/node_modules/ws/lib/event-target.js:220:9)
          at WebSocket.emit (node:events:524:28)
          at WebSocket.emitClose (/data/Workspace/helios/starwards/node_modules/colyseus.js/node_modules/ws/lib/websocket.js:272:10)
          at Socket.socketOnClose (/data/Workspace/helios/starwards/node_modules/colyseus.js/node_modules/ws/lib/websocket.js:1341:15)
          at Socket.emit (node:events:524:28)
          at TCP.<anonymous> (node:net:343:12)

      at ConnectionManager.onConnectionError (modules/core/src/client/connection-manager.ts:144:21)
          at Array.forEach (<anonymous>)

    console.log
      connection error: TypeError: Cannot read properties of undefined (reading 'decoder')
          at wireEvents (/data/Workspace/helios/starwards/node_modules/colyseus-events/src/wire-events.ts:30:40)
          at /data/Workspace/helios/starwards/modules/core/src/client/admin.ts:20:5
          at processTicksAndRejections (node:internal/process/task_queues:95:5)
          at /data/Workspace/helios/starwards/modules/core/src/client/connection-manager.ts:131:21

      at ConnectionManager.onConnectionError (modules/core/src/client/connection-manager.ts:144:21)

    console.log
      connection error: Error: disconnected from server
          at EventEmitter.<anonymous> (/data/Workspace/helios/starwards/modules/core/src/client/driver.ts:53:58)
          at /data/Workspace/helios/starwards/node_modules/colyseus.js/src/core/signal.ts:15:48
          at Array.forEach (<anonymous>)
          at EventEmitter.invoke (/data/Workspace/helios/starwards/node_modules/colyseus.js/src/core/signal.ts:15:19)
          at Function.register.invoke (/data/Workspace/helios/starwards/node_modules/colyseus.js/src/core/signal.ts:57:81)
          at WebSocket.connection.events.onclose (/data/Workspace/helios/starwards/node_modules/colyseus.js/src/Room.ts:89:30)
          at callListener (/data/Workspace/helios/starwards/node_modules/colyseus.js/node_modules/ws/lib/event-target.js:290:14)
          at WebSocket.onClose (/data/Workspace/helios/starwards/node_modules/colyseus.js/node_modules/ws/lib/event-target.js:220:9)
          at WebSocket.emit (node:events:524:28)
          at WebSocket.emitClose (/data/Workspace/helios/starwards/node_modules/colyseus.js/node_modules/ws/lib/websocket.js:272:10)
          at Socket.socketOnClose (/data/Workspace/helios/starwards/node_modules/colyseus.js/node_modules/ws/lib/websocket.js:1341:15)
          at Socket.emit (node:events:524:28)
          at TCP.<anonymous> (node:net:343:12)

      at ConnectionManager.onConnectionError (modules/core/src/client/connection-manager.ts:144:21)
          at Array.forEach (<anonymous>)

    console.log
      connection error: TypeError: Cannot read properties of undefined (reading 'decoder')
          at wireEvents (/data/Workspace/helios/starwards/node_modules/colyseus-events/src/wire-events.ts:30:40)
          at /data/Workspace/helios/starwards/modules/core/src/client/admin.ts:20:5
          at processTicksAndRejections (node:internal/process/task_queues:95:5)
          at /data/Workspace/helios/starwards/modules/core/src/client/connection-manager.ts:131:21

      at ConnectionManager.onConnectionError (modules/core/src/client/connection-manager.ts:144:21)

    console.log
      connection error: Error: disconnected from server
          at EventEmitter.<anonymous> (/data/Workspace/helios/starwards/modules/core/src/client/driver.ts:53:58)
          at /data/Workspace/helios/starwards/node_modules/colyseus.js/src/core/signal.ts:15:48
          at Array.forEach (<anonymous>)
          at EventEmitter.invoke (/data/Workspace/helios/starwards/node_modules/colyseus.js/src/core/signal.ts:15:19)
          at Function.register.invoke (/data/Workspace/helios/starwards/node_modules/colyseus.js/src/core/signal.ts:57:81)
          at WebSocket.connection.events.onclose (/data/Workspace/helios/starwards/node_modules/colyseus.js/src/Room.ts:89:30)
          at callListener (/data/Workspace/helios/starwards/node_modules/colyseus.js/node_modules/ws/lib/event-target.js:290:14)
          at WebSocket.onClose (/data/Workspace/helios/starwards/node_modules/colyseus.js/node_modules/ws/lib/event-target.js:220:9)
          at WebSocket.emit (node:events:524:28)
          at WebSocket.emitClose (/data/Workspace/helios/starwards/node_modules/colyseus.js/node_modules/ws/lib/websocket.js:272:10)
          at Socket.socketOnClose (/data/Workspace/helios/starwards/node_modules/colyseus.js/node_modules/ws/lib/websocket.js:1341:15)
          at Socket.emit (node:events:524:28)
          at TCP.<anonymous> (node:net:343:12)

      at ConnectionManager.onConnectionError (modules/core/src/client/connection-manager.ts:144:21)
          at Array.forEach (<anonymous>)

    console.log
      connection error: TypeError: Cannot read properties of undefined (reading 'decoder')
          at wireEvents (/data/Workspace/helios/starwards/node_modules/colyseus-events/src/wire-events.ts:30:40)
          at /data/Workspace/helios/starwards/modules/core/src/client/admin.ts:20:5
          at processTicksAndRejections (node:internal/process/task_queues:95:5)
          at /data/Workspace/helios/starwards/modules/core/src/client/connection-manager.ts:131:21

      at ConnectionManager.onConnectionError (modules/core/src/client/connection-manager.ts:144:21)

    console.log
      connection error: Error: disconnected from server
          at EventEmitter.<anonymous> (/data/Workspace/helios/starwards/modules/core/src/client/driver.ts:53:58)
          at /data/Workspace/helios/starwards/node_modules/colyseus.js/src/core/signal.ts:15:48
          at Array.forEach (<anonymous>)
          at EventEmitter.invoke (/data/Workspace/helios/starwards/node_modules/colyseus.js/src/core/signal.ts:15:19)
          at Function.register.invoke (/data/Workspace/helios/starwards/node_modules/colyseus.js/src/core/signal.ts:57:81)
          at WebSocket.connection.events.onclose (/data/Workspace/helios/starwards/node_modules/colyseus.js/src/Room.ts:89:30)
          at callListener (/data/Workspace/helios/starwards/node_modules/colyseus.js/node_modules/ws/lib/event-target.js:290:14)
          at WebSocket.onClose (/data/Workspace/helios/starwards/node_modules/colyseus.js/node_modules/ws/lib/event-target.js:220:9)
          at WebSocket.emit (node:events:524:28)
          at WebSocket.emitClose (/data/Workspace/helios/starwards/node_modules/colyseus.js/node_modules/ws/lib/websocket.js:272:10)
          at Socket.socketOnClose (/data/Workspace/helios/starwards/node_modules/colyseus.js/node_modules/ws/lib/websocket.js:1341:15)
          at Socket.emit (node:events:524:28)
          at TCP.<anonymous> (node:net:343:12)

      at ConnectionManager.onConnectionError (modules/core/src/client/connection-manager.ts:144:21)
          at Array.forEach (<anonymous>)

    console.log
      connection error: TypeError: Cannot read properties of undefined (reading 'decoder')
          at wireEvents (/data/Workspace/helios/starwards/node_modules/colyseus-events/src/wire-events.ts:30:40)
          at /data/Workspace/helios/starwards/modules/core/src/client/admin.ts:20:5
          at processTicksAndRejections (node:internal/process/task_queues:95:5)
          at /data/Workspace/helios/starwards/modules/core/src/client/connection-manager.ts:131:21

      at ConnectionManager.onConnectionError (modules/core/src/client/connection-manager.ts:144:21)

    console.log
      connection error: Error: disconnected from server
          at EventEmitter.<anonymous> (/data/Workspace/helios/starwards/modules/core/src/client/driver.ts:53:58)
          at /data/Workspace/helios/starwards/node_modules/colyseus.js/src/core/signal.ts:15:48
          at Array.forEach (<anonymous>)
          at EventEmitter.invoke (/data/Workspace/helios/starwards/node_modules/colyseus.js/src/core/signal.ts:15:19)
          at Function.register.invoke (/data/Workspace/helios/starwards/node_modules/colyseus.js/src/core/signal.ts:57:81)
          at WebSocket.connection.events.onclose (/data/Workspace/helios/starwards/node_modules/colyseus.js/src/Room.ts:89:30)
          at callListener (/data/Workspace/helios/starwards/node_modules/colyseus.js/node_modules/ws/lib/event-target.js:290:14)
          at WebSocket.onClose (/data/Workspace/helios/starwards/node_modules/colyseus.js/node_modules/ws/lib/event-target.js:220:9)
          at WebSocket.emit (node:events:524:28)
          at WebSocket.emitClose (/data/Workspace/helios/starwards/node_modules/colyseus.js/node_modules/ws/lib/websocket.js:272:10)
          at Socket.socketOnClose (/data/Workspace/helios/starwards/node_modules/colyseus.js/node_modules/ws/lib/websocket.js:1341:15)
          at Socket.emit (node:events:524:28)
          at TCP.<anonymous> (node:net:343:12)

      at ConnectionManager.onConnectionError (modules/core/src/client/connection-manager.ts:144:21)
          at Array.forEach (<anonymous>)

    console.log
      connection error: TypeError: Cannot read properties of undefined (reading 'decoder')
          at wireEvents (/data/Workspace/helios/starwards/node_modules/colyseus-events/src/wire-events.ts:30:40)
          at /data/Workspace/helios/starwards/modules/core/src/client/admin.ts:20:5
          at processTicksAndRejections (node:internal/process/task_queues:95:5)
          at /data/Workspace/helios/starwards/modules/core/src/client/connection-manager.ts:131:21

      at ConnectionManager.onConnectionError (modules/core/src/client/connection-manager.ts:144:21)

    console.log
      connection error: Error: disconnected from server
          at EventEmitter.<anonymous> (/data/Workspace/helios/starwards/modules/core/src/client/driver.ts:53:58)
          at /data/Workspace/helios/starwards/node_modules/colyseus.js/src/core/signal.ts:15:48
          at Array.forEach (<anonymous>)
          at EventEmitter.invoke (/data/Workspace/helios/starwards/node_modules/colyseus.js/src/core/signal.ts:15:19)
          at Function.register.invoke (/data/Workspace/helios/starwards/node_modules/colyseus.js/src/core/signal.ts:57:81)
          at WebSocket.connection.events.onclose (/data/Workspace/helios/starwards/node_modules/colyseus.js/src/Room.ts:89:30)
          at callListener (/data/Workspace/helios/starwards/node_modules/colyseus.js/node_modules/ws/lib/event-target.js:290:14)
          at WebSocket.onClose (/data/Workspace/helios/starwards/node_modules/colyseus.js/node_modules/ws/lib/event-target.js:220:9)
          at WebSocket.emit (node:events:524:28)
          at WebSocket.emitClose (/data/Workspace/helios/starwards/node_modules/colyseus.js/node_modules/ws/lib/websocket.js:272:10)
          at Socket.socketOnClose (/data/Workspace/helios/starwards/node_modules/colyseus.js/node_modules/ws/lib/websocket.js:1341:15)
          at Socket.emit (node:events:524:28)
          at TCP.<anonymous> (node:net:343:12)

      at ConnectionManager.onConnectionError (modules/core/src/client/connection-manager.ts:144:21)
          at Array.forEach (<anonymous>)

    console.log
      connection error: TypeError: Cannot read properties of undefined (reading 'decoder')
          at wireEvents (/data/Workspace/helios/starwards/node_modules/colyseus-events/src/wire-events.ts:30:40)
          at /data/Workspace/helios/starwards/modules/core/src/client/admin.ts:20:5
          at processTicksAndRejections (node:internal/process/task_queues:95:5)
          at /data/Workspace/helios/starwards/modules/core/src/client/connection-manager.ts:131:21

      at ConnectionManager.onConnectionError (modules/core/src/client/connection-manager.ts:144:21)

    console.log
      connection error: Error: disconnected from server
          at EventEmitter.<anonymous> (/data/Workspace/helios/starwards/modules/core/src/client/driver.ts:53:58)
          at /data/Workspace/helios/starwards/node_modules/colyseus.js/src/core/signal.ts:15:48
          at Array.forEach (<anonymous>)
          at EventEmitter.invoke (/data/Workspace/helios/starwards/node_modules/colyseus.js/src/core/signal.ts:15:19)
          at Function.register.invoke (/data/Workspace/helios/starwards/node_modules/colyseus.js/src/core/signal.ts:57:81)
          at WebSocket.connection.events.onclose (/data/Workspace/helios/starwards/node_modules/colyseus.js/src/Room.ts:89:30)
          at callListener (/data/Workspace/helios/starwards/node_modules/colyseus.js/node_modules/ws/lib/event-target.js:290:14)
          at WebSocket.onClose (/data/Workspace/helios/starwards/node_modules/colyseus.js/node_modules/ws/lib/event-target.js:220:9)
          at WebSocket.emit (node:events:524:28)
          at WebSocket.emitClose (/data/Workspace/helios/starwards/node_modules/colyseus.js/node_modules/ws/lib/websocket.js:272:10)
          at Socket.socketOnClose (/data/Workspace/helios/starwards/node_modules/colyseus.js/node_modules/ws/lib/websocket.js:1341:15)
          at Socket.emit (node:events:524:28)
          at TCP.<anonymous> (node:net:343:12)

      at ConnectionManager.onConnectionError (modules/core/src/client/connection-manager.ts:144:21)
          at Array.forEach (<anonymous>)

    console.log
      connection error: TypeError: Cannot read properties of undefined (reading 'decoder')
          at wireEvents (/data/Workspace/helios/starwards/node_modules/colyseus-events/src/wire-events.ts:30:40)
          at /data/Workspace/helios/starwards/modules/core/src/client/admin.ts:20:5
          at processTicksAndRejections (node:internal/process/task_queues:95:5)
          at /data/Workspace/helios/starwards/modules/core/src/client/connection-manager.ts:131:21

      at ConnectionManager.onConnectionError (modules/core/src/client/connection-manager.ts:144:21)

    console.log
      connection error: Error: disconnected from server
          at EventEmitter.<anonymous> (/data/Workspace/helios/starwards/modules/core/src/client/driver.ts:53:58)
          at /data/Workspace/helios/starwards/node_modules/colyseus.js/src/core/signal.ts:15:48
          at Array.forEach (<anonymous>)
          at EventEmitter.invoke (/data/Workspace/helios/starwards/node_modules/colyseus.js/src/core/signal.ts:15:19)
          at Function.register.invoke (/data/Workspace/helios/starwards/node_modules/colyseus.js/src/core/signal.ts:57:81)
          at WebSocket.connection.events.onclose (/data/Workspace/helios/starwards/node_modules/colyseus.js/src/Room.ts:89:30)
          at callListener (/data/Workspace/helios/starwards/node_modules/colyseus.js/node_modules/ws/lib/event-target.js:290:14)
          at WebSocket.onClose (/data/Workspace/helios/starwards/node_modules/colyseus.js/node_modules/ws/lib/event-target.js:220:9)
          at WebSocket.emit (node:events:524:28)
          at WebSocket.emitClose (/data/Workspace/helios/starwards/node_modules/colyseus.js/node_modules/ws/lib/websocket.js:272:10)
          at Socket.socketOnClose (/data/Workspace/helios/starwards/node_modules/colyseus.js/node_modules/ws/lib/websocket.js:1341:15)
          at Socket.emit (node:events:524:28)
          at TCP.<anonymous> (node:net:343:12)

      at ConnectionManager.onConnectionError (modules/core/src/client/connection-manager.ts:144:21)
          at Array.forEach (<anonymous>)

    console.log
      connection error: TypeError: Cannot read properties of undefined (reading 'decoder')
          at wireEvents (/data/Workspace/helios/starwards/node_modules/colyseus-events/src/wire-events.ts:30:40)
          at /data/Workspace/helios/starwards/modules/core/src/client/admin.ts:20:5
          at processTicksAndRejections (node:internal/process/task_queues:95:5)
          at /data/Workspace/helios/starwards/modules/core/src/client/connection-manager.ts:131:21

      at ConnectionManager.onConnectionError (modules/core/src/client/connection-manager.ts:144:21)

    console.log
      connection error: Error: disconnected from server
          at EventEmitter.<anonymous> (/data/Workspace/helios/starwards/modules/core/src/client/driver.ts:53:58)
          at /data/Workspace/helios/starwards/node_modules/colyseus.js/src/core/signal.ts:15:48
          at Array.forEach (<anonymous>)
          at EventEmitter.invoke (/data/Workspace/helios/starwards/node_modules/colyseus.js/src/core/signal.ts:15:19)
          at Function.register.invoke (/data/Workspace/helios/starwards/node_modules/colyseus.js/src/core/signal.ts:57:81)
          at WebSocket.connection.events.onclose (/data/Workspace/helios/starwards/node_modules/colyseus.js/src/Room.ts:89:30)
          at callListener (/data/Workspace/helios/starwards/node_modules/colyseus.js/node_modules/ws/lib/event-target.js:290:14)
          at WebSocket.onClose (/data/Workspace/helios/starwards/node_modules/colyseus.js/node_modules/ws/lib/event-target.js:220:9)
          at WebSocket.emit (node:events:524:28)
          at WebSocket.emitClose (/data/Workspace/helios/starwards/node_modules/colyseus.js/node_modules/ws/lib/websocket.js:272:10)
          at Socket.socketOnClose (/data/Workspace/helios/starwards/node_modules/colyseus.js/node_modules/ws/lib/websocket.js:1341:15)
          at Socket.emit (node:events:524:28)
          at TCP.<anonymous> (node:net:343:12)

      at ConnectionManager.onConnectionError (modules/core/src/client/connection-manager.ts:144:21)
          at Array.forEach (<anonymous>)

    console.log
      connection error: TypeError: Cannot read properties of undefined (reading 'decoder')
          at wireEvents (/data/Workspace/helios/starwards/node_modules/colyseus-events/src/wire-events.ts:30:40)
          at /data/Workspace/helios/starwards/modules/core/src/client/admin.ts:20:5
          at processTicksAndRejections (node:internal/process/task_queues:95:5)
          at /data/Workspace/helios/starwards/modules/core/src/client/connection-manager.ts:131:21

      at ConnectionManager.onConnectionError (modules/core/src/client/connection-manager.ts:144:21)

    console.log
      connection error: Error: disconnected from server
          at EventEmitter.<anonymous> (/data/Workspace/helios/starwards/modules/core/src/client/driver.ts:53:58)
          at /data/Workspace/helios/starwards/node_modules/colyseus.js/src/core/signal.ts:15:48
          at Array.forEach (<anonymous>)
          at EventEmitter.invoke (/data/Workspace/helios/starwards/node_modules/colyseus.js/src/core/signal.ts:15:19)
          at Function.register.invoke (/data/Workspace/helios/starwards/node_modules/colyseus.js/src/core/signal.ts:57:81)
          at WebSocket.connection.events.onclose (/data/Workspace/helios/starwards/node_modules/colyseus.js/src/Room.ts:89:30)
          at callListener (/data/Workspace/helios/starwards/node_modules/colyseus.js/node_modules/ws/lib/event-target.js:290:14)
          at WebSocket.onClose (/data/Workspace/helios/starwards/node_modules/colyseus.js/node_modules/ws/lib/event-target.js:220:9)
          at WebSocket.emit (node:events:524:28)
          at WebSocket.emitClose (/data/Workspace/helios/starwards/node_modules/colyseus.js/node_modules/ws/lib/websocket.js:272:10)
          at Socket.socketOnClose (/data/Workspace/helios/starwards/node_modules/colyseus.js/node_modules/ws/lib/websocket.js:1341:15)
          at Socket.emit (node:events:524:28)
          at TCP.<anonymous> (node:net:343:12)

      at ConnectionManager.onConnectionError (modules/core/src/client/connection-manager.ts:144:21)
          at Array.forEach (<anonymous>)

    console.log
      connection error: TypeError: Cannot read properties of undefined (reading 'decoder')
          at wireEvents (/data/Workspace/helios/starwards/node_modules/colyseus-events/src/wire-events.ts:30:40)
          at /data/Workspace/helios/starwards/modules/core/src/client/admin.ts:20:5
          at processTicksAndRejections (node:internal/process/task_queues:95:5)
          at /data/Workspace/helios/starwards/modules/core/src/client/connection-manager.ts:131:21

      at ConnectionManager.onConnectionError (modules/core/src/client/connection-manager.ts:144:21)

    console.log
      connection error: Error: disconnected from server
          at EventEmitter.<anonymous> (/data/Workspace/helios/starwards/modules/core/src/client/driver.ts:53:58)
          at /data/Workspace/helios/starwards/node_modules/colyseus.js/src/core/signal.ts:15:48
          at Array.forEach (<anonymous>)
          at EventEmitter.invoke (/data/Workspace/helios/starwards/node_modules/colyseus.js/src/core/signal.ts:15:19)
          at Function.register.invoke (/data/Workspace/helios/starwards/node_modules/colyseus.js/src/core/signal.ts:57:81)
          at WebSocket.connection.events.onclose (/data/Workspace/helios/starwards/node_modules/colyseus.js/src/Room.ts:89:30)
          at callListener (/data/Workspace/helios/starwards/node_modules/colyseus.js/node_modules/ws/lib/event-target.js:290:14)
          at WebSocket.onClose (/data/Workspace/helios/starwards/node_modules/colyseus.js/node_modules/ws/lib/event-target.js:220:9)
          at WebSocket.emit (node:events:524:28)
          at WebSocket.emitClose (/data/Workspace/helios/starwards/node_modules/colyseus.js/node_modules/ws/lib/websocket.js:272:10)
          at Socket.socketOnClose (/data/Workspace/helios/starwards/node_modules/colyseus.js/node_modules/ws/lib/websocket.js:1341:15)
          at Socket.emit (node:events:524:28)
          at TCP.<anonymous> (node:net:343:12)

      at ConnectionManager.onConnectionError (modules/core/src/client/connection-manager.ts:144:21)
          at Array.forEach (<anonymous>)

    console.log
      connection error: TypeError: Cannot read properties of undefined (reading 'decoder')
          at wireEvents (/data/Workspace/helios/starwards/node_modules/colyseus-events/src/wire-events.ts:30:40)
          at /data/Workspace/helios/starwards/modules/core/src/client/admin.ts:20:5
          at processTicksAndRejections (node:internal/process/task_queues:95:5)
          at /data/Workspace/helios/starwards/modules/core/src/client/connection-manager.ts:131:21

      at ConnectionManager.onConnectionError (modules/core/src/client/connection-manager.ts:144:21)

    console.log
      connection error: Error: disconnected from server
          at EventEmitter.<anonymous> (/data/Workspace/helios/starwards/modules/core/src/client/driver.ts:53:58)
          at /data/Workspace/helios/starwards/node_modules/colyseus.js/src/core/signal.ts:15:48
          at Array.forEach (<anonymous>)
          at EventEmitter.invoke (/data/Workspace/helios/starwards/node_modules/colyseus.js/src/core/signal.ts:15:19)
          at Function.register.invoke (/data/Workspace/helios/starwards/node_modules/colyseus.js/src/core/signal.ts:57:81)
          at WebSocket.connection.events.onclose (/data/Workspace/helios/starwards/node_modules/colyseus.js/src/Room.ts:89:30)
          at callListener (/data/Workspace/helios/starwards/node_modules/colyseus.js/node_modules/ws/lib/event-target.js:290:14)
          at WebSocket.onClose (/data/Workspace/helios/starwards/node_modules/colyseus.js/node_modules/ws/lib/event-target.js:220:9)
          at WebSocket.emit (node:events:524:28)
          at WebSocket.emitClose (/data/Workspace/helios/starwards/node_modules/colyseus.js/node_modules/ws/lib/websocket.js:272:10)
          at Socket.socketOnClose (/data/Workspace/helios/starwards/node_modules/colyseus.js/node_modules/ws/lib/websocket.js:1341:15)
          at Socket.emit (node:events:524:28)
          at TCP.<anonymous> (node:net:343:12)

      at ConnectionManager.onConnectionError (modules/core/src/client/connection-manager.ts:144:21)
          at Array.forEach (<anonymous>)

    console.log
      connection error: TypeError: Cannot read properties of undefined (reading 'decoder')
          at wireEvents (/data/Workspace/helios/starwards/node_modules/colyseus-events/src/wire-events.ts:30:40)
          at /data/Workspace/helios/starwards/modules/core/src/client/admin.ts:20:5
          at processTicksAndRejections (node:internal/process/task_queues:95:5)
          at /data/Workspace/helios/starwards/modules/core/src/client/connection-manager.ts:131:21

      at ConnectionManager.onConnectionError (modules/core/src/client/connection-manager.ts:144:21)

    console.log
      connection error: Error: disconnected from server
          at EventEmitter.<anonymous> (/data/Workspace/helios/starwards/modules/core/src/client/driver.ts:53:58)
          at /data/Workspace/helios/starwards/node_modules/colyseus.js/src/core/signal.ts:15:48
          at Array.forEach (<anonymous>)
          at EventEmitter.invoke (/data/Workspace/helios/starwards/node_modules/colyseus.js/src/core/signal.ts:15:19)
          at Function.register.invoke (/data/Workspace/helios/starwards/node_modules/colyseus.js/src/core/signal.ts:57:81)
          at WebSocket.connection.events.onclose (/data/Workspace/helios/starwards/node_modules/colyseus.js/src/Room.ts:89:30)
          at callListener (/data/Workspace/helios/starwards/node_modules/colyseus.js/node_modules/ws/lib/event-target.js:290:14)
          at WebSocket.onClose (/data/Workspace/helios/starwards/node_modules/colyseus.js/node_modules/ws/lib/event-target.js:220:9)
          at WebSocket.emit (node:events:524:28)
          at WebSocket.emitClose (/data/Workspace/helios/starwards/node_modules/colyseus.js/node_modules/ws/lib/websocket.js:272:10)
          at Socket.socketOnClose (/data/Workspace/helios/starwards/node_modules/colyseus.js/node_modules/ws/lib/websocket.js:1341:15)
          at Socket.emit (node:events:524:28)
          at TCP.<anonymous> (node:net:343:12)

      at ConnectionManager.onConnectionError (modules/core/src/client/connection-manager.ts:144:21)
          at Array.forEach (<anonymous>)

    console.log
      connection error: TypeError: Cannot read properties of undefined (reading 'decoder')
          at wireEvents (/data/Workspace/helios/starwards/node_modules/colyseus-events/src/wire-events.ts:30:40)
          at /data/Workspace/helios/starwards/modules/core/src/client/admin.ts:20:5
          at processTicksAndRejections (node:internal/process/task_queues:95:5)
          at /data/Workspace/helios/starwards/modules/core/src/client/connection-manager.ts:131:21

      at ConnectionManager.onConnectionError (modules/core/src/client/connection-manager.ts:144:21)

    console.log
      connection error: Error: disconnected from server
          at EventEmitter.<anonymous> (/data/Workspace/helios/starwards/modules/core/src/client/driver.ts:53:58)
          at /data/Workspace/helios/starwards/node_modules/colyseus.js/src/core/signal.ts:15:48
          at Array.forEach (<anonymous>)
          at EventEmitter.invoke (/data/Workspace/helios/starwards/node_modules/colyseus.js/src/core/signal.ts:15:19)
          at Function.register.invoke (/data/Workspace/helios/starwards/node_modules/colyseus.js/src/core/signal.ts:57:81)
          at WebSocket.connection.events.onclose (/data/Workspace/helios/starwards/node_modules/colyseus.js/src/Room.ts:89:30)
          at callListener (/data/Workspace/helios/starwards/node_modules/colyseus.js/node_modules/ws/lib/event-target.js:290:14)
          at WebSocket.onClose (/data/Workspace/helios/starwards/node_modules/colyseus.js/node_modules/ws/lib/event-target.js:220:9)
          at WebSocket.emit (node:events:524:28)
          at WebSocket.emitClose (/data/Workspace/helios/starwards/node_modules/colyseus.js/node_modules/ws/lib/websocket.js:272:10)
          at Socket.socketOnClose (/data/Workspace/helios/starwards/node_modules/colyseus.js/node_modules/ws/lib/websocket.js:1341:15)
          at Socket.emit (node:events:524:28)
          at TCP.<anonymous> (node:net:343:12)

      at ConnectionManager.onConnectionError (modules/core/src/client/connection-manager.ts:144:21)
          at Array.forEach (<anonymous>)

    console.log
      connection error: TypeError: Cannot read properties of undefined (reading 'decoder')
          at wireEvents (/data/Workspace/helios/starwards/node_modules/colyseus-events/src/wire-events.ts:30:40)
          at /data/Workspace/helios/starwards/modules/core/src/client/admin.ts:20:5
          at processTicksAndRejections (node:internal/process/task_queues:95:5)
          at /data/Workspace/helios/starwards/modules/core/src/client/connection-manager.ts:131:21

      at ConnectionManager.onConnectionError (modules/core/src/client/connection-manager.ts:144:21)

    console.log
      connection error: Error: disconnected from server
          at EventEmitter.<anonymous> (/data/Workspace/helios/starwards/modules/core/src/client/driver.ts:53:58)
          at /data/Workspace/helios/starwards/node_modules/colyseus.js/src/core/signal.ts:15:48
          at Array.forEach (<anonymous>)
          at EventEmitter.invoke (/data/Workspace/helios/starwards/node_modules/colyseus.js/src/core/signal.ts:15:19)
          at Function.register.invoke (/data/Workspace/helios/starwards/node_modules/colyseus.js/src/core/signal.ts:57:81)
          at WebSocket.connection.events.onclose (/data/Workspace/helios/starwards/node_modules/colyseus.js/src/Room.ts:89:30)
          at callListener (/data/Workspace/helios/starwards/node_modules/colyseus.js/node_modules/ws/lib/event-target.js:290:14)
          at WebSocket.onClose (/data/Workspace/helios/starwards/node_modules/colyseus.js/node_modules/ws/lib/event-target.js:220:9)
          at WebSocket.emit (node:events:524:28)
          at WebSocket.emitClose (/data/Workspace/helios/starwards/node_modules/colyseus.js/node_modules/ws/lib/websocket.js:272:10)
          at Socket.socketOnClose (/data/Workspace/helios/starwards/node_modules/colyseus.js/node_modules/ws/lib/websocket.js:1341:15)
          at Socket.emit (node:events:524:28)
          at TCP.<anonymous> (node:net:343:12)

      at ConnectionManager.onConnectionError (modules/core/src/client/connection-manager.ts:144:21)
          at Array.forEach (<anonymous>)

    console.log
      connection error: TypeError: Cannot read properties of undefined (reading 'decoder')
          at wireEvents (/data/Workspace/helios/starwards/node_modules/colyseus-events/src/wire-events.ts:30:40)
          at /data/Workspace/helios/starwards/modules/core/src/client/admin.ts:20:5
          at processTicksAndRejections (node:internal/process/task_queues:95:5)
          at /data/Workspace/helios/starwards/modules/core/src/client/connection-manager.ts:131:21

      at ConnectionManager.onConnectionError (modules/core/src/client/connection-manager.ts:144:21)

    console.log
      connection error: Error: disconnected from server
          at EventEmitter.<anonymous> (/data/Workspace/helios/starwards/modules/core/src/client/driver.ts:53:58)
          at /data/Workspace/helios/starwards/node_modules/colyseus.js/src/core/signal.ts:15:48
          at Array.forEach (<anonymous>)
          at EventEmitter.invoke (/data/Workspace/helios/starwards/node_modules/colyseus.js/src/core/signal.ts:15:19)
          at Function.register.invoke (/data/Workspace/helios/starwards/node_modules/colyseus.js/src/core/signal.ts:57:81)
          at WebSocket.connection.events.onclose (/data/Workspace/helios/starwards/node_modules/colyseus.js/src/Room.ts:89:30)
          at callListener (/data/Workspace/helios/starwards/node_modules/colyseus.js/node_modules/ws/lib/event-target.js:290:14)
          at WebSocket.onClose (/data/Workspace/helios/starwards/node_modules/colyseus.js/node_modules/ws/lib/event-target.js:220:9)
          at WebSocket.emit (node:events:524:28)
          at WebSocket.emitClose (/data/Workspace/helios/starwards/node_modules/colyseus.js/node_modules/ws/lib/websocket.js:272:10)
          at Socket.socketOnClose (/data/Workspace/helios/starwards/node_modules/colyseus.js/node_modules/ws/lib/websocket.js:1341:15)
          at Socket.emit (node:events:524:28)
          at TCP.<anonymous> (node:net:343:12)

      at ConnectionManager.onConnectionError (modules/core/src/client/connection-manager.ts:144:21)
          at Array.forEach (<anonymous>)

    console.log
      connection error: TypeError: Cannot read properties of undefined (reading 'decoder')
          at wireEvents (/data/Workspace/helios/starwards/node_modules/colyseus-events/src/wire-events.ts:30:40)
          at /data/Workspace/helios/starwards/modules/core/src/client/admin.ts:20:5
          at processTicksAndRejections (node:internal/process/task_queues:95:5)
          at /data/Workspace/helios/starwards/modules/core/src/client/connection-manager.ts:131:21

      at ConnectionManager.onConnectionError (modules/core/src/client/connection-manager.ts:144:21)

    console.log
      connection error: Error: disconnected from server
          at EventEmitter.<anonymous> (/data/Workspace/helios/starwards/modules/core/src/client/driver.ts:53:58)
          at /data/Workspace/helios/starwards/node_modules/colyseus.js/src/core/signal.ts:15:48
          at Array.forEach (<anonymous>)
          at EventEmitter.invoke (/data/Workspace/helios/starwards/node_modules/colyseus.js/src/core/signal.ts:15:19)
          at Function.register.invoke (/data/Workspace/helios/starwards/node_modules/colyseus.js/src/core/signal.ts:57:81)
          at WebSocket.connection.events.onclose (/data/Workspace/helios/starwards/node_modules/colyseus.js/src/Room.ts:89:30)
          at callListener (/data/Workspace/helios/starwards/node_modules/colyseus.js/node_modules/ws/lib/event-target.js:290:14)
          at WebSocket.onClose (/data/Workspace/helios/starwards/node_modules/colyseus.js/node_modules/ws/lib/event-target.js:220:9)
          at WebSocket.emit (node:events:524:28)
          at WebSocket.emitClose (/data/Workspace/helios/starwards/node_modules/colyseus.js/node_modules/ws/lib/websocket.js:272:10)
          at Socket.socketOnClose (/data/Workspace/helios/starwards/node_modules/colyseus.js/node_modules/ws/lib/websocket.js:1341:15)
          at Socket.emit (node:events:524:28)
          at TCP.<anonymous> (node:net:343:12)

      at ConnectionManager.onConnectionError (modules/core/src/client/connection-manager.ts:144:21)
          at Array.forEach (<anonymous>)

    console.log
      connection error: TypeError: Cannot read properties of undefined (reading 'decoder')
          at wireEvents (/data/Workspace/helios/starwards/node_modules/colyseus-events/src/wire-events.ts:30:40)
          at /data/Workspace/helios/starwards/modules/core/src/client/admin.ts:20:5
          at processTicksAndRejections (node:internal/process/task_queues:95:5)
          at /data/Workspace/helios/starwards/modules/core/src/client/connection-manager.ts:131:21

      at ConnectionManager.onConnectionError (modules/core/src/client/connection-manager.ts:144:21)

    console.log
      connection error: Error: disconnected from server
          at EventEmitter.<anonymous> (/data/Workspace/helios/starwards/modules/core/src/client/driver.ts:53:58)
          at /data/Workspace/helios/starwards/node_modules/colyseus.js/src/core/signal.ts:15:48
          at Array.forEach (<anonymous>)
          at EventEmitter.invoke (/data/Workspace/helios/starwards/node_modules/colyseus.js/src/core/signal.ts:15:19)
          at Function.register.invoke (/data/Workspace/helios/starwards/node_modules/colyseus.js/src/core/signal.ts:57:81)
          at WebSocket.connection.events.onclose (/data/Workspace/helios/starwards/node_modules/colyseus.js/src/Room.ts:89:30)
          at callListener (/data/Workspace/helios/starwards/node_modules/colyseus.js/node_modules/ws/lib/event-target.js:290:14)
          at WebSocket.onClose (/data/Workspace/helios/starwards/node_modules/colyseus.js/node_modules/ws/lib/event-target.js:220:9)
          at WebSocket.emit (node:events:524:28)
          at WebSocket.emitClose (/data/Workspace/helios/starwards/node_modules/colyseus.js/node_modules/ws/lib/websocket.js:272:10)
          at Socket.socketOnClose (/data/Workspace/helios/starwards/node_modules/colyseus.js/node_modules/ws/lib/websocket.js:1341:15)
          at Socket.emit (node:events:524:28)
          at TCP.<anonymous> (node:net:343:12)

      at ConnectionManager.onConnectionError (modules/core/src/client/connection-manager.ts:144:21)
          at Array.forEach (<anonymous>)

    console.log
      connection error: TypeError: Cannot read properties of undefined (reading 'decoder')
          at wireEvents (/data/Workspace/helios/starwards/node_modules/colyseus-events/src/wire-events.ts:30:40)
          at /data/Workspace/helios/starwards/modules/core/src/client/admin.ts:20:5
          at processTicksAndRejections (node:internal/process/task_queues:95:5)
          at /data/Workspace/helios/starwards/modules/core/src/client/connection-manager.ts:131:21

      at ConnectionManager.onConnectionError (modules/core/src/client/connection-manager.ts:144:21)

    console.log
      connection error: Error: disconnected from server
          at EventEmitter.<anonymous> (/data/Workspace/helios/starwards/modules/core/src/client/driver.ts:53:58)
          at /data/Workspace/helios/starwards/node_modules/colyseus.js/src/core/signal.ts:15:48
          at Array.forEach (<anonymous>)
          at EventEmitter.invoke (/data/Workspace/helios/starwards/node_modules/colyseus.js/src/core/signal.ts:15:19)
          at Function.register.invoke (/data/Workspace/helios/starwards/node_modules/colyseus.js/src/core/signal.ts:57:81)
          at WebSocket.connection.events.onclose (/data/Workspace/helios/starwards/node_modules/colyseus.js/src/Room.ts:89:30)
          at callListener (/data/Workspace/helios/starwards/node_modules/colyseus.js/node_modules/ws/lib/event-target.js:290:14)
          at WebSocket.onClose (/data/Workspace/helios/starwards/node_modules/colyseus.js/node_modules/ws/lib/event-target.js:220:9)
          at WebSocket.emit (node:events:524:28)
          at WebSocket.emitClose (/data/Workspace/helios/starwards/node_modules/colyseus.js/node_modules/ws/lib/websocket.js:272:10)
          at Socket.socketOnClose (/data/Workspace/helios/starwards/node_modules/colyseus.js/node_modules/ws/lib/websocket.js:1341:15)
          at Socket.emit (node:events:524:28)
          at TCP.<anonymous> (node:net:343:12)

      at ConnectionManager.onConnectionError (modules/core/src/client/connection-manager.ts:144:21)
          at Array.forEach (<anonymous>)

    console.log
      connection error: TypeError: Cannot read properties of undefined (reading 'decoder')
          at wireEvents (/data/Workspace/helios/starwards/node_modules/colyseus-events/src/wire-events.ts:30:40)
          at /data/Workspace/helios/starwards/modules/core/src/client/admin.ts:20:5
          at processTicksAndRejections (node:internal/process/task_queues:95:5)
          at /data/Workspace/helios/starwards/modules/core/src/client/connection-manager.ts:131:21

      at ConnectionManager.onConnectionError (modules/core/src/client/connection-manager.ts:144:21)

    console.log
      connection error: Error: disconnected from server
          at EventEmitter.<anonymous> (/data/Workspace/helios/starwards/modules/core/src/client/driver.ts:53:58)
          at /data/Workspace/helios/starwards/node_modules/colyseus.js/src/core/signal.ts:15:48
          at Array.forEach (<anonymous>)
          at EventEmitter.invoke (/data/Workspace/helios/starwards/node_modules/colyseus.js/src/core/signal.ts:15:19)
          at Function.register.invoke (/data/Workspace/helios/starwards/node_modules/colyseus.js/src/core/signal.ts:57:81)
          at WebSocket.connection.events.onclose (/data/Workspace/helios/starwards/node_modules/colyseus.js/src/Room.ts:89:30)
          at callListener (/data/Workspace/helios/starwards/node_modules/colyseus.js/node_modules/ws/lib/event-target.js:290:14)
          at WebSocket.onClose (/data/Workspace/helios/starwards/node_modules/colyseus.js/node_modules/ws/lib/event-target.js:220:9)
          at WebSocket.emit (node:events:524:28)
          at WebSocket.emitClose (/data/Workspace/helios/starwards/node_modules/colyseus.js/node_modules/ws/lib/websocket.js:272:10)
          at Socket.socketOnClose (/data/Workspace/helios/starwards/node_modules/colyseus.js/node_modules/ws/lib/websocket.js:1341:15)
          at Socket.emit (node:events:524:28)
          at TCP.<anonymous> (node:net:343:12)

      at ConnectionManager.onConnectionError (modules/core/src/client/connection-manager.ts:144:21)
          at Array.forEach (<anonymous>)

    console.log
      connection error: TypeError: Cannot read properties of undefined (reading 'decoder')
          at wireEvents (/data/Workspace/helios/starwards/node_modules/colyseus-events/src/wire-events.ts:30:40)
          at /data/Workspace/helios/starwards/modules/core/src/client/admin.ts:20:5
          at processTicksAndRejections (node:internal/process/task_queues:95:5)
          at /data/Workspace/helios/starwards/modules/core/src/client/connection-manager.ts:131:21

      at ConnectionManager.onConnectionError (modules/core/src/client/connection-manager.ts:144:21)

    console.log
      connection error: Error: disconnected from server
          at EventEmitter.<anonymous> (/data/Workspace/helios/starwards/modules/core/src/client/driver.ts:53:58)
          at /data/Workspace/helios/starwards/node_modules/colyseus.js/src/core/signal.ts:15:48
          at Array.forEach (<anonymous>)
          at EventEmitter.invoke (/data/Workspace/helios/starwards/node_modules/colyseus.js/src/core/signal.ts:15:19)
          at Function.register.invoke (/data/Workspace/helios/starwards/node_modules/colyseus.js/src/core/signal.ts:57:81)
          at WebSocket.connection.events.onclose (/data/Workspace/helios/starwards/node_modules/colyseus.js/src/Room.ts:89:30)
          at callListener (/data/Workspace/helios/starwards/node_modules/colyseus.js/node_modules/ws/lib/event-target.js:290:14)
          at WebSocket.onClose (/data/Workspace/helios/starwards/node_modules/colyseus.js/node_modules/ws/lib/event-target.js:220:9)
          at WebSocket.emit (node:events:524:28)
          at WebSocket.emitClose (/data/Workspace/helios/starwards/node_modules/colyseus.js/node_modules/ws/lib/websocket.js:272:10)
          at Socket.socketOnClose (/data/Workspace/helios/starwards/node_modules/colyseus.js/node_modules/ws/lib/websocket.js:1341:15)
          at Socket.emit (node:events:524:28)
          at TCP.<anonymous> (node:net:343:12)

      at ConnectionManager.onConnectionError (modules/core/src/client/connection-manager.ts:144:21)
          at Array.forEach (<anonymous>)

    console.log
      connection error: TypeError: Cannot read properties of undefined (reading 'decoder')
          at wireEvents (/data/Workspace/helios/starwards/node_modules/colyseus-events/src/wire-events.ts:30:40)
          at /data/Workspace/helios/starwards/modules/core/src/client/admin.ts:20:5
          at processTicksAndRejections (node:internal/process/task_queues:95:5)
          at /data/Workspace/helios/starwards/modules/core/src/client/connection-manager.ts:131:21

      at ConnectionManager.onConnectionError (modules/core/src/client/connection-manager.ts:144:21)

    console.log
      connection error: Error: disconnected from server
          at EventEmitter.<anonymous> (/data/Workspace/helios/starwards/modules/core/src/client/driver.ts:53:58)
          at /data/Workspace/helios/starwards/node_modules/colyseus.js/src/core/signal.ts:15:48
          at Array.forEach (<anonymous>)
          at EventEmitter.invoke (/data/Workspace/helios/starwards/node_modules/colyseus.js/src/core/signal.ts:15:19)
          at Function.register.invoke (/data/Workspace/helios/starwards/node_modules/colyseus.js/src/core/signal.ts:57:81)
          at WebSocket.connection.events.onclose (/data/Workspace/helios/starwards/node_modules/colyseus.js/src/Room.ts:89:30)
          at callListener (/data/Workspace/helios/starwards/node_modules/colyseus.js/node_modules/ws/lib/event-target.js:290:14)
          at WebSocket.onClose (/data/Workspace/helios/starwards/node_modules/colyseus.js/node_modules/ws/lib/event-target.js:220:9)
          at WebSocket.emit (node:events:524:28)
          at WebSocket.emitClose (/data/Workspace/helios/starwards/node_modules/colyseus.js/node_modules/ws/lib/websocket.js:272:10)
          at Socket.socketOnClose (/data/Workspace/helios/starwards/node_modules/colyseus.js/node_modules/ws/lib/websocket.js:1341:15)
          at Socket.emit (node:events:524:28)
          at TCP.<anonymous> (node:net:343:12)

      at ConnectionManager.onConnectionError (modules/core/src/client/connection-manager.ts:144:21)
          at Array.forEach (<anonymous>)

    console.log
      connection error: TypeError: Cannot read properties of undefined (reading 'decoder')
          at wireEvents (/data/Workspace/helios/starwards/node_modules/colyseus-events/src/wire-events.ts:30:40)
          at /data/Workspace/helios/starwards/modules/core/src/client/admin.ts:20:5
          at processTicksAndRejections (node:internal/process/task_queues:95:5)
          at /data/Workspace/helios/starwards/modules/core/src/client/connection-manager.ts:131:21

      at ConnectionManager.onConnectionError (modules/core/src/client/connection-manager.ts:144:21)

    console.log
      connection error: Error: disconnected from server
          at EventEmitter.<anonymous> (/data/Workspace/helios/starwards/modules/core/src/client/driver.ts:53:58)
          at /data/Workspace/helios/starwards/node_modules/colyseus.js/src/core/signal.ts:15:48
          at Array.forEach (<anonymous>)
          at EventEmitter.invoke (/data/Workspace/helios/starwards/node_modules/colyseus.js/src/core/signal.ts:15:19)
          at Function.register.invoke (/data/Workspace/helios/starwards/node_modules/colyseus.js/src/core/signal.ts:57:81)
          at WebSocket.connection.events.onclose (/data/Workspace/helios/starwards/node_modules/colyseus.js/src/Room.ts:89:30)
          at callListener (/data/Workspace/helios/starwards/node_modules/colyseus.js/node_modules/ws/lib/event-target.js:290:14)
          at WebSocket.onClose (/data/Workspace/helios/starwards/node_modules/colyseus.js/node_modules/ws/lib/event-target.js:220:9)
          at WebSocket.emit (node:events:524:28)
          at WebSocket.emitClose (/data/Workspace/helios/starwards/node_modules/colyseus.js/node_modules/ws/lib/websocket.js:272:10)
          at Socket.socketOnClose (/data/Workspace/helios/starwards/node_modules/colyseus.js/node_modules/ws/lib/websocket.js:1341:15)
          at Socket.emit (node:events:524:28)
          at TCP.<anonymous> (node:net:343:12)

      at ConnectionManager.onConnectionError (modules/core/src/client/connection-manager.ts:144:21)
          at Array.forEach (<anonymous>)

    console.log
      connection error: TypeError: Cannot read properties of undefined (reading 'decoder')
          at wireEvents (/data/Workspace/helios/starwards/node_modules/colyseus-events/src/wire-events.ts:30:40)
          at /data/Workspace/helios/starwards/modules/core/src/client/admin.ts:20:5
          at processTicksAndRejections (node:internal/process/task_queues:95:5)
          at /data/Workspace/helios/starwards/modules/core/src/client/connection-manager.ts:131:21

      at ConnectionManager.onConnectionError (modules/core/src/client/connection-manager.ts:144:21)

    console.log
      connection error: Error: disconnected from server
          at EventEmitter.<anonymous> (/data/Workspace/helios/starwards/modules/core/src/client/driver.ts:53:58)
          at /data/Workspace/helios/starwards/node_modules/colyseus.js/src/core/signal.ts:15:48
          at Array.forEach (<anonymous>)
          at EventEmitter.invoke (/data/Workspace/helios/starwards/node_modules/colyseus.js/src/core/signal.ts:15:19)
          at Function.register.invoke (/data/Workspace/helios/starwards/node_modules/colyseus.js/src/core/signal.ts:57:81)
          at WebSocket.connection.events.onclose (/data/Workspace/helios/starwards/node_modules/colyseus.js/src/Room.ts:89:30)
          at callListener (/data/Workspace/helios/starwards/node_modules/colyseus.js/node_modules/ws/lib/event-target.js:290:14)
          at WebSocket.onClose (/data/Workspace/helios/starwards/node_modules/colyseus.js/node_modules/ws/lib/event-target.js:220:9)
          at WebSocket.emit (node:events:524:28)
          at WebSocket.emitClose (/data/Workspace/helios/starwards/node_modules/colyseus.js/node_modules/ws/lib/websocket.js:272:10)
          at Socket.socketOnClose (/data/Workspace/helios/starwards/node_modules/colyseus.js/node_modules/ws/lib/websocket.js:1341:15)
          at Socket.emit (node:events:524:28)
          at TCP.<anonymous> (node:net:343:12)

      at ConnectionManager.onConnectionError (modules/core/src/client/connection-manager.ts:144:21)
          at Array.forEach (<anonymous>)

    console.log
      connection error: TypeError: Cannot read properties of undefined (reading 'decoder')
          at wireEvents (/data/Workspace/helios/starwards/node_modules/colyseus-events/src/wire-events.ts:30:40)
          at /data/Workspace/helios/starwards/modules/core/src/client/admin.ts:20:5
          at processTicksAndRejections (node:internal/process/task_queues:95:5)
          at /data/Workspace/helios/starwards/modules/core/src/client/connection-manager.ts:131:21

      at ConnectionManager.onConnectionError (modules/core/src/client/connection-manager.ts:144:21)

    console.log
      connection error: Error: disconnected from server
          at EventEmitter.<anonymous> (/data/Workspace/helios/starwards/modules/core/src/client/driver.ts:53:58)
          at /data/Workspace/helios/starwards/node_modules/colyseus.js/src/core/signal.ts:15:48
          at Array.forEach (<anonymous>)
          at EventEmitter.invoke (/data/Workspace/helios/starwards/node_modules/colyseus.js/src/core/signal.ts:15:19)
          at Function.register.invoke (/data/Workspace/helios/starwards/node_modules/colyseus.js/src/core/signal.ts:57:81)
          at WebSocket.connection.events.onclose (/data/Workspace/helios/starwards/node_modules/colyseus.js/src/Room.ts:89:30)
          at callListener (/data/Workspace/helios/starwards/node_modules/colyseus.js/node_modules/ws/lib/event-target.js:290:14)
          at WebSocket.onClose (/data/Workspace/helios/starwards/node_modules/colyseus.js/node_modules/ws/lib/event-target.js:220:9)
          at WebSocket.emit (node:events:524:28)
          at WebSocket.emitClose (/data/Workspace/helios/starwards/node_modules/colyseus.js/node_modules/ws/lib/websocket.js:272:10)
          at Socket.socketOnClose (/data/Workspace/helios/starwards/node_modules/colyseus.js/node_modules/ws/lib/websocket.js:1341:15)
          at Socket.emit (node:events:524:28)
          at TCP.<anonymous> (node:net:343:12)

      at ConnectionManager.onConnectionError (modules/core/src/client/connection-manager.ts:144:21)
          at Array.forEach (<anonymous>)

    console.log
      connection error: TypeError: Cannot read properties of undefined (reading 'decoder')
          at wireEvents (/data/Workspace/helios/starwards/node_modules/colyseus-events/src/wire-events.ts:30:40)
          at /data/Workspace/helios/starwards/modules/core/src/client/admin.ts:20:5
          at processTicksAndRejections (node:internal/process/task_queues:95:5)
          at /data/Workspace/helios/starwards/modules/core/src/client/connection-manager.ts:131:21

      at ConnectionManager.onConnectionError (modules/core/src/client/connection-manager.ts:144:21)

    console.log
      connection error: Error: disconnected from server
          at EventEmitter.<anonymous> (/data/Workspace/helios/starwards/modules/core/src/client/driver.ts:53:58)
          at /data/Workspace/helios/starwards/node_modules/colyseus.js/src/core/signal.ts:15:48
          at Array.forEach (<anonymous>)
          at EventEmitter.invoke (/data/Workspace/helios/starwards/node_modules/colyseus.js/src/core/signal.ts:15:19)
          at Function.register.invoke (/data/Workspace/helios/starwards/node_modules/colyseus.js/src/core/signal.ts:57:81)
          at WebSocket.connection.events.onclose (/data/Workspace/helios/starwards/node_modules/colyseus.js/src/Room.ts:89:30)
          at callListener (/data/Workspace/helios/starwards/node_modules/colyseus.js/node_modules/ws/lib/event-target.js:290:14)
          at WebSocket.onClose (/data/Workspace/helios/starwards/node_modules/colyseus.js/node_modules/ws/lib/event-target.js:220:9)
          at WebSocket.emit (node:events:524:28)
          at WebSocket.emitClose (/data/Workspace/helios/starwards/node_modules/colyseus.js/node_modules/ws/lib/websocket.js:272:10)
          at Socket.socketOnClose (/data/Workspace/helios/starwards/node_modules/colyseus.js/node_modules/ws/lib/websocket.js:1341:15)
          at Socket.emit (node:events:524:28)
          at TCP.<anonymous> (node:net:343:12)

      at ConnectionManager.onConnectionError (modules/core/src/client/connection-manager.ts:144:21)
          at Array.forEach (<anonymous>)

    console.log
      connection error: TypeError: Cannot read properties of undefined (reading 'decoder')
          at wireEvents (/data/Workspace/helios/starwards/node_modules/colyseus-events/src/wire-events.ts:30:40)
          at /data/Workspace/helios/starwards/modules/core/src/client/admin.ts:20:5
          at processTicksAndRejections (node:internal/process/task_queues:95:5)
          at /data/Workspace/helios/starwards/modules/core/src/client/connection-manager.ts:131:21

      at ConnectionManager.onConnectionError (modules/core/src/client/connection-manager.ts:144:21)

    console.log
      connection error: Error: disconnected from server
          at EventEmitter.<anonymous> (/data/Workspace/helios/starwards/modules/core/src/client/driver.ts:53:58)
          at /data/Workspace/helios/starwards/node_modules/colyseus.js/src/core/signal.ts:15:48
          at Array.forEach (<anonymous>)
          at EventEmitter.invoke (/data/Workspace/helios/starwards/node_modules/colyseus.js/src/core/signal.ts:15:19)
          at Function.register.invoke (/data/Workspace/helios/starwards/node_modules/colyseus.js/src/core/signal.ts:57:81)
          at WebSocket.connection.events.onclose (/data/Workspace/helios/starwards/node_modules/colyseus.js/src/Room.ts:89:30)
          at callListener (/data/Workspace/helios/starwards/node_modules/colyseus.js/node_modules/ws/lib/event-target.js:290:14)
          at WebSocket.onClose (/data/Workspace/helios/starwards/node_modules/colyseus.js/node_modules/ws/lib/event-target.js:220:9)
          at WebSocket.emit (node:events:524:28)
          at WebSocket.emitClose (/data/Workspace/helios/starwards/node_modules/colyseus.js/node_modules/ws/lib/websocket.js:272:10)
          at Socket.socketOnClose (/data/Workspace/helios/starwards/node_modules/colyseus.js/node_modules/ws/lib/websocket.js:1341:15)
          at Socket.emit (node:events:524:28)
          at TCP.<anonymous> (node:net:343:12)

      at ConnectionManager.onConnectionError (modules/core/src/client/connection-manager.ts:144:21)
          at Array.forEach (<anonymous>)

    console.log
      connection error: TypeError: Cannot read properties of undefined (reading 'decoder')
          at wireEvents (/data/Workspace/helios/starwards/node_modules/colyseus-events/src/wire-events.ts:30:40)
          at /data/Workspace/helios/starwards/modules/core/src/client/admin.ts:20:5
          at processTicksAndRejections (node:internal/process/task_queues:95:5)
          at /data/Workspace/helios/starwards/modules/core/src/client/connection-manager.ts:131:21

      at ConnectionManager.onConnectionError (modules/core/src/client/connection-manager.ts:144:21)

    console.log
      connection error: Error: disconnected from server
          at EventEmitter.<anonymous> (/data/Workspace/helios/starwards/modules/core/src/client/driver.ts:53:58)
          at /data/Workspace/helios/starwards/node_modules/colyseus.js/src/core/signal.ts:15:48
          at Array.forEach (<anonymous>)
          at EventEmitter.invoke (/data/Workspace/helios/starwards/node_modules/colyseus.js/src/core/signal.ts:15:19)
          at Function.register.invoke (/data/Workspace/helios/starwards/node_modules/colyseus.js/src/core/signal.ts:57:81)
          at WebSocket.connection.events.onclose (/data/Workspace/helios/starwards/node_modules/colyseus.js/src/Room.ts:89:30)
          at callListener (/data/Workspace/helios/starwards/node_modules/colyseus.js/node_modules/ws/lib/event-target.js:290:14)
          at WebSocket.onClose (/data/Workspace/helios/starwards/node_modules/colyseus.js/node_modules/ws/lib/event-target.js:220:9)
          at WebSocket.emit (node:events:524:28)
          at WebSocket.emitClose (/data/Workspace/helios/starwards/node_modules/colyseus.js/node_modules/ws/lib/websocket.js:272:10)
          at Socket.socketOnClose (/data/Workspace/helios/starwards/node_modules/colyseus.js/node_modules/ws/lib/websocket.js:1341:15)
          at Socket.emit (node:events:524:28)
          at TCP.<anonymous> (node:net:343:12)

      at ConnectionManager.onConnectionError (modules/core/src/client/connection-manager.ts:144:21)
          at Array.forEach (<anonymous>)

    console.log
      connection error: TypeError: Cannot read properties of undefined (reading 'decoder')
          at wireEvents (/data/Workspace/helios/starwards/node_modules/colyseus-events/src/wire-events.ts:30:40)
          at /data/Workspace/helios/starwards/modules/core/src/client/admin.ts:20:5
          at processTicksAndRejections (node:internal/process/task_queues:95:5)
          at /data/Workspace/helios/starwards/modules/core/src/client/connection-manager.ts:131:21

      at ConnectionManager.onConnectionError (modules/core/src/client/connection-manager.ts:144:21)

    console.log
      connection error: Error: disconnected from server
          at EventEmitter.<anonymous> (/data/Workspace/helios/starwards/modules/core/src/client/driver.ts:53:58)
          at /data/Workspace/helios/starwards/node_modules/colyseus.js/src/core/signal.ts:15:48
          at Array.forEach (<anonymous>)
          at EventEmitter.invoke (/data/Workspace/helios/starwards/node_modules/colyseus.js/src/core/signal.ts:15:19)
          at Function.register.invoke (/data/Workspace/helios/starwards/node_modules/colyseus.js/src/core/signal.ts:57:81)
          at WebSocket.connection.events.onclose (/data/Workspace/helios/starwards/node_modules/colyseus.js/src/Room.ts:89:30)
          at callListener (/data/Workspace/helios/starwards/node_modules/colyseus.js/node_modules/ws/lib/event-target.js:290:14)
          at WebSocket.onClose (/data/Workspace/helios/starwards/node_modules/colyseus.js/node_modules/ws/lib/event-target.js:220:9)
          at WebSocket.emit (node:events:524:28)
          at WebSocket.emitClose (/data/Workspace/helios/starwards/node_modules/colyseus.js/node_modules/ws/lib/websocket.js:272:10)
          at Socket.socketOnClose (/data/Workspace/helios/starwards/node_modules/colyseus.js/node_modules/ws/lib/websocket.js:1341:15)
          at Socket.emit (node:events:524:28)
          at TCP.<anonymous> (node:net:343:12)

      at ConnectionManager.onConnectionError (modules/core/src/client/connection-manager.ts:144:21)
          at Array.forEach (<anonymous>)

    console.log
      connection error: TypeError: Cannot read properties of undefined (reading 'decoder')
          at wireEvents (/data/Workspace/helios/starwards/node_modules/colyseus-events/src/wire-events.ts:30:40)
          at /data/Workspace/helios/starwards/modules/core/src/client/admin.ts:20:5
          at processTicksAndRejections (node:internal/process/task_queues:95:5)
          at /data/Workspace/helios/starwards/modules/core/src/client/connection-manager.ts:131:21

      at ConnectionManager.onConnectionError (modules/core/src/client/connection-manager.ts:144:21)

    console.log
      connection error: Error: disconnected from server
          at EventEmitter.<anonymous> (/data/Workspace/helios/starwards/modules/core/src/client/driver.ts:53:58)
          at /data/Workspace/helios/starwards/node_modules/colyseus.js/src/core/signal.ts:15:48
          at Array.forEach (<anonymous>)
          at EventEmitter.invoke (/data/Workspace/helios/starwards/node_modules/colyseus.js/src/core/signal.ts:15:19)
          at Function.register.invoke (/data/Workspace/helios/starwards/node_modules/colyseus.js/src/core/signal.ts:57:81)
          at WebSocket.connection.events.onclose (/data/Workspace/helios/starwards/node_modules/colyseus.js/src/Room.ts:89:30)
          at callListener (/data/Workspace/helios/starwards/node_modules/colyseus.js/node_modules/ws/lib/event-target.js:290:14)
          at WebSocket.onClose (/data/Workspace/helios/starwards/node_modules/colyseus.js/node_modules/ws/lib/event-target.js:220:9)
          at WebSocket.emit (node:events:524:28)
          at WebSocket.emitClose (/data/Workspace/helios/starwards/node_modules/colyseus.js/node_modules/ws/lib/websocket.js:272:10)
          at Socket.socketOnClose (/data/Workspace/helios/starwards/node_modules/colyseus.js/node_modules/ws/lib/websocket.js:1341:15)
          at Socket.emit (node:events:524:28)
          at TCP.<anonymous> (node:net:343:12)

      at ConnectionManager.onConnectionError (modules/core/src/client/connection-manager.ts:144:21)
          at Array.forEach (<anonymous>)

    console.log
      connection error: TypeError: Cannot read properties of undefined (reading 'decoder')
          at wireEvents (/data/Workspace/helios/starwards/node_modules/colyseus-events/src/wire-events.ts:30:40)
          at /data/Workspace/helios/starwards/modules/core/src/client/admin.ts:20:5
          at processTicksAndRejections (node:internal/process/task_queues:95:5)
          at /data/Workspace/helios/starwards/modules/core/src/client/connection-manager.ts:131:21

      at ConnectionManager.onConnectionError (modules/core/src/client/connection-manager.ts:144:21)

    console.log
      connection error: Error: disconnected from server
          at EventEmitter.<anonymous> (/data/Workspace/helios/starwards/modules/core/src/client/driver.ts:53:58)
          at /data/Workspace/helios/starwards/node_modules/colyseus.js/src/core/signal.ts:15:48
          at Array.forEach (<anonymous>)
          at EventEmitter.invoke (/data/Workspace/helios/starwards/node_modules/colyseus.js/src/core/signal.ts:15:19)
          at Function.register.invoke (/data/Workspace/helios/starwards/node_modules/colyseus.js/src/core/signal.ts:57:81)
          at WebSocket.connection.events.onclose (/data/Workspace/helios/starwards/node_modules/colyseus.js/src/Room.ts:89:30)
          at callListener (/data/Workspace/helios/starwards/node_modules/colyseus.js/node_modules/ws/lib/event-target.js:290:14)
          at WebSocket.onClose (/data/Workspace/helios/starwards/node_modules/colyseus.js/node_modules/ws/lib/event-target.js:220:9)
          at WebSocket.emit (node:events:524:28)
          at WebSocket.emitClose (/data/Workspace/helios/starwards/node_modules/colyseus.js/node_modules/ws/lib/websocket.js:272:10)
          at Socket.socketOnClose (/data/Workspace/helios/starwards/node_modules/colyseus.js/node_modules/ws/lib/websocket.js:1341:15)
          at Socket.emit (node:events:524:28)
          at TCP.<anonymous> (node:net:343:12)

      at ConnectionManager.onConnectionError (modules/core/src/client/connection-manager.ts:144:21)
          at Array.forEach (<anonymous>)

    console.log
      connection error: TypeError: Cannot read properties of undefined (reading 'decoder')
          at wireEvents (/data/Workspace/helios/starwards/node_modules/colyseus-events/src/wire-events.ts:30:40)
          at /data/Workspace/helios/starwards/modules/core/src/client/admin.ts:20:5
          at processTicksAndRejections (node:internal/process/task_queues:95:5)
          at /data/Workspace/helios/starwards/modules/core/src/client/connection-manager.ts:131:21

      at ConnectionManager.onConnectionError (modules/core/src/client/connection-manager.ts:144:21)

    console.log
      connection error: Error: disconnected from server
          at EventEmitter.<anonymous> (/data/Workspace/helios/starwards/modules/core/src/client/driver.ts:53:58)
          at /data/Workspace/helios/starwards/node_modules/colyseus.js/src/core/signal.ts:15:48
          at Array.forEach (<anonymous>)
          at EventEmitter.invoke (/data/Workspace/helios/starwards/node_modules/colyseus.js/src/core/signal.ts:15:19)
          at Function.register.invoke (/data/Workspace/helios/starwards/node_modules/colyseus.js/src/core/signal.ts:57:81)
          at WebSocket.connection.events.onclose (/data/Workspace/helios/starwards/node_modules/colyseus.js/src/Room.ts:89:30)
          at callListener (/data/Workspace/helios/starwards/node_modules/colyseus.js/node_modules/ws/lib/event-target.js:290:14)
          at WebSocket.onClose (/data/Workspace/helios/starwards/node_modules/colyseus.js/node_modules/ws/lib/event-target.js:220:9)
          at WebSocket.emit (node:events:524:28)
          at WebSocket.emitClose (/data/Workspace/helios/starwards/node_modules/colyseus.js/node_modules/ws/lib/websocket.js:272:10)
          at Socket.socketOnClose (/data/Workspace/helios/starwards/node_modules/colyseus.js/node_modules/ws/lib/websocket.js:1341:15)
          at Socket.emit (node:events:524:28)
          at TCP.<anonymous> (node:net:343:12)

      at ConnectionManager.onConnectionError (modules/core/src/client/connection-manager.ts:144:21)
          at Array.forEach (<anonymous>)

    console.log
      connection error: TypeError: Cannot read properties of undefined (reading 'decoder')
          at wireEvents (/data/Workspace/helios/starwards/node_modules/colyseus-events/src/wire-events.ts:30:40)
          at /data/Workspace/helios/starwards/modules/core/src/client/admin.ts:20:5
          at processTicksAndRejections (node:internal/process/task_queues:95:5)
          at /data/Workspace/helios/starwards/modules/core/src/client/connection-manager.ts:131:21

      at ConnectionManager.onConnectionError (modules/core/src/client/connection-manager.ts:144:21)

    console.log
      connection error: Error: disconnected from server
          at EventEmitter.<anonymous> (/data/Workspace/helios/starwards/modules/core/src/client/driver.ts:53:58)
          at /data/Workspace/helios/starwards/node_modules/colyseus.js/src/core/signal.ts:15:48
          at Array.forEach (<anonymous>)
          at EventEmitter.invoke (/data/Workspace/helios/starwards/node_modules/colyseus.js/src/core/signal.ts:15:19)
          at Function.register.invoke (/data/Workspace/helios/starwards/node_modules/colyseus.js/src/core/signal.ts:57:81)
          at WebSocket.connection.events.onclose (/data/Workspace/helios/starwards/node_modules/colyseus.js/src/Room.ts:89:30)
          at callListener (/data/Workspace/helios/starwards/node_modules/colyseus.js/node_modules/ws/lib/event-target.js:290:14)
          at WebSocket.onClose (/data/Workspace/helios/starwards/node_modules/colyseus.js/node_modules/ws/lib/event-target.js:220:9)
          at WebSocket.emit (node:events:524:28)
          at WebSocket.emitClose (/data/Workspace/helios/starwards/node_modules/colyseus.js/node_modules/ws/lib/websocket.js:272:10)
          at Socket.socketOnClose (/data/Workspace/helios/starwards/node_modules/colyseus.js/node_modules/ws/lib/websocket.js:1341:15)
          at Socket.emit (node:events:524:28)
          at TCP.<anonymous> (node:net:343:12)

      at ConnectionManager.onConnectionError (modules/core/src/client/connection-manager.ts:144:21)
          at Array.forEach (<anonymous>)

    console.log
      connection error: TypeError: Cannot read properties of undefined (reading 'decoder')
          at wireEvents (/data/Workspace/helios/starwards/node_modules/colyseus-events/src/wire-events.ts:30:40)
          at /data/Workspace/helios/starwards/modules/core/src/client/admin.ts:20:5
          at processTicksAndRejections (node:internal/process/task_queues:95:5)
          at /data/Workspace/helios/starwards/modules/core/src/client/connection-manager.ts:131:21

      at ConnectionManager.onConnectionError (modules/core/src/client/connection-manager.ts:144:21)

    console.log
      connection error: Error: disconnected from server
          at EventEmitter.<anonymous> (/data/Workspace/helios/starwards/modules/core/src/client/driver.ts:53:58)
          at /data/Workspace/helios/starwards/node_modules/colyseus.js/src/core/signal.ts:15:48
          at Array.forEach (<anonymous>)
          at EventEmitter.invoke (/data/Workspace/helios/starwards/node_modules/colyseus.js/src/core/signal.ts:15:19)
          at Function.register.invoke (/data/Workspace/helios/starwards/node_modules/colyseus.js/src/core/signal.ts:57:81)
          at WebSocket.connection.events.onclose (/data/Workspace/helios/starwards/node_modules/colyseus.js/src/Room.ts:89:30)
          at callListener (/data/Workspace/helios/starwards/node_modules/colyseus.js/node_modules/ws/lib/event-target.js:290:14)
          at WebSocket.onClose (/data/Workspace/helios/starwards/node_modules/colyseus.js/node_modules/ws/lib/event-target.js:220:9)
          at WebSocket.emit (node:events:524:28)
          at WebSocket.emitClose (/data/Workspace/helios/starwards/node_modules/colyseus.js/node_modules/ws/lib/websocket.js:272:10)
          at Socket.socketOnClose (/data/Workspace/helios/starwards/node_modules/colyseus.js/node_modules/ws/lib/websocket.js:1341:15)
          at Socket.emit (node:events:524:28)
          at TCP.<anonymous> (node:net:343:12)

      at ConnectionManager.onConnectionError (modules/core/src/client/connection-manager.ts:144:21)
          at Array.forEach (<anonymous>)

    console.log
      connection error: TypeError: Cannot read properties of undefined (reading 'decoder')
          at wireEvents (/data/Workspace/helios/starwards/node_modules/colyseus-events/src/wire-events.ts:30:40)
          at /data/Workspace/helios/starwards/modules/core/src/client/admin.ts:20:5
          at processTicksAndRejections (node:internal/process/task_queues:95:5)
          at /data/Workspace/helios/starwards/modules/core/src/client/connection-manager.ts:131:21

      at ConnectionManager.onConnectionError (modules/core/src/client/connection-manager.ts:144:21)

    console.log
      connection error: Error: disconnected from server
          at EventEmitter.<anonymous> (/data/Workspace/helios/starwards/modules/core/src/client/driver.ts:53:58)
          at /data/Workspace/helios/starwards/node_modules/colyseus.js/src/core/signal.ts:15:48
          at Array.forEach (<anonymous>)
          at EventEmitter.invoke (/data/Workspace/helios/starwards/node_modules/colyseus.js/src/core/signal.ts:15:19)
          at Function.register.invoke (/data/Workspace/helios/starwards/node_modules/colyseus.js/src/core/signal.ts:57:81)
          at WebSocket.connection.events.onclose (/data/Workspace/helios/starwards/node_modules/colyseus.js/src/Room.ts:89:30)
          at callListener (/data/Workspace/helios/starwards/node_modules/colyseus.js/node_modules/ws/lib/event-target.js:290:14)
          at WebSocket.onClose (/data/Workspace/helios/starwards/node_modules/colyseus.js/node_modules/ws/lib/event-target.js:220:9)
          at WebSocket.emit (node:events:524:28)
          at WebSocket.emitClose (/data/Workspace/helios/starwards/node_modules/colyseus.js/node_modules/ws/lib/websocket.js:272:10)
          at Socket.socketOnClose (/data/Workspace/helios/starwards/node_modules/colyseus.js/node_modules/ws/lib/websocket.js:1341:15)
          at Socket.emit (node:events:524:28)
          at TCP.<anonymous> (node:net:343:12)

      at ConnectionManager.onConnectionError (modules/core/src/client/connection-manager.ts:144:21)
          at Array.forEach (<anonymous>)

    console.log
      connection error: TypeError: Cannot read properties of undefined (reading 'decoder')
          at wireEvents (/data/Workspace/helios/starwards/node_modules/colyseus-events/src/wire-events.ts:30:40)
          at /data/Workspace/helios/starwards/modules/core/src/client/admin.ts:20:5
          at processTicksAndRejections (node:internal/process/task_queues:95:5)
          at /data/Workspace/helios/starwards/modules/core/src/client/connection-manager.ts:131:21

      at ConnectionManager.onConnectionError (modules/core/src/client/connection-manager.ts:144:21)

    console.log
      connection error: Error: disconnected from server
          at EventEmitter.<anonymous> (/data/Workspace/helios/starwards/modules/core/src/client/driver.ts:53:58)
          at /data/Workspace/helios/starwards/node_modules/colyseus.js/src/core/signal.ts:15:48
          at Array.forEach (<anonymous>)
          at EventEmitter.invoke (/data/Workspace/helios/starwards/node_modules/colyseus.js/src/core/signal.ts:15:19)
          at Function.register.invoke (/data/Workspace/helios/starwards/node_modules/colyseus.js/src/core/signal.ts:57:81)
          at WebSocket.connection.events.onclose (/data/Workspace/helios/starwards/node_modules/colyseus.js/src/Room.ts:89:30)
          at callListener (/data/Workspace/helios/starwards/node_modules/colyseus.js/node_modules/ws/lib/event-target.js:290:14)
          at WebSocket.onClose (/data/Workspace/helios/starwards/node_modules/colyseus.js/node_modules/ws/lib/event-target.js:220:9)
          at WebSocket.emit (node:events:524:28)
          at WebSocket.emitClose (/data/Workspace/helios/starwards/node_modules/colyseus.js/node_modules/ws/lib/websocket.js:272:10)
          at Socket.socketOnClose (/data/Workspace/helios/starwards/node_modules/colyseus.js/node_modules/ws/lib/websocket.js:1341:15)
          at Socket.emit (node:events:524:28)
          at TCP.<anonymous> (node:net:343:12)

      at ConnectionManager.onConnectionError (modules/core/src/client/connection-manager.ts:144:21)
          at Array.forEach (<anonymous>)

    console.log
      connection error: TypeError: Cannot read properties of undefined (reading 'decoder')
          at wireEvents (/data/Workspace/helios/starwards/node_modules/colyseus-events/src/wire-events.ts:30:40)
          at /data/Workspace/helios/starwards/modules/core/src/client/admin.ts:20:5
          at processTicksAndRejections (node:internal/process/task_queues:95:5)
          at /data/Workspace/helios/starwards/modules/core/src/client/connection-manager.ts:131:21

      at ConnectionManager.onConnectionError (modules/core/src/client/connection-manager.ts:144:21)

    console.log
      connection error: Error: disconnected from server
          at EventEmitter.<anonymous> (/data/Workspace/helios/starwards/modules/core/src/client/driver.ts:53:58)
          at /data/Workspace/helios/starwards/node_modules/colyseus.js/src/core/signal.ts:15:48
          at Array.forEach (<anonymous>)
          at EventEmitter.invoke (/data/Workspace/helios/starwards/node_modules/colyseus.js/src/core/signal.ts:15:19)
          at Function.register.invoke (/data/Workspace/helios/starwards/node_modules/colyseus.js/src/core/signal.ts:57:81)
          at WebSocket.connection.events.onclose (/data/Workspace/helios/starwards/node_modules/colyseus.js/src/Room.ts:89:30)
          at callListener (/data/Workspace/helios/starwards/node_modules/colyseus.js/node_modules/ws/lib/event-target.js:290:14)
          at WebSocket.onClose (/data/Workspace/helios/starwards/node_modules/colyseus.js/node_modules/ws/lib/event-target.js:220:9)
          at WebSocket.emit (node:events:524:28)
          at WebSocket.emitClose (/data/Workspace/helios/starwards/node_modules/colyseus.js/node_modules/ws/lib/websocket.js:272:10)
          at Socket.socketOnClose (/data/Workspace/helios/starwards/node_modules/colyseus.js/node_modules/ws/lib/websocket.js:1341:15)
          at Socket.emit (node:events:524:28)
          at TCP.<anonymous> (node:net:343:12)

      at ConnectionManager.onConnectionError (modules/core/src/client/connection-manager.ts:144:21)
          at Array.forEach (<anonymous>)

    console.log
      connection error: TypeError: Cannot read properties of undefined (reading 'decoder')
          at wireEvents (/data/Workspace/helios/starwards/node_modules/colyseus-events/src/wire-events.ts:30:40)
          at /data/Workspace/helios/starwards/modules/core/src/client/admin.ts:20:5
          at processTicksAndRejections (node:internal/process/task_queues:95:5)
          at /data/Workspace/helios/starwards/modules/core/src/client/connection-manager.ts:131:21

      at ConnectionManager.onConnectionError (modules/core/src/client/connection-manager.ts:144:21)

    console.log
      connection error: Error: disconnected from server
          at EventEmitter.<anonymous> (/data/Workspace/helios/starwards/modules/core/src/client/driver.ts:53:58)
          at /data/Workspace/helios/starwards/node_modules/colyseus.js/src/core/signal.ts:15:48
          at Array.forEach (<anonymous>)
          at EventEmitter.invoke (/data/Workspace/helios/starwards/node_modules/colyseus.js/src/core/signal.ts:15:19)
          at Function.register.invoke (/data/Workspace/helios/starwards/node_modules/colyseus.js/src/core/signal.ts:57:81)
          at WebSocket.connection.events.onclose (/data/Workspace/helios/starwards/node_modules/colyseus.js/src/Room.ts:89:30)
          at callListener (/data/Workspace/helios/starwards/node_modules/colyseus.js/node_modules/ws/lib/event-target.js:290:14)
          at WebSocket.onClose (/data/Workspace/helios/starwards/node_modules/colyseus.js/node_modules/ws/lib/event-target.js:220:9)
          at WebSocket.emit (node:events:524:28)
          at WebSocket.emitClose (/data/Workspace/helios/starwards/node_modules/colyseus.js/node_modules/ws/lib/websocket.js:272:10)
          at Socket.socketOnClose (/data/Workspace/helios/starwards/node_modules/colyseus.js/node_modules/ws/lib/websocket.js:1341:15)
          at Socket.emit (node:events:524:28)
          at TCP.<anonymous> (node:net:343:12)

      at ConnectionManager.onConnectionError (modules/core/src/client/connection-manager.ts:144:21)
          at Array.forEach (<anonymous>)

    console.log
      connection error: TypeError: Cannot read properties of undefined (reading 'decoder')
          at wireEvents (/data/Workspace/helios/starwards/node_modules/colyseus-events/src/wire-events.ts:30:40)
          at /data/Workspace/helios/starwards/modules/core/src/client/admin.ts:20:5
          at processTicksAndRejections (node:internal/process/task_queues:95:5)
          at /data/Workspace/helios/starwards/modules/core/src/client/connection-manager.ts:131:21

      at ConnectionManager.onConnectionError (modules/core/src/client/connection-manager.ts:144:21)

    console.log
      connection error: Error: disconnected from server
          at EventEmitter.<anonymous> (/data/Workspace/helios/starwards/modules/core/src/client/driver.ts:53:58)
          at /data/Workspace/helios/starwards/node_modules/colyseus.js/src/core/signal.ts:15:48
          at Array.forEach (<anonymous>)
          at EventEmitter.invoke (/data/Workspace/helios/starwards/node_modules/colyseus.js/src/core/signal.ts:15:19)
          at Function.register.invoke (/data/Workspace/helios/starwards/node_modules/colyseus.js/src/core/signal.ts:57:81)
          at WebSocket.connection.events.onclose (/data/Workspace/helios/starwards/node_modules/colyseus.js/src/Room.ts:89:30)
          at callListener (/data/Workspace/helios/starwards/node_modules/colyseus.js/node_modules/ws/lib/event-target.js:290:14)
          at WebSocket.onClose (/data/Workspace/helios/starwards/node_modules/colyseus.js/node_modules/ws/lib/event-target.js:220:9)
          at WebSocket.emit (node:events:524:28)
          at WebSocket.emitClose (/data/Workspace/helios/starwards/node_modules/colyseus.js/node_modules/ws/lib/websocket.js:272:10)
          at Socket.socketOnClose (/data/Workspace/helios/starwards/node_modules/colyseus.js/node_modules/ws/lib/websocket.js:1341:15)
          at Socket.emit (node:events:524:28)
          at TCP.<anonymous> (node:net:343:12)

      at ConnectionManager.onConnectionError (modules/core/src/client/connection-manager.ts:144:21)
          at Array.forEach (<anonymous>)

    console.log
      connection error: TypeError: Cannot read properties of undefined (reading 'decoder')
          at wireEvents (/data/Workspace/helios/starwards/node_modules/colyseus-events/src/wire-events.ts:30:40)
          at /data/Workspace/helios/starwards/modules/core/src/client/admin.ts:20:5
          at processTicksAndRejections (node:internal/process/task_queues:95:5)
          at /data/Workspace/helios/starwards/modules/core/src/client/connection-manager.ts:131:21

      at ConnectionManager.onConnectionError (modules/core/src/client/connection-manager.ts:144:21)

    console.log
      connection error: Error: disconnected from server
          at EventEmitter.<anonymous> (/data/Workspace/helios/starwards/modules/core/src/client/driver.ts:53:58)
          at /data/Workspace/helios/starwards/node_modules/colyseus.js/src/core/signal.ts:15:48
          at Array.forEach (<anonymous>)
          at EventEmitter.invoke (/data/Workspace/helios/starwards/node_modules/colyseus.js/src/core/signal.ts:15:19)
          at Function.register.invoke (/data/Workspace/helios/starwards/node_modules/colyseus.js/src/core/signal.ts:57:81)
          at WebSocket.connection.events.onclose (/data/Workspace/helios/starwards/node_modules/colyseus.js/src/Room.ts:89:30)
          at callListener (/data/Workspace/helios/starwards/node_modules/colyseus.js/node_modules/ws/lib/event-target.js:290:14)
          at WebSocket.onClose (/data/Workspace/helios/starwards/node_modules/colyseus.js/node_modules/ws/lib/event-target.js:220:9)
          at WebSocket.emit (node:events:524:28)
          at WebSocket.emitClose (/data/Workspace/helios/starwards/node_modules/colyseus.js/node_modules/ws/lib/websocket.js:272:10)
          at Socket.socketOnClose (/data/Workspace/helios/starwards/node_modules/colyseus.js/node_modules/ws/lib/websocket.js:1341:15)
          at Socket.emit (node:events:524:28)
          at TCP.<anonymous> (node:net:343:12)

      at ConnectionManager.onConnectionError (modules/core/src/client/connection-manager.ts:144:21)
          at Array.forEach (<anonymous>)

    console.log
      connection error: TypeError: Cannot read properties of undefined (reading 'decoder')
          at wireEvents (/data/Workspace/helios/starwards/node_modules/colyseus-events/src/wire-events.ts:30:40)
          at /data/Workspace/helios/starwards/modules/core/src/client/admin.ts:20:5
          at processTicksAndRejections (node:internal/process/task_queues:95:5)
          at /data/Workspace/helios/starwards/modules/core/src/client/connection-manager.ts:131:21

      at ConnectionManager.onConnectionError (modules/core/src/client/connection-manager.ts:144:21)

    console.log
      connection error: Error: disconnected from server
          at EventEmitter.<anonymous> (/data/Workspace/helios/starwards/modules/core/src/client/driver.ts:53:58)
          at /data/Workspace/helios/starwards/node_modules/colyseus.js/src/core/signal.ts:15:48
          at Array.forEach (<anonymous>)
          at EventEmitter.invoke (/data/Workspace/helios/starwards/node_modules/colyseus.js/src/core/signal.ts:15:19)
          at Function.register.invoke (/data/Workspace/helios/starwards/node_modules/colyseus.js/src/core/signal.ts:57:81)
          at WebSocket.connection.events.onclose (/data/Workspace/helios/starwards/node_modules/colyseus.js/src/Room.ts:89:30)
          at callListener (/data/Workspace/helios/starwards/node_modules/colyseus.js/node_modules/ws/lib/event-target.js:290:14)
          at WebSocket.onClose (/data/Workspace/helios/starwards/node_modules/colyseus.js/node_modules/ws/lib/event-target.js:220:9)
          at WebSocket.emit (node:events:524:28)
          at WebSocket.emitClose (/data/Workspace/helios/starwards/node_modules/colyseus.js/node_modules/ws/lib/websocket.js:272:10)
          at Socket.socketOnClose (/data/Workspace/helios/starwards/node_modules/colyseus.js/node_modules/ws/lib/websocket.js:1341:15)
          at Socket.emit (node:events:524:28)
          at TCP.<anonymous> (node:net:343:12)

      at ConnectionManager.onConnectionError (modules/core/src/client/connection-manager.ts:144:21)
          at Array.forEach (<anonymous>)

    console.log
      connection error: TypeError: Cannot read properties of undefined (reading 'decoder')
          at wireEvents (/data/Workspace/helios/starwards/node_modules/colyseus-events/src/wire-events.ts:30:40)
          at /data/Workspace/helios/starwards/modules/core/src/client/admin.ts:20:5
          at processTicksAndRejections (node:internal/process/task_queues:95:5)
          at /data/Workspace/helios/starwards/modules/core/src/client/connection-manager.ts:131:21

      at ConnectionManager.onConnectionError (modules/core/src/client/connection-manager.ts:144:21)

    console.log
      connection error: Error: disconnected from server
          at EventEmitter.<anonymous> (/data/Workspace/helios/starwards/modules/core/src/client/driver.ts:53:58)
          at /data/Workspace/helios/starwards/node_modules/colyseus.js/src/core/signal.ts:15:48
          at Array.forEach (<anonymous>)
          at EventEmitter.invoke (/data/Workspace/helios/starwards/node_modules/colyseus.js/src/core/signal.ts:15:19)
          at Function.register.invoke (/data/Workspace/helios/starwards/node_modules/colyseus.js/src/core/signal.ts:57:81)
          at WebSocket.connection.events.onclose (/data/Workspace/helios/starwards/node_modules/colyseus.js/src/Room.ts:89:30)
          at callListener (/data/Workspace/helios/starwards/node_modules/colyseus.js/node_modules/ws/lib/event-target.js:290:14)
          at WebSocket.onClose (/data/Workspace/helios/starwards/node_modules/colyseus.js/node_modules/ws/lib/event-target.js:220:9)
          at WebSocket.emit (node:events:524:28)
          at WebSocket.emitClose (/data/Workspace/helios/starwards/node_modules/colyseus.js/node_modules/ws/lib/websocket.js:272:10)
          at Socket.socketOnClose (/data/Workspace/helios/starwards/node_modules/colyseus.js/node_modules/ws/lib/websocket.js:1341:15)
          at Socket.emit (node:events:524:28)
          at TCP.<anonymous> (node:net:343:12)

      at ConnectionManager.onConnectionError (modules/core/src/client/connection-manager.ts:144:21)
          at Array.forEach (<anonymous>)

    console.log
      connection error: TypeError: Cannot read properties of undefined (reading 'decoder')
          at wireEvents (/data/Workspace/helios/starwards/node_modules/colyseus-events/src/wire-events.ts:30:40)
          at /data/Workspace/helios/starwards/modules/core/src/client/admin.ts:20:5
          at processTicksAndRejections (node:internal/process/task_queues:95:5)
          at /data/Workspace/helios/starwards/modules/core/src/client/connection-manager.ts:131:21

      at ConnectionManager.onConnectionError (modules/core/src/client/connection-manager.ts:144:21)

    console.log
      connection error: Error: disconnected from server
          at EventEmitter.<anonymous> (/data/Workspace/helios/starwards/modules/core/src/client/driver.ts:53:58)
          at /data/Workspace/helios/starwards/node_modules/colyseus.js/src/core/signal.ts:15:48
          at Array.forEach (<anonymous>)
          at EventEmitter.invoke (/data/Workspace/helios/starwards/node_modules/colyseus.js/src/core/signal.ts:15:19)
          at Function.register.invoke (/data/Workspace/helios/starwards/node_modules/colyseus.js/src/core/signal.ts:57:81)
          at WebSocket.connection.events.onclose (/data/Workspace/helios/starwards/node_modules/colyseus.js/src/Room.ts:89:30)
          at callListener (/data/Workspace/helios/starwards/node_modules/colyseus.js/node_modules/ws/lib/event-target.js:290:14)
          at WebSocket.onClose (/data/Workspace/helios/starwards/node_modules/colyseus.js/node_modules/ws/lib/event-target.js:220:9)
          at WebSocket.emit (node:events:524:28)
          at WebSocket.emitClose (/data/Workspace/helios/starwards/node_modules/colyseus.js/node_modules/ws/lib/websocket.js:272:10)
          at Socket.socketOnClose (/data/Workspace/helios/starwards/node_modules/colyseus.js/node_modules/ws/lib/websocket.js:1341:15)
          at Socket.emit (node:events:524:28)
          at TCP.<anonymous> (node:net:343:12)

      at ConnectionManager.onConnectionError (modules/core/src/client/connection-manager.ts:144:21)
          at Array.forEach (<anonymous>)

    console.log
      connection error: TypeError: Cannot read properties of undefined (reading 'decoder')
          at wireEvents (/data/Workspace/helios/starwards/node_modules/colyseus-events/src/wire-events.ts:30:40)
          at /data/Workspace/helios/starwards/modules/core/src/client/admin.ts:20:5
          at processTicksAndRejections (node:internal/process/task_queues:95:5)
          at /data/Workspace/helios/starwards/modules/core/src/client/connection-manager.ts:131:21

      at ConnectionManager.onConnectionError (modules/core/src/client/connection-manager.ts:144:21)

    console.log
      connection error: Error: disconnected from server
          at EventEmitter.<anonymous> (/data/Workspace/helios/starwards/modules/core/src/client/driver.ts:53:58)
          at /data/Workspace/helios/starwards/node_modules/colyseus.js/src/core/signal.ts:15:48
          at Array.forEach (<anonymous>)
          at EventEmitter.invoke (/data/Workspace/helios/starwards/node_modules/colyseus.js/src/core/signal.ts:15:19)
          at Function.register.invoke (/data/Workspace/helios/starwards/node_modules/colyseus.js/src/core/signal.ts:57:81)
          at WebSocket.connection.events.onclose (/data/Workspace/helios/starwards/node_modules/colyseus.js/src/Room.ts:89:30)
          at callListener (/data/Workspace/helios/starwards/node_modules/colyseus.js/node_modules/ws/lib/event-target.js:290:14)
          at WebSocket.onClose (/data/Workspace/helios/starwards/node_modules/colyseus.js/node_modules/ws/lib/event-target.js:220:9)
          at WebSocket.emit (node:events:524:28)
          at WebSocket.emitClose (/data/Workspace/helios/starwards/node_modules/colyseus.js/node_modules/ws/lib/websocket.js:272:10)
          at Socket.socketOnClose (/data/Workspace/helios/starwards/node_modules/colyseus.js/node_modules/ws/lib/websocket.js:1341:15)
          at Socket.emit (node:events:524:28)
          at TCP.<anonymous> (node:net:343:12)

      at ConnectionManager.onConnectionError (modules/core/src/client/connection-manager.ts:144:21)
          at Array.forEach (<anonymous>)

    console.log
      connection error: TypeError: Cannot read properties of undefined (reading 'decoder')
          at wireEvents (/data/Workspace/helios/starwards/node_modules/colyseus-events/src/wire-events.ts:30:40)
          at /data/Workspace/helios/starwards/modules/core/src/client/admin.ts:20:5
          at processTicksAndRejections (node:internal/process/task_queues:95:5)
          at /data/Workspace/helios/starwards/modules/core/src/client/connection-manager.ts:131:21

      at ConnectionManager.onConnectionError (modules/core/src/client/connection-manager.ts:144:21)

    console.log
      connection error: Error: disconnected from server
          at EventEmitter.<anonymous> (/data/Workspace/helios/starwards/modules/core/src/client/driver.ts:53:58)
          at /data/Workspace/helios/starwards/node_modules/colyseus.js/src/core/signal.ts:15:48
          at Array.forEach (<anonymous>)
          at EventEmitter.invoke (/data/Workspace/helios/starwards/node_modules/colyseus.js/src/core/signal.ts:15:19)
          at Function.register.invoke (/data/Workspace/helios/starwards/node_modules/colyseus.js/src/core/signal.ts:57:81)
          at WebSocket.connection.events.onclose (/data/Workspace/helios/starwards/node_modules/colyseus.js/src/Room.ts:89:30)
          at callListener (/data/Workspace/helios/starwards/node_modules/colyseus.js/node_modules/ws/lib/event-target.js:290:14)
          at WebSocket.onClose (/data/Workspace/helios/starwards/node_modules/colyseus.js/node_modules/ws/lib/event-target.js:220:9)
          at WebSocket.emit (node:events:524:28)
          at WebSocket.emitClose (/data/Workspace/helios/starwards/node_modules/colyseus.js/node_modules/ws/lib/websocket.js:272:10)
          at Socket.socketOnClose (/data/Workspace/helios/starwards/node_modules/colyseus.js/node_modules/ws/lib/websocket.js:1341:15)
          at Socket.emit (node:events:524:28)
          at TCP.<anonymous> (node:net:343:12)

      at ConnectionManager.onConnectionError (modules/core/src/client/connection-manager.ts:144:21)
          at Array.forEach (<anonymous>)

    console.log
      connection error: TypeError: Cannot read properties of undefined (reading 'decoder')
          at wireEvents (/data/Workspace/helios/starwards/node_modules/colyseus-events/src/wire-events.ts:30:40)
          at /data/Workspace/helios/starwards/modules/core/src/client/admin.ts:20:5
          at processTicksAndRejections (node:internal/process/task_queues:95:5)
          at /data/Workspace/helios/starwards/modules/core/src/client/connection-manager.ts:131:21

      at ConnectionManager.onConnectionError (modules/core/src/client/connection-manager.ts:144:21)

    console.log
      connection error: Error: disconnected from server
          at EventEmitter.<anonymous> (/data/Workspace/helios/starwards/modules/core/src/client/driver.ts:53:58)
          at /data/Workspace/helios/starwards/node_modules/colyseus.js/src/core/signal.ts:15:48
          at Array.forEach (<anonymous>)
          at EventEmitter.invoke (/data/Workspace/helios/starwards/node_modules/colyseus.js/src/core/signal.ts:15:19)
          at Function.register.invoke (/data/Workspace/helios/starwards/node_modules/colyseus.js/src/core/signal.ts:57:81)
          at WebSocket.connection.events.onclose (/data/Workspace/helios/starwards/node_modules/colyseus.js/src/Room.ts:89:30)
          at callListener (/data/Workspace/helios/starwards/node_modules/colyseus.js/node_modules/ws/lib/event-target.js:290:14)
          at WebSocket.onClose (/data/Workspace/helios/starwards/node_modules/colyseus.js/node_modules/ws/lib/event-target.js:220:9)
          at WebSocket.emit (node:events:524:28)
          at WebSocket.emitClose (/data/Workspace/helios/starwards/node_modules/colyseus.js/node_modules/ws/lib/websocket.js:272:10)
          at Socket.socketOnClose (/data/Workspace/helios/starwards/node_modules/colyseus.js/node_modules/ws/lib/websocket.js:1341:15)
          at Socket.emit (node:events:524:28)
          at TCP.<anonymous> (node:net:343:12)

      at ConnectionManager.onConnectionError (modules/core/src/client/connection-manager.ts:144:21)
          at Array.forEach (<anonymous>)

    console.log
      connection error: TypeError: Cannot read properties of undefined (reading 'decoder')
          at wireEvents (/data/Workspace/helios/starwards/node_modules/colyseus-events/src/wire-events.ts:30:40)
          at /data/Workspace/helios/starwards/modules/core/src/client/admin.ts:20:5
          at processTicksAndRejections (node:internal/process/task_queues:95:5)
          at /data/Workspace/helios/starwards/modules/core/src/client/connection-manager.ts:131:21

      at ConnectionManager.onConnectionError (modules/core/src/client/connection-manager.ts:144:21)

    console.log
      connection error: Error: disconnected from server
          at EventEmitter.<anonymous> (/data/Workspace/helios/starwards/modules/core/src/client/driver.ts:53:58)
          at /data/Workspace/helios/starwards/node_modules/colyseus.js/src/core/signal.ts:15:48
          at Array.forEach (<anonymous>)
          at EventEmitter.invoke (/data/Workspace/helios/starwards/node_modules/colyseus.js/src/core/signal.ts:15:19)
          at Function.register.invoke (/data/Workspace/helios/starwards/node_modules/colyseus.js/src/core/signal.ts:57:81)
          at WebSocket.connection.events.onclose (/data/Workspace/helios/starwards/node_modules/colyseus.js/src/Room.ts:89:30)
          at callListener (/data/Workspace/helios/starwards/node_modules/colyseus.js/node_modules/ws/lib/event-target.js:290:14)
          at WebSocket.onClose (/data/Workspace/helios/starwards/node_modules/colyseus.js/node_modules/ws/lib/event-target.js:220:9)
          at WebSocket.emit (node:events:524:28)
          at WebSocket.emitClose (/data/Workspace/helios/starwards/node_modules/colyseus.js/node_modules/ws/lib/websocket.js:272:10)
          at Socket.socketOnClose (/data/Workspace/helios/starwards/node_modules/colyseus.js/node_modules/ws/lib/websocket.js:1341:15)
          at Socket.emit (node:events:524:28)
          at TCP.<anonymous> (node:net:343:12)

      at ConnectionManager.onConnectionError (modules/core/src/client/connection-manager.ts:144:21)
          at Array.forEach (<anonymous>)

    console.log
      connection error: TypeError: Cannot read properties of undefined (reading 'decoder')
          at wireEvents (/data/Workspace/helios/starwards/node_modules/colyseus-events/src/wire-events.ts:30:40)
          at /data/Workspace/helios/starwards/modules/core/src/client/admin.ts:20:5
          at processTicksAndRejections (node:internal/process/task_queues:95:5)
          at /data/Workspace/helios/starwards/modules/core/src/client/connection-manager.ts:131:21

      at ConnectionManager.onConnectionError (modules/core/src/client/connection-manager.ts:144:21)

    console.log
      connection error: Error: disconnected from server
          at EventEmitter.<anonymous> (/data/Workspace/helios/starwards/modules/core/src/client/driver.ts:53:58)
          at /data/Workspace/helios/starwards/node_modules/colyseus.js/src/core/signal.ts:15:48
          at Array.forEach (<anonymous>)
          at EventEmitter.invoke (/data/Workspace/helios/starwards/node_modules/colyseus.js/src/core/signal.ts:15:19)
          at Function.register.invoke (/data/Workspace/helios/starwards/node_modules/colyseus.js/src/core/signal.ts:57:81)
          at WebSocket.connection.events.onclose (/data/Workspace/helios/starwards/node_modules/colyseus.js/src/Room.ts:89:30)
          at callListener (/data/Workspace/helios/starwards/node_modules/colyseus.js/node_modules/ws/lib/event-target.js:290:14)
          at WebSocket.onClose (/data/Workspace/helios/starwards/node_modules/colyseus.js/node_modules/ws/lib/event-target.js:220:9)
          at WebSocket.emit (node:events:524:28)
          at WebSocket.emitClose (/data/Workspace/helios/starwards/node_modules/colyseus.js/node_modules/ws/lib/websocket.js:272:10)
          at Socket.socketOnClose (/data/Workspace/helios/starwards/node_modules/colyseus.js/node_modules/ws/lib/websocket.js:1341:15)
          at Socket.emit (node:events:524:28)
          at TCP.<anonymous> (node:net:343:12)

      at ConnectionManager.onConnectionError (modules/core/src/client/connection-manager.ts:144:21)
          at Array.forEach (<anonymous>)

    console.log
      connection error: TypeError: Cannot read properties of undefined (reading 'decoder')
          at wireEvents (/data/Workspace/helios/starwards/node_modules/colyseus-events/src/wire-events.ts:30:40)
          at /data/Workspace/helios/starwards/modules/core/src/client/admin.ts:20:5
          at processTicksAndRejections (node:internal/process/task_queues:95:5)
          at /data/Workspace/helios/starwards/modules/core/src/client/connection-manager.ts:131:21

      at ConnectionManager.onConnectionError (modules/core/src/client/connection-manager.ts:144:21)

    console.log
      connection error: Error: disconnected from server
          at EventEmitter.<anonymous> (/data/Workspace/helios/starwards/modules/core/src/client/driver.ts:53:58)
          at /data/Workspace/helios/starwards/node_modules/colyseus.js/src/core/signal.ts:15:48
          at Array.forEach (<anonymous>)
          at EventEmitter.invoke (/data/Workspace/helios/starwards/node_modules/colyseus.js/src/core/signal.ts:15:19)
          at Function.register.invoke (/data/Workspace/helios/starwards/node_modules/colyseus.js/src/core/signal.ts:57:81)
          at WebSocket.connection.events.onclose (/data/Workspace/helios/starwards/node_modules/colyseus.js/src/Room.ts:89:30)
          at callListener (/data/Workspace/helios/starwards/node_modules/colyseus.js/node_modules/ws/lib/event-target.js:290:14)
          at WebSocket.onClose (/data/Workspace/helios/starwards/node_modules/colyseus.js/node_modules/ws/lib/event-target.js:220:9)
          at WebSocket.emit (node:events:524:28)
          at WebSocket.emitClose (/data/Workspace/helios/starwards/node_modules/colyseus.js/node_modules/ws/lib/websocket.js:272:10)
          at Socket.socketOnClose (/data/Workspace/helios/starwards/node_modules/colyseus.js/node_modules/ws/lib/websocket.js:1341:15)
          at Socket.emit (node:events:524:28)
          at TCP.<anonymous> (node:net:343:12)

      at ConnectionManager.onConnectionError (modules/core/src/client/connection-manager.ts:144:21)
          at Array.forEach (<anonymous>)

    console.log
      connection error: TypeError: Cannot read properties of undefined (reading 'decoder')
          at wireEvents (/data/Workspace/helios/starwards/node_modules/colyseus-events/src/wire-events.ts:30:40)
          at /data/Workspace/helios/starwards/modules/core/src/client/admin.ts:20:5
          at processTicksAndRejections (node:internal/process/task_queues:95:5)
          at /data/Workspace/helios/starwards/modules/core/src/client/connection-manager.ts:131:21

      at ConnectionManager.onConnectionError (modules/core/src/client/connection-manager.ts:144:21)

    console.log
      connection error: Error: disconnected from server
          at EventEmitter.<anonymous> (/data/Workspace/helios/starwards/modules/core/src/client/driver.ts:53:58)
          at /data/Workspace/helios/starwards/node_modules/colyseus.js/src/core/signal.ts:15:48
          at Array.forEach (<anonymous>)
          at EventEmitter.invoke (/data/Workspace/helios/starwards/node_modules/colyseus.js/src/core/signal.ts:15:19)
          at Function.register.invoke (/data/Workspace/helios/starwards/node_modules/colyseus.js/src/core/signal.ts:57:81)
          at WebSocket.connection.events.onclose (/data/Workspace/helios/starwards/node_modules/colyseus.js/src/Room.ts:89:30)
          at callListener (/data/Workspace/helios/starwards/node_modules/colyseus.js/node_modules/ws/lib/event-target.js:290:14)
          at WebSocket.onClose (/data/Workspace/helios/starwards/node_modules/colyseus.js/node_modules/ws/lib/event-target.js:220:9)
          at WebSocket.emit (node:events:524:28)
          at WebSocket.emitClose (/data/Workspace/helios/starwards/node_modules/colyseus.js/node_modules/ws/lib/websocket.js:272:10)
          at Socket.socketOnClose (/data/Workspace/helios/starwards/node_modules/colyseus.js/node_modules/ws/lib/websocket.js:1341:15)
          at Socket.emit (node:events:524:28)
          at TCP.<anonymous> (node:net:343:12)

      at ConnectionManager.onConnectionError (modules/core/src/client/connection-manager.ts:144:21)
          at Array.forEach (<anonymous>)

    console.log
      connection error: TypeError: Cannot read properties of undefined (reading 'decoder')
          at wireEvents (/data/Workspace/helios/starwards/node_modules/colyseus-events/src/wire-events.ts:30:40)
          at /data/Workspace/helios/starwards/modules/core/src/client/admin.ts:20:5
          at processTicksAndRejections (node:internal/process/task_queues:95:5)
          at /data/Workspace/helios/starwards/modules/core/src/client/connection-manager.ts:131:21

      at ConnectionManager.onConnectionError (modules/core/src/client/connection-manager.ts:144:21)

    console.log
      connection error: Error: disconnected from server
          at EventEmitter.<anonymous> (/data/Workspace/helios/starwards/modules/core/src/client/driver.ts:53:58)
          at /data/Workspace/helios/starwards/node_modules/colyseus.js/src/core/signal.ts:15:48
          at Array.forEach (<anonymous>)
          at EventEmitter.invoke (/data/Workspace/helios/starwards/node_modules/colyseus.js/src/core/signal.ts:15:19)
          at Function.register.invoke (/data/Workspace/helios/starwards/node_modules/colyseus.js/src/core/signal.ts:57:81)
          at WebSocket.connection.events.onclose (/data/Workspace/helios/starwards/node_modules/colyseus.js/src/Room.ts:89:30)
          at callListener (/data/Workspace/helios/starwards/node_modules/colyseus.js/node_modules/ws/lib/event-target.js:290:14)
          at WebSocket.onClose (/data/Workspace/helios/starwards/node_modules/colyseus.js/node_modules/ws/lib/event-target.js:220:9)
          at WebSocket.emit (node:events:524:28)
          at WebSocket.emitClose (/data/Workspace/helios/starwards/node_modules/colyseus.js/node_modules/ws/lib/websocket.js:272:10)
          at Socket.socketOnClose (/data/Workspace/helios/starwards/node_modules/colyseus.js/node_modules/ws/lib/websocket.js:1341:15)
          at Socket.emit (node:events:524:28)
          at TCP.<anonymous> (node:net:343:12)

      at ConnectionManager.onConnectionError (modules/core/src/client/connection-manager.ts:144:21)
          at Array.forEach (<anonymous>)

    console.log
      connection error: TypeError: Cannot read properties of undefined (reading 'decoder')
          at wireEvents (/data/Workspace/helios/starwards/node_modules/colyseus-events/src/wire-events.ts:30:40)
          at /data/Workspace/helios/starwards/modules/core/src/client/admin.ts:20:5
          at processTicksAndRejections (node:internal/process/task_queues:95:5)
          at /data/Workspace/helios/starwards/modules/core/src/client/connection-manager.ts:131:21

      at ConnectionManager.onConnectionError (modules/core/src/client/connection-manager.ts:144:21)

    console.log
      connection error: Error: disconnected from server
          at EventEmitter.<anonymous> (/data/Workspace/helios/starwards/modules/core/src/client/driver.ts:53:58)
          at /data/Workspace/helios/starwards/node_modules/colyseus.js/src/core/signal.ts:15:48
          at Array.forEach (<anonymous>)
          at EventEmitter.invoke (/data/Workspace/helios/starwards/node_modules/colyseus.js/src/core/signal.ts:15:19)
          at Function.register.invoke (/data/Workspace/helios/starwards/node_modules/colyseus.js/src/core/signal.ts:57:81)
          at WebSocket.connection.events.onclose (/data/Workspace/helios/starwards/node_modules/colyseus.js/src/Room.ts:89:30)
          at callListener (/data/Workspace/helios/starwards/node_modules/colyseus.js/node_modules/ws/lib/event-target.js:290:14)
          at WebSocket.onClose (/data/Workspace/helios/starwards/node_modules/colyseus.js/node_modules/ws/lib/event-target.js:220:9)
          at WebSocket.emit (node:events:524:28)
          at WebSocket.emitClose (/data/Workspace/helios/starwards/node_modules/colyseus.js/node_modules/ws/lib/websocket.js:272:10)
          at Socket.socketOnClose (/data/Workspace/helios/starwards/node_modules/colyseus.js/node_modules/ws/lib/websocket.js:1341:15)
          at Socket.emit (node:events:524:28)
          at TCP.<anonymous> (node:net:343:12)

      at ConnectionManager.onConnectionError (modules/core/src/client/connection-manager.ts:144:21)
          at Array.forEach (<anonymous>)

    console.log
      connection error: TypeError: Cannot read properties of undefined (reading 'decoder')
          at wireEvents (/data/Workspace/helios/starwards/node_modules/colyseus-events/src/wire-events.ts:30:40)
          at /data/Workspace/helios/starwards/modules/core/src/client/admin.ts:20:5
          at processTicksAndRejections (node:internal/process/task_queues:95:5)
          at /data/Workspace/helios/starwards/modules/core/src/client/connection-manager.ts:131:21

      at ConnectionManager.onConnectionError (modules/core/src/client/connection-manager.ts:144:21)

    console.log
      connection error: Error: disconnected from server
          at EventEmitter.<anonymous> (/data/Workspace/helios/starwards/modules/core/src/client/driver.ts:53:58)
          at /data/Workspace/helios/starwards/node_modules/colyseus.js/src/core/signal.ts:15:48
          at Array.forEach (<anonymous>)
          at EventEmitter.invoke (/data/Workspace/helios/starwards/node_modules/colyseus.js/src/core/signal.ts:15:19)
          at Function.register.invoke (/data/Workspace/helios/starwards/node_modules/colyseus.js/src/core/signal.ts:57:81)
          at WebSocket.connection.events.onclose (/data/Workspace/helios/starwards/node_modules/colyseus.js/src/Room.ts:89:30)
          at callListener (/data/Workspace/helios/starwards/node_modules/colyseus.js/node_modules/ws/lib/event-target.js:290:14)
          at WebSocket.onClose (/data/Workspace/helios/starwards/node_modules/colyseus.js/node_modules/ws/lib/event-target.js:220:9)
          at WebSocket.emit (node:events:524:28)
          at WebSocket.emitClose (/data/Workspace/helios/starwards/node_modules/colyseus.js/node_modules/ws/lib/websocket.js:272:10)
          at Socket.socketOnClose (/data/Workspace/helios/starwards/node_modules/colyseus.js/node_modules/ws/lib/websocket.js:1341:15)
          at Socket.emit (node:events:524:28)
          at TCP.<anonymous> (node:net:343:12)

      at ConnectionManager.onConnectionError (modules/core/src/client/connection-manager.ts:144:21)
          at Array.forEach (<anonymous>)

    console.log
      connection error: TypeError: Cannot read properties of undefined (reading 'decoder')
          at wireEvents (/data/Workspace/helios/starwards/node_modules/colyseus-events/src/wire-events.ts:30:40)
          at /data/Workspace/helios/starwards/modules/core/src/client/admin.ts:20:5
          at processTicksAndRejections (node:internal/process/task_queues:95:5)
          at /data/Workspace/helios/starwards/modules/core/src/client/connection-manager.ts:131:21

      at ConnectionManager.onConnectionError (modules/core/src/client/connection-manager.ts:144:21)

    console.log
      connection error: Error: disconnected from server
          at EventEmitter.<anonymous> (/data/Workspace/helios/starwards/modules/core/src/client/driver.ts:53:58)
          at /data/Workspace/helios/starwards/node_modules/colyseus.js/src/core/signal.ts:15:48
          at Array.forEach (<anonymous>)
          at EventEmitter.invoke (/data/Workspace/helios/starwards/node_modules/colyseus.js/src/core/signal.ts:15:19)
          at Function.register.invoke (/data/Workspace/helios/starwards/node_modules/colyseus.js/src/core/signal.ts:57:81)
          at WebSocket.connection.events.onclose (/data/Workspace/helios/starwards/node_modules/colyseus.js/src/Room.ts:89:30)
          at callListener (/data/Workspace/helios/starwards/node_modules/colyseus.js/node_modules/ws/lib/event-target.js:290:14)
          at WebSocket.onClose (/data/Workspace/helios/starwards/node_modules/colyseus.js/node_modules/ws/lib/event-target.js:220:9)
          at WebSocket.emit (node:events:524:28)
          at WebSocket.emitClose (/data/Workspace/helios/starwards/node_modules/colyseus.js/node_modules/ws/lib/websocket.js:272:10)
          at Socket.socketOnClose (/data/Workspace/helios/starwards/node_modules/colyseus.js/node_modules/ws/lib/websocket.js:1341:15)
          at Socket.emit (node:events:524:28)
          at TCP.<anonymous> (node:net:343:12)

      at ConnectionManager.onConnectionError (modules/core/src/client/connection-manager.ts:144:21)
          at Array.forEach (<anonymous>)

    console.log
      connection error: TypeError: Cannot read properties of undefined (reading 'decoder')
          at wireEvents (/data/Workspace/helios/starwards/node_modules/colyseus-events/src/wire-events.ts:30:40)
          at /data/Workspace/helios/starwards/modules/core/src/client/admin.ts:20:5
          at processTicksAndRejections (node:internal/process/task_queues:95:5)
          at /data/Workspace/helios/starwards/modules/core/src/client/connection-manager.ts:131:21

      at ConnectionManager.onConnectionError (modules/core/src/client/connection-manager.ts:144:21)

    console.log
      connection error: Error: disconnected from server
          at EventEmitter.<anonymous> (/data/Workspace/helios/starwards/modules/core/src/client/driver.ts:53:58)
          at /data/Workspace/helios/starwards/node_modules/colyseus.js/src/core/signal.ts:15:48
          at Array.forEach (<anonymous>)
          at EventEmitter.invoke (/data/Workspace/helios/starwards/node_modules/colyseus.js/src/core/signal.ts:15:19)
          at Function.register.invoke (/data/Workspace/helios/starwards/node_modules/colyseus.js/src/core/signal.ts:57:81)
          at WebSocket.connection.events.onclose (/data/Workspace/helios/starwards/node_modules/colyseus.js/src/Room.ts:89:30)
          at callListener (/data/Workspace/helios/starwards/node_modules/colyseus.js/node_modules/ws/lib/event-target.js:290:14)
          at WebSocket.onClose (/data/Workspace/helios/starwards/node_modules/colyseus.js/node_modules/ws/lib/event-target.js:220:9)
          at WebSocket.emit (node:events:524:28)
          at WebSocket.emitClose (/data/Workspace/helios/starwards/node_modules/colyseus.js/node_modules/ws/lib/websocket.js:272:10)
          at Socket.socketOnClose (/data/Workspace/helios/starwards/node_modules/colyseus.js/node_modules/ws/lib/websocket.js:1341:15)
          at Socket.emit (node:events:524:28)
          at TCP.<anonymous> (node:net:343:12)

      at ConnectionManager.onConnectionError (modules/core/src/client/connection-manager.ts:144:21)
          at Array.forEach (<anonymous>)

    console.log
      connection error: TypeError: Cannot read properties of undefined (reading 'decoder')
          at wireEvents (/data/Workspace/helios/starwards/node_modules/colyseus-events/src/wire-events.ts:30:40)
          at /data/Workspace/helios/starwards/modules/core/src/client/admin.ts:20:5
          at processTicksAndRejections (node:internal/process/task_queues:95:5)
          at /data/Workspace/helios/starwards/modules/core/src/client/connection-manager.ts:131:21

      at ConnectionManager.onConnectionError (modules/core/src/client/connection-manager.ts:144:21)

    console.log
      connection error: Error: disconnected from server
          at EventEmitter.<anonymous> (/data/Workspace/helios/starwards/modules/core/src/client/driver.ts:53:58)
          at /data/Workspace/helios/starwards/node_modules/colyseus.js/src/core/signal.ts:15:48
          at Array.forEach (<anonymous>)
          at EventEmitter.invoke (/data/Workspace/helios/starwards/node_modules/colyseus.js/src/core/signal.ts:15:19)
          at Function.register.invoke (/data/Workspace/helios/starwards/node_modules/colyseus.js/src/core/signal.ts:57:81)
          at WebSocket.connection.events.onclose (/data/Workspace/helios/starwards/node_modules/colyseus.js/src/Room.ts:89:30)
          at callListener (/data/Workspace/helios/starwards/node_modules/colyseus.js/node_modules/ws/lib/event-target.js:290:14)
          at WebSocket.onClose (/data/Workspace/helios/starwards/node_modules/colyseus.js/node_modules/ws/lib/event-target.js:220:9)
          at WebSocket.emit (node:events:524:28)
          at WebSocket.emitClose (/data/Workspace/helios/starwards/node_modules/colyseus.js/node_modules/ws/lib/websocket.js:272:10)
          at Socket.socketOnClose (/data/Workspace/helios/starwards/node_modules/colyseus.js/node_modules/ws/lib/websocket.js:1341:15)
          at Socket.emit (node:events:524:28)
          at TCP.<anonymous> (node:net:343:12)

      at ConnectionManager.onConnectionError (modules/core/src/client/connection-manager.ts:144:21)
          at Array.forEach (<anonymous>)

    console.log
      connection error: TypeError: Cannot read properties of undefined (reading 'decoder')
          at wireEvents (/data/Workspace/helios/starwards/node_modules/colyseus-events/src/wire-events.ts:30:40)
          at /data/Workspace/helios/starwards/modules/core/src/client/admin.ts:20:5
          at processTicksAndRejections (node:internal/process/task_queues:95:5)
          at /data/Workspace/helios/starwards/modules/core/src/client/connection-manager.ts:131:21

      at ConnectionManager.onConnectionError (modules/core/src/client/connection-manager.ts:144:21)

    console.log
      connection error: Error: disconnected from server
          at EventEmitter.<anonymous> (/data/Workspace/helios/starwards/modules/core/src/client/driver.ts:53:58)
          at /data/Workspace/helios/starwards/node_modules/colyseus.js/src/core/signal.ts:15:48
          at Array.forEach (<anonymous>)
          at EventEmitter.invoke (/data/Workspace/helios/starwards/node_modules/colyseus.js/src/core/signal.ts:15:19)
          at Function.register.invoke (/data/Workspace/helios/starwards/node_modules/colyseus.js/src/core/signal.ts:57:81)
          at WebSocket.connection.events.onclose (/data/Workspace/helios/starwards/node_modules/colyseus.js/src/Room.ts:89:30)
          at callListener (/data/Workspace/helios/starwards/node_modules/colyseus.js/node_modules/ws/lib/event-target.js:290:14)
          at WebSocket.onClose (/data/Workspace/helios/starwards/node_modules/colyseus.js/node_modules/ws/lib/event-target.js:220:9)
          at WebSocket.emit (node:events:524:28)
          at WebSocket.emitClose (/data/Workspace/helios/starwards/node_modules/colyseus.js/node_modules/ws/lib/websocket.js:272:10)
          at Socket.socketOnClose (/data/Workspace/helios/starwards/node_modules/colyseus.js/node_modules/ws/lib/websocket.js:1341:15)
          at Socket.emit (node:events:524:28)
          at TCP.<anonymous> (node:net:343:12)

      at ConnectionManager.onConnectionError (modules/core/src/client/connection-manager.ts:144:21)
          at Array.forEach (<anonymous>)

    console.log
      connection error: TypeError: Cannot read properties of undefined (reading 'decoder')
          at wireEvents (/data/Workspace/helios/starwards/node_modules/colyseus-events/src/wire-events.ts:30:40)
          at /data/Workspace/helios/starwards/modules/core/src/client/admin.ts:20:5
          at processTicksAndRejections (node:internal/process/task_queues:95:5)
          at /data/Workspace/helios/starwards/modules/core/src/client/connection-manager.ts:131:21

      at ConnectionManager.onConnectionError (modules/core/src/client/connection-manager.ts:144:21)

    console.log
      connection error: Error: disconnected from server
          at EventEmitter.<anonymous> (/data/Workspace/helios/starwards/modules/core/src/client/driver.ts:53:58)
          at /data/Workspace/helios/starwards/node_modules/colyseus.js/src/core/signal.ts:15:48
          at Array.forEach (<anonymous>)
          at EventEmitter.invoke (/data/Workspace/helios/starwards/node_modules/colyseus.js/src/core/signal.ts:15:19)
          at Function.register.invoke (/data/Workspace/helios/starwards/node_modules/colyseus.js/src/core/signal.ts:57:81)
          at WebSocket.connection.events.onclose (/data/Workspace/helios/starwards/node_modules/colyseus.js/src/Room.ts:89:30)
          at callListener (/data/Workspace/helios/starwards/node_modules/colyseus.js/node_modules/ws/lib/event-target.js:290:14)
          at WebSocket.onClose (/data/Workspace/helios/starwards/node_modules/colyseus.js/node_modules/ws/lib/event-target.js:220:9)
          at WebSocket.emit (node:events:524:28)
          at WebSocket.emitClose (/data/Workspace/helios/starwards/node_modules/colyseus.js/node_modules/ws/lib/websocket.js:272:10)
          at Socket.socketOnClose (/data/Workspace/helios/starwards/node_modules/colyseus.js/node_modules/ws/lib/websocket.js:1341:15)
          at Socket.emit (node:events:524:28)
          at TCP.<anonymous> (node:net:343:12)

      at ConnectionManager.onConnectionError (modules/core/src/client/connection-manager.ts:144:21)
          at Array.forEach (<anonymous>)

    console.log
      connection error: TypeError: Cannot read properties of undefined (reading 'decoder')
          at wireEvents (/data/Workspace/helios/starwards/node_modules/colyseus-events/src/wire-events.ts:30:40)
          at /data/Workspace/helios/starwards/modules/core/src/client/admin.ts:20:5
          at processTicksAndRejections (node:internal/process/task_queues:95:5)
          at /data/Workspace/helios/starwards/modules/core/src/client/connection-manager.ts:131:21

      at ConnectionManager.onConnectionError (modules/core/src/client/connection-manager.ts:144:21)

    console.log
      connection error: Error: disconnected from server
          at EventEmitter.<anonymous> (/data/Workspace/helios/starwards/modules/core/src/client/driver.ts:53:58)
          at /data/Workspace/helios/starwards/node_modules/colyseus.js/src/core/signal.ts:15:48
          at Array.forEach (<anonymous>)
          at EventEmitter.invoke (/data/Workspace/helios/starwards/node_modules/colyseus.js/src/core/signal.ts:15:19)
          at Function.register.invoke (/data/Workspace/helios/starwards/node_modules/colyseus.js/src/core/signal.ts:57:81)
          at WebSocket.connection.events.onclose (/data/Workspace/helios/starwards/node_modules/colyseus.js/src/Room.ts:89:30)
          at callListener (/data/Workspace/helios/starwards/node_modules/colyseus.js/node_modules/ws/lib/event-target.js:290:14)
          at WebSocket.onClose (/data/Workspace/helios/starwards/node_modules/colyseus.js/node_modules/ws/lib/event-target.js:220:9)
          at WebSocket.emit (node:events:524:28)
          at WebSocket.emitClose (/data/Workspace/helios/starwards/node_modules/colyseus.js/node_modules/ws/lib/websocket.js:272:10)
          at Socket.socketOnClose (/data/Workspace/helios/starwards/node_modules/colyseus.js/node_modules/ws/lib/websocket.js:1341:15)
          at Socket.emit (node:events:524:28)
          at TCP.<anonymous> (node:net:343:12)

      at ConnectionManager.onConnectionError (modules/core/src/client/connection-manager.ts:144:21)
          at Array.forEach (<anonymous>)

    console.log
      connection error: TypeError: Cannot read properties of undefined (reading 'decoder')
          at wireEvents (/data/Workspace/helios/starwards/node_modules/colyseus-events/src/wire-events.ts:30:40)
          at /data/Workspace/helios/starwards/modules/core/src/client/admin.ts:20:5
          at processTicksAndRejections (node:internal/process/task_queues:95:5)
          at /data/Workspace/helios/starwards/modules/core/src/client/connection-manager.ts:131:21

      at ConnectionManager.onConnectionError (modules/core/src/client/connection-manager.ts:144:21)

    console.log
      connection error: Error: disconnected from server
          at EventEmitter.<anonymous> (/data/Workspace/helios/starwards/modules/core/src/client/driver.ts:53:58)
          at /data/Workspace/helios/starwards/node_modules/colyseus.js/src/core/signal.ts:15:48
          at Array.forEach (<anonymous>)
          at EventEmitter.invoke (/data/Workspace/helios/starwards/node_modules/colyseus.js/src/core/signal.ts:15:19)
          at Function.register.invoke (/data/Workspace/helios/starwards/node_modules/colyseus.js/src/core/signal.ts:57:81)
          at WebSocket.connection.events.onclose (/data/Workspace/helios/starwards/node_modules/colyseus.js/src/Room.ts:89:30)
          at callListener (/data/Workspace/helios/starwards/node_modules/colyseus.js/node_modules/ws/lib/event-target.js:290:14)
          at WebSocket.onClose (/data/Workspace/helios/starwards/node_modules/colyseus.js/node_modules/ws/lib/event-target.js:220:9)
          at WebSocket.emit (node:events:524:28)
          at WebSocket.emitClose (/data/Workspace/helios/starwards/node_modules/colyseus.js/node_modules/ws/lib/websocket.js:272:10)
          at Socket.socketOnClose (/data/Workspace/helios/starwards/node_modules/colyseus.js/node_modules/ws/lib/websocket.js:1341:15)
          at Socket.emit (node:events:524:28)
          at TCP.<anonymous> (node:net:343:12)

      at ConnectionManager.onConnectionError (modules/core/src/client/connection-manager.ts:144:21)
          at Array.forEach (<anonymous>)

    console.log
      connection error: TypeError: Cannot read properties of undefined (reading 'decoder')
          at wireEvents (/data/Workspace/helios/starwards/node_modules/colyseus-events/src/wire-events.ts:30:40)
          at /data/Workspace/helios/starwards/modules/core/src/client/admin.ts:20:5
          at processTicksAndRejections (node:internal/process/task_queues:95:5)
          at /data/Workspace/helios/starwards/modules/core/src/client/connection-manager.ts:131:21

      at ConnectionManager.onConnectionError (modules/core/src/client/connection-manager.ts:144:21)

    console.log
      connection error: Error: disconnected from server
          at EventEmitter.<anonymous> (/data/Workspace/helios/starwards/modules/core/src/client/driver.ts:53:58)
          at /data/Workspace/helios/starwards/node_modules/colyseus.js/src/core/signal.ts:15:48
          at Array.forEach (<anonymous>)
          at EventEmitter.invoke (/data/Workspace/helios/starwards/node_modules/colyseus.js/src/core/signal.ts:15:19)
          at Function.register.invoke (/data/Workspace/helios/starwards/node_modules/colyseus.js/src/core/signal.ts:57:81)
          at WebSocket.connection.events.onclose (/data/Workspace/helios/starwards/node_modules/colyseus.js/src/Room.ts:89:30)
          at callListener (/data/Workspace/helios/starwards/node_modules/colyseus.js/node_modules/ws/lib/event-target.js:290:14)
          at WebSocket.onClose (/data/Workspace/helios/starwards/node_modules/colyseus.js/node_modules/ws/lib/event-target.js:220:9)
          at WebSocket.emit (node:events:524:28)
          at WebSocket.emitClose (/data/Workspace/helios/starwards/node_modules/colyseus.js/node_modules/ws/lib/websocket.js:272:10)
          at Socket.socketOnClose (/data/Workspace/helios/starwards/node_modules/colyseus.js/node_modules/ws/lib/websocket.js:1341:15)
          at Socket.emit (node:events:524:28)
          at TCP.<anonymous> (node:net:343:12)

      at ConnectionManager.onConnectionError (modules/core/src/client/connection-manager.ts:144:21)
          at Array.forEach (<anonymous>)

    console.log
      connection error: TypeError: Cannot read properties of undefined (reading 'decoder')
          at wireEvents (/data/Workspace/helios/starwards/node_modules/colyseus-events/src/wire-events.ts:30:40)
          at /data/Workspace/helios/starwards/modules/core/src/client/admin.ts:20:5
          at processTicksAndRejections (node:internal/process/task_queues:95:5)
          at /data/Workspace/helios/starwards/modules/core/src/client/connection-manager.ts:131:21

      at ConnectionManager.onConnectionError (modules/core/src/client/connection-manager.ts:144:21)

    console.log
      connection error: Error: disconnected from server
          at EventEmitter.<anonymous> (/data/Workspace/helios/starwards/modules/core/src/client/driver.ts:53:58)
          at /data/Workspace/helios/starwards/node_modules/colyseus.js/src/core/signal.ts:15:48
          at Array.forEach (<anonymous>)
          at EventEmitter.invoke (/data/Workspace/helios/starwards/node_modules/colyseus.js/src/core/signal.ts:15:19)
          at Function.register.invoke (/data/Workspace/helios/starwards/node_modules/colyseus.js/src/core/signal.ts:57:81)
          at WebSocket.connection.events.onclose (/data/Workspace/helios/starwards/node_modules/colyseus.js/src/Room.ts:89:30)
          at callListener (/data/Workspace/helios/starwards/node_modules/colyseus.js/node_modules/ws/lib/event-target.js:290:14)
          at WebSocket.onClose (/data/Workspace/helios/starwards/node_modules/colyseus.js/node_modules/ws/lib/event-target.js:220:9)
          at WebSocket.emit (node:events:524:28)
          at WebSocket.emitClose (/data/Workspace/helios/starwards/node_modules/colyseus.js/node_modules/ws/lib/websocket.js:272:10)
          at Socket.socketOnClose (/data/Workspace/helios/starwards/node_modules/colyseus.js/node_modules/ws/lib/websocket.js:1341:15)
          at Socket.emit (node:events:524:28)
          at TCP.<anonymous> (node:net:343:12)

      at ConnectionManager.onConnectionError (modules/core/src/client/connection-manager.ts:144:21)
          at Array.forEach (<anonymous>)

    console.log
      connection error: TypeError: Cannot read properties of undefined (reading 'decoder')
          at wireEvents (/data/Workspace/helios/starwards/node_modules/colyseus-events/src/wire-events.ts:30:40)
          at /data/Workspace/helios/starwards/modules/core/src/client/admin.ts:20:5
          at processTicksAndRejections (node:internal/process/task_queues:95:5)
          at /data/Workspace/helios/starwards/modules/core/src/client/connection-manager.ts:131:21

      at ConnectionManager.onConnectionError (modules/core/src/client/connection-manager.ts:144:21)

    console.log
      connection error: Error: disconnected from server
          at EventEmitter.<anonymous> (/data/Workspace/helios/starwards/modules/core/src/client/driver.ts:53:58)
          at /data/Workspace/helios/starwards/node_modules/colyseus.js/src/core/signal.ts:15:48
          at Array.forEach (<anonymous>)
          at EventEmitter.invoke (/data/Workspace/helios/starwards/node_modules/colyseus.js/src/core/signal.ts:15:19)
          at Function.register.invoke (/data/Workspace/helios/starwards/node_modules/colyseus.js/src/core/signal.ts:57:81)
          at WebSocket.connection.events.onclose (/data/Workspace/helios/starwards/node_modules/colyseus.js/src/Room.ts:89:30)
          at callListener (/data/Workspace/helios/starwards/node_modules/colyseus.js/node_modules/ws/lib/event-target.js:290:14)
          at WebSocket.onClose (/data/Workspace/helios/starwards/node_modules/colyseus.js/node_modules/ws/lib/event-target.js:220:9)
          at WebSocket.emit (node:events:524:28)
          at WebSocket.emitClose (/data/Workspace/helios/starwards/node_modules/colyseus.js/node_modules/ws/lib/websocket.js:272:10)
          at Socket.socketOnClose (/data/Workspace/helios/starwards/node_modules/colyseus.js/node_modules/ws/lib/websocket.js:1341:15)
          at Socket.emit (node:events:524:28)
          at TCP.<anonymous> (node:net:343:12)

      at ConnectionManager.onConnectionError (modules/core/src/client/connection-manager.ts:144:21)
          at Array.forEach (<anonymous>)

    console.log
      connection error: TypeError: Cannot read properties of undefined (reading 'decoder')
          at wireEvents (/data/Workspace/helios/starwards/node_modules/colyseus-events/src/wire-events.ts:30:40)
          at /data/Workspace/helios/starwards/modules/core/src/client/admin.ts:20:5
          at processTicksAndRejections (node:internal/process/task_queues:95:5)
          at /data/Workspace/helios/starwards/modules/core/src/client/connection-manager.ts:131:21

      at ConnectionManager.onConnectionError (modules/core/src/client/connection-manager.ts:144:21)

    console.log
      connection error: Error: disconnected from server
          at EventEmitter.<anonymous> (/data/Workspace/helios/starwards/modules/core/src/client/driver.ts:53:58)
          at /data/Workspace/helios/starwards/node_modules/colyseus.js/src/core/signal.ts:15:48
          at Array.forEach (<anonymous>)
          at EventEmitter.invoke (/data/Workspace/helios/starwards/node_modules/colyseus.js/src/core/signal.ts:15:19)
          at Function.register.invoke (/data/Workspace/helios/starwards/node_modules/colyseus.js/src/core/signal.ts:57:81)
          at WebSocket.connection.events.onclose (/data/Workspace/helios/starwards/node_modules/colyseus.js/src/Room.ts:89:30)
          at callListener (/data/Workspace/helios/starwards/node_modules/colyseus.js/node_modules/ws/lib/event-target.js:290:14)
          at WebSocket.onClose (/data/Workspace/helios/starwards/node_modules/colyseus.js/node_modules/ws/lib/event-target.js:220:9)
          at WebSocket.emit (node:events:524:28)
          at WebSocket.emitClose (/data/Workspace/helios/starwards/node_modules/colyseus.js/node_modules/ws/lib/websocket.js:272:10)
          at Socket.socketOnClose (/data/Workspace/helios/starwards/node_modules/colyseus.js/node_modules/ws/lib/websocket.js:1341:15)
          at Socket.emit (node:events:524:28)
          at TCP.<anonymous> (node:net:343:12)

      at ConnectionManager.onConnectionError (modules/core/src/client/connection-manager.ts:144:21)
          at Array.forEach (<anonymous>)

    console.log
      connection error: TypeError: Cannot read properties of undefined (reading 'decoder')
          at wireEvents (/data/Workspace/helios/starwards/node_modules/colyseus-events/src/wire-events.ts:30:40)
          at /data/Workspace/helios/starwards/modules/core/src/client/admin.ts:20:5
          at processTicksAndRejections (node:internal/process/task_queues:95:5)
          at /data/Workspace/helios/starwards/modules/core/src/client/connection-manager.ts:131:21

      at ConnectionManager.onConnectionError (modules/core/src/client/connection-manager.ts:144:21)

    console.log
      connection error: Error: disconnected from server
          at EventEmitter.<anonymous> (/data/Workspace/helios/starwards/modules/core/src/client/driver.ts:53:58)
          at /data/Workspace/helios/starwards/node_modules/colyseus.js/src/core/signal.ts:15:48
          at Array.forEach (<anonymous>)
          at EventEmitter.invoke (/data/Workspace/helios/starwards/node_modules/colyseus.js/src/core/signal.ts:15:19)
          at Function.register.invoke (/data/Workspace/helios/starwards/node_modules/colyseus.js/src/core/signal.ts:57:81)
          at WebSocket.connection.events.onclose (/data/Workspace/helios/starwards/node_modules/colyseus.js/src/Room.ts:89:30)
          at callListener (/data/Workspace/helios/starwards/node_modules/colyseus.js/node_modules/ws/lib/event-target.js:290:14)
          at WebSocket.onClose (/data/Workspace/helios/starwards/node_modules/colyseus.js/node_modules/ws/lib/event-target.js:220:9)
          at WebSocket.emit (node:events:524:28)
          at WebSocket.emitClose (/data/Workspace/helios/starwards/node_modules/colyseus.js/node_modules/ws/lib/websocket.js:272:10)
          at Socket.socketOnClose (/data/Workspace/helios/starwards/node_modules/colyseus.js/node_modules/ws/lib/websocket.js:1341:15)
          at Socket.emit (node:events:524:28)
          at TCP.<anonymous> (node:net:343:12)

      at ConnectionManager.onConnectionError (modules/core/src/client/connection-manager.ts:144:21)
          at Array.forEach (<anonymous>)

    console.log
      connection error: TypeError: Cannot read properties of undefined (reading 'decoder')
          at wireEvents (/data/Workspace/helios/starwards/node_modules/colyseus-events/src/wire-events.ts:30:40)
          at /data/Workspace/helios/starwards/modules/core/src/client/admin.ts:20:5
          at processTicksAndRejections (node:internal/process/task_queues:95:5)
          at /data/Workspace/helios/starwards/modules/core/src/client/connection-manager.ts:131:21

      at ConnectionManager.onConnectionError (modules/core/src/client/connection-manager.ts:144:21)

    console.log
      connection error: Error: disconnected from server
          at EventEmitter.<anonymous> (/data/Workspace/helios/starwards/modules/core/src/client/driver.ts:53:58)
          at /data/Workspace/helios/starwards/node_modules/colyseus.js/src/core/signal.ts:15:48
          at Array.forEach (<anonymous>)
          at EventEmitter.invoke (/data/Workspace/helios/starwards/node_modules/colyseus.js/src/core/signal.ts:15:19)
          at Function.register.invoke (/data/Workspace/helios/starwards/node_modules/colyseus.js/src/core/signal.ts:57:81)
          at WebSocket.connection.events.onclose (/data/Workspace/helios/starwards/node_modules/colyseus.js/src/Room.ts:89:30)
          at callListener (/data/Workspace/helios/starwards/node_modules/colyseus.js/node_modules/ws/lib/event-target.js:290:14)
          at WebSocket.onClose (/data/Workspace/helios/starwards/node_modules/colyseus.js/node_modules/ws/lib/event-target.js:220:9)
          at WebSocket.emit (node:events:524:28)
          at WebSocket.emitClose (/data/Workspace/helios/starwards/node_modules/colyseus.js/node_modules/ws/lib/websocket.js:272:10)
          at Socket.socketOnClose (/data/Workspace/helios/starwards/node_modules/colyseus.js/node_modules/ws/lib/websocket.js:1341:15)
          at Socket.emit (node:events:524:28)
          at TCP.<anonymous> (node:net:343:12)

      at ConnectionManager.onConnectionError (modules/core/src/client/connection-manager.ts:144:21)
          at Array.forEach (<anonymous>)

    console.log
      connection error: TypeError: Cannot read properties of undefined (reading 'decoder')
          at wireEvents (/data/Workspace/helios/starwards/node_modules/colyseus-events/src/wire-events.ts:30:40)
          at /data/Workspace/helios/starwards/modules/core/src/client/admin.ts:20:5
          at processTicksAndRejections (node:internal/process/task_queues:95:5)
          at /data/Workspace/helios/starwards/modules/core/src/client/connection-manager.ts:131:21

      at ConnectionManager.onConnectionError (modules/core/src/client/connection-manager.ts:144:21)

    console.log
      connection error: Error: disconnected from server
          at EventEmitter.<anonymous> (/data/Workspace/helios/starwards/modules/core/src/client/driver.ts:53:58)
          at /data/Workspace/helios/starwards/node_modules/colyseus.js/src/core/signal.ts:15:48
          at Array.forEach (<anonymous>)
          at EventEmitter.invoke (/data/Workspace/helios/starwards/node_modules/colyseus.js/src/core/signal.ts:15:19)
          at Function.register.invoke (/data/Workspace/helios/starwards/node_modules/colyseus.js/src/core/signal.ts:57:81)
          at WebSocket.connection.events.onclose (/data/Workspace/helios/starwards/node_modules/colyseus.js/src/Room.ts:89:30)
          at callListener (/data/Workspace/helios/starwards/node_modules/colyseus.js/node_modules/ws/lib/event-target.js:290:14)
          at WebSocket.onClose (/data/Workspace/helios/starwards/node_modules/colyseus.js/node_modules/ws/lib/event-target.js:220:9)
          at WebSocket.emit (node:events:524:28)
          at WebSocket.emitClose (/data/Workspace/helios/starwards/node_modules/colyseus.js/node_modules/ws/lib/websocket.js:272:10)
          at Socket.socketOnClose (/data/Workspace/helios/starwards/node_modules/colyseus.js/node_modules/ws/lib/websocket.js:1341:15)
          at Socket.emit (node:events:524:28)
          at TCP.<anonymous> (node:net:343:12)

      at ConnectionManager.onConnectionError (modules/core/src/client/connection-manager.ts:144:21)
          at Array.forEach (<anonymous>)

    console.log
      connection error: TypeError: Cannot read properties of undefined (reading 'decoder')
          at wireEvents (/data/Workspace/helios/starwards/node_modules/colyseus-events/src/wire-events.ts:30:40)
          at /data/Workspace/helios/starwards/modules/core/src/client/admin.ts:20:5
          at processTicksAndRejections (node:internal/process/task_queues:95:5)
          at /data/Workspace/helios/starwards/modules/core/src/client/connection-manager.ts:131:21

      at ConnectionManager.onConnectionError (modules/core/src/client/connection-manager.ts:144:21)

    console.log
      connection error: Error: disconnected from server
          at EventEmitter.<anonymous> (/data/Workspace/helios/starwards/modules/core/src/client/driver.ts:53:58)
          at /data/Workspace/helios/starwards/node_modules/colyseus.js/src/core/signal.ts:15:48
          at Array.forEach (<anonymous>)
          at EventEmitter.invoke (/data/Workspace/helios/starwards/node_modules/colyseus.js/src/core/signal.ts:15:19)
          at Function.register.invoke (/data/Workspace/helios/starwards/node_modules/colyseus.js/src/core/signal.ts:57:81)
          at WebSocket.connection.events.onclose (/data/Workspace/helios/starwards/node_modules/colyseus.js/src/Room.ts:89:30)
          at callListener (/data/Workspace/helios/starwards/node_modules/colyseus.js/node_modules/ws/lib/event-target.js:290:14)
          at WebSocket.onClose (/data/Workspace/helios/starwards/node_modules/colyseus.js/node_modules/ws/lib/event-target.js:220:9)
          at WebSocket.emit (node:events:524:28)
          at WebSocket.emitClose (/data/Workspace/helios/starwards/node_modules/colyseus.js/node_modules/ws/lib/websocket.js:272:10)
          at Socket.socketOnClose (/data/Workspace/helios/starwards/node_modules/colyseus.js/node_modules/ws/lib/websocket.js:1341:15)
          at Socket.emit (node:events:524:28)
          at TCP.<anonymous> (node:net:343:12)

      at ConnectionManager.onConnectionError (modules/core/src/client/connection-manager.ts:144:21)
          at Array.forEach (<anonymous>)

    console.log
      connection error: TypeError: Cannot read properties of undefined (reading 'decoder')
          at wireEvents (/data/Workspace/helios/starwards/node_modules/colyseus-events/src/wire-events.ts:30:40)
          at /data/Workspace/helios/starwards/modules/core/src/client/admin.ts:20:5
          at processTicksAndRejections (node:internal/process/task_queues:95:5)
          at /data/Workspace/helios/starwards/modules/core/src/client/connection-manager.ts:131:21

      at ConnectionManager.onConnectionError (modules/core/src/client/connection-manager.ts:144:21)

    console.log
      connection error: Error: disconnected from server
          at EventEmitter.<anonymous> (/data/Workspace/helios/starwards/modules/core/src/client/driver.ts:53:58)
          at /data/Workspace/helios/starwards/node_modules/colyseus.js/src/core/signal.ts:15:48
          at Array.forEach (<anonymous>)
          at EventEmitter.invoke (/data/Workspace/helios/starwards/node_modules/colyseus.js/src/core/signal.ts:15:19)
          at Function.register.invoke (/data/Workspace/helios/starwards/node_modules/colyseus.js/src/core/signal.ts:57:81)
          at WebSocket.connection.events.onclose (/data/Workspace/helios/starwards/node_modules/colyseus.js/src/Room.ts:89:30)
          at callListener (/data/Workspace/helios/starwards/node_modules/colyseus.js/node_modules/ws/lib/event-target.js:290:14)
          at WebSocket.onClose (/data/Workspace/helios/starwards/node_modules/colyseus.js/node_modules/ws/lib/event-target.js:220:9)
          at WebSocket.emit (node:events:524:28)
          at WebSocket.emitClose (/data/Workspace/helios/starwards/node_modules/colyseus.js/node_modules/ws/lib/websocket.js:272:10)
          at Socket.socketOnClose (/data/Workspace/helios/starwards/node_modules/colyseus.js/node_modules/ws/lib/websocket.js:1341:15)
          at Socket.emit (node:events:524:28)
          at TCP.<anonymous> (node:net:343:12)

      at ConnectionManager.onConnectionError (modules/core/src/client/connection-manager.ts:144:21)
          at Array.forEach (<anonymous>)

    console.log
      connection error: TypeError: Cannot read properties of undefined (reading 'decoder')
          at wireEvents (/data/Workspace/helios/starwards/node_modules/colyseus-events/src/wire-events.ts:30:40)
          at /data/Workspace/helios/starwards/modules/core/src/client/admin.ts:20:5
          at processTicksAndRejections (node:internal/process/task_queues:95:5)
          at /data/Workspace/helios/starwards/modules/core/src/client/connection-manager.ts:131:21

      at ConnectionManager.onConnectionError (modules/core/src/client/connection-manager.ts:144:21)

    console.log
      connection error: Error: disconnected from server
          at EventEmitter.<anonymous> (/data/Workspace/helios/starwards/modules/core/src/client/driver.ts:53:58)
          at /data/Workspace/helios/starwards/node_modules/colyseus.js/src/core/signal.ts:15:48
          at Array.forEach (<anonymous>)
          at EventEmitter.invoke (/data/Workspace/helios/starwards/node_modules/colyseus.js/src/core/signal.ts:15:19)
          at Function.register.invoke (/data/Workspace/helios/starwards/node_modules/colyseus.js/src/core/signal.ts:57:81)
          at WebSocket.connection.events.onclose (/data/Workspace/helios/starwards/node_modules/colyseus.js/src/Room.ts:89:30)
          at callListener (/data/Workspace/helios/starwards/node_modules/colyseus.js/node_modules/ws/lib/event-target.js:290:14)
          at WebSocket.onClose (/data/Workspace/helios/starwards/node_modules/colyseus.js/node_modules/ws/lib/event-target.js:220:9)
          at WebSocket.emit (node:events:524:28)
          at WebSocket.emitClose (/data/Workspace/helios/starwards/node_modules/colyseus.js/node_modules/ws/lib/websocket.js:272:10)
          at Socket.socketOnClose (/data/Workspace/helios/starwards/node_modules/colyseus.js/node_modules/ws/lib/websocket.js:1341:15)
          at Socket.emit (node:events:524:28)
          at TCP.<anonymous> (node:net:343:12)

      at ConnectionManager.onConnectionError (modules/core/src/client/connection-manager.ts:144:21)
          at Array.forEach (<anonymous>)

    console.log
      connection error: TypeError: Cannot read properties of undefined (reading 'decoder')
          at wireEvents (/data/Workspace/helios/starwards/node_modules/colyseus-events/src/wire-events.ts:30:40)
          at /data/Workspace/helios/starwards/modules/core/src/client/admin.ts:20:5
          at processTicksAndRejections (node:internal/process/task_queues:95:5)
          at /data/Workspace/helios/starwards/modules/core/src/client/connection-manager.ts:131:21

      at ConnectionManager.onConnectionError (modules/core/src/client/connection-manager.ts:144:21)

    console.log
      connection error: Error: disconnected from server
          at EventEmitter.<anonymous> (/data/Workspace/helios/starwards/modules/core/src/client/driver.ts:53:58)
          at /data/Workspace/helios/starwards/node_modules/colyseus.js/src/core/signal.ts:15:48
          at Array.forEach (<anonymous>)
          at EventEmitter.invoke (/data/Workspace/helios/starwards/node_modules/colyseus.js/src/core/signal.ts:15:19)
          at Function.register.invoke (/data/Workspace/helios/starwards/node_modules/colyseus.js/src/core/signal.ts:57:81)
          at WebSocket.connection.events.onclose (/data/Workspace/helios/starwards/node_modules/colyseus.js/src/Room.ts:89:30)
          at callListener (/data/Workspace/helios/starwards/node_modules/colyseus.js/node_modules/ws/lib/event-target.js:290:14)
          at WebSocket.onClose (/data/Workspace/helios/starwards/node_modules/colyseus.js/node_modules/ws/lib/event-target.js:220:9)
          at WebSocket.emit (node:events:524:28)
          at WebSocket.emitClose (/data/Workspace/helios/starwards/node_modules/colyseus.js/node_modules/ws/lib/websocket.js:272:10)
          at Socket.socketOnClose (/data/Workspace/helios/starwards/node_modules/colyseus.js/node_modules/ws/lib/websocket.js:1341:15)
          at Socket.emit (node:events:524:28)
          at TCP.<anonymous> (node:net:343:12)

      at ConnectionManager.onConnectionError (modules/core/src/client/connection-manager.ts:144:21)
          at Array.forEach (<anonymous>)

    console.log
      connection error: TypeError: Cannot read properties of undefined (reading 'decoder')
          at wireEvents (/data/Workspace/helios/starwards/node_modules/colyseus-events/src/wire-events.ts:30:40)
          at /data/Workspace/helios/starwards/modules/core/src/client/admin.ts:20:5
          at processTicksAndRejections (node:internal/process/task_queues:95:5)
          at /data/Workspace/helios/starwards/modules/core/src/client/connection-manager.ts:131:21

      at ConnectionManager.onConnectionError (modules/core/src/client/connection-manager.ts:144:21)

    console.log
      connection error: Error: disconnected from server
          at EventEmitter.<anonymous> (/data/Workspace/helios/starwards/modules/core/src/client/driver.ts:53:58)
          at /data/Workspace/helios/starwards/node_modules/colyseus.js/src/core/signal.ts:15:48
          at Array.forEach (<anonymous>)
          at EventEmitter.invoke (/data/Workspace/helios/starwards/node_modules/colyseus.js/src/core/signal.ts:15:19)
          at Function.register.invoke (/data/Workspace/helios/starwards/node_modules/colyseus.js/src/core/signal.ts:57:81)
          at WebSocket.connection.events.onclose (/data/Workspace/helios/starwards/node_modules/colyseus.js/src/Room.ts:89:30)
          at callListener (/data/Workspace/helios/starwards/node_modules/colyseus.js/node_modules/ws/lib/event-target.js:290:14)
          at WebSocket.onClose (/data/Workspace/helios/starwards/node_modules/colyseus.js/node_modules/ws/lib/event-target.js:220:9)
          at WebSocket.emit (node:events:524:28)
          at WebSocket.emitClose (/data/Workspace/helios/starwards/node_modules/colyseus.js/node_modules/ws/lib/websocket.js:272:10)
          at Socket.socketOnClose (/data/Workspace/helios/starwards/node_modules/colyseus.js/node_modules/ws/lib/websocket.js:1341:15)
          at Socket.emit (node:events:524:28)
          at TCP.<anonymous> (node:net:343:12)

      at ConnectionManager.onConnectionError (modules/core/src/client/connection-manager.ts:144:21)
          at Array.forEach (<anonymous>)

    console.log
      connection error: TypeError: Cannot read properties of undefined (reading 'decoder')
          at wireEvents (/data/Workspace/helios/starwards/node_modules/colyseus-events/src/wire-events.ts:30:40)
          at /data/Workspace/helios/starwards/modules/core/src/client/admin.ts:20:5
          at processTicksAndRejections (node:internal/process/task_queues:95:5)
          at /data/Workspace/helios/starwards/modules/core/src/client/connection-manager.ts:131:21

      at ConnectionManager.onConnectionError (modules/core/src/client/connection-manager.ts:144:21)

    console.log
      connection error: Error: disconnected from server
          at EventEmitter.<anonymous> (/data/Workspace/helios/starwards/modules/core/src/client/driver.ts:53:58)
          at /data/Workspace/helios/starwards/node_modules/colyseus.js/src/core/signal.ts:15:48
          at Array.forEach (<anonymous>)
          at EventEmitter.invoke (/data/Workspace/helios/starwards/node_modules/colyseus.js/src/core/signal.ts:15:19)
          at Function.register.invoke (/data/Workspace/helios/starwards/node_modules/colyseus.js/src/core/signal.ts:57:81)
          at WebSocket.connection.events.onclose (/data/Workspace/helios/starwards/node_modules/colyseus.js/src/Room.ts:89:30)
          at callListener (/data/Workspace/helios/starwards/node_modules/colyseus.js/node_modules/ws/lib/event-target.js:290:14)
          at WebSocket.onClose (/data/Workspace/helios/starwards/node_modules/colyseus.js/node_modules/ws/lib/event-target.js:220:9)
          at WebSocket.emit (node:events:524:28)
          at WebSocket.emitClose (/data/Workspace/helios/starwards/node_modules/colyseus.js/node_modules/ws/lib/websocket.js:272:10)
          at Socket.socketOnClose (/data/Workspace/helios/starwards/node_modules/colyseus.js/node_modules/ws/lib/websocket.js:1341:15)
          at Socket.emit (node:events:524:28)
          at TCP.<anonymous> (node:net:343:12)

      at ConnectionManager.onConnectionError (modules/core/src/client/connection-manager.ts:144:21)
          at Array.forEach (<anonymous>)

    console.log
      connection error: TypeError: Cannot read properties of undefined (reading 'decoder')
          at wireEvents (/data/Workspace/helios/starwards/node_modules/colyseus-events/src/wire-events.ts:30:40)
          at /data/Workspace/helios/starwards/modules/core/src/client/admin.ts:20:5
          at processTicksAndRejections (node:internal/process/task_queues:95:5)
          at /data/Workspace/helios/starwards/modules/core/src/client/connection-manager.ts:131:21

      at ConnectionManager.onConnectionError (modules/core/src/client/connection-manager.ts:144:21)

    console.log
      connection error: Error: disconnected from server
          at EventEmitter.<anonymous> (/data/Workspace/helios/starwards/modules/core/src/client/driver.ts:53:58)
          at /data/Workspace/helios/starwards/node_modules/colyseus.js/src/core/signal.ts:15:48
          at Array.forEach (<anonymous>)
          at EventEmitter.invoke (/data/Workspace/helios/starwards/node_modules/colyseus.js/src/core/signal.ts:15:19)
          at Function.register.invoke (/data/Workspace/helios/starwards/node_modules/colyseus.js/src/core/signal.ts:57:81)
          at WebSocket.connection.events.onclose (/data/Workspace/helios/starwards/node_modules/colyseus.js/src/Room.ts:89:30)
          at callListener (/data/Workspace/helios/starwards/node_modules/colyseus.js/node_modules/ws/lib/event-target.js:290:14)
          at WebSocket.onClose (/data/Workspace/helios/starwards/node_modules/colyseus.js/node_modules/ws/lib/event-target.js:220:9)
          at WebSocket.emit (node:events:524:28)
          at WebSocket.emitClose (/data/Workspace/helios/starwards/node_modules/colyseus.js/node_modules/ws/lib/websocket.js:272:10)
          at Socket.socketOnClose (/data/Workspace/helios/starwards/node_modules/colyseus.js/node_modules/ws/lib/websocket.js:1341:15)
          at Socket.emit (node:events:524:28)
          at TCP.<anonymous> (node:net:343:12)

      at ConnectionManager.onConnectionError (modules/core/src/client/connection-manager.ts:144:21)
          at Array.forEach (<anonymous>)

    console.log
      connection error: TypeError: Cannot read properties of undefined (reading 'decoder')
          at wireEvents (/data/Workspace/helios/starwards/node_modules/colyseus-events/src/wire-events.ts:30:40)
          at /data/Workspace/helios/starwards/modules/core/src/client/admin.ts:20:5
          at processTicksAndRejections (node:internal/process/task_queues:95:5)
          at /data/Workspace/helios/starwards/modules/core/src/client/connection-manager.ts:131:21

      at ConnectionManager.onConnectionError (modules/core/src/client/connection-manager.ts:144:21)

    console.log
      connection error: Error: disconnected from server
          at EventEmitter.<anonymous> (/data/Workspace/helios/starwards/modules/core/src/client/driver.ts:53:58)
          at /data/Workspace/helios/starwards/node_modules/colyseus.js/src/core/signal.ts:15:48
          at Array.forEach (<anonymous>)
          at EventEmitter.invoke (/data/Workspace/helios/starwards/node_modules/colyseus.js/src/core/signal.ts:15:19)
          at Function.register.invoke (/data/Workspace/helios/starwards/node_modules/colyseus.js/src/core/signal.ts:57:81)
          at WebSocket.connection.events.onclose (/data/Workspace/helios/starwards/node_modules/colyseus.js/src/Room.ts:89:30)
          at callListener (/data/Workspace/helios/starwards/node_modules/colyseus.js/node_modules/ws/lib/event-target.js:290:14)
          at WebSocket.onClose (/data/Workspace/helios/starwards/node_modules/colyseus.js/node_modules/ws/lib/event-target.js:220:9)
          at WebSocket.emit (node:events:524:28)
          at WebSocket.emitClose (/data/Workspace/helios/starwards/node_modules/colyseus.js/node_modules/ws/lib/websocket.js:272:10)
          at Socket.socketOnClose (/data/Workspace/helios/starwards/node_modules/colyseus.js/node_modules/ws/lib/websocket.js:1341:15)
          at Socket.emit (node:events:524:28)
          at TCP.<anonymous> (node:net:343:12)

      at ConnectionManager.onConnectionError (modules/core/src/client/connection-manager.ts:144:21)
          at Array.forEach (<anonymous>)

    console.log
      connection error: TypeError: Cannot read properties of undefined (reading 'decoder')
          at wireEvents (/data/Workspace/helios/starwards/node_modules/colyseus-events/src/wire-events.ts:30:40)
          at /data/Workspace/helios/starwards/modules/core/src/client/admin.ts:20:5
          at processTicksAndRejections (node:internal/process/task_queues:95:5)
          at /data/Workspace/helios/starwards/modules/core/src/client/connection-manager.ts:131:21

      at ConnectionManager.onConnectionError (modules/core/src/client/connection-manager.ts:144:21)

    console.log
      connection error: Error: disconnected from server
          at EventEmitter.<anonymous> (/data/Workspace/helios/starwards/modules/core/src/client/driver.ts:53:58)
          at /data/Workspace/helios/starwards/node_modules/colyseus.js/src/core/signal.ts:15:48
          at Array.forEach (<anonymous>)
          at EventEmitter.invoke (/data/Workspace/helios/starwards/node_modules/colyseus.js/src/core/signal.ts:15:19)
          at Function.register.invoke (/data/Workspace/helios/starwards/node_modules/colyseus.js/src/core/signal.ts:57:81)
          at WebSocket.connection.events.onclose (/data/Workspace/helios/starwards/node_modules/colyseus.js/src/Room.ts:89:30)
          at callListener (/data/Workspace/helios/starwards/node_modules/colyseus.js/node_modules/ws/lib/event-target.js:290:14)
          at WebSocket.onClose (/data/Workspace/helios/starwards/node_modules/colyseus.js/node_modules/ws/lib/event-target.js:220:9)
          at WebSocket.emit (node:events:524:28)
          at WebSocket.emitClose (/data/Workspace/helios/starwards/node_modules/colyseus.js/node_modules/ws/lib/websocket.js:272:10)
          at Socket.socketOnClose (/data/Workspace/helios/starwards/node_modules/colyseus.js/node_modules/ws/lib/websocket.js:1341:15)
          at Socket.emit (node:events:524:28)
          at TCP.<anonymous> (node:net:343:12)

      at ConnectionManager.onConnectionError (modules/core/src/client/connection-manager.ts:144:21)
          at Array.forEach (<anonymous>)

    console.log
      connection error: TypeError: Cannot read properties of undefined (reading 'decoder')
          at wireEvents (/data/Workspace/helios/starwards/node_modules/colyseus-events/src/wire-events.ts:30:40)
          at /data/Workspace/helios/starwards/modules/core/src/client/admin.ts:20:5
          at processTicksAndRejections (node:internal/process/task_queues:95:5)
          at /data/Workspace/helios/starwards/modules/core/src/client/connection-manager.ts:131:21

      at ConnectionManager.onConnectionError (modules/core/src/client/connection-manager.ts:144:21)

    console.log
      connection error: Error: disconnected from server
          at EventEmitter.<anonymous> (/data/Workspace/helios/starwards/modules/core/src/client/driver.ts:53:58)
          at /data/Workspace/helios/starwards/node_modules/colyseus.js/src/core/signal.ts:15:48
          at Array.forEach (<anonymous>)
          at EventEmitter.invoke (/data/Workspace/helios/starwards/node_modules/colyseus.js/src/core/signal.ts:15:19)
          at Function.register.invoke (/data/Workspace/helios/starwards/node_modules/colyseus.js/src/core/signal.ts:57:81)
          at WebSocket.connection.events.onclose (/data/Workspace/helios/starwards/node_modules/colyseus.js/src/Room.ts:89:30)
          at callListener (/data/Workspace/helios/starwards/node_modules/colyseus.js/node_modules/ws/lib/event-target.js:290:14)
          at WebSocket.onClose (/data/Workspace/helios/starwards/node_modules/colyseus.js/node_modules/ws/lib/event-target.js:220:9)
          at WebSocket.emit (node:events:524:28)
          at WebSocket.emitClose (/data/Workspace/helios/starwards/node_modules/colyseus.js/node_modules/ws/lib/websocket.js:272:10)
          at Socket.socketOnClose (/data/Workspace/helios/starwards/node_modules/colyseus.js/node_modules/ws/lib/websocket.js:1341:15)
          at Socket.emit (node:events:524:28)
          at TCP.<anonymous> (node:net:343:12)

      at ConnectionManager.onConnectionError (modules/core/src/client/connection-manager.ts:144:21)
          at Array.forEach (<anonymous>)

    console.log
      connection error: TypeError: Cannot read properties of undefined (reading 'decoder')
          at wireEvents (/data/Workspace/helios/starwards/node_modules/colyseus-events/src/wire-events.ts:30:40)
          at /data/Workspace/helios/starwards/modules/core/src/client/admin.ts:20:5
          at processTicksAndRejections (node:internal/process/task_queues:95:5)
          at /data/Workspace/helios/starwards/modules/core/src/client/connection-manager.ts:131:21

      at ConnectionManager.onConnectionError (modules/core/src/client/connection-manager.ts:144:21)

    console.log
      connection error: Error: disconnected from server
          at EventEmitter.<anonymous> (/data/Workspace/helios/starwards/modules/core/src/client/driver.ts:53:58)
          at /data/Workspace/helios/starwards/node_modules/colyseus.js/src/core/signal.ts:15:48
          at Array.forEach (<anonymous>)
          at EventEmitter.invoke (/data/Workspace/helios/starwards/node_modules/colyseus.js/src/core/signal.ts:15:19)
          at Function.register.invoke (/data/Workspace/helios/starwards/node_modules/colyseus.js/src/core/signal.ts:57:81)
          at WebSocket.connection.events.onclose (/data/Workspace/helios/starwards/node_modules/colyseus.js/src/Room.ts:89:30)
          at callListener (/data/Workspace/helios/starwards/node_modules/colyseus.js/node_modules/ws/lib/event-target.js:290:14)
          at WebSocket.onClose (/data/Workspace/helios/starwards/node_modules/colyseus.js/node_modules/ws/lib/event-target.js:220:9)
          at WebSocket.emit (node:events:524:28)
          at WebSocket.emitClose (/data/Workspace/helios/starwards/node_modules/colyseus.js/node_modules/ws/lib/websocket.js:272:10)
          at Socket.socketOnClose (/data/Workspace/helios/starwards/node_modules/colyseus.js/node_modules/ws/lib/websocket.js:1341:15)
          at Socket.emit (node:events:524:28)
          at TCP.<anonymous> (node:net:343:12)

      at ConnectionManager.onConnectionError (modules/core/src/client/connection-manager.ts:144:21)
          at Array.forEach (<anonymous>)

    console.log
      connection error: TypeError: Cannot read properties of undefined (reading 'decoder')
          at wireEvents (/data/Workspace/helios/starwards/node_modules/colyseus-events/src/wire-events.ts:30:40)
          at /data/Workspace/helios/starwards/modules/core/src/client/admin.ts:20:5
          at processTicksAndRejections (node:internal/process/task_queues:95:5)
          at /data/Workspace/helios/starwards/modules/core/src/client/connection-manager.ts:131:21

      at ConnectionManager.onConnectionError (modules/core/src/client/connection-manager.ts:144:21)

    console.log
      connection error: Error: disconnected from server
          at EventEmitter.<anonymous> (/data/Workspace/helios/starwards/modules/core/src/client/driver.ts:53:58)
          at /data/Workspace/helios/starwards/node_modules/colyseus.js/src/core/signal.ts:15:48
          at Array.forEach (<anonymous>)
          at EventEmitter.invoke (/data/Workspace/helios/starwards/node_modules/colyseus.js/src/core/signal.ts:15:19)
          at Function.register.invoke (/data/Workspace/helios/starwards/node_modules/colyseus.js/src/core/signal.ts:57:81)
          at WebSocket.connection.events.onclose (/data/Workspace/helios/starwards/node_modules/colyseus.js/src/Room.ts:89:30)
          at callListener (/data/Workspace/helios/starwards/node_modules/colyseus.js/node_modules/ws/lib/event-target.js:290:14)
          at WebSocket.onClose (/data/Workspace/helios/starwards/node_modules/colyseus.js/node_modules/ws/lib/event-target.js:220:9)
          at WebSocket.emit (node:events:524:28)
          at WebSocket.emitClose (/data/Workspace/helios/starwards/node_modules/colyseus.js/node_modules/ws/lib/websocket.js:272:10)
          at Socket.socketOnClose (/data/Workspace/helios/starwards/node_modules/colyseus.js/node_modules/ws/lib/websocket.js:1341:15)
          at Socket.emit (node:events:524:28)
          at TCP.<anonymous> (node:net:343:12)

      at ConnectionManager.onConnectionError (modules/core/src/client/connection-manager.ts:144:21)
          at Array.forEach (<anonymous>)

    console.log
      connection error: TypeError: Cannot read properties of undefined (reading 'decoder')
          at wireEvents (/data/Workspace/helios/starwards/node_modules/colyseus-events/src/wire-events.ts:30:40)
          at /data/Workspace/helios/starwards/modules/core/src/client/admin.ts:20:5
          at processTicksAndRejections (node:internal/process/task_queues:95:5)
          at /data/Workspace/helios/starwards/modules/core/src/client/connection-manager.ts:131:21

      at ConnectionManager.onConnectionError (modules/core/src/client/connection-manager.ts:144:21)

    console.log
      connection error: Error: disconnected from server
          at EventEmitter.<anonymous> (/data/Workspace/helios/starwards/modules/core/src/client/driver.ts:53:58)
          at /data/Workspace/helios/starwards/node_modules/colyseus.js/src/core/signal.ts:15:48
          at Array.forEach (<anonymous>)
          at EventEmitter.invoke (/data/Workspace/helios/starwards/node_modules/colyseus.js/src/core/signal.ts:15:19)
          at Function.register.invoke (/data/Workspace/helios/starwards/node_modules/colyseus.js/src/core/signal.ts:57:81)
          at WebSocket.connection.events.onclose (/data/Workspace/helios/starwards/node_modules/colyseus.js/src/Room.ts:89:30)
          at callListener (/data/Workspace/helios/starwards/node_modules/colyseus.js/node_modules/ws/lib/event-target.js:290:14)
          at WebSocket.onClose (/data/Workspace/helios/starwards/node_modules/colyseus.js/node_modules/ws/lib/event-target.js:220:9)
          at WebSocket.emit (node:events:524:28)
          at WebSocket.emitClose (/data/Workspace/helios/starwards/node_modules/colyseus.js/node_modules/ws/lib/websocket.js:272:10)
          at Socket.socketOnClose (/data/Workspace/helios/starwards/node_modules/colyseus.js/node_modules/ws/lib/websocket.js:1341:15)
          at Socket.emit (node:events:524:28)
          at TCP.<anonymous> (node:net:343:12)

      at ConnectionManager.onConnectionError (modules/core/src/client/connection-manager.ts:144:21)
          at Array.forEach (<anonymous>)

    console.log
      connection error: TypeError: Cannot read properties of undefined (reading 'decoder')
          at wireEvents (/data/Workspace/helios/starwards/node_modules/colyseus-events/src/wire-events.ts:30:40)
          at /data/Workspace/helios/starwards/modules/core/src/client/admin.ts:20:5
          at processTicksAndRejections (node:internal/process/task_queues:95:5)
          at /data/Workspace/helios/starwards/modules/core/src/client/connection-manager.ts:131:21

      at ConnectionManager.onConnectionError (modules/core/src/client/connection-manager.ts:144:21)

    console.log
      connection error: Error: disconnected from server
          at EventEmitter.<anonymous> (/data/Workspace/helios/starwards/modules/core/src/client/driver.ts:53:58)
          at /data/Workspace/helios/starwards/node_modules/colyseus.js/src/core/signal.ts:15:48
          at Array.forEach (<anonymous>)
          at EventEmitter.invoke (/data/Workspace/helios/starwards/node_modules/colyseus.js/src/core/signal.ts:15:19)
          at Function.register.invoke (/data/Workspace/helios/starwards/node_modules/colyseus.js/src/core/signal.ts:57:81)
          at WebSocket.connection.events.onclose (/data/Workspace/helios/starwards/node_modules/colyseus.js/src/Room.ts:89:30)
          at callListener (/data/Workspace/helios/starwards/node_modules/colyseus.js/node_modules/ws/lib/event-target.js:290:14)
          at WebSocket.onClose (/data/Workspace/helios/starwards/node_modules/colyseus.js/node_modules/ws/lib/event-target.js:220:9)
          at WebSocket.emit (node:events:524:28)
          at WebSocket.emitClose (/data/Workspace/helios/starwards/node_modules/colyseus.js/node_modules/ws/lib/websocket.js:272:10)
          at Socket.socketOnClose (/data/Workspace/helios/starwards/node_modules/colyseus.js/node_modules/ws/lib/websocket.js:1341:15)
          at Socket.emit (node:events:524:28)
          at TCP.<anonymous> (node:net:343:12)

      at ConnectionManager.onConnectionError (modules/core/src/client/connection-manager.ts:144:21)
          at Array.forEach (<anonymous>)

    console.log
      connection error: TypeError: Cannot read properties of undefined (reading 'decoder')
          at wireEvents (/data/Workspace/helios/starwards/node_modules/colyseus-events/src/wire-events.ts:30:40)
          at /data/Workspace/helios/starwards/modules/core/src/client/admin.ts:20:5
          at processTicksAndRejections (node:internal/process/task_queues:95:5)
          at /data/Workspace/helios/starwards/modules/core/src/client/connection-manager.ts:131:21

      at ConnectionManager.onConnectionError (modules/core/src/client/connection-manager.ts:144:21)

    console.log
      connection error: Error: disconnected from server
          at EventEmitter.<anonymous> (/data/Workspace/helios/starwards/modules/core/src/client/driver.ts:53:58)
          at /data/Workspace/helios/starwards/node_modules/colyseus.js/src/core/signal.ts:15:48
          at Array.forEach (<anonymous>)
          at EventEmitter.invoke (/data/Workspace/helios/starwards/node_modules/colyseus.js/src/core/signal.ts:15:19)
          at Function.register.invoke (/data/Workspace/helios/starwards/node_modules/colyseus.js/src/core/signal.ts:57:81)
          at WebSocket.connection.events.onclose (/data/Workspace/helios/starwards/node_modules/colyseus.js/src/Room.ts:89:30)
          at callListener (/data/Workspace/helios/starwards/node_modules/colyseus.js/node_modules/ws/lib/event-target.js:290:14)
          at WebSocket.onClose (/data/Workspace/helios/starwards/node_modules/colyseus.js/node_modules/ws/lib/event-target.js:220:9)
          at WebSocket.emit (node:events:524:28)
          at WebSocket.emitClose (/data/Workspace/helios/starwards/node_modules/colyseus.js/node_modules/ws/lib/websocket.js:272:10)
          at Socket.socketOnClose (/data/Workspace/helios/starwards/node_modules/colyseus.js/node_modules/ws/lib/websocket.js:1341:15)
          at Socket.emit (node:events:524:28)
          at TCP.<anonymous> (node:net:343:12)

      at ConnectionManager.onConnectionError (modules/core/src/client/connection-manager.ts:144:21)
          at Array.forEach (<anonymous>)

    console.log
      connection error: TypeError: Cannot read properties of undefined (reading 'decoder')
          at wireEvents (/data/Workspace/helios/starwards/node_modules/colyseus-events/src/wire-events.ts:30:40)
          at /data/Workspace/helios/starwards/modules/core/src/client/admin.ts:20:5
          at processTicksAndRejections (node:internal/process/task_queues:95:5)
          at /data/Workspace/helios/starwards/modules/core/src/client/connection-manager.ts:131:21

      at ConnectionManager.onConnectionError (modules/core/src/client/connection-manager.ts:144:21)

    console.log
      connection error: Error: disconnected from server
          at EventEmitter.<anonymous> (/data/Workspace/helios/starwards/modules/core/src/client/driver.ts:53:58)
          at /data/Workspace/helios/starwards/node_modules/colyseus.js/src/core/signal.ts:15:48
          at Array.forEach (<anonymous>)
          at EventEmitter.invoke (/data/Workspace/helios/starwards/node_modules/colyseus.js/src/core/signal.ts:15:19)
          at Function.register.invoke (/data/Workspace/helios/starwards/node_modules/colyseus.js/src/core/signal.ts:57:81)
          at WebSocket.connection.events.onclose (/data/Workspace/helios/starwards/node_modules/colyseus.js/src/Room.ts:89:30)
          at callListener (/data/Workspace/helios/starwards/node_modules/colyseus.js/node_modules/ws/lib/event-target.js:290:14)
          at WebSocket.onClose (/data/Workspace/helios/starwards/node_modules/colyseus.js/node_modules/ws/lib/event-target.js:220:9)
          at WebSocket.emit (node:events:524:28)
          at WebSocket.emitClose (/data/Workspace/helios/starwards/node_modules/colyseus.js/node_modules/ws/lib/websocket.js:272:10)
          at Socket.socketOnClose (/data/Workspace/helios/starwards/node_modules/colyseus.js/node_modules/ws/lib/websocket.js:1341:15)
          at Socket.emit (node:events:524:28)
          at TCP.<anonymous> (node:net:343:12)

      at ConnectionManager.onConnectionError (modules/core/src/client/connection-manager.ts:144:21)
          at Array.forEach (<anonymous>)

    console.log
      connection error: TypeError: Cannot read properties of undefined (reading 'decoder')
          at wireEvents (/data/Workspace/helios/starwards/node_modules/colyseus-events/src/wire-events.ts:30:40)
          at /data/Workspace/helios/starwards/modules/core/src/client/admin.ts:20:5
          at processTicksAndRejections (node:internal/process/task_queues:95:5)
          at /data/Workspace/helios/starwards/modules/core/src/client/connection-manager.ts:131:21

      at ConnectionManager.onConnectionError (modules/core/src/client/connection-manager.ts:144:21)

    console.log
      connection error: Error: disconnected from server
          at EventEmitter.<anonymous> (/data/Workspace/helios/starwards/modules/core/src/client/driver.ts:53:58)
          at /data/Workspace/helios/starwards/node_modules/colyseus.js/src/core/signal.ts:15:48
          at Array.forEach (<anonymous>)
          at EventEmitter.invoke (/data/Workspace/helios/starwards/node_modules/colyseus.js/src/core/signal.ts:15:19)
          at Function.register.invoke (/data/Workspace/helios/starwards/node_modules/colyseus.js/src/core/signal.ts:57:81)
          at WebSocket.connection.events.onclose (/data/Workspace/helios/starwards/node_modules/colyseus.js/src/Room.ts:89:30)
          at callListener (/data/Workspace/helios/starwards/node_modules/colyseus.js/node_modules/ws/lib/event-target.js:290:14)
          at WebSocket.onClose (/data/Workspace/helios/starwards/node_modules/colyseus.js/node_modules/ws/lib/event-target.js:220:9)
          at WebSocket.emit (node:events:524:28)
          at WebSocket.emitClose (/data/Workspace/helios/starwards/node_modules/colyseus.js/node_modules/ws/lib/websocket.js:272:10)
          at Socket.socketOnClose (/data/Workspace/helios/starwards/node_modules/colyseus.js/node_modules/ws/lib/websocket.js:1341:15)
          at Socket.emit (node:events:524:28)
          at TCP.<anonymous> (node:net:343:12)

      at ConnectionManager.onConnectionError (modules/core/src/client/connection-manager.ts:144:21)
          at Array.forEach (<anonymous>)

    console.log
      connection error: TypeError: Cannot read properties of undefined (reading 'decoder')
          at wireEvents (/data/Workspace/helios/starwards/node_modules/colyseus-events/src/wire-events.ts:30:40)
          at /data/Workspace/helios/starwards/modules/core/src/client/admin.ts:20:5
          at processTicksAndRejections (node:internal/process/task_queues:95:5)
          at /data/Workspace/helios/starwards/modules/core/src/client/connection-manager.ts:131:21

      at ConnectionManager.onConnectionError (modules/core/src/client/connection-manager.ts:144:21)

    console.log
      connection error: Error: disconnected from server
          at EventEmitter.<anonymous> (/data/Workspace/helios/starwards/modules/core/src/client/driver.ts:53:58)
          at /data/Workspace/helios/starwards/node_modules/colyseus.js/src/core/signal.ts:15:48
          at Array.forEach (<anonymous>)
          at EventEmitter.invoke (/data/Workspace/helios/starwards/node_modules/colyseus.js/src/core/signal.ts:15:19)
          at Function.register.invoke (/data/Workspace/helios/starwards/node_modules/colyseus.js/src/core/signal.ts:57:81)
          at WebSocket.connection.events.onclose (/data/Workspace/helios/starwards/node_modules/colyseus.js/src/Room.ts:89:30)
          at callListener (/data/Workspace/helios/starwards/node_modules/colyseus.js/node_modules/ws/lib/event-target.js:290:14)
          at WebSocket.onClose (/data/Workspace/helios/starwards/node_modules/colyseus.js/node_modules/ws/lib/event-target.js:220:9)
          at WebSocket.emit (node:events:524:28)
          at WebSocket.emitClose (/data/Workspace/helios/starwards/node_modules/colyseus.js/node_modules/ws/lib/websocket.js:272:10)
          at Socket.socketOnClose (/data/Workspace/helios/starwards/node_modules/colyseus.js/node_modules/ws/lib/websocket.js:1341:15)
          at Socket.emit (node:events:524:28)
          at TCP.<anonymous> (node:net:343:12)

      at ConnectionManager.onConnectionError (modules/core/src/client/connection-manager.ts:144:21)
          at Array.forEach (<anonymous>)

    console.log
      connection error: TypeError: Cannot read properties of undefined (reading 'decoder')
          at wireEvents (/data/Workspace/helios/starwards/node_modules/colyseus-events/src/wire-events.ts:30:40)
          at /data/Workspace/helios/starwards/modules/core/src/client/admin.ts:20:5
          at processTicksAndRejections (node:internal/process/task_queues:95:5)
          at /data/Workspace/helios/starwards/modules/core/src/client/connection-manager.ts:131:21

      at ConnectionManager.onConnectionError (modules/core/src/client/connection-manager.ts:144:21)

    console.log
      connection error: Error: disconnected from server
          at EventEmitter.<anonymous> (/data/Workspace/helios/starwards/modules/core/src/client/driver.ts:53:58)
          at /data/Workspace/helios/starwards/node_modules/colyseus.js/src/core/signal.ts:15:48
          at Array.forEach (<anonymous>)
          at EventEmitter.invoke (/data/Workspace/helios/starwards/node_modules/colyseus.js/src/core/signal.ts:15:19)
          at Function.register.invoke (/data/Workspace/helios/starwards/node_modules/colyseus.js/src/core/signal.ts:57:81)
          at WebSocket.connection.events.onclose (/data/Workspace/helios/starwards/node_modules/colyseus.js/src/Room.ts:89:30)
          at callListener (/data/Workspace/helios/starwards/node_modules/colyseus.js/node_modules/ws/lib/event-target.js:290:14)
          at WebSocket.onClose (/data/Workspace/helios/starwards/node_modules/colyseus.js/node_modules/ws/lib/event-target.js:220:9)
          at WebSocket.emit (node:events:524:28)
          at WebSocket.emitClose (/data/Workspace/helios/starwards/node_modules/colyseus.js/node_modules/ws/lib/websocket.js:272:10)
          at Socket.socketOnClose (/data/Workspace/helios/starwards/node_modules/colyseus.js/node_modules/ws/lib/websocket.js:1341:15)
          at Socket.emit (node:events:524:28)
          at TCP.<anonymous> (node:net:343:12)

      at ConnectionManager.onConnectionError (modules/core/src/client/connection-manager.ts:144:21)
          at Array.forEach (<anonymous>)

    console.log
      connection error: TypeError: Cannot read properties of undefined (reading 'decoder')
          at wireEvents (/data/Workspace/helios/starwards/node_modules/colyseus-events/src/wire-events.ts:30:40)
          at /data/Workspace/helios/starwards/modules/core/src/client/admin.ts:20:5
          at processTicksAndRejections (node:internal/process/task_queues:95:5)
          at /data/Workspace/helios/starwards/modules/core/src/client/connection-manager.ts:131:21

      at ConnectionManager.onConnectionError (modules/core/src/client/connection-manager.ts:144:21)

    console.log
      connection error: Error: disconnected from server
          at EventEmitter.<anonymous> (/data/Workspace/helios/starwards/modules/core/src/client/driver.ts:53:58)
          at /data/Workspace/helios/starwards/node_modules/colyseus.js/src/core/signal.ts:15:48
          at Array.forEach (<anonymous>)
          at EventEmitter.invoke (/data/Workspace/helios/starwards/node_modules/colyseus.js/src/core/signal.ts:15:19)
          at Function.register.invoke (/data/Workspace/helios/starwards/node_modules/colyseus.js/src/core/signal.ts:57:81)
          at WebSocket.connection.events.onclose (/data/Workspace/helios/starwards/node_modules/colyseus.js/src/Room.ts:89:30)
          at callListener (/data/Workspace/helios/starwards/node_modules/colyseus.js/node_modules/ws/lib/event-target.js:290:14)
          at WebSocket.onClose (/data/Workspace/helios/starwards/node_modules/colyseus.js/node_modules/ws/lib/event-target.js:220:9)
          at WebSocket.emit (node:events:524:28)
          at WebSocket.emitClose (/data/Workspace/helios/starwards/node_modules/colyseus.js/node_modules/ws/lib/websocket.js:272:10)
          at Socket.socketOnClose (/data/Workspace/helios/starwards/node_modules/colyseus.js/node_modules/ws/lib/websocket.js:1341:15)
          at Socket.emit (node:events:524:28)
          at TCP.<anonymous> (node:net:343:12)

      at ConnectionManager.onConnectionError (modules/core/src/client/connection-manager.ts:144:21)
          at Array.forEach (<anonymous>)

    console.log
      connection error: TypeError: Cannot read properties of undefined (reading 'decoder')
          at wireEvents (/data/Workspace/helios/starwards/node_modules/colyseus-events/src/wire-events.ts:30:40)
          at /data/Workspace/helios/starwards/modules/core/src/client/admin.ts:20:5
          at processTicksAndRejections (node:internal/process/task_queues:95:5)
          at /data/Workspace/helios/starwards/modules/core/src/client/connection-manager.ts:131:21

      at ConnectionManager.onConnectionError (modules/core/src/client/connection-manager.ts:144:21)

    console.log
      connection error: Error: disconnected from server
          at EventEmitter.<anonymous> (/data/Workspace/helios/starwards/modules/core/src/client/driver.ts:53:58)
          at /data/Workspace/helios/starwards/node_modules/colyseus.js/src/core/signal.ts:15:48
          at Array.forEach (<anonymous>)
          at EventEmitter.invoke (/data/Workspace/helios/starwards/node_modules/colyseus.js/src/core/signal.ts:15:19)
          at Function.register.invoke (/data/Workspace/helios/starwards/node_modules/colyseus.js/src/core/signal.ts:57:81)
          at WebSocket.connection.events.onclose (/data/Workspace/helios/starwards/node_modules/colyseus.js/src/Room.ts:89:30)
          at callListener (/data/Workspace/helios/starwards/node_modules/colyseus.js/node_modules/ws/lib/event-target.js:290:14)
          at WebSocket.onClose (/data/Workspace/helios/starwards/node_modules/colyseus.js/node_modules/ws/lib/event-target.js:220:9)
          at WebSocket.emit (node:events:524:28)
          at WebSocket.emitClose (/data/Workspace/helios/starwards/node_modules/colyseus.js/node_modules/ws/lib/websocket.js:272:10)
          at Socket.socketOnClose (/data/Workspace/helios/starwards/node_modules/colyseus.js/node_modules/ws/lib/websocket.js:1341:15)
          at Socket.emit (node:events:524:28)
          at TCP.<anonymous> (node:net:343:12)

      at ConnectionManager.onConnectionError (modules/core/src/client/connection-manager.ts:144:21)
          at Array.forEach (<anonymous>)

    console.log
      connection error: TypeError: Cannot read properties of undefined (reading 'decoder')
          at wireEvents (/data/Workspace/helios/starwards/node_modules/colyseus-events/src/wire-events.ts:30:40)
          at /data/Workspace/helios/starwards/modules/core/src/client/admin.ts:20:5
          at processTicksAndRejections (node:internal/process/task_queues:95:5)
          at /data/Workspace/helios/starwards/modules/core/src/client/connection-manager.ts:131:21

      at ConnectionManager.onConnectionError (modules/core/src/client/connection-manager.ts:144:21)

    console.log
      connection error: Error: disconnected from server
          at EventEmitter.<anonymous> (/data/Workspace/helios/starwards/modules/core/src/client/driver.ts:53:58)
          at /data/Workspace/helios/starwards/node_modules/colyseus.js/src/core/signal.ts:15:48
          at Array.forEach (<anonymous>)
          at EventEmitter.invoke (/data/Workspace/helios/starwards/node_modules/colyseus.js/src/core/signal.ts:15:19)
          at Function.register.invoke (/data/Workspace/helios/starwards/node_modules/colyseus.js/src/core/signal.ts:57:81)
          at WebSocket.connection.events.onclose (/data/Workspace/helios/starwards/node_modules/colyseus.js/src/Room.ts:89:30)
          at callListener (/data/Workspace/helios/starwards/node_modules/colyseus.js/node_modules/ws/lib/event-target.js:290:14)
          at WebSocket.onClose (/data/Workspace/helios/starwards/node_modules/colyseus.js/node_modules/ws/lib/event-target.js:220:9)
          at WebSocket.emit (node:events:524:28)
          at WebSocket.emitClose (/data/Workspace/helios/starwards/node_modules/colyseus.js/node_modules/ws/lib/websocket.js:272:10)
          at Socket.socketOnClose (/data/Workspace/helios/starwards/node_modules/colyseus.js/node_modules/ws/lib/websocket.js:1341:15)
          at Socket.emit (node:events:524:28)
          at TCP.<anonymous> (node:net:343:12)

      at ConnectionManager.onConnectionError (modules/core/src/client/connection-manager.ts:144:21)
          at Array.forEach (<anonymous>)

    console.log
      connection error: TypeError: Cannot read properties of undefined (reading 'decoder')
          at wireEvents (/data/Workspace/helios/starwards/node_modules/colyseus-events/src/wire-events.ts:30:40)
          at /data/Workspace/helios/starwards/modules/core/src/client/admin.ts:20:5
          at processTicksAndRejections (node:internal/process/task_queues:95:5)
          at /data/Workspace/helios/starwards/modules/core/src/client/connection-manager.ts:131:21

      at ConnectionManager.onConnectionError (modules/core/src/client/connection-manager.ts:144:21)

    console.log
      connection error: Error: disconnected from server
          at EventEmitter.<anonymous> (/data/Workspace/helios/starwards/modules/core/src/client/driver.ts:53:58)
          at /data/Workspace/helios/starwards/node_modules/colyseus.js/src/core/signal.ts:15:48
          at Array.forEach (<anonymous>)
          at EventEmitter.invoke (/data/Workspace/helios/starwards/node_modules/colyseus.js/src/core/signal.ts:15:19)
          at Function.register.invoke (/data/Workspace/helios/starwards/node_modules/colyseus.js/src/core/signal.ts:57:81)
          at WebSocket.connection.events.onclose (/data/Workspace/helios/starwards/node_modules/colyseus.js/src/Room.ts:89:30)
          at callListener (/data/Workspace/helios/starwards/node_modules/colyseus.js/node_modules/ws/lib/event-target.js:290:14)
          at WebSocket.onClose (/data/Workspace/helios/starwards/node_modules/colyseus.js/node_modules/ws/lib/event-target.js:220:9)
          at WebSocket.emit (node:events:524:28)
          at WebSocket.emitClose (/data/Workspace/helios/starwards/node_modules/colyseus.js/node_modules/ws/lib/websocket.js:272:10)
          at Socket.socketOnClose (/data/Workspace/helios/starwards/node_modules/colyseus.js/node_modules/ws/lib/websocket.js:1341:15)
          at Socket.emit (node:events:524:28)
          at TCP.<anonymous> (node:net:343:12)

      at ConnectionManager.onConnectionError (modules/core/src/client/connection-manager.ts:144:21)
          at Array.forEach (<anonymous>)

    console.log
      connection error: TypeError: Cannot read properties of undefined (reading 'decoder')
          at wireEvents (/data/Workspace/helios/starwards/node_modules/colyseus-events/src/wire-events.ts:30:40)
          at /data/Workspace/helios/starwards/modules/core/src/client/admin.ts:20:5
          at processTicksAndRejections (node:internal/process/task_queues:95:5)
          at /data/Workspace/helios/starwards/modules/core/src/client/connection-manager.ts:131:21

      at ConnectionManager.onConnectionError (modules/core/src/client/connection-manager.ts:144:21)

    console.log
      connection error: Error: disconnected from server
          at EventEmitter.<anonymous> (/data/Workspace/helios/starwards/modules/core/src/client/driver.ts:53:58)
          at /data/Workspace/helios/starwards/node_modules/colyseus.js/src/core/signal.ts:15:48
          at Array.forEach (<anonymous>)
          at EventEmitter.invoke (/data/Workspace/helios/starwards/node_modules/colyseus.js/src/core/signal.ts:15:19)
          at Function.register.invoke (/data/Workspace/helios/starwards/node_modules/colyseus.js/src/core/signal.ts:57:81)
          at WebSocket.connection.events.onclose (/data/Workspace/helios/starwards/node_modules/colyseus.js/src/Room.ts:89:30)
          at callListener (/data/Workspace/helios/starwards/node_modules/colyseus.js/node_modules/ws/lib/event-target.js:290:14)
          at WebSocket.onClose (/data/Workspace/helios/starwards/node_modules/colyseus.js/node_modules/ws/lib/event-target.js:220:9)
          at WebSocket.emit (node:events:524:28)
          at WebSocket.emitClose (/data/Workspace/helios/starwards/node_modules/colyseus.js/node_modules/ws/lib/websocket.js:272:10)
          at Socket.socketOnClose (/data/Workspace/helios/starwards/node_modules/colyseus.js/node_modules/ws/lib/websocket.js:1341:15)
          at Socket.emit (node:events:524:28)
          at TCP.<anonymous> (node:net:343:12)

      at ConnectionManager.onConnectionError (modules/core/src/client/connection-manager.ts:144:21)
          at Array.forEach (<anonymous>)

    console.log
      connection error: TypeError: Cannot read properties of undefined (reading 'decoder')
          at wireEvents (/data/Workspace/helios/starwards/node_modules/colyseus-events/src/wire-events.ts:30:40)
          at /data/Workspace/helios/starwards/modules/core/src/client/admin.ts:20:5
          at processTicksAndRejections (node:internal/process/task_queues:95:5)
          at /data/Workspace/helios/starwards/modules/core/src/client/connection-manager.ts:131:21

      at ConnectionManager.onConnectionError (modules/core/src/client/connection-manager.ts:144:21)

    console.log
      connection error: Error: disconnected from server
          at EventEmitter.<anonymous> (/data/Workspace/helios/starwards/modules/core/src/client/driver.ts:53:58)
          at /data/Workspace/helios/starwards/node_modules/colyseus.js/src/core/signal.ts:15:48
          at Array.forEach (<anonymous>)
          at EventEmitter.invoke (/data/Workspace/helios/starwards/node_modules/colyseus.js/src/core/signal.ts:15:19)
          at Function.register.invoke (/data/Workspace/helios/starwards/node_modules/colyseus.js/src/core/signal.ts:57:81)
          at WebSocket.connection.events.onclose (/data/Workspace/helios/starwards/node_modules/colyseus.js/src/Room.ts:89:30)
          at callListener (/data/Workspace/helios/starwards/node_modules/colyseus.js/node_modules/ws/lib/event-target.js:290:14)
          at WebSocket.onClose (/data/Workspace/helios/starwards/node_modules/colyseus.js/node_modules/ws/lib/event-target.js:220:9)
          at WebSocket.emit (node:events:524:28)
          at WebSocket.emitClose (/data/Workspace/helios/starwards/node_modules/colyseus.js/node_modules/ws/lib/websocket.js:272:10)
          at Socket.socketOnClose (/data/Workspace/helios/starwards/node_modules/colyseus.js/node_modules/ws/lib/websocket.js:1341:15)
          at Socket.emit (node:events:524:28)
          at TCP.<anonymous> (node:net:343:12)

      at ConnectionManager.onConnectionError (modules/core/src/client/connection-manager.ts:144:21)
          at Array.forEach (<anonymous>)

    console.log
      connection error: TypeError: Cannot read properties of undefined (reading 'decoder')
          at wireEvents (/data/Workspace/helios/starwards/node_modules/colyseus-events/src/wire-events.ts:30:40)
          at /data/Workspace/helios/starwards/modules/core/src/client/admin.ts:20:5
          at processTicksAndRejections (node:internal/process/task_queues:95:5)
          at /data/Workspace/helios/starwards/modules/core/src/client/connection-manager.ts:131:21

      at ConnectionManager.onConnectionError (modules/core/src/client/connection-manager.ts:144:21)

    console.log
      connection error: Error: disconnected from server
          at EventEmitter.<anonymous> (/data/Workspace/helios/starwards/modules/core/src/client/driver.ts:53:58)
          at /data/Workspace/helios/starwards/node_modules/colyseus.js/src/core/signal.ts:15:48
          at Array.forEach (<anonymous>)
          at EventEmitter.invoke (/data/Workspace/helios/starwards/node_modules/colyseus.js/src/core/signal.ts:15:19)
          at Function.register.invoke (/data/Workspace/helios/starwards/node_modules/colyseus.js/src/core/signal.ts:57:81)
          at WebSocket.connection.events.onclose (/data/Workspace/helios/starwards/node_modules/colyseus.js/src/Room.ts:89:30)
          at callListener (/data/Workspace/helios/starwards/node_modules/colyseus.js/node_modules/ws/lib/event-target.js:290:14)
          at WebSocket.onClose (/data/Workspace/helios/starwards/node_modules/colyseus.js/node_modules/ws/lib/event-target.js:220:9)
          at WebSocket.emit (node:events:524:28)
          at WebSocket.emitClose (/data/Workspace/helios/starwards/node_modules/colyseus.js/node_modules/ws/lib/websocket.js:272:10)
          at Socket.socketOnClose (/data/Workspace/helios/starwards/node_modules/colyseus.js/node_modules/ws/lib/websocket.js:1341:15)
          at Socket.emit (node:events:524:28)
          at TCP.<anonymous> (node:net:343:12)

      at ConnectionManager.onConnectionError (modules/core/src/client/connection-manager.ts:144:21)
          at Array.forEach (<anonymous>)

    console.log
      connection error: TypeError: Cannot read properties of undefined (reading 'decoder')
          at wireEvents (/data/Workspace/helios/starwards/node_modules/colyseus-events/src/wire-events.ts:30:40)
          at /data/Workspace/helios/starwards/modules/core/src/client/admin.ts:20:5
          at processTicksAndRejections (node:internal/process/task_queues:95:5)
          at /data/Workspace/helios/starwards/modules/core/src/client/connection-manager.ts:131:21

      at ConnectionManager.onConnectionError (modules/core/src/client/connection-manager.ts:144:21)

    console.log
      connection error: Error: disconnected from server
          at EventEmitter.<anonymous> (/data/Workspace/helios/starwards/modules/core/src/client/driver.ts:53:58)
          at /data/Workspace/helios/starwards/node_modules/colyseus.js/src/core/signal.ts:15:48
          at Array.forEach (<anonymous>)
          at EventEmitter.invoke (/data/Workspace/helios/starwards/node_modules/colyseus.js/src/core/signal.ts:15:19)
          at Function.register.invoke (/data/Workspace/helios/starwards/node_modules/colyseus.js/src/core/signal.ts:57:81)
          at WebSocket.connection.events.onclose (/data/Workspace/helios/starwards/node_modules/colyseus.js/src/Room.ts:89:30)
          at callListener (/data/Workspace/helios/starwards/node_modules/colyseus.js/node_modules/ws/lib/event-target.js:290:14)
          at WebSocket.onClose (/data/Workspace/helios/starwards/node_modules/colyseus.js/node_modules/ws/lib/event-target.js:220:9)
          at WebSocket.emit (node:events:524:28)
          at WebSocket.emitClose (/data/Workspace/helios/starwards/node_modules/colyseus.js/node_modules/ws/lib/websocket.js:272:10)
          at Socket.socketOnClose (/data/Workspace/helios/starwards/node_modules/colyseus.js/node_modules/ws/lib/websocket.js:1341:15)
          at Socket.emit (node:events:524:28)
          at TCP.<anonymous> (node:net:343:12)

      at ConnectionManager.onConnectionError (modules/core/src/client/connection-manager.ts:144:21)
          at Array.forEach (<anonymous>)

    console.log
      connection error: TypeError: Cannot read properties of undefined (reading 'decoder')
          at wireEvents (/data/Workspace/helios/starwards/node_modules/colyseus-events/src/wire-events.ts:30:40)
          at /data/Workspace/helios/starwards/modules/core/src/client/admin.ts:20:5
          at processTicksAndRejections (node:internal/process/task_queues:95:5)
          at /data/Workspace/helios/starwards/modules/core/src/client/connection-manager.ts:131:21

      at ConnectionManager.onConnectionError (modules/core/src/client/connection-manager.ts:144:21)

    console.log
      connection error: Error: disconnected from server
          at EventEmitter.<anonymous> (/data/Workspace/helios/starwards/modules/core/src/client/driver.ts:53:58)
          at /data/Workspace/helios/starwards/node_modules/colyseus.js/src/core/signal.ts:15:48
          at Array.forEach (<anonymous>)
          at EventEmitter.invoke (/data/Workspace/helios/starwards/node_modules/colyseus.js/src/core/signal.ts:15:19)
          at Function.register.invoke (/data/Workspace/helios/starwards/node_modules/colyseus.js/src/core/signal.ts:57:81)
          at WebSocket.connection.events.onclose (/data/Workspace/helios/starwards/node_modules/colyseus.js/src/Room.ts:89:30)
          at callListener (/data/Workspace/helios/starwards/node_modules/colyseus.js/node_modules/ws/lib/event-target.js:290:14)
          at WebSocket.onClose (/data/Workspace/helios/starwards/node_modules/colyseus.js/node_modules/ws/lib/event-target.js:220:9)
          at WebSocket.emit (node:events:524:28)
          at WebSocket.emitClose (/data/Workspace/helios/starwards/node_modules/colyseus.js/node_modules/ws/lib/websocket.js:272:10)
          at Socket.socketOnClose (/data/Workspace/helios/starwards/node_modules/colyseus.js/node_modules/ws/lib/websocket.js:1341:15)
          at Socket.emit (node:events:524:28)
          at TCP.<anonymous> (node:net:343:12)

      at ConnectionManager.onConnectionError (modules/core/src/client/connection-manager.ts:144:21)
          at Array.forEach (<anonymous>)

    console.log
      connection error: TypeError: Cannot read properties of undefined (reading 'decoder')
          at wireEvents (/data/Workspace/helios/starwards/node_modules/colyseus-events/src/wire-events.ts:30:40)
          at /data/Workspace/helios/starwards/modules/core/src/client/admin.ts:20:5
          at processTicksAndRejections (node:internal/process/task_queues:95:5)
          at /data/Workspace/helios/starwards/modules/core/src/client/connection-manager.ts:131:21

      at ConnectionManager.onConnectionError (modules/core/src/client/connection-manager.ts:144:21)

    console.log
      connection error: Error: disconnected from server
          at EventEmitter.<anonymous> (/data/Workspace/helios/starwards/modules/core/src/client/driver.ts:53:58)
          at /data/Workspace/helios/starwards/node_modules/colyseus.js/src/core/signal.ts:15:48
          at Array.forEach (<anonymous>)
          at EventEmitter.invoke (/data/Workspace/helios/starwards/node_modules/colyseus.js/src/core/signal.ts:15:19)
          at Function.register.invoke (/data/Workspace/helios/starwards/node_modules/colyseus.js/src/core/signal.ts:57:81)
          at WebSocket.connection.events.onclose (/data/Workspace/helios/starwards/node_modules/colyseus.js/src/Room.ts:89:30)
          at callListener (/data/Workspace/helios/starwards/node_modules/colyseus.js/node_modules/ws/lib/event-target.js:290:14)
          at WebSocket.onClose (/data/Workspace/helios/starwards/node_modules/colyseus.js/node_modules/ws/lib/event-target.js:220:9)
          at WebSocket.emit (node:events:524:28)
          at WebSocket.emitClose (/data/Workspace/helios/starwards/node_modules/colyseus.js/node_modules/ws/lib/websocket.js:272:10)
          at Socket.socketOnClose (/data/Workspace/helios/starwards/node_modules/colyseus.js/node_modules/ws/lib/websocket.js:1341:15)
          at Socket.emit (node:events:524:28)
          at TCP.<anonymous> (node:net:343:12)

      at ConnectionManager.onConnectionError (modules/core/src/client/connection-manager.ts:144:21)
          at Array.forEach (<anonymous>)

    console.log
      connection error: TypeError: Cannot read properties of undefined (reading 'decoder')
          at wireEvents (/data/Workspace/helios/starwards/node_modules/colyseus-events/src/wire-events.ts:30:40)
          at /data/Workspace/helios/starwards/modules/core/src/client/admin.ts:20:5
          at processTicksAndRejections (node:internal/process/task_queues:95:5)
          at /data/Workspace/helios/starwards/modules/core/src/client/connection-manager.ts:131:21

      at ConnectionManager.onConnectionError (modules/core/src/client/connection-manager.ts:144:21)

    console.log
      connection error: Error: disconnected from server
          at EventEmitter.<anonymous> (/data/Workspace/helios/starwards/modules/core/src/client/driver.ts:53:58)
          at /data/Workspace/helios/starwards/node_modules/colyseus.js/src/core/signal.ts:15:48
          at Array.forEach (<anonymous>)
          at EventEmitter.invoke (/data/Workspace/helios/starwards/node_modules/colyseus.js/src/core/signal.ts:15:19)
          at Function.register.invoke (/data/Workspace/helios/starwards/node_modules/colyseus.js/src/core/signal.ts:57:81)
          at WebSocket.connection.events.onclose (/data/Workspace/helios/starwards/node_modules/colyseus.js/src/Room.ts:89:30)
          at callListener (/data/Workspace/helios/starwards/node_modules/colyseus.js/node_modules/ws/lib/event-target.js:290:14)
          at WebSocket.onClose (/data/Workspace/helios/starwards/node_modules/colyseus.js/node_modules/ws/lib/event-target.js:220:9)
          at WebSocket.emit (node:events:524:28)
          at WebSocket.emitClose (/data/Workspace/helios/starwards/node_modules/colyseus.js/node_modules/ws/lib/websocket.js:272:10)
          at Socket.socketOnClose (/data/Workspace/helios/starwards/node_modules/colyseus.js/node_modules/ws/lib/websocket.js:1341:15)
          at Socket.emit (node:events:524:28)
          at TCP.<anonymous> (node:net:343:12)

      at ConnectionManager.onConnectionError (modules/core/src/client/connection-manager.ts:144:21)
          at Array.forEach (<anonymous>)

    console.log
      connection error: TypeError: Cannot read properties of undefined (reading 'decoder')
          at wireEvents (/data/Workspace/helios/starwards/node_modules/colyseus-events/src/wire-events.ts:30:40)
          at /data/Workspace/helios/starwards/modules/core/src/client/admin.ts:20:5
          at processTicksAndRejections (node:internal/process/task_queues:95:5)
          at /data/Workspace/helios/starwards/modules/core/src/client/connection-manager.ts:131:21

      at ConnectionManager.onConnectionError (modules/core/src/client/connection-manager.ts:144:21)

    console.log
      connection error: Error: disconnected from server
          at EventEmitter.<anonymous> (/data/Workspace/helios/starwards/modules/core/src/client/driver.ts:53:58)
          at /data/Workspace/helios/starwards/node_modules/colyseus.js/src/core/signal.ts:15:48
          at Array.forEach (<anonymous>)
          at EventEmitter.invoke (/data/Workspace/helios/starwards/node_modules/colyseus.js/src/core/signal.ts:15:19)
          at Function.register.invoke (/data/Workspace/helios/starwards/node_modules/colyseus.js/src/core/signal.ts:57:81)
          at WebSocket.connection.events.onclose (/data/Workspace/helios/starwards/node_modules/colyseus.js/src/Room.ts:89:30)
          at callListener (/data/Workspace/helios/starwards/node_modules/colyseus.js/node_modules/ws/lib/event-target.js:290:14)
          at WebSocket.onClose (/data/Workspace/helios/starwards/node_modules/colyseus.js/node_modules/ws/lib/event-target.js:220:9)
          at WebSocket.emit (node:events:524:28)
          at WebSocket.emitClose (/data/Workspace/helios/starwards/node_modules/colyseus.js/node_modules/ws/lib/websocket.js:272:10)
          at Socket.socketOnClose (/data/Workspace/helios/starwards/node_modules/colyseus.js/node_modules/ws/lib/websocket.js:1341:15)
          at Socket.emit (node:events:524:28)
          at TCP.<anonymous> (node:net:343:12)

      at ConnectionManager.onConnectionError (modules/core/src/client/connection-manager.ts:144:21)
          at Array.forEach (<anonymous>)

    console.log
      connection error: TypeError: Cannot read properties of undefined (reading 'decoder')
          at wireEvents (/data/Workspace/helios/starwards/node_modules/colyseus-events/src/wire-events.ts:30:40)
          at /data/Workspace/helios/starwards/modules/core/src/client/admin.ts:20:5
          at processTicksAndRejections (node:internal/process/task_queues:95:5)
          at /data/Workspace/helios/starwards/modules/core/src/client/connection-manager.ts:131:21

      at ConnectionManager.onConnectionError (modules/core/src/client/connection-manager.ts:144:21)

    console.log
      connection error: Error: disconnected from server
          at EventEmitter.<anonymous> (/data/Workspace/helios/starwards/modules/core/src/client/driver.ts:53:58)
          at /data/Workspace/helios/starwards/node_modules/colyseus.js/src/core/signal.ts:15:48
          at Array.forEach (<anonymous>)
          at EventEmitter.invoke (/data/Workspace/helios/starwards/node_modules/colyseus.js/src/core/signal.ts:15:19)
          at Function.register.invoke (/data/Workspace/helios/starwards/node_modules/colyseus.js/src/core/signal.ts:57:81)
          at WebSocket.connection.events.onclose (/data/Workspace/helios/starwards/node_modules/colyseus.js/src/Room.ts:89:30)
          at callListener (/data/Workspace/helios/starwards/node_modules/colyseus.js/node_modules/ws/lib/event-target.js:290:14)
          at WebSocket.onClose (/data/Workspace/helios/starwards/node_modules/colyseus.js/node_modules/ws/lib/event-target.js:220:9)
          at WebSocket.emit (node:events:524:28)
          at WebSocket.emitClose (/data/Workspace/helios/starwards/node_modules/colyseus.js/node_modules/ws/lib/websocket.js:272:10)
          at Socket.socketOnClose (/data/Workspace/helios/starwards/node_modules/colyseus.js/node_modules/ws/lib/websocket.js:1341:15)
          at Socket.emit (node:events:524:28)
          at TCP.<anonymous> (node:net:343:12)

      at ConnectionManager.onConnectionError (modules/core/src/client/connection-manager.ts:144:21)
          at Array.forEach (<anonymous>)

    console.log
      connection error: TypeError: Cannot read properties of undefined (reading 'decoder')
          at wireEvents (/data/Workspace/helios/starwards/node_modules/colyseus-events/src/wire-events.ts:30:40)
          at /data/Workspace/helios/starwards/modules/core/src/client/admin.ts:20:5
          at processTicksAndRejections (node:internal/process/task_queues:95:5)
          at /data/Workspace/helios/starwards/modules/core/src/client/connection-manager.ts:131:21

      at ConnectionManager.onConnectionError (modules/core/src/client/connection-manager.ts:144:21)

    console.log
      connection error: Error: disconnected from server
          at EventEmitter.<anonymous> (/data/Workspace/helios/starwards/modules/core/src/client/driver.ts:53:58)
          at /data/Workspace/helios/starwards/node_modules/colyseus.js/src/core/signal.ts:15:48
          at Array.forEach (<anonymous>)
          at EventEmitter.invoke (/data/Workspace/helios/starwards/node_modules/colyseus.js/src/core/signal.ts:15:19)
          at Function.register.invoke (/data/Workspace/helios/starwards/node_modules/colyseus.js/src/core/signal.ts:57:81)
          at WebSocket.connection.events.onclose (/data/Workspace/helios/starwards/node_modules/colyseus.js/src/Room.ts:89:30)
          at callListener (/data/Workspace/helios/starwards/node_modules/colyseus.js/node_modules/ws/lib/event-target.js:290:14)
          at WebSocket.onClose (/data/Workspace/helios/starwards/node_modules/colyseus.js/node_modules/ws/lib/event-target.js:220:9)
          at WebSocket.emit (node:events:524:28)
          at WebSocket.emitClose (/data/Workspace/helios/starwards/node_modules/colyseus.js/node_modules/ws/lib/websocket.js:272:10)
          at Socket.socketOnClose (/data/Workspace/helios/starwards/node_modules/colyseus.js/node_modules/ws/lib/websocket.js:1341:15)
          at Socket.emit (node:events:524:28)
          at TCP.<anonymous> (node:net:343:12)

      at ConnectionManager.onConnectionError (modules/core/src/client/connection-manager.ts:144:21)
          at Array.forEach (<anonymous>)

    console.log
      connection error: TypeError: Cannot read properties of undefined (reading 'decoder')
          at wireEvents (/data/Workspace/helios/starwards/node_modules/colyseus-events/src/wire-events.ts:30:40)
          at /data/Workspace/helios/starwards/modules/core/src/client/admin.ts:20:5
          at processTicksAndRejections (node:internal/process/task_queues:95:5)
          at /data/Workspace/helios/starwards/modules/core/src/client/connection-manager.ts:131:21

      at ConnectionManager.onConnectionError (modules/core/src/client/connection-manager.ts:144:21)

    console.log
      connection error: Error: disconnected from server
          at EventEmitter.<anonymous> (/data/Workspace/helios/starwards/modules/core/src/client/driver.ts:53:58)
          at /data/Workspace/helios/starwards/node_modules/colyseus.js/src/core/signal.ts:15:48
          at Array.forEach (<anonymous>)
          at EventEmitter.invoke (/data/Workspace/helios/starwards/node_modules/colyseus.js/src/core/signal.ts:15:19)
          at Function.register.invoke (/data/Workspace/helios/starwards/node_modules/colyseus.js/src/core/signal.ts:57:81)
          at WebSocket.connection.events.onclose (/data/Workspace/helios/starwards/node_modules/colyseus.js/src/Room.ts:89:30)
          at callListener (/data/Workspace/helios/starwards/node_modules/colyseus.js/node_modules/ws/lib/event-target.js:290:14)
          at WebSocket.onClose (/data/Workspace/helios/starwards/node_modules/colyseus.js/node_modules/ws/lib/event-target.js:220:9)
          at WebSocket.emit (node:events:524:28)
          at WebSocket.emitClose (/data/Workspace/helios/starwards/node_modules/colyseus.js/node_modules/ws/lib/websocket.js:272:10)
          at Socket.socketOnClose (/data/Workspace/helios/starwards/node_modules/colyseus.js/node_modules/ws/lib/websocket.js:1341:15)
          at Socket.emit (node:events:524:28)
          at TCP.<anonymous> (node:net:343:12)

      at ConnectionManager.onConnectionError (modules/core/src/client/connection-manager.ts:144:21)
          at Array.forEach (<anonymous>)

    console.log
      connection error: TypeError: Cannot read properties of undefined (reading 'decoder')
          at wireEvents (/data/Workspace/helios/starwards/node_modules/colyseus-events/src/wire-events.ts:30:40)
          at /data/Workspace/helios/starwards/modules/core/src/client/admin.ts:20:5
          at processTicksAndRejections (node:internal/process/task_queues:95:5)
          at /data/Workspace/helios/starwards/modules/core/src/client/connection-manager.ts:131:21

      at ConnectionManager.onConnectionError (modules/core/src/client/connection-manager.ts:144:21)

    console.log
      connection error: Error: disconnected from server
          at EventEmitter.<anonymous> (/data/Workspace/helios/starwards/modules/core/src/client/driver.ts:53:58)
          at /data/Workspace/helios/starwards/node_modules/colyseus.js/src/core/signal.ts:15:48
          at Array.forEach (<anonymous>)
          at EventEmitter.invoke (/data/Workspace/helios/starwards/node_modules/colyseus.js/src/core/signal.ts:15:19)
          at Function.register.invoke (/data/Workspace/helios/starwards/node_modules/colyseus.js/src/core/signal.ts:57:81)
          at WebSocket.connection.events.onclose (/data/Workspace/helios/starwards/node_modules/colyseus.js/src/Room.ts:89:30)
          at callListener (/data/Workspace/helios/starwards/node_modules/colyseus.js/node_modules/ws/lib/event-target.js:290:14)
          at WebSocket.onClose (/data/Workspace/helios/starwards/node_modules/colyseus.js/node_modules/ws/lib/event-target.js:220:9)
          at WebSocket.emit (node:events:524:28)
          at WebSocket.emitClose (/data/Workspace/helios/starwards/node_modules/colyseus.js/node_modules/ws/lib/websocket.js:272:10)
          at Socket.socketOnClose (/data/Workspace/helios/starwards/node_modules/colyseus.js/node_modules/ws/lib/websocket.js:1341:15)
          at Socket.emit (node:events:524:28)
          at TCP.<anonymous> (node:net:343:12)

      at ConnectionManager.onConnectionError (modules/core/src/client/connection-manager.ts:144:21)
          at Array.forEach (<anonymous>)

    console.log
      connection error: TypeError: Cannot read properties of undefined (reading 'decoder')
          at wireEvents (/data/Workspace/helios/starwards/node_modules/colyseus-events/src/wire-events.ts:30:40)
          at /data/Workspace/helios/starwards/modules/core/src/client/admin.ts:20:5
          at processTicksAndRejections (node:internal/process/task_queues:95:5)
          at /data/Workspace/helios/starwards/modules/core/src/client/connection-manager.ts:131:21

      at ConnectionManager.onConnectionError (modules/core/src/client/connection-manager.ts:144:21)

    console.log
      connection error: Error: disconnected from server
          at EventEmitter.<anonymous> (/data/Workspace/helios/starwards/modules/core/src/client/driver.ts:53:58)
          at /data/Workspace/helios/starwards/node_modules/colyseus.js/src/core/signal.ts:15:48
          at Array.forEach (<anonymous>)
          at EventEmitter.invoke (/data/Workspace/helios/starwards/node_modules/colyseus.js/src/core/signal.ts:15:19)
          at Function.register.invoke (/data/Workspace/helios/starwards/node_modules/colyseus.js/src/core/signal.ts:57:81)
          at WebSocket.connection.events.onclose (/data/Workspace/helios/starwards/node_modules/colyseus.js/src/Room.ts:89:30)
          at callListener (/data/Workspace/helios/starwards/node_modules/colyseus.js/node_modules/ws/lib/event-target.js:290:14)
          at WebSocket.onClose (/data/Workspace/helios/starwards/node_modules/colyseus.js/node_modules/ws/lib/event-target.js:220:9)
          at WebSocket.emit (node:events:524:28)
          at WebSocket.emitClose (/data/Workspace/helios/starwards/node_modules/colyseus.js/node_modules/ws/lib/websocket.js:272:10)
          at Socket.socketOnClose (/data/Workspace/helios/starwards/node_modules/colyseus.js/node_modules/ws/lib/websocket.js:1341:15)
          at Socket.emit (node:events:524:28)
          at TCP.<anonymous> (node:net:343:12)

      at ConnectionManager.onConnectionError (modules/core/src/client/connection-manager.ts:144:21)
          at Array.forEach (<anonymous>)

    console.log
      connection error: TypeError: Cannot read properties of undefined (reading 'decoder')
          at wireEvents (/data/Workspace/helios/starwards/node_modules/colyseus-events/src/wire-events.ts:30:40)
          at /data/Workspace/helios/starwards/modules/core/src/client/admin.ts:20:5
          at processTicksAndRejections (node:internal/process/task_queues:95:5)
          at /data/Workspace/helios/starwards/modules/core/src/client/connection-manager.ts:131:21

      at ConnectionManager.onConnectionError (modules/core/src/client/connection-manager.ts:144:21)

    console.log
      connection error: Error: disconnected from server
          at EventEmitter.<anonymous> (/data/Workspace/helios/starwards/modules/core/src/client/driver.ts:53:58)
          at /data/Workspace/helios/starwards/node_modules/colyseus.js/src/core/signal.ts:15:48
          at Array.forEach (<anonymous>)
          at EventEmitter.invoke (/data/Workspace/helios/starwards/node_modules/colyseus.js/src/core/signal.ts:15:19)
          at Function.register.invoke (/data/Workspace/helios/starwards/node_modules/colyseus.js/src/core/signal.ts:57:81)
          at WebSocket.connection.events.onclose (/data/Workspace/helios/starwards/node_modules/colyseus.js/src/Room.ts:89:30)
          at callListener (/data/Workspace/helios/starwards/node_modules/colyseus.js/node_modules/ws/lib/event-target.js:290:14)
          at WebSocket.onClose (/data/Workspace/helios/starwards/node_modules/colyseus.js/node_modules/ws/lib/event-target.js:220:9)
          at WebSocket.emit (node:events:524:28)
          at WebSocket.emitClose (/data/Workspace/helios/starwards/node_modules/colyseus.js/node_modules/ws/lib/websocket.js:272:10)
          at Socket.socketOnClose (/data/Workspace/helios/starwards/node_modules/colyseus.js/node_modules/ws/lib/websocket.js:1341:15)
          at Socket.emit (node:events:524:28)
          at TCP.<anonymous> (node:net:343:12)

      at ConnectionManager.onConnectionError (modules/core/src/client/connection-manager.ts:144:21)
          at Array.forEach (<anonymous>)

    console.log
      connection error: TypeError: Cannot read properties of undefined (reading 'decoder')
          at wireEvents (/data/Workspace/helios/starwards/node_modules/colyseus-events/src/wire-events.ts:30:40)
          at /data/Workspace/helios/starwards/modules/core/src/client/admin.ts:20:5
          at processTicksAndRejections (node:internal/process/task_queues:95:5)
          at /data/Workspace/helios/starwards/modules/core/src/client/connection-manager.ts:131:21

      at ConnectionManager.onConnectionError (modules/core/src/client/connection-manager.ts:144:21)

    console.log
      connection error: Error: disconnected from server
          at EventEmitter.<anonymous> (/data/Workspace/helios/starwards/modules/core/src/client/driver.ts:53:58)
          at /data/Workspace/helios/starwards/node_modules/colyseus.js/src/core/signal.ts:15:48
          at Array.forEach (<anonymous>)
          at EventEmitter.invoke (/data/Workspace/helios/starwards/node_modules/colyseus.js/src/core/signal.ts:15:19)
          at Function.register.invoke (/data/Workspace/helios/starwards/node_modules/colyseus.js/src/core/signal.ts:57:81)
          at WebSocket.connection.events.onclose (/data/Workspace/helios/starwards/node_modules/colyseus.js/src/Room.ts:89:30)
          at callListener (/data/Workspace/helios/starwards/node_modules/colyseus.js/node_modules/ws/lib/event-target.js:290:14)
          at WebSocket.onClose (/data/Workspace/helios/starwards/node_modules/colyseus.js/node_modules/ws/lib/event-target.js:220:9)
          at WebSocket.emit (node:events:524:28)
          at WebSocket.emitClose (/data/Workspace/helios/starwards/node_modules/colyseus.js/node_modules/ws/lib/websocket.js:272:10)
          at Socket.socketOnClose (/data/Workspace/helios/starwards/node_modules/colyseus.js/node_modules/ws/lib/websocket.js:1341:15)
          at Socket.emit (node:events:524:28)
          at TCP.<anonymous> (node:net:343:12)

      at ConnectionManager.onConnectionError (modules/core/src/client/connection-manager.ts:144:21)
          at Array.forEach (<anonymous>)

    console.log
      connection error: TypeError: Cannot read properties of undefined (reading 'decoder')
          at wireEvents (/data/Workspace/helios/starwards/node_modules/colyseus-events/src/wire-events.ts:30:40)
          at /data/Workspace/helios/starwards/modules/core/src/client/admin.ts:20:5
          at processTicksAndRejections (node:internal/process/task_queues:95:5)
          at /data/Workspace/helios/starwards/modules/core/src/client/connection-manager.ts:131:21

      at ConnectionManager.onConnectionError (modules/core/src/client/connection-manager.ts:144:21)

    console.log
      connection error: Error: disconnected from server
          at EventEmitter.<anonymous> (/data/Workspace/helios/starwards/modules/core/src/client/driver.ts:53:58)
          at /data/Workspace/helios/starwards/node_modules/colyseus.js/src/core/signal.ts:15:48
          at Array.forEach (<anonymous>)
          at EventEmitter.invoke (/data/Workspace/helios/starwards/node_modules/colyseus.js/src/core/signal.ts:15:19)
          at Function.register.invoke (/data/Workspace/helios/starwards/node_modules/colyseus.js/src/core/signal.ts:57:81)
          at WebSocket.connection.events.onclose (/data/Workspace/helios/starwards/node_modules/colyseus.js/src/Room.ts:89:30)
          at callListener (/data/Workspace/helios/starwards/node_modules/colyseus.js/node_modules/ws/lib/event-target.js:290:14)
          at WebSocket.onClose (/data/Workspace/helios/starwards/node_modules/colyseus.js/node_modules/ws/lib/event-target.js:220:9)
          at WebSocket.emit (node:events:524:28)
          at WebSocket.emitClose (/data/Workspace/helios/starwards/node_modules/colyseus.js/node_modules/ws/lib/websocket.js:272:10)
          at Socket.socketOnClose (/data/Workspace/helios/starwards/node_modules/colyseus.js/node_modules/ws/lib/websocket.js:1341:15)
          at Socket.emit (node:events:524:28)
          at TCP.<anonymous> (node:net:343:12)

      at ConnectionManager.onConnectionError (modules/core/src/client/connection-manager.ts:144:21)
          at Array.forEach (<anonymous>)

    console.log
      connection error: TypeError: Cannot read properties of undefined (reading 'decoder')
          at wireEvents (/data/Workspace/helios/starwards/node_modules/colyseus-events/src/wire-events.ts:30:40)
          at /data/Workspace/helios/starwards/modules/core/src/client/admin.ts:20:5
          at processTicksAndRejections (node:internal/process/task_queues:95:5)
          at /data/Workspace/helios/starwards/modules/core/src/client/connection-manager.ts:131:21

      at ConnectionManager.onConnectionError (modules/core/src/client/connection-manager.ts:144:21)

    console.log
      connection error: Error: disconnected from server
          at EventEmitter.<anonymous> (/data/Workspace/helios/starwards/modules/core/src/client/driver.ts:53:58)
          at /data/Workspace/helios/starwards/node_modules/colyseus.js/src/core/signal.ts:15:48
          at Array.forEach (<anonymous>)
          at EventEmitter.invoke (/data/Workspace/helios/starwards/node_modules/colyseus.js/src/core/signal.ts:15:19)
          at Function.register.invoke (/data/Workspace/helios/starwards/node_modules/colyseus.js/src/core/signal.ts:57:81)
          at WebSocket.connection.events.onclose (/data/Workspace/helios/starwards/node_modules/colyseus.js/src/Room.ts:89:30)
          at callListener (/data/Workspace/helios/starwards/node_modules/colyseus.js/node_modules/ws/lib/event-target.js:290:14)
          at WebSocket.onClose (/data/Workspace/helios/starwards/node_modules/colyseus.js/node_modules/ws/lib/event-target.js:220:9)
          at WebSocket.emit (node:events:524:28)
          at WebSocket.emitClose (/data/Workspace/helios/starwards/node_modules/colyseus.js/node_modules/ws/lib/websocket.js:272:10)
          at Socket.socketOnClose (/data/Workspace/helios/starwards/node_modules/colyseus.js/node_modules/ws/lib/websocket.js:1341:15)
          at Socket.emit (node:events:524:28)
          at TCP.<anonymous> (node:net:343:12)

      at ConnectionManager.onConnectionError (modules/core/src/client/connection-manager.ts:144:21)
          at Array.forEach (<anonymous>)

    console.log
      connection error: TypeError: Cannot read properties of undefined (reading 'decoder')
          at wireEvents (/data/Workspace/helios/starwards/node_modules/colyseus-events/src/wire-events.ts:30:40)
          at /data/Workspace/helios/starwards/modules/core/src/client/admin.ts:20:5
          at processTicksAndRejections (node:internal/process/task_queues:95:5)
          at /data/Workspace/helios/starwards/modules/core/src/client/connection-manager.ts:131:21

      at ConnectionManager.onConnectionError (modules/core/src/client/connection-manager.ts:144:21)

    console.log
      connection error: Error: disconnected from server
          at EventEmitter.<anonymous> (/data/Workspace/helios/starwards/modules/core/src/client/driver.ts:53:58)
          at /data/Workspace/helios/starwards/node_modules/colyseus.js/src/core/signal.ts:15:48
          at Array.forEach (<anonymous>)
          at EventEmitter.invoke (/data/Workspace/helios/starwards/node_modules/colyseus.js/src/core/signal.ts:15:19)
          at Function.register.invoke (/data/Workspace/helios/starwards/node_modules/colyseus.js/src/core/signal.ts:57:81)
          at WebSocket.connection.events.onclose (/data/Workspace/helios/starwards/node_modules/colyseus.js/src/Room.ts:89:30)
          at callListener (/data/Workspace/helios/starwards/node_modules/colyseus.js/node_modules/ws/lib/event-target.js:290:14)
          at WebSocket.onClose (/data/Workspace/helios/starwards/node_modules/colyseus.js/node_modules/ws/lib/event-target.js:220:9)
          at WebSocket.emit (node:events:524:28)
          at WebSocket.emitClose (/data/Workspace/helios/starwards/node_modules/colyseus.js/node_modules/ws/lib/websocket.js:272:10)
          at Socket.socketOnClose (/data/Workspace/helios/starwards/node_modules/colyseus.js/node_modules/ws/lib/websocket.js:1341:15)
          at Socket.emit (node:events:524:28)
          at TCP.<anonymous> (node:net:343:12)

      at ConnectionManager.onConnectionError (modules/core/src/client/connection-manager.ts:144:21)
          at Array.forEach (<anonymous>)

    console.log
      connection error: TypeError: Cannot read properties of undefined (reading 'decoder')
          at wireEvents (/data/Workspace/helios/starwards/node_modules/colyseus-events/src/wire-events.ts:30:40)
          at /data/Workspace/helios/starwards/modules/core/src/client/admin.ts:20:5
          at processTicksAndRejections (node:internal/process/task_queues:95:5)
          at /data/Workspace/helios/starwards/modules/core/src/client/connection-manager.ts:131:21

      at ConnectionManager.onConnectionError (modules/core/src/client/connection-manager.ts:144:21)

    console.log
      connection error: Error: disconnected from server
          at EventEmitter.<anonymous> (/data/Workspace/helios/starwards/modules/core/src/client/driver.ts:53:58)
          at /data/Workspace/helios/starwards/node_modules/colyseus.js/src/core/signal.ts:15:48
          at Array.forEach (<anonymous>)
          at EventEmitter.invoke (/data/Workspace/helios/starwards/node_modules/colyseus.js/src/core/signal.ts:15:19)
          at Function.register.invoke (/data/Workspace/helios/starwards/node_modules/colyseus.js/src/core/signal.ts:57:81)
          at WebSocket.connection.events.onclose (/data/Workspace/helios/starwards/node_modules/colyseus.js/src/Room.ts:89:30)
          at callListener (/data/Workspace/helios/starwards/node_modules/colyseus.js/node_modules/ws/lib/event-target.js:290:14)
          at WebSocket.onClose (/data/Workspace/helios/starwards/node_modules/colyseus.js/node_modules/ws/lib/event-target.js:220:9)
          at WebSocket.emit (node:events:524:28)
          at WebSocket.emitClose (/data/Workspace/helios/starwards/node_modules/colyseus.js/node_modules/ws/lib/websocket.js:272:10)
          at Socket.socketOnClose (/data/Workspace/helios/starwards/node_modules/colyseus.js/node_modules/ws/lib/websocket.js:1341:15)
          at Socket.emit (node:events:524:28)
          at TCP.<anonymous> (node:net:343:12)

      at ConnectionManager.onConnectionError (modules/core/src/client/connection-manager.ts:144:21)
          at Array.forEach (<anonymous>)

    console.log
      connection error: TypeError: Cannot read properties of undefined (reading 'decoder')
          at wireEvents (/data/Workspace/helios/starwards/node_modules/colyseus-events/src/wire-events.ts:30:40)
          at /data/Workspace/helios/starwards/modules/core/src/client/admin.ts:20:5
          at processTicksAndRejections (node:internal/process/task_queues:95:5)
          at /data/Workspace/helios/starwards/modules/core/src/client/connection-manager.ts:131:21

      at ConnectionManager.onConnectionError (modules/core/src/client/connection-manager.ts:144:21)

    console.log
      connection error: Error: disconnected from server
          at EventEmitter.<anonymous> (/data/Workspace/helios/starwards/modules/core/src/client/driver.ts:53:58)
          at /data/Workspace/helios/starwards/node_modules/colyseus.js/src/core/signal.ts:15:48
          at Array.forEach (<anonymous>)
          at EventEmitter.invoke (/data/Workspace/helios/starwards/node_modules/colyseus.js/src/core/signal.ts:15:19)
          at Function.register.invoke (/data/Workspace/helios/starwards/node_modules/colyseus.js/src/core/signal.ts:57:81)
          at WebSocket.connection.events.onclose (/data/Workspace/helios/starwards/node_modules/colyseus.js/src/Room.ts:89:30)
          at callListener (/data/Workspace/helios/starwards/node_modules/colyseus.js/node_modules/ws/lib/event-target.js:290:14)
          at WebSocket.onClose (/data/Workspace/helios/starwards/node_modules/colyseus.js/node_modules/ws/lib/event-target.js:220:9)
          at WebSocket.emit (node:events:524:28)
          at WebSocket.emitClose (/data/Workspace/helios/starwards/node_modules/colyseus.js/node_modules/ws/lib/websocket.js:272:10)
          at Socket.socketOnClose (/data/Workspace/helios/starwards/node_modules/colyseus.js/node_modules/ws/lib/websocket.js:1341:15)
          at Socket.emit (node:events:524:28)
          at TCP.<anonymous> (node:net:343:12)

      at ConnectionManager.onConnectionError (modules/core/src/client/connection-manager.ts:144:21)
          at Array.forEach (<anonymous>)

    console.log
      connection error: TypeError: Cannot read properties of undefined (reading 'decoder')
          at wireEvents (/data/Workspace/helios/starwards/node_modules/colyseus-events/src/wire-events.ts:30:40)
          at /data/Workspace/helios/starwards/modules/core/src/client/admin.ts:20:5
          at processTicksAndRejections (node:internal/process/task_queues:95:5)
          at /data/Workspace/helios/starwards/modules/core/src/client/connection-manager.ts:131:21

      at ConnectionManager.onConnectionError (modules/core/src/client/connection-manager.ts:144:21)

    console.log
      connection error: Error: disconnected from server
          at EventEmitter.<anonymous> (/data/Workspace/helios/starwards/modules/core/src/client/driver.ts:53:58)
          at /data/Workspace/helios/starwards/node_modules/colyseus.js/src/core/signal.ts:15:48
          at Array.forEach (<anonymous>)
          at EventEmitter.invoke (/data/Workspace/helios/starwards/node_modules/colyseus.js/src/core/signal.ts:15:19)
          at Function.register.invoke (/data/Workspace/helios/starwards/node_modules/colyseus.js/src/core/signal.ts:57:81)
          at WebSocket.connection.events.onclose (/data/Workspace/helios/starwards/node_modules/colyseus.js/src/Room.ts:89:30)
          at callListener (/data/Workspace/helios/starwards/node_modules/colyseus.js/node_modules/ws/lib/event-target.js:290:14)
          at WebSocket.onClose (/data/Workspace/helios/starwards/node_modules/colyseus.js/node_modules/ws/lib/event-target.js:220:9)
          at WebSocket.emit (node:events:524:28)
          at WebSocket.emitClose (/data/Workspace/helios/starwards/node_modules/colyseus.js/node_modules/ws/lib/websocket.js:272:10)
          at Socket.socketOnClose (/data/Workspace/helios/starwards/node_modules/colyseus.js/node_modules/ws/lib/websocket.js:1341:15)
          at Socket.emit (node:events:524:28)
          at TCP.<anonymous> (node:net:343:12)

      at ConnectionManager.onConnectionError (modules/core/src/client/connection-manager.ts:144:21)
          at Array.forEach (<anonymous>)

    console.log
      connection error: TypeError: Cannot read properties of undefined (reading 'decoder')
          at wireEvents (/data/Workspace/helios/starwards/node_modules/colyseus-events/src/wire-events.ts:30:40)
          at /data/Workspace/helios/starwards/modules/core/src/client/admin.ts:20:5
          at processTicksAndRejections (node:internal/process/task_queues:95:5)
          at /data/Workspace/helios/starwards/modules/core/src/client/connection-manager.ts:131:21

      at ConnectionManager.onConnectionError (modules/core/src/client/connection-manager.ts:144:21)

    console.log
      connection error: Error: disconnected from server
          at EventEmitter.<anonymous> (/data/Workspace/helios/starwards/modules/core/src/client/driver.ts:53:58)
          at /data/Workspace/helios/starwards/node_modules/colyseus.js/src/core/signal.ts:15:48
          at Array.forEach (<anonymous>)
          at EventEmitter.invoke (/data/Workspace/helios/starwards/node_modules/colyseus.js/src/core/signal.ts:15:19)
          at Function.register.invoke (/data/Workspace/helios/starwards/node_modules/colyseus.js/src/core/signal.ts:57:81)
          at WebSocket.connection.events.onclose (/data/Workspace/helios/starwards/node_modules/colyseus.js/src/Room.ts:89:30)
          at callListener (/data/Workspace/helios/starwards/node_modules/colyseus.js/node_modules/ws/lib/event-target.js:290:14)
          at WebSocket.onClose (/data/Workspace/helios/starwards/node_modules/colyseus.js/node_modules/ws/lib/event-target.js:220:9)
          at WebSocket.emit (node:events:524:28)
          at WebSocket.emitClose (/data/Workspace/helios/starwards/node_modules/colyseus.js/node_modules/ws/lib/websocket.js:272:10)
          at Socket.socketOnClose (/data/Workspace/helios/starwards/node_modules/colyseus.js/node_modules/ws/lib/websocket.js:1341:15)
          at Socket.emit (node:events:524:28)
          at TCP.<anonymous> (node:net:343:12)

      at ConnectionManager.onConnectionError (modules/core/src/client/connection-manager.ts:144:21)
          at Array.forEach (<anonymous>)

    console.log
      connection error: TypeError: Cannot read properties of undefined (reading 'decoder')
          at wireEvents (/data/Workspace/helios/starwards/node_modules/colyseus-events/src/wire-events.ts:30:40)
          at /data/Workspace/helios/starwards/modules/core/src/client/admin.ts:20:5
          at processTicksAndRejections (node:internal/process/task_queues:95:5)
          at /data/Workspace/helios/starwards/modules/core/src/client/connection-manager.ts:131:21

      at ConnectionManager.onConnectionError (modules/core/src/client/connection-manager.ts:144:21)

    console.log
      connection error: Error: disconnected from server
          at EventEmitter.<anonymous> (/data/Workspace/helios/starwards/modules/core/src/client/driver.ts:53:58)
          at /data/Workspace/helios/starwards/node_modules/colyseus.js/src/core/signal.ts:15:48
          at Array.forEach (<anonymous>)
          at EventEmitter.invoke (/data/Workspace/helios/starwards/node_modules/colyseus.js/src/core/signal.ts:15:19)
          at Function.register.invoke (/data/Workspace/helios/starwards/node_modules/colyseus.js/src/core/signal.ts:57:81)
          at WebSocket.connection.events.onclose (/data/Workspace/helios/starwards/node_modules/colyseus.js/src/Room.ts:89:30)
          at callListener (/data/Workspace/helios/starwards/node_modules/colyseus.js/node_modules/ws/lib/event-target.js:290:14)
          at WebSocket.onClose (/data/Workspace/helios/starwards/node_modules/colyseus.js/node_modules/ws/lib/event-target.js:220:9)
          at WebSocket.emit (node:events:524:28)
          at WebSocket.emitClose (/data/Workspace/helios/starwards/node_modules/colyseus.js/node_modules/ws/lib/websocket.js:272:10)
          at Socket.socketOnClose (/data/Workspace/helios/starwards/node_modules/colyseus.js/node_modules/ws/lib/websocket.js:1341:15)
          at Socket.emit (node:events:524:28)
          at TCP.<anonymous> (node:net:343:12)

      at ConnectionManager.onConnectionError (modules/core/src/client/connection-manager.ts:144:21)
          at Array.forEach (<anonymous>)

    console.log
      connection error: TypeError: Cannot read properties of undefined (reading 'decoder')
          at wireEvents (/data/Workspace/helios/starwards/node_modules/colyseus-events/src/wire-events.ts:30:40)
          at /data/Workspace/helios/starwards/modules/core/src/client/admin.ts:20:5
          at processTicksAndRejections (node:internal/process/task_queues:95:5)
          at /data/Workspace/helios/starwards/modules/core/src/client/connection-manager.ts:131:21

      at ConnectionManager.onConnectionError (modules/core/src/client/connection-manager.ts:144:21)

    console.log
      connection error: Error: disconnected from server
          at EventEmitter.<anonymous> (/data/Workspace/helios/starwards/modules/core/src/client/driver.ts:53:58)
          at /data/Workspace/helios/starwards/node_modules/colyseus.js/src/core/signal.ts:15:48
          at Array.forEach (<anonymous>)
          at EventEmitter.invoke (/data/Workspace/helios/starwards/node_modules/colyseus.js/src/core/signal.ts:15:19)
          at Function.register.invoke (/data/Workspace/helios/starwards/node_modules/colyseus.js/src/core/signal.ts:57:81)
          at WebSocket.connection.events.onclose (/data/Workspace/helios/starwards/node_modules/colyseus.js/src/Room.ts:89:30)
          at callListener (/data/Workspace/helios/starwards/node_modules/colyseus.js/node_modules/ws/lib/event-target.js:290:14)
          at WebSocket.onClose (/data/Workspace/helios/starwards/node_modules/colyseus.js/node_modules/ws/lib/event-target.js:220:9)
          at WebSocket.emit (node:events:524:28)
          at WebSocket.emitClose (/data/Workspace/helios/starwards/node_modules/colyseus.js/node_modules/ws/lib/websocket.js:272:10)
          at Socket.socketOnClose (/data/Workspace/helios/starwards/node_modules/colyseus.js/node_modules/ws/lib/websocket.js:1341:15)
          at Socket.emit (node:events:524:28)
          at TCP.<anonymous> (node:net:343:12)

      at ConnectionManager.onConnectionError (modules/core/src/client/connection-manager.ts:144:21)
          at Array.forEach (<anonymous>)

    console.log
      connection error: TypeError: Cannot read properties of undefined (reading 'decoder')
          at wireEvents (/data/Workspace/helios/starwards/node_modules/colyseus-events/src/wire-events.ts:30:40)
          at /data/Workspace/helios/starwards/modules/core/src/client/admin.ts:20:5
          at processTicksAndRejections (node:internal/process/task_queues:95:5)
          at /data/Workspace/helios/starwards/modules/core/src/client/connection-manager.ts:131:21

      at ConnectionManager.onConnectionError (modules/core/src/client/connection-manager.ts:144:21)

    console.log
      connection error: Error: disconnected from server
          at EventEmitter.<anonymous> (/data/Workspace/helios/starwards/modules/core/src/client/driver.ts:53:58)
          at /data/Workspace/helios/starwards/node_modules/colyseus.js/src/core/signal.ts:15:48
          at Array.forEach (<anonymous>)
          at EventEmitter.invoke (/data/Workspace/helios/starwards/node_modules/colyseus.js/src/core/signal.ts:15:19)
          at Function.register.invoke (/data/Workspace/helios/starwards/node_modules/colyseus.js/src/core/signal.ts:57:81)
          at WebSocket.connection.events.onclose (/data/Workspace/helios/starwards/node_modules/colyseus.js/src/Room.ts:89:30)
          at callListener (/data/Workspace/helios/starwards/node_modules/colyseus.js/node_modules/ws/lib/event-target.js:290:14)
          at WebSocket.onClose (/data/Workspace/helios/starwards/node_modules/colyseus.js/node_modules/ws/lib/event-target.js:220:9)
          at WebSocket.emit (node:events:524:28)
          at WebSocket.emitClose (/data/Workspace/helios/starwards/node_modules/colyseus.js/node_modules/ws/lib/websocket.js:272:10)
          at Socket.socketOnClose (/data/Workspace/helios/starwards/node_modules/colyseus.js/node_modules/ws/lib/websocket.js:1341:15)
          at Socket.emit (node:events:524:28)
          at TCP.<anonymous> (node:net:343:12)

      at ConnectionManager.onConnectionError (modules/core/src/client/connection-manager.ts:144:21)
          at Array.forEach (<anonymous>)

    console.log
      connection error: TypeError: Cannot read properties of undefined (reading 'decoder')
          at wireEvents (/data/Workspace/helios/starwards/node_modules/colyseus-events/src/wire-events.ts:30:40)
          at /data/Workspace/helios/starwards/modules/core/src/client/admin.ts:20:5
          at processTicksAndRejections (node:internal/process/task_queues:95:5)
          at /data/Workspace/helios/starwards/modules/core/src/client/connection-manager.ts:131:21

      at ConnectionManager.onConnectionError (modules/core/src/client/connection-manager.ts:144:21)

    console.log
      connection error: Error: disconnected from server
          at EventEmitter.<anonymous> (/data/Workspace/helios/starwards/modules/core/src/client/driver.ts:53:58)
          at /data/Workspace/helios/starwards/node_modules/colyseus.js/src/core/signal.ts:15:48
          at Array.forEach (<anonymous>)
          at EventEmitter.invoke (/data/Workspace/helios/starwards/node_modules/colyseus.js/src/core/signal.ts:15:19)
          at Function.register.invoke (/data/Workspace/helios/starwards/node_modules/colyseus.js/src/core/signal.ts:57:81)
          at WebSocket.connection.events.onclose (/data/Workspace/helios/starwards/node_modules/colyseus.js/src/Room.ts:89:30)
          at callListener (/data/Workspace/helios/starwards/node_modules/colyseus.js/node_modules/ws/lib/event-target.js:290:14)
          at WebSocket.onClose (/data/Workspace/helios/starwards/node_modules/colyseus.js/node_modules/ws/lib/event-target.js:220:9)
          at WebSocket.emit (node:events:524:28)
          at WebSocket.emitClose (/data/Workspace/helios/starwards/node_modules/colyseus.js/node_modules/ws/lib/websocket.js:272:10)
          at Socket.socketOnClose (/data/Workspace/helios/starwards/node_modules/colyseus.js/node_modules/ws/lib/websocket.js:1341:15)
          at Socket.emit (node:events:524:28)
          at TCP.<anonymous> (node:net:343:12)

      at ConnectionManager.onConnectionError (modules/core/src/client/connection-manager.ts:144:21)
          at Array.forEach (<anonymous>)

    console.log
      connection error: TypeError: Cannot read properties of undefined (reading 'decoder')
          at wireEvents (/data/Workspace/helios/starwards/node_modules/colyseus-events/src/wire-events.ts:30:40)
          at /data/Workspace/helios/starwards/modules/core/src/client/admin.ts:20:5
          at processTicksAndRejections (node:internal/process/task_queues:95:5)
          at /data/Workspace/helios/starwards/modules/core/src/client/connection-manager.ts:131:21

      at ConnectionManager.onConnectionError (modules/core/src/client/connection-manager.ts:144:21)

    console.log
      connection error: Error: disconnected from server
          at EventEmitter.<anonymous> (/data/Workspace/helios/starwards/modules/core/src/client/driver.ts:53:58)
          at /data/Workspace/helios/starwards/node_modules/colyseus.js/src/core/signal.ts:15:48
          at Array.forEach (<anonymous>)
          at EventEmitter.invoke (/data/Workspace/helios/starwards/node_modules/colyseus.js/src/core/signal.ts:15:19)
          at Function.register.invoke (/data/Workspace/helios/starwards/node_modules/colyseus.js/src/core/signal.ts:57:81)
          at WebSocket.connection.events.onclose (/data/Workspace/helios/starwards/node_modules/colyseus.js/src/Room.ts:89:30)
          at callListener (/data/Workspace/helios/starwards/node_modules/colyseus.js/node_modules/ws/lib/event-target.js:290:14)
          at WebSocket.onClose (/data/Workspace/helios/starwards/node_modules/colyseus.js/node_modules/ws/lib/event-target.js:220:9)
          at WebSocket.emit (node:events:524:28)
          at WebSocket.emitClose (/data/Workspace/helios/starwards/node_modules/colyseus.js/node_modules/ws/lib/websocket.js:272:10)
          at Socket.socketOnClose (/data/Workspace/helios/starwards/node_modules/colyseus.js/node_modules/ws/lib/websocket.js:1341:15)
          at Socket.emit (node:events:524:28)
          at TCP.<anonymous> (node:net:343:12)

      at ConnectionManager.onConnectionError (modules/core/src/client/connection-manager.ts:144:21)
          at Array.forEach (<anonymous>)

    console.log
      connection error: TypeError: Cannot read properties of undefined (reading 'decoder')
          at wireEvents (/data/Workspace/helios/starwards/node_modules/colyseus-events/src/wire-events.ts:30:40)
          at /data/Workspace/helios/starwards/modules/core/src/client/admin.ts:20:5
          at processTicksAndRejections (node:internal/process/task_queues:95:5)
          at /data/Workspace/helios/starwards/modules/core/src/client/connection-manager.ts:131:21

      at ConnectionManager.onConnectionError (modules/core/src/client/connection-manager.ts:144:21)

    console.log
      connection error: Error: disconnected from server
          at EventEmitter.<anonymous> (/data/Workspace/helios/starwards/modules/core/src/client/driver.ts:53:58)
          at /data/Workspace/helios/starwards/node_modules/colyseus.js/src/core/signal.ts:15:48
          at Array.forEach (<anonymous>)
          at EventEmitter.invoke (/data/Workspace/helios/starwards/node_modules/colyseus.js/src/core/signal.ts:15:19)
          at Function.register.invoke (/data/Workspace/helios/starwards/node_modules/colyseus.js/src/core/signal.ts:57:81)
          at WebSocket.connection.events.onclose (/data/Workspace/helios/starwards/node_modules/colyseus.js/src/Room.ts:89:30)
          at callListener (/data/Workspace/helios/starwards/node_modules/colyseus.js/node_modules/ws/lib/event-target.js:290:14)
          at WebSocket.onClose (/data/Workspace/helios/starwards/node_modules/colyseus.js/node_modules/ws/lib/event-target.js:220:9)
          at WebSocket.emit (node:events:524:28)
          at WebSocket.emitClose (/data/Workspace/helios/starwards/node_modules/colyseus.js/node_modules/ws/lib/websocket.js:272:10)
          at Socket.socketOnClose (/data/Workspace/helios/starwards/node_modules/colyseus.js/node_modules/ws/lib/websocket.js:1341:15)
          at Socket.emit (node:events:524:28)
          at TCP.<anonymous> (node:net:343:12)

      at ConnectionManager.onConnectionError (modules/core/src/client/connection-manager.ts:144:21)
          at Array.forEach (<anonymous>)

    console.log
      connection error: TypeError: Cannot read properties of undefined (reading 'decoder')
          at wireEvents (/data/Workspace/helios/starwards/node_modules/colyseus-events/src/wire-events.ts:30:40)
          at /data/Workspace/helios/starwards/modules/core/src/client/admin.ts:20:5
          at processTicksAndRejections (node:internal/process/task_queues:95:5)
          at /data/Workspace/helios/starwards/modules/core/src/client/connection-manager.ts:131:21

      at ConnectionManager.onConnectionError (modules/core/src/client/connection-manager.ts:144:21)

    console.log
      connection error: Error: disconnected from server
          at EventEmitter.<anonymous> (/data/Workspace/helios/starwards/modules/core/src/client/driver.ts:53:58)
          at /data/Workspace/helios/starwards/node_modules/colyseus.js/src/core/signal.ts:15:48
          at Array.forEach (<anonymous>)
          at EventEmitter.invoke (/data/Workspace/helios/starwards/node_modules/colyseus.js/src/core/signal.ts:15:19)
          at Function.register.invoke (/data/Workspace/helios/starwards/node_modules/colyseus.js/src/core/signal.ts:57:81)
          at WebSocket.connection.events.onclose (/data/Workspace/helios/starwards/node_modules/colyseus.js/src/Room.ts:89:30)
          at callListener (/data/Workspace/helios/starwards/node_modules/colyseus.js/node_modules/ws/lib/event-target.js:290:14)
          at WebSocket.onClose (/data/Workspace/helios/starwards/node_modules/colyseus.js/node_modules/ws/lib/event-target.js:220:9)
          at WebSocket.emit (node:events:524:28)
          at WebSocket.emitClose (/data/Workspace/helios/starwards/node_modules/colyseus.js/node_modules/ws/lib/websocket.js:272:10)
          at Socket.socketOnClose (/data/Workspace/helios/starwards/node_modules/colyseus.js/node_modules/ws/lib/websocket.js:1341:15)
          at Socket.emit (node:events:524:28)
          at TCP.<anonymous> (node:net:343:12)

      at ConnectionManager.onConnectionError (modules/core/src/client/connection-manager.ts:144:21)
          at Array.forEach (<anonymous>)

    console.log
      connection error: TypeError: Cannot read properties of undefined (reading 'decoder')
          at wireEvents (/data/Workspace/helios/starwards/node_modules/colyseus-events/src/wire-events.ts:30:40)
          at /data/Workspace/helios/starwards/modules/core/src/client/admin.ts:20:5
          at processTicksAndRejections (node:internal/process/task_queues:95:5)
          at /data/Workspace/helios/starwards/modules/core/src/client/connection-manager.ts:131:21

      at ConnectionManager.onConnectionError (modules/core/src/client/connection-manager.ts:144:21)

    console.log
      connection error: Error: disconnected from server
          at EventEmitter.<anonymous> (/data/Workspace/helios/starwards/modules/core/src/client/driver.ts:53:58)
          at /data/Workspace/helios/starwards/node_modules/colyseus.js/src/core/signal.ts:15:48
          at Array.forEach (<anonymous>)
          at EventEmitter.invoke (/data/Workspace/helios/starwards/node_modules/colyseus.js/src/core/signal.ts:15:19)
          at Function.register.invoke (/data/Workspace/helios/starwards/node_modules/colyseus.js/src/core/signal.ts:57:81)
          at WebSocket.connection.events.onclose (/data/Workspace/helios/starwards/node_modules/colyseus.js/src/Room.ts:89:30)
          at callListener (/data/Workspace/helios/starwards/node_modules/colyseus.js/node_modules/ws/lib/event-target.js:290:14)
          at WebSocket.onClose (/data/Workspace/helios/starwards/node_modules/colyseus.js/node_modules/ws/lib/event-target.js:220:9)
          at WebSocket.emit (node:events:524:28)
          at WebSocket.emitClose (/data/Workspace/helios/starwards/node_modules/colyseus.js/node_modules/ws/lib/websocket.js:272:10)
          at Socket.socketOnClose (/data/Workspace/helios/starwards/node_modules/colyseus.js/node_modules/ws/lib/websocket.js:1341:15)
          at Socket.emit (node:events:524:28)
          at TCP.<anonymous> (node:net:343:12)

      at ConnectionManager.onConnectionError (modules/core/src/client/connection-manager.ts:144:21)
          at Array.forEach (<anonymous>)

    console.log
      connection error: TypeError: Cannot read properties of undefined (reading 'decoder')
          at wireEvents (/data/Workspace/helios/starwards/node_modules/colyseus-events/src/wire-events.ts:30:40)
          at /data/Workspace/helios/starwards/modules/core/src/client/admin.ts:20:5
          at processTicksAndRejections (node:internal/process/task_queues:95:5)
          at /data/Workspace/helios/starwards/modules/core/src/client/connection-manager.ts:131:21

      at ConnectionManager.onConnectionError (modules/core/src/client/connection-manager.ts:144:21)

    console.log
      connection error: Error: disconnected from server
          at EventEmitter.<anonymous> (/data/Workspace/helios/starwards/modules/core/src/client/driver.ts:53:58)
          at /data/Workspace/helios/starwards/node_modules/colyseus.js/src/core/signal.ts:15:48
          at Array.forEach (<anonymous>)
          at EventEmitter.invoke (/data/Workspace/helios/starwards/node_modules/colyseus.js/src/core/signal.ts:15:19)
          at Function.register.invoke (/data/Workspace/helios/starwards/node_modules/colyseus.js/src/core/signal.ts:57:81)
          at WebSocket.connection.events.onclose (/data/Workspace/helios/starwards/node_modules/colyseus.js/src/Room.ts:89:30)
          at callListener (/data/Workspace/helios/starwards/node_modules/colyseus.js/node_modules/ws/lib/event-target.js:290:14)
          at WebSocket.onClose (/data/Workspace/helios/starwards/node_modules/colyseus.js/node_modules/ws/lib/event-target.js:220:9)
          at WebSocket.emit (node:events:524:28)
          at WebSocket.emitClose (/data/Workspace/helios/starwards/node_modules/colyseus.js/node_modules/ws/lib/websocket.js:272:10)
          at Socket.socketOnClose (/data/Workspace/helios/starwards/node_modules/colyseus.js/node_modules/ws/lib/websocket.js:1341:15)
          at Socket.emit (node:events:524:28)
          at TCP.<anonymous> (node:net:343:12)

      at ConnectionManager.onConnectionError (modules/core/src/client/connection-manager.ts:144:21)
          at Array.forEach (<anonymous>)

    console.log
      connection error: TypeError: Cannot read properties of undefined (reading 'decoder')
          at wireEvents (/data/Workspace/helios/starwards/node_modules/colyseus-events/src/wire-events.ts:30:40)
          at /data/Workspace/helios/starwards/modules/core/src/client/admin.ts:20:5
          at processTicksAndRejections (node:internal/process/task_queues:95:5)
          at /data/Workspace/helios/starwards/modules/core/src/client/connection-manager.ts:131:21

      at ConnectionManager.onConnectionError (modules/core/src/client/connection-manager.ts:144:21)

    console.log
      connection error: Error: disconnected from server
          at EventEmitter.<anonymous> (/data/Workspace/helios/starwards/modules/core/src/client/driver.ts:53:58)
          at /data/Workspace/helios/starwards/node_modules/colyseus.js/src/core/signal.ts:15:48
          at Array.forEach (<anonymous>)
          at EventEmitter.invoke (/data/Workspace/helios/starwards/node_modules/colyseus.js/src/core/signal.ts:15:19)
          at Function.register.invoke (/data/Workspace/helios/starwards/node_modules/colyseus.js/src/core/signal.ts:57:81)
          at WebSocket.connection.events.onclose (/data/Workspace/helios/starwards/node_modules/colyseus.js/src/Room.ts:89:30)
          at callListener (/data/Workspace/helios/starwards/node_modules/colyseus.js/node_modules/ws/lib/event-target.js:290:14)
          at WebSocket.onClose (/data/Workspace/helios/starwards/node_modules/colyseus.js/node_modules/ws/lib/event-target.js:220:9)
          at WebSocket.emit (node:events:524:28)
          at WebSocket.emitClose (/data/Workspace/helios/starwards/node_modules/colyseus.js/node_modules/ws/lib/websocket.js:272:10)
          at Socket.socketOnClose (/data/Workspace/helios/starwards/node_modules/colyseus.js/node_modules/ws/lib/websocket.js:1341:15)
          at Socket.emit (node:events:524:28)
          at TCP.<anonymous> (node:net:343:12)

      at ConnectionManager.onConnectionError (modules/core/src/client/connection-manager.ts:144:21)
          at Array.forEach (<anonymous>)

    console.log
      connection error: TypeError: Cannot read properties of undefined (reading 'decoder')
          at wireEvents (/data/Workspace/helios/starwards/node_modules/colyseus-events/src/wire-events.ts:30:40)
          at /data/Workspace/helios/starwards/modules/core/src/client/admin.ts:20:5
          at processTicksAndRejections (node:internal/process/task_queues:95:5)
          at /data/Workspace/helios/starwards/modules/core/src/client/connection-manager.ts:131:21

      at ConnectionManager.onConnectionError (modules/core/src/client/connection-manager.ts:144:21)

    console.log
      connection error: Error: disconnected from server
          at EventEmitter.<anonymous> (/data/Workspace/helios/starwards/modules/core/src/client/driver.ts:53:58)
          at /data/Workspace/helios/starwards/node_modules/colyseus.js/src/core/signal.ts:15:48
          at Array.forEach (<anonymous>)
          at EventEmitter.invoke (/data/Workspace/helios/starwards/node_modules/colyseus.js/src/core/signal.ts:15:19)
          at Function.register.invoke (/data/Workspace/helios/starwards/node_modules/colyseus.js/src/core/signal.ts:57:81)
          at WebSocket.connection.events.onclose (/data/Workspace/helios/starwards/node_modules/colyseus.js/src/Room.ts:89:30)
          at callListener (/data/Workspace/helios/starwards/node_modules/colyseus.js/node_modules/ws/lib/event-target.js:290:14)
          at WebSocket.onClose (/data/Workspace/helios/starwards/node_modules/colyseus.js/node_modules/ws/lib/event-target.js:220:9)
          at WebSocket.emit (node:events:524:28)
          at WebSocket.emitClose (/data/Workspace/helios/starwards/node_modules/colyseus.js/node_modules/ws/lib/websocket.js:272:10)
          at Socket.socketOnClose (/data/Workspace/helios/starwards/node_modules/colyseus.js/node_modules/ws/lib/websocket.js:1341:15)
          at Socket.emit (node:events:524:28)
          at TCP.<anonymous> (node:net:343:12)

      at ConnectionManager.onConnectionError (modules/core/src/client/connection-manager.ts:144:21)
          at Array.forEach (<anonymous>)

    console.log
      connection error: TypeError: Cannot read properties of undefined (reading 'decoder')
          at wireEvents (/data/Workspace/helios/starwards/node_modules/colyseus-events/src/wire-events.ts:30:40)
          at /data/Workspace/helios/starwards/modules/core/src/client/admin.ts:20:5
          at processTicksAndRejections (node:internal/process/task_queues:95:5)
          at /data/Workspace/helios/starwards/modules/core/src/client/connection-manager.ts:131:21

      at ConnectionManager.onConnectionError (modules/core/src/client/connection-manager.ts:144:21)

    console.log
      connection error: Error: disconnected from server
          at EventEmitter.<anonymous> (/data/Workspace/helios/starwards/modules/core/src/client/driver.ts:53:58)
          at /data/Workspace/helios/starwards/node_modules/colyseus.js/src/core/signal.ts:15:48
          at Array.forEach (<anonymous>)
          at EventEmitter.invoke (/data/Workspace/helios/starwards/node_modules/colyseus.js/src/core/signal.ts:15:19)
          at Function.register.invoke (/data/Workspace/helios/starwards/node_modules/colyseus.js/src/core/signal.ts:57:81)
          at WebSocket.connection.events.onclose (/data/Workspace/helios/starwards/node_modules/colyseus.js/src/Room.ts:89:30)
          at callListener (/data/Workspace/helios/starwards/node_modules/colyseus.js/node_modules/ws/lib/event-target.js:290:14)
          at WebSocket.onClose (/data/Workspace/helios/starwards/node_modules/colyseus.js/node_modules/ws/lib/event-target.js:220:9)
          at WebSocket.emit (node:events:524:28)
          at WebSocket.emitClose (/data/Workspace/helios/starwards/node_modules/colyseus.js/node_modules/ws/lib/websocket.js:272:10)
          at Socket.socketOnClose (/data/Workspace/helios/starwards/node_modules/colyseus.js/node_modules/ws/lib/websocket.js:1341:15)
          at Socket.emit (node:events:524:28)
          at TCP.<anonymous> (node:net:343:12)

      at ConnectionManager.onConnectionError (modules/core/src/client/connection-manager.ts:144:21)
          at Array.forEach (<anonymous>)

    console.log
      connection error: TypeError: Cannot read properties of undefined (reading 'decoder')
          at wireEvents (/data/Workspace/helios/starwards/node_modules/colyseus-events/src/wire-events.ts:30:40)
          at /data/Workspace/helios/starwards/modules/core/src/client/admin.ts:20:5
          at processTicksAndRejections (node:internal/process/task_queues:95:5)
          at /data/Workspace/helios/starwards/modules/core/src/client/connection-manager.ts:131:21

      at ConnectionManager.onConnectionError (modules/core/src/client/connection-manager.ts:144:21)

    console.log
      connection error: Error: disconnected from server
          at EventEmitter.<anonymous> (/data/Workspace/helios/starwards/modules/core/src/client/driver.ts:53:58)
          at /data/Workspace/helios/starwards/node_modules/colyseus.js/src/core/signal.ts:15:48
          at Array.forEach (<anonymous>)
          at EventEmitter.invoke (/data/Workspace/helios/starwards/node_modules/colyseus.js/src/core/signal.ts:15:19)
          at Function.register.invoke (/data/Workspace/helios/starwards/node_modules/colyseus.js/src/core/signal.ts:57:81)
          at WebSocket.connection.events.onclose (/data/Workspace/helios/starwards/node_modules/colyseus.js/src/Room.ts:89:30)
          at callListener (/data/Workspace/helios/starwards/node_modules/colyseus.js/node_modules/ws/lib/event-target.js:290:14)
          at WebSocket.onClose (/data/Workspace/helios/starwards/node_modules/colyseus.js/node_modules/ws/lib/event-target.js:220:9)
          at WebSocket.emit (node:events:524:28)
          at WebSocket.emitClose (/data/Workspace/helios/starwards/node_modules/colyseus.js/node_modules/ws/lib/websocket.js:272:10)
          at Socket.socketOnClose (/data/Workspace/helios/starwards/node_modules/colyseus.js/node_modules/ws/lib/websocket.js:1341:15)
          at Socket.emit (node:events:524:28)
          at TCP.<anonymous> (node:net:343:12)

      at ConnectionManager.onConnectionError (modules/core/src/client/connection-manager.ts:144:21)
          at Array.forEach (<anonymous>)

    console.log
      connection error: TypeError: Cannot read properties of undefined (reading 'decoder')
          at wireEvents (/data/Workspace/helios/starwards/node_modules/colyseus-events/src/wire-events.ts:30:40)
          at /data/Workspace/helios/starwards/modules/core/src/client/admin.ts:20:5
          at processTicksAndRejections (node:internal/process/task_queues:95:5)
          at /data/Workspace/helios/starwards/modules/core/src/client/connection-manager.ts:131:21

      at ConnectionManager.onConnectionError (modules/core/src/client/connection-manager.ts:144:21)

    console.log
      connection error: Error: disconnected from server
          at EventEmitter.<anonymous> (/data/Workspace/helios/starwards/modules/core/src/client/driver.ts:53:58)
          at /data/Workspace/helios/starwards/node_modules/colyseus.js/src/core/signal.ts:15:48
          at Array.forEach (<anonymous>)
          at EventEmitter.invoke (/data/Workspace/helios/starwards/node_modules/colyseus.js/src/core/signal.ts:15:19)
          at Function.register.invoke (/data/Workspace/helios/starwards/node_modules/colyseus.js/src/core/signal.ts:57:81)
          at WebSocket.connection.events.onclose (/data/Workspace/helios/starwards/node_modules/colyseus.js/src/Room.ts:89:30)
          at callListener (/data/Workspace/helios/starwards/node_modules/colyseus.js/node_modules/ws/lib/event-target.js:290:14)
          at WebSocket.onClose (/data/Workspace/helios/starwards/node_modules/colyseus.js/node_modules/ws/lib/event-target.js:220:9)
          at WebSocket.emit (node:events:524:28)
          at WebSocket.emitClose (/data/Workspace/helios/starwards/node_modules/colyseus.js/node_modules/ws/lib/websocket.js:272:10)
          at Socket.socketOnClose (/data/Workspace/helios/starwards/node_modules/colyseus.js/node_modules/ws/lib/websocket.js:1341:15)
          at Socket.emit (node:events:524:28)
          at TCP.<anonymous> (node:net:343:12)

      at ConnectionManager.onConnectionError (modules/core/src/client/connection-manager.ts:144:21)
          at Array.forEach (<anonymous>)

    console.log
      connection error: TypeError: Cannot read properties of undefined (reading 'decoder')
          at wireEvents (/data/Workspace/helios/starwards/node_modules/colyseus-events/src/wire-events.ts:30:40)
          at /data/Workspace/helios/starwards/modules/core/src/client/admin.ts:20:5
          at processTicksAndRejections (node:internal/process/task_queues:95:5)
          at /data/Workspace/helios/starwards/modules/core/src/client/connection-manager.ts:131:21

      at ConnectionManager.onConnectionError (modules/core/src/client/connection-manager.ts:144:21)

    console.log
      connection error: Error: disconnected from server
          at EventEmitter.<anonymous> (/data/Workspace/helios/starwards/modules/core/src/client/driver.ts:53:58)
          at /data/Workspace/helios/starwards/node_modules/colyseus.js/src/core/signal.ts:15:48
          at Array.forEach (<anonymous>)
          at EventEmitter.invoke (/data/Workspace/helios/starwards/node_modules/colyseus.js/src/core/signal.ts:15:19)
          at Function.register.invoke (/data/Workspace/helios/starwards/node_modules/colyseus.js/src/core/signal.ts:57:81)
          at WebSocket.connection.events.onclose (/data/Workspace/helios/starwards/node_modules/colyseus.js/src/Room.ts:89:30)
          at callListener (/data/Workspace/helios/starwards/node_modules/colyseus.js/node_modules/ws/lib/event-target.js:290:14)
          at WebSocket.onClose (/data/Workspace/helios/starwards/node_modules/colyseus.js/node_modules/ws/lib/event-target.js:220:9)
          at WebSocket.emit (node:events:524:28)
          at WebSocket.emitClose (/data/Workspace/helios/starwards/node_modules/colyseus.js/node_modules/ws/lib/websocket.js:272:10)
          at Socket.socketOnClose (/data/Workspace/helios/starwards/node_modules/colyseus.js/node_modules/ws/lib/websocket.js:1341:15)
          at Socket.emit (node:events:524:28)
          at TCP.<anonymous> (node:net:343:12)

      at ConnectionManager.onConnectionError (modules/core/src/client/connection-manager.ts:144:21)
          at Array.forEach (<anonymous>)

    console.log
      connection error: TypeError: Cannot read properties of undefined (reading 'decoder')
          at wireEvents (/data/Workspace/helios/starwards/node_modules/colyseus-events/src/wire-events.ts:30:40)
          at /data/Workspace/helios/starwards/modules/core/src/client/admin.ts:20:5
          at processTicksAndRejections (node:internal/process/task_queues:95:5)
          at /data/Workspace/helios/starwards/modules/core/src/client/connection-manager.ts:131:21

      at ConnectionManager.onConnectionError (modules/core/src/client/connection-manager.ts:144:21)

    console.log
      connection error: Error: disconnected from server
          at EventEmitter.<anonymous> (/data/Workspace/helios/starwards/modules/core/src/client/driver.ts:53:58)
          at /data/Workspace/helios/starwards/node_modules/colyseus.js/src/core/signal.ts:15:48
          at Array.forEach (<anonymous>)
          at EventEmitter.invoke (/data/Workspace/helios/starwards/node_modules/colyseus.js/src/core/signal.ts:15:19)
          at Function.register.invoke (/data/Workspace/helios/starwards/node_modules/colyseus.js/src/core/signal.ts:57:81)
          at WebSocket.connection.events.onclose (/data/Workspace/helios/starwards/node_modules/colyseus.js/src/Room.ts:89:30)
          at callListener (/data/Workspace/helios/starwards/node_modules/colyseus.js/node_modules/ws/lib/event-target.js:290:14)
          at WebSocket.onClose (/data/Workspace/helios/starwards/node_modules/colyseus.js/node_modules/ws/lib/event-target.js:220:9)
          at WebSocket.emit (node:events:524:28)
          at WebSocket.emitClose (/data/Workspace/helios/starwards/node_modules/colyseus.js/node_modules/ws/lib/websocket.js:272:10)
          at Socket.socketOnClose (/data/Workspace/helios/starwards/node_modules/colyseus.js/node_modules/ws/lib/websocket.js:1341:15)
          at Socket.emit (node:events:524:28)
          at TCP.<anonymous> (node:net:343:12)

      at ConnectionManager.onConnectionError (modules/core/src/client/connection-manager.ts:144:21)
          at Array.forEach (<anonymous>)

    console.log
      connection error: TypeError: Cannot read properties of undefined (reading 'decoder')
          at wireEvents (/data/Workspace/helios/starwards/node_modules/colyseus-events/src/wire-events.ts:30:40)
          at /data/Workspace/helios/starwards/modules/core/src/client/admin.ts:20:5
          at processTicksAndRejections (node:internal/process/task_queues:95:5)
          at /data/Workspace/helios/starwards/modules/core/src/client/connection-manager.ts:131:21

      at ConnectionManager.onConnectionError (modules/core/src/client/connection-manager.ts:144:21)

    console.log
      connection error: Error: disconnected from server
          at EventEmitter.<anonymous> (/data/Workspace/helios/starwards/modules/core/src/client/driver.ts:53:58)
          at /data/Workspace/helios/starwards/node_modules/colyseus.js/src/core/signal.ts:15:48
          at Array.forEach (<anonymous>)
          at EventEmitter.invoke (/data/Workspace/helios/starwards/node_modules/colyseus.js/src/core/signal.ts:15:19)
          at Function.register.invoke (/data/Workspace/helios/starwards/node_modules/colyseus.js/src/core/signal.ts:57:81)
          at WebSocket.connection.events.onclose (/data/Workspace/helios/starwards/node_modules/colyseus.js/src/Room.ts:89:30)
          at callListener (/data/Workspace/helios/starwards/node_modules/colyseus.js/node_modules/ws/lib/event-target.js:290:14)
          at WebSocket.onClose (/data/Workspace/helios/starwards/node_modules/colyseus.js/node_modules/ws/lib/event-target.js:220:9)
          at WebSocket.emit (node:events:524:28)
          at WebSocket.emitClose (/data/Workspace/helios/starwards/node_modules/colyseus.js/node_modules/ws/lib/websocket.js:272:10)
          at Socket.socketOnClose (/data/Workspace/helios/starwards/node_modules/colyseus.js/node_modules/ws/lib/websocket.js:1341:15)
          at Socket.emit (node:events:524:28)
          at TCP.<anonymous> (node:net:343:12)

      at ConnectionManager.onConnectionError (modules/core/src/client/connection-manager.ts:144:21)
          at Array.forEach (<anonymous>)

    console.log
      connection error: TypeError: Cannot read properties of undefined (reading 'decoder')
          at wireEvents (/data/Workspace/helios/starwards/node_modules/colyseus-events/src/wire-events.ts:30:40)
          at /data/Workspace/helios/starwards/modules/core/src/client/admin.ts:20:5
          at processTicksAndRejections (node:internal/process/task_queues:95:5)
          at /data/Workspace/helios/starwards/modules/core/src/client/connection-manager.ts:131:21

      at ConnectionManager.onConnectionError (modules/core/src/client/connection-manager.ts:144:21)

    console.log
      connection error: Error: disconnected from server
          at EventEmitter.<anonymous> (/data/Workspace/helios/starwards/modules/core/src/client/driver.ts:53:58)
          at /data/Workspace/helios/starwards/node_modules/colyseus.js/src/core/signal.ts:15:48
          at Array.forEach (<anonymous>)
          at EventEmitter.invoke (/data/Workspace/helios/starwards/node_modules/colyseus.js/src/core/signal.ts:15:19)
          at Function.register.invoke (/data/Workspace/helios/starwards/node_modules/colyseus.js/src/core/signal.ts:57:81)
          at WebSocket.connection.events.onclose (/data/Workspace/helios/starwards/node_modules/colyseus.js/src/Room.ts:89:30)
          at callListener (/data/Workspace/helios/starwards/node_modules/colyseus.js/node_modules/ws/lib/event-target.js:290:14)
          at WebSocket.onClose (/data/Workspace/helios/starwards/node_modules/colyseus.js/node_modules/ws/lib/event-target.js:220:9)
          at WebSocket.emit (node:events:524:28)
          at WebSocket.emitClose (/data/Workspace/helios/starwards/node_modules/colyseus.js/node_modules/ws/lib/websocket.js:272:10)
          at Socket.socketOnClose (/data/Workspace/helios/starwards/node_modules/colyseus.js/node_modules/ws/lib/websocket.js:1341:15)
          at Socket.emit (node:events:524:28)
          at TCP.<anonymous> (node:net:343:12)

      at ConnectionManager.onConnectionError (modules/core/src/client/connection-manager.ts:144:21)
          at Array.forEach (<anonymous>)

    console.log
      connection error: TypeError: Cannot read properties of undefined (reading 'decoder')
          at wireEvents (/data/Workspace/helios/starwards/node_modules/colyseus-events/src/wire-events.ts:30:40)
          at /data/Workspace/helios/starwards/modules/core/src/client/admin.ts:20:5
          at processTicksAndRejections (node:internal/process/task_queues:95:5)
          at /data/Workspace/helios/starwards/modules/core/src/client/connection-manager.ts:131:21

      at ConnectionManager.onConnectionError (modules/core/src/client/connection-manager.ts:144:21)

    console.log
      connection error: Error: disconnected from server
          at EventEmitter.<anonymous> (/data/Workspace/helios/starwards/modules/core/src/client/driver.ts:53:58)
          at /data/Workspace/helios/starwards/node_modules/colyseus.js/src/core/signal.ts:15:48
          at Array.forEach (<anonymous>)
          at EventEmitter.invoke (/data/Workspace/helios/starwards/node_modules/colyseus.js/src/core/signal.ts:15:19)
          at Function.register.invoke (/data/Workspace/helios/starwards/node_modules/colyseus.js/src/core/signal.ts:57:81)
          at WebSocket.connection.events.onclose (/data/Workspace/helios/starwards/node_modules/colyseus.js/src/Room.ts:89:30)
          at callListener (/data/Workspace/helios/starwards/node_modules/colyseus.js/node_modules/ws/lib/event-target.js:290:14)
          at WebSocket.onClose (/data/Workspace/helios/starwards/node_modules/colyseus.js/node_modules/ws/lib/event-target.js:220:9)
          at WebSocket.emit (node:events:524:28)
          at WebSocket.emitClose (/data/Workspace/helios/starwards/node_modules/colyseus.js/node_modules/ws/lib/websocket.js:272:10)
          at Socket.socketOnClose (/data/Workspace/helios/starwards/node_modules/colyseus.js/node_modules/ws/lib/websocket.js:1341:15)
          at Socket.emit (node:events:524:28)
          at TCP.<anonymous> (node:net:343:12)

      at ConnectionManager.onConnectionError (modules/core/src/client/connection-manager.ts:144:21)
          at Array.forEach (<anonymous>)

    console.log
      connection error: TypeError: Cannot read properties of undefined (reading 'decoder')
          at wireEvents (/data/Workspace/helios/starwards/node_modules/colyseus-events/src/wire-events.ts:30:40)
          at /data/Workspace/helios/starwards/modules/core/src/client/admin.ts:20:5
          at processTicksAndRejections (node:internal/process/task_queues:95:5)
          at /data/Workspace/helios/starwards/modules/core/src/client/connection-manager.ts:131:21

      at ConnectionManager.onConnectionError (modules/core/src/client/connection-manager.ts:144:21)

    console.log
      connection error: Error: disconnected from server
          at EventEmitter.<anonymous> (/data/Workspace/helios/starwards/modules/core/src/client/driver.ts:53:58)
          at /data/Workspace/helios/starwards/node_modules/colyseus.js/src/core/signal.ts:15:48
          at Array.forEach (<anonymous>)
          at EventEmitter.invoke (/data/Workspace/helios/starwards/node_modules/colyseus.js/src/core/signal.ts:15:19)
          at Function.register.invoke (/data/Workspace/helios/starwards/node_modules/colyseus.js/src/core/signal.ts:57:81)
          at WebSocket.connection.events.onclose (/data/Workspace/helios/starwards/node_modules/colyseus.js/src/Room.ts:89:30)
          at callListener (/data/Workspace/helios/starwards/node_modules/colyseus.js/node_modules/ws/lib/event-target.js:290:14)
          at WebSocket.onClose (/data/Workspace/helios/starwards/node_modules/colyseus.js/node_modules/ws/lib/event-target.js:220:9)
          at WebSocket.emit (node:events:524:28)
          at WebSocket.emitClose (/data/Workspace/helios/starwards/node_modules/colyseus.js/node_modules/ws/lib/websocket.js:272:10)
          at Socket.socketOnClose (/data/Workspace/helios/starwards/node_modules/colyseus.js/node_modules/ws/lib/websocket.js:1341:15)
          at Socket.emit (node:events:524:28)
          at TCP.<anonymous> (node:net:343:12)

      at ConnectionManager.onConnectionError (modules/core/src/client/connection-manager.ts:144:21)
          at Array.forEach (<anonymous>)

    console.log
      connection error: TypeError: Cannot read properties of undefined (reading 'decoder')
          at wireEvents (/data/Workspace/helios/starwards/node_modules/colyseus-events/src/wire-events.ts:30:40)
          at /data/Workspace/helios/starwards/modules/core/src/client/admin.ts:20:5
          at processTicksAndRejections (node:internal/process/task_queues:95:5)
          at /data/Workspace/helios/starwards/modules/core/src/client/connection-manager.ts:131:21

      at ConnectionManager.onConnectionError (modules/core/src/client/connection-manager.ts:144:21)

    console.log
      connection error: Error: disconnected from server
          at EventEmitter.<anonymous> (/data/Workspace/helios/starwards/modules/core/src/client/driver.ts:53:58)
          at /data/Workspace/helios/starwards/node_modules/colyseus.js/src/core/signal.ts:15:48
          at Array.forEach (<anonymous>)
          at EventEmitter.invoke (/data/Workspace/helios/starwards/node_modules/colyseus.js/src/core/signal.ts:15:19)
          at Function.register.invoke (/data/Workspace/helios/starwards/node_modules/colyseus.js/src/core/signal.ts:57:81)
          at WebSocket.connection.events.onclose (/data/Workspace/helios/starwards/node_modules/colyseus.js/src/Room.ts:89:30)
          at callListener (/data/Workspace/helios/starwards/node_modules/colyseus.js/node_modules/ws/lib/event-target.js:290:14)
          at WebSocket.onClose (/data/Workspace/helios/starwards/node_modules/colyseus.js/node_modules/ws/lib/event-target.js:220:9)
          at WebSocket.emit (node:events:524:28)
          at WebSocket.emitClose (/data/Workspace/helios/starwards/node_modules/colyseus.js/node_modules/ws/lib/websocket.js:272:10)
          at Socket.socketOnClose (/data/Workspace/helios/starwards/node_modules/colyseus.js/node_modules/ws/lib/websocket.js:1341:15)
          at Socket.emit (node:events:524:28)
          at TCP.<anonymous> (node:net:343:12)

      at ConnectionManager.onConnectionError (modules/core/src/client/connection-manager.ts:144:21)
          at Array.forEach (<anonymous>)

    console.log
      connection error: TypeError: Cannot read properties of undefined (reading 'decoder')
          at wireEvents (/data/Workspace/helios/starwards/node_modules/colyseus-events/src/wire-events.ts:30:40)
          at /data/Workspace/helios/starwards/modules/core/src/client/admin.ts:20:5
          at processTicksAndRejections (node:internal/process/task_queues:95:5)
          at /data/Workspace/helios/starwards/modules/core/src/client/connection-manager.ts:131:21

      at ConnectionManager.onConnectionError (modules/core/src/client/connection-manager.ts:144:21)

    console.log
      connection error: Error: disconnected from server
          at EventEmitter.<anonymous> (/data/Workspace/helios/starwards/modules/core/src/client/driver.ts:53:58)
          at /data/Workspace/helios/starwards/node_modules/colyseus.js/src/core/signal.ts:15:48
          at Array.forEach (<anonymous>)
          at EventEmitter.invoke (/data/Workspace/helios/starwards/node_modules/colyseus.js/src/core/signal.ts:15:19)
          at Function.register.invoke (/data/Workspace/helios/starwards/node_modules/colyseus.js/src/core/signal.ts:57:81)
          at WebSocket.connection.events.onclose (/data/Workspace/helios/starwards/node_modules/colyseus.js/src/Room.ts:89:30)
          at callListener (/data/Workspace/helios/starwards/node_modules/colyseus.js/node_modules/ws/lib/event-target.js:290:14)
          at WebSocket.onClose (/data/Workspace/helios/starwards/node_modules/colyseus.js/node_modules/ws/lib/event-target.js:220:9)
          at WebSocket.emit (node:events:524:28)
          at WebSocket.emitClose (/data/Workspace/helios/starwards/node_modules/colyseus.js/node_modules/ws/lib/websocket.js:272:10)
          at Socket.socketOnClose (/data/Workspace/helios/starwards/node_modules/colyseus.js/node_modules/ws/lib/websocket.js:1341:15)
          at Socket.emit (node:events:524:28)
          at TCP.<anonymous> (node:net:343:12)

      at ConnectionManager.onConnectionError (modules/core/src/client/connection-manager.ts:144:21)
          at Array.forEach (<anonymous>)

    console.log
      connection error: TypeError: Cannot read properties of undefined (reading 'decoder')
          at wireEvents (/data/Workspace/helios/starwards/node_modules/colyseus-events/src/wire-events.ts:30:40)
          at /data/Workspace/helios/starwards/modules/core/src/client/admin.ts:20:5
          at processTicksAndRejections (node:internal/process/task_queues:95:5)
          at /data/Workspace/helios/starwards/modules/core/src/client/connection-manager.ts:131:21

      at ConnectionManager.onConnectionError (modules/core/src/client/connection-manager.ts:144:21)

    console.log
      connection error: Error: disconnected from server
          at EventEmitter.<anonymous> (/data/Workspace/helios/starwards/modules/core/src/client/driver.ts:53:58)
          at /data/Workspace/helios/starwards/node_modules/colyseus.js/src/core/signal.ts:15:48
          at Array.forEach (<anonymous>)
          at EventEmitter.invoke (/data/Workspace/helios/starwards/node_modules/colyseus.js/src/core/signal.ts:15:19)
          at Function.register.invoke (/data/Workspace/helios/starwards/node_modules/colyseus.js/src/core/signal.ts:57:81)
          at WebSocket.connection.events.onclose (/data/Workspace/helios/starwards/node_modules/colyseus.js/src/Room.ts:89:30)
          at callListener (/data/Workspace/helios/starwards/node_modules/colyseus.js/node_modules/ws/lib/event-target.js:290:14)
          at WebSocket.onClose (/data/Workspace/helios/starwards/node_modules/colyseus.js/node_modules/ws/lib/event-target.js:220:9)
          at WebSocket.emit (node:events:524:28)
          at WebSocket.emitClose (/data/Workspace/helios/starwards/node_modules/colyseus.js/node_modules/ws/lib/websocket.js:272:10)
          at Socket.socketOnClose (/data/Workspace/helios/starwards/node_modules/colyseus.js/node_modules/ws/lib/websocket.js:1341:15)
          at Socket.emit (node:events:524:28)
          at TCP.<anonymous> (node:net:343:12)

      at ConnectionManager.onConnectionError (modules/core/src/client/connection-manager.ts:144:21)
          at Array.forEach (<anonymous>)

    console.log
      connection error: TypeError: Cannot read properties of undefined (reading 'decoder')
          at wireEvents (/data/Workspace/helios/starwards/node_modules/colyseus-events/src/wire-events.ts:30:40)
          at /data/Workspace/helios/starwards/modules/core/src/client/admin.ts:20:5
          at processTicksAndRejections (node:internal/process/task_queues:95:5)
          at /data/Workspace/helios/starwards/modules/core/src/client/connection-manager.ts:131:21

      at ConnectionManager.onConnectionError (modules/core/src/client/connection-manager.ts:144:21)

    console.log
      connection error: Error: disconnected from server
          at EventEmitter.<anonymous> (/data/Workspace/helios/starwards/modules/core/src/client/driver.ts:53:58)
          at /data/Workspace/helios/starwards/node_modules/colyseus.js/src/core/signal.ts:15:48
          at Array.forEach (<anonymous>)
          at EventEmitter.invoke (/data/Workspace/helios/starwards/node_modules/colyseus.js/src/core/signal.ts:15:19)
          at Function.register.invoke (/data/Workspace/helios/starwards/node_modules/colyseus.js/src/core/signal.ts:57:81)
          at WebSocket.connection.events.onclose (/data/Workspace/helios/starwards/node_modules/colyseus.js/src/Room.ts:89:30)
          at callListener (/data/Workspace/helios/starwards/node_modules/colyseus.js/node_modules/ws/lib/event-target.js:290:14)
          at WebSocket.onClose (/data/Workspace/helios/starwards/node_modules/colyseus.js/node_modules/ws/lib/event-target.js:220:9)
          at WebSocket.emit (node:events:524:28)
          at WebSocket.emitClose (/data/Workspace/helios/starwards/node_modules/colyseus.js/node_modules/ws/lib/websocket.js:272:10)
          at Socket.socketOnClose (/data/Workspace/helios/starwards/node_modules/colyseus.js/node_modules/ws/lib/websocket.js:1341:15)
          at Socket.emit (node:events:524:28)
          at TCP.<anonymous> (node:net:343:12)

      at ConnectionManager.onConnectionError (modules/core/src/client/connection-manager.ts:144:21)
          at Array.forEach (<anonymous>)

    console.log
      connection error: TypeError: Cannot read properties of undefined (reading 'decoder')
          at wireEvents (/data/Workspace/helios/starwards/node_modules/colyseus-events/src/wire-events.ts:30:40)
          at /data/Workspace/helios/starwards/modules/core/src/client/admin.ts:20:5
          at processTicksAndRejections (node:internal/process/task_queues:95:5)
          at /data/Workspace/helios/starwards/modules/core/src/client/connection-manager.ts:131:21

      at ConnectionManager.onConnectionError (modules/core/src/client/connection-manager.ts:144:21)

    console.log
      connection error: Error: disconnected from server
          at EventEmitter.<anonymous> (/data/Workspace/helios/starwards/modules/core/src/client/driver.ts:53:58)
          at /data/Workspace/helios/starwards/node_modules/colyseus.js/src/core/signal.ts:15:48
          at Array.forEach (<anonymous>)
          at EventEmitter.invoke (/data/Workspace/helios/starwards/node_modules/colyseus.js/src/core/signal.ts:15:19)
          at Function.register.invoke (/data/Workspace/helios/starwards/node_modules/colyseus.js/src/core/signal.ts:57:81)
          at WebSocket.connection.events.onclose (/data/Workspace/helios/starwards/node_modules/colyseus.js/src/Room.ts:89:30)
          at callListener (/data/Workspace/helios/starwards/node_modules/colyseus.js/node_modules/ws/lib/event-target.js:290:14)
          at WebSocket.onClose (/data/Workspace/helios/starwards/node_modules/colyseus.js/node_modules/ws/lib/event-target.js:220:9)
          at WebSocket.emit (node:events:524:28)
          at WebSocket.emitClose (/data/Workspace/helios/starwards/node_modules/colyseus.js/node_modules/ws/lib/websocket.js:272:10)
          at Socket.socketOnClose (/data/Workspace/helios/starwards/node_modules/colyseus.js/node_modules/ws/lib/websocket.js:1341:15)
          at Socket.emit (node:events:524:28)
          at TCP.<anonymous> (node:net:343:12)

      at ConnectionManager.onConnectionError (modules/core/src/client/connection-manager.ts:144:21)
          at Array.forEach (<anonymous>)

    console.log
      connection error: TypeError: Cannot read properties of undefined (reading 'decoder')
          at wireEvents (/data/Workspace/helios/starwards/node_modules/colyseus-events/src/wire-events.ts:30:40)
          at /data/Workspace/helios/starwards/modules/core/src/client/admin.ts:20:5
          at processTicksAndRejections (node:internal/process/task_queues:95:5)
          at /data/Workspace/helios/starwards/modules/core/src/client/connection-manager.ts:131:21

      at ConnectionManager.onConnectionError (modules/core/src/client/connection-manager.ts:144:21)

    console.log
      connection error: Error: disconnected from server
          at EventEmitter.<anonymous> (/data/Workspace/helios/starwards/modules/core/src/client/driver.ts:53:58)
          at /data/Workspace/helios/starwards/node_modules/colyseus.js/src/core/signal.ts:15:48
          at Array.forEach (<anonymous>)
          at EventEmitter.invoke (/data/Workspace/helios/starwards/node_modules/colyseus.js/src/core/signal.ts:15:19)
          at Function.register.invoke (/data/Workspace/helios/starwards/node_modules/colyseus.js/src/core/signal.ts:57:81)
          at WebSocket.connection.events.onclose (/data/Workspace/helios/starwards/node_modules/colyseus.js/src/Room.ts:89:30)
          at callListener (/data/Workspace/helios/starwards/node_modules/colyseus.js/node_modules/ws/lib/event-target.js:290:14)
          at WebSocket.onClose (/data/Workspace/helios/starwards/node_modules/colyseus.js/node_modules/ws/lib/event-target.js:220:9)
          at WebSocket.emit (node:events:524:28)
          at WebSocket.emitClose (/data/Workspace/helios/starwards/node_modules/colyseus.js/node_modules/ws/lib/websocket.js:272:10)
          at Socket.socketOnClose (/data/Workspace/helios/starwards/node_modules/colyseus.js/node_modules/ws/lib/websocket.js:1341:15)
          at Socket.emit (node:events:524:28)
          at TCP.<anonymous> (node:net:343:12)

      at ConnectionManager.onConnectionError (modules/core/src/client/connection-manager.ts:144:21)
          at Array.forEach (<anonymous>)

    console.log
      connection error: TypeError: Cannot read properties of undefined (reading 'decoder')
          at wireEvents (/data/Workspace/helios/starwards/node_modules/colyseus-events/src/wire-events.ts:30:40)
          at /data/Workspace/helios/starwards/modules/core/src/client/admin.ts:20:5
          at processTicksAndRejections (node:internal/process/task_queues:95:5)
          at /data/Workspace/helios/starwards/modules/core/src/client/connection-manager.ts:131:21

      at ConnectionManager.onConnectionError (modules/core/src/client/connection-manager.ts:144:21)

    console.log
      connection error: Error: disconnected from server
          at EventEmitter.<anonymous> (/data/Workspace/helios/starwards/modules/core/src/client/driver.ts:53:58)
          at /data/Workspace/helios/starwards/node_modules/colyseus.js/src/core/signal.ts:15:48
          at Array.forEach (<anonymous>)
          at EventEmitter.invoke (/data/Workspace/helios/starwards/node_modules/colyseus.js/src/core/signal.ts:15:19)
          at Function.register.invoke (/data/Workspace/helios/starwards/node_modules/colyseus.js/src/core/signal.ts:57:81)
          at WebSocket.connection.events.onclose (/data/Workspace/helios/starwards/node_modules/colyseus.js/src/Room.ts:89:30)
          at callListener (/data/Workspace/helios/starwards/node_modules/colyseus.js/node_modules/ws/lib/event-target.js:290:14)
          at WebSocket.onClose (/data/Workspace/helios/starwards/node_modules/colyseus.js/node_modules/ws/lib/event-target.js:220:9)
          at WebSocket.emit (node:events:524:28)
          at WebSocket.emitClose (/data/Workspace/helios/starwards/node_modules/colyseus.js/node_modules/ws/lib/websocket.js:272:10)
          at Socket.socketOnClose (/data/Workspace/helios/starwards/node_modules/colyseus.js/node_modules/ws/lib/websocket.js:1341:15)
          at Socket.emit (node:events:524:28)
          at TCP.<anonymous> (node:net:343:12)

      at ConnectionManager.onConnectionError (modules/core/src/client/connection-manager.ts:144:21)
          at Array.forEach (<anonymous>)

    console.log
      connection error: TypeError: Cannot read properties of undefined (reading 'decoder')
          at wireEvents (/data/Workspace/helios/starwards/node_modules/colyseus-events/src/wire-events.ts:30:40)
          at /data/Workspace/helios/starwards/modules/core/src/client/admin.ts:20:5
          at processTicksAndRejections (node:internal/process/task_queues:95:5)
          at /data/Workspace/helios/starwards/modules/core/src/client/connection-manager.ts:131:21

      at ConnectionManager.onConnectionError (modules/core/src/client/connection-manager.ts:144:21)

    console.log
      connection error: Error: disconnected from server
          at EventEmitter.<anonymous> (/data/Workspace/helios/starwards/modules/core/src/client/driver.ts:53:58)
          at /data/Workspace/helios/starwards/node_modules/colyseus.js/src/core/signal.ts:15:48
          at Array.forEach (<anonymous>)
          at EventEmitter.invoke (/data/Workspace/helios/starwards/node_modules/colyseus.js/src/core/signal.ts:15:19)
          at Function.register.invoke (/data/Workspace/helios/starwards/node_modules/colyseus.js/src/core/signal.ts:57:81)
          at WebSocket.connection.events.onclose (/data/Workspace/helios/starwards/node_modules/colyseus.js/src/Room.ts:89:30)
          at callListener (/data/Workspace/helios/starwards/node_modules/colyseus.js/node_modules/ws/lib/event-target.js:290:14)
          at WebSocket.onClose (/data/Workspace/helios/starwards/node_modules/colyseus.js/node_modules/ws/lib/event-target.js:220:9)
          at WebSocket.emit (node:events:524:28)
          at WebSocket.emitClose (/data/Workspace/helios/starwards/node_modules/colyseus.js/node_modules/ws/lib/websocket.js:272:10)
          at Socket.socketOnClose (/data/Workspace/helios/starwards/node_modules/colyseus.js/node_modules/ws/lib/websocket.js:1341:15)
          at Socket.emit (node:events:524:28)
          at TCP.<anonymous> (node:net:343:12)

      at ConnectionManager.onConnectionError (modules/core/src/client/connection-manager.ts:144:21)
          at Array.forEach (<anonymous>)

    console.log
      connection error: TypeError: Cannot read properties of undefined (reading 'decoder')
          at wireEvents (/data/Workspace/helios/starwards/node_modules/colyseus-events/src/wire-events.ts:30:40)
          at /data/Workspace/helios/starwards/modules/core/src/client/admin.ts:20:5
          at processTicksAndRejections (node:internal/process/task_queues:95:5)
          at /data/Workspace/helios/starwards/modules/core/src/client/connection-manager.ts:131:21

      at ConnectionManager.onConnectionError (modules/core/src/client/connection-manager.ts:144:21)

    console.log
      connection error: Error: disconnected from server
          at EventEmitter.<anonymous> (/data/Workspace/helios/starwards/modules/core/src/client/driver.ts:53:58)
          at /data/Workspace/helios/starwards/node_modules/colyseus.js/src/core/signal.ts:15:48
          at Array.forEach (<anonymous>)
          at EventEmitter.invoke (/data/Workspace/helios/starwards/node_modules/colyseus.js/src/core/signal.ts:15:19)
          at Function.register.invoke (/data/Workspace/helios/starwards/node_modules/colyseus.js/src/core/signal.ts:57:81)
          at WebSocket.connection.events.onclose (/data/Workspace/helios/starwards/node_modules/colyseus.js/src/Room.ts:89:30)
          at callListener (/data/Workspace/helios/starwards/node_modules/colyseus.js/node_modules/ws/lib/event-target.js:290:14)
          at WebSocket.onClose (/data/Workspace/helios/starwards/node_modules/colyseus.js/node_modules/ws/lib/event-target.js:220:9)
          at WebSocket.emit (node:events:524:28)
          at WebSocket.emitClose (/data/Workspace/helios/starwards/node_modules/colyseus.js/node_modules/ws/lib/websocket.js:272:10)
          at Socket.socketOnClose (/data/Workspace/helios/starwards/node_modules/colyseus.js/node_modules/ws/lib/websocket.js:1341:15)
          at Socket.emit (node:events:524:28)
          at TCP.<anonymous> (node:net:343:12)

      at ConnectionManager.onConnectionError (modules/core/src/client/connection-manager.ts:144:21)
          at Array.forEach (<anonymous>)

    console.log
      connection error: TypeError: Cannot read properties of undefined (reading 'decoder')
          at wireEvents (/data/Workspace/helios/starwards/node_modules/colyseus-events/src/wire-events.ts:30:40)
          at /data/Workspace/helios/starwards/modules/core/src/client/admin.ts:20:5
          at processTicksAndRejections (node:internal/process/task_queues:95:5)
          at /data/Workspace/helios/starwards/modules/core/src/client/connection-manager.ts:131:21

      at ConnectionManager.onConnectionError (modules/core/src/client/connection-manager.ts:144:21)

    console.log
      connection error: Error: disconnected from server
          at EventEmitter.<anonymous> (/data/Workspace/helios/starwards/modules/core/src/client/driver.ts:53:58)
          at /data/Workspace/helios/starwards/node_modules/colyseus.js/src/core/signal.ts:15:48
          at Array.forEach (<anonymous>)
          at EventEmitter.invoke (/data/Workspace/helios/starwards/node_modules/colyseus.js/src/core/signal.ts:15:19)
          at Function.register.invoke (/data/Workspace/helios/starwards/node_modules/colyseus.js/src/core/signal.ts:57:81)
          at WebSocket.connection.events.onclose (/data/Workspace/helios/starwards/node_modules/colyseus.js/src/Room.ts:89:30)
          at callListener (/data/Workspace/helios/starwards/node_modules/colyseus.js/node_modules/ws/lib/event-target.js:290:14)
          at WebSocket.onClose (/data/Workspace/helios/starwards/node_modules/colyseus.js/node_modules/ws/lib/event-target.js:220:9)
          at WebSocket.emit (node:events:524:28)
          at WebSocket.emitClose (/data/Workspace/helios/starwards/node_modules/colyseus.js/node_modules/ws/lib/websocket.js:272:10)
          at Socket.socketOnClose (/data/Workspace/helios/starwards/node_modules/colyseus.js/node_modules/ws/lib/websocket.js:1341:15)
          at Socket.emit (node:events:524:28)
          at TCP.<anonymous> (node:net:343:12)

      at ConnectionManager.onConnectionError (modules/core/src/client/connection-manager.ts:144:21)
          at Array.forEach (<anonymous>)

    console.log
      connection error: TypeError: Cannot read properties of undefined (reading 'decoder')
          at wireEvents (/data/Workspace/helios/starwards/node_modules/colyseus-events/src/wire-events.ts:30:40)
          at /data/Workspace/helios/starwards/modules/core/src/client/admin.ts:20:5
          at processTicksAndRejections (node:internal/process/task_queues:95:5)
          at /data/Workspace/helios/starwards/modules/core/src/client/connection-manager.ts:131:21

      at ConnectionManager.onConnectionError (modules/core/src/client/connection-manager.ts:144:21)

    console.log
      connection error: Error: disconnected from server
          at EventEmitter.<anonymous> (/data/Workspace/helios/starwards/modules/core/src/client/driver.ts:53:58)
          at /data/Workspace/helios/starwards/node_modules/colyseus.js/src/core/signal.ts:15:48
          at Array.forEach (<anonymous>)
          at EventEmitter.invoke (/data/Workspace/helios/starwards/node_modules/colyseus.js/src/core/signal.ts:15:19)
          at Function.register.invoke (/data/Workspace/helios/starwards/node_modules/colyseus.js/src/core/signal.ts:57:81)
          at WebSocket.connection.events.onclose (/data/Workspace/helios/starwards/node_modules/colyseus.js/src/Room.ts:89:30)
          at callListener (/data/Workspace/helios/starwards/node_modules/colyseus.js/node_modules/ws/lib/event-target.js:290:14)
          at WebSocket.onClose (/data/Workspace/helios/starwards/node_modules/colyseus.js/node_modules/ws/lib/event-target.js:220:9)
          at WebSocket.emit (node:events:524:28)
          at WebSocket.emitClose (/data/Workspace/helios/starwards/node_modules/colyseus.js/node_modules/ws/lib/websocket.js:272:10)
          at Socket.socketOnClose (/data/Workspace/helios/starwards/node_modules/colyseus.js/node_modules/ws/lib/websocket.js:1341:15)
          at Socket.emit (node:events:524:28)
          at TCP.<anonymous> (node:net:343:12)

      at ConnectionManager.onConnectionError (modules/core/src/client/connection-manager.ts:144:21)
          at Array.forEach (<anonymous>)

    console.log
      connection error: TypeError: Cannot read properties of undefined (reading 'decoder')
          at wireEvents (/data/Workspace/helios/starwards/node_modules/colyseus-events/src/wire-events.ts:30:40)
          at /data/Workspace/helios/starwards/modules/core/src/client/admin.ts:20:5
          at processTicksAndRejections (node:internal/process/task_queues:95:5)
          at /data/Workspace/helios/starwards/modules/core/src/client/connection-manager.ts:131:21

      at ConnectionManager.onConnectionError (modules/core/src/client/connection-manager.ts:144:21)

    console.log
      connection error: Error: disconnected from server
          at EventEmitter.<anonymous> (/data/Workspace/helios/starwards/modules/core/src/client/driver.ts:53:58)
          at /data/Workspace/helios/starwards/node_modules/colyseus.js/src/core/signal.ts:15:48
          at Array.forEach (<anonymous>)
          at EventEmitter.invoke (/data/Workspace/helios/starwards/node_modules/colyseus.js/src/core/signal.ts:15:19)
          at Function.register.invoke (/data/Workspace/helios/starwards/node_modules/colyseus.js/src/core/signal.ts:57:81)
          at WebSocket.connection.events.onclose (/data/Workspace/helios/starwards/node_modules/colyseus.js/src/Room.ts:89:30)
          at callListener (/data/Workspace/helios/starwards/node_modules/colyseus.js/node_modules/ws/lib/event-target.js:290:14)
          at WebSocket.onClose (/data/Workspace/helios/starwards/node_modules/colyseus.js/node_modules/ws/lib/event-target.js:220:9)
          at WebSocket.emit (node:events:524:28)
          at WebSocket.emitClose (/data/Workspace/helios/starwards/node_modules/colyseus.js/node_modules/ws/lib/websocket.js:272:10)
          at Socket.socketOnClose (/data/Workspace/helios/starwards/node_modules/colyseus.js/node_modules/ws/lib/websocket.js:1341:15)
          at Socket.emit (node:events:524:28)
          at TCP.<anonymous> (node:net:343:12)

      at ConnectionManager.onConnectionError (modules/core/src/client/connection-manager.ts:144:21)
          at Array.forEach (<anonymous>)

    console.log
      connection error: TypeError: Cannot read properties of undefined (reading 'decoder')
          at wireEvents (/data/Workspace/helios/starwards/node_modules/colyseus-events/src/wire-events.ts:30:40)
          at /data/Workspace/helios/starwards/modules/core/src/client/admin.ts:20:5
          at processTicksAndRejections (node:internal/process/task_queues:95:5)
          at /data/Workspace/helios/starwards/modules/core/src/client/connection-manager.ts:131:21

      at ConnectionManager.onConnectionError (modules/core/src/client/connection-manager.ts:144:21)

    console.log
      connection error: Error: disconnected from server
          at EventEmitter.<anonymous> (/data/Workspace/helios/starwards/modules/core/src/client/driver.ts:53:58)
          at /data/Workspace/helios/starwards/node_modules/colyseus.js/src/core/signal.ts:15:48
          at Array.forEach (<anonymous>)
          at EventEmitter.invoke (/data/Workspace/helios/starwards/node_modules/colyseus.js/src/core/signal.ts:15:19)
          at Function.register.invoke (/data/Workspace/helios/starwards/node_modules/colyseus.js/src/core/signal.ts:57:81)
          at WebSocket.connection.events.onclose (/data/Workspace/helios/starwards/node_modules/colyseus.js/src/Room.ts:89:30)
          at callListener (/data/Workspace/helios/starwards/node_modules/colyseus.js/node_modules/ws/lib/event-target.js:290:14)
          at WebSocket.onClose (/data/Workspace/helios/starwards/node_modules/colyseus.js/node_modules/ws/lib/event-target.js:220:9)
          at WebSocket.emit (node:events:524:28)
          at WebSocket.emitClose (/data/Workspace/helios/starwards/node_modules/colyseus.js/node_modules/ws/lib/websocket.js:272:10)
          at Socket.socketOnClose (/data/Workspace/helios/starwards/node_modules/colyseus.js/node_modules/ws/lib/websocket.js:1341:15)
          at Socket.emit (node:events:524:28)
          at TCP.<anonymous> (node:net:343:12)

      at ConnectionManager.onConnectionError (modules/core/src/client/connection-manager.ts:144:21)
          at Array.forEach (<anonymous>)

    console.log
      connection error: TypeError: Cannot read properties of undefined (reading 'decoder')
          at wireEvents (/data/Workspace/helios/starwards/node_modules/colyseus-events/src/wire-events.ts:30:40)
          at /data/Workspace/helios/starwards/modules/core/src/client/admin.ts:20:5
          at processTicksAndRejections (node:internal/process/task_queues:95:5)
          at /data/Workspace/helios/starwards/modules/core/src/client/connection-manager.ts:131:21

      at ConnectionManager.onConnectionError (modules/core/src/client/connection-manager.ts:144:21)

    console.log
      connection error: Error: disconnected from server
          at EventEmitter.<anonymous> (/data/Workspace/helios/starwards/modules/core/src/client/driver.ts:53:58)
          at /data/Workspace/helios/starwards/node_modules/colyseus.js/src/core/signal.ts:15:48
          at Array.forEach (<anonymous>)
          at EventEmitter.invoke (/data/Workspace/helios/starwards/node_modules/colyseus.js/src/core/signal.ts:15:19)
          at Function.register.invoke (/data/Workspace/helios/starwards/node_modules/colyseus.js/src/core/signal.ts:57:81)
          at WebSocket.connection.events.onclose (/data/Workspace/helios/starwards/node_modules/colyseus.js/src/Room.ts:89:30)
          at callListener (/data/Workspace/helios/starwards/node_modules/colyseus.js/node_modules/ws/lib/event-target.js:290:14)
          at WebSocket.onClose (/data/Workspace/helios/starwards/node_modules/colyseus.js/node_modules/ws/lib/event-target.js:220:9)
          at WebSocket.emit (node:events:524:28)
          at WebSocket.emitClose (/data/Workspace/helios/starwards/node_modules/colyseus.js/node_modules/ws/lib/websocket.js:272:10)
          at Socket.socketOnClose (/data/Workspace/helios/starwards/node_modules/colyseus.js/node_modules/ws/lib/websocket.js:1341:15)
          at Socket.emit (node:events:524:28)
          at TCP.<anonymous> (node:net:343:12)

      at ConnectionManager.onConnectionError (modules/core/src/client/connection-manager.ts:144:21)
          at Array.forEach (<anonymous>)

    console.log
      connection error: TypeError: Cannot read properties of undefined (reading 'decoder')
          at wireEvents (/data/Workspace/helios/starwards/node_modules/colyseus-events/src/wire-events.ts:30:40)
          at /data/Workspace/helios/starwards/modules/core/src/client/admin.ts:20:5
          at processTicksAndRejections (node:internal/process/task_queues:95:5)
          at /data/Workspace/helios/starwards/modules/core/src/client/connection-manager.ts:131:21

      at ConnectionManager.onConnectionError (modules/core/src/client/connection-manager.ts:144:21)

    console.log
      connection error: Error: disconnected from server
          at EventEmitter.<anonymous> (/data/Workspace/helios/starwards/modules/core/src/client/driver.ts:53:58)
          at /data/Workspace/helios/starwards/node_modules/colyseus.js/src/core/signal.ts:15:48
          at Array.forEach (<anonymous>)
          at EventEmitter.invoke (/data/Workspace/helios/starwards/node_modules/colyseus.js/src/core/signal.ts:15:19)
          at Function.register.invoke (/data/Workspace/helios/starwards/node_modules/colyseus.js/src/core/signal.ts:57:81)
          at WebSocket.connection.events.onclose (/data/Workspace/helios/starwards/node_modules/colyseus.js/src/Room.ts:89:30)
          at callListener (/data/Workspace/helios/starwards/node_modules/colyseus.js/node_modules/ws/lib/event-target.js:290:14)
          at WebSocket.onClose (/data/Workspace/helios/starwards/node_modules/colyseus.js/node_modules/ws/lib/event-target.js:220:9)
          at WebSocket.emit (node:events:524:28)
          at WebSocket.emitClose (/data/Workspace/helios/starwards/node_modules/colyseus.js/node_modules/ws/lib/websocket.js:272:10)
          at Socket.socketOnClose (/data/Workspace/helios/starwards/node_modules/colyseus.js/node_modules/ws/lib/websocket.js:1341:15)
          at Socket.emit (node:events:524:28)
          at TCP.<anonymous> (node:net:343:12)

      at ConnectionManager.onConnectionError (modules/core/src/client/connection-manager.ts:144:21)
          at Array.forEach (<anonymous>)

    console.log
      connection error: TypeError: Cannot read properties of undefined (reading 'decoder')
          at wireEvents (/data/Workspace/helios/starwards/node_modules/colyseus-events/src/wire-events.ts:30:40)
          at /data/Workspace/helios/starwards/modules/core/src/client/admin.ts:20:5
          at processTicksAndRejections (node:internal/process/task_queues:95:5)
          at /data/Workspace/helios/starwards/modules/core/src/client/connection-manager.ts:131:21

      at ConnectionManager.onConnectionError (modules/core/src/client/connection-manager.ts:144:21)

    console.log
      connection error: Error: disconnected from server
          at EventEmitter.<anonymous> (/data/Workspace/helios/starwards/modules/core/src/client/driver.ts:53:58)
          at /data/Workspace/helios/starwards/node_modules/colyseus.js/src/core/signal.ts:15:48
          at Array.forEach (<anonymous>)
          at EventEmitter.invoke (/data/Workspace/helios/starwards/node_modules/colyseus.js/src/core/signal.ts:15:19)
          at Function.register.invoke (/data/Workspace/helios/starwards/node_modules/colyseus.js/src/core/signal.ts:57:81)
          at WebSocket.connection.events.onclose (/data/Workspace/helios/starwards/node_modules/colyseus.js/src/Room.ts:89:30)
          at callListener (/data/Workspace/helios/starwards/node_modules/colyseus.js/node_modules/ws/lib/event-target.js:290:14)
          at WebSocket.onClose (/data/Workspace/helios/starwards/node_modules/colyseus.js/node_modules/ws/lib/event-target.js:220:9)
          at WebSocket.emit (node:events:524:28)
          at WebSocket.emitClose (/data/Workspace/helios/starwards/node_modules/colyseus.js/node_modules/ws/lib/websocket.js:272:10)
          at Socket.socketOnClose (/data/Workspace/helios/starwards/node_modules/colyseus.js/node_modules/ws/lib/websocket.js:1341:15)
          at Socket.emit (node:events:524:28)
          at TCP.<anonymous> (node:net:343:12)

      at ConnectionManager.onConnectionError (modules/core/src/client/connection-manager.ts:144:21)
          at Array.forEach (<anonymous>)

    console.log
      connection error: TypeError: Cannot read properties of undefined (reading 'decoder')
          at wireEvents (/data/Workspace/helios/starwards/node_modules/colyseus-events/src/wire-events.ts:30:40)
          at /data/Workspace/helios/starwards/modules/core/src/client/admin.ts:20:5
          at processTicksAndRejections (node:internal/process/task_queues:95:5)
          at /data/Workspace/helios/starwards/modules/core/src/client/connection-manager.ts:131:21

      at ConnectionManager.onConnectionError (modules/core/src/client/connection-manager.ts:144:21)

    console.log
      connection error: Error: disconnected from server
          at EventEmitter.<anonymous> (/data/Workspace/helios/starwards/modules/core/src/client/driver.ts:53:58)
          at /data/Workspace/helios/starwards/node_modules/colyseus.js/src/core/signal.ts:15:48
          at Array.forEach (<anonymous>)
          at EventEmitter.invoke (/data/Workspace/helios/starwards/node_modules/colyseus.js/src/core/signal.ts:15:19)
          at Function.register.invoke (/data/Workspace/helios/starwards/node_modules/colyseus.js/src/core/signal.ts:57:81)
          at WebSocket.connection.events.onclose (/data/Workspace/helios/starwards/node_modules/colyseus.js/src/Room.ts:89:30)
          at callListener (/data/Workspace/helios/starwards/node_modules/colyseus.js/node_modules/ws/lib/event-target.js:290:14)
          at WebSocket.onClose (/data/Workspace/helios/starwards/node_modules/colyseus.js/node_modules/ws/lib/event-target.js:220:9)
          at WebSocket.emit (node:events:524:28)
          at WebSocket.emitClose (/data/Workspace/helios/starwards/node_modules/colyseus.js/node_modules/ws/lib/websocket.js:272:10)
          at Socket.socketOnClose (/data/Workspace/helios/starwards/node_modules/colyseus.js/node_modules/ws/lib/websocket.js:1341:15)
          at Socket.emit (node:events:524:28)
          at TCP.<anonymous> (node:net:343:12)

      at ConnectionManager.onConnectionError (modules/core/src/client/connection-manager.ts:144:21)
          at Array.forEach (<anonymous>)

    console.log
      connection error: TypeError: Cannot read properties of undefined (reading 'decoder')
          at wireEvents (/data/Workspace/helios/starwards/node_modules/colyseus-events/src/wire-events.ts:30:40)
          at /data/Workspace/helios/starwards/modules/core/src/client/admin.ts:20:5
          at processTicksAndRejections (node:internal/process/task_queues:95:5)
          at /data/Workspace/helios/starwards/modules/core/src/client/connection-manager.ts:131:21

      at ConnectionManager.onConnectionError (modules/core/src/client/connection-manager.ts:144:21)

    console.log
      connection error: Error: disconnected from server
          at EventEmitter.<anonymous> (/data/Workspace/helios/starwards/modules/core/src/client/driver.ts:53:58)
          at /data/Workspace/helios/starwards/node_modules/colyseus.js/src/core/signal.ts:15:48
          at Array.forEach (<anonymous>)
          at EventEmitter.invoke (/data/Workspace/helios/starwards/node_modules/colyseus.js/src/core/signal.ts:15:19)
          at Function.register.invoke (/data/Workspace/helios/starwards/node_modules/colyseus.js/src/core/signal.ts:57:81)
          at WebSocket.connection.events.onclose (/data/Workspace/helios/starwards/node_modules/colyseus.js/src/Room.ts:89:30)
          at callListener (/data/Workspace/helios/starwards/node_modules/colyseus.js/node_modules/ws/lib/event-target.js:290:14)
          at WebSocket.onClose (/data/Workspace/helios/starwards/node_modules/colyseus.js/node_modules/ws/lib/event-target.js:220:9)
          at WebSocket.emit (node:events:524:28)
          at WebSocket.emitClose (/data/Workspace/helios/starwards/node_modules/colyseus.js/node_modules/ws/lib/websocket.js:272:10)
          at Socket.socketOnClose (/data/Workspace/helios/starwards/node_modules/colyseus.js/node_modules/ws/lib/websocket.js:1341:15)
          at Socket.emit (node:events:524:28)
          at TCP.<anonymous> (node:net:343:12)

      at ConnectionManager.onConnectionError (modules/core/src/client/connection-manager.ts:144:21)
          at Array.forEach (<anonymous>)

    console.log
      connection error: TypeError: Cannot read properties of undefined (reading 'decoder')
          at wireEvents (/data/Workspace/helios/starwards/node_modules/colyseus-events/src/wire-events.ts:30:40)
          at /data/Workspace/helios/starwards/modules/core/src/client/admin.ts:20:5
          at processTicksAndRejections (node:internal/process/task_queues:95:5)
          at /data/Workspace/helios/starwards/modules/core/src/client/connection-manager.ts:131:21

      at ConnectionManager.onConnectionError (modules/core/src/client/connection-manager.ts:144:21)

    console.log
      connection error: Error: disconnected from server
          at EventEmitter.<anonymous> (/data/Workspace/helios/starwards/modules/core/src/client/driver.ts:53:58)
          at /data/Workspace/helios/starwards/node_modules/colyseus.js/src/core/signal.ts:15:48
          at Array.forEach (<anonymous>)
          at EventEmitter.invoke (/data/Workspace/helios/starwards/node_modules/colyseus.js/src/core/signal.ts:15:19)
          at Function.register.invoke (/data/Workspace/helios/starwards/node_modules/colyseus.js/src/core/signal.ts:57:81)
          at WebSocket.connection.events.onclose (/data/Workspace/helios/starwards/node_modules/colyseus.js/src/Room.ts:89:30)
          at callListener (/data/Workspace/helios/starwards/node_modules/colyseus.js/node_modules/ws/lib/event-target.js:290:14)
          at WebSocket.onClose (/data/Workspace/helios/starwards/node_modules/colyseus.js/node_modules/ws/lib/event-target.js:220:9)
          at WebSocket.emit (node:events:524:28)
          at WebSocket.emitClose (/data/Workspace/helios/starwards/node_modules/colyseus.js/node_modules/ws/lib/websocket.js:272:10)
          at Socket.socketOnClose (/data/Workspace/helios/starwards/node_modules/colyseus.js/node_modules/ws/lib/websocket.js:1341:15)
          at Socket.emit (node:events:524:28)
          at TCP.<anonymous> (node:net:343:12)

      at ConnectionManager.onConnectionError (modules/core/src/client/connection-manager.ts:144:21)
          at Array.forEach (<anonymous>)

    console.log
      connection error: TypeError: Cannot read properties of undefined (reading 'decoder')
          at wireEvents (/data/Workspace/helios/starwards/node_modules/colyseus-events/src/wire-events.ts:30:40)
          at /data/Workspace/helios/starwards/modules/core/src/client/admin.ts:20:5
          at processTicksAndRejections (node:internal/process/task_queues:95:5)
          at /data/Workspace/helios/starwards/modules/core/src/client/connection-manager.ts:131:21

      at ConnectionManager.onConnectionError (modules/core/src/client/connection-manager.ts:144:21)

    console.log
      connection error: Error: disconnected from server
          at EventEmitter.<anonymous> (/data/Workspace/helios/starwards/modules/core/src/client/driver.ts:53:58)
          at /data/Workspace/helios/starwards/node_modules/colyseus.js/src/core/signal.ts:15:48
          at Array.forEach (<anonymous>)
          at EventEmitter.invoke (/data/Workspace/helios/starwards/node_modules/colyseus.js/src/core/signal.ts:15:19)
          at Function.register.invoke (/data/Workspace/helios/starwards/node_modules/colyseus.js/src/core/signal.ts:57:81)
          at WebSocket.connection.events.onclose (/data/Workspace/helios/starwards/node_modules/colyseus.js/src/Room.ts:89:30)
          at callListener (/data/Workspace/helios/starwards/node_modules/colyseus.js/node_modules/ws/lib/event-target.js:290:14)
          at WebSocket.onClose (/data/Workspace/helios/starwards/node_modules/colyseus.js/node_modules/ws/lib/event-target.js:220:9)
          at WebSocket.emit (node:events:524:28)
          at WebSocket.emitClose (/data/Workspace/helios/starwards/node_modules/colyseus.js/node_modules/ws/lib/websocket.js:272:10)
          at Socket.socketOnClose (/data/Workspace/helios/starwards/node_modules/colyseus.js/node_modules/ws/lib/websocket.js:1341:15)
          at Socket.emit (node:events:524:28)
          at TCP.<anonymous> (node:net:343:12)

      at ConnectionManager.onConnectionError (modules/core/src/client/connection-manager.ts:144:21)
          at Array.forEach (<anonymous>)

    console.log
      connection error: TypeError: Cannot read properties of undefined (reading 'decoder')
          at wireEvents (/data/Workspace/helios/starwards/node_modules/colyseus-events/src/wire-events.ts:30:40)
          at /data/Workspace/helios/starwards/modules/core/src/client/admin.ts:20:5
          at processTicksAndRejections (node:internal/process/task_queues:95:5)
          at /data/Workspace/helios/starwards/modules/core/src/client/connection-manager.ts:131:21

      at ConnectionManager.onConnectionError (modules/core/src/client/connection-manager.ts:144:21)

    console.log
      connection error: Error: disconnected from server
          at EventEmitter.<anonymous> (/data/Workspace/helios/starwards/modules/core/src/client/driver.ts:53:58)
          at /data/Workspace/helios/starwards/node_modules/colyseus.js/src/core/signal.ts:15:48
          at Array.forEach (<anonymous>)
          at EventEmitter.invoke (/data/Workspace/helios/starwards/node_modules/colyseus.js/src/core/signal.ts:15:19)
          at Function.register.invoke (/data/Workspace/helios/starwards/node_modules/colyseus.js/src/core/signal.ts:57:81)
          at WebSocket.connection.events.onclose (/data/Workspace/helios/starwards/node_modules/colyseus.js/src/Room.ts:89:30)
          at callListener (/data/Workspace/helios/starwards/node_modules/colyseus.js/node_modules/ws/lib/event-target.js:290:14)
          at WebSocket.onClose (/data/Workspace/helios/starwards/node_modules/colyseus.js/node_modules/ws/lib/event-target.js:220:9)
          at WebSocket.emit (node:events:524:28)
          at WebSocket.emitClose (/data/Workspace/helios/starwards/node_modules/colyseus.js/node_modules/ws/lib/websocket.js:272:10)
          at Socket.socketOnClose (/data/Workspace/helios/starwards/node_modules/colyseus.js/node_modules/ws/lib/websocket.js:1341:15)
          at Socket.emit (node:events:524:28)
          at TCP.<anonymous> (node:net:343:12)

      at ConnectionManager.onConnectionError (modules/core/src/client/connection-manager.ts:144:21)
          at Array.forEach (<anonymous>)

    console.log
      connection error: TypeError: Cannot read properties of undefined (reading 'decoder')
          at wireEvents (/data/Workspace/helios/starwards/node_modules/colyseus-events/src/wire-events.ts:30:40)
          at /data/Workspace/helios/starwards/modules/core/src/client/admin.ts:20:5
          at processTicksAndRejections (node:internal/process/task_queues:95:5)
          at /data/Workspace/helios/starwards/modules/core/src/client/connection-manager.ts:131:21

      at ConnectionManager.onConnectionError (modules/core/src/client/connection-manager.ts:144:21)

    console.log
      connection error: Error: disconnected from server
          at EventEmitter.<anonymous> (/data/Workspace/helios/starwards/modules/core/src/client/driver.ts:53:58)
          at /data/Workspace/helios/starwards/node_modules/colyseus.js/src/core/signal.ts:15:48
          at Array.forEach (<anonymous>)
          at EventEmitter.invoke (/data/Workspace/helios/starwards/node_modules/colyseus.js/src/core/signal.ts:15:19)
          at Function.register.invoke (/data/Workspace/helios/starwards/node_modules/colyseus.js/src/core/signal.ts:57:81)
          at WebSocket.connection.events.onclose (/data/Workspace/helios/starwards/node_modules/colyseus.js/src/Room.ts:89:30)
          at callListener (/data/Workspace/helios/starwards/node_modules/colyseus.js/node_modules/ws/lib/event-target.js:290:14)
          at WebSocket.onClose (/data/Workspace/helios/starwards/node_modules/colyseus.js/node_modules/ws/lib/event-target.js:220:9)
          at WebSocket.emit (node:events:524:28)
          at WebSocket.emitClose (/data/Workspace/helios/starwards/node_modules/colyseus.js/node_modules/ws/lib/websocket.js:272:10)
          at Socket.socketOnClose (/data/Workspace/helios/starwards/node_modules/colyseus.js/node_modules/ws/lib/websocket.js:1341:15)
          at Socket.emit (node:events:524:28)
          at TCP.<anonymous> (node:net:343:12)

      at ConnectionManager.onConnectionError (modules/core/src/client/connection-manager.ts:144:21)
          at Array.forEach (<anonymous>)

    console.log
      connection error: TypeError: Cannot read properties of undefined (reading 'decoder')
          at wireEvents (/data/Workspace/helios/starwards/node_modules/colyseus-events/src/wire-events.ts:30:40)
          at /data/Workspace/helios/starwards/modules/core/src/client/admin.ts:20:5
          at processTicksAndRejections (node:internal/process/task_queues:95:5)
          at /data/Workspace/helios/starwards/modules/core/src/client/connection-manager.ts:131:21

      at ConnectionManager.onConnectionError (modules/core/src/client/connection-manager.ts:144:21)

    console.log
      connection error: Error: disconnected from server
          at EventEmitter.<anonymous> (/data/Workspace/helios/starwards/modules/core/src/client/driver.ts:53:58)
          at /data/Workspace/helios/starwards/node_modules/colyseus.js/src/core/signal.ts:15:48
          at Array.forEach (<anonymous>)
          at EventEmitter.invoke (/data/Workspace/helios/starwards/node_modules/colyseus.js/src/core/signal.ts:15:19)
          at Function.register.invoke (/data/Workspace/helios/starwards/node_modules/colyseus.js/src/core/signal.ts:57:81)
          at WebSocket.connection.events.onclose (/data/Workspace/helios/starwards/node_modules/colyseus.js/src/Room.ts:89:30)
          at callListener (/data/Workspace/helios/starwards/node_modules/colyseus.js/node_modules/ws/lib/event-target.js:290:14)
          at WebSocket.onClose (/data/Workspace/helios/starwards/node_modules/colyseus.js/node_modules/ws/lib/event-target.js:220:9)
          at WebSocket.emit (node:events:524:28)
          at WebSocket.emitClose (/data/Workspace/helios/starwards/node_modules/colyseus.js/node_modules/ws/lib/websocket.js:272:10)
          at Socket.socketOnClose (/data/Workspace/helios/starwards/node_modules/colyseus.js/node_modules/ws/lib/websocket.js:1341:15)
          at Socket.emit (node:events:524:28)
          at TCP.<anonymous> (node:net:343:12)

      at ConnectionManager.onConnectionError (modules/core/src/client/connection-manager.ts:144:21)
          at Array.forEach (<anonymous>)

    console.log
      connection error: TypeError: Cannot read properties of undefined (reading 'decoder')
          at wireEvents (/data/Workspace/helios/starwards/node_modules/colyseus-events/src/wire-events.ts:30:40)
          at /data/Workspace/helios/starwards/modules/core/src/client/admin.ts:20:5
          at processTicksAndRejections (node:internal/process/task_queues:95:5)
          at /data/Workspace/helios/starwards/modules/core/src/client/connection-manager.ts:131:21

      at ConnectionManager.onConnectionError (modules/core/src/client/connection-manager.ts:144:21)

    console.log
      connection error: Error: disconnected from server
          at EventEmitter.<anonymous> (/data/Workspace/helios/starwards/modules/core/src/client/driver.ts:53:58)
          at /data/Workspace/helios/starwards/node_modules/colyseus.js/src/core/signal.ts:15:48
          at Array.forEach (<anonymous>)
          at EventEmitter.invoke (/data/Workspace/helios/starwards/node_modules/colyseus.js/src/core/signal.ts:15:19)
          at Function.register.invoke (/data/Workspace/helios/starwards/node_modules/colyseus.js/src/core/signal.ts:57:81)
          at WebSocket.connection.events.onclose (/data/Workspace/helios/starwards/node_modules/colyseus.js/src/Room.ts:89:30)
          at callListener (/data/Workspace/helios/starwards/node_modules/colyseus.js/node_modules/ws/lib/event-target.js:290:14)
          at WebSocket.onClose (/data/Workspace/helios/starwards/node_modules/colyseus.js/node_modules/ws/lib/event-target.js:220:9)
          at WebSocket.emit (node:events:524:28)
          at WebSocket.emitClose (/data/Workspace/helios/starwards/node_modules/colyseus.js/node_modules/ws/lib/websocket.js:272:10)
          at Socket.socketOnClose (/data/Workspace/helios/starwards/node_modules/colyseus.js/node_modules/ws/lib/websocket.js:1341:15)
          at Socket.emit (node:events:524:28)
          at TCP.<anonymous> (node:net:343:12)

      at ConnectionManager.onConnectionError (modules/core/src/client/connection-manager.ts:144:21)
          at Array.forEach (<anonymous>)

    console.log
      connection error: TypeError: Cannot read properties of undefined (reading 'decoder')
          at wireEvents (/data/Workspace/helios/starwards/node_modules/colyseus-events/src/wire-events.ts:30:40)
          at /data/Workspace/helios/starwards/modules/core/src/client/admin.ts:20:5
          at processTicksAndRejections (node:internal/process/task_queues:95:5)
          at /data/Workspace/helios/starwards/modules/core/src/client/connection-manager.ts:131:21

      at ConnectionManager.onConnectionError (modules/core/src/client/connection-manager.ts:144:21)

    console.log
      connection error: Error: disconnected from server
          at EventEmitter.<anonymous> (/data/Workspace/helios/starwards/modules/core/src/client/driver.ts:53:58)
          at /data/Workspace/helios/starwards/node_modules/colyseus.js/src/core/signal.ts:15:48
          at Array.forEach (<anonymous>)
          at EventEmitter.invoke (/data/Workspace/helios/starwards/node_modules/colyseus.js/src/core/signal.ts:15:19)
          at Function.register.invoke (/data/Workspace/helios/starwards/node_modules/colyseus.js/src/core/signal.ts:57:81)
          at WebSocket.connection.events.onclose (/data/Workspace/helios/starwards/node_modules/colyseus.js/src/Room.ts:89:30)
          at callListener (/data/Workspace/helios/starwards/node_modules/colyseus.js/node_modules/ws/lib/event-target.js:290:14)
          at WebSocket.onClose (/data/Workspace/helios/starwards/node_modules/colyseus.js/node_modules/ws/lib/event-target.js:220:9)
          at WebSocket.emit (node:events:524:28)
          at WebSocket.emitClose (/data/Workspace/helios/starwards/node_modules/colyseus.js/node_modules/ws/lib/websocket.js:272:10)
          at Socket.socketOnClose (/data/Workspace/helios/starwards/node_modules/colyseus.js/node_modules/ws/lib/websocket.js:1341:15)
          at Socket.emit (node:events:524:28)
          at TCP.<anonymous> (node:net:343:12)

      at ConnectionManager.onConnectionError (modules/core/src/client/connection-manager.ts:144:21)
          at Array.forEach (<anonymous>)

    console.log
      connection error: TypeError: Cannot read properties of undefined (reading 'decoder')
          at wireEvents (/data/Workspace/helios/starwards/node_modules/colyseus-events/src/wire-events.ts:30:40)
          at /data/Workspace/helios/starwards/modules/core/src/client/admin.ts:20:5
          at processTicksAndRejections (node:internal/process/task_queues:95:5)
          at /data/Workspace/helios/starwards/modules/core/src/client/connection-manager.ts:131:21

      at ConnectionManager.onConnectionError (modules/core/src/client/connection-manager.ts:144:21)

    console.log
      connection error: Error: disconnected from server
          at EventEmitter.<anonymous> (/data/Workspace/helios/starwards/modules/core/src/client/driver.ts:53:58)
          at /data/Workspace/helios/starwards/node_modules/colyseus.js/src/core/signal.ts:15:48
          at Array.forEach (<anonymous>)
          at EventEmitter.invoke (/data/Workspace/helios/starwards/node_modules/colyseus.js/src/core/signal.ts:15:19)
          at Function.register.invoke (/data/Workspace/helios/starwards/node_modules/colyseus.js/src/core/signal.ts:57:81)
          at WebSocket.connection.events.onclose (/data/Workspace/helios/starwards/node_modules/colyseus.js/src/Room.ts:89:30)
          at callListener (/data/Workspace/helios/starwards/node_modules/colyseus.js/node_modules/ws/lib/event-target.js:290:14)
          at WebSocket.onClose (/data/Workspace/helios/starwards/node_modules/colyseus.js/node_modules/ws/lib/event-target.js:220:9)
          at WebSocket.emit (node:events:524:28)
          at WebSocket.emitClose (/data/Workspace/helios/starwards/node_modules/colyseus.js/node_modules/ws/lib/websocket.js:272:10)
          at Socket.socketOnClose (/data/Workspace/helios/starwards/node_modules/colyseus.js/node_modules/ws/lib/websocket.js:1341:15)
          at Socket.emit (node:events:524:28)
          at TCP.<anonymous> (node:net:343:12)

      at ConnectionManager.onConnectionError (modules/core/src/client/connection-manager.ts:144:21)
          at Array.forEach (<anonymous>)

    console.log
      connection error: TypeError: Cannot read properties of undefined (reading 'decoder')
          at wireEvents (/data/Workspace/helios/starwards/node_modules/colyseus-events/src/wire-events.ts:30:40)
          at /data/Workspace/helios/starwards/modules/core/src/client/admin.ts:20:5
          at processTicksAndRejections (node:internal/process/task_queues:95:5)
          at /data/Workspace/helios/starwards/modules/core/src/client/connection-manager.ts:131:21

      at ConnectionManager.onConnectionError (modules/core/src/client/connection-manager.ts:144:21)

    console.log
      connection error: Error: disconnected from server
          at EventEmitter.<anonymous> (/data/Workspace/helios/starwards/modules/core/src/client/driver.ts:53:58)
          at /data/Workspace/helios/starwards/node_modules/colyseus.js/src/core/signal.ts:15:48
          at Array.forEach (<anonymous>)
          at EventEmitter.invoke (/data/Workspace/helios/starwards/node_modules/colyseus.js/src/core/signal.ts:15:19)
          at Function.register.invoke (/data/Workspace/helios/starwards/node_modules/colyseus.js/src/core/signal.ts:57:81)
          at WebSocket.connection.events.onclose (/data/Workspace/helios/starwards/node_modules/colyseus.js/src/Room.ts:89:30)
          at callListener (/data/Workspace/helios/starwards/node_modules/colyseus.js/node_modules/ws/lib/event-target.js:290:14)
          at WebSocket.onClose (/data/Workspace/helios/starwards/node_modules/colyseus.js/node_modules/ws/lib/event-target.js:220:9)
          at WebSocket.emit (node:events:524:28)
          at WebSocket.emitClose (/data/Workspace/helios/starwards/node_modules/colyseus.js/node_modules/ws/lib/websocket.js:272:10)
          at Socket.socketOnClose (/data/Workspace/helios/starwards/node_modules/colyseus.js/node_modules/ws/lib/websocket.js:1341:15)
          at Socket.emit (node:events:524:28)
          at TCP.<anonymous> (node:net:343:12)

      at ConnectionManager.onConnectionError (modules/core/src/client/connection-manager.ts:144:21)
          at Array.forEach (<anonymous>)

    console.log
      connection error: TypeError: Cannot read properties of undefined (reading 'decoder')
          at wireEvents (/data/Workspace/helios/starwards/node_modules/colyseus-events/src/wire-events.ts:30:40)
          at /data/Workspace/helios/starwards/modules/core/src/client/admin.ts:20:5
          at processTicksAndRejections (node:internal/process/task_queues:95:5)
          at /data/Workspace/helios/starwards/modules/core/src/client/connection-manager.ts:131:21

      at ConnectionManager.onConnectionError (modules/core/src/client/connection-manager.ts:144:21)

    console.log
      connection error: Error: disconnected from server
          at EventEmitter.<anonymous> (/data/Workspace/helios/starwards/modules/core/src/client/driver.ts:53:58)
          at /data/Workspace/helios/starwards/node_modules/colyseus.js/src/core/signal.ts:15:48
          at Array.forEach (<anonymous>)
          at EventEmitter.invoke (/data/Workspace/helios/starwards/node_modules/colyseus.js/src/core/signal.ts:15:19)
          at Function.register.invoke (/data/Workspace/helios/starwards/node_modules/colyseus.js/src/core/signal.ts:57:81)
          at WebSocket.connection.events.onclose (/data/Workspace/helios/starwards/node_modules/colyseus.js/src/Room.ts:89:30)
          at callListener (/data/Workspace/helios/starwards/node_modules/colyseus.js/node_modules/ws/lib/event-target.js:290:14)
          at WebSocket.onClose (/data/Workspace/helios/starwards/node_modules/colyseus.js/node_modules/ws/lib/event-target.js:220:9)
          at WebSocket.emit (node:events:524:28)
          at WebSocket.emitClose (/data/Workspace/helios/starwards/node_modules/colyseus.js/node_modules/ws/lib/websocket.js:272:10)
          at Socket.socketOnClose (/data/Workspace/helios/starwards/node_modules/colyseus.js/node_modules/ws/lib/websocket.js:1341:15)
          at Socket.emit (node:events:524:28)
          at TCP.<anonymous> (node:net:343:12)

      at ConnectionManager.onConnectionError (modules/core/src/client/connection-manager.ts:144:21)
          at Array.forEach (<anonymous>)

    console.log
      connection error: TypeError: Cannot read properties of undefined (reading 'decoder')
          at wireEvents (/data/Workspace/helios/starwards/node_modules/colyseus-events/src/wire-events.ts:30:40)
          at /data/Workspace/helios/starwards/modules/core/src/client/admin.ts:20:5
          at processTicksAndRejections (node:internal/process/task_queues:95:5)
          at /data/Workspace/helios/starwards/modules/core/src/client/connection-manager.ts:131:21

      at ConnectionManager.onConnectionError (modules/core/src/client/connection-manager.ts:144:21)

    console.log
      connection error: Error: disconnected from server
          at EventEmitter.<anonymous> (/data/Workspace/helios/starwards/modules/core/src/client/driver.ts:53:58)
          at /data/Workspace/helios/starwards/node_modules/colyseus.js/src/core/signal.ts:15:48
          at Array.forEach (<anonymous>)
          at EventEmitter.invoke (/data/Workspace/helios/starwards/node_modules/colyseus.js/src/core/signal.ts:15:19)
          at Function.register.invoke (/data/Workspace/helios/starwards/node_modules/colyseus.js/src/core/signal.ts:57:81)
          at WebSocket.connection.events.onclose (/data/Workspace/helios/starwards/node_modules/colyseus.js/src/Room.ts:89:30)
          at callListener (/data/Workspace/helios/starwards/node_modules/colyseus.js/node_modules/ws/lib/event-target.js:290:14)
          at WebSocket.onClose (/data/Workspace/helios/starwards/node_modules/colyseus.js/node_modules/ws/lib/event-target.js:220:9)
          at WebSocket.emit (node:events:524:28)
          at WebSocket.emitClose (/data/Workspace/helios/starwards/node_modules/colyseus.js/node_modules/ws/lib/websocket.js:272:10)
          at Socket.socketOnClose (/data/Workspace/helios/starwards/node_modules/colyseus.js/node_modules/ws/lib/websocket.js:1341:15)
          at Socket.emit (node:events:524:28)
          at TCP.<anonymous> (node:net:343:12)

      at ConnectionManager.onConnectionError (modules/core/src/client/connection-manager.ts:144:21)
          at Array.forEach (<anonymous>)

    console.log
      connection error: TypeError: Cannot read properties of undefined (reading 'decoder')
          at wireEvents (/data/Workspace/helios/starwards/node_modules/colyseus-events/src/wire-events.ts:30:40)
          at /data/Workspace/helios/starwards/modules/core/src/client/admin.ts:20:5
          at processTicksAndRejections (node:internal/process/task_queues:95:5)
          at /data/Workspace/helios/starwards/modules/core/src/client/connection-manager.ts:131:21

      at ConnectionManager.onConnectionError (modules/core/src/client/connection-manager.ts:144:21)

    console.log
      connection error: Error: disconnected from server
          at EventEmitter.<anonymous> (/data/Workspace/helios/starwards/modules/core/src/client/driver.ts:53:58)
          at /data/Workspace/helios/starwards/node_modules/colyseus.js/src/core/signal.ts:15:48
          at Array.forEach (<anonymous>)
          at EventEmitter.invoke (/data/Workspace/helios/starwards/node_modules/colyseus.js/src/core/signal.ts:15:19)
          at Function.register.invoke (/data/Workspace/helios/starwards/node_modules/colyseus.js/src/core/signal.ts:57:81)
          at WebSocket.connection.events.onclose (/data/Workspace/helios/starwards/node_modules/colyseus.js/src/Room.ts:89:30)
          at callListener (/data/Workspace/helios/starwards/node_modules/colyseus.js/node_modules/ws/lib/event-target.js:290:14)
          at WebSocket.onClose (/data/Workspace/helios/starwards/node_modules/colyseus.js/node_modules/ws/lib/event-target.js:220:9)
          at WebSocket.emit (node:events:524:28)
          at WebSocket.emitClose (/data/Workspace/helios/starwards/node_modules/colyseus.js/node_modules/ws/lib/websocket.js:272:10)
          at Socket.socketOnClose (/data/Workspace/helios/starwards/node_modules/colyseus.js/node_modules/ws/lib/websocket.js:1341:15)
          at Socket.emit (node:events:524:28)
          at TCP.<anonymous> (node:net:343:12)

      at ConnectionManager.onConnectionError (modules/core/src/client/connection-manager.ts:144:21)
          at Array.forEach (<anonymous>)

    console.log
      connection error: TypeError: Cannot read properties of undefined (reading 'decoder')
          at wireEvents (/data/Workspace/helios/starwards/node_modules/colyseus-events/src/wire-events.ts:30:40)
          at /data/Workspace/helios/starwards/modules/core/src/client/admin.ts:20:5
          at processTicksAndRejections (node:internal/process/task_queues:95:5)
          at /data/Workspace/helios/starwards/modules/core/src/client/connection-manager.ts:131:21

      at ConnectionManager.onConnectionError (modules/core/src/client/connection-manager.ts:144:21)

    console.log
      connection error: Error: disconnected from server
          at EventEmitter.<anonymous> (/data/Workspace/helios/starwards/modules/core/src/client/driver.ts:53:58)
          at /data/Workspace/helios/starwards/node_modules/colyseus.js/src/core/signal.ts:15:48
          at Array.forEach (<anonymous>)
          at EventEmitter.invoke (/data/Workspace/helios/starwards/node_modules/colyseus.js/src/core/signal.ts:15:19)
          at Function.register.invoke (/data/Workspace/helios/starwards/node_modules/colyseus.js/src/core/signal.ts:57:81)
          at WebSocket.connection.events.onclose (/data/Workspace/helios/starwards/node_modules/colyseus.js/src/Room.ts:89:30)
          at callListener (/data/Workspace/helios/starwards/node_modules/colyseus.js/node_modules/ws/lib/event-target.js:290:14)
          at WebSocket.onClose (/data/Workspace/helios/starwards/node_modules/colyseus.js/node_modules/ws/lib/event-target.js:220:9)
          at WebSocket.emit (node:events:524:28)
          at WebSocket.emitClose (/data/Workspace/helios/starwards/node_modules/colyseus.js/node_modules/ws/lib/websocket.js:272:10)
          at Socket.socketOnClose (/data/Workspace/helios/starwards/node_modules/colyseus.js/node_modules/ws/lib/websocket.js:1341:15)
          at Socket.emit (node:events:524:28)
          at TCP.<anonymous> (node:net:343:12)

      at ConnectionManager.onConnectionError (modules/core/src/client/connection-manager.ts:144:21)
          at Array.forEach (<anonymous>)

    console.log
      connection error: TypeError: Cannot read properties of undefined (reading 'decoder')
          at wireEvents (/data/Workspace/helios/starwards/node_modules/colyseus-events/src/wire-events.ts:30:40)
          at /data/Workspace/helios/starwards/modules/core/src/client/admin.ts:20:5
          at processTicksAndRejections (node:internal/process/task_queues:95:5)
          at /data/Workspace/helios/starwards/modules/core/src/client/connection-manager.ts:131:21

      at ConnectionManager.onConnectionError (modules/core/src/client/connection-manager.ts:144:21)

    console.log
      connection error: Error: disconnected from server
          at EventEmitter.<anonymous> (/data/Workspace/helios/starwards/modules/core/src/client/driver.ts:53:58)
          at /data/Workspace/helios/starwards/node_modules/colyseus.js/src/core/signal.ts:15:48
          at Array.forEach (<anonymous>)
          at EventEmitter.invoke (/data/Workspace/helios/starwards/node_modules/colyseus.js/src/core/signal.ts:15:19)
          at Function.register.invoke (/data/Workspace/helios/starwards/node_modules/colyseus.js/src/core/signal.ts:57:81)
          at WebSocket.connection.events.onclose (/data/Workspace/helios/starwards/node_modules/colyseus.js/src/Room.ts:89:30)
          at callListener (/data/Workspace/helios/starwards/node_modules/colyseus.js/node_modules/ws/lib/event-target.js:290:14)
          at WebSocket.onClose (/data/Workspace/helios/starwards/node_modules/colyseus.js/node_modules/ws/lib/event-target.js:220:9)
          at WebSocket.emit (node:events:524:28)
          at WebSocket.emitClose (/data/Workspace/helios/starwards/node_modules/colyseus.js/node_modules/ws/lib/websocket.js:272:10)
          at Socket.socketOnClose (/data/Workspace/helios/starwards/node_modules/colyseus.js/node_modules/ws/lib/websocket.js:1341:15)
          at Socket.emit (node:events:524:28)
          at TCP.<anonymous> (node:net:343:12)

      at ConnectionManager.onConnectionError (modules/core/src/client/connection-manager.ts:144:21)
          at Array.forEach (<anonymous>)

    console.log
      connection error: TypeError: Cannot read properties of undefined (reading 'decoder')
          at wireEvents (/data/Workspace/helios/starwards/node_modules/colyseus-events/src/wire-events.ts:30:40)
          at /data/Workspace/helios/starwards/modules/core/src/client/admin.ts:20:5
          at processTicksAndRejections (node:internal/process/task_queues:95:5)
          at /data/Workspace/helios/starwards/modules/core/src/client/connection-manager.ts:131:21

      at ConnectionManager.onConnectionError (modules/core/src/client/connection-manager.ts:144:21)

    console.log
      connection error: Error: disconnected from server
          at EventEmitter.<anonymous> (/data/Workspace/helios/starwards/modules/core/src/client/driver.ts:53:58)
          at /data/Workspace/helios/starwards/node_modules/colyseus.js/src/core/signal.ts:15:48
          at Array.forEach (<anonymous>)
          at EventEmitter.invoke (/data/Workspace/helios/starwards/node_modules/colyseus.js/src/core/signal.ts:15:19)
          at Function.register.invoke (/data/Workspace/helios/starwards/node_modules/colyseus.js/src/core/signal.ts:57:81)
          at WebSocket.connection.events.onclose (/data/Workspace/helios/starwards/node_modules/colyseus.js/src/Room.ts:89:30)
          at callListener (/data/Workspace/helios/starwards/node_modules/colyseus.js/node_modules/ws/lib/event-target.js:290:14)
          at WebSocket.onClose (/data/Workspace/helios/starwards/node_modules/colyseus.js/node_modules/ws/lib/event-target.js:220:9)
          at WebSocket.emit (node:events:524:28)
          at WebSocket.emitClose (/data/Workspace/helios/starwards/node_modules/colyseus.js/node_modules/ws/lib/websocket.js:272:10)
          at Socket.socketOnClose (/data/Workspace/helios/starwards/node_modules/colyseus.js/node_modules/ws/lib/websocket.js:1341:15)
          at Socket.emit (node:events:524:28)
          at TCP.<anonymous> (node:net:343:12)

      at ConnectionManager.onConnectionError (modules/core/src/client/connection-manager.ts:144:21)
          at Array.forEach (<anonymous>)

    console.log
      connection error: TypeError: Cannot read properties of undefined (reading 'decoder')
          at wireEvents (/data/Workspace/helios/starwards/node_modules/colyseus-events/src/wire-events.ts:30:40)
          at /data/Workspace/helios/starwards/modules/core/src/client/admin.ts:20:5
          at processTicksAndRejections (node:internal/process/task_queues:95:5)
          at /data/Workspace/helios/starwards/modules/core/src/client/connection-manager.ts:131:21

      at ConnectionManager.onConnectionError (modules/core/src/client/connection-manager.ts:144:21)

    console.log
      connection error: Error: disconnected from server
          at EventEmitter.<anonymous> (/data/Workspace/helios/starwards/modules/core/src/client/driver.ts:53:58)
          at /data/Workspace/helios/starwards/node_modules/colyseus.js/src/core/signal.ts:15:48
          at Array.forEach (<anonymous>)
          at EventEmitter.invoke (/data/Workspace/helios/starwards/node_modules/colyseus.js/src/core/signal.ts:15:19)
          at Function.register.invoke (/data/Workspace/helios/starwards/node_modules/colyseus.js/src/core/signal.ts:57:81)
          at WebSocket.connection.events.onclose (/data/Workspace/helios/starwards/node_modules/colyseus.js/src/Room.ts:89:30)
          at callListener (/data/Workspace/helios/starwards/node_modules/colyseus.js/node_modules/ws/lib/event-target.js:290:14)
          at WebSocket.onClose (/data/Workspace/helios/starwards/node_modules/colyseus.js/node_modules/ws/lib/event-target.js:220:9)
          at WebSocket.emit (node:events:524:28)
          at WebSocket.emitClose (/data/Workspace/helios/starwards/node_modules/colyseus.js/node_modules/ws/lib/websocket.js:272:10)
          at Socket.socketOnClose (/data/Workspace/helios/starwards/node_modules/colyseus.js/node_modules/ws/lib/websocket.js:1341:15)
          at Socket.emit (node:events:524:28)
          at TCP.<anonymous> (node:net:343:12)

      at ConnectionManager.onConnectionError (modules/core/src/client/connection-manager.ts:144:21)
          at Array.forEach (<anonymous>)

    console.log
      connection error: TypeError: Cannot read properties of undefined (reading 'decoder')
          at wireEvents (/data/Workspace/helios/starwards/node_modules/colyseus-events/src/wire-events.ts:30:40)
          at /data/Workspace/helios/starwards/modules/core/src/client/admin.ts:20:5
          at processTicksAndRejections (node:internal/process/task_queues:95:5)
          at /data/Workspace/helios/starwards/modules/core/src/client/connection-manager.ts:131:21

      at ConnectionManager.onConnectionError (modules/core/src/client/connection-manager.ts:144:21)

    console.log
      connection error: Error: disconnected from server
          at EventEmitter.<anonymous> (/data/Workspace/helios/starwards/modules/core/src/client/driver.ts:53:58)
          at /data/Workspace/helios/starwards/node_modules/colyseus.js/src/core/signal.ts:15:48
          at Array.forEach (<anonymous>)
          at EventEmitter.invoke (/data/Workspace/helios/starwards/node_modules/colyseus.js/src/core/signal.ts:15:19)
          at Function.register.invoke (/data/Workspace/helios/starwards/node_modules/colyseus.js/src/core/signal.ts:57:81)
          at WebSocket.connection.events.onclose (/data/Workspace/helios/starwards/node_modules/colyseus.js/src/Room.ts:89:30)
          at callListener (/data/Workspace/helios/starwards/node_modules/colyseus.js/node_modules/ws/lib/event-target.js:290:14)
          at WebSocket.onClose (/data/Workspace/helios/starwards/node_modules/colyseus.js/node_modules/ws/lib/event-target.js:220:9)
          at WebSocket.emit (node:events:524:28)
          at WebSocket.emitClose (/data/Workspace/helios/starwards/node_modules/colyseus.js/node_modules/ws/lib/websocket.js:272:10)
          at Socket.socketOnClose (/data/Workspace/helios/starwards/node_modules/colyseus.js/node_modules/ws/lib/websocket.js:1341:15)
          at Socket.emit (node:events:524:28)
          at TCP.<anonymous> (node:net:343:12)

      at ConnectionManager.onConnectionError (modules/core/src/client/connection-manager.ts:144:21)
          at Array.forEach (<anonymous>)

    console.log
      connection error: TypeError: Cannot read properties of undefined (reading 'decoder')
          at wireEvents (/data/Workspace/helios/starwards/node_modules/colyseus-events/src/wire-events.ts:30:40)
          at /data/Workspace/helios/starwards/modules/core/src/client/admin.ts:20:5
          at processTicksAndRejections (node:internal/process/task_queues:95:5)
          at /data/Workspace/helios/starwards/modules/core/src/client/connection-manager.ts:131:21

      at ConnectionManager.onConnectionError (modules/core/src/client/connection-manager.ts:144:21)

    console.log
      connection error: Error: disconnected from server
          at EventEmitter.<anonymous> (/data/Workspace/helios/starwards/modules/core/src/client/driver.ts:53:58)
          at /data/Workspace/helios/starwards/node_modules/colyseus.js/src/core/signal.ts:15:48
          at Array.forEach (<anonymous>)
          at EventEmitter.invoke (/data/Workspace/helios/starwards/node_modules/colyseus.js/src/core/signal.ts:15:19)
          at Function.register.invoke (/data/Workspace/helios/starwards/node_modules/colyseus.js/src/core/signal.ts:57:81)
          at WebSocket.connection.events.onclose (/data/Workspace/helios/starwards/node_modules/colyseus.js/src/Room.ts:89:30)
          at callListener (/data/Workspace/helios/starwards/node_modules/colyseus.js/node_modules/ws/lib/event-target.js:290:14)
          at WebSocket.onClose (/data/Workspace/helios/starwards/node_modules/colyseus.js/node_modules/ws/lib/event-target.js:220:9)
          at WebSocket.emit (node:events:524:28)
          at WebSocket.emitClose (/data/Workspace/helios/starwards/node_modules/colyseus.js/node_modules/ws/lib/websocket.js:272:10)
          at Socket.socketOnClose (/data/Workspace/helios/starwards/node_modules/colyseus.js/node_modules/ws/lib/websocket.js:1341:15)
          at Socket.emit (node:events:524:28)
          at TCP.<anonymous> (node:net:343:12)

      at ConnectionManager.onConnectionError (modules/core/src/client/connection-manager.ts:144:21)
          at Array.forEach (<anonymous>)

    console.log
      connection error: TypeError: Cannot read properties of undefined (reading 'decoder')
          at wireEvents (/data/Workspace/helios/starwards/node_modules/colyseus-events/src/wire-events.ts:30:40)
          at /data/Workspace/helios/starwards/modules/core/src/client/admin.ts:20:5
          at processTicksAndRejections (node:internal/process/task_queues:95:5)
          at /data/Workspace/helios/starwards/modules/core/src/client/connection-manager.ts:131:21

      at ConnectionManager.onConnectionError (modules/core/src/client/connection-manager.ts:144:21)

    console.log
      connection error: Error: disconnected from server
          at EventEmitter.<anonymous> (/data/Workspace/helios/starwards/modules/core/src/client/driver.ts:53:58)
          at /data/Workspace/helios/starwards/node_modules/colyseus.js/src/core/signal.ts:15:48
          at Array.forEach (<anonymous>)
          at EventEmitter.invoke (/data/Workspace/helios/starwards/node_modules/colyseus.js/src/core/signal.ts:15:19)
          at Function.register.invoke (/data/Workspace/helios/starwards/node_modules/colyseus.js/src/core/signal.ts:57:81)
          at WebSocket.connection.events.onclose (/data/Workspace/helios/starwards/node_modules/colyseus.js/src/Room.ts:89:30)
          at callListener (/data/Workspace/helios/starwards/node_modules/colyseus.js/node_modules/ws/lib/event-target.js:290:14)
          at WebSocket.onClose (/data/Workspace/helios/starwards/node_modules/colyseus.js/node_modules/ws/lib/event-target.js:220:9)
          at WebSocket.emit (node:events:524:28)
          at WebSocket.emitClose (/data/Workspace/helios/starwards/node_modules/colyseus.js/node_modules/ws/lib/websocket.js:272:10)
          at Socket.socketOnClose (/data/Workspace/helios/starwards/node_modules/colyseus.js/node_modules/ws/lib/websocket.js:1341:15)
          at Socket.emit (node:events:524:28)
          at TCP.<anonymous> (node:net:343:12)

      at ConnectionManager.onConnectionError (modules/core/src/client/connection-manager.ts:144:21)
          at Array.forEach (<anonymous>)

    console.log
      connection error: TypeError: Cannot read properties of undefined (reading 'decoder')
          at wireEvents (/data/Workspace/helios/starwards/node_modules/colyseus-events/src/wire-events.ts:30:40)
          at /data/Workspace/helios/starwards/modules/core/src/client/admin.ts:20:5
          at processTicksAndRejections (node:internal/process/task_queues:95:5)
          at /data/Workspace/helios/starwards/modules/core/src/client/connection-manager.ts:131:21

      at ConnectionManager.onConnectionError (modules/core/src/client/connection-manager.ts:144:21)

    console.log
      connection error: Error: disconnected from server
          at EventEmitter.<anonymous> (/data/Workspace/helios/starwards/modules/core/src/client/driver.ts:53:58)
          at /data/Workspace/helios/starwards/node_modules/colyseus.js/src/core/signal.ts:15:48
          at Array.forEach (<anonymous>)
          at EventEmitter.invoke (/data/Workspace/helios/starwards/node_modules/colyseus.js/src/core/signal.ts:15:19)
          at Function.register.invoke (/data/Workspace/helios/starwards/node_modules/colyseus.js/src/core/signal.ts:57:81)
          at WebSocket.connection.events.onclose (/data/Workspace/helios/starwards/node_modules/colyseus.js/src/Room.ts:89:30)
          at callListener (/data/Workspace/helios/starwards/node_modules/colyseus.js/node_modules/ws/lib/event-target.js:290:14)
          at WebSocket.onClose (/data/Workspace/helios/starwards/node_modules/colyseus.js/node_modules/ws/lib/event-target.js:220:9)
          at WebSocket.emit (node:events:524:28)
          at WebSocket.emitClose (/data/Workspace/helios/starwards/node_modules/colyseus.js/node_modules/ws/lib/websocket.js:272:10)
          at Socket.socketOnClose (/data/Workspace/helios/starwards/node_modules/colyseus.js/node_modules/ws/lib/websocket.js:1341:15)
          at Socket.emit (node:events:524:28)
          at TCP.<anonymous> (node:net:343:12)

      at ConnectionManager.onConnectionError (modules/core/src/client/connection-manager.ts:144:21)
          at Array.forEach (<anonymous>)

    console.log
      connection error: TypeError: Cannot read properties of undefined (reading 'decoder')
          at wireEvents (/data/Workspace/helios/starwards/node_modules/colyseus-events/src/wire-events.ts:30:40)
          at /data/Workspace/helios/starwards/modules/core/src/client/admin.ts:20:5
          at processTicksAndRejections (node:internal/process/task_queues:95:5)
          at /data/Workspace/helios/starwards/modules/core/src/client/connection-manager.ts:131:21

      at ConnectionManager.onConnectionError (modules/core/src/client/connection-manager.ts:144:21)

    console.log
      connection error: Error: disconnected from server
          at EventEmitter.<anonymous> (/data/Workspace/helios/starwards/modules/core/src/client/driver.ts:53:58)
          at /data/Workspace/helios/starwards/node_modules/colyseus.js/src/core/signal.ts:15:48
          at Array.forEach (<anonymous>)
          at EventEmitter.invoke (/data/Workspace/helios/starwards/node_modules/colyseus.js/src/core/signal.ts:15:19)
          at Function.register.invoke (/data/Workspace/helios/starwards/node_modules/colyseus.js/src/core/signal.ts:57:81)
          at WebSocket.connection.events.onclose (/data/Workspace/helios/starwards/node_modules/colyseus.js/src/Room.ts:89:30)
          at callListener (/data/Workspace/helios/starwards/node_modules/colyseus.js/node_modules/ws/lib/event-target.js:290:14)
          at WebSocket.onClose (/data/Workspace/helios/starwards/node_modules/colyseus.js/node_modules/ws/lib/event-target.js:220:9)
          at WebSocket.emit (node:events:524:28)
          at WebSocket.emitClose (/data/Workspace/helios/starwards/node_modules/colyseus.js/node_modules/ws/lib/websocket.js:272:10)
          at Socket.socketOnClose (/data/Workspace/helios/starwards/node_modules/colyseus.js/node_modules/ws/lib/websocket.js:1341:15)
          at Socket.emit (node:events:524:28)
          at TCP.<anonymous> (node:net:343:12)

      at ConnectionManager.onConnectionError (modules/core/src/client/connection-manager.ts:144:21)
          at Array.forEach (<anonymous>)

    console.log
      connection error: TypeError: Cannot read properties of undefined (reading 'decoder')
          at wireEvents (/data/Workspace/helios/starwards/node_modules/colyseus-events/src/wire-events.ts:30:40)
          at /data/Workspace/helios/starwards/modules/core/src/client/admin.ts:20:5
          at processTicksAndRejections (node:internal/process/task_queues:95:5)
          at /data/Workspace/helios/starwards/modules/core/src/client/connection-manager.ts:131:21

      at ConnectionManager.onConnectionError (modules/core/src/client/connection-manager.ts:144:21)

    console.log
      connection error: Error: disconnected from server
          at EventEmitter.<anonymous> (/data/Workspace/helios/starwards/modules/core/src/client/driver.ts:53:58)
          at /data/Workspace/helios/starwards/node_modules/colyseus.js/src/core/signal.ts:15:48
          at Array.forEach (<anonymous>)
          at EventEmitter.invoke (/data/Workspace/helios/starwards/node_modules/colyseus.js/src/core/signal.ts:15:19)
          at Function.register.invoke (/data/Workspace/helios/starwards/node_modules/colyseus.js/src/core/signal.ts:57:81)
          at WebSocket.connection.events.onclose (/data/Workspace/helios/starwards/node_modules/colyseus.js/src/Room.ts:89:30)
          at callListener (/data/Workspace/helios/starwards/node_modules/colyseus.js/node_modules/ws/lib/event-target.js:290:14)
          at WebSocket.onClose (/data/Workspace/helios/starwards/node_modules/colyseus.js/node_modules/ws/lib/event-target.js:220:9)
          at WebSocket.emit (node:events:524:28)
          at WebSocket.emitClose (/data/Workspace/helios/starwards/node_modules/colyseus.js/node_modules/ws/lib/websocket.js:272:10)
          at Socket.socketOnClose (/data/Workspace/helios/starwards/node_modules/colyseus.js/node_modules/ws/lib/websocket.js:1341:15)
          at Socket.emit (node:events:524:28)
          at TCP.<anonymous> (node:net:343:12)

      at ConnectionManager.onConnectionError (modules/core/src/client/connection-manager.ts:144:21)
          at Array.forEach (<anonymous>)

    console.log
      connection error: TypeError: Cannot read properties of undefined (reading 'decoder')
          at wireEvents (/data/Workspace/helios/starwards/node_modules/colyseus-events/src/wire-events.ts:30:40)
          at /data/Workspace/helios/starwards/modules/core/src/client/admin.ts:20:5
          at processTicksAndRejections (node:internal/process/task_queues:95:5)
          at /data/Workspace/helios/starwards/modules/core/src/client/connection-manager.ts:131:21

      at ConnectionManager.onConnectionError (modules/core/src/client/connection-manager.ts:144:21)

    console.log
      connection error: Error: disconnected from server
          at EventEmitter.<anonymous> (/data/Workspace/helios/starwards/modules/core/src/client/driver.ts:53:58)
          at /data/Workspace/helios/starwards/node_modules/colyseus.js/src/core/signal.ts:15:48
          at Array.forEach (<anonymous>)
          at EventEmitter.invoke (/data/Workspace/helios/starwards/node_modules/colyseus.js/src/core/signal.ts:15:19)
          at Function.register.invoke (/data/Workspace/helios/starwards/node_modules/colyseus.js/src/core/signal.ts:57:81)
          at WebSocket.connection.events.onclose (/data/Workspace/helios/starwards/node_modules/colyseus.js/src/Room.ts:89:30)
          at callListener (/data/Workspace/helios/starwards/node_modules/colyseus.js/node_modules/ws/lib/event-target.js:290:14)
          at WebSocket.onClose (/data/Workspace/helios/starwards/node_modules/colyseus.js/node_modules/ws/lib/event-target.js:220:9)
          at WebSocket.emit (node:events:524:28)
          at WebSocket.emitClose (/data/Workspace/helios/starwards/node_modules/colyseus.js/node_modules/ws/lib/websocket.js:272:10)
          at Socket.socketOnClose (/data/Workspace/helios/starwards/node_modules/colyseus.js/node_modules/ws/lib/websocket.js:1341:15)
          at Socket.emit (node:events:524:28)
          at TCP.<anonymous> (node:net:343:12)

      at ConnectionManager.onConnectionError (modules/core/src/client/connection-manager.ts:144:21)
          at Array.forEach (<anonymous>)

    console.log
      connection error: TypeError: Cannot read properties of undefined (reading 'decoder')
          at wireEvents (/data/Workspace/helios/starwards/node_modules/colyseus-events/src/wire-events.ts:30:40)
          at /data/Workspace/helios/starwards/modules/core/src/client/admin.ts:20:5
          at processTicksAndRejections (node:internal/process/task_queues:95:5)
          at /data/Workspace/helios/starwards/modules/core/src/client/connection-manager.ts:131:21

      at ConnectionManager.onConnectionError (modules/core/src/client/connection-manager.ts:144:21)

    console.log
      connection error: Error: disconnected from server
          at EventEmitter.<anonymous> (/data/Workspace/helios/starwards/modules/core/src/client/driver.ts:53:58)
          at /data/Workspace/helios/starwards/node_modules/colyseus.js/src/core/signal.ts:15:48
          at Array.forEach (<anonymous>)
          at EventEmitter.invoke (/data/Workspace/helios/starwards/node_modules/colyseus.js/src/core/signal.ts:15:19)
          at Function.register.invoke (/data/Workspace/helios/starwards/node_modules/colyseus.js/src/core/signal.ts:57:81)
          at WebSocket.connection.events.onclose (/data/Workspace/helios/starwards/node_modules/colyseus.js/src/Room.ts:89:30)
          at callListener (/data/Workspace/helios/starwards/node_modules/colyseus.js/node_modules/ws/lib/event-target.js:290:14)
          at WebSocket.onClose (/data/Workspace/helios/starwards/node_modules/colyseus.js/node_modules/ws/lib/event-target.js:220:9)
          at WebSocket.emit (node:events:524:28)
          at WebSocket.emitClose (/data/Workspace/helios/starwards/node_modules/colyseus.js/node_modules/ws/lib/websocket.js:272:10)
          at Socket.socketOnClose (/data/Workspace/helios/starwards/node_modules/colyseus.js/node_modules/ws/lib/websocket.js:1341:15)
          at Socket.emit (node:events:524:28)
          at TCP.<anonymous> (node:net:343:12)

      at ConnectionManager.onConnectionError (modules/core/src/client/connection-manager.ts:144:21)
          at Array.forEach (<anonymous>)

    console.log
      connection error: TypeError: Cannot read properties of undefined (reading 'decoder')
          at wireEvents (/data/Workspace/helios/starwards/node_modules/colyseus-events/src/wire-events.ts:30:40)
          at /data/Workspace/helios/starwards/modules/core/src/client/admin.ts:20:5
          at processTicksAndRejections (node:internal/process/task_queues:95:5)
          at /data/Workspace/helios/starwards/modules/core/src/client/connection-manager.ts:131:21

      at ConnectionManager.onConnectionError (modules/core/src/client/connection-manager.ts:144:21)

    console.log
      connection error: Error: disconnected from server
          at EventEmitter.<anonymous> (/data/Workspace/helios/starwards/modules/core/src/client/driver.ts:53:58)
          at /data/Workspace/helios/starwards/node_modules/colyseus.js/src/core/signal.ts:15:48
          at Array.forEach (<anonymous>)
          at EventEmitter.invoke (/data/Workspace/helios/starwards/node_modules/colyseus.js/src/core/signal.ts:15:19)
          at Function.register.invoke (/data/Workspace/helios/starwards/node_modules/colyseus.js/src/core/signal.ts:57:81)
          at WebSocket.connection.events.onclose (/data/Workspace/helios/starwards/node_modules/colyseus.js/src/Room.ts:89:30)
          at callListener (/data/Workspace/helios/starwards/node_modules/colyseus.js/node_modules/ws/lib/event-target.js:290:14)
          at WebSocket.onClose (/data/Workspace/helios/starwards/node_modules/colyseus.js/node_modules/ws/lib/event-target.js:220:9)
          at WebSocket.emit (node:events:524:28)
          at WebSocket.emitClose (/data/Workspace/helios/starwards/node_modules/colyseus.js/node_modules/ws/lib/websocket.js:272:10)
          at Socket.socketOnClose (/data/Workspace/helios/starwards/node_modules/colyseus.js/node_modules/ws/lib/websocket.js:1341:15)
          at Socket.emit (node:events:524:28)
          at TCP.<anonymous> (node:net:343:12)

      at ConnectionManager.onConnectionError (modules/core/src/client/connection-manager.ts:144:21)
          at Array.forEach (<anonymous>)

    console.log
      connection error: TypeError: Cannot read properties of undefined (reading 'decoder')
          at wireEvents (/data/Workspace/helios/starwards/node_modules/colyseus-events/src/wire-events.ts:30:40)
          at /data/Workspace/helios/starwards/modules/core/src/client/admin.ts:20:5
          at processTicksAndRejections (node:internal/process/task_queues:95:5)
          at /data/Workspace/helios/starwards/modules/core/src/client/connection-manager.ts:131:21

      at ConnectionManager.onConnectionError (modules/core/src/client/connection-manager.ts:144:21)

    console.log
      connection error: Error: disconnected from server
          at EventEmitter.<anonymous> (/data/Workspace/helios/starwards/modules/core/src/client/driver.ts:53:58)
          at /data/Workspace/helios/starwards/node_modules/colyseus.js/src/core/signal.ts:15:48
          at Array.forEach (<anonymous>)
          at EventEmitter.invoke (/data/Workspace/helios/starwards/node_modules/colyseus.js/src/core/signal.ts:15:19)
          at Function.register.invoke (/data/Workspace/helios/starwards/node_modules/colyseus.js/src/core/signal.ts:57:81)
          at WebSocket.connection.events.onclose (/data/Workspace/helios/starwards/node_modules/colyseus.js/src/Room.ts:89:30)
          at callListener (/data/Workspace/helios/starwards/node_modules/colyseus.js/node_modules/ws/lib/event-target.js:290:14)
          at WebSocket.onClose (/data/Workspace/helios/starwards/node_modules/colyseus.js/node_modules/ws/lib/event-target.js:220:9)
          at WebSocket.emit (node:events:524:28)
          at WebSocket.emitClose (/data/Workspace/helios/starwards/node_modules/colyseus.js/node_modules/ws/lib/websocket.js:272:10)
          at Socket.socketOnClose (/data/Workspace/helios/starwards/node_modules/colyseus.js/node_modules/ws/lib/websocket.js:1341:15)
          at Socket.emit (node:events:524:28)
          at TCP.<anonymous> (node:net:343:12)

      at ConnectionManager.onConnectionError (modules/core/src/client/connection-manager.ts:144:21)
          at Array.forEach (<anonymous>)

    console.log
      connection error: TypeError: Cannot read properties of undefined (reading 'decoder')
          at wireEvents (/data/Workspace/helios/starwards/node_modules/colyseus-events/src/wire-events.ts:30:40)
          at /data/Workspace/helios/starwards/modules/core/src/client/admin.ts:20:5
          at processTicksAndRejections (node:internal/process/task_queues:95:5)
          at /data/Workspace/helios/starwards/modules/core/src/client/connection-manager.ts:131:21

      at ConnectionManager.onConnectionError (modules/core/src/client/connection-manager.ts:144:21)

    console.log
      connection error: Error: disconnected from server
          at EventEmitter.<anonymous> (/data/Workspace/helios/starwards/modules/core/src/client/driver.ts:53:58)
          at /data/Workspace/helios/starwards/node_modules/colyseus.js/src/core/signal.ts:15:48
          at Array.forEach (<anonymous>)
          at EventEmitter.invoke (/data/Workspace/helios/starwards/node_modules/colyseus.js/src/core/signal.ts:15:19)
          at Function.register.invoke (/data/Workspace/helios/starwards/node_modules/colyseus.js/src/core/signal.ts:57:81)
          at WebSocket.connection.events.onclose (/data/Workspace/helios/starwards/node_modules/colyseus.js/src/Room.ts:89:30)
          at callListener (/data/Workspace/helios/starwards/node_modules/colyseus.js/node_modules/ws/lib/event-target.js:290:14)
          at WebSocket.onClose (/data/Workspace/helios/starwards/node_modules/colyseus.js/node_modules/ws/lib/event-target.js:220:9)
          at WebSocket.emit (node:events:524:28)
          at WebSocket.emitClose (/data/Workspace/helios/starwards/node_modules/colyseus.js/node_modules/ws/lib/websocket.js:272:10)
          at Socket.socketOnClose (/data/Workspace/helios/starwards/node_modules/colyseus.js/node_modules/ws/lib/websocket.js:1341:15)
          at Socket.emit (node:events:524:28)
          at TCP.<anonymous> (node:net:343:12)

      at ConnectionManager.onConnectionError (modules/core/src/client/connection-manager.ts:144:21)
          at Array.forEach (<anonymous>)

    console.log
      connection error: TypeError: Cannot read properties of undefined (reading 'decoder')
          at wireEvents (/data/Workspace/helios/starwards/node_modules/colyseus-events/src/wire-events.ts:30:40)
          at /data/Workspace/helios/starwards/modules/core/src/client/admin.ts:20:5
          at processTicksAndRejections (node:internal/process/task_queues:95:5)
          at /data/Workspace/helios/starwards/modules/core/src/client/connection-manager.ts:131:21

      at ConnectionManager.onConnectionError (modules/core/src/client/connection-manager.ts:144:21)

    console.log
      connection error: Error: disconnected from server
          at EventEmitter.<anonymous> (/data/Workspace/helios/starwards/modules/core/src/client/driver.ts:53:58)
          at /data/Workspace/helios/starwards/node_modules/colyseus.js/src/core/signal.ts:15:48
          at Array.forEach (<anonymous>)
          at EventEmitter.invoke (/data/Workspace/helios/starwards/node_modules/colyseus.js/src/core/signal.ts:15:19)
          at Function.register.invoke (/data/Workspace/helios/starwards/node_modules/colyseus.js/src/core/signal.ts:57:81)
          at WebSocket.connection.events.onclose (/data/Workspace/helios/starwards/node_modules/colyseus.js/src/Room.ts:89:30)
          at callListener (/data/Workspace/helios/starwards/node_modules/colyseus.js/node_modules/ws/lib/event-target.js:290:14)
          at WebSocket.onClose (/data/Workspace/helios/starwards/node_modules/colyseus.js/node_modules/ws/lib/event-target.js:220:9)
          at WebSocket.emit (node:events:524:28)
          at WebSocket.emitClose (/data/Workspace/helios/starwards/node_modules/colyseus.js/node_modules/ws/lib/websocket.js:272:10)
          at Socket.socketOnClose (/data/Workspace/helios/starwards/node_modules/colyseus.js/node_modules/ws/lib/websocket.js:1341:15)
          at Socket.emit (node:events:524:28)
          at TCP.<anonymous> (node:net:343:12)

      at ConnectionManager.onConnectionError (modules/core/src/client/connection-manager.ts:144:21)
          at Array.forEach (<anonymous>)

    console.log
      connection error: TypeError: Cannot read properties of undefined (reading 'decoder')
          at wireEvents (/data/Workspace/helios/starwards/node_modules/colyseus-events/src/wire-events.ts:30:40)
          at /data/Workspace/helios/starwards/modules/core/src/client/admin.ts:20:5
          at processTicksAndRejections (node:internal/process/task_queues:95:5)
          at /data/Workspace/helios/starwards/modules/core/src/client/connection-manager.ts:131:21

      at ConnectionManager.onConnectionError (modules/core/src/client/connection-manager.ts:144:21)

    console.log
      connection error: Error: disconnected from server
          at EventEmitter.<anonymous> (/data/Workspace/helios/starwards/modules/core/src/client/driver.ts:53:58)
          at /data/Workspace/helios/starwards/node_modules/colyseus.js/src/core/signal.ts:15:48
          at Array.forEach (<anonymous>)
          at EventEmitter.invoke (/data/Workspace/helios/starwards/node_modules/colyseus.js/src/core/signal.ts:15:19)
          at Function.register.invoke (/data/Workspace/helios/starwards/node_modules/colyseus.js/src/core/signal.ts:57:81)
          at WebSocket.connection.events.onclose (/data/Workspace/helios/starwards/node_modules/colyseus.js/src/Room.ts:89:30)
          at callListener (/data/Workspace/helios/starwards/node_modules/colyseus.js/node_modules/ws/lib/event-target.js:290:14)
          at WebSocket.onClose (/data/Workspace/helios/starwards/node_modules/colyseus.js/node_modules/ws/lib/event-target.js:220:9)
          at WebSocket.emit (node:events:524:28)
          at WebSocket.emitClose (/data/Workspace/helios/starwards/node_modules/colyseus.js/node_modules/ws/lib/websocket.js:272:10)
          at Socket.socketOnClose (/data/Workspace/helios/starwards/node_modules/colyseus.js/node_modules/ws/lib/websocket.js:1341:15)
          at Socket.emit (node:events:524:28)
          at TCP.<anonymous> (node:net:343:12)

      at ConnectionManager.onConnectionError (modules/core/src/client/connection-manager.ts:144:21)
          at Array.forEach (<anonymous>)

    console.log
      connection error: TypeError: Cannot read properties of undefined (reading 'decoder')
          at wireEvents (/data/Workspace/helios/starwards/node_modules/colyseus-events/src/wire-events.ts:30:40)
          at /data/Workspace/helios/starwards/modules/core/src/client/admin.ts:20:5
          at processTicksAndRejections (node:internal/process/task_queues:95:5)
          at /data/Workspace/helios/starwards/modules/core/src/client/connection-manager.ts:131:21

      at ConnectionManager.onConnectionError (modules/core/src/client/connection-manager.ts:144:21)

    console.log
      connection error: Error: disconnected from server
          at EventEmitter.<anonymous> (/data/Workspace/helios/starwards/modules/core/src/client/driver.ts:53:58)
          at /data/Workspace/helios/starwards/node_modules/colyseus.js/src/core/signal.ts:15:48
          at Array.forEach (<anonymous>)
          at EventEmitter.invoke (/data/Workspace/helios/starwards/node_modules/colyseus.js/src/core/signal.ts:15:19)
          at Function.register.invoke (/data/Workspace/helios/starwards/node_modules/colyseus.js/src/core/signal.ts:57:81)
          at WebSocket.connection.events.onclose (/data/Workspace/helios/starwards/node_modules/colyseus.js/src/Room.ts:89:30)
          at callListener (/data/Workspace/helios/starwards/node_modules/colyseus.js/node_modules/ws/lib/event-target.js:290:14)
          at WebSocket.onClose (/data/Workspace/helios/starwards/node_modules/colyseus.js/node_modules/ws/lib/event-target.js:220:9)
          at WebSocket.emit (node:events:524:28)
          at WebSocket.emitClose (/data/Workspace/helios/starwards/node_modules/colyseus.js/node_modules/ws/lib/websocket.js:272:10)
          at Socket.socketOnClose (/data/Workspace/helios/starwards/node_modules/colyseus.js/node_modules/ws/lib/websocket.js:1341:15)
          at Socket.emit (node:events:524:28)
          at TCP.<anonymous> (node:net:343:12)

      at ConnectionManager.onConnectionError (modules/core/src/client/connection-manager.ts:144:21)
          at Array.forEach (<anonymous>)

    console.log
      connection error: TypeError: Cannot read properties of undefined (reading 'decoder')
          at wireEvents (/data/Workspace/helios/starwards/node_modules/colyseus-events/src/wire-events.ts:30:40)
          at /data/Workspace/helios/starwards/modules/core/src/client/admin.ts:20:5
          at processTicksAndRejections (node:internal/process/task_queues:95:5)
          at /data/Workspace/helios/starwards/modules/core/src/client/connection-manager.ts:131:21

      at ConnectionManager.onConnectionError (modules/core/src/client/connection-manager.ts:144:21)

    console.log
      connection error: Error: disconnected from server
          at EventEmitter.<anonymous> (/data/Workspace/helios/starwards/modules/core/src/client/driver.ts:53:58)
          at /data/Workspace/helios/starwards/node_modules/colyseus.js/src/core/signal.ts:15:48
          at Array.forEach (<anonymous>)
          at EventEmitter.invoke (/data/Workspace/helios/starwards/node_modules/colyseus.js/src/core/signal.ts:15:19)
          at Function.register.invoke (/data/Workspace/helios/starwards/node_modules/colyseus.js/src/core/signal.ts:57:81)
          at WebSocket.connection.events.onclose (/data/Workspace/helios/starwards/node_modules/colyseus.js/src/Room.ts:89:30)
          at callListener (/data/Workspace/helios/starwards/node_modules/colyseus.js/node_modules/ws/lib/event-target.js:290:14)
          at WebSocket.onClose (/data/Workspace/helios/starwards/node_modules/colyseus.js/node_modules/ws/lib/event-target.js:220:9)
          at WebSocket.emit (node:events:524:28)
          at WebSocket.emitClose (/data/Workspace/helios/starwards/node_modules/colyseus.js/node_modules/ws/lib/websocket.js:272:10)
          at Socket.socketOnClose (/data/Workspace/helios/starwards/node_modules/colyseus.js/node_modules/ws/lib/websocket.js:1341:15)
          at Socket.emit (node:events:524:28)
          at TCP.<anonymous> (node:net:343:12)

      at ConnectionManager.onConnectionError (modules/core/src/client/connection-manager.ts:144:21)
          at Array.forEach (<anonymous>)

    console.log
      connection error: TypeError: Cannot read properties of undefined (reading 'decoder')
          at wireEvents (/data/Workspace/helios/starwards/node_modules/colyseus-events/src/wire-events.ts:30:40)
          at /data/Workspace/helios/starwards/modules/core/src/client/admin.ts:20:5
          at processTicksAndRejections (node:internal/process/task_queues:95:5)
          at /data/Workspace/helios/starwards/modules/core/src/client/connection-manager.ts:131:21

      at ConnectionManager.onConnectionError (modules/core/src/client/connection-manager.ts:144:21)

    console.log
      connection error: Error: disconnected from server
          at EventEmitter.<anonymous> (/data/Workspace/helios/starwards/modules/core/src/client/driver.ts:53:58)
          at /data/Workspace/helios/starwards/node_modules/colyseus.js/src/core/signal.ts:15:48
          at Array.forEach (<anonymous>)
          at EventEmitter.invoke (/data/Workspace/helios/starwards/node_modules/colyseus.js/src/core/signal.ts:15:19)
          at Function.register.invoke (/data/Workspace/helios/starwards/node_modules/colyseus.js/src/core/signal.ts:57:81)
          at WebSocket.connection.events.onclose (/data/Workspace/helios/starwards/node_modules/colyseus.js/src/Room.ts:89:30)
          at callListener (/data/Workspace/helios/starwards/node_modules/colyseus.js/node_modules/ws/lib/event-target.js:290:14)
          at WebSocket.onClose (/data/Workspace/helios/starwards/node_modules/colyseus.js/node_modules/ws/lib/event-target.js:220:9)
          at WebSocket.emit (node:events:524:28)
          at WebSocket.emitClose (/data/Workspace/helios/starwards/node_modules/colyseus.js/node_modules/ws/lib/websocket.js:272:10)
          at Socket.socketOnClose (/data/Workspace/helios/starwards/node_modules/colyseus.js/node_modules/ws/lib/websocket.js:1341:15)
          at Socket.emit (node:events:524:28)
          at TCP.<anonymous> (node:net:343:12)

      at ConnectionManager.onConnectionError (modules/core/src/client/connection-manager.ts:144:21)
          at Array.forEach (<anonymous>)

    console.log
      connection error: TypeError: Cannot read properties of undefined (reading 'decoder')
          at wireEvents (/data/Workspace/helios/starwards/node_modules/colyseus-events/src/wire-events.ts:30:40)
          at /data/Workspace/helios/starwards/modules/core/src/client/admin.ts:20:5
          at processTicksAndRejections (node:internal/process/task_queues:95:5)
          at /data/Workspace/helios/starwards/modules/core/src/client/connection-manager.ts:131:21

      at ConnectionManager.onConnectionError (modules/core/src/client/connection-manager.ts:144:21)

    console.log
      connection error: Error: disconnected from server
          at EventEmitter.<anonymous> (/data/Workspace/helios/starwards/modules/core/src/client/driver.ts:53:58)
          at /data/Workspace/helios/starwards/node_modules/colyseus.js/src/core/signal.ts:15:48
          at Array.forEach (<anonymous>)
          at EventEmitter.invoke (/data/Workspace/helios/starwards/node_modules/colyseus.js/src/core/signal.ts:15:19)
          at Function.register.invoke (/data/Workspace/helios/starwards/node_modules/colyseus.js/src/core/signal.ts:57:81)
          at WebSocket.connection.events.onclose (/data/Workspace/helios/starwards/node_modules/colyseus.js/src/Room.ts:89:30)
          at callListener (/data/Workspace/helios/starwards/node_modules/colyseus.js/node_modules/ws/lib/event-target.js:290:14)
          at WebSocket.onClose (/data/Workspace/helios/starwards/node_modules/colyseus.js/node_modules/ws/lib/event-target.js:220:9)
          at WebSocket.emit (node:events:524:28)
          at WebSocket.emitClose (/data/Workspace/helios/starwards/node_modules/colyseus.js/node_modules/ws/lib/websocket.js:272:10)
          at Socket.socketOnClose (/data/Workspace/helios/starwards/node_modules/colyseus.js/node_modules/ws/lib/websocket.js:1341:15)
          at Socket.emit (node:events:524:28)
          at TCP.<anonymous> (node:net:343:12)

      at ConnectionManager.onConnectionError (modules/core/src/client/connection-manager.ts:144:21)
          at Array.forEach (<anonymous>)

    console.log
      connection error: TypeError: Cannot read properties of undefined (reading 'decoder')
          at wireEvents (/data/Workspace/helios/starwards/node_modules/colyseus-events/src/wire-events.ts:30:40)
          at /data/Workspace/helios/starwards/modules/core/src/client/admin.ts:20:5
          at processTicksAndRejections (node:internal/process/task_queues:95:5)
          at /data/Workspace/helios/starwards/modules/core/src/client/connection-manager.ts:131:21

      at ConnectionManager.onConnectionError (modules/core/src/client/connection-manager.ts:144:21)

    console.log
      connection error: Error: disconnected from server
          at EventEmitter.<anonymous> (/data/Workspace/helios/starwards/modules/core/src/client/driver.ts:53:58)
          at /data/Workspace/helios/starwards/node_modules/colyseus.js/src/core/signal.ts:15:48
          at Array.forEach (<anonymous>)
          at EventEmitter.invoke (/data/Workspace/helios/starwards/node_modules/colyseus.js/src/core/signal.ts:15:19)
          at Function.register.invoke (/data/Workspace/helios/starwards/node_modules/colyseus.js/src/core/signal.ts:57:81)
          at WebSocket.connection.events.onclose (/data/Workspace/helios/starwards/node_modules/colyseus.js/src/Room.ts:89:30)
          at callListener (/data/Workspace/helios/starwards/node_modules/colyseus.js/node_modules/ws/lib/event-target.js:290:14)
          at WebSocket.onClose (/data/Workspace/helios/starwards/node_modules/colyseus.js/node_modules/ws/lib/event-target.js:220:9)
          at WebSocket.emit (node:events:524:28)
          at WebSocket.emitClose (/data/Workspace/helios/starwards/node_modules/colyseus.js/node_modules/ws/lib/websocket.js:272:10)
          at Socket.socketOnClose (/data/Workspace/helios/starwards/node_modules/colyseus.js/node_modules/ws/lib/websocket.js:1341:15)
          at Socket.emit (node:events:524:28)
          at TCP.<anonymous> (node:net:343:12)

      at ConnectionManager.onConnectionError (modules/core/src/client/connection-manager.ts:144:21)
          at Array.forEach (<anonymous>)

    console.log
      connection error: TypeError: Cannot read properties of undefined (reading 'decoder')
          at wireEvents (/data/Workspace/helios/starwards/node_modules/colyseus-events/src/wire-events.ts:30:40)
          at /data/Workspace/helios/starwards/modules/core/src/client/admin.ts:20:5
          at processTicksAndRejections (node:internal/process/task_queues:95:5)
          at /data/Workspace/helios/starwards/modules/core/src/client/connection-manager.ts:131:21

      at ConnectionManager.onConnectionError (modules/core/src/client/connection-manager.ts:144:21)

    console.log
      connection error: Error: disconnected from server
          at EventEmitter.<anonymous> (/data/Workspace/helios/starwards/modules/core/src/client/driver.ts:53:58)
          at /data/Workspace/helios/starwards/node_modules/colyseus.js/src/core/signal.ts:15:48
          at Array.forEach (<anonymous>)
          at EventEmitter.invoke (/data/Workspace/helios/starwards/node_modules/colyseus.js/src/core/signal.ts:15:19)
          at Function.register.invoke (/data/Workspace/helios/starwards/node_modules/colyseus.js/src/core/signal.ts:57:81)
          at WebSocket.connection.events.onclose (/data/Workspace/helios/starwards/node_modules/colyseus.js/src/Room.ts:89:30)
          at callListener (/data/Workspace/helios/starwards/node_modules/colyseus.js/node_modules/ws/lib/event-target.js:290:14)
          at WebSocket.onClose (/data/Workspace/helios/starwards/node_modules/colyseus.js/node_modules/ws/lib/event-target.js:220:9)
          at WebSocket.emit (node:events:524:28)
          at WebSocket.emitClose (/data/Workspace/helios/starwards/node_modules/colyseus.js/node_modules/ws/lib/websocket.js:272:10)
          at Socket.socketOnClose (/data/Workspace/helios/starwards/node_modules/colyseus.js/node_modules/ws/lib/websocket.js:1341:15)
          at Socket.emit (node:events:524:28)
          at TCP.<anonymous> (node:net:343:12)

      at ConnectionManager.onConnectionError (modules/core/src/client/connection-manager.ts:144:21)
          at Array.forEach (<anonymous>)

    console.log
      connection error: TypeError: Cannot read properties of undefined (reading 'decoder')
          at wireEvents (/data/Workspace/helios/starwards/node_modules/colyseus-events/src/wire-events.ts:30:40)
          at /data/Workspace/helios/starwards/modules/core/src/client/admin.ts:20:5
          at processTicksAndRejections (node:internal/process/task_queues:95:5)
          at /data/Workspace/helios/starwards/modules/core/src/client/connection-manager.ts:131:21

      at ConnectionManager.onConnectionError (modules/core/src/client/connection-manager.ts:144:21)

    console.log
      connection error: Error: disconnected from server
          at EventEmitter.<anonymous> (/data/Workspace/helios/starwards/modules/core/src/client/driver.ts:53:58)
          at /data/Workspace/helios/starwards/node_modules/colyseus.js/src/core/signal.ts:15:48
          at Array.forEach (<anonymous>)
          at EventEmitter.invoke (/data/Workspace/helios/starwards/node_modules/colyseus.js/src/core/signal.ts:15:19)
          at Function.register.invoke (/data/Workspace/helios/starwards/node_modules/colyseus.js/src/core/signal.ts:57:81)
          at WebSocket.connection.events.onclose (/data/Workspace/helios/starwards/node_modules/colyseus.js/src/Room.ts:89:30)
          at callListener (/data/Workspace/helios/starwards/node_modules/colyseus.js/node_modules/ws/lib/event-target.js:290:14)
          at WebSocket.onClose (/data/Workspace/helios/starwards/node_modules/colyseus.js/node_modules/ws/lib/event-target.js:220:9)
          at WebSocket.emit (node:events:524:28)
          at WebSocket.emitClose (/data/Workspace/helios/starwards/node_modules/colyseus.js/node_modules/ws/lib/websocket.js:272:10)
          at Socket.socketOnClose (/data/Workspace/helios/starwards/node_modules/colyseus.js/node_modules/ws/lib/websocket.js:1341:15)
          at Socket.emit (node:events:524:28)
          at TCP.<anonymous> (node:net:343:12)

      at ConnectionManager.onConnectionError (modules/core/src/client/connection-manager.ts:144:21)
          at Array.forEach (<anonymous>)

    console.log
      connection error: TypeError: Cannot read properties of undefined (reading 'decoder')
          at wireEvents (/data/Workspace/helios/starwards/node_modules/colyseus-events/src/wire-events.ts:30:40)
          at /data/Workspace/helios/starwards/modules/core/src/client/admin.ts:20:5
          at processTicksAndRejections (node:internal/process/task_queues:95:5)
          at /data/Workspace/helios/starwards/modules/core/src/client/connection-manager.ts:131:21

      at ConnectionManager.onConnectionError (modules/core/src/client/connection-manager.ts:144:21)

    console.log
      connection error: Error: disconnected from server
          at EventEmitter.<anonymous> (/data/Workspace/helios/starwards/modules/core/src/client/driver.ts:53:58)
          at /data/Workspace/helios/starwards/node_modules/colyseus.js/src/core/signal.ts:15:48
          at Array.forEach (<anonymous>)
          at EventEmitter.invoke (/data/Workspace/helios/starwards/node_modules/colyseus.js/src/core/signal.ts:15:19)
          at Function.register.invoke (/data/Workspace/helios/starwards/node_modules/colyseus.js/src/core/signal.ts:57:81)
          at WebSocket.connection.events.onclose (/data/Workspace/helios/starwards/node_modules/colyseus.js/src/Room.ts:89:30)
          at callListener (/data/Workspace/helios/starwards/node_modules/colyseus.js/node_modules/ws/lib/event-target.js:290:14)
          at WebSocket.onClose (/data/Workspace/helios/starwards/node_modules/colyseus.js/node_modules/ws/lib/event-target.js:220:9)
          at WebSocket.emit (node:events:524:28)
          at WebSocket.emitClose (/data/Workspace/helios/starwards/node_modules/colyseus.js/node_modules/ws/lib/websocket.js:272:10)
          at Socket.socketOnClose (/data/Workspace/helios/starwards/node_modules/colyseus.js/node_modules/ws/lib/websocket.js:1341:15)
          at Socket.emit (node:events:524:28)
          at TCP.<anonymous> (node:net:343:12)

      at ConnectionManager.onConnectionError (modules/core/src/client/connection-manager.ts:144:21)
          at Array.forEach (<anonymous>)

    console.log
      connection error: TypeError: Cannot read properties of undefined (reading 'decoder')
          at wireEvents (/data/Workspace/helios/starwards/node_modules/colyseus-events/src/wire-events.ts:30:40)
          at /data/Workspace/helios/starwards/modules/core/src/client/admin.ts:20:5
          at processTicksAndRejections (node:internal/process/task_queues:95:5)
          at /data/Workspace/helios/starwards/modules/core/src/client/connection-manager.ts:131:21

      at ConnectionManager.onConnectionError (modules/core/src/client/connection-manager.ts:144:21)

    console.log
      connection error: Error: disconnected from server
          at EventEmitter.<anonymous> (/data/Workspace/helios/starwards/modules/core/src/client/driver.ts:53:58)
          at /data/Workspace/helios/starwards/node_modules/colyseus.js/src/core/signal.ts:15:48
          at Array.forEach (<anonymous>)
          at EventEmitter.invoke (/data/Workspace/helios/starwards/node_modules/colyseus.js/src/core/signal.ts:15:19)
          at Function.register.invoke (/data/Workspace/helios/starwards/node_modules/colyseus.js/src/core/signal.ts:57:81)
          at WebSocket.connection.events.onclose (/data/Workspace/helios/starwards/node_modules/colyseus.js/src/Room.ts:89:30)
          at callListener (/data/Workspace/helios/starwards/node_modules/colyseus.js/node_modules/ws/lib/event-target.js:290:14)
          at WebSocket.onClose (/data/Workspace/helios/starwards/node_modules/colyseus.js/node_modules/ws/lib/event-target.js:220:9)
          at WebSocket.emit (node:events:524:28)
          at WebSocket.emitClose (/data/Workspace/helios/starwards/node_modules/colyseus.js/node_modules/ws/lib/websocket.js:272:10)
          at Socket.socketOnClose (/data/Workspace/helios/starwards/node_modules/colyseus.js/node_modules/ws/lib/websocket.js:1341:15)
          at Socket.emit (node:events:524:28)
          at TCP.<anonymous> (node:net:343:12)

      at ConnectionManager.onConnectionError (modules/core/src/client/connection-manager.ts:144:21)
          at Array.forEach (<anonymous>)

    console.log
      connection error: TypeError: Cannot read properties of undefined (reading 'decoder')
          at wireEvents (/data/Workspace/helios/starwards/node_modules/colyseus-events/src/wire-events.ts:30:40)
          at /data/Workspace/helios/starwards/modules/core/src/client/admin.ts:20:5
          at processTicksAndRejections (node:internal/process/task_queues:95:5)
          at /data/Workspace/helios/starwards/modules/core/src/client/connection-manager.ts:131:21

      at ConnectionManager.onConnectionError (modules/core/src/client/connection-manager.ts:144:21)

    console.log
      connection error: Error: disconnected from server
          at EventEmitter.<anonymous> (/data/Workspace/helios/starwards/modules/core/src/client/driver.ts:53:58)
          at /data/Workspace/helios/starwards/node_modules/colyseus.js/src/core/signal.ts:15:48
          at Array.forEach (<anonymous>)
          at EventEmitter.invoke (/data/Workspace/helios/starwards/node_modules/colyseus.js/src/core/signal.ts:15:19)
          at Function.register.invoke (/data/Workspace/helios/starwards/node_modules/colyseus.js/src/core/signal.ts:57:81)
          at WebSocket.connection.events.onclose (/data/Workspace/helios/starwards/node_modules/colyseus.js/src/Room.ts:89:30)
          at callListener (/data/Workspace/helios/starwards/node_modules/colyseus.js/node_modules/ws/lib/event-target.js:290:14)
          at WebSocket.onClose (/data/Workspace/helios/starwards/node_modules/colyseus.js/node_modules/ws/lib/event-target.js:220:9)
          at WebSocket.emit (node:events:524:28)
          at WebSocket.emitClose (/data/Workspace/helios/starwards/node_modules/colyseus.js/node_modules/ws/lib/websocket.js:272:10)
          at Socket.socketOnClose (/data/Workspace/helios/starwards/node_modules/colyseus.js/node_modules/ws/lib/websocket.js:1341:15)
          at Socket.emit (node:events:524:28)
          at TCP.<anonymous> (node:net:343:12)

      at ConnectionManager.onConnectionError (modules/core/src/client/connection-manager.ts:144:21)
          at Array.forEach (<anonymous>)

    console.log
      connection error: TypeError: Cannot read properties of undefined (reading 'decoder')
          at wireEvents (/data/Workspace/helios/starwards/node_modules/colyseus-events/src/wire-events.ts:30:40)
          at /data/Workspace/helios/starwards/modules/core/src/client/admin.ts:20:5
          at processTicksAndRejections (node:internal/process/task_queues:95:5)
          at /data/Workspace/helios/starwards/modules/core/src/client/connection-manager.ts:131:21

      at ConnectionManager.onConnectionError (modules/core/src/client/connection-manager.ts:144:21)

    console.log
      connection error: Error: disconnected from server
          at EventEmitter.<anonymous> (/data/Workspace/helios/starwards/modules/core/src/client/driver.ts:53:58)
          at /data/Workspace/helios/starwards/node_modules/colyseus.js/src/core/signal.ts:15:48
          at Array.forEach (<anonymous>)
          at EventEmitter.invoke (/data/Workspace/helios/starwards/node_modules/colyseus.js/src/core/signal.ts:15:19)
          at Function.register.invoke (/data/Workspace/helios/starwards/node_modules/colyseus.js/src/core/signal.ts:57:81)
          at WebSocket.connection.events.onclose (/data/Workspace/helios/starwards/node_modules/colyseus.js/src/Room.ts:89:30)
          at callListener (/data/Workspace/helios/starwards/node_modules/colyseus.js/node_modules/ws/lib/event-target.js:290:14)
          at WebSocket.onClose (/data/Workspace/helios/starwards/node_modules/colyseus.js/node_modules/ws/lib/event-target.js:220:9)
          at WebSocket.emit (node:events:524:28)
          at WebSocket.emitClose (/data/Workspace/helios/starwards/node_modules/colyseus.js/node_modules/ws/lib/websocket.js:272:10)
          at Socket.socketOnClose (/data/Workspace/helios/starwards/node_modules/colyseus.js/node_modules/ws/lib/websocket.js:1341:15)
          at Socket.emit (node:events:524:28)
          at TCP.<anonymous> (node:net:343:12)

      at ConnectionManager.onConnectionError (modules/core/src/client/connection-manager.ts:144:21)
          at Array.forEach (<anonymous>)

    console.log
      connection error: TypeError: Cannot read properties of undefined (reading 'decoder')
          at wireEvents (/data/Workspace/helios/starwards/node_modules/colyseus-events/src/wire-events.ts:30:40)
          at /data/Workspace/helios/starwards/modules/core/src/client/admin.ts:20:5
          at processTicksAndRejections (node:internal/process/task_queues:95:5)
          at /data/Workspace/helios/starwards/modules/core/src/client/connection-manager.ts:131:21

      at ConnectionManager.onConnectionError (modules/core/src/client/connection-manager.ts:144:21)

    console.log
      connection error: Error: disconnected from server
          at EventEmitter.<anonymous> (/data/Workspace/helios/starwards/modules/core/src/client/driver.ts:53:58)
          at /data/Workspace/helios/starwards/node_modules/colyseus.js/src/core/signal.ts:15:48
          at Array.forEach (<anonymous>)
          at EventEmitter.invoke (/data/Workspace/helios/starwards/node_modules/colyseus.js/src/core/signal.ts:15:19)
          at Function.register.invoke (/data/Workspace/helios/starwards/node_modules/colyseus.js/src/core/signal.ts:57:81)
          at WebSocket.connection.events.onclose (/data/Workspace/helios/starwards/node_modules/colyseus.js/src/Room.ts:89:30)
          at callListener (/data/Workspace/helios/starwards/node_modules/colyseus.js/node_modules/ws/lib/event-target.js:290:14)
          at WebSocket.onClose (/data/Workspace/helios/starwards/node_modules/colyseus.js/node_modules/ws/lib/event-target.js:220:9)
          at WebSocket.emit (node:events:524:28)
          at WebSocket.emitClose (/data/Workspace/helios/starwards/node_modules/colyseus.js/node_modules/ws/lib/websocket.js:272:10)
          at Socket.socketOnClose (/data/Workspace/helios/starwards/node_modules/colyseus.js/node_modules/ws/lib/websocket.js:1341:15)
          at Socket.emit (node:events:524:28)
          at TCP.<anonymous> (node:net:343:12)

      at ConnectionManager.onConnectionError (modules/core/src/client/connection-manager.ts:144:21)
          at Array.forEach (<anonymous>)

    console.log
      connection error: TypeError: Cannot read properties of undefined (reading 'decoder')
          at wireEvents (/data/Workspace/helios/starwards/node_modules/colyseus-events/src/wire-events.ts:30:40)
          at /data/Workspace/helios/starwards/modules/core/src/client/admin.ts:20:5
          at processTicksAndRejections (node:internal/process/task_queues:95:5)
          at /data/Workspace/helios/starwards/modules/core/src/client/connection-manager.ts:131:21

      at ConnectionManager.onConnectionError (modules/core/src/client/connection-manager.ts:144:21)

    console.log
      connection error: Error: disconnected from server
          at EventEmitter.<anonymous> (/data/Workspace/helios/starwards/modules/core/src/client/driver.ts:53:58)
          at /data/Workspace/helios/starwards/node_modules/colyseus.js/src/core/signal.ts:15:48
          at Array.forEach (<anonymous>)
          at EventEmitter.invoke (/data/Workspace/helios/starwards/node_modules/colyseus.js/src/core/signal.ts:15:19)
          at Function.register.invoke (/data/Workspace/helios/starwards/node_modules/colyseus.js/src/core/signal.ts:57:81)
          at WebSocket.connection.events.onclose (/data/Workspace/helios/starwards/node_modules/colyseus.js/src/Room.ts:89:30)
          at callListener (/data/Workspace/helios/starwards/node_modules/colyseus.js/node_modules/ws/lib/event-target.js:290:14)
          at WebSocket.onClose (/data/Workspace/helios/starwards/node_modules/colyseus.js/node_modules/ws/lib/event-target.js:220:9)
          at WebSocket.emit (node:events:524:28)
          at WebSocket.emitClose (/data/Workspace/helios/starwards/node_modules/colyseus.js/node_modules/ws/lib/websocket.js:272:10)
          at Socket.socketOnClose (/data/Workspace/helios/starwards/node_modules/colyseus.js/node_modules/ws/lib/websocket.js:1341:15)
          at Socket.emit (node:events:524:28)
          at TCP.<anonymous> (node:net:343:12)

      at ConnectionManager.onConnectionError (modules/core/src/client/connection-manager.ts:144:21)
          at Array.forEach (<anonymous>)

    console.log
      connection error: TypeError: Cannot read properties of undefined (reading 'decoder')
          at wireEvents (/data/Workspace/helios/starwards/node_modules/colyseus-events/src/wire-events.ts:30:40)
          at /data/Workspace/helios/starwards/modules/core/src/client/admin.ts:20:5
          at processTicksAndRejections (node:internal/process/task_queues:95:5)
          at /data/Workspace/helios/starwards/modules/core/src/client/connection-manager.ts:131:21

      at ConnectionManager.onConnectionError (modules/core/src/client/connection-manager.ts:144:21)

    console.log
      connection error: Error: disconnected from server
          at EventEmitter.<anonymous> (/data/Workspace/helios/starwards/modules/core/src/client/driver.ts:53:58)
          at /data/Workspace/helios/starwards/node_modules/colyseus.js/src/core/signal.ts:15:48
          at Array.forEach (<anonymous>)
          at EventEmitter.invoke (/data/Workspace/helios/starwards/node_modules/colyseus.js/src/core/signal.ts:15:19)
          at Function.register.invoke (/data/Workspace/helios/starwards/node_modules/colyseus.js/src/core/signal.ts:57:81)
          at WebSocket.connection.events.onclose (/data/Workspace/helios/starwards/node_modules/colyseus.js/src/Room.ts:89:30)
          at callListener (/data/Workspace/helios/starwards/node_modules/colyseus.js/node_modules/ws/lib/event-target.js:290:14)
          at WebSocket.onClose (/data/Workspace/helios/starwards/node_modules/colyseus.js/node_modules/ws/lib/event-target.js:220:9)
          at WebSocket.emit (node:events:524:28)
          at WebSocket.emitClose (/data/Workspace/helios/starwards/node_modules/colyseus.js/node_modules/ws/lib/websocket.js:272:10)
          at Socket.socketOnClose (/data/Workspace/helios/starwards/node_modules/colyseus.js/node_modules/ws/lib/websocket.js:1341:15)
          at Socket.emit (node:events:524:28)
          at TCP.<anonymous> (node:net:343:12)

      at ConnectionManager.onConnectionError (modules/core/src/client/connection-manager.ts:144:21)
          at Array.forEach (<anonymous>)

    console.log
      connection error: TypeError: Cannot read properties of undefined (reading 'decoder')
          at wireEvents (/data/Workspace/helios/starwards/node_modules/colyseus-events/src/wire-events.ts:30:40)
          at /data/Workspace/helios/starwards/modules/core/src/client/admin.ts:20:5
          at processTicksAndRejections (node:internal/process/task_queues:95:5)
          at /data/Workspace/helios/starwards/modules/core/src/client/connection-manager.ts:131:21

      at ConnectionManager.onConnectionError (modules/core/src/client/connection-manager.ts:144:21)

    console.log
      connection error: Error: disconnected from server
          at EventEmitter.<anonymous> (/data/Workspace/helios/starwards/modules/core/src/client/driver.ts:53:58)
          at /data/Workspace/helios/starwards/node_modules/colyseus.js/src/core/signal.ts:15:48
          at Array.forEach (<anonymous>)
          at EventEmitter.invoke (/data/Workspace/helios/starwards/node_modules/colyseus.js/src/core/signal.ts:15:19)
          at Function.register.invoke (/data/Workspace/helios/starwards/node_modules/colyseus.js/src/core/signal.ts:57:81)
          at WebSocket.connection.events.onclose (/data/Workspace/helios/starwards/node_modules/colyseus.js/src/Room.ts:89:30)
          at callListener (/data/Workspace/helios/starwards/node_modules/colyseus.js/node_modules/ws/lib/event-target.js:290:14)
          at WebSocket.onClose (/data/Workspace/helios/starwards/node_modules/colyseus.js/node_modules/ws/lib/event-target.js:220:9)
          at WebSocket.emit (node:events:524:28)
          at WebSocket.emitClose (/data/Workspace/helios/starwards/node_modules/colyseus.js/node_modules/ws/lib/websocket.js:272:10)
          at Socket.socketOnClose (/data/Workspace/helios/starwards/node_modules/colyseus.js/node_modules/ws/lib/websocket.js:1341:15)
          at Socket.emit (node:events:524:28)
          at TCP.<anonymous> (node:net:343:12)

      at ConnectionManager.onConnectionError (modules/core/src/client/connection-manager.ts:144:21)
          at Array.forEach (<anonymous>)

    console.log
      connection error: TypeError: Cannot read properties of undefined (reading 'decoder')
          at wireEvents (/data/Workspace/helios/starwards/node_modules/colyseus-events/src/wire-events.ts:30:40)
          at /data/Workspace/helios/starwards/modules/core/src/client/admin.ts:20:5
          at processTicksAndRejections (node:internal/process/task_queues:95:5)
          at /data/Workspace/helios/starwards/modules/core/src/client/connection-manager.ts:131:21

      at ConnectionManager.onConnectionError (modules/core/src/client/connection-manager.ts:144:21)

    console.log
      connection error: Error: disconnected from server
          at EventEmitter.<anonymous> (/data/Workspace/helios/starwards/modules/core/src/client/driver.ts:53:58)
          at /data/Workspace/helios/starwards/node_modules/colyseus.js/src/core/signal.ts:15:48
          at Array.forEach (<anonymous>)
          at EventEmitter.invoke (/data/Workspace/helios/starwards/node_modules/colyseus.js/src/core/signal.ts:15:19)
          at Function.register.invoke (/data/Workspace/helios/starwards/node_modules/colyseus.js/src/core/signal.ts:57:81)
          at WebSocket.connection.events.onclose (/data/Workspace/helios/starwards/node_modules/colyseus.js/src/Room.ts:89:30)
          at callListener (/data/Workspace/helios/starwards/node_modules/colyseus.js/node_modules/ws/lib/event-target.js:290:14)
          at WebSocket.onClose (/data/Workspace/helios/starwards/node_modules/colyseus.js/node_modules/ws/lib/event-target.js:220:9)
          at WebSocket.emit (node:events:524:28)
          at WebSocket.emitClose (/data/Workspace/helios/starwards/node_modules/colyseus.js/node_modules/ws/lib/websocket.js:272:10)
          at Socket.socketOnClose (/data/Workspace/helios/starwards/node_modules/colyseus.js/node_modules/ws/lib/websocket.js:1341:15)
          at Socket.emit (node:events:524:28)
          at TCP.<anonymous> (node:net:343:12)

      at ConnectionManager.onConnectionError (modules/core/src/client/connection-manager.ts:144:21)
          at Array.forEach (<anonymous>)

    console.log
      connection error: TypeError: Cannot read properties of undefined (reading 'decoder')
          at wireEvents (/data/Workspace/helios/starwards/node_modules/colyseus-events/src/wire-events.ts:30:40)
          at /data/Workspace/helios/starwards/modules/core/src/client/admin.ts:20:5
          at processTicksAndRejections (node:internal/process/task_queues:95:5)
          at /data/Workspace/helios/starwards/modules/core/src/client/connection-manager.ts:131:21

      at ConnectionManager.onConnectionError (modules/core/src/client/connection-manager.ts:144:21)

    console.log
      connection error: Error: disconnected from server
          at EventEmitter.<anonymous> (/data/Workspace/helios/starwards/modules/core/src/client/driver.ts:53:58)
          at /data/Workspace/helios/starwards/node_modules/colyseus.js/src/core/signal.ts:15:48
          at Array.forEach (<anonymous>)
          at EventEmitter.invoke (/data/Workspace/helios/starwards/node_modules/colyseus.js/src/core/signal.ts:15:19)
          at Function.register.invoke (/data/Workspace/helios/starwards/node_modules/colyseus.js/src/core/signal.ts:57:81)
          at WebSocket.connection.events.onclose (/data/Workspace/helios/starwards/node_modules/colyseus.js/src/Room.ts:89:30)
          at callListener (/data/Workspace/helios/starwards/node_modules/colyseus.js/node_modules/ws/lib/event-target.js:290:14)
          at WebSocket.onClose (/data/Workspace/helios/starwards/node_modules/colyseus.js/node_modules/ws/lib/event-target.js:220:9)
          at WebSocket.emit (node:events:524:28)
          at WebSocket.emitClose (/data/Workspace/helios/starwards/node_modules/colyseus.js/node_modules/ws/lib/websocket.js:272:10)
          at Socket.socketOnClose (/data/Workspace/helios/starwards/node_modules/colyseus.js/node_modules/ws/lib/websocket.js:1341:15)
          at Socket.emit (node:events:524:28)
          at TCP.<anonymous> (node:net:343:12)

      at ConnectionManager.onConnectionError (modules/core/src/client/connection-manager.ts:144:21)
          at Array.forEach (<anonymous>)

    console.log
      connection error: TypeError: Cannot read properties of undefined (reading 'decoder')
          at wireEvents (/data/Workspace/helios/starwards/node_modules/colyseus-events/src/wire-events.ts:30:40)
          at /data/Workspace/helios/starwards/modules/core/src/client/admin.ts:20:5
          at processTicksAndRejections (node:internal/process/task_queues:95:5)
          at /data/Workspace/helios/starwards/modules/core/src/client/connection-manager.ts:131:21

      at ConnectionManager.onConnectionError (modules/core/src/client/connection-manager.ts:144:21)

    console.log
      connection error: Error: disconnected from server
          at EventEmitter.<anonymous> (/data/Workspace/helios/starwards/modules/core/src/client/driver.ts:53:58)
          at /data/Workspace/helios/starwards/node_modules/colyseus.js/src/core/signal.ts:15:48
          at Array.forEach (<anonymous>)
          at EventEmitter.invoke (/data/Workspace/helios/starwards/node_modules/colyseus.js/src/core/signal.ts:15:19)
          at Function.register.invoke (/data/Workspace/helios/starwards/node_modules/colyseus.js/src/core/signal.ts:57:81)
          at WebSocket.connection.events.onclose (/data/Workspace/helios/starwards/node_modules/colyseus.js/src/Room.ts:89:30)
          at callListener (/data/Workspace/helios/starwards/node_modules/colyseus.js/node_modules/ws/lib/event-target.js:290:14)
          at WebSocket.onClose (/data/Workspace/helios/starwards/node_modules/colyseus.js/node_modules/ws/lib/event-target.js:220:9)
          at WebSocket.emit (node:events:524:28)
          at WebSocket.emitClose (/data/Workspace/helios/starwards/node_modules/colyseus.js/node_modules/ws/lib/websocket.js:272:10)
          at Socket.socketOnClose (/data/Workspace/helios/starwards/node_modules/colyseus.js/node_modules/ws/lib/websocket.js:1341:15)
          at Socket.emit (node:events:524:28)
          at TCP.<anonymous> (node:net:343:12)

      at ConnectionManager.onConnectionError (modules/core/src/client/connection-manager.ts:144:21)
          at Array.forEach (<anonymous>)

    console.log
      connection error: TypeError: Cannot read properties of undefined (reading 'decoder')
          at wireEvents (/data/Workspace/helios/starwards/node_modules/colyseus-events/src/wire-events.ts:30:40)
          at /data/Workspace/helios/starwards/modules/core/src/client/admin.ts:20:5
          at processTicksAndRejections (node:internal/process/task_queues:95:5)
          at /data/Workspace/helios/starwards/modules/core/src/client/connection-manager.ts:131:21

      at ConnectionManager.onConnectionError (modules/core/src/client/connection-manager.ts:144:21)

    console.log
      connection error: Error: disconnected from server
          at EventEmitter.<anonymous> (/data/Workspace/helios/starwards/modules/core/src/client/driver.ts:53:58)
          at /data/Workspace/helios/starwards/node_modules/colyseus.js/src/core/signal.ts:15:48
          at Array.forEach (<anonymous>)
          at EventEmitter.invoke (/data/Workspace/helios/starwards/node_modules/colyseus.js/src/core/signal.ts:15:19)
          at Function.register.invoke (/data/Workspace/helios/starwards/node_modules/colyseus.js/src/core/signal.ts:57:81)
          at WebSocket.connection.events.onclose (/data/Workspace/helios/starwards/node_modules/colyseus.js/src/Room.ts:89:30)
          at callListener (/data/Workspace/helios/starwards/node_modules/colyseus.js/node_modules/ws/lib/event-target.js:290:14)
          at WebSocket.onClose (/data/Workspace/helios/starwards/node_modules/colyseus.js/node_modules/ws/lib/event-target.js:220:9)
          at WebSocket.emit (node:events:524:28)
          at WebSocket.emitClose (/data/Workspace/helios/starwards/node_modules/colyseus.js/node_modules/ws/lib/websocket.js:272:10)
          at Socket.socketOnClose (/data/Workspace/helios/starwards/node_modules/colyseus.js/node_modules/ws/lib/websocket.js:1341:15)
          at Socket.emit (node:events:524:28)
          at TCP.<anonymous> (node:net:343:12)

      at ConnectionManager.onConnectionError (modules/core/src/client/connection-manager.ts:144:21)
          at Array.forEach (<anonymous>)

    console.log
      connection error: TypeError: Cannot read properties of undefined (reading 'decoder')
          at wireEvents (/data/Workspace/helios/starwards/node_modules/colyseus-events/src/wire-events.ts:30:40)
          at /data/Workspace/helios/starwards/modules/core/src/client/admin.ts:20:5
          at processTicksAndRejections (node:internal/process/task_queues:95:5)
          at /data/Workspace/helios/starwards/modules/core/src/client/connection-manager.ts:131:21

      at ConnectionManager.onConnectionError (modules/core/src/client/connection-manager.ts:144:21)

    console.log
      connection error: Error: disconnected from server
          at EventEmitter.<anonymous> (/data/Workspace/helios/starwards/modules/core/src/client/driver.ts:53:58)
          at /data/Workspace/helios/starwards/node_modules/colyseus.js/src/core/signal.ts:15:48
          at Array.forEach (<anonymous>)
          at EventEmitter.invoke (/data/Workspace/helios/starwards/node_modules/colyseus.js/src/core/signal.ts:15:19)
          at Function.register.invoke (/data/Workspace/helios/starwards/node_modules/colyseus.js/src/core/signal.ts:57:81)
          at WebSocket.connection.events.onclose (/data/Workspace/helios/starwards/node_modules/colyseus.js/src/Room.ts:89:30)
          at callListener (/data/Workspace/helios/starwards/node_modules/colyseus.js/node_modules/ws/lib/event-target.js:290:14)
          at WebSocket.onClose (/data/Workspace/helios/starwards/node_modules/colyseus.js/node_modules/ws/lib/event-target.js:220:9)
          at WebSocket.emit (node:events:524:28)
          at WebSocket.emitClose (/data/Workspace/helios/starwards/node_modules/colyseus.js/node_modules/ws/lib/websocket.js:272:10)
          at Socket.socketOnClose (/data/Workspace/helios/starwards/node_modules/colyseus.js/node_modules/ws/lib/websocket.js:1341:15)
          at Socket.emit (node:events:524:28)
          at TCP.<anonymous> (node:net:343:12)

      at ConnectionManager.onConnectionError (modules/core/src/client/connection-manager.ts:144:21)
          at Array.forEach (<anonymous>)

    console.log
      connection error: TypeError: Cannot read properties of undefined (reading 'decoder')
          at wireEvents (/data/Workspace/helios/starwards/node_modules/colyseus-events/src/wire-events.ts:30:40)
          at /data/Workspace/helios/starwards/modules/core/src/client/admin.ts:20:5
          at processTicksAndRejections (node:internal/process/task_queues:95:5)
          at /data/Workspace/helios/starwards/modules/core/src/client/connection-manager.ts:131:21

      at ConnectionManager.onConnectionError (modules/core/src/client/connection-manager.ts:144:21)

    console.log
      connection error: Error: disconnected from server
          at EventEmitter.<anonymous> (/data/Workspace/helios/starwards/modules/core/src/client/driver.ts:53:58)
          at /data/Workspace/helios/starwards/node_modules/colyseus.js/src/core/signal.ts:15:48
          at Array.forEach (<anonymous>)
          at EventEmitter.invoke (/data/Workspace/helios/starwards/node_modules/colyseus.js/src/core/signal.ts:15:19)
          at Function.register.invoke (/data/Workspace/helios/starwards/node_modules/colyseus.js/src/core/signal.ts:57:81)
          at WebSocket.connection.events.onclose (/data/Workspace/helios/starwards/node_modules/colyseus.js/src/Room.ts:89:30)
          at callListener (/data/Workspace/helios/starwards/node_modules/colyseus.js/node_modules/ws/lib/event-target.js:290:14)
          at WebSocket.onClose (/data/Workspace/helios/starwards/node_modules/colyseus.js/node_modules/ws/lib/event-target.js:220:9)
          at WebSocket.emit (node:events:524:28)
          at WebSocket.emitClose (/data/Workspace/helios/starwards/node_modules/colyseus.js/node_modules/ws/lib/websocket.js:272:10)
          at Socket.socketOnClose (/data/Workspace/helios/starwards/node_modules/colyseus.js/node_modules/ws/lib/websocket.js:1341:15)
          at Socket.emit (node:events:524:28)
          at TCP.<anonymous> (node:net:343:12)

      at ConnectionManager.onConnectionError (modules/core/src/client/connection-manager.ts:144:21)
          at Array.forEach (<anonymous>)

    console.log
      connection error: TypeError: Cannot read properties of undefined (reading 'decoder')
          at wireEvents (/data/Workspace/helios/starwards/node_modules/colyseus-events/src/wire-events.ts:30:40)
          at /data/Workspace/helios/starwards/modules/core/src/client/admin.ts:20:5
          at processTicksAndRejections (node:internal/process/task_queues:95:5)
          at /data/Workspace/helios/starwards/modules/core/src/client/connection-manager.ts:131:21

      at ConnectionManager.onConnectionError (modules/core/src/client/connection-manager.ts:144:21)

    console.log
      connection error: Error: disconnected from server
          at EventEmitter.<anonymous> (/data/Workspace/helios/starwards/modules/core/src/client/driver.ts:53:58)
          at /data/Workspace/helios/starwards/node_modules/colyseus.js/src/core/signal.ts:15:48
          at Array.forEach (<anonymous>)
          at EventEmitter.invoke (/data/Workspace/helios/starwards/node_modules/colyseus.js/src/core/signal.ts:15:19)
          at Function.register.invoke (/data/Workspace/helios/starwards/node_modules/colyseus.js/src/core/signal.ts:57:81)
          at WebSocket.connection.events.onclose (/data/Workspace/helios/starwards/node_modules/colyseus.js/src/Room.ts:89:30)
          at callListener (/data/Workspace/helios/starwards/node_modules/colyseus.js/node_modules/ws/lib/event-target.js:290:14)
          at WebSocket.onClose (/data/Workspace/helios/starwards/node_modules/colyseus.js/node_modules/ws/lib/event-target.js:220:9)
          at WebSocket.emit (node:events:524:28)
          at WebSocket.emitClose (/data/Workspace/helios/starwards/node_modules/colyseus.js/node_modules/ws/lib/websocket.js:272:10)
          at Socket.socketOnClose (/data/Workspace/helios/starwards/node_modules/colyseus.js/node_modules/ws/lib/websocket.js:1341:15)
          at Socket.emit (node:events:524:28)
          at TCP.<anonymous> (node:net:343:12)

      at ConnectionManager.onConnectionError (modules/core/src/client/connection-manager.ts:144:21)
          at Array.forEach (<anonymous>)

    console.log
      connection error: TypeError: Cannot read properties of undefined (reading 'decoder')
          at wireEvents (/data/Workspace/helios/starwards/node_modules/colyseus-events/src/wire-events.ts:30:40)
          at /data/Workspace/helios/starwards/modules/core/src/client/admin.ts:20:5
          at processTicksAndRejections (node:internal/process/task_queues:95:5)
          at /data/Workspace/helios/starwards/modules/core/src/client/connection-manager.ts:131:21

      at ConnectionManager.onConnectionError (modules/core/src/client/connection-manager.ts:144:21)

    console.log
      connection error: Error: disconnected from server
          at EventEmitter.<anonymous> (/data/Workspace/helios/starwards/modules/core/src/client/driver.ts:53:58)
          at /data/Workspace/helios/starwards/node_modules/colyseus.js/src/core/signal.ts:15:48
          at Array.forEach (<anonymous>)
          at EventEmitter.invoke (/data/Workspace/helios/starwards/node_modules/colyseus.js/src/core/signal.ts:15:19)
          at Function.register.invoke (/data/Workspace/helios/starwards/node_modules/colyseus.js/src/core/signal.ts:57:81)
          at WebSocket.connection.events.onclose (/data/Workspace/helios/starwards/node_modules/colyseus.js/src/Room.ts:89:30)
          at callListener (/data/Workspace/helios/starwards/node_modules/colyseus.js/node_modules/ws/lib/event-target.js:290:14)
          at WebSocket.onClose (/data/Workspace/helios/starwards/node_modules/colyseus.js/node_modules/ws/lib/event-target.js:220:9)
          at WebSocket.emit (node:events:524:28)
          at WebSocket.emitClose (/data/Workspace/helios/starwards/node_modules/colyseus.js/node_modules/ws/lib/websocket.js:272:10)
          at Socket.socketOnClose (/data/Workspace/helios/starwards/node_modules/colyseus.js/node_modules/ws/lib/websocket.js:1341:15)
          at Socket.emit (node:events:524:28)
          at TCP.<anonymous> (node:net:343:12)

      at ConnectionManager.onConnectionError (modules/core/src/client/connection-manager.ts:144:21)
          at Array.forEach (<anonymous>)

    console.log
      connection error: TypeError: Cannot read properties of undefined (reading 'decoder')
          at wireEvents (/data/Workspace/helios/starwards/node_modules/colyseus-events/src/wire-events.ts:30:40)
          at /data/Workspace/helios/starwards/modules/core/src/client/admin.ts:20:5
          at processTicksAndRejections (node:internal/process/task_queues:95:5)
          at /data/Workspace/helios/starwards/modules/core/src/client/connection-manager.ts:131:21

      at ConnectionManager.onConnectionError (modules/core/src/client/connection-manager.ts:144:21)

    console.log
      connection error: Error: disconnected from server
          at EventEmitter.<anonymous> (/data/Workspace/helios/starwards/modules/core/src/client/driver.ts:53:58)
          at /data/Workspace/helios/starwards/node_modules/colyseus.js/src/core/signal.ts:15:48
          at Array.forEach (<anonymous>)
          at EventEmitter.invoke (/data/Workspace/helios/starwards/node_modules/colyseus.js/src/core/signal.ts:15:19)
          at Function.register.invoke (/data/Workspace/helios/starwards/node_modules/colyseus.js/src/core/signal.ts:57:81)
          at WebSocket.connection.events.onclose (/data/Workspace/helios/starwards/node_modules/colyseus.js/src/Room.ts:89:30)
          at callListener (/data/Workspace/helios/starwards/node_modules/colyseus.js/node_modules/ws/lib/event-target.js:290:14)
          at WebSocket.onClose (/data/Workspace/helios/starwards/node_modules/colyseus.js/node_modules/ws/lib/event-target.js:220:9)
          at WebSocket.emit (node:events:524:28)
          at WebSocket.emitClose (/data/Workspace/helios/starwards/node_modules/colyseus.js/node_modules/ws/lib/websocket.js:272:10)
          at Socket.socketOnClose (/data/Workspace/helios/starwards/node_modules/colyseus.js/node_modules/ws/lib/websocket.js:1341:15)
          at Socket.emit (node:events:524:28)
          at TCP.<anonymous> (node:net:343:12)

      at ConnectionManager.onConnectionError (modules/core/src/client/connection-manager.ts:144:21)
          at Array.forEach (<anonymous>)

    console.log
      connection error: TypeError: Cannot read properties of undefined (reading 'decoder')
          at wireEvents (/data/Workspace/helios/starwards/node_modules/colyseus-events/src/wire-events.ts:30:40)
          at /data/Workspace/helios/starwards/modules/core/src/client/admin.ts:20:5
          at processTicksAndRejections (node:internal/process/task_queues:95:5)
          at /data/Workspace/helios/starwards/modules/core/src/client/connection-manager.ts:131:21

      at ConnectionManager.onConnectionError (modules/core/src/client/connection-manager.ts:144:21)

    console.log
      connection error: Error: disconnected from server
          at EventEmitter.<anonymous> (/data/Workspace/helios/starwards/modules/core/src/client/driver.ts:53:58)
          at /data/Workspace/helios/starwards/node_modules/colyseus.js/src/core/signal.ts:15:48
          at Array.forEach (<anonymous>)
          at EventEmitter.invoke (/data/Workspace/helios/starwards/node_modules/colyseus.js/src/core/signal.ts:15:19)
          at Function.register.invoke (/data/Workspace/helios/starwards/node_modules/colyseus.js/src/core/signal.ts:57:81)
          at WebSocket.connection.events.onclose (/data/Workspace/helios/starwards/node_modules/colyseus.js/src/Room.ts:89:30)
          at callListener (/data/Workspace/helios/starwards/node_modules/colyseus.js/node_modules/ws/lib/event-target.js:290:14)
          at WebSocket.onClose (/data/Workspace/helios/starwards/node_modules/colyseus.js/node_modules/ws/lib/event-target.js:220:9)
          at WebSocket.emit (node:events:524:28)
          at WebSocket.emitClose (/data/Workspace/helios/starwards/node_modules/colyseus.js/node_modules/ws/lib/websocket.js:272:10)
          at Socket.socketOnClose (/data/Workspace/helios/starwards/node_modules/colyseus.js/node_modules/ws/lib/websocket.js:1341:15)
          at Socket.emit (node:events:524:28)
          at TCP.<anonymous> (node:net:343:12)

      at ConnectionManager.onConnectionError (modules/core/src/client/connection-manager.ts:144:21)
          at Array.forEach (<anonymous>)

    console.log
      connection error: TypeError: Cannot read properties of undefined (reading 'decoder')
          at wireEvents (/data/Workspace/helios/starwards/node_modules/colyseus-events/src/wire-events.ts:30:40)
          at /data/Workspace/helios/starwards/modules/core/src/client/admin.ts:20:5
          at processTicksAndRejections (node:internal/process/task_queues:95:5)
          at /data/Workspace/helios/starwards/modules/core/src/client/connection-manager.ts:131:21

      at ConnectionManager.onConnectionError (modules/core/src/client/connection-manager.ts:144:21)

    console.log
      connection error: Error: disconnected from server
          at EventEmitter.<anonymous> (/data/Workspace/helios/starwards/modules/core/src/client/driver.ts:53:58)
          at /data/Workspace/helios/starwards/node_modules/colyseus.js/src/core/signal.ts:15:48
          at Array.forEach (<anonymous>)
          at EventEmitter.invoke (/data/Workspace/helios/starwards/node_modules/colyseus.js/src/core/signal.ts:15:19)
          at Function.register.invoke (/data/Workspace/helios/starwards/node_modules/colyseus.js/src/core/signal.ts:57:81)
          at WebSocket.connection.events.onclose (/data/Workspace/helios/starwards/node_modules/colyseus.js/src/Room.ts:89:30)
          at callListener (/data/Workspace/helios/starwards/node_modules/colyseus.js/node_modules/ws/lib/event-target.js:290:14)
          at WebSocket.onClose (/data/Workspace/helios/starwards/node_modules/colyseus.js/node_modules/ws/lib/event-target.js:220:9)
          at WebSocket.emit (node:events:524:28)
          at WebSocket.emitClose (/data/Workspace/helios/starwards/node_modules/colyseus.js/node_modules/ws/lib/websocket.js:272:10)
          at Socket.socketOnClose (/data/Workspace/helios/starwards/node_modules/colyseus.js/node_modules/ws/lib/websocket.js:1341:15)
          at Socket.emit (node:events:524:28)
          at TCP.<anonymous> (node:net:343:12)

      at ConnectionManager.onConnectionError (modules/core/src/client/connection-manager.ts:144:21)
          at Array.forEach (<anonymous>)

    console.log
      connection error: TypeError: Cannot read properties of undefined (reading 'decoder')
          at wireEvents (/data/Workspace/helios/starwards/node_modules/colyseus-events/src/wire-events.ts:30:40)
          at /data/Workspace/helios/starwards/modules/core/src/client/admin.ts:20:5
          at processTicksAndRejections (node:internal/process/task_queues:95:5)
          at /data/Workspace/helios/starwards/modules/core/src/client/connection-manager.ts:131:21

      at ConnectionManager.onConnectionError (modules/core/src/client/connection-manager.ts:144:21)

    console.log
      connection error: Error: disconnected from server
          at EventEmitter.<anonymous> (/data/Workspace/helios/starwards/modules/core/src/client/driver.ts:53:58)
          at /data/Workspace/helios/starwards/node_modules/colyseus.js/src/core/signal.ts:15:48
          at Array.forEach (<anonymous>)
          at EventEmitter.invoke (/data/Workspace/helios/starwards/node_modules/colyseus.js/src/core/signal.ts:15:19)
          at Function.register.invoke (/data/Workspace/helios/starwards/node_modules/colyseus.js/src/core/signal.ts:57:81)
          at WebSocket.connection.events.onclose (/data/Workspace/helios/starwards/node_modules/colyseus.js/src/Room.ts:89:30)
          at callListener (/data/Workspace/helios/starwards/node_modules/colyseus.js/node_modules/ws/lib/event-target.js:290:14)
          at WebSocket.onClose (/data/Workspace/helios/starwards/node_modules/colyseus.js/node_modules/ws/lib/event-target.js:220:9)
          at WebSocket.emit (node:events:524:28)
          at WebSocket.emitClose (/data/Workspace/helios/starwards/node_modules/colyseus.js/node_modules/ws/lib/websocket.js:272:10)
          at Socket.socketOnClose (/data/Workspace/helios/starwards/node_modules/colyseus.js/node_modules/ws/lib/websocket.js:1341:15)
          at Socket.emit (node:events:524:28)
          at TCP.<anonymous> (node:net:343:12)

      at ConnectionManager.onConnectionError (modules/core/src/client/connection-manager.ts:144:21)
          at Array.forEach (<anonymous>)

    console.log
      connection error: TypeError: Cannot read properties of undefined (reading 'decoder')
          at wireEvents (/data/Workspace/helios/starwards/node_modules/colyseus-events/src/wire-events.ts:30:40)
          at /data/Workspace/helios/starwards/modules/core/src/client/admin.ts:20:5
          at processTicksAndRejections (node:internal/process/task_queues:95:5)
          at /data/Workspace/helios/starwards/modules/core/src/client/connection-manager.ts:131:21

      at ConnectionManager.onConnectionError (modules/core/src/client/connection-manager.ts:144:21)

    console.log
      connection error: Error: disconnected from server
          at EventEmitter.<anonymous> (/data/Workspace/helios/starwards/modules/core/src/client/driver.ts:53:58)
          at /data/Workspace/helios/starwards/node_modules/colyseus.js/src/core/signal.ts:15:48
          at Array.forEach (<anonymous>)
          at EventEmitter.invoke (/data/Workspace/helios/starwards/node_modules/colyseus.js/src/core/signal.ts:15:19)
          at Function.register.invoke (/data/Workspace/helios/starwards/node_modules/colyseus.js/src/core/signal.ts:57:81)
          at WebSocket.connection.events.onclose (/data/Workspace/helios/starwards/node_modules/colyseus.js/src/Room.ts:89:30)
          at callListener (/data/Workspace/helios/starwards/node_modules/colyseus.js/node_modules/ws/lib/event-target.js:290:14)
          at WebSocket.onClose (/data/Workspace/helios/starwards/node_modules/colyseus.js/node_modules/ws/lib/event-target.js:220:9)
          at WebSocket.emit (node:events:524:28)
          at WebSocket.emitClose (/data/Workspace/helios/starwards/node_modules/colyseus.js/node_modules/ws/lib/websocket.js:272:10)
          at Socket.socketOnClose (/data/Workspace/helios/starwards/node_modules/colyseus.js/node_modules/ws/lib/websocket.js:1341:15)
          at Socket.emit (node:events:524:28)
          at TCP.<anonymous> (node:net:343:12)

      at ConnectionManager.onConnectionError (modules/core/src/client/connection-manager.ts:144:21)
          at Array.forEach (<anonymous>)

    console.log
      connection error: TypeError: Cannot read properties of undefined (reading 'decoder')
          at wireEvents (/data/Workspace/helios/starwards/node_modules/colyseus-events/src/wire-events.ts:30:40)
          at /data/Workspace/helios/starwards/modules/core/src/client/admin.ts:20:5
          at processTicksAndRejections (node:internal/process/task_queues:95:5)
          at /data/Workspace/helios/starwards/modules/core/src/client/connection-manager.ts:131:21

      at ConnectionManager.onConnectionError (modules/core/src/client/connection-manager.ts:144:21)

    console.log
      connection error: Error: disconnected from server
          at EventEmitter.<anonymous> (/data/Workspace/helios/starwards/modules/core/src/client/driver.ts:53:58)
          at /data/Workspace/helios/starwards/node_modules/colyseus.js/src/core/signal.ts:15:48
          at Array.forEach (<anonymous>)
          at EventEmitter.invoke (/data/Workspace/helios/starwards/node_modules/colyseus.js/src/core/signal.ts:15:19)
          at Function.register.invoke (/data/Workspace/helios/starwards/node_modules/colyseus.js/src/core/signal.ts:57:81)
          at WebSocket.connection.events.onclose (/data/Workspace/helios/starwards/node_modules/colyseus.js/src/Room.ts:89:30)
          at callListener (/data/Workspace/helios/starwards/node_modules/colyseus.js/node_modules/ws/lib/event-target.js:290:14)
          at WebSocket.onClose (/data/Workspace/helios/starwards/node_modules/colyseus.js/node_modules/ws/lib/event-target.js:220:9)
          at WebSocket.emit (node:events:524:28)
          at WebSocket.emitClose (/data/Workspace/helios/starwards/node_modules/colyseus.js/node_modules/ws/lib/websocket.js:272:10)
          at Socket.socketOnClose (/data/Workspace/helios/starwards/node_modules/colyseus.js/node_modules/ws/lib/websocket.js:1341:15)
          at Socket.emit (node:events:524:28)
          at TCP.<anonymous> (node:net:343:12)

      at ConnectionManager.onConnectionError (modules/core/src/client/connection-manager.ts:144:21)
          at Array.forEach (<anonymous>)

    console.log
      connection error: TypeError: Cannot read properties of undefined (reading 'decoder')
          at wireEvents (/data/Workspace/helios/starwards/node_modules/colyseus-events/src/wire-events.ts:30:40)
          at /data/Workspace/helios/starwards/modules/core/src/client/admin.ts:20:5
          at processTicksAndRejections (node:internal/process/task_queues:95:5)
          at /data/Workspace/helios/starwards/modules/core/src/client/connection-manager.ts:131:21

      at ConnectionManager.onConnectionError (modules/core/src/client/connection-manager.ts:144:21)

    console.log
      connection error: Error: disconnected from server
          at EventEmitter.<anonymous> (/data/Workspace/helios/starwards/modules/core/src/client/driver.ts:53:58)
          at /data/Workspace/helios/starwards/node_modules/colyseus.js/src/core/signal.ts:15:48
          at Array.forEach (<anonymous>)
          at EventEmitter.invoke (/data/Workspace/helios/starwards/node_modules/colyseus.js/src/core/signal.ts:15:19)
          at Function.register.invoke (/data/Workspace/helios/starwards/node_modules/colyseus.js/src/core/signal.ts:57:81)
          at WebSocket.connection.events.onclose (/data/Workspace/helios/starwards/node_modules/colyseus.js/src/Room.ts:89:30)
          at callListener (/data/Workspace/helios/starwards/node_modules/colyseus.js/node_modules/ws/lib/event-target.js:290:14)
          at WebSocket.onClose (/data/Workspace/helios/starwards/node_modules/colyseus.js/node_modules/ws/lib/event-target.js:220:9)
          at WebSocket.emit (node:events:524:28)
          at WebSocket.emitClose (/data/Workspace/helios/starwards/node_modules/colyseus.js/node_modules/ws/lib/websocket.js:272:10)
          at Socket.socketOnClose (/data/Workspace/helios/starwards/node_modules/colyseus.js/node_modules/ws/lib/websocket.js:1341:15)
          at Socket.emit (node:events:524:28)
          at TCP.<anonymous> (node:net:343:12)

      at ConnectionManager.onConnectionError (modules/core/src/client/connection-manager.ts:144:21)
          at Array.forEach (<anonymous>)

    console.log
      connection error: TypeError: Cannot read properties of undefined (reading 'decoder')
          at wireEvents (/data/Workspace/helios/starwards/node_modules/colyseus-events/src/wire-events.ts:30:40)
          at /data/Workspace/helios/starwards/modules/core/src/client/admin.ts:20:5
          at processTicksAndRejections (node:internal/process/task_queues:95:5)
          at /data/Workspace/helios/starwards/modules/core/src/client/connection-manager.ts:131:21

      at ConnectionManager.onConnectionError (modules/core/src/client/connection-manager.ts:144:21)

    console.log
      connection error: Error: disconnected from server
          at EventEmitter.<anonymous> (/data/Workspace/helios/starwards/modules/core/src/client/driver.ts:53:58)
          at /data/Workspace/helios/starwards/node_modules/colyseus.js/src/core/signal.ts:15:48
          at Array.forEach (<anonymous>)
          at EventEmitter.invoke (/data/Workspace/helios/starwards/node_modules/colyseus.js/src/core/signal.ts:15:19)
          at Function.register.invoke (/data/Workspace/helios/starwards/node_modules/colyseus.js/src/core/signal.ts:57:81)
          at WebSocket.connection.events.onclose (/data/Workspace/helios/starwards/node_modules/colyseus.js/src/Room.ts:89:30)
          at callListener (/data/Workspace/helios/starwards/node_modules/colyseus.js/node_modules/ws/lib/event-target.js:290:14)
          at WebSocket.onClose (/data/Workspace/helios/starwards/node_modules/colyseus.js/node_modules/ws/lib/event-target.js:220:9)
          at WebSocket.emit (node:events:524:28)
          at WebSocket.emitClose (/data/Workspace/helios/starwards/node_modules/colyseus.js/node_modules/ws/lib/websocket.js:272:10)
          at Socket.socketOnClose (/data/Workspace/helios/starwards/node_modules/colyseus.js/node_modules/ws/lib/websocket.js:1341:15)
          at Socket.emit (node:events:524:28)
          at TCP.<anonymous> (node:net:343:12)

      at ConnectionManager.onConnectionError (modules/core/src/client/connection-manager.ts:144:21)
          at Array.forEach (<anonymous>)

    console.log
      connection error: TypeError: Cannot read properties of undefined (reading 'decoder')
          at wireEvents (/data/Workspace/helios/starwards/node_modules/colyseus-events/src/wire-events.ts:30:40)
          at /data/Workspace/helios/starwards/modules/core/src/client/admin.ts:20:5
          at processTicksAndRejections (node:internal/process/task_queues:95:5)
          at /data/Workspace/helios/starwards/modules/core/src/client/connection-manager.ts:131:21

      at ConnectionManager.onConnectionError (modules/core/src/client/connection-manager.ts:144:21)

    console.log
      connection error: Error: disconnected from server
          at EventEmitter.<anonymous> (/data/Workspace/helios/starwards/modules/core/src/client/driver.ts:53:58)
          at /data/Workspace/helios/starwards/node_modules/colyseus.js/src/core/signal.ts:15:48
          at Array.forEach (<anonymous>)
          at EventEmitter.invoke (/data/Workspace/helios/starwards/node_modules/colyseus.js/src/core/signal.ts:15:19)
          at Function.register.invoke (/data/Workspace/helios/starwards/node_modules/colyseus.js/src/core/signal.ts:57:81)
          at WebSocket.connection.events.onclose (/data/Workspace/helios/starwards/node_modules/colyseus.js/src/Room.ts:89:30)
          at callListener (/data/Workspace/helios/starwards/node_modules/colyseus.js/node_modules/ws/lib/event-target.js:290:14)
          at WebSocket.onClose (/data/Workspace/helios/starwards/node_modules/colyseus.js/node_modules/ws/lib/event-target.js:220:9)
          at WebSocket.emit (node:events:524:28)
          at WebSocket.emitClose (/data/Workspace/helios/starwards/node_modules/colyseus.js/node_modules/ws/lib/websocket.js:272:10)
          at Socket.socketOnClose (/data/Workspace/helios/starwards/node_modules/colyseus.js/node_modules/ws/lib/websocket.js:1341:15)
          at Socket.emit (node:events:524:28)
          at TCP.<anonymous> (node:net:343:12)

      at ConnectionManager.onConnectionError (modules/core/src/client/connection-manager.ts:144:21)
          at Array.forEach (<anonymous>)

    console.log
      connection error: TypeError: Cannot read properties of undefined (reading 'decoder')
          at wireEvents (/data/Workspace/helios/starwards/node_modules/colyseus-events/src/wire-events.ts:30:40)
          at /data/Workspace/helios/starwards/modules/core/src/client/admin.ts:20:5
          at processTicksAndRejections (node:internal/process/task_queues:95:5)
          at /data/Workspace/helios/starwards/modules/core/src/client/connection-manager.ts:131:21

      at ConnectionManager.onConnectionError (modules/core/src/client/connection-manager.ts:144:21)

    console.log
      connection error: Error: disconnected from server
          at EventEmitter.<anonymous> (/data/Workspace/helios/starwards/modules/core/src/client/driver.ts:53:58)
          at /data/Workspace/helios/starwards/node_modules/colyseus.js/src/core/signal.ts:15:48
          at Array.forEach (<anonymous>)
          at EventEmitter.invoke (/data/Workspace/helios/starwards/node_modules/colyseus.js/src/core/signal.ts:15:19)
          at Function.register.invoke (/data/Workspace/helios/starwards/node_modules/colyseus.js/src/core/signal.ts:57:81)
          at WebSocket.connection.events.onclose (/data/Workspace/helios/starwards/node_modules/colyseus.js/src/Room.ts:89:30)
          at callListener (/data/Workspace/helios/starwards/node_modules/colyseus.js/node_modules/ws/lib/event-target.js:290:14)
          at WebSocket.onClose (/data/Workspace/helios/starwards/node_modules/colyseus.js/node_modules/ws/lib/event-target.js:220:9)
          at WebSocket.emit (node:events:524:28)
          at WebSocket.emitClose (/data/Workspace/helios/starwards/node_modules/colyseus.js/node_modules/ws/lib/websocket.js:272:10)
          at Socket.socketOnClose (/data/Workspace/helios/starwards/node_modules/colyseus.js/node_modules/ws/lib/websocket.js:1341:15)
          at Socket.emit (node:events:524:28)
          at TCP.<anonymous> (node:net:343:12)

      at ConnectionManager.onConnectionError (modules/core/src/client/connection-manager.ts:144:21)
          at Array.forEach (<anonymous>)

    console.log
      connection error: TypeError: Cannot read properties of undefined (reading 'decoder')
          at wireEvents (/data/Workspace/helios/starwards/node_modules/colyseus-events/src/wire-events.ts:30:40)
          at /data/Workspace/helios/starwards/modules/core/src/client/admin.ts:20:5
          at processTicksAndRejections (node:internal/process/task_queues:95:5)
          at /data/Workspace/helios/starwards/modules/core/src/client/connection-manager.ts:131:21

      at ConnectionManager.onConnectionError (modules/core/src/client/connection-manager.ts:144:21)

    console.log
      connection error: Error: disconnected from server
          at EventEmitter.<anonymous> (/data/Workspace/helios/starwards/modules/core/src/client/driver.ts:53:58)
          at /data/Workspace/helios/starwards/node_modules/colyseus.js/src/core/signal.ts:15:48
          at Array.forEach (<anonymous>)
          at EventEmitter.invoke (/data/Workspace/helios/starwards/node_modules/colyseus.js/src/core/signal.ts:15:19)
          at Function.register.invoke (/data/Workspace/helios/starwards/node_modules/colyseus.js/src/core/signal.ts:57:81)
          at WebSocket.connection.events.onclose (/data/Workspace/helios/starwards/node_modules/colyseus.js/src/Room.ts:89:30)
          at callListener (/data/Workspace/helios/starwards/node_modules/colyseus.js/node_modules/ws/lib/event-target.js:290:14)
          at WebSocket.onClose (/data/Workspace/helios/starwards/node_modules/colyseus.js/node_modules/ws/lib/event-target.js:220:9)
          at WebSocket.emit (node:events:524:28)
          at WebSocket.emitClose (/data/Workspace/helios/starwards/node_modules/colyseus.js/node_modules/ws/lib/websocket.js:272:10)
          at Socket.socketOnClose (/data/Workspace/helios/starwards/node_modules/colyseus.js/node_modules/ws/lib/websocket.js:1341:15)
          at Socket.emit (node:events:524:28)
          at TCP.<anonymous> (node:net:343:12)

      at ConnectionManager.onConnectionError (modules/core/src/client/connection-manager.ts:144:21)
          at Array.forEach (<anonymous>)

    console.log
      connection error: TypeError: Cannot read properties of undefined (reading 'decoder')
          at wireEvents (/data/Workspace/helios/starwards/node_modules/colyseus-events/src/wire-events.ts:30:40)
          at /data/Workspace/helios/starwards/modules/core/src/client/admin.ts:20:5
          at processTicksAndRejections (node:internal/process/task_queues:95:5)
          at /data/Workspace/helios/starwards/modules/core/src/client/connection-manager.ts:131:21

      at ConnectionManager.onConnectionError (modules/core/src/client/connection-manager.ts:144:21)

    console.log
      connection error: Error: disconnected from server
          at EventEmitter.<anonymous> (/data/Workspace/helios/starwards/modules/core/src/client/driver.ts:53:58)
          at /data/Workspace/helios/starwards/node_modules/colyseus.js/src/core/signal.ts:15:48
          at Array.forEach (<anonymous>)
          at EventEmitter.invoke (/data/Workspace/helios/starwards/node_modules/colyseus.js/src/core/signal.ts:15:19)
          at Function.register.invoke (/data/Workspace/helios/starwards/node_modules/colyseus.js/src/core/signal.ts:57:81)
          at WebSocket.connection.events.onclose (/data/Workspace/helios/starwards/node_modules/colyseus.js/src/Room.ts:89:30)
          at callListener (/data/Workspace/helios/starwards/node_modules/colyseus.js/node_modules/ws/lib/event-target.js:290:14)
          at WebSocket.onClose (/data/Workspace/helios/starwards/node_modules/colyseus.js/node_modules/ws/lib/event-target.js:220:9)
          at WebSocket.emit (node:events:524:28)
          at WebSocket.emitClose (/data/Workspace/helios/starwards/node_modules/colyseus.js/node_modules/ws/lib/websocket.js:272:10)
          at Socket.socketOnClose (/data/Workspace/helios/starwards/node_modules/colyseus.js/node_modules/ws/lib/websocket.js:1341:15)
          at Socket.emit (node:events:524:28)
          at TCP.<anonymous> (node:net:343:12)

      at ConnectionManager.onConnectionError (modules/core/src/client/connection-manager.ts:144:21)
          at Array.forEach (<anonymous>)

    console.log
      connection error: TypeError: Cannot read properties of undefined (reading 'decoder')
          at wireEvents (/data/Workspace/helios/starwards/node_modules/colyseus-events/src/wire-events.ts:30:40)
          at /data/Workspace/helios/starwards/modules/core/src/client/admin.ts:20:5
          at processTicksAndRejections (node:internal/process/task_queues:95:5)
          at /data/Workspace/helios/starwards/modules/core/src/client/connection-manager.ts:131:21

      at ConnectionManager.onConnectionError (modules/core/src/client/connection-manager.ts:144:21)

    console.log
      connection error: Error: disconnected from server
          at EventEmitter.<anonymous> (/data/Workspace/helios/starwards/modules/core/src/client/driver.ts:53:58)
          at /data/Workspace/helios/starwards/node_modules/colyseus.js/src/core/signal.ts:15:48
          at Array.forEach (<anonymous>)
          at EventEmitter.invoke (/data/Workspace/helios/starwards/node_modules/colyseus.js/src/core/signal.ts:15:19)
          at Function.register.invoke (/data/Workspace/helios/starwards/node_modules/colyseus.js/src/core/signal.ts:57:81)
          at WebSocket.connection.events.onclose (/data/Workspace/helios/starwards/node_modules/colyseus.js/src/Room.ts:89:30)
          at callListener (/data/Workspace/helios/starwards/node_modules/colyseus.js/node_modules/ws/lib/event-target.js:290:14)
          at WebSocket.onClose (/data/Workspace/helios/starwards/node_modules/colyseus.js/node_modules/ws/lib/event-target.js:220:9)
          at WebSocket.emit (node:events:524:28)
          at WebSocket.emitClose (/data/Workspace/helios/starwards/node_modules/colyseus.js/node_modules/ws/lib/websocket.js:272:10)
          at Socket.socketOnClose (/data/Workspace/helios/starwards/node_modules/colyseus.js/node_modules/ws/lib/websocket.js:1341:15)
          at Socket.emit (node:events:524:28)
          at TCP.<anonymous> (node:net:343:12)

      at ConnectionManager.onConnectionError (modules/core/src/client/connection-manager.ts:144:21)
          at Array.forEach (<anonymous>)

    console.log
      connection error: TypeError: Cannot read properties of undefined (reading 'decoder')
          at wireEvents (/data/Workspace/helios/starwards/node_modules/colyseus-events/src/wire-events.ts:30:40)
          at /data/Workspace/helios/starwards/modules/core/src/client/admin.ts:20:5
          at processTicksAndRejections (node:internal/process/task_queues:95:5)
          at /data/Workspace/helios/starwards/modules/core/src/client/connection-manager.ts:131:21

      at ConnectionManager.onConnectionError (modules/core/src/client/connection-manager.ts:144:21)

    console.log
      connection error: Error: disconnected from server
          at EventEmitter.<anonymous> (/data/Workspace/helios/starwards/modules/core/src/client/driver.ts:53:58)
          at /data/Workspace/helios/starwards/node_modules/colyseus.js/src/core/signal.ts:15:48
          at Array.forEach (<anonymous>)
          at EventEmitter.invoke (/data/Workspace/helios/starwards/node_modules/colyseus.js/src/core/signal.ts:15:19)
          at Function.register.invoke (/data/Workspace/helios/starwards/node_modules/colyseus.js/src/core/signal.ts:57:81)
          at WebSocket.connection.events.onclose (/data/Workspace/helios/starwards/node_modules/colyseus.js/src/Room.ts:89:30)
          at callListener (/data/Workspace/helios/starwards/node_modules/colyseus.js/node_modules/ws/lib/event-target.js:290:14)
          at WebSocket.onClose (/data/Workspace/helios/starwards/node_modules/colyseus.js/node_modules/ws/lib/event-target.js:220:9)
          at WebSocket.emit (node:events:524:28)
          at WebSocket.emitClose (/data/Workspace/helios/starwards/node_modules/colyseus.js/node_modules/ws/lib/websocket.js:272:10)
          at Socket.socketOnClose (/data/Workspace/helios/starwards/node_modules/colyseus.js/node_modules/ws/lib/websocket.js:1341:15)
          at Socket.emit (node:events:524:28)
          at TCP.<anonymous> (node:net:343:12)

      at ConnectionManager.onConnectionError (modules/core/src/client/connection-manager.ts:144:21)
          at Array.forEach (<anonymous>)

    console.log
      connection error: TypeError: Cannot read properties of undefined (reading 'decoder')
          at wireEvents (/data/Workspace/helios/starwards/node_modules/colyseus-events/src/wire-events.ts:30:40)
          at /data/Workspace/helios/starwards/modules/core/src/client/admin.ts:20:5
          at processTicksAndRejections (node:internal/process/task_queues:95:5)
          at /data/Workspace/helios/starwards/modules/core/src/client/connection-manager.ts:131:21

      at ConnectionManager.onConnectionError (modules/core/src/client/connection-manager.ts:144:21)

    console.log
      connection error: Error: disconnected from server
          at EventEmitter.<anonymous> (/data/Workspace/helios/starwards/modules/core/src/client/driver.ts:53:58)
          at /data/Workspace/helios/starwards/node_modules/colyseus.js/src/core/signal.ts:15:48
          at Array.forEach (<anonymous>)
          at EventEmitter.invoke (/data/Workspace/helios/starwards/node_modules/colyseus.js/src/core/signal.ts:15:19)
          at Function.register.invoke (/data/Workspace/helios/starwards/node_modules/colyseus.js/src/core/signal.ts:57:81)
          at WebSocket.connection.events.onclose (/data/Workspace/helios/starwards/node_modules/colyseus.js/src/Room.ts:89:30)
          at callListener (/data/Workspace/helios/starwards/node_modules/colyseus.js/node_modules/ws/lib/event-target.js:290:14)
          at WebSocket.onClose (/data/Workspace/helios/starwards/node_modules/colyseus.js/node_modules/ws/lib/event-target.js:220:9)
          at WebSocket.emit (node:events:524:28)
          at WebSocket.emitClose (/data/Workspace/helios/starwards/node_modules/colyseus.js/node_modules/ws/lib/websocket.js:272:10)
          at Socket.socketOnClose (/data/Workspace/helios/starwards/node_modules/colyseus.js/node_modules/ws/lib/websocket.js:1341:15)
          at Socket.emit (node:events:524:28)
          at TCP.<anonymous> (node:net:343:12)

      at ConnectionManager.onConnectionError (modules/core/src/client/connection-manager.ts:144:21)
          at Array.forEach (<anonymous>)

    console.log
      connection error: TypeError: Cannot read properties of undefined (reading 'decoder')
          at wireEvents (/data/Workspace/helios/starwards/node_modules/colyseus-events/src/wire-events.ts:30:40)
          at /data/Workspace/helios/starwards/modules/core/src/client/admin.ts:20:5
          at processTicksAndRejections (node:internal/process/task_queues:95:5)
          at /data/Workspace/helios/starwards/modules/core/src/client/connection-manager.ts:131:21

      at ConnectionManager.onConnectionError (modules/core/src/client/connection-manager.ts:144:21)

    console.log
      connection error: Error: disconnected from server
          at EventEmitter.<anonymous> (/data/Workspace/helios/starwards/modules/core/src/client/driver.ts:53:58)
          at /data/Workspace/helios/starwards/node_modules/colyseus.js/src/core/signal.ts:15:48
          at Array.forEach (<anonymous>)
          at EventEmitter.invoke (/data/Workspace/helios/starwards/node_modules/colyseus.js/src/core/signal.ts:15:19)
          at Function.register.invoke (/data/Workspace/helios/starwards/node_modules/colyseus.js/src/core/signal.ts:57:81)
          at WebSocket.connection.events.onclose (/data/Workspace/helios/starwards/node_modules/colyseus.js/src/Room.ts:89:30)
          at callListener (/data/Workspace/helios/starwards/node_modules/colyseus.js/node_modules/ws/lib/event-target.js:290:14)
          at WebSocket.onClose (/data/Workspace/helios/starwards/node_modules/colyseus.js/node_modules/ws/lib/event-target.js:220:9)
          at WebSocket.emit (node:events:524:28)
          at WebSocket.emitClose (/data/Workspace/helios/starwards/node_modules/colyseus.js/node_modules/ws/lib/websocket.js:272:10)
          at Socket.socketOnClose (/data/Workspace/helios/starwards/node_modules/colyseus.js/node_modules/ws/lib/websocket.js:1341:15)
          at Socket.emit (node:events:524:28)
          at TCP.<anonymous> (node:net:343:12)

      at ConnectionManager.onConnectionError (modules/core/src/client/connection-manager.ts:144:21)
          at Array.forEach (<anonymous>)

    console.log
      connection error: TypeError: Cannot read properties of undefined (reading 'decoder')
          at wireEvents (/data/Workspace/helios/starwards/node_modules/colyseus-events/src/wire-events.ts:30:40)
          at /data/Workspace/helios/starwards/modules/core/src/client/admin.ts:20:5
          at processTicksAndRejections (node:internal/process/task_queues:95:5)
          at /data/Workspace/helios/starwards/modules/core/src/client/connection-manager.ts:131:21

      at ConnectionManager.onConnectionError (modules/core/src/client/connection-manager.ts:144:21)

    console.log
      connection error: Error: disconnected from server
          at EventEmitter.<anonymous> (/data/Workspace/helios/starwards/modules/core/src/client/driver.ts:53:58)
          at /data/Workspace/helios/starwards/node_modules/colyseus.js/src/core/signal.ts:15:48
          at Array.forEach (<anonymous>)
          at EventEmitter.invoke (/data/Workspace/helios/starwards/node_modules/colyseus.js/src/core/signal.ts:15:19)
          at Function.register.invoke (/data/Workspace/helios/starwards/node_modules/colyseus.js/src/core/signal.ts:57:81)
          at WebSocket.connection.events.onclose (/data/Workspace/helios/starwards/node_modules/colyseus.js/src/Room.ts:89:30)
          at callListener (/data/Workspace/helios/starwards/node_modules/colyseus.js/node_modules/ws/lib/event-target.js:290:14)
          at WebSocket.onClose (/data/Workspace/helios/starwards/node_modules/colyseus.js/node_modules/ws/lib/event-target.js:220:9)
          at WebSocket.emit (node:events:524:28)
          at WebSocket.emitClose (/data/Workspace/helios/starwards/node_modules/colyseus.js/node_modules/ws/lib/websocket.js:272:10)
          at Socket.socketOnClose (/data/Workspace/helios/starwards/node_modules/colyseus.js/node_modules/ws/lib/websocket.js:1341:15)
          at Socket.emit (node:events:524:28)
          at TCP.<anonymous> (node:net:343:12)

      at ConnectionManager.onConnectionError (modules/core/src/client/connection-manager.ts:144:21)
          at Array.forEach (<anonymous>)

    console.log
      connection error: TypeError: Cannot read properties of undefined (reading 'decoder')
          at wireEvents (/data/Workspace/helios/starwards/node_modules/colyseus-events/src/wire-events.ts:30:40)
          at /data/Workspace/helios/starwards/modules/core/src/client/admin.ts:20:5
          at processTicksAndRejections (node:internal/process/task_queues:95:5)
          at /data/Workspace/helios/starwards/modules/core/src/client/connection-manager.ts:131:21

      at ConnectionManager.onConnectionError (modules/core/src/client/connection-manager.ts:144:21)

    console.log
      connection error: Error: disconnected from server
          at EventEmitter.<anonymous> (/data/Workspace/helios/starwards/modules/core/src/client/driver.ts:53:58)
          at /data/Workspace/helios/starwards/node_modules/colyseus.js/src/core/signal.ts:15:48
          at Array.forEach (<anonymous>)
          at EventEmitter.invoke (/data/Workspace/helios/starwards/node_modules/colyseus.js/src/core/signal.ts:15:19)
          at Function.register.invoke (/data/Workspace/helios/starwards/node_modules/colyseus.js/src/core/signal.ts:57:81)
          at WebSocket.connection.events.onclose (/data/Workspace/helios/starwards/node_modules/colyseus.js/src/Room.ts:89:30)
          at callListener (/data/Workspace/helios/starwards/node_modules/colyseus.js/node_modules/ws/lib/event-target.js:290:14)
          at WebSocket.onClose (/data/Workspace/helios/starwards/node_modules/colyseus.js/node_modules/ws/lib/event-target.js:220:9)
          at WebSocket.emit (node:events:524:28)
          at WebSocket.emitClose (/data/Workspace/helios/starwards/node_modules/colyseus.js/node_modules/ws/lib/websocket.js:272:10)
          at Socket.socketOnClose (/data/Workspace/helios/starwards/node_modules/colyseus.js/node_modules/ws/lib/websocket.js:1341:15)
          at Socket.emit (node:events:524:28)
          at TCP.<anonymous> (node:net:343:12)

      at ConnectionManager.onConnectionError (modules/core/src/client/connection-manager.ts:144:21)
          at Array.forEach (<anonymous>)

    console.log
      connection error: TypeError: Cannot read properties of undefined (reading 'decoder')
          at wireEvents (/data/Workspace/helios/starwards/node_modules/colyseus-events/src/wire-events.ts:30:40)
          at /data/Workspace/helios/starwards/modules/core/src/client/admin.ts:20:5
          at processTicksAndRejections (node:internal/process/task_queues:95:5)
          at /data/Workspace/helios/starwards/modules/core/src/client/connection-manager.ts:131:21

      at ConnectionManager.onConnectionError (modules/core/src/client/connection-manager.ts:144:21)

    console.log
      connection error: Error: disconnected from server
          at EventEmitter.<anonymous> (/data/Workspace/helios/starwards/modules/core/src/client/driver.ts:53:58)
          at /data/Workspace/helios/starwards/node_modules/colyseus.js/src/core/signal.ts:15:48
          at Array.forEach (<anonymous>)
          at EventEmitter.invoke (/data/Workspace/helios/starwards/node_modules/colyseus.js/src/core/signal.ts:15:19)
          at Function.register.invoke (/data/Workspace/helios/starwards/node_modules/colyseus.js/src/core/signal.ts:57:81)
          at WebSocket.connection.events.onclose (/data/Workspace/helios/starwards/node_modules/colyseus.js/src/Room.ts:89:30)
          at callListener (/data/Workspace/helios/starwards/node_modules/colyseus.js/node_modules/ws/lib/event-target.js:290:14)
          at WebSocket.onClose (/data/Workspace/helios/starwards/node_modules/colyseus.js/node_modules/ws/lib/event-target.js:220:9)
          at WebSocket.emit (node:events:524:28)
          at WebSocket.emitClose (/data/Workspace/helios/starwards/node_modules/colyseus.js/node_modules/ws/lib/websocket.js:272:10)
          at Socket.socketOnClose (/data/Workspace/helios/starwards/node_modules/colyseus.js/node_modules/ws/lib/websocket.js:1341:15)
          at Socket.emit (node:events:524:28)
          at TCP.<anonymous> (node:net:343:12)

      at ConnectionManager.onConnectionError (modules/core/src/client/connection-manager.ts:144:21)
          at Array.forEach (<anonymous>)

    console.log
      connection error: TypeError: Cannot read properties of undefined (reading 'decoder')
          at wireEvents (/data/Workspace/helios/starwards/node_modules/colyseus-events/src/wire-events.ts:30:40)
          at /data/Workspace/helios/starwards/modules/core/src/client/admin.ts:20:5
          at processTicksAndRejections (node:internal/process/task_queues:95:5)
          at /data/Workspace/helios/starwards/modules/core/src/client/connection-manager.ts:131:21

      at ConnectionManager.onConnectionError (modules/core/src/client/connection-manager.ts:144:21)

    console.log
      connection error: Error: disconnected from server
          at EventEmitter.<anonymous> (/data/Workspace/helios/starwards/modules/core/src/client/driver.ts:53:58)
          at /data/Workspace/helios/starwards/node_modules/colyseus.js/src/core/signal.ts:15:48
          at Array.forEach (<anonymous>)
          at EventEmitter.invoke (/data/Workspace/helios/starwards/node_modules/colyseus.js/src/core/signal.ts:15:19)
          at Function.register.invoke (/data/Workspace/helios/starwards/node_modules/colyseus.js/src/core/signal.ts:57:81)
          at WebSocket.connection.events.onclose (/data/Workspace/helios/starwards/node_modules/colyseus.js/src/Room.ts:89:30)
          at callListener (/data/Workspace/helios/starwards/node_modules/colyseus.js/node_modules/ws/lib/event-target.js:290:14)
          at WebSocket.onClose (/data/Workspace/helios/starwards/node_modules/colyseus.js/node_modules/ws/lib/event-target.js:220:9)
          at WebSocket.emit (node:events:524:28)
          at WebSocket.emitClose (/data/Workspace/helios/starwards/node_modules/colyseus.js/node_modules/ws/lib/websocket.js:272:10)
          at Socket.socketOnClose (/data/Workspace/helios/starwards/node_modules/colyseus.js/node_modules/ws/lib/websocket.js:1341:15)
          at Socket.emit (node:events:524:28)
          at TCP.<anonymous> (node:net:343:12)

      at ConnectionManager.onConnectionError (modules/core/src/client/connection-manager.ts:144:21)
          at Array.forEach (<anonymous>)

    console.log
      connection error: TypeError: Cannot read properties of undefined (reading 'decoder')
          at wireEvents (/data/Workspace/helios/starwards/node_modules/colyseus-events/src/wire-events.ts:30:40)
          at /data/Workspace/helios/starwards/modules/core/src/client/admin.ts:20:5
          at processTicksAndRejections (node:internal/process/task_queues:95:5)
          at /data/Workspace/helios/starwards/modules/core/src/client/connection-manager.ts:131:21

      at ConnectionManager.onConnectionError (modules/core/src/client/connection-manager.ts:144:21)

    console.log
      connection error: Error: disconnected from server
          at EventEmitter.<anonymous> (/data/Workspace/helios/starwards/modules/core/src/client/driver.ts:53:58)
          at /data/Workspace/helios/starwards/node_modules/colyseus.js/src/core/signal.ts:15:48
          at Array.forEach (<anonymous>)
          at EventEmitter.invoke (/data/Workspace/helios/starwards/node_modules/colyseus.js/src/core/signal.ts:15:19)
          at Function.register.invoke (/data/Workspace/helios/starwards/node_modules/colyseus.js/src/core/signal.ts:57:81)
          at WebSocket.connection.events.onclose (/data/Workspace/helios/starwards/node_modules/colyseus.js/src/Room.ts:89:30)
          at callListener (/data/Workspace/helios/starwards/node_modules/colyseus.js/node_modules/ws/lib/event-target.js:290:14)
          at WebSocket.onClose (/data/Workspace/helios/starwards/node_modules/colyseus.js/node_modules/ws/lib/event-target.js:220:9)
          at WebSocket.emit (node:events:524:28)
          at WebSocket.emitClose (/data/Workspace/helios/starwards/node_modules/colyseus.js/node_modules/ws/lib/websocket.js:272:10)
          at Socket.socketOnClose (/data/Workspace/helios/starwards/node_modules/colyseus.js/node_modules/ws/lib/websocket.js:1341:15)
          at Socket.emit (node:events:524:28)
          at TCP.<anonymous> (node:net:343:12)

      at ConnectionManager.onConnectionError (modules/core/src/client/connection-manager.ts:144:21)
          at Array.forEach (<anonymous>)

    console.log
      connection error: TypeError: Cannot read properties of undefined (reading 'decoder')
          at wireEvents (/data/Workspace/helios/starwards/node_modules/colyseus-events/src/wire-events.ts:30:40)
          at /data/Workspace/helios/starwards/modules/core/src/client/admin.ts:20:5
          at processTicksAndRejections (node:internal/process/task_queues:95:5)
          at /data/Workspace/helios/starwards/modules/core/src/client/connection-manager.ts:131:21

      at ConnectionManager.onConnectionError (modules/core/src/client/connection-manager.ts:144:21)

    console.log
      connection error: Error: disconnected from server
          at EventEmitter.<anonymous> (/data/Workspace/helios/starwards/modules/core/src/client/driver.ts:53:58)
          at /data/Workspace/helios/starwards/node_modules/colyseus.js/src/core/signal.ts:15:48
          at Array.forEach (<anonymous>)
          at EventEmitter.invoke (/data/Workspace/helios/starwards/node_modules/colyseus.js/src/core/signal.ts:15:19)
          at Function.register.invoke (/data/Workspace/helios/starwards/node_modules/colyseus.js/src/core/signal.ts:57:81)
          at WebSocket.connection.events.onclose (/data/Workspace/helios/starwards/node_modules/colyseus.js/src/Room.ts:89:30)
          at callListener (/data/Workspace/helios/starwards/node_modules/colyseus.js/node_modules/ws/lib/event-target.js:290:14)
          at WebSocket.onClose (/data/Workspace/helios/starwards/node_modules/colyseus.js/node_modules/ws/lib/event-target.js:220:9)
          at WebSocket.emit (node:events:524:28)
          at WebSocket.emitClose (/data/Workspace/helios/starwards/node_modules/colyseus.js/node_modules/ws/lib/websocket.js:272:10)
          at Socket.socketOnClose (/data/Workspace/helios/starwards/node_modules/colyseus.js/node_modules/ws/lib/websocket.js:1341:15)
          at Socket.emit (node:events:524:28)
          at TCP.<anonymous> (node:net:343:12)

      at ConnectionManager.onConnectionError (modules/core/src/client/connection-manager.ts:144:21)
          at Array.forEach (<anonymous>)

    console.log
      connection error: TypeError: Cannot read properties of undefined (reading 'decoder')
          at wireEvents (/data/Workspace/helios/starwards/node_modules/colyseus-events/src/wire-events.ts:30:40)
          at /data/Workspace/helios/starwards/modules/core/src/client/admin.ts:20:5
          at processTicksAndRejections (node:internal/process/task_queues:95:5)
          at /data/Workspace/helios/starwards/modules/core/src/client/connection-manager.ts:131:21

      at ConnectionManager.onConnectionError (modules/core/src/client/connection-manager.ts:144:21)

    console.log
      connection error: Error: disconnected from server
          at EventEmitter.<anonymous> (/data/Workspace/helios/starwards/modules/core/src/client/driver.ts:53:58)
          at /data/Workspace/helios/starwards/node_modules/colyseus.js/src/core/signal.ts:15:48
          at Array.forEach (<anonymous>)
          at EventEmitter.invoke (/data/Workspace/helios/starwards/node_modules/colyseus.js/src/core/signal.ts:15:19)
          at Function.register.invoke (/data/Workspace/helios/starwards/node_modules/colyseus.js/src/core/signal.ts:57:81)
          at WebSocket.connection.events.onclose (/data/Workspace/helios/starwards/node_modules/colyseus.js/src/Room.ts:89:30)
          at callListener (/data/Workspace/helios/starwards/node_modules/colyseus.js/node_modules/ws/lib/event-target.js:290:14)
          at WebSocket.onClose (/data/Workspace/helios/starwards/node_modules/colyseus.js/node_modules/ws/lib/event-target.js:220:9)
          at WebSocket.emit (node:events:524:28)
          at WebSocket.emitClose (/data/Workspace/helios/starwards/node_modules/colyseus.js/node_modules/ws/lib/websocket.js:272:10)
          at Socket.socketOnClose (/data/Workspace/helios/starwards/node_modules/colyseus.js/node_modules/ws/lib/websocket.js:1341:15)
          at Socket.emit (node:events:524:28)
          at TCP.<anonymous> (node:net:343:12)

      at ConnectionManager.onConnectionError (modules/core/src/client/connection-manager.ts:144:21)
          at Array.forEach (<anonymous>)

    console.log
      connection error: TypeError: Cannot read properties of undefined (reading 'decoder')
          at wireEvents (/data/Workspace/helios/starwards/node_modules/colyseus-events/src/wire-events.ts:30:40)
          at /data/Workspace/helios/starwards/modules/core/src/client/admin.ts:20:5
          at processTicksAndRejections (node:internal/process/task_queues:95:5)
          at /data/Workspace/helios/starwards/modules/core/src/client/connection-manager.ts:131:21

      at ConnectionManager.onConnectionError (modules/core/src/client/connection-manager.ts:144:21)

    console.log
      connection error: Error: disconnected from server
          at EventEmitter.<anonymous> (/data/Workspace/helios/starwards/modules/core/src/client/driver.ts:53:58)
          at /data/Workspace/helios/starwards/node_modules/colyseus.js/src/core/signal.ts:15:48
          at Array.forEach (<anonymous>)
          at EventEmitter.invoke (/data/Workspace/helios/starwards/node_modules/colyseus.js/src/core/signal.ts:15:19)
          at Function.register.invoke (/data/Workspace/helios/starwards/node_modules/colyseus.js/src/core/signal.ts:57:81)
          at WebSocket.connection.events.onclose (/data/Workspace/helios/starwards/node_modules/colyseus.js/src/Room.ts:89:30)
          at callListener (/data/Workspace/helios/starwards/node_modules/colyseus.js/node_modules/ws/lib/event-target.js:290:14)
          at WebSocket.onClose (/data/Workspace/helios/starwards/node_modules/colyseus.js/node_modules/ws/lib/event-target.js:220:9)
          at WebSocket.emit (node:events:524:28)
          at WebSocket.emitClose (/data/Workspace/helios/starwards/node_modules/colyseus.js/node_modules/ws/lib/websocket.js:272:10)
          at Socket.socketOnClose (/data/Workspace/helios/starwards/node_modules/colyseus.js/node_modules/ws/lib/websocket.js:1341:15)
          at Socket.emit (node:events:524:28)
          at TCP.<anonymous> (node:net:343:12)

      at ConnectionManager.onConnectionError (modules/core/src/client/connection-manager.ts:144:21)
          at Array.forEach (<anonymous>)

    console.log
      connection error: TypeError: Cannot read properties of undefined (reading 'decoder')
          at wireEvents (/data/Workspace/helios/starwards/node_modules/colyseus-events/src/wire-events.ts:30:40)
          at /data/Workspace/helios/starwards/modules/core/src/client/admin.ts:20:5
          at processTicksAndRejections (node:internal/process/task_queues:95:5)
          at /data/Workspace/helios/starwards/modules/core/src/client/connection-manager.ts:131:21

      at ConnectionManager.onConnectionError (modules/core/src/client/connection-manager.ts:144:21)

    console.log
      connection error: Error: disconnected from server
          at EventEmitter.<anonymous> (/data/Workspace/helios/starwards/modules/core/src/client/driver.ts:53:58)
          at /data/Workspace/helios/starwards/node_modules/colyseus.js/src/core/signal.ts:15:48
          at Array.forEach (<anonymous>)
          at EventEmitter.invoke (/data/Workspace/helios/starwards/node_modules/colyseus.js/src/core/signal.ts:15:19)
          at Function.register.invoke (/data/Workspace/helios/starwards/node_modules/colyseus.js/src/core/signal.ts:57:81)
          at WebSocket.connection.events.onclose (/data/Workspace/helios/starwards/node_modules/colyseus.js/src/Room.ts:89:30)
          at callListener (/data/Workspace/helios/starwards/node_modules/colyseus.js/node_modules/ws/lib/event-target.js:290:14)
          at WebSocket.onClose (/data/Workspace/helios/starwards/node_modules/colyseus.js/node_modules/ws/lib/event-target.js:220:9)
          at WebSocket.emit (node:events:524:28)
          at WebSocket.emitClose (/data/Workspace/helios/starwards/node_modules/colyseus.js/node_modules/ws/lib/websocket.js:272:10)
          at Socket.socketOnClose (/data/Workspace/helios/starwards/node_modules/colyseus.js/node_modules/ws/lib/websocket.js:1341:15)
          at Socket.emit (node:events:524:28)
          at TCP.<anonymous> (node:net:343:12)

      at ConnectionManager.onConnectionError (modules/core/src/client/connection-manager.ts:144:21)
          at Array.forEach (<anonymous>)

    console.log
      connection error: TypeError: Cannot read properties of undefined (reading 'decoder')
          at wireEvents (/data/Workspace/helios/starwards/node_modules/colyseus-events/src/wire-events.ts:30:40)
          at /data/Workspace/helios/starwards/modules/core/src/client/admin.ts:20:5
          at processTicksAndRejections (node:internal/process/task_queues:95:5)
          at /data/Workspace/helios/starwards/modules/core/src/client/connection-manager.ts:131:21

      at ConnectionManager.onConnectionError (modules/core/src/client/connection-manager.ts:144:21)

    console.log
      connection error: Error: disconnected from server
          at EventEmitter.<anonymous> (/data/Workspace/helios/starwards/modules/core/src/client/driver.ts:53:58)
          at /data/Workspace/helios/starwards/node_modules/colyseus.js/src/core/signal.ts:15:48
          at Array.forEach (<anonymous>)
          at EventEmitter.invoke (/data/Workspace/helios/starwards/node_modules/colyseus.js/src/core/signal.ts:15:19)
          at Function.register.invoke (/data/Workspace/helios/starwards/node_modules/colyseus.js/src/core/signal.ts:57:81)
          at WebSocket.connection.events.onclose (/data/Workspace/helios/starwards/node_modules/colyseus.js/src/Room.ts:89:30)
          at callListener (/data/Workspace/helios/starwards/node_modules/colyseus.js/node_modules/ws/lib/event-target.js:290:14)
          at WebSocket.onClose (/data/Workspace/helios/starwards/node_modules/colyseus.js/node_modules/ws/lib/event-target.js:220:9)
          at WebSocket.emit (node:events:524:28)
          at WebSocket.emitClose (/data/Workspace/helios/starwards/node_modules/colyseus.js/node_modules/ws/lib/websocket.js:272:10)
          at Socket.socketOnClose (/data/Workspace/helios/starwards/node_modules/colyseus.js/node_modules/ws/lib/websocket.js:1341:15)
          at Socket.emit (node:events:524:28)
          at TCP.<anonymous> (node:net:343:12)

      at ConnectionManager.onConnectionError (modules/core/src/client/connection-manager.ts:144:21)
          at Array.forEach (<anonymous>)

    console.log
      connection error: TypeError: Cannot read properties of undefined (reading 'decoder')
          at wireEvents (/data/Workspace/helios/starwards/node_modules/colyseus-events/src/wire-events.ts:30:40)
          at /data/Workspace/helios/starwards/modules/core/src/client/admin.ts:20:5
          at processTicksAndRejections (node:internal/process/task_queues:95:5)
          at /data/Workspace/helios/starwards/modules/core/src/client/connection-manager.ts:131:21

      at ConnectionManager.onConnectionError (modules/core/src/client/connection-manager.ts:144:21)

    console.log
      connection error: Error: disconnected from server
          at EventEmitter.<anonymous> (/data/Workspace/helios/starwards/modules/core/src/client/driver.ts:53:58)
          at /data/Workspace/helios/starwards/node_modules/colyseus.js/src/core/signal.ts:15:48
          at Array.forEach (<anonymous>)
          at EventEmitter.invoke (/data/Workspace/helios/starwards/node_modules/colyseus.js/src/core/signal.ts:15:19)
          at Function.register.invoke (/data/Workspace/helios/starwards/node_modules/colyseus.js/src/core/signal.ts:57:81)
          at WebSocket.connection.events.onclose (/data/Workspace/helios/starwards/node_modules/colyseus.js/src/Room.ts:89:30)
          at callListener (/data/Workspace/helios/starwards/node_modules/colyseus.js/node_modules/ws/lib/event-target.js:290:14)
          at WebSocket.onClose (/data/Workspace/helios/starwards/node_modules/colyseus.js/node_modules/ws/lib/event-target.js:220:9)
          at WebSocket.emit (node:events:524:28)
          at WebSocket.emitClose (/data/Workspace/helios/starwards/node_modules/colyseus.js/node_modules/ws/lib/websocket.js:272:10)
          at Socket.socketOnClose (/data/Workspace/helios/starwards/node_modules/colyseus.js/node_modules/ws/lib/websocket.js:1341:15)
          at Socket.emit (node:events:524:28)
          at TCP.<anonymous> (node:net:343:12)

      at ConnectionManager.onConnectionError (modules/core/src/client/connection-manager.ts:144:21)
          at Array.forEach (<anonymous>)

    console.log
      connection error: TypeError: Cannot read properties of undefined (reading 'decoder')
          at wireEvents (/data/Workspace/helios/starwards/node_modules/colyseus-events/src/wire-events.ts:30:40)
          at /data/Workspace/helios/starwards/modules/core/src/client/admin.ts:20:5
          at processTicksAndRejections (node:internal/process/task_queues:95:5)
          at /data/Workspace/helios/starwards/modules/core/src/client/connection-manager.ts:131:21

      at ConnectionManager.onConnectionError (modules/core/src/client/connection-manager.ts:144:21)

    console.log
      connection error: Error: disconnected from server
          at EventEmitter.<anonymous> (/data/Workspace/helios/starwards/modules/core/src/client/driver.ts:53:58)
          at /data/Workspace/helios/starwards/node_modules/colyseus.js/src/core/signal.ts:15:48
          at Array.forEach (<anonymous>)
          at EventEmitter.invoke (/data/Workspace/helios/starwards/node_modules/colyseus.js/src/core/signal.ts:15:19)
          at Function.register.invoke (/data/Workspace/helios/starwards/node_modules/colyseus.js/src/core/signal.ts:57:81)
          at WebSocket.connection.events.onclose (/data/Workspace/helios/starwards/node_modules/colyseus.js/src/Room.ts:89:30)
          at callListener (/data/Workspace/helios/starwards/node_modules/colyseus.js/node_modules/ws/lib/event-target.js:290:14)
          at WebSocket.onClose (/data/Workspace/helios/starwards/node_modules/colyseus.js/node_modules/ws/lib/event-target.js:220:9)
          at WebSocket.emit (node:events:524:28)
          at WebSocket.emitClose (/data/Workspace/helios/starwards/node_modules/colyseus.js/node_modules/ws/lib/websocket.js:272:10)
          at Socket.socketOnClose (/data/Workspace/helios/starwards/node_modules/colyseus.js/node_modules/ws/lib/websocket.js:1341:15)
          at Socket.emit (node:events:524:28)
          at TCP.<anonymous> (node:net:343:12)

      at ConnectionManager.onConnectionError (modules/core/src/client/connection-manager.ts:144:21)
          at Array.forEach (<anonymous>)

    console.log
      connection error: TypeError: Cannot read properties of undefined (reading 'decoder')
          at wireEvents (/data/Workspace/helios/starwards/node_modules/colyseus-events/src/wire-events.ts:30:40)
          at /data/Workspace/helios/starwards/modules/core/src/client/admin.ts:20:5
          at processTicksAndRejections (node:internal/process/task_queues:95:5)
          at /data/Workspace/helios/starwards/modules/core/src/client/connection-manager.ts:131:21

      at ConnectionManager.onConnectionError (modules/core/src/client/connection-manager.ts:144:21)

    console.log
      connection error: Error: disconnected from server
          at EventEmitter.<anonymous> (/data/Workspace/helios/starwards/modules/core/src/client/driver.ts:53:58)
          at /data/Workspace/helios/starwards/node_modules/colyseus.js/src/core/signal.ts:15:48
          at Array.forEach (<anonymous>)
          at EventEmitter.invoke (/data/Workspace/helios/starwards/node_modules/colyseus.js/src/core/signal.ts:15:19)
          at Function.register.invoke (/data/Workspace/helios/starwards/node_modules/colyseus.js/src/core/signal.ts:57:81)
          at WebSocket.connection.events.onclose (/data/Workspace/helios/starwards/node_modules/colyseus.js/src/Room.ts:89:30)
          at callListener (/data/Workspace/helios/starwards/node_modules/colyseus.js/node_modules/ws/lib/event-target.js:290:14)
          at WebSocket.onClose (/data/Workspace/helios/starwards/node_modules/colyseus.js/node_modules/ws/lib/event-target.js:220:9)
          at WebSocket.emit (node:events:524:28)
          at WebSocket.emitClose (/data/Workspace/helios/starwards/node_modules/colyseus.js/node_modules/ws/lib/websocket.js:272:10)
          at Socket.socketOnClose (/data/Workspace/helios/starwards/node_modules/colyseus.js/node_modules/ws/lib/websocket.js:1341:15)
          at Socket.emit (node:events:524:28)
          at TCP.<anonymous> (node:net:343:12)

      at ConnectionManager.onConnectionError (modules/core/src/client/connection-manager.ts:144:21)
          at Array.forEach (<anonymous>)

    console.log
      connection error: TypeError: Cannot read properties of undefined (reading 'decoder')
          at wireEvents (/data/Workspace/helios/starwards/node_modules/colyseus-events/src/wire-events.ts:30:40)
          at /data/Workspace/helios/starwards/modules/core/src/client/admin.ts:20:5
          at processTicksAndRejections (node:internal/process/task_queues:95:5)
          at /data/Workspace/helios/starwards/modules/core/src/client/connection-manager.ts:131:21

      at ConnectionManager.onConnectionError (modules/core/src/client/connection-manager.ts:144:21)

    console.log
      connection error: Error: disconnected from server
          at EventEmitter.<anonymous> (/data/Workspace/helios/starwards/modules/core/src/client/driver.ts:53:58)
          at /data/Workspace/helios/starwards/node_modules/colyseus.js/src/core/signal.ts:15:48
          at Array.forEach (<anonymous>)
          at EventEmitter.invoke (/data/Workspace/helios/starwards/node_modules/colyseus.js/src/core/signal.ts:15:19)
          at Function.register.invoke (/data/Workspace/helios/starwards/node_modules/colyseus.js/src/core/signal.ts:57:81)
          at WebSocket.connection.events.onclose (/data/Workspace/helios/starwards/node_modules/colyseus.js/src/Room.ts:89:30)
          at callListener (/data/Workspace/helios/starwards/node_modules/colyseus.js/node_modules/ws/lib/event-target.js:290:14)
          at WebSocket.onClose (/data/Workspace/helios/starwards/node_modules/colyseus.js/node_modules/ws/lib/event-target.js:220:9)
          at WebSocket.emit (node:events:524:28)
          at WebSocket.emitClose (/data/Workspace/helios/starwards/node_modules/colyseus.js/node_modules/ws/lib/websocket.js:272:10)
          at Socket.socketOnClose (/data/Workspace/helios/starwards/node_modules/colyseus.js/node_modules/ws/lib/websocket.js:1341:15)
          at Socket.emit (node:events:524:28)
          at TCP.<anonymous> (node:net:343:12)

      at ConnectionManager.onConnectionError (modules/core/src/client/connection-manager.ts:144:21)
          at Array.forEach (<anonymous>)

    console.log
      connection error: TypeError: Cannot read properties of undefined (reading 'decoder')
          at wireEvents (/data/Workspace/helios/starwards/node_modules/colyseus-events/src/wire-events.ts:30:40)
          at /data/Workspace/helios/starwards/modules/core/src/client/admin.ts:20:5
          at processTicksAndRejections (node:internal/process/task_queues:95:5)
          at /data/Workspace/helios/starwards/modules/core/src/client/connection-manager.ts:131:21

      at ConnectionManager.onConnectionError (modules/core/src/client/connection-manager.ts:144:21)

    console.log
      connection error: Error: disconnected from server
          at EventEmitter.<anonymous> (/data/Workspace/helios/starwards/modules/core/src/client/driver.ts:53:58)
          at /data/Workspace/helios/starwards/node_modules/colyseus.js/src/core/signal.ts:15:48
          at Array.forEach (<anonymous>)
          at EventEmitter.invoke (/data/Workspace/helios/starwards/node_modules/colyseus.js/src/core/signal.ts:15:19)
          at Function.register.invoke (/data/Workspace/helios/starwards/node_modules/colyseus.js/src/core/signal.ts:57:81)
          at WebSocket.connection.events.onclose (/data/Workspace/helios/starwards/node_modules/colyseus.js/src/Room.ts:89:30)
          at callListener (/data/Workspace/helios/starwards/node_modules/colyseus.js/node_modules/ws/lib/event-target.js:290:14)
          at WebSocket.onClose (/data/Workspace/helios/starwards/node_modules/colyseus.js/node_modules/ws/lib/event-target.js:220:9)
          at WebSocket.emit (node:events:524:28)
          at WebSocket.emitClose (/data/Workspace/helios/starwards/node_modules/colyseus.js/node_modules/ws/lib/websocket.js:272:10)
          at Socket.socketOnClose (/data/Workspace/helios/starwards/node_modules/colyseus.js/node_modules/ws/lib/websocket.js:1341:15)
          at Socket.emit (node:events:524:28)
          at TCP.<anonymous> (node:net:343:12)

      at ConnectionManager.onConnectionError (modules/core/src/client/connection-manager.ts:144:21)
          at Array.forEach (<anonymous>)

    console.log
      connection error: TypeError: Cannot read properties of undefined (reading 'decoder')
          at wireEvents (/data/Workspace/helios/starwards/node_modules/colyseus-events/src/wire-events.ts:30:40)
          at /data/Workspace/helios/starwards/modules/core/src/client/admin.ts:20:5
          at processTicksAndRejections (node:internal/process/task_queues:95:5)
          at /data/Workspace/helios/starwards/modules/core/src/client/connection-manager.ts:131:21

      at ConnectionManager.onConnectionError (modules/core/src/client/connection-manager.ts:144:21)

    console.log
      connection error: Error: disconnected from server
          at EventEmitter.<anonymous> (/data/Workspace/helios/starwards/modules/core/src/client/driver.ts:53:58)
          at /data/Workspace/helios/starwards/node_modules/colyseus.js/src/core/signal.ts:15:48
          at Array.forEach (<anonymous>)
          at EventEmitter.invoke (/data/Workspace/helios/starwards/node_modules/colyseus.js/src/core/signal.ts:15:19)
          at Function.register.invoke (/data/Workspace/helios/starwards/node_modules/colyseus.js/src/core/signal.ts:57:81)
          at WebSocket.connection.events.onclose (/data/Workspace/helios/starwards/node_modules/colyseus.js/src/Room.ts:89:30)
          at callListener (/data/Workspace/helios/starwards/node_modules/colyseus.js/node_modules/ws/lib/event-target.js:290:14)
          at WebSocket.onClose (/data/Workspace/helios/starwards/node_modules/colyseus.js/node_modules/ws/lib/event-target.js:220:9)
          at WebSocket.emit (node:events:524:28)
          at WebSocket.emitClose (/data/Workspace/helios/starwards/node_modules/colyseus.js/node_modules/ws/lib/websocket.js:272:10)
          at Socket.socketOnClose (/data/Workspace/helios/starwards/node_modules/colyseus.js/node_modules/ws/lib/websocket.js:1341:15)
          at Socket.emit (node:events:524:28)
          at TCP.<anonymous> (node:net:343:12)

      at ConnectionManager.onConnectionError (modules/core/src/client/connection-manager.ts:144:21)
          at Array.forEach (<anonymous>)

    console.log
      connection error: TypeError: Cannot read properties of undefined (reading 'decoder')
          at wireEvents (/data/Workspace/helios/starwards/node_modules/colyseus-events/src/wire-events.ts:30:40)
          at /data/Workspace/helios/starwards/modules/core/src/client/admin.ts:20:5
          at processTicksAndRejections (node:internal/process/task_queues:95:5)
          at /data/Workspace/helios/starwards/modules/core/src/client/connection-manager.ts:131:21

      at ConnectionManager.onConnectionError (modules/core/src/client/connection-manager.ts:144:21)

    console.log
      connection error: Error: disconnected from server
          at EventEmitter.<anonymous> (/data/Workspace/helios/starwards/modules/core/src/client/driver.ts:53:58)
          at /data/Workspace/helios/starwards/node_modules/colyseus.js/src/core/signal.ts:15:48
          at Array.forEach (<anonymous>)
          at EventEmitter.invoke (/data/Workspace/helios/starwards/node_modules/colyseus.js/src/core/signal.ts:15:19)
          at Function.register.invoke (/data/Workspace/helios/starwards/node_modules/colyseus.js/src/core/signal.ts:57:81)
          at WebSocket.connection.events.onclose (/data/Workspace/helios/starwards/node_modules/colyseus.js/src/Room.ts:89:30)
          at callListener (/data/Workspace/helios/starwards/node_modules/colyseus.js/node_modules/ws/lib/event-target.js:290:14)
          at WebSocket.onClose (/data/Workspace/helios/starwards/node_modules/colyseus.js/node_modules/ws/lib/event-target.js:220:9)
          at WebSocket.emit (node:events:524:28)
          at WebSocket.emitClose (/data/Workspace/helios/starwards/node_modules/colyseus.js/node_modules/ws/lib/websocket.js:272:10)
          at Socket.socketOnClose (/data/Workspace/helios/starwards/node_modules/colyseus.js/node_modules/ws/lib/websocket.js:1341:15)
          at Socket.emit (node:events:524:28)
          at TCP.<anonymous> (node:net:343:12)

      at ConnectionManager.onConnectionError (modules/core/src/client/connection-manager.ts:144:21)
          at Array.forEach (<anonymous>)

    console.log
      connection error: TypeError: Cannot read properties of undefined (reading 'decoder')
          at wireEvents (/data/Workspace/helios/starwards/node_modules/colyseus-events/src/wire-events.ts:30:40)
          at /data/Workspace/helios/starwards/modules/core/src/client/admin.ts:20:5
          at processTicksAndRejections (node:internal/process/task_queues:95:5)
          at /data/Workspace/helios/starwards/modules/core/src/client/connection-manager.ts:131:21

      at ConnectionManager.onConnectionError (modules/core/src/client/connection-manager.ts:144:21)

    console.log
      connection error: Error: disconnected from server
          at EventEmitter.<anonymous> (/data/Workspace/helios/starwards/modules/core/src/client/driver.ts:53:58)
          at /data/Workspace/helios/starwards/node_modules/colyseus.js/src/core/signal.ts:15:48
          at Array.forEach (<anonymous>)
          at EventEmitter.invoke (/data/Workspace/helios/starwards/node_modules/colyseus.js/src/core/signal.ts:15:19)
          at Function.register.invoke (/data/Workspace/helios/starwards/node_modules/colyseus.js/src/core/signal.ts:57:81)
          at WebSocket.connection.events.onclose (/data/Workspace/helios/starwards/node_modules/colyseus.js/src/Room.ts:89:30)
          at callListener (/data/Workspace/helios/starwards/node_modules/colyseus.js/node_modules/ws/lib/event-target.js:290:14)
          at WebSocket.onClose (/data/Workspace/helios/starwards/node_modules/colyseus.js/node_modules/ws/lib/event-target.js:220:9)
          at WebSocket.emit (node:events:524:28)
          at WebSocket.emitClose (/data/Workspace/helios/starwards/node_modules/colyseus.js/node_modules/ws/lib/websocket.js:272:10)
          at Socket.socketOnClose (/data/Workspace/helios/starwards/node_modules/colyseus.js/node_modules/ws/lib/websocket.js:1341:15)
          at Socket.emit (node:events:524:28)
          at TCP.<anonymous> (node:net:343:12)

      at ConnectionManager.onConnectionError (modules/core/src/client/connection-manager.ts:144:21)
          at Array.forEach (<anonymous>)

    console.log
      connection error: TypeError: Cannot read properties of undefined (reading 'decoder')
          at wireEvents (/data/Workspace/helios/starwards/node_modules/colyseus-events/src/wire-events.ts:30:40)
          at /data/Workspace/helios/starwards/modules/core/src/client/admin.ts:20:5
          at processTicksAndRejections (node:internal/process/task_queues:95:5)
          at /data/Workspace/helios/starwards/modules/core/src/client/connection-manager.ts:131:21

      at ConnectionManager.onConnectionError (modules/core/src/client/connection-manager.ts:144:21)

    console.log
      connection error: Error: disconnected from server
          at EventEmitter.<anonymous> (/data/Workspace/helios/starwards/modules/core/src/client/driver.ts:53:58)
          at /data/Workspace/helios/starwards/node_modules/colyseus.js/src/core/signal.ts:15:48
          at Array.forEach (<anonymous>)
          at EventEmitter.invoke (/data/Workspace/helios/starwards/node_modules/colyseus.js/src/core/signal.ts:15:19)
          at Function.register.invoke (/data/Workspace/helios/starwards/node_modules/colyseus.js/src/core/signal.ts:57:81)
          at WebSocket.connection.events.onclose (/data/Workspace/helios/starwards/node_modules/colyseus.js/src/Room.ts:89:30)
          at callListener (/data/Workspace/helios/starwards/node_modules/colyseus.js/node_modules/ws/lib/event-target.js:290:14)
          at WebSocket.onClose (/data/Workspace/helios/starwards/node_modules/colyseus.js/node_modules/ws/lib/event-target.js:220:9)
          at WebSocket.emit (node:events:524:28)
          at WebSocket.emitClose (/data/Workspace/helios/starwards/node_modules/colyseus.js/node_modules/ws/lib/websocket.js:272:10)
          at Socket.socketOnClose (/data/Workspace/helios/starwards/node_modules/colyseus.js/node_modules/ws/lib/websocket.js:1341:15)
          at Socket.emit (node:events:524:28)
          at TCP.<anonymous> (node:net:343:12)

      at ConnectionManager.onConnectionError (modules/core/src/client/connection-manager.ts:144:21)
          at Array.forEach (<anonymous>)

    console.log
      connection error: TypeError: Cannot read properties of undefined (reading 'decoder')
          at wireEvents (/data/Workspace/helios/starwards/node_modules/colyseus-events/src/wire-events.ts:30:40)
          at /data/Workspace/helios/starwards/modules/core/src/client/admin.ts:20:5
          at processTicksAndRejections (node:internal/process/task_queues:95:5)
          at /data/Workspace/helios/starwards/modules/core/src/client/connection-manager.ts:131:21

      at ConnectionManager.onConnectionError (modules/core/src/client/connection-manager.ts:144:21)

    console.log
      connection error: Error: disconnected from server
          at EventEmitter.<anonymous> (/data/Workspace/helios/starwards/modules/core/src/client/driver.ts:53:58)
          at /data/Workspace/helios/starwards/node_modules/colyseus.js/src/core/signal.ts:15:48
          at Array.forEach (<anonymous>)
          at EventEmitter.invoke (/data/Workspace/helios/starwards/node_modules/colyseus.js/src/core/signal.ts:15:19)
          at Function.register.invoke (/data/Workspace/helios/starwards/node_modules/colyseus.js/src/core/signal.ts:57:81)
          at WebSocket.connection.events.onclose (/data/Workspace/helios/starwards/node_modules/colyseus.js/src/Room.ts:89:30)
          at callListener (/data/Workspace/helios/starwards/node_modules/colyseus.js/node_modules/ws/lib/event-target.js:290:14)
          at WebSocket.onClose (/data/Workspace/helios/starwards/node_modules/colyseus.js/node_modules/ws/lib/event-target.js:220:9)
          at WebSocket.emit (node:events:524:28)
          at WebSocket.emitClose (/data/Workspace/helios/starwards/node_modules/colyseus.js/node_modules/ws/lib/websocket.js:272:10)
          at Socket.socketOnClose (/data/Workspace/helios/starwards/node_modules/colyseus.js/node_modules/ws/lib/websocket.js:1341:15)
          at Socket.emit (node:events:524:28)
          at TCP.<anonymous> (node:net:343:12)

      at ConnectionManager.onConnectionError (modules/core/src/client/connection-manager.ts:144:21)
          at Array.forEach (<anonymous>)

    console.log
      connection error: TypeError: Cannot read properties of undefined (reading 'decoder')
          at wireEvents (/data/Workspace/helios/starwards/node_modules/colyseus-events/src/wire-events.ts:30:40)
          at /data/Workspace/helios/starwards/modules/core/src/client/admin.ts:20:5
          at processTicksAndRejections (node:internal/process/task_queues:95:5)
          at /data/Workspace/helios/starwards/modules/core/src/client/connection-manager.ts:131:21

      at ConnectionManager.onConnectionError (modules/core/src/client/connection-manager.ts:144:21)

    console.log
      connection error: Error: disconnected from server
          at EventEmitter.<anonymous> (/data/Workspace/helios/starwards/modules/core/src/client/driver.ts:53:58)
          at /data/Workspace/helios/starwards/node_modules/colyseus.js/src/core/signal.ts:15:48
          at Array.forEach (<anonymous>)
          at EventEmitter.invoke (/data/Workspace/helios/starwards/node_modules/colyseus.js/src/core/signal.ts:15:19)
          at Function.register.invoke (/data/Workspace/helios/starwards/node_modules/colyseus.js/src/core/signal.ts:57:81)
          at WebSocket.connection.events.onclose (/data/Workspace/helios/starwards/node_modules/colyseus.js/src/Room.ts:89:30)
          at callListener (/data/Workspace/helios/starwards/node_modules/colyseus.js/node_modules/ws/lib/event-target.js:290:14)
          at WebSocket.onClose (/data/Workspace/helios/starwards/node_modules/colyseus.js/node_modules/ws/lib/event-target.js:220:9)
          at WebSocket.emit (node:events:524:28)
          at WebSocket.emitClose (/data/Workspace/helios/starwards/node_modules/colyseus.js/node_modules/ws/lib/websocket.js:272:10)
          at Socket.socketOnClose (/data/Workspace/helios/starwards/node_modules/colyseus.js/node_modules/ws/lib/websocket.js:1341:15)
          at Socket.emit (node:events:524:28)
          at TCP.<anonymous> (node:net:343:12)

      at ConnectionManager.onConnectionError (modules/core/src/client/connection-manager.ts:144:21)
          at Array.forEach (<anonymous>)

    console.log
      connection error: TypeError: Cannot read properties of undefined (reading 'decoder')
          at wireEvents (/data/Workspace/helios/starwards/node_modules/colyseus-events/src/wire-events.ts:30:40)
          at /data/Workspace/helios/starwards/modules/core/src/client/admin.ts:20:5
          at processTicksAndRejections (node:internal/process/task_queues:95:5)
          at /data/Workspace/helios/starwards/modules/core/src/client/connection-manager.ts:131:21

      at ConnectionManager.onConnectionError (modules/core/src/client/connection-manager.ts:144:21)

    console.log
      connection error: Error: disconnected from server
          at EventEmitter.<anonymous> (/data/Workspace/helios/starwards/modules/core/src/client/driver.ts:53:58)
          at /data/Workspace/helios/starwards/node_modules/colyseus.js/src/core/signal.ts:15:48
          at Array.forEach (<anonymous>)
          at EventEmitter.invoke (/data/Workspace/helios/starwards/node_modules/colyseus.js/src/core/signal.ts:15:19)
          at Function.register.invoke (/data/Workspace/helios/starwards/node_modules/colyseus.js/src/core/signal.ts:57:81)
          at WebSocket.connection.events.onclose (/data/Workspace/helios/starwards/node_modules/colyseus.js/src/Room.ts:89:30)
          at callListener (/data/Workspace/helios/starwards/node_modules/colyseus.js/node_modules/ws/lib/event-target.js:290:14)
          at WebSocket.onClose (/data/Workspace/helios/starwards/node_modules/colyseus.js/node_modules/ws/lib/event-target.js:220:9)
          at WebSocket.emit (node:events:524:28)
          at WebSocket.emitClose (/data/Workspace/helios/starwards/node_modules/colyseus.js/node_modules/ws/lib/websocket.js:272:10)
          at Socket.socketOnClose (/data/Workspace/helios/starwards/node_modules/colyseus.js/node_modules/ws/lib/websocket.js:1341:15)
          at Socket.emit (node:events:524:28)
          at TCP.<anonymous> (node:net:343:12)

      at ConnectionManager.onConnectionError (modules/core/src/client/connection-manager.ts:144:21)
          at Array.forEach (<anonymous>)

    console.log
      connection error: TypeError: Cannot read properties of undefined (reading 'decoder')
          at wireEvents (/data/Workspace/helios/starwards/node_modules/colyseus-events/src/wire-events.ts:30:40)
          at /data/Workspace/helios/starwards/modules/core/src/client/admin.ts:20:5
          at processTicksAndRejections (node:internal/process/task_queues:95:5)
          at /data/Workspace/helios/starwards/modules/core/src/client/connection-manager.ts:131:21

      at ConnectionManager.onConnectionError (modules/core/src/client/connection-manager.ts:144:21)

    console.log
      connection error: Error: disconnected from server
          at EventEmitter.<anonymous> (/data/Workspace/helios/starwards/modules/core/src/client/driver.ts:53:58)
          at /data/Workspace/helios/starwards/node_modules/colyseus.js/src/core/signal.ts:15:48
          at Array.forEach (<anonymous>)
          at EventEmitter.invoke (/data/Workspace/helios/starwards/node_modules/colyseus.js/src/core/signal.ts:15:19)
          at Function.register.invoke (/data/Workspace/helios/starwards/node_modules/colyseus.js/src/core/signal.ts:57:81)
          at WebSocket.connection.events.onclose (/data/Workspace/helios/starwards/node_modules/colyseus.js/src/Room.ts:89:30)
          at callListener (/data/Workspace/helios/starwards/node_modules/colyseus.js/node_modules/ws/lib/event-target.js:290:14)
          at WebSocket.onClose (/data/Workspace/helios/starwards/node_modules/colyseus.js/node_modules/ws/lib/event-target.js:220:9)
          at WebSocket.emit (node:events:524:28)
          at WebSocket.emitClose (/data/Workspace/helios/starwards/node_modules/colyseus.js/node_modules/ws/lib/websocket.js:272:10)
          at Socket.socketOnClose (/data/Workspace/helios/starwards/node_modules/colyseus.js/node_modules/ws/lib/websocket.js:1341:15)
          at Socket.emit (node:events:524:28)
          at TCP.<anonymous> (node:net:343:12)

      at ConnectionManager.onConnectionError (modules/core/src/client/connection-manager.ts:144:21)
          at Array.forEach (<anonymous>)

    console.log
      connection error: TypeError: Cannot read properties of undefined (reading 'decoder')
          at wireEvents (/data/Workspace/helios/starwards/node_modules/colyseus-events/src/wire-events.ts:30:40)
          at /data/Workspace/helios/starwards/modules/core/src/client/admin.ts:20:5
          at processTicksAndRejections (node:internal/process/task_queues:95:5)
          at /data/Workspace/helios/starwards/modules/core/src/client/connection-manager.ts:131:21

      at ConnectionManager.onConnectionError (modules/core/src/client/connection-manager.ts:144:21)

    console.log
      connection error: Error: disconnected from server
          at EventEmitter.<anonymous> (/data/Workspace/helios/starwards/modules/core/src/client/driver.ts:53:58)
          at /data/Workspace/helios/starwards/node_modules/colyseus.js/src/core/signal.ts:15:48
          at Array.forEach (<anonymous>)
          at EventEmitter.invoke (/data/Workspace/helios/starwards/node_modules/colyseus.js/src/core/signal.ts:15:19)
          at Function.register.invoke (/data/Workspace/helios/starwards/node_modules/colyseus.js/src/core/signal.ts:57:81)
          at WebSocket.connection.events.onclose (/data/Workspace/helios/starwards/node_modules/colyseus.js/src/Room.ts:89:30)
          at callListener (/data/Workspace/helios/starwards/node_modules/colyseus.js/node_modules/ws/lib/event-target.js:290:14)
          at WebSocket.onClose (/data/Workspace/helios/starwards/node_modules/colyseus.js/node_modules/ws/lib/event-target.js:220:9)
          at WebSocket.emit (node:events:524:28)
          at WebSocket.emitClose (/data/Workspace/helios/starwards/node_modules/colyseus.js/node_modules/ws/lib/websocket.js:272:10)
          at Socket.socketOnClose (/data/Workspace/helios/starwards/node_modules/colyseus.js/node_modules/ws/lib/websocket.js:1341:15)
          at Socket.emit (node:events:524:28)
          at TCP.<anonymous> (node:net:343:12)

      at ConnectionManager.onConnectionError (modules/core/src/client/connection-manager.ts:144:21)
          at Array.forEach (<anonymous>)

    console.log
      connection error: TypeError: Cannot read properties of undefined (reading 'decoder')
          at wireEvents (/data/Workspace/helios/starwards/node_modules/colyseus-events/src/wire-events.ts:30:40)
          at /data/Workspace/helios/starwards/modules/core/src/client/admin.ts:20:5
          at processTicksAndRejections (node:internal/process/task_queues:95:5)
          at /data/Workspace/helios/starwards/modules/core/src/client/connection-manager.ts:131:21

      at ConnectionManager.onConnectionError (modules/core/src/client/connection-manager.ts:144:21)

    console.log
      connection error: Error: disconnected from server
          at EventEmitter.<anonymous> (/data/Workspace/helios/starwards/modules/core/src/client/driver.ts:53:58)
          at /data/Workspace/helios/starwards/node_modules/colyseus.js/src/core/signal.ts:15:48
          at Array.forEach (<anonymous>)
          at EventEmitter.invoke (/data/Workspace/helios/starwards/node_modules/colyseus.js/src/core/signal.ts:15:19)
          at Function.register.invoke (/data/Workspace/helios/starwards/node_modules/colyseus.js/src/core/signal.ts:57:81)
          at WebSocket.connection.events.onclose (/data/Workspace/helios/starwards/node_modules/colyseus.js/src/Room.ts:89:30)
          at callListener (/data/Workspace/helios/starwards/node_modules/colyseus.js/node_modules/ws/lib/event-target.js:290:14)
          at WebSocket.onClose (/data/Workspace/helios/starwards/node_modules/colyseus.js/node_modules/ws/lib/event-target.js:220:9)
          at WebSocket.emit (node:events:524:28)
          at WebSocket.emitClose (/data/Workspace/helios/starwards/node_modules/colyseus.js/node_modules/ws/lib/websocket.js:272:10)
          at Socket.socketOnClose (/data/Workspace/helios/starwards/node_modules/colyseus.js/node_modules/ws/lib/websocket.js:1341:15)
          at Socket.emit (node:events:524:28)
          at TCP.<anonymous> (node:net:343:12)

      at ConnectionManager.onConnectionError (modules/core/src/client/connection-manager.ts:144:21)
          at Array.forEach (<anonymous>)

    console.log
      connection error: TypeError: Cannot read properties of undefined (reading 'decoder')
          at wireEvents (/data/Workspace/helios/starwards/node_modules/colyseus-events/src/wire-events.ts:30:40)
          at /data/Workspace/helios/starwards/modules/core/src/client/admin.ts:20:5
          at processTicksAndRejections (node:internal/process/task_queues:95:5)
          at /data/Workspace/helios/starwards/modules/core/src/client/connection-manager.ts:131:21

      at ConnectionManager.onConnectionError (modules/core/src/client/connection-manager.ts:144:21)

    console.log
      connection error: Error: disconnected from server
          at EventEmitter.<anonymous> (/data/Workspace/helios/starwards/modules/core/src/client/driver.ts:53:58)
          at /data/Workspace/helios/starwards/node_modules/colyseus.js/src/core/signal.ts:15:48
          at Array.forEach (<anonymous>)
          at EventEmitter.invoke (/data/Workspace/helios/starwards/node_modules/colyseus.js/src/core/signal.ts:15:19)
          at Function.register.invoke (/data/Workspace/helios/starwards/node_modules/colyseus.js/src/core/signal.ts:57:81)
          at WebSocket.connection.events.onclose (/data/Workspace/helios/starwards/node_modules/colyseus.js/src/Room.ts:89:30)
          at callListener (/data/Workspace/helios/starwards/node_modules/colyseus.js/node_modules/ws/lib/event-target.js:290:14)
          at WebSocket.onClose (/data/Workspace/helios/starwards/node_modules/colyseus.js/node_modules/ws/lib/event-target.js:220:9)
          at WebSocket.emit (node:events:524:28)
          at WebSocket.emitClose (/data/Workspace/helios/starwards/node_modules/colyseus.js/node_modules/ws/lib/websocket.js:272:10)
          at Socket.socketOnClose (/data/Workspace/helios/starwards/node_modules/colyseus.js/node_modules/ws/lib/websocket.js:1341:15)
          at Socket.emit (node:events:524:28)
          at TCP.<anonymous> (node:net:343:12)

      at ConnectionManager.onConnectionError (modules/core/src/client/connection-manager.ts:144:21)
          at Array.forEach (<anonymous>)

    console.log
      connection error: TypeError: Cannot read properties of undefined (reading 'decoder')
          at wireEvents (/data/Workspace/helios/starwards/node_modules/colyseus-events/src/wire-events.ts:30:40)
          at /data/Workspace/helios/starwards/modules/core/src/client/admin.ts:20:5
          at processTicksAndRejections (node:internal/process/task_queues:95:5)
          at /data/Workspace/helios/starwards/modules/core/src/client/connection-manager.ts:131:21

      at ConnectionManager.onConnectionError (modules/core/src/client/connection-manager.ts:144:21)

    console.log
      connection error: Error: disconnected from server
          at EventEmitter.<anonymous> (/data/Workspace/helios/starwards/modules/core/src/client/driver.ts:53:58)
          at /data/Workspace/helios/starwards/node_modules/colyseus.js/src/core/signal.ts:15:48
          at Array.forEach (<anonymous>)
          at EventEmitter.invoke (/data/Workspace/helios/starwards/node_modules/colyseus.js/src/core/signal.ts:15:19)
          at Function.register.invoke (/data/Workspace/helios/starwards/node_modules/colyseus.js/src/core/signal.ts:57:81)
          at WebSocket.connection.events.onclose (/data/Workspace/helios/starwards/node_modules/colyseus.js/src/Room.ts:89:30)
          at callListener (/data/Workspace/helios/starwards/node_modules/colyseus.js/node_modules/ws/lib/event-target.js:290:14)
          at WebSocket.onClose (/data/Workspace/helios/starwards/node_modules/colyseus.js/node_modules/ws/lib/event-target.js:220:9)
          at WebSocket.emit (node:events:524:28)
          at WebSocket.emitClose (/data/Workspace/helios/starwards/node_modules/colyseus.js/node_modules/ws/lib/websocket.js:272:10)
          at Socket.socketOnClose (/data/Workspace/helios/starwards/node_modules/colyseus.js/node_modules/ws/lib/websocket.js:1341:15)
          at Socket.emit (node:events:524:28)
          at TCP.<anonymous> (node:net:343:12)

      at ConnectionManager.onConnectionError (modules/core/src/client/connection-manager.ts:144:21)
          at Array.forEach (<anonymous>)

    console.log
      connection error: TypeError: Cannot read properties of undefined (reading 'decoder')
          at wireEvents (/data/Workspace/helios/starwards/node_modules/colyseus-events/src/wire-events.ts:30:40)
          at /data/Workspace/helios/starwards/modules/core/src/client/admin.ts:20:5
          at processTicksAndRejections (node:internal/process/task_queues:95:5)
          at /data/Workspace/helios/starwards/modules/core/src/client/connection-manager.ts:131:21

      at ConnectionManager.onConnectionError (modules/core/src/client/connection-manager.ts:144:21)

    console.log
      connection error: Error: disconnected from server
          at EventEmitter.<anonymous> (/data/Workspace/helios/starwards/modules/core/src/client/driver.ts:53:58)
          at /data/Workspace/helios/starwards/node_modules/colyseus.js/src/core/signal.ts:15:48
          at Array.forEach (<anonymous>)
          at EventEmitter.invoke (/data/Workspace/helios/starwards/node_modules/colyseus.js/src/core/signal.ts:15:19)
          at Function.register.invoke (/data/Workspace/helios/starwards/node_modules/colyseus.js/src/core/signal.ts:57:81)
          at WebSocket.connection.events.onclose (/data/Workspace/helios/starwards/node_modules/colyseus.js/src/Room.ts:89:30)
          at callListener (/data/Workspace/helios/starwards/node_modules/colyseus.js/node_modules/ws/lib/event-target.js:290:14)
          at WebSocket.onClose (/data/Workspace/helios/starwards/node_modules/colyseus.js/node_modules/ws/lib/event-target.js:220:9)
          at WebSocket.emit (node:events:524:28)
          at WebSocket.emitClose (/data/Workspace/helios/starwards/node_modules/colyseus.js/node_modules/ws/lib/websocket.js:272:10)
          at Socket.socketOnClose (/data/Workspace/helios/starwards/node_modules/colyseus.js/node_modules/ws/lib/websocket.js:1341:15)
          at Socket.emit (node:events:524:28)
          at TCP.<anonymous> (node:net:343:12)

      at ConnectionManager.onConnectionError (modules/core/src/client/connection-manager.ts:144:21)
          at Array.forEach (<anonymous>)

    console.log
      connection error: TypeError: Cannot read properties of undefined (reading 'decoder')
          at wireEvents (/data/Workspace/helios/starwards/node_modules/colyseus-events/src/wire-events.ts:30:40)
          at /data/Workspace/helios/starwards/modules/core/src/client/admin.ts:20:5
          at processTicksAndRejections (node:internal/process/task_queues:95:5)
          at /data/Workspace/helios/starwards/modules/core/src/client/connection-manager.ts:131:21

      at ConnectionManager.onConnectionError (modules/core/src/client/connection-manager.ts:144:21)

    console.log
      connection error: Error: disconnected from server
          at EventEmitter.<anonymous> (/data/Workspace/helios/starwards/modules/core/src/client/driver.ts:53:58)
          at /data/Workspace/helios/starwards/node_modules/colyseus.js/src/core/signal.ts:15:48
          at Array.forEach (<anonymous>)
          at EventEmitter.invoke (/data/Workspace/helios/starwards/node_modules/colyseus.js/src/core/signal.ts:15:19)
          at Function.register.invoke (/data/Workspace/helios/starwards/node_modules/colyseus.js/src/core/signal.ts:57:81)
          at WebSocket.connection.events.onclose (/data/Workspace/helios/starwards/node_modules/colyseus.js/src/Room.ts:89:30)
          at callListener (/data/Workspace/helios/starwards/node_modules/colyseus.js/node_modules/ws/lib/event-target.js:290:14)
          at WebSocket.onClose (/data/Workspace/helios/starwards/node_modules/colyseus.js/node_modules/ws/lib/event-target.js:220:9)
          at WebSocket.emit (node:events:524:28)
          at WebSocket.emitClose (/data/Workspace/helios/starwards/node_modules/colyseus.js/node_modules/ws/lib/websocket.js:272:10)
          at Socket.socketOnClose (/data/Workspace/helios/starwards/node_modules/colyseus.js/node_modules/ws/lib/websocket.js:1341:15)
          at Socket.emit (node:events:524:28)
          at TCP.<anonymous> (node:net:343:12)

      at ConnectionManager.onConnectionError (modules/core/src/client/connection-manager.ts:144:21)
          at Array.forEach (<anonymous>)

    console.log
      connection error: TypeError: Cannot read properties of undefined (reading 'decoder')
          at wireEvents (/data/Workspace/helios/starwards/node_modules/colyseus-events/src/wire-events.ts:30:40)
          at /data/Workspace/helios/starwards/modules/core/src/client/admin.ts:20:5
          at processTicksAndRejections (node:internal/process/task_queues:95:5)
          at /data/Workspace/helios/starwards/modules/core/src/client/connection-manager.ts:131:21

      at ConnectionManager.onConnectionError (modules/core/src/client/connection-manager.ts:144:21)

    console.log
      connection error: Error: disconnected from server
          at EventEmitter.<anonymous> (/data/Workspace/helios/starwards/modules/core/src/client/driver.ts:53:58)
          at /data/Workspace/helios/starwards/node_modules/colyseus.js/src/core/signal.ts:15:48
          at Array.forEach (<anonymous>)
          at EventEmitter.invoke (/data/Workspace/helios/starwards/node_modules/colyseus.js/src/core/signal.ts:15:19)
          at Function.register.invoke (/data/Workspace/helios/starwards/node_modules/colyseus.js/src/core/signal.ts:57:81)
          at WebSocket.connection.events.onclose (/data/Workspace/helios/starwards/node_modules/colyseus.js/src/Room.ts:89:30)
          at callListener (/data/Workspace/helios/starwards/node_modules/colyseus.js/node_modules/ws/lib/event-target.js:290:14)
          at WebSocket.onClose (/data/Workspace/helios/starwards/node_modules/colyseus.js/node_modules/ws/lib/event-target.js:220:9)
          at WebSocket.emit (node:events:524:28)
          at WebSocket.emitClose (/data/Workspace/helios/starwards/node_modules/colyseus.js/node_modules/ws/lib/websocket.js:272:10)
          at Socket.socketOnClose (/data/Workspace/helios/starwards/node_modules/colyseus.js/node_modules/ws/lib/websocket.js:1341:15)
          at Socket.emit (node:events:524:28)
          at TCP.<anonymous> (node:net:343:12)

      at ConnectionManager.onConnectionError (modules/core/src/client/connection-manager.ts:144:21)
          at Array.forEach (<anonymous>)

    console.log
      connection error: TypeError: Cannot read properties of undefined (reading 'decoder')
          at wireEvents (/data/Workspace/helios/starwards/node_modules/colyseus-events/src/wire-events.ts:30:40)
          at /data/Workspace/helios/starwards/modules/core/src/client/admin.ts:20:5
          at processTicksAndRejections (node:internal/process/task_queues:95:5)
          at /data/Workspace/helios/starwards/modules/core/src/client/connection-manager.ts:131:21

      at ConnectionManager.onConnectionError (modules/core/src/client/connection-manager.ts:144:21)

    console.log
      connection error: Error: disconnected from server
          at EventEmitter.<anonymous> (/data/Workspace/helios/starwards/modules/core/src/client/driver.ts:53:58)
          at /data/Workspace/helios/starwards/node_modules/colyseus.js/src/core/signal.ts:15:48
          at Array.forEach (<anonymous>)
          at EventEmitter.invoke (/data/Workspace/helios/starwards/node_modules/colyseus.js/src/core/signal.ts:15:19)
          at Function.register.invoke (/data/Workspace/helios/starwards/node_modules/colyseus.js/src/core/signal.ts:57:81)
          at WebSocket.connection.events.onclose (/data/Workspace/helios/starwards/node_modules/colyseus.js/src/Room.ts:89:30)
          at callListener (/data/Workspace/helios/starwards/node_modules/colyseus.js/node_modules/ws/lib/event-target.js:290:14)
          at WebSocket.onClose (/data/Workspace/helios/starwards/node_modules/colyseus.js/node_modules/ws/lib/event-target.js:220:9)
          at WebSocket.emit (node:events:524:28)
          at WebSocket.emitClose (/data/Workspace/helios/starwards/node_modules/colyseus.js/node_modules/ws/lib/websocket.js:272:10)
          at Socket.socketOnClose (/data/Workspace/helios/starwards/node_modules/colyseus.js/node_modules/ws/lib/websocket.js:1341:15)
          at Socket.emit (node:events:524:28)
          at TCP.<anonymous> (node:net:343:12)

      at ConnectionManager.onConnectionError (modules/core/src/client/connection-manager.ts:144:21)
          at Array.forEach (<anonymous>)

    console.log
      connection error: TypeError: Cannot read properties of undefined (reading 'decoder')
          at wireEvents (/data/Workspace/helios/starwards/node_modules/colyseus-events/src/wire-events.ts:30:40)
          at /data/Workspace/helios/starwards/modules/core/src/client/admin.ts:20:5
          at processTicksAndRejections (node:internal/process/task_queues:95:5)
          at /data/Workspace/helios/starwards/modules/core/src/client/connection-manager.ts:131:21

      at ConnectionManager.onConnectionError (modules/core/src/client/connection-manager.ts:144:21)

    console.log
      connection error: Error: disconnected from server
          at EventEmitter.<anonymous> (/data/Workspace/helios/starwards/modules/core/src/client/driver.ts:53:58)
          at /data/Workspace/helios/starwards/node_modules/colyseus.js/src/core/signal.ts:15:48
          at Array.forEach (<anonymous>)
          at EventEmitter.invoke (/data/Workspace/helios/starwards/node_modules/colyseus.js/src/core/signal.ts:15:19)
          at Function.register.invoke (/data/Workspace/helios/starwards/node_modules/colyseus.js/src/core/signal.ts:57:81)
          at WebSocket.connection.events.onclose (/data/Workspace/helios/starwards/node_modules/colyseus.js/src/Room.ts:89:30)
          at callListener (/data/Workspace/helios/starwards/node_modules/colyseus.js/node_modules/ws/lib/event-target.js:290:14)
          at WebSocket.onClose (/data/Workspace/helios/starwards/node_modules/colyseus.js/node_modules/ws/lib/event-target.js:220:9)
          at WebSocket.emit (node:events:524:28)
          at WebSocket.emitClose (/data/Workspace/helios/starwards/node_modules/colyseus.js/node_modules/ws/lib/websocket.js:272:10)
          at Socket.socketOnClose (/data/Workspace/helios/starwards/node_modules/colyseus.js/node_modules/ws/lib/websocket.js:1341:15)
          at Socket.emit (node:events:524:28)
          at TCP.<anonymous> (node:net:343:12)

      at ConnectionManager.onConnectionError (modules/core/src/client/connection-manager.ts:144:21)
          at Array.forEach (<anonymous>)

    console.log
      connection error: TypeError: Cannot read properties of undefined (reading 'decoder')
          at wireEvents (/data/Workspace/helios/starwards/node_modules/colyseus-events/src/wire-events.ts:30:40)
          at /data/Workspace/helios/starwards/modules/core/src/client/admin.ts:20:5
          at processTicksAndRejections (node:internal/process/task_queues:95:5)
          at /data/Workspace/helios/starwards/modules/core/src/client/connection-manager.ts:131:21

      at ConnectionManager.onConnectionError (modules/core/src/client/connection-manager.ts:144:21)

    console.log
      connection error: Error: disconnected from server
          at EventEmitter.<anonymous> (/data/Workspace/helios/starwards/modules/core/src/client/driver.ts:53:58)
          at /data/Workspace/helios/starwards/node_modules/colyseus.js/src/core/signal.ts:15:48
          at Array.forEach (<anonymous>)
          at EventEmitter.invoke (/data/Workspace/helios/starwards/node_modules/colyseus.js/src/core/signal.ts:15:19)
          at Function.register.invoke (/data/Workspace/helios/starwards/node_modules/colyseus.js/src/core/signal.ts:57:81)
          at WebSocket.connection.events.onclose (/data/Workspace/helios/starwards/node_modules/colyseus.js/src/Room.ts:89:30)
          at callListener (/data/Workspace/helios/starwards/node_modules/colyseus.js/node_modules/ws/lib/event-target.js:290:14)
          at WebSocket.onClose (/data/Workspace/helios/starwards/node_modules/colyseus.js/node_modules/ws/lib/event-target.js:220:9)
          at WebSocket.emit (node:events:524:28)
          at WebSocket.emitClose (/data/Workspace/helios/starwards/node_modules/colyseus.js/node_modules/ws/lib/websocket.js:272:10)
          at Socket.socketOnClose (/data/Workspace/helios/starwards/node_modules/colyseus.js/node_modules/ws/lib/websocket.js:1341:15)
          at Socket.emit (node:events:524:28)
          at TCP.<anonymous> (node:net:343:12)

      at ConnectionManager.onConnectionError (modules/core/src/client/connection-manager.ts:144:21)
          at Array.forEach (<anonymous>)

    console.log
      connection error: TypeError: Cannot read properties of undefined (reading 'decoder')
          at wireEvents (/data/Workspace/helios/starwards/node_modules/colyseus-events/src/wire-events.ts:30:40)
          at /data/Workspace/helios/starwards/modules/core/src/client/admin.ts:20:5
          at processTicksAndRejections (node:internal/process/task_queues:95:5)
          at /data/Workspace/helios/starwards/modules/core/src/client/connection-manager.ts:131:21

      at ConnectionManager.onConnectionError (modules/core/src/client/connection-manager.ts:144:21)

    console.log
      connection error: Error: disconnected from server
          at EventEmitter.<anonymous> (/data/Workspace/helios/starwards/modules/core/src/client/driver.ts:53:58)
          at /data/Workspace/helios/starwards/node_modules/colyseus.js/src/core/signal.ts:15:48
          at Array.forEach (<anonymous>)
          at EventEmitter.invoke (/data/Workspace/helios/starwards/node_modules/colyseus.js/src/core/signal.ts:15:19)
          at Function.register.invoke (/data/Workspace/helios/starwards/node_modules/colyseus.js/src/core/signal.ts:57:81)
          at WebSocket.connection.events.onclose (/data/Workspace/helios/starwards/node_modules/colyseus.js/src/Room.ts:89:30)
          at callListener (/data/Workspace/helios/starwards/node_modules/colyseus.js/node_modules/ws/lib/event-target.js:290:14)
          at WebSocket.onClose (/data/Workspace/helios/starwards/node_modules/colyseus.js/node_modules/ws/lib/event-target.js:220:9)
          at WebSocket.emit (node:events:524:28)
          at WebSocket.emitClose (/data/Workspace/helios/starwards/node_modules/colyseus.js/node_modules/ws/lib/websocket.js:272:10)
          at Socket.socketOnClose (/data/Workspace/helios/starwards/node_modules/colyseus.js/node_modules/ws/lib/websocket.js:1341:15)
          at Socket.emit (node:events:524:28)
          at TCP.<anonymous> (node:net:343:12)

      at ConnectionManager.onConnectionError (modules/core/src/client/connection-manager.ts:144:21)
          at Array.forEach (<anonymous>)

    console.log
      connection error: TypeError: Cannot read properties of undefined (reading 'decoder')
          at wireEvents (/data/Workspace/helios/starwards/node_modules/colyseus-events/src/wire-events.ts:30:40)
          at /data/Workspace/helios/starwards/modules/core/src/client/admin.ts:20:5
          at processTicksAndRejections (node:internal/process/task_queues:95:5)
          at /data/Workspace/helios/starwards/modules/core/src/client/connection-manager.ts:131:21

      at ConnectionManager.onConnectionError (modules/core/src/client/connection-manager.ts:144:21)

    console.log
      connection error: Error: disconnected from server
          at EventEmitter.<anonymous> (/data/Workspace/helios/starwards/modules/core/src/client/driver.ts:53:58)
          at /data/Workspace/helios/starwards/node_modules/colyseus.js/src/core/signal.ts:15:48
          at Array.forEach (<anonymous>)
          at EventEmitter.invoke (/data/Workspace/helios/starwards/node_modules/colyseus.js/src/core/signal.ts:15:19)
          at Function.register.invoke (/data/Workspace/helios/starwards/node_modules/colyseus.js/src/core/signal.ts:57:81)
          at WebSocket.connection.events.onclose (/data/Workspace/helios/starwards/node_modules/colyseus.js/src/Room.ts:89:30)
          at callListener (/data/Workspace/helios/starwards/node_modules/colyseus.js/node_modules/ws/lib/event-target.js:290:14)
          at WebSocket.onClose (/data/Workspace/helios/starwards/node_modules/colyseus.js/node_modules/ws/lib/event-target.js:220:9)
          at WebSocket.emit (node:events:524:28)
          at WebSocket.emitClose (/data/Workspace/helios/starwards/node_modules/colyseus.js/node_modules/ws/lib/websocket.js:272:10)
          at Socket.socketOnClose (/data/Workspace/helios/starwards/node_modules/colyseus.js/node_modules/ws/lib/websocket.js:1341:15)
          at Socket.emit (node:events:524:28)
          at TCP.<anonymous> (node:net:343:12)

      at ConnectionManager.onConnectionError (modules/core/src/client/connection-manager.ts:144:21)
          at Array.forEach (<anonymous>)

    console.log
      connection error: TypeError: Cannot read properties of undefined (reading 'decoder')
          at wireEvents (/data/Workspace/helios/starwards/node_modules/colyseus-events/src/wire-events.ts:30:40)
          at /data/Workspace/helios/starwards/modules/core/src/client/admin.ts:20:5
          at processTicksAndRejections (node:internal/process/task_queues:95:5)
          at /data/Workspace/helios/starwards/modules/core/src/client/connection-manager.ts:131:21

      at ConnectionManager.onConnectionError (modules/core/src/client/connection-manager.ts:144:21)

    console.log
      connection error: Error: disconnected from server
          at EventEmitter.<anonymous> (/data/Workspace/helios/starwards/modules/core/src/client/driver.ts:53:58)
          at /data/Workspace/helios/starwards/node_modules/colyseus.js/src/core/signal.ts:15:48
          at Array.forEach (<anonymous>)
          at EventEmitter.invoke (/data/Workspace/helios/starwards/node_modules/colyseus.js/src/core/signal.ts:15:19)
          at Function.register.invoke (/data/Workspace/helios/starwards/node_modules/colyseus.js/src/core/signal.ts:57:81)
          at WebSocket.connection.events.onclose (/data/Workspace/helios/starwards/node_modules/colyseus.js/src/Room.ts:89:30)
          at callListener (/data/Workspace/helios/starwards/node_modules/colyseus.js/node_modules/ws/lib/event-target.js:290:14)
          at WebSocket.onClose (/data/Workspace/helios/starwards/node_modules/colyseus.js/node_modules/ws/lib/event-target.js:220:9)
          at WebSocket.emit (node:events:524:28)
          at WebSocket.emitClose (/data/Workspace/helios/starwards/node_modules/colyseus.js/node_modules/ws/lib/websocket.js:272:10)
          at Socket.socketOnClose (/data/Workspace/helios/starwards/node_modules/colyseus.js/node_modules/ws/lib/websocket.js:1341:15)
          at Socket.emit (node:events:524:28)
          at TCP.<anonymous> (node:net:343:12)

      at ConnectionManager.onConnectionError (modules/core/src/client/connection-manager.ts:144:21)
          at Array.forEach (<anonymous>)

    console.log
      connection error: TypeError: Cannot read properties of undefined (reading 'decoder')
          at wireEvents (/data/Workspace/helios/starwards/node_modules/colyseus-events/src/wire-events.ts:30:40)
          at /data/Workspace/helios/starwards/modules/core/src/client/admin.ts:20:5
          at processTicksAndRejections (node:internal/process/task_queues:95:5)
          at /data/Workspace/helios/starwards/modules/core/src/client/connection-manager.ts:131:21

      at ConnectionManager.onConnectionError (modules/core/src/client/connection-manager.ts:144:21)

    console.log
      connection error: Error: disconnected from server
          at EventEmitter.<anonymous> (/data/Workspace/helios/starwards/modules/core/src/client/driver.ts:53:58)
          at /data/Workspace/helios/starwards/node_modules/colyseus.js/src/core/signal.ts:15:48
          at Array.forEach (<anonymous>)
          at EventEmitter.invoke (/data/Workspace/helios/starwards/node_modules/colyseus.js/src/core/signal.ts:15:19)
          at Function.register.invoke (/data/Workspace/helios/starwards/node_modules/colyseus.js/src/core/signal.ts:57:81)
          at WebSocket.connection.events.onclose (/data/Workspace/helios/starwards/node_modules/colyseus.js/src/Room.ts:89:30)
          at callListener (/data/Workspace/helios/starwards/node_modules/colyseus.js/node_modules/ws/lib/event-target.js:290:14)
          at WebSocket.onClose (/data/Workspace/helios/starwards/node_modules/colyseus.js/node_modules/ws/lib/event-target.js:220:9)
          at WebSocket.emit (node:events:524:28)
          at WebSocket.emitClose (/data/Workspace/helios/starwards/node_modules/colyseus.js/node_modules/ws/lib/websocket.js:272:10)
          at Socket.socketOnClose (/data/Workspace/helios/starwards/node_modules/colyseus.js/node_modules/ws/lib/websocket.js:1341:15)
          at Socket.emit (node:events:524:28)
          at TCP.<anonymous> (node:net:343:12)

      at ConnectionManager.onConnectionError (modules/core/src/client/connection-manager.ts:144:21)
          at Array.forEach (<anonymous>)

    console.log
      connection error: TypeError: Cannot read properties of undefined (reading 'decoder')
          at wireEvents (/data/Workspace/helios/starwards/node_modules/colyseus-events/src/wire-events.ts:30:40)
          at /data/Workspace/helios/starwards/modules/core/src/client/admin.ts:20:5
          at processTicksAndRejections (node:internal/process/task_queues:95:5)
          at /data/Workspace/helios/starwards/modules/core/src/client/connection-manager.ts:131:21

      at ConnectionManager.onConnectionError (modules/core/src/client/connection-manager.ts:144:21)

    console.log
      connection error: Error: disconnected from server
          at EventEmitter.<anonymous> (/data/Workspace/helios/starwards/modules/core/src/client/driver.ts:53:58)
          at /data/Workspace/helios/starwards/node_modules/colyseus.js/src/core/signal.ts:15:48
          at Array.forEach (<anonymous>)
          at EventEmitter.invoke (/data/Workspace/helios/starwards/node_modules/colyseus.js/src/core/signal.ts:15:19)
          at Function.register.invoke (/data/Workspace/helios/starwards/node_modules/colyseus.js/src/core/signal.ts:57:81)
          at WebSocket.connection.events.onclose (/data/Workspace/helios/starwards/node_modules/colyseus.js/src/Room.ts:89:30)
          at callListener (/data/Workspace/helios/starwards/node_modules/colyseus.js/node_modules/ws/lib/event-target.js:290:14)
          at WebSocket.onClose (/data/Workspace/helios/starwards/node_modules/colyseus.js/node_modules/ws/lib/event-target.js:220:9)
          at WebSocket.emit (node:events:524:28)
          at WebSocket.emitClose (/data/Workspace/helios/starwards/node_modules/colyseus.js/node_modules/ws/lib/websocket.js:272:10)
          at Socket.socketOnClose (/data/Workspace/helios/starwards/node_modules/colyseus.js/node_modules/ws/lib/websocket.js:1341:15)
          at Socket.emit (node:events:524:28)
          at TCP.<anonymous> (node:net:343:12)

      at ConnectionManager.onConnectionError (modules/core/src/client/connection-manager.ts:144:21)
          at Array.forEach (<anonymous>)

    console.log
      connection error: TypeError: Cannot read properties of undefined (reading 'decoder')
          at wireEvents (/data/Workspace/helios/starwards/node_modules/colyseus-events/src/wire-events.ts:30:40)
          at /data/Workspace/helios/starwards/modules/core/src/client/admin.ts:20:5
          at processTicksAndRejections (node:internal/process/task_queues:95:5)
          at /data/Workspace/helios/starwards/modules/core/src/client/connection-manager.ts:131:21

      at ConnectionManager.onConnectionError (modules/core/src/client/connection-manager.ts:144:21)

    console.log
      connection error: Error: disconnected from server
          at EventEmitter.<anonymous> (/data/Workspace/helios/starwards/modules/core/src/client/driver.ts:53:58)
          at /data/Workspace/helios/starwards/node_modules/colyseus.js/src/core/signal.ts:15:48
          at Array.forEach (<anonymous>)
          at EventEmitter.invoke (/data/Workspace/helios/starwards/node_modules/colyseus.js/src/core/signal.ts:15:19)
          at Function.register.invoke (/data/Workspace/helios/starwards/node_modules/colyseus.js/src/core/signal.ts:57:81)
          at WebSocket.connection.events.onclose (/data/Workspace/helios/starwards/node_modules/colyseus.js/src/Room.ts:89:30)
          at callListener (/data/Workspace/helios/starwards/node_modules/colyseus.js/node_modules/ws/lib/event-target.js:290:14)
          at WebSocket.onClose (/data/Workspace/helios/starwards/node_modules/colyseus.js/node_modules/ws/lib/event-target.js:220:9)
          at WebSocket.emit (node:events:524:28)
          at WebSocket.emitClose (/data/Workspace/helios/starwards/node_modules/colyseus.js/node_modules/ws/lib/websocket.js:272:10)
          at Socket.socketOnClose (/data/Workspace/helios/starwards/node_modules/colyseus.js/node_modules/ws/lib/websocket.js:1341:15)
          at Socket.emit (node:events:524:28)
          at TCP.<anonymous> (node:net:343:12)

      at ConnectionManager.onConnectionError (modules/core/src/client/connection-manager.ts:144:21)
          at Array.forEach (<anonymous>)

    console.log
      connection error: TypeError: Cannot read properties of undefined (reading 'decoder')
          at wireEvents (/data/Workspace/helios/starwards/node_modules/colyseus-events/src/wire-events.ts:30:40)
          at /data/Workspace/helios/starwards/modules/core/src/client/admin.ts:20:5
          at processTicksAndRejections (node:internal/process/task_queues:95:5)
          at /data/Workspace/helios/starwards/modules/core/src/client/connection-manager.ts:131:21

      at ConnectionManager.onConnectionError (modules/core/src/client/connection-manager.ts:144:21)

    console.log
      connection error: Error: disconnected from server
          at EventEmitter.<anonymous> (/data/Workspace/helios/starwards/modules/core/src/client/driver.ts:53:58)
          at /data/Workspace/helios/starwards/node_modules/colyseus.js/src/core/signal.ts:15:48
          at Array.forEach (<anonymous>)
          at EventEmitter.invoke (/data/Workspace/helios/starwards/node_modules/colyseus.js/src/core/signal.ts:15:19)
          at Function.register.invoke (/data/Workspace/helios/starwards/node_modules/colyseus.js/src/core/signal.ts:57:81)
          at WebSocket.connection.events.onclose (/data/Workspace/helios/starwards/node_modules/colyseus.js/src/Room.ts:89:30)
          at callListener (/data/Workspace/helios/starwards/node_modules/colyseus.js/node_modules/ws/lib/event-target.js:290:14)
          at WebSocket.onClose (/data/Workspace/helios/starwards/node_modules/colyseus.js/node_modules/ws/lib/event-target.js:220:9)
          at WebSocket.emit (node:events:524:28)
          at WebSocket.emitClose (/data/Workspace/helios/starwards/node_modules/colyseus.js/node_modules/ws/lib/websocket.js:272:10)
          at Socket.socketOnClose (/data/Workspace/helios/starwards/node_modules/colyseus.js/node_modules/ws/lib/websocket.js:1341:15)
          at Socket.emit (node:events:524:28)
          at TCP.<anonymous> (node:net:343:12)

      at ConnectionManager.onConnectionError (modules/core/src/client/connection-manager.ts:144:21)
          at Array.forEach (<anonymous>)

    console.log
      connection error: TypeError: Cannot read properties of undefined (reading 'decoder')
          at wireEvents (/data/Workspace/helios/starwards/node_modules/colyseus-events/src/wire-events.ts:30:40)
          at /data/Workspace/helios/starwards/modules/core/src/client/admin.ts:20:5
          at processTicksAndRejections (node:internal/process/task_queues:95:5)
          at /data/Workspace/helios/starwards/modules/core/src/client/connection-manager.ts:131:21

      at ConnectionManager.onConnectionError (modules/core/src/client/connection-manager.ts:144:21)

    console.log
      connection error: Error: disconnected from server
          at EventEmitter.<anonymous> (/data/Workspace/helios/starwards/modules/core/src/client/driver.ts:53:58)
          at /data/Workspace/helios/starwards/node_modules/colyseus.js/src/core/signal.ts:15:48
          at Array.forEach (<anonymous>)
          at EventEmitter.invoke (/data/Workspace/helios/starwards/node_modules/colyseus.js/src/core/signal.ts:15:19)
          at Function.register.invoke (/data/Workspace/helios/starwards/node_modules/colyseus.js/src/core/signal.ts:57:81)
          at WebSocket.connection.events.onclose (/data/Workspace/helios/starwards/node_modules/colyseus.js/src/Room.ts:89:30)
          at callListener (/data/Workspace/helios/starwards/node_modules/colyseus.js/node_modules/ws/lib/event-target.js:290:14)
          at WebSocket.onClose (/data/Workspace/helios/starwards/node_modules/colyseus.js/node_modules/ws/lib/event-target.js:220:9)
          at WebSocket.emit (node:events:524:28)
          at WebSocket.emitClose (/data/Workspace/helios/starwards/node_modules/colyseus.js/node_modules/ws/lib/websocket.js:272:10)
          at Socket.socketOnClose (/data/Workspace/helios/starwards/node_modules/colyseus.js/node_modules/ws/lib/websocket.js:1341:15)
          at Socket.emit (node:events:524:28)
          at TCP.<anonymous> (node:net:343:12)

      at ConnectionManager.onConnectionError (modules/core/src/client/connection-manager.ts:144:21)
          at Array.forEach (<anonymous>)

    console.log
      connection error: TypeError: Cannot read properties of undefined (reading 'decoder')
          at wireEvents (/data/Workspace/helios/starwards/node_modules/colyseus-events/src/wire-events.ts:30:40)
          at /data/Workspace/helios/starwards/modules/core/src/client/admin.ts:20:5
          at processTicksAndRejections (node:internal/process/task_queues:95:5)
          at /data/Workspace/helios/starwards/modules/core/src/client/connection-manager.ts:131:21

      at ConnectionManager.onConnectionError (modules/core/src/client/connection-manager.ts:144:21)

    console.log
      connection error: Error: disconnected from server
          at EventEmitter.<anonymous> (/data/Workspace/helios/starwards/modules/core/src/client/driver.ts:53:58)
          at /data/Workspace/helios/starwards/node_modules/colyseus.js/src/core/signal.ts:15:48
          at Array.forEach (<anonymous>)
          at EventEmitter.invoke (/data/Workspace/helios/starwards/node_modules/colyseus.js/src/core/signal.ts:15:19)
          at Function.register.invoke (/data/Workspace/helios/starwards/node_modules/colyseus.js/src/core/signal.ts:57:81)
          at WebSocket.connection.events.onclose (/data/Workspace/helios/starwards/node_modules/colyseus.js/src/Room.ts:89:30)
          at callListener (/data/Workspace/helios/starwards/node_modules/colyseus.js/node_modules/ws/lib/event-target.js:290:14)
          at WebSocket.onClose (/data/Workspace/helios/starwards/node_modules/colyseus.js/node_modules/ws/lib/event-target.js:220:9)
          at WebSocket.emit (node:events:524:28)
          at WebSocket.emitClose (/data/Workspace/helios/starwards/node_modules/colyseus.js/node_modules/ws/lib/websocket.js:272:10)
          at Socket.socketOnClose (/data/Workspace/helios/starwards/node_modules/colyseus.js/node_modules/ws/lib/websocket.js:1341:15)
          at Socket.emit (node:events:524:28)
          at TCP.<anonymous> (node:net:343:12)

      at ConnectionManager.onConnectionError (modules/core/src/client/connection-manager.ts:144:21)
          at Array.forEach (<anonymous>)

    console.log
      connection error: TypeError: Cannot read properties of undefined (reading 'decoder')
          at wireEvents (/data/Workspace/helios/starwards/node_modules/colyseus-events/src/wire-events.ts:30:40)
          at /data/Workspace/helios/starwards/modules/core/src/client/admin.ts:20:5
          at processTicksAndRejections (node:internal/process/task_queues:95:5)
          at /data/Workspace/helios/starwards/modules/core/src/client/connection-manager.ts:131:21

      at ConnectionManager.onConnectionError (modules/core/src/client/connection-manager.ts:144:21)

    console.log
      connection error: Error: disconnected from server
          at EventEmitter.<anonymous> (/data/Workspace/helios/starwards/modules/core/src/client/driver.ts:53:58)
          at /data/Workspace/helios/starwards/node_modules/colyseus.js/src/core/signal.ts:15:48
          at Array.forEach (<anonymous>)
          at EventEmitter.invoke (/data/Workspace/helios/starwards/node_modules/colyseus.js/src/core/signal.ts:15:19)
          at Function.register.invoke (/data/Workspace/helios/starwards/node_modules/colyseus.js/src/core/signal.ts:57:81)
          at WebSocket.connection.events.onclose (/data/Workspace/helios/starwards/node_modules/colyseus.js/src/Room.ts:89:30)
          at callListener (/data/Workspace/helios/starwards/node_modules/colyseus.js/node_modules/ws/lib/event-target.js:290:14)
          at WebSocket.onClose (/data/Workspace/helios/starwards/node_modules/colyseus.js/node_modules/ws/lib/event-target.js:220:9)
          at WebSocket.emit (node:events:524:28)
          at WebSocket.emitClose (/data/Workspace/helios/starwards/node_modules/colyseus.js/node_modules/ws/lib/websocket.js:272:10)
          at Socket.socketOnClose (/data/Workspace/helios/starwards/node_modules/colyseus.js/node_modules/ws/lib/websocket.js:1341:15)
          at Socket.emit (node:events:524:28)
          at TCP.<anonymous> (node:net:343:12)

      at ConnectionManager.onConnectionError (modules/core/src/client/connection-manager.ts:144:21)
          at Array.forEach (<anonymous>)

    console.log
      connection error: TypeError: Cannot read properties of undefined (reading 'decoder')
          at wireEvents (/data/Workspace/helios/starwards/node_modules/colyseus-events/src/wire-events.ts:30:40)
          at /data/Workspace/helios/starwards/modules/core/src/client/admin.ts:20:5
          at processTicksAndRejections (node:internal/process/task_queues:95:5)
          at /data/Workspace/helios/starwards/modules/core/src/client/connection-manager.ts:131:21

      at ConnectionManager.onConnectionError (modules/core/src/client/connection-manager.ts:144:21)

    console.log
      connection error: Error: disconnected from server
          at EventEmitter.<anonymous> (/data/Workspace/helios/starwards/modules/core/src/client/driver.ts:53:58)
          at /data/Workspace/helios/starwards/node_modules/colyseus.js/src/core/signal.ts:15:48
          at Array.forEach (<anonymous>)
          at EventEmitter.invoke (/data/Workspace/helios/starwards/node_modules/colyseus.js/src/core/signal.ts:15:19)
          at Function.register.invoke (/data/Workspace/helios/starwards/node_modules/colyseus.js/src/core/signal.ts:57:81)
          at WebSocket.connection.events.onclose (/data/Workspace/helios/starwards/node_modules/colyseus.js/src/Room.ts:89:30)
          at callListener (/data/Workspace/helios/starwards/node_modules/colyseus.js/node_modules/ws/lib/event-target.js:290:14)
          at WebSocket.onClose (/data/Workspace/helios/starwards/node_modules/colyseus.js/node_modules/ws/lib/event-target.js:220:9)
          at WebSocket.emit (node:events:524:28)
          at WebSocket.emitClose (/data/Workspace/helios/starwards/node_modules/colyseus.js/node_modules/ws/lib/websocket.js:272:10)
          at Socket.socketOnClose (/data/Workspace/helios/starwards/node_modules/colyseus.js/node_modules/ws/lib/websocket.js:1341:15)
          at Socket.emit (node:events:524:28)
          at TCP.<anonymous> (node:net:343:12)

      at ConnectionManager.onConnectionError (modules/core/src/client/connection-manager.ts:144:21)
          at Array.forEach (<anonymous>)

    console.log
      connection error: TypeError: Cannot read properties of undefined (reading 'decoder')
          at wireEvents (/data/Workspace/helios/starwards/node_modules/colyseus-events/src/wire-events.ts:30:40)
          at /data/Workspace/helios/starwards/modules/core/src/client/admin.ts:20:5
          at processTicksAndRejections (node:internal/process/task_queues:95:5)
          at /data/Workspace/helios/starwards/modules/core/src/client/connection-manager.ts:131:21

      at ConnectionManager.onConnectionError (modules/core/src/client/connection-manager.ts:144:21)

    console.log
      connection error: Error: disconnected from server
          at EventEmitter.<anonymous> (/data/Workspace/helios/starwards/modules/core/src/client/driver.ts:53:58)
          at /data/Workspace/helios/starwards/node_modules/colyseus.js/src/core/signal.ts:15:48
          at Array.forEach (<anonymous>)
          at EventEmitter.invoke (/data/Workspace/helios/starwards/node_modules/colyseus.js/src/core/signal.ts:15:19)
          at Function.register.invoke (/data/Workspace/helios/starwards/node_modules/colyseus.js/src/core/signal.ts:57:81)
          at WebSocket.connection.events.onclose (/data/Workspace/helios/starwards/node_modules/colyseus.js/src/Room.ts:89:30)
          at callListener (/data/Workspace/helios/starwards/node_modules/colyseus.js/node_modules/ws/lib/event-target.js:290:14)
          at WebSocket.onClose (/data/Workspace/helios/starwards/node_modules/colyseus.js/node_modules/ws/lib/event-target.js:220:9)
          at WebSocket.emit (node:events:524:28)
          at WebSocket.emitClose (/data/Workspace/helios/starwards/node_modules/colyseus.js/node_modules/ws/lib/websocket.js:272:10)
          at Socket.socketOnClose (/data/Workspace/helios/starwards/node_modules/colyseus.js/node_modules/ws/lib/websocket.js:1341:15)
          at Socket.emit (node:events:524:28)
          at TCP.<anonymous> (node:net:343:12)

      at ConnectionManager.onConnectionError (modules/core/src/client/connection-manager.ts:144:21)
          at Array.forEach (<anonymous>)

    console.log
      connection error: TypeError: Cannot read properties of undefined (reading 'decoder')
          at wireEvents (/data/Workspace/helios/starwards/node_modules/colyseus-events/src/wire-events.ts:30:40)
          at /data/Workspace/helios/starwards/modules/core/src/client/admin.ts:20:5
          at processTicksAndRejections (node:internal/process/task_queues:95:5)
          at /data/Workspace/helios/starwards/modules/core/src/client/connection-manager.ts:131:21

      at ConnectionManager.onConnectionError (modules/core/src/client/connection-manager.ts:144:21)

    console.log
      connection error: Error: disconnected from server
          at EventEmitter.<anonymous> (/data/Workspace/helios/starwards/modules/core/src/client/driver.ts:53:58)
          at /data/Workspace/helios/starwards/node_modules/colyseus.js/src/core/signal.ts:15:48
          at Array.forEach (<anonymous>)
          at EventEmitter.invoke (/data/Workspace/helios/starwards/node_modules/colyseus.js/src/core/signal.ts:15:19)
          at Function.register.invoke (/data/Workspace/helios/starwards/node_modules/colyseus.js/src/core/signal.ts:57:81)
          at WebSocket.connection.events.onclose (/data/Workspace/helios/starwards/node_modules/colyseus.js/src/Room.ts:89:30)
          at callListener (/data/Workspace/helios/starwards/node_modules/colyseus.js/node_modules/ws/lib/event-target.js:290:14)
          at WebSocket.onClose (/data/Workspace/helios/starwards/node_modules/colyseus.js/node_modules/ws/lib/event-target.js:220:9)
          at WebSocket.emit (node:events:524:28)
          at WebSocket.emitClose (/data/Workspace/helios/starwards/node_modules/colyseus.js/node_modules/ws/lib/websocket.js:272:10)
          at Socket.socketOnClose (/data/Workspace/helios/starwards/node_modules/colyseus.js/node_modules/ws/lib/websocket.js:1341:15)
          at Socket.emit (node:events:524:28)
          at TCP.<anonymous> (node:net:343:12)

      at ConnectionManager.onConnectionError (modules/core/src/client/connection-manager.ts:144:21)
          at Array.forEach (<anonymous>)

    console.log
      connection error: TypeError: Cannot read properties of undefined (reading 'decoder')
          at wireEvents (/data/Workspace/helios/starwards/node_modules/colyseus-events/src/wire-events.ts:30:40)
          at /data/Workspace/helios/starwards/modules/core/src/client/admin.ts:20:5
          at processTicksAndRejections (node:internal/process/task_queues:95:5)
          at /data/Workspace/helios/starwards/modules/core/src/client/connection-manager.ts:131:21

      at ConnectionManager.onConnectionError (modules/core/src/client/connection-manager.ts:144:21)

    console.log
      connection error: Error: disconnected from server
          at EventEmitter.<anonymous> (/data/Workspace/helios/starwards/modules/core/src/client/driver.ts:53:58)
          at /data/Workspace/helios/starwards/node_modules/colyseus.js/src/core/signal.ts:15:48
          at Array.forEach (<anonymous>)
          at EventEmitter.invoke (/data/Workspace/helios/starwards/node_modules/colyseus.js/src/core/signal.ts:15:19)
          at Function.register.invoke (/data/Workspace/helios/starwards/node_modules/colyseus.js/src/core/signal.ts:57:81)
          at WebSocket.connection.events.onclose (/data/Workspace/helios/starwards/node_modules/colyseus.js/src/Room.ts:89:30)
          at callListener (/data/Workspace/helios/starwards/node_modules/colyseus.js/node_modules/ws/lib/event-target.js:290:14)
          at WebSocket.onClose (/data/Workspace/helios/starwards/node_modules/colyseus.js/node_modules/ws/lib/event-target.js:220:9)
          at WebSocket.emit (node:events:524:28)
          at WebSocket.emitClose (/data/Workspace/helios/starwards/node_modules/colyseus.js/node_modules/ws/lib/websocket.js:272:10)
          at Socket.socketOnClose (/data/Workspace/helios/starwards/node_modules/colyseus.js/node_modules/ws/lib/websocket.js:1341:15)
          at Socket.emit (node:events:524:28)
          at TCP.<anonymous> (node:net:343:12)

      at ConnectionManager.onConnectionError (modules/core/src/client/connection-manager.ts:144:21)
          at Array.forEach (<anonymous>)

    console.log
      connection error: TypeError: Cannot read properties of undefined (reading 'decoder')
          at wireEvents (/data/Workspace/helios/starwards/node_modules/colyseus-events/src/wire-events.ts:30:40)
          at /data/Workspace/helios/starwards/modules/core/src/client/admin.ts:20:5
          at processTicksAndRejections (node:internal/process/task_queues:95:5)
          at /data/Workspace/helios/starwards/modules/core/src/client/connection-manager.ts:131:21

      at ConnectionManager.onConnectionError (modules/core/src/client/connection-manager.ts:144:21)

    console.log
      connection error: Error: disconnected from server
          at EventEmitter.<anonymous> (/data/Workspace/helios/starwards/modules/core/src/client/driver.ts:53:58)
          at /data/Workspace/helios/starwards/node_modules/colyseus.js/src/core/signal.ts:15:48
          at Array.forEach (<anonymous>)
          at EventEmitter.invoke (/data/Workspace/helios/starwards/node_modules/colyseus.js/src/core/signal.ts:15:19)
          at Function.register.invoke (/data/Workspace/helios/starwards/node_modules/colyseus.js/src/core/signal.ts:57:81)
          at WebSocket.connection.events.onclose (/data/Workspace/helios/starwards/node_modules/colyseus.js/src/Room.ts:89:30)
          at callListener (/data/Workspace/helios/starwards/node_modules/colyseus.js/node_modules/ws/lib/event-target.js:290:14)
          at WebSocket.onClose (/data/Workspace/helios/starwards/node_modules/colyseus.js/node_modules/ws/lib/event-target.js:220:9)
          at WebSocket.emit (node:events:524:28)
          at WebSocket.emitClose (/data/Workspace/helios/starwards/node_modules/colyseus.js/node_modules/ws/lib/websocket.js:272:10)
          at Socket.socketOnClose (/data/Workspace/helios/starwards/node_modules/colyseus.js/node_modules/ws/lib/websocket.js:1341:15)
          at Socket.emit (node:events:524:28)
          at TCP.<anonymous> (node:net:343:12)

      at ConnectionManager.onConnectionError (modules/core/src/client/connection-manager.ts:144:21)
          at Array.forEach (<anonymous>)

    console.log
      connection error: TypeError: Cannot read properties of undefined (reading 'decoder')
          at wireEvents (/data/Workspace/helios/starwards/node_modules/colyseus-events/src/wire-events.ts:30:40)
          at /data/Workspace/helios/starwards/modules/core/src/client/admin.ts:20:5
          at processTicksAndRejections (node:internal/process/task_queues:95:5)
          at /data/Workspace/helios/starwards/modules/core/src/client/connection-manager.ts:131:21

      at ConnectionManager.onConnectionError (modules/core/src/client/connection-manager.ts:144:21)

    console.log
      connection error: Error: disconnected from server
          at EventEmitter.<anonymous> (/data/Workspace/helios/starwards/modules/core/src/client/driver.ts:53:58)
          at /data/Workspace/helios/starwards/node_modules/colyseus.js/src/core/signal.ts:15:48
          at Array.forEach (<anonymous>)
          at EventEmitter.invoke (/data/Workspace/helios/starwards/node_modules/colyseus.js/src/core/signal.ts:15:19)
          at Function.register.invoke (/data/Workspace/helios/starwards/node_modules/colyseus.js/src/core/signal.ts:57:81)
          at WebSocket.connection.events.onclose (/data/Workspace/helios/starwards/node_modules/colyseus.js/src/Room.ts:89:30)
          at callListener (/data/Workspace/helios/starwards/node_modules/colyseus.js/node_modules/ws/lib/event-target.js:290:14)
          at WebSocket.onClose (/data/Workspace/helios/starwards/node_modules/colyseus.js/node_modules/ws/lib/event-target.js:220:9)
          at WebSocket.emit (node:events:524:28)
          at WebSocket.emitClose (/data/Workspace/helios/starwards/node_modules/colyseus.js/node_modules/ws/lib/websocket.js:272:10)
          at Socket.socketOnClose (/data/Workspace/helios/starwards/node_modules/colyseus.js/node_modules/ws/lib/websocket.js:1341:15)
          at Socket.emit (node:events:524:28)
          at TCP.<anonymous> (node:net:343:12)

      at ConnectionManager.onConnectionError (modules/core/src/client/connection-manager.ts:144:21)
          at Array.forEach (<anonymous>)

    console.log
      connection error: TypeError: Cannot read properties of undefined (reading 'decoder')
          at wireEvents (/data/Workspace/helios/starwards/node_modules/colyseus-events/src/wire-events.ts:30:40)
          at /data/Workspace/helios/starwards/modules/core/src/client/admin.ts:20:5
          at processTicksAndRejections (node:internal/process/task_queues:95:5)
          at /data/Workspace/helios/starwards/modules/core/src/client/connection-manager.ts:131:21

      at ConnectionManager.onConnectionError (modules/core/src/client/connection-manager.ts:144:21)

    console.log
      connection error: Error: disconnected from server
          at EventEmitter.<anonymous> (/data/Workspace/helios/starwards/modules/core/src/client/driver.ts:53:58)
          at /data/Workspace/helios/starwards/node_modules/colyseus.js/src/core/signal.ts:15:48
          at Array.forEach (<anonymous>)
          at EventEmitter.invoke (/data/Workspace/helios/starwards/node_modules/colyseus.js/src/core/signal.ts:15:19)
          at Function.register.invoke (/data/Workspace/helios/starwards/node_modules/colyseus.js/src/core/signal.ts:57:81)
          at WebSocket.connection.events.onclose (/data/Workspace/helios/starwards/node_modules/colyseus.js/src/Room.ts:89:30)
          at callListener (/data/Workspace/helios/starwards/node_modules/colyseus.js/node_modules/ws/lib/event-target.js:290:14)
          at WebSocket.onClose (/data/Workspace/helios/starwards/node_modules/colyseus.js/node_modules/ws/lib/event-target.js:220:9)
          at WebSocket.emit (node:events:524:28)
          at WebSocket.emitClose (/data/Workspace/helios/starwards/node_modules/colyseus.js/node_modules/ws/lib/websocket.js:272:10)
          at Socket.socketOnClose (/data/Workspace/helios/starwards/node_modules/colyseus.js/node_modules/ws/lib/websocket.js:1341:15)
          at Socket.emit (node:events:524:28)
          at TCP.<anonymous> (node:net:343:12)

      at ConnectionManager.onConnectionError (modules/core/src/client/connection-manager.ts:144:21)
          at Array.forEach (<anonymous>)

    console.log
      connection error: TypeError: Cannot read properties of undefined (reading 'decoder')
          at wireEvents (/data/Workspace/helios/starwards/node_modules/colyseus-events/src/wire-events.ts:30:40)
          at /data/Workspace/helios/starwards/modules/core/src/client/admin.ts:20:5
          at processTicksAndRejections (node:internal/process/task_queues:95:5)
          at /data/Workspace/helios/starwards/modules/core/src/client/connection-manager.ts:131:21

      at ConnectionManager.onConnectionError (modules/core/src/client/connection-manager.ts:144:21)

    console.log
      connection error: Error: disconnected from server
          at EventEmitter.<anonymous> (/data/Workspace/helios/starwards/modules/core/src/client/driver.ts:53:58)
          at /data/Workspace/helios/starwards/node_modules/colyseus.js/src/core/signal.ts:15:48
          at Array.forEach (<anonymous>)
          at EventEmitter.invoke (/data/Workspace/helios/starwards/node_modules/colyseus.js/src/core/signal.ts:15:19)
          at Function.register.invoke (/data/Workspace/helios/starwards/node_modules/colyseus.js/src/core/signal.ts:57:81)
          at WebSocket.connection.events.onclose (/data/Workspace/helios/starwards/node_modules/colyseus.js/src/Room.ts:89:30)
          at callListener (/data/Workspace/helios/starwards/node_modules/colyseus.js/node_modules/ws/lib/event-target.js:290:14)
          at WebSocket.onClose (/data/Workspace/helios/starwards/node_modules/colyseus.js/node_modules/ws/lib/event-target.js:220:9)
          at WebSocket.emit (node:events:524:28)
          at WebSocket.emitClose (/data/Workspace/helios/starwards/node_modules/colyseus.js/node_modules/ws/lib/websocket.js:272:10)
          at Socket.socketOnClose (/data/Workspace/helios/starwards/node_modules/colyseus.js/node_modules/ws/lib/websocket.js:1341:15)
          at Socket.emit (node:events:524:28)
          at TCP.<anonymous> (node:net:343:12)

      at ConnectionManager.onConnectionError (modules/core/src/client/connection-manager.ts:144:21)
          at Array.forEach (<anonymous>)

    console.log
      connection error: TypeError: Cannot read properties of undefined (reading 'decoder')
          at wireEvents (/data/Workspace/helios/starwards/node_modules/colyseus-events/src/wire-events.ts:30:40)
          at /data/Workspace/helios/starwards/modules/core/src/client/admin.ts:20:5
          at processTicksAndRejections (node:internal/process/task_queues:95:5)
          at /data/Workspace/helios/starwards/modules/core/src/client/connection-manager.ts:131:21

      at ConnectionManager.onConnectionError (modules/core/src/client/connection-manager.ts:144:21)

    console.log
      connection error: Error: disconnected from server
          at EventEmitter.<anonymous> (/data/Workspace/helios/starwards/modules/core/src/client/driver.ts:53:58)
          at /data/Workspace/helios/starwards/node_modules/colyseus.js/src/core/signal.ts:15:48
          at Array.forEach (<anonymous>)
          at EventEmitter.invoke (/data/Workspace/helios/starwards/node_modules/colyseus.js/src/core/signal.ts:15:19)
          at Function.register.invoke (/data/Workspace/helios/starwards/node_modules/colyseus.js/src/core/signal.ts:57:81)
          at WebSocket.connection.events.onclose (/data/Workspace/helios/starwards/node_modules/colyseus.js/src/Room.ts:89:30)
          at callListener (/data/Workspace/helios/starwards/node_modules/colyseus.js/node_modules/ws/lib/event-target.js:290:14)
          at WebSocket.onClose (/data/Workspace/helios/starwards/node_modules/colyseus.js/node_modules/ws/lib/event-target.js:220:9)
          at WebSocket.emit (node:events:524:28)
          at WebSocket.emitClose (/data/Workspace/helios/starwards/node_modules/colyseus.js/node_modules/ws/lib/websocket.js:272:10)
          at Socket.socketOnClose (/data/Workspace/helios/starwards/node_modules/colyseus.js/node_modules/ws/lib/websocket.js:1341:15)
          at Socket.emit (node:events:524:28)
          at TCP.<anonymous> (node:net:343:12)

      at ConnectionManager.onConnectionError (modules/core/src/client/connection-manager.ts:144:21)
          at Array.forEach (<anonymous>)

    console.log
      connection error: TypeError: Cannot read properties of undefined (reading 'decoder')
          at wireEvents (/data/Workspace/helios/starwards/node_modules/colyseus-events/src/wire-events.ts:30:40)
          at /data/Workspace/helios/starwards/modules/core/src/client/admin.ts:20:5
          at processTicksAndRejections (node:internal/process/task_queues:95:5)
          at /data/Workspace/helios/starwards/modules/core/src/client/connection-manager.ts:131:21

      at ConnectionManager.onConnectionError (modules/core/src/client/connection-manager.ts:144:21)

    console.log
      connection error: Error: disconnected from server
          at EventEmitter.<anonymous> (/data/Workspace/helios/starwards/modules/core/src/client/driver.ts:53:58)
          at /data/Workspace/helios/starwards/node_modules/colyseus.js/src/core/signal.ts:15:48
          at Array.forEach (<anonymous>)
          at EventEmitter.invoke (/data/Workspace/helios/starwards/node_modules/colyseus.js/src/core/signal.ts:15:19)
          at Function.register.invoke (/data/Workspace/helios/starwards/node_modules/colyseus.js/src/core/signal.ts:57:81)
          at WebSocket.connection.events.onclose (/data/Workspace/helios/starwards/node_modules/colyseus.js/src/Room.ts:89:30)
          at callListener (/data/Workspace/helios/starwards/node_modules/colyseus.js/node_modules/ws/lib/event-target.js:290:14)
          at WebSocket.onClose (/data/Workspace/helios/starwards/node_modules/colyseus.js/node_modules/ws/lib/event-target.js:220:9)
          at WebSocket.emit (node:events:524:28)
          at WebSocket.emitClose (/data/Workspace/helios/starwards/node_modules/colyseus.js/node_modules/ws/lib/websocket.js:272:10)
          at Socket.socketOnClose (/data/Workspace/helios/starwards/node_modules/colyseus.js/node_modules/ws/lib/websocket.js:1341:15)
          at Socket.emit (node:events:524:28)
          at TCP.<anonymous> (node:net:343:12)

      at ConnectionManager.onConnectionError (modules/core/src/client/connection-manager.ts:144:21)
          at Array.forEach (<anonymous>)

    console.log
      connection error: TypeError: Cannot read properties of undefined (reading 'decoder')
          at wireEvents (/data/Workspace/helios/starwards/node_modules/colyseus-events/src/wire-events.ts:30:40)
          at /data/Workspace/helios/starwards/modules/core/src/client/admin.ts:20:5
          at processTicksAndRejections (node:internal/process/task_queues:95:5)
          at /data/Workspace/helios/starwards/modules/core/src/client/connection-manager.ts:131:21

      at ConnectionManager.onConnectionError (modules/core/src/client/connection-manager.ts:144:21)

    console.log
      connection error: Error: disconnected from server
          at EventEmitter.<anonymous> (/data/Workspace/helios/starwards/modules/core/src/client/driver.ts:53:58)
          at /data/Workspace/helios/starwards/node_modules/colyseus.js/src/core/signal.ts:15:48
          at Array.forEach (<anonymous>)
          at EventEmitter.invoke (/data/Workspace/helios/starwards/node_modules/colyseus.js/src/core/signal.ts:15:19)
          at Function.register.invoke (/data/Workspace/helios/starwards/node_modules/colyseus.js/src/core/signal.ts:57:81)
          at WebSocket.connection.events.onclose (/data/Workspace/helios/starwards/node_modules/colyseus.js/src/Room.ts:89:30)
          at callListener (/data/Workspace/helios/starwards/node_modules/colyseus.js/node_modules/ws/lib/event-target.js:290:14)
          at WebSocket.onClose (/data/Workspace/helios/starwards/node_modules/colyseus.js/node_modules/ws/lib/event-target.js:220:9)
          at WebSocket.emit (node:events:524:28)
          at WebSocket.emitClose (/data/Workspace/helios/starwards/node_modules/colyseus.js/node_modules/ws/lib/websocket.js:272:10)
          at Socket.socketOnClose (/data/Workspace/helios/starwards/node_modules/colyseus.js/node_modules/ws/lib/websocket.js:1341:15)
          at Socket.emit (node:events:524:28)
          at TCP.<anonymous> (node:net:343:12)

      at ConnectionManager.onConnectionError (modules/core/src/client/connection-manager.ts:144:21)
          at Array.forEach (<anonymous>)

    console.log
      connection error: TypeError: Cannot read properties of undefined (reading 'decoder')
          at wireEvents (/data/Workspace/helios/starwards/node_modules/colyseus-events/src/wire-events.ts:30:40)
          at /data/Workspace/helios/starwards/modules/core/src/client/admin.ts:20:5
          at processTicksAndRejections (node:internal/process/task_queues:95:5)
          at /data/Workspace/helios/starwards/modules/core/src/client/connection-manager.ts:131:21

      at ConnectionManager.onConnectionError (modules/core/src/client/connection-manager.ts:144:21)

    console.log
      connection error: Error: disconnected from server
          at EventEmitter.<anonymous> (/data/Workspace/helios/starwards/modules/core/src/client/driver.ts:53:58)
          at /data/Workspace/helios/starwards/node_modules/colyseus.js/src/core/signal.ts:15:48
          at Array.forEach (<anonymous>)
          at EventEmitter.invoke (/data/Workspace/helios/starwards/node_modules/colyseus.js/src/core/signal.ts:15:19)
          at Function.register.invoke (/data/Workspace/helios/starwards/node_modules/colyseus.js/src/core/signal.ts:57:81)
          at WebSocket.connection.events.onclose (/data/Workspace/helios/starwards/node_modules/colyseus.js/src/Room.ts:89:30)
          at callListener (/data/Workspace/helios/starwards/node_modules/colyseus.js/node_modules/ws/lib/event-target.js:290:14)
          at WebSocket.onClose (/data/Workspace/helios/starwards/node_modules/colyseus.js/node_modules/ws/lib/event-target.js:220:9)
          at WebSocket.emit (node:events:524:28)
          at WebSocket.emitClose (/data/Workspace/helios/starwards/node_modules/colyseus.js/node_modules/ws/lib/websocket.js:272:10)
          at Socket.socketOnClose (/data/Workspace/helios/starwards/node_modules/colyseus.js/node_modules/ws/lib/websocket.js:1341:15)
          at Socket.emit (node:events:524:28)
          at TCP.<anonymous> (node:net:343:12)

      at ConnectionManager.onConnectionError (modules/core/src/client/connection-manager.ts:144:21)
          at Array.forEach (<anonymous>)

    console.log
      connection error: TypeError: Cannot read properties of undefined (reading 'decoder')
          at wireEvents (/data/Workspace/helios/starwards/node_modules/colyseus-events/src/wire-events.ts:30:40)
          at /data/Workspace/helios/starwards/modules/core/src/client/admin.ts:20:5
          at processTicksAndRejections (node:internal/process/task_queues:95:5)
          at /data/Workspace/helios/starwards/modules/core/src/client/connection-manager.ts:131:21

      at ConnectionManager.onConnectionError (modules/core/src/client/connection-manager.ts:144:21)

    console.log
      connection error: Error: disconnected from server
          at EventEmitter.<anonymous> (/data/Workspace/helios/starwards/modules/core/src/client/driver.ts:53:58)
          at /data/Workspace/helios/starwards/node_modules/colyseus.js/src/core/signal.ts:15:48
          at Array.forEach (<anonymous>)
          at EventEmitter.invoke (/data/Workspace/helios/starwards/node_modules/colyseus.js/src/core/signal.ts:15:19)
          at Function.register.invoke (/data/Workspace/helios/starwards/node_modules/colyseus.js/src/core/signal.ts:57:81)
          at WebSocket.connection.events.onclose (/data/Workspace/helios/starwards/node_modules/colyseus.js/src/Room.ts:89:30)
          at callListener (/data/Workspace/helios/starwards/node_modules/colyseus.js/node_modules/ws/lib/event-target.js:290:14)
          at WebSocket.onClose (/data/Workspace/helios/starwards/node_modules/colyseus.js/node_modules/ws/lib/event-target.js:220:9)
          at WebSocket.emit (node:events:524:28)
          at WebSocket.emitClose (/data/Workspace/helios/starwards/node_modules/colyseus.js/node_modules/ws/lib/websocket.js:272:10)
          at Socket.socketOnClose (/data/Workspace/helios/starwards/node_modules/colyseus.js/node_modules/ws/lib/websocket.js:1341:15)
          at Socket.emit (node:events:524:28)
          at TCP.<anonymous> (node:net:343:12)

      at ConnectionManager.onConnectionError (modules/core/src/client/connection-manager.ts:144:21)
          at Array.forEach (<anonymous>)

    console.log
      connection error: TypeError: Cannot read properties of undefined (reading 'decoder')
          at wireEvents (/data/Workspace/helios/starwards/node_modules/colyseus-events/src/wire-events.ts:30:40)
          at /data/Workspace/helios/starwards/modules/core/src/client/admin.ts:20:5
          at processTicksAndRejections (node:internal/process/task_queues:95:5)
          at /data/Workspace/helios/starwards/modules/core/src/client/connection-manager.ts:131:21

      at ConnectionManager.onConnectionError (modules/core/src/client/connection-manager.ts:144:21)

    console.log
      connection error: Error: disconnected from server
          at EventEmitter.<anonymous> (/data/Workspace/helios/starwards/modules/core/src/client/driver.ts:53:58)
          at /data/Workspace/helios/starwards/node_modules/colyseus.js/src/core/signal.ts:15:48
          at Array.forEach (<anonymous>)
          at EventEmitter.invoke (/data/Workspace/helios/starwards/node_modules/colyseus.js/src/core/signal.ts:15:19)
          at Function.register.invoke (/data/Workspace/helios/starwards/node_modules/colyseus.js/src/core/signal.ts:57:81)
          at WebSocket.connection.events.onclose (/data/Workspace/helios/starwards/node_modules/colyseus.js/src/Room.ts:89:30)
          at callListener (/data/Workspace/helios/starwards/node_modules/colyseus.js/node_modules/ws/lib/event-target.js:290:14)
          at WebSocket.onClose (/data/Workspace/helios/starwards/node_modules/colyseus.js/node_modules/ws/lib/event-target.js:220:9)
          at WebSocket.emit (node:events:524:28)
          at WebSocket.emitClose (/data/Workspace/helios/starwards/node_modules/colyseus.js/node_modules/ws/lib/websocket.js:272:10)
          at Socket.socketOnClose (/data/Workspace/helios/starwards/node_modules/colyseus.js/node_modules/ws/lib/websocket.js:1341:15)
          at Socket.emit (node:events:524:28)
          at TCP.<anonymous> (node:net:343:12)

      at ConnectionManager.onConnectionError (modules/core/src/client/connection-manager.ts:144:21)
          at Array.forEach (<anonymous>)

    console.log
      connection error: TypeError: Cannot read properties of undefined (reading 'decoder')
          at wireEvents (/data/Workspace/helios/starwards/node_modules/colyseus-events/src/wire-events.ts:30:40)
          at /data/Workspace/helios/starwards/modules/core/src/client/admin.ts:20:5
          at processTicksAndRejections (node:internal/process/task_queues:95:5)
          at /data/Workspace/helios/starwards/modules/core/src/client/connection-manager.ts:131:21

      at ConnectionManager.onConnectionError (modules/core/src/client/connection-manager.ts:144:21)

    console.log
      connection error: Error: disconnected from server
          at EventEmitter.<anonymous> (/data/Workspace/helios/starwards/modules/core/src/client/driver.ts:53:58)
          at /data/Workspace/helios/starwards/node_modules/colyseus.js/src/core/signal.ts:15:48
          at Array.forEach (<anonymous>)
          at EventEmitter.invoke (/data/Workspace/helios/starwards/node_modules/colyseus.js/src/core/signal.ts:15:19)
          at Function.register.invoke (/data/Workspace/helios/starwards/node_modules/colyseus.js/src/core/signal.ts:57:81)
          at WebSocket.connection.events.onclose (/data/Workspace/helios/starwards/node_modules/colyseus.js/src/Room.ts:89:30)
          at callListener (/data/Workspace/helios/starwards/node_modules/colyseus.js/node_modules/ws/lib/event-target.js:290:14)
          at WebSocket.onClose (/data/Workspace/helios/starwards/node_modules/colyseus.js/node_modules/ws/lib/event-target.js:220:9)
          at WebSocket.emit (node:events:524:28)
          at WebSocket.emitClose (/data/Workspace/helios/starwards/node_modules/colyseus.js/node_modules/ws/lib/websocket.js:272:10)
          at Socket.socketOnClose (/data/Workspace/helios/starwards/node_modules/colyseus.js/node_modules/ws/lib/websocket.js:1341:15)
          at Socket.emit (node:events:524:28)
          at TCP.<anonymous> (node:net:343:12)

      at ConnectionManager.onConnectionError (modules/core/src/client/connection-manager.ts:144:21)
          at Array.forEach (<anonymous>)

    console.log
      connection error: TypeError: Cannot read properties of undefined (reading 'decoder')
          at wireEvents (/data/Workspace/helios/starwards/node_modules/colyseus-events/src/wire-events.ts:30:40)
          at /data/Workspace/helios/starwards/modules/core/src/client/admin.ts:20:5
          at processTicksAndRejections (node:internal/process/task_queues:95:5)
          at /data/Workspace/helios/starwards/modules/core/src/client/connection-manager.ts:131:21

      at ConnectionManager.onConnectionError (modules/core/src/client/connection-manager.ts:144:21)

    console.log
      connection error: Error: disconnected from server
          at EventEmitter.<anonymous> (/data/Workspace/helios/starwards/modules/core/src/client/driver.ts:53:58)
          at /data/Workspace/helios/starwards/node_modules/colyseus.js/src/core/signal.ts:15:48
          at Array.forEach (<anonymous>)
          at EventEmitter.invoke (/data/Workspace/helios/starwards/node_modules/colyseus.js/src/core/signal.ts:15:19)
          at Function.register.invoke (/data/Workspace/helios/starwards/node_modules/colyseus.js/src/core/signal.ts:57:81)
          at WebSocket.connection.events.onclose (/data/Workspace/helios/starwards/node_modules/colyseus.js/src/Room.ts:89:30)
          at callListener (/data/Workspace/helios/starwards/node_modules/colyseus.js/node_modules/ws/lib/event-target.js:290:14)
          at WebSocket.onClose (/data/Workspace/helios/starwards/node_modules/colyseus.js/node_modules/ws/lib/event-target.js:220:9)
          at WebSocket.emit (node:events:524:28)
          at WebSocket.emitClose (/data/Workspace/helios/starwards/node_modules/colyseus.js/node_modules/ws/lib/websocket.js:272:10)
          at Socket.socketOnClose (/data/Workspace/helios/starwards/node_modules/colyseus.js/node_modules/ws/lib/websocket.js:1341:15)
          at Socket.emit (node:events:524:28)
          at TCP.<anonymous> (node:net:343:12)

      at ConnectionManager.onConnectionError (modules/core/src/client/connection-manager.ts:144:21)
          at Array.forEach (<anonymous>)

    console.log
      connection error: TypeError: Cannot read properties of undefined (reading 'decoder')
          at wireEvents (/data/Workspace/helios/starwards/node_modules/colyseus-events/src/wire-events.ts:30:40)
          at /data/Workspace/helios/starwards/modules/core/src/client/admin.ts:20:5
          at processTicksAndRejections (node:internal/process/task_queues:95:5)
          at /data/Workspace/helios/starwards/modules/core/src/client/connection-manager.ts:131:21

      at ConnectionManager.onConnectionError (modules/core/src/client/connection-manager.ts:144:21)

    console.log
      connection error: Error: disconnected from server
          at EventEmitter.<anonymous> (/data/Workspace/helios/starwards/modules/core/src/client/driver.ts:53:58)
          at /data/Workspace/helios/starwards/node_modules/colyseus.js/src/core/signal.ts:15:48
          at Array.forEach (<anonymous>)
          at EventEmitter.invoke (/data/Workspace/helios/starwards/node_modules/colyseus.js/src/core/signal.ts:15:19)
          at Function.register.invoke (/data/Workspace/helios/starwards/node_modules/colyseus.js/src/core/signal.ts:57:81)
          at WebSocket.connection.events.onclose (/data/Workspace/helios/starwards/node_modules/colyseus.js/src/Room.ts:89:30)
          at callListener (/data/Workspace/helios/starwards/node_modules/colyseus.js/node_modules/ws/lib/event-target.js:290:14)
          at WebSocket.onClose (/data/Workspace/helios/starwards/node_modules/colyseus.js/node_modules/ws/lib/event-target.js:220:9)
          at WebSocket.emit (node:events:524:28)
          at WebSocket.emitClose (/data/Workspace/helios/starwards/node_modules/colyseus.js/node_modules/ws/lib/websocket.js:272:10)
          at Socket.socketOnClose (/data/Workspace/helios/starwards/node_modules/colyseus.js/node_modules/ws/lib/websocket.js:1341:15)
          at Socket.emit (node:events:524:28)
          at TCP.<anonymous> (node:net:343:12)

      at ConnectionManager.onConnectionError (modules/core/src/client/connection-manager.ts:144:21)
          at Array.forEach (<anonymous>)

    console.log
      connection error: TypeError: Cannot read properties of undefined (reading 'decoder')
          at wireEvents (/data/Workspace/helios/starwards/node_modules/colyseus-events/src/wire-events.ts:30:40)
          at /data/Workspace/helios/starwards/modules/core/src/client/admin.ts:20:5
          at processTicksAndRejections (node:internal/process/task_queues:95:5)
          at /data/Workspace/helios/starwards/modules/core/src/client/connection-manager.ts:131:21

      at ConnectionManager.onConnectionError (modules/core/src/client/connection-manager.ts:144:21)

    console.log
      connection error: Error: disconnected from server
          at EventEmitter.<anonymous> (/data/Workspace/helios/starwards/modules/core/src/client/driver.ts:53:58)
          at /data/Workspace/helios/starwards/node_modules/colyseus.js/src/core/signal.ts:15:48
          at Array.forEach (<anonymous>)
          at EventEmitter.invoke (/data/Workspace/helios/starwards/node_modules/colyseus.js/src/core/signal.ts:15:19)
          at Function.register.invoke (/data/Workspace/helios/starwards/node_modules/colyseus.js/src/core/signal.ts:57:81)
          at WebSocket.connection.events.onclose (/data/Workspace/helios/starwards/node_modules/colyseus.js/src/Room.ts:89:30)
          at callListener (/data/Workspace/helios/starwards/node_modules/colyseus.js/node_modules/ws/lib/event-target.js:290:14)
          at WebSocket.onClose (/data/Workspace/helios/starwards/node_modules/colyseus.js/node_modules/ws/lib/event-target.js:220:9)
          at WebSocket.emit (node:events:524:28)
          at WebSocket.emitClose (/data/Workspace/helios/starwards/node_modules/colyseus.js/node_modules/ws/lib/websocket.js:272:10)
          at Socket.socketOnClose (/data/Workspace/helios/starwards/node_modules/colyseus.js/node_modules/ws/lib/websocket.js:1341:15)
          at Socket.emit (node:events:524:28)
          at TCP.<anonymous> (node:net:343:12)

      at ConnectionManager.onConnectionError (modules/core/src/client/connection-manager.ts:144:21)
          at Array.forEach (<anonymous>)

    console.log
      connection error: TypeError: Cannot read properties of undefined (reading 'decoder')
          at wireEvents (/data/Workspace/helios/starwards/node_modules/colyseus-events/src/wire-events.ts:30:40)
          at /data/Workspace/helios/starwards/modules/core/src/client/admin.ts:20:5
          at processTicksAndRejections (node:internal/process/task_queues:95:5)
          at /data/Workspace/helios/starwards/modules/core/src/client/connection-manager.ts:131:21

      at ConnectionManager.onConnectionError (modules/core/src/client/connection-manager.ts:144:21)

    console.log
      connection error: Error: disconnected from server
          at EventEmitter.<anonymous> (/data/Workspace/helios/starwards/modules/core/src/client/driver.ts:53:58)
          at /data/Workspace/helios/starwards/node_modules/colyseus.js/src/core/signal.ts:15:48
          at Array.forEach (<anonymous>)
          at EventEmitter.invoke (/data/Workspace/helios/starwards/node_modules/colyseus.js/src/core/signal.ts:15:19)
          at Function.register.invoke (/data/Workspace/helios/starwards/node_modules/colyseus.js/src/core/signal.ts:57:81)
          at WebSocket.connection.events.onclose (/data/Workspace/helios/starwards/node_modules/colyseus.js/src/Room.ts:89:30)
          at callListener (/data/Workspace/helios/starwards/node_modules/colyseus.js/node_modules/ws/lib/event-target.js:290:14)
          at WebSocket.onClose (/data/Workspace/helios/starwards/node_modules/colyseus.js/node_modules/ws/lib/event-target.js:220:9)
          at WebSocket.emit (node:events:524:28)
          at WebSocket.emitClose (/data/Workspace/helios/starwards/node_modules/colyseus.js/node_modules/ws/lib/websocket.js:272:10)
          at Socket.socketOnClose (/data/Workspace/helios/starwards/node_modules/colyseus.js/node_modules/ws/lib/websocket.js:1341:15)
          at Socket.emit (node:events:524:28)
          at TCP.<anonymous> (node:net:343:12)

      at ConnectionManager.onConnectionError (modules/core/src/client/connection-manager.ts:144:21)
          at Array.forEach (<anonymous>)

    console.log
      connection error: TypeError: Cannot read properties of undefined (reading 'decoder')
          at wireEvents (/data/Workspace/helios/starwards/node_modules/colyseus-events/src/wire-events.ts:30:40)
          at /data/Workspace/helios/starwards/modules/core/src/client/admin.ts:20:5
          at processTicksAndRejections (node:internal/process/task_queues:95:5)
          at /data/Workspace/helios/starwards/modules/core/src/client/connection-manager.ts:131:21

      at ConnectionManager.onConnectionError (modules/core/src/client/connection-manager.ts:144:21)

    console.log
      connection error: Error: disconnected from server
          at EventEmitter.<anonymous> (/data/Workspace/helios/starwards/modules/core/src/client/driver.ts:53:58)
          at /data/Workspace/helios/starwards/node_modules/colyseus.js/src/core/signal.ts:15:48
          at Array.forEach (<anonymous>)
          at EventEmitter.invoke (/data/Workspace/helios/starwards/node_modules/colyseus.js/src/core/signal.ts:15:19)
          at Function.register.invoke (/data/Workspace/helios/starwards/node_modules/colyseus.js/src/core/signal.ts:57:81)
          at WebSocket.connection.events.onclose (/data/Workspace/helios/starwards/node_modules/colyseus.js/src/Room.ts:89:30)
          at callListener (/data/Workspace/helios/starwards/node_modules/colyseus.js/node_modules/ws/lib/event-target.js:290:14)
          at WebSocket.onClose (/data/Workspace/helios/starwards/node_modules/colyseus.js/node_modules/ws/lib/event-target.js:220:9)
          at WebSocket.emit (node:events:524:28)
          at WebSocket.emitClose (/data/Workspace/helios/starwards/node_modules/colyseus.js/node_modules/ws/lib/websocket.js:272:10)
          at Socket.socketOnClose (/data/Workspace/helios/starwards/node_modules/colyseus.js/node_modules/ws/lib/websocket.js:1341:15)
          at Socket.emit (node:events:524:28)
          at TCP.<anonymous> (node:net:343:12)

      at ConnectionManager.onConnectionError (modules/core/src/client/connection-manager.ts:144:21)
          at Array.forEach (<anonymous>)

    console.log
      connection error: TypeError: Cannot read properties of undefined (reading 'decoder')
          at wireEvents (/data/Workspace/helios/starwards/node_modules/colyseus-events/src/wire-events.ts:30:40)
          at /data/Workspace/helios/starwards/modules/core/src/client/admin.ts:20:5
          at processTicksAndRejections (node:internal/process/task_queues:95:5)
          at /data/Workspace/helios/starwards/modules/core/src/client/connection-manager.ts:131:21

      at ConnectionManager.onConnectionError (modules/core/src/client/connection-manager.ts:144:21)

    console.log
      connection error: Error: disconnected from server
          at EventEmitter.<anonymous> (/data/Workspace/helios/starwards/modules/core/src/client/driver.ts:53:58)
          at /data/Workspace/helios/starwards/node_modules/colyseus.js/src/core/signal.ts:15:48
          at Array.forEach (<anonymous>)
          at EventEmitter.invoke (/data/Workspace/helios/starwards/node_modules/colyseus.js/src/core/signal.ts:15:19)
          at Function.register.invoke (/data/Workspace/helios/starwards/node_modules/colyseus.js/src/core/signal.ts:57:81)
          at WebSocket.connection.events.onclose (/data/Workspace/helios/starwards/node_modules/colyseus.js/src/Room.ts:89:30)
          at callListener (/data/Workspace/helios/starwards/node_modules/colyseus.js/node_modules/ws/lib/event-target.js:290:14)
          at WebSocket.onClose (/data/Workspace/helios/starwards/node_modules/colyseus.js/node_modules/ws/lib/event-target.js:220:9)
          at WebSocket.emit (node:events:524:28)
          at WebSocket.emitClose (/data/Workspace/helios/starwards/node_modules/colyseus.js/node_modules/ws/lib/websocket.js:272:10)
          at Socket.socketOnClose (/data/Workspace/helios/starwards/node_modules/colyseus.js/node_modules/ws/lib/websocket.js:1341:15)
          at Socket.emit (node:events:524:28)
          at TCP.<anonymous> (node:net:343:12)

      at ConnectionManager.onConnectionError (modules/core/src/client/connection-manager.ts:144:21)
          at Array.forEach (<anonymous>)

    console.log
      connection error: TypeError: Cannot read properties of undefined (reading 'decoder')
          at wireEvents (/data/Workspace/helios/starwards/node_modules/colyseus-events/src/wire-events.ts:30:40)
          at /data/Workspace/helios/starwards/modules/core/src/client/admin.ts:20:5
          at processTicksAndRejections (node:internal/process/task_queues:95:5)
          at /data/Workspace/helios/starwards/modules/core/src/client/connection-manager.ts:131:21

      at ConnectionManager.onConnectionError (modules/core/src/client/connection-manager.ts:144:21)

    console.log
      connection error: Error: disconnected from server
          at EventEmitter.<anonymous> (/data/Workspace/helios/starwards/modules/core/src/client/driver.ts:53:58)
          at /data/Workspace/helios/starwards/node_modules/colyseus.js/src/core/signal.ts:15:48
          at Array.forEach (<anonymous>)
          at EventEmitter.invoke (/data/Workspace/helios/starwards/node_modules/colyseus.js/src/core/signal.ts:15:19)
          at Function.register.invoke (/data/Workspace/helios/starwards/node_modules/colyseus.js/src/core/signal.ts:57:81)
          at WebSocket.connection.events.onclose (/data/Workspace/helios/starwards/node_modules/colyseus.js/src/Room.ts:89:30)
          at callListener (/data/Workspace/helios/starwards/node_modules/colyseus.js/node_modules/ws/lib/event-target.js:290:14)
          at WebSocket.onClose (/data/Workspace/helios/starwards/node_modules/colyseus.js/node_modules/ws/lib/event-target.js:220:9)
          at WebSocket.emit (node:events:524:28)
          at WebSocket.emitClose (/data/Workspace/helios/starwards/node_modules/colyseus.js/node_modules/ws/lib/websocket.js:272:10)
          at Socket.socketOnClose (/data/Workspace/helios/starwards/node_modules/colyseus.js/node_modules/ws/lib/websocket.js:1341:15)
          at Socket.emit (node:events:524:28)
          at TCP.<anonymous> (node:net:343:12)

      at ConnectionManager.onConnectionError (modules/core/src/client/connection-manager.ts:144:21)
          at Array.forEach (<anonymous>)

    console.log
      connection error: TypeError: Cannot read properties of undefined (reading 'decoder')
          at wireEvents (/data/Workspace/helios/starwards/node_modules/colyseus-events/src/wire-events.ts:30:40)
          at /data/Workspace/helios/starwards/modules/core/src/client/admin.ts:20:5
          at processTicksAndRejections (node:internal/process/task_queues:95:5)
          at /data/Workspace/helios/starwards/modules/core/src/client/connection-manager.ts:131:21

      at ConnectionManager.onConnectionError (modules/core/src/client/connection-manager.ts:144:21)

    console.log
      connection error: Error: disconnected from server
          at EventEmitter.<anonymous> (/data/Workspace/helios/starwards/modules/core/src/client/driver.ts:53:58)
          at /data/Workspace/helios/starwards/node_modules/colyseus.js/src/core/signal.ts:15:48
          at Array.forEach (<anonymous>)
          at EventEmitter.invoke (/data/Workspace/helios/starwards/node_modules/colyseus.js/src/core/signal.ts:15:19)
          at Function.register.invoke (/data/Workspace/helios/starwards/node_modules/colyseus.js/src/core/signal.ts:57:81)
          at WebSocket.connection.events.onclose (/data/Workspace/helios/starwards/node_modules/colyseus.js/src/Room.ts:89:30)
          at callListener (/data/Workspace/helios/starwards/node_modules/colyseus.js/node_modules/ws/lib/event-target.js:290:14)
          at WebSocket.onClose (/data/Workspace/helios/starwards/node_modules/colyseus.js/node_modules/ws/lib/event-target.js:220:9)
          at WebSocket.emit (node:events:524:28)
          at WebSocket.emitClose (/data/Workspace/helios/starwards/node_modules/colyseus.js/node_modules/ws/lib/websocket.js:272:10)
          at Socket.socketOnClose (/data/Workspace/helios/starwards/node_modules/colyseus.js/node_modules/ws/lib/websocket.js:1341:15)
          at Socket.emit (node:events:524:28)
          at TCP.<anonymous> (node:net:343:12)

      at ConnectionManager.onConnectionError (modules/core/src/client/connection-manager.ts:144:21)
          at Array.forEach (<anonymous>)

    console.log
      connection error: TypeError: Cannot read properties of undefined (reading 'decoder')
          at wireEvents (/data/Workspace/helios/starwards/node_modules/colyseus-events/src/wire-events.ts:30:40)
          at /data/Workspace/helios/starwards/modules/core/src/client/admin.ts:20:5
          at processTicksAndRejections (node:internal/process/task_queues:95:5)
          at /data/Workspace/helios/starwards/modules/core/src/client/connection-manager.ts:131:21

      at ConnectionManager.onConnectionError (modules/core/src/client/connection-manager.ts:144:21)

    console.log
      connection error: Error: disconnected from server
          at EventEmitter.<anonymous> (/data/Workspace/helios/starwards/modules/core/src/client/driver.ts:53:58)
          at /data/Workspace/helios/starwards/node_modules/colyseus.js/src/core/signal.ts:15:48
          at Array.forEach (<anonymous>)
          at EventEmitter.invoke (/data/Workspace/helios/starwards/node_modules/colyseus.js/src/core/signal.ts:15:19)
          at Function.register.invoke (/data/Workspace/helios/starwards/node_modules/colyseus.js/src/core/signal.ts:57:81)
          at WebSocket.connection.events.onclose (/data/Workspace/helios/starwards/node_modules/colyseus.js/src/Room.ts:89:30)
          at callListener (/data/Workspace/helios/starwards/node_modules/colyseus.js/node_modules/ws/lib/event-target.js:290:14)
          at WebSocket.onClose (/data/Workspace/helios/starwards/node_modules/colyseus.js/node_modules/ws/lib/event-target.js:220:9)
          at WebSocket.emit (node:events:524:28)
          at WebSocket.emitClose (/data/Workspace/helios/starwards/node_modules/colyseus.js/node_modules/ws/lib/websocket.js:272:10)
          at Socket.socketOnClose (/data/Workspace/helios/starwards/node_modules/colyseus.js/node_modules/ws/lib/websocket.js:1341:15)
          at Socket.emit (node:events:524:28)
          at TCP.<anonymous> (node:net:343:12)

      at ConnectionManager.onConnectionError (modules/core/src/client/connection-manager.ts:144:21)
          at Array.forEach (<anonymous>)

    console.log
      connection error: TypeError: Cannot read properties of undefined (reading 'decoder')
          at wireEvents (/data/Workspace/helios/starwards/node_modules/colyseus-events/src/wire-events.ts:30:40)
          at /data/Workspace/helios/starwards/modules/core/src/client/admin.ts:20:5
          at processTicksAndRejections (node:internal/process/task_queues:95:5)
          at /data/Workspace/helios/starwards/modules/core/src/client/connection-manager.ts:131:21

      at ConnectionManager.onConnectionError (modules/core/src/client/connection-manager.ts:144:21)

    console.log
      connection error: Error: disconnected from server
          at EventEmitter.<anonymous> (/data/Workspace/helios/starwards/modules/core/src/client/driver.ts:53:58)
          at /data/Workspace/helios/starwards/node_modules/colyseus.js/src/core/signal.ts:15:48
          at Array.forEach (<anonymous>)
          at EventEmitter.invoke (/data/Workspace/helios/starwards/node_modules/colyseus.js/src/core/signal.ts:15:19)
          at Function.register.invoke (/data/Workspace/helios/starwards/node_modules/colyseus.js/src/core/signal.ts:57:81)
          at WebSocket.connection.events.onclose (/data/Workspace/helios/starwards/node_modules/colyseus.js/src/Room.ts:89:30)
          at callListener (/data/Workspace/helios/starwards/node_modules/colyseus.js/node_modules/ws/lib/event-target.js:290:14)
          at WebSocket.onClose (/data/Workspace/helios/starwards/node_modules/colyseus.js/node_modules/ws/lib/event-target.js:220:9)
          at WebSocket.emit (node:events:524:28)
          at WebSocket.emitClose (/data/Workspace/helios/starwards/node_modules/colyseus.js/node_modules/ws/lib/websocket.js:272:10)
          at Socket.socketOnClose (/data/Workspace/helios/starwards/node_modules/colyseus.js/node_modules/ws/lib/websocket.js:1341:15)
          at Socket.emit (node:events:524:28)
          at TCP.<anonymous> (node:net:343:12)

      at ConnectionManager.onConnectionError (modules/core/src/client/connection-manager.ts:144:21)
          at Array.forEach (<anonymous>)

    console.log
      connection error: TypeError: Cannot read properties of undefined (reading 'decoder')
          at wireEvents (/data/Workspace/helios/starwards/node_modules/colyseus-events/src/wire-events.ts:30:40)
          at /data/Workspace/helios/starwards/modules/core/src/client/admin.ts:20:5
          at processTicksAndRejections (node:internal/process/task_queues:95:5)
          at /data/Workspace/helios/starwards/modules/core/src/client/connection-manager.ts:131:21

      at ConnectionManager.onConnectionError (modules/core/src/client/connection-manager.ts:144:21)

    console.log
      connection error: Error: disconnected from server
          at EventEmitter.<anonymous> (/data/Workspace/helios/starwards/modules/core/src/client/driver.ts:53:58)
          at /data/Workspace/helios/starwards/node_modules/colyseus.js/src/core/signal.ts:15:48
          at Array.forEach (<anonymous>)
          at EventEmitter.invoke (/data/Workspace/helios/starwards/node_modules/colyseus.js/src/core/signal.ts:15:19)
          at Function.register.invoke (/data/Workspace/helios/starwards/node_modules/colyseus.js/src/core/signal.ts:57:81)
          at WebSocket.connection.events.onclose (/data/Workspace/helios/starwards/node_modules/colyseus.js/src/Room.ts:89:30)
          at callListener (/data/Workspace/helios/starwards/node_modules/colyseus.js/node_modules/ws/lib/event-target.js:290:14)
          at WebSocket.onClose (/data/Workspace/helios/starwards/node_modules/colyseus.js/node_modules/ws/lib/event-target.js:220:9)
          at WebSocket.emit (node:events:524:28)
          at WebSocket.emitClose (/data/Workspace/helios/starwards/node_modules/colyseus.js/node_modules/ws/lib/websocket.js:272:10)
          at Socket.socketOnClose (/data/Workspace/helios/starwards/node_modules/colyseus.js/node_modules/ws/lib/websocket.js:1341:15)
          at Socket.emit (node:events:524:28)
          at TCP.<anonymous> (node:net:343:12)

      at ConnectionManager.onConnectionError (modules/core/src/client/connection-manager.ts:144:21)
          at Array.forEach (<anonymous>)

    console.log
      connection error: TypeError: Cannot read properties of undefined (reading 'decoder')
          at wireEvents (/data/Workspace/helios/starwards/node_modules/colyseus-events/src/wire-events.ts:30:40)
          at /data/Workspace/helios/starwards/modules/core/src/client/admin.ts:20:5
          at processTicksAndRejections (node:internal/process/task_queues:95:5)
          at /data/Workspace/helios/starwards/modules/core/src/client/connection-manager.ts:131:21

      at ConnectionManager.onConnectionError (modules/core/src/client/connection-manager.ts:144:21)

    console.log
      connection error: Error: disconnected from server
          at EventEmitter.<anonymous> (/data/Workspace/helios/starwards/modules/core/src/client/driver.ts:53:58)
          at /data/Workspace/helios/starwards/node_modules/colyseus.js/src/core/signal.ts:15:48
          at Array.forEach (<anonymous>)
          at EventEmitter.invoke (/data/Workspace/helios/starwards/node_modules/colyseus.js/src/core/signal.ts:15:19)
          at Function.register.invoke (/data/Workspace/helios/starwards/node_modules/colyseus.js/src/core/signal.ts:57:81)
          at WebSocket.connection.events.onclose (/data/Workspace/helios/starwards/node_modules/colyseus.js/src/Room.ts:89:30)
          at callListener (/data/Workspace/helios/starwards/node_modules/colyseus.js/node_modules/ws/lib/event-target.js:290:14)
          at WebSocket.onClose (/data/Workspace/helios/starwards/node_modules/colyseus.js/node_modules/ws/lib/event-target.js:220:9)
          at WebSocket.emit (node:events:524:28)
          at WebSocket.emitClose (/data/Workspace/helios/starwards/node_modules/colyseus.js/node_modules/ws/lib/websocket.js:272:10)
          at Socket.socketOnClose (/data/Workspace/helios/starwards/node_modules/colyseus.js/node_modules/ws/lib/websocket.js:1341:15)
          at Socket.emit (node:events:524:28)
          at TCP.<anonymous> (node:net:343:12)

      at ConnectionManager.onConnectionError (modules/core/src/client/connection-manager.ts:144:21)
          at Array.forEach (<anonymous>)

    console.log
      connection error: TypeError: Cannot read properties of undefined (reading 'decoder')
          at wireEvents (/data/Workspace/helios/starwards/node_modules/colyseus-events/src/wire-events.ts:30:40)
          at /data/Workspace/helios/starwards/modules/core/src/client/admin.ts:20:5
          at processTicksAndRejections (node:internal/process/task_queues:95:5)
          at /data/Workspace/helios/starwards/modules/core/src/client/connection-manager.ts:131:21

      at ConnectionManager.onConnectionError (modules/core/src/client/connection-manager.ts:144:21)

    console.log
      connection error: Error: disconnected from server
          at EventEmitter.<anonymous> (/data/Workspace/helios/starwards/modules/core/src/client/driver.ts:53:58)
          at /data/Workspace/helios/starwards/node_modules/colyseus.js/src/core/signal.ts:15:48
          at Array.forEach (<anonymous>)
          at EventEmitter.invoke (/data/Workspace/helios/starwards/node_modules/colyseus.js/src/core/signal.ts:15:19)
          at Function.register.invoke (/data/Workspace/helios/starwards/node_modules/colyseus.js/src/core/signal.ts:57:81)
          at WebSocket.connection.events.onclose (/data/Workspace/helios/starwards/node_modules/colyseus.js/src/Room.ts:89:30)
          at callListener (/data/Workspace/helios/starwards/node_modules/colyseus.js/node_modules/ws/lib/event-target.js:290:14)
          at WebSocket.onClose (/data/Workspace/helios/starwards/node_modules/colyseus.js/node_modules/ws/lib/event-target.js:220:9)
          at WebSocket.emit (node:events:524:28)
          at WebSocket.emitClose (/data/Workspace/helios/starwards/node_modules/colyseus.js/node_modules/ws/lib/websocket.js:272:10)
          at Socket.socketOnClose (/data/Workspace/helios/starwards/node_modules/colyseus.js/node_modules/ws/lib/websocket.js:1341:15)
          at Socket.emit (node:events:524:28)
          at TCP.<anonymous> (node:net:343:12)

      at ConnectionManager.onConnectionError (modules/core/src/client/connection-manager.ts:144:21)
          at Array.forEach (<anonymous>)

    console.log
      connection error: TypeError: Cannot read properties of undefined (reading 'decoder')
          at wireEvents (/data/Workspace/helios/starwards/node_modules/colyseus-events/src/wire-events.ts:30:40)
          at /data/Workspace/helios/starwards/modules/core/src/client/admin.ts:20:5
          at processTicksAndRejections (node:internal/process/task_queues:95:5)
          at /data/Workspace/helios/starwards/modules/core/src/client/connection-manager.ts:131:21

      at ConnectionManager.onConnectionError (modules/core/src/client/connection-manager.ts:144:21)

    console.log
      connection error: Error: disconnected from server
          at EventEmitter.<anonymous> (/data/Workspace/helios/starwards/modules/core/src/client/driver.ts:53:58)
          at /data/Workspace/helios/starwards/node_modules/colyseus.js/src/core/signal.ts:15:48
          at Array.forEach (<anonymous>)
          at EventEmitter.invoke (/data/Workspace/helios/starwards/node_modules/colyseus.js/src/core/signal.ts:15:19)
          at Function.register.invoke (/data/Workspace/helios/starwards/node_modules/colyseus.js/src/core/signal.ts:57:81)
          at WebSocket.connection.events.onclose (/data/Workspace/helios/starwards/node_modules/colyseus.js/src/Room.ts:89:30)
          at callListener (/data/Workspace/helios/starwards/node_modules/colyseus.js/node_modules/ws/lib/event-target.js:290:14)
          at WebSocket.onClose (/data/Workspace/helios/starwards/node_modules/colyseus.js/node_modules/ws/lib/event-target.js:220:9)
          at WebSocket.emit (node:events:524:28)
          at WebSocket.emitClose (/data/Workspace/helios/starwards/node_modules/colyseus.js/node_modules/ws/lib/websocket.js:272:10)
          at Socket.socketOnClose (/data/Workspace/helios/starwards/node_modules/colyseus.js/node_modules/ws/lib/websocket.js:1341:15)
          at Socket.emit (node:events:524:28)
          at TCP.<anonymous> (node:net:343:12)

      at ConnectionManager.onConnectionError (modules/core/src/client/connection-manager.ts:144:21)
          at Array.forEach (<anonymous>)

    console.log
      connection error: TypeError: Cannot read properties of undefined (reading 'decoder')
          at wireEvents (/data/Workspace/helios/starwards/node_modules/colyseus-events/src/wire-events.ts:30:40)
          at /data/Workspace/helios/starwards/modules/core/src/client/admin.ts:20:5
          at processTicksAndRejections (node:internal/process/task_queues:95:5)
          at /data/Workspace/helios/starwards/modules/core/src/client/connection-manager.ts:131:21

      at ConnectionManager.onConnectionError (modules/core/src/client/connection-manager.ts:144:21)

    console.log
      connection error: Error: disconnected from server
          at EventEmitter.<anonymous> (/data/Workspace/helios/starwards/modules/core/src/client/driver.ts:53:58)
          at /data/Workspace/helios/starwards/node_modules/colyseus.js/src/core/signal.ts:15:48
          at Array.forEach (<anonymous>)
          at EventEmitter.invoke (/data/Workspace/helios/starwards/node_modules/colyseus.js/src/core/signal.ts:15:19)
          at Function.register.invoke (/data/Workspace/helios/starwards/node_modules/colyseus.js/src/core/signal.ts:57:81)
          at WebSocket.connection.events.onclose (/data/Workspace/helios/starwards/node_modules/colyseus.js/src/Room.ts:89:30)
          at callListener (/data/Workspace/helios/starwards/node_modules/colyseus.js/node_modules/ws/lib/event-target.js:290:14)
          at WebSocket.onClose (/data/Workspace/helios/starwards/node_modules/colyseus.js/node_modules/ws/lib/event-target.js:220:9)
          at WebSocket.emit (node:events:524:28)
          at WebSocket.emitClose (/data/Workspace/helios/starwards/node_modules/colyseus.js/node_modules/ws/lib/websocket.js:272:10)
          at Socket.socketOnClose (/data/Workspace/helios/starwards/node_modules/colyseus.js/node_modules/ws/lib/websocket.js:1341:15)
          at Socket.emit (node:events:524:28)
          at TCP.<anonymous> (node:net:343:12)

      at ConnectionManager.onConnectionError (modules/core/src/client/connection-manager.ts:144:21)
          at Array.forEach (<anonymous>)

    console.log
      connection error: TypeError: Cannot read properties of undefined (reading 'decoder')
          at wireEvents (/data/Workspace/helios/starwards/node_modules/colyseus-events/src/wire-events.ts:30:40)
          at /data/Workspace/helios/starwards/modules/core/src/client/admin.ts:20:5
          at processTicksAndRejections (node:internal/process/task_queues:95:5)
          at /data/Workspace/helios/starwards/modules/core/src/client/connection-manager.ts:131:21

      at ConnectionManager.onConnectionError (modules/core/src/client/connection-manager.ts:144:21)

    console.log
      connection error: Error: disconnected from server
          at EventEmitter.<anonymous> (/data/Workspace/helios/starwards/modules/core/src/client/driver.ts:53:58)
          at /data/Workspace/helios/starwards/node_modules/colyseus.js/src/core/signal.ts:15:48
          at Array.forEach (<anonymous>)
          at EventEmitter.invoke (/data/Workspace/helios/starwards/node_modules/colyseus.js/src/core/signal.ts:15:19)
          at Function.register.invoke (/data/Workspace/helios/starwards/node_modules/colyseus.js/src/core/signal.ts:57:81)
          at WebSocket.connection.events.onclose (/data/Workspace/helios/starwards/node_modules/colyseus.js/src/Room.ts:89:30)
          at callListener (/data/Workspace/helios/starwards/node_modules/colyseus.js/node_modules/ws/lib/event-target.js:290:14)
          at WebSocket.onClose (/data/Workspace/helios/starwards/node_modules/colyseus.js/node_modules/ws/lib/event-target.js:220:9)
          at WebSocket.emit (node:events:524:28)
          at WebSocket.emitClose (/data/Workspace/helios/starwards/node_modules/colyseus.js/node_modules/ws/lib/websocket.js:272:10)
          at Socket.socketOnClose (/data/Workspace/helios/starwards/node_modules/colyseus.js/node_modules/ws/lib/websocket.js:1341:15)
          at Socket.emit (node:events:524:28)
          at TCP.<anonymous> (node:net:343:12)

      at ConnectionManager.onConnectionError (modules/core/src/client/connection-manager.ts:144:21)
          at Array.forEach (<anonymous>)

    console.log
      connection error: TypeError: Cannot read properties of undefined (reading 'decoder')
          at wireEvents (/data/Workspace/helios/starwards/node_modules/colyseus-events/src/wire-events.ts:30:40)
          at /data/Workspace/helios/starwards/modules/core/src/client/admin.ts:20:5
          at processTicksAndRejections (node:internal/process/task_queues:95:5)
          at /data/Workspace/helios/starwards/modules/core/src/client/connection-manager.ts:131:21

      at ConnectionManager.onConnectionError (modules/core/src/client/connection-manager.ts:144:21)

    console.log
      connection error: Error: disconnected from server
          at EventEmitter.<anonymous> (/data/Workspace/helios/starwards/modules/core/src/client/driver.ts:53:58)
          at /data/Workspace/helios/starwards/node_modules/colyseus.js/src/core/signal.ts:15:48
          at Array.forEach (<anonymous>)
          at EventEmitter.invoke (/data/Workspace/helios/starwards/node_modules/colyseus.js/src/core/signal.ts:15:19)
          at Function.register.invoke (/data/Workspace/helios/starwards/node_modules/colyseus.js/src/core/signal.ts:57:81)
          at WebSocket.connection.events.onclose (/data/Workspace/helios/starwards/node_modules/colyseus.js/src/Room.ts:89:30)
          at callListener (/data/Workspace/helios/starwards/node_modules/colyseus.js/node_modules/ws/lib/event-target.js:290:14)
          at WebSocket.onClose (/data/Workspace/helios/starwards/node_modules/colyseus.js/node_modules/ws/lib/event-target.js:220:9)
          at WebSocket.emit (node:events:524:28)
          at WebSocket.emitClose (/data/Workspace/helios/starwards/node_modules/colyseus.js/node_modules/ws/lib/websocket.js:272:10)
          at Socket.socketOnClose (/data/Workspace/helios/starwards/node_modules/colyseus.js/node_modules/ws/lib/websocket.js:1341:15)
          at Socket.emit (node:events:524:28)
          at TCP.<anonymous> (node:net:343:12)

      at ConnectionManager.onConnectionError (modules/core/src/client/connection-manager.ts:144:21)
          at Array.forEach (<anonymous>)

    console.log
      connection error: TypeError: Cannot read properties of undefined (reading 'decoder')
          at wireEvents (/data/Workspace/helios/starwards/node_modules/colyseus-events/src/wire-events.ts:30:40)
          at /data/Workspace/helios/starwards/modules/core/src/client/admin.ts:20:5
          at processTicksAndRejections (node:internal/process/task_queues:95:5)
          at /data/Workspace/helios/starwards/modules/core/src/client/connection-manager.ts:131:21

      at ConnectionManager.onConnectionError (modules/core/src/client/connection-manager.ts:144:21)

    console.log
      connection error: Error: disconnected from server
          at EventEmitter.<anonymous> (/data/Workspace/helios/starwards/modules/core/src/client/driver.ts:53:58)
          at /data/Workspace/helios/starwards/node_modules/colyseus.js/src/core/signal.ts:15:48
          at Array.forEach (<anonymous>)
          at EventEmitter.invoke (/data/Workspace/helios/starwards/node_modules/colyseus.js/src/core/signal.ts:15:19)
          at Function.register.invoke (/data/Workspace/helios/starwards/node_modules/colyseus.js/src/core/signal.ts:57:81)
          at WebSocket.connection.events.onclose (/data/Workspace/helios/starwards/node_modules/colyseus.js/src/Room.ts:89:30)
          at callListener (/data/Workspace/helios/starwards/node_modules/colyseus.js/node_modules/ws/lib/event-target.js:290:14)
          at WebSocket.onClose (/data/Workspace/helios/starwards/node_modules/colyseus.js/node_modules/ws/lib/event-target.js:220:9)
          at WebSocket.emit (node:events:524:28)
          at WebSocket.emitClose (/data/Workspace/helios/starwards/node_modules/colyseus.js/node_modules/ws/lib/websocket.js:272:10)
          at Socket.socketOnClose (/data/Workspace/helios/starwards/node_modules/colyseus.js/node_modules/ws/lib/websocket.js:1341:15)
          at Socket.emit (node:events:524:28)
          at TCP.<anonymous> (node:net:343:12)

      at ConnectionManager.onConnectionError (modules/core/src/client/connection-manager.ts:144:21)
          at Array.forEach (<anonymous>)

    console.log
      connection error: TypeError: Cannot read properties of undefined (reading 'decoder')
          at wireEvents (/data/Workspace/helios/starwards/node_modules/colyseus-events/src/wire-events.ts:30:40)
          at /data/Workspace/helios/starwards/modules/core/src/client/admin.ts:20:5
          at processTicksAndRejections (node:internal/process/task_queues:95:5)
          at /data/Workspace/helios/starwards/modules/core/src/client/connection-manager.ts:131:21

      at ConnectionManager.onConnectionError (modules/core/src/client/connection-manager.ts:144:21)

    console.log
      connection error: Error: disconnected from server
          at EventEmitter.<anonymous> (/data/Workspace/helios/starwards/modules/core/src/client/driver.ts:53:58)
          at /data/Workspace/helios/starwards/node_modules/colyseus.js/src/core/signal.ts:15:48
          at Array.forEach (<anonymous>)
          at EventEmitter.invoke (/data/Workspace/helios/starwards/node_modules/colyseus.js/src/core/signal.ts:15:19)
          at Function.register.invoke (/data/Workspace/helios/starwards/node_modules/colyseus.js/src/core/signal.ts:57:81)
          at WebSocket.connection.events.onclose (/data/Workspace/helios/starwards/node_modules/colyseus.js/src/Room.ts:89:30)
          at callListener (/data/Workspace/helios/starwards/node_modules/colyseus.js/node_modules/ws/lib/event-target.js:290:14)
          at WebSocket.onClose (/data/Workspace/helios/starwards/node_modules/colyseus.js/node_modules/ws/lib/event-target.js:220:9)
          at WebSocket.emit (node:events:524:28)
          at WebSocket.emitClose (/data/Workspace/helios/starwards/node_modules/colyseus.js/node_modules/ws/lib/websocket.js:272:10)
          at Socket.socketOnClose (/data/Workspace/helios/starwards/node_modules/colyseus.js/node_modules/ws/lib/websocket.js:1341:15)
          at Socket.emit (node:events:524:28)
          at TCP.<anonymous> (node:net:343:12)

      at ConnectionManager.onConnectionError (modules/core/src/client/connection-manager.ts:144:21)
          at Array.forEach (<anonymous>)

    console.log
      connection error: TypeError: Cannot read properties of undefined (reading 'decoder')
          at wireEvents (/data/Workspace/helios/starwards/node_modules/colyseus-events/src/wire-events.ts:30:40)
          at /data/Workspace/helios/starwards/modules/core/src/client/admin.ts:20:5
          at processTicksAndRejections (node:internal/process/task_queues:95:5)
          at /data/Workspace/helios/starwards/modules/core/src/client/connection-manager.ts:131:21

      at ConnectionManager.onConnectionError (modules/core/src/client/connection-manager.ts:144:21)

    console.log
      connection error: Error: disconnected from server
          at EventEmitter.<anonymous> (/data/Workspace/helios/starwards/modules/core/src/client/driver.ts:53:58)
          at /data/Workspace/helios/starwards/node_modules/colyseus.js/src/core/signal.ts:15:48
          at Array.forEach (<anonymous>)
          at EventEmitter.invoke (/data/Workspace/helios/starwards/node_modules/colyseus.js/src/core/signal.ts:15:19)
          at Function.register.invoke (/data/Workspace/helios/starwards/node_modules/colyseus.js/src/core/signal.ts:57:81)
          at WebSocket.connection.events.onclose (/data/Workspace/helios/starwards/node_modules/colyseus.js/src/Room.ts:89:30)
          at callListener (/data/Workspace/helios/starwards/node_modules/colyseus.js/node_modules/ws/lib/event-target.js:290:14)
          at WebSocket.onClose (/data/Workspace/helios/starwards/node_modules/colyseus.js/node_modules/ws/lib/event-target.js:220:9)
          at WebSocket.emit (node:events:524:28)
          at WebSocket.emitClose (/data/Workspace/helios/starwards/node_modules/colyseus.js/node_modules/ws/lib/websocket.js:272:10)
          at Socket.socketOnClose (/data/Workspace/helios/starwards/node_modules/colyseus.js/node_modules/ws/lib/websocket.js:1341:15)
          at Socket.emit (node:events:524:28)
          at TCP.<anonymous> (node:net:343:12)

      at ConnectionManager.onConnectionError (modules/core/src/client/connection-manager.ts:144:21)
          at Array.forEach (<anonymous>)

    console.log
      connection error: TypeError: Cannot read properties of undefined (reading 'decoder')
          at wireEvents (/data/Workspace/helios/starwards/node_modules/colyseus-events/src/wire-events.ts:30:40)
          at /data/Workspace/helios/starwards/modules/core/src/client/admin.ts:20:5
          at processTicksAndRejections (node:internal/process/task_queues:95:5)
          at /data/Workspace/helios/starwards/modules/core/src/client/connection-manager.ts:131:21

      at ConnectionManager.onConnectionError (modules/core/src/client/connection-manager.ts:144:21)

    console.log
      connection error: Error: disconnected from server
          at EventEmitter.<anonymous> (/data/Workspace/helios/starwards/modules/core/src/client/driver.ts:53:58)
          at /data/Workspace/helios/starwards/node_modules/colyseus.js/src/core/signal.ts:15:48
          at Array.forEach (<anonymous>)
          at EventEmitter.invoke (/data/Workspace/helios/starwards/node_modules/colyseus.js/src/core/signal.ts:15:19)
          at Function.register.invoke (/data/Workspace/helios/starwards/node_modules/colyseus.js/src/core/signal.ts:57:81)
          at WebSocket.connection.events.onclose (/data/Workspace/helios/starwards/node_modules/colyseus.js/src/Room.ts:89:30)
          at callListener (/data/Workspace/helios/starwards/node_modules/colyseus.js/node_modules/ws/lib/event-target.js:290:14)
          at WebSocket.onClose (/data/Workspace/helios/starwards/node_modules/colyseus.js/node_modules/ws/lib/event-target.js:220:9)
          at WebSocket.emit (node:events:524:28)
          at WebSocket.emitClose (/data/Workspace/helios/starwards/node_modules/colyseus.js/node_modules/ws/lib/websocket.js:272:10)
          at Socket.socketOnClose (/data/Workspace/helios/starwards/node_modules/colyseus.js/node_modules/ws/lib/websocket.js:1341:15)
          at Socket.emit (node:events:524:28)
          at TCP.<anonymous> (node:net:343:12)

      at ConnectionManager.onConnectionError (modules/core/src/client/connection-manager.ts:144:21)
          at Array.forEach (<anonymous>)

    console.log
      connection error: TypeError: Cannot read properties of undefined (reading 'decoder')
          at wireEvents (/data/Workspace/helios/starwards/node_modules/colyseus-events/src/wire-events.ts:30:40)
          at /data/Workspace/helios/starwards/modules/core/src/client/admin.ts:20:5
          at processTicksAndRejections (node:internal/process/task_queues:95:5)
          at /data/Workspace/helios/starwards/modules/core/src/client/connection-manager.ts:131:21

      at ConnectionManager.onConnectionError (modules/core/src/client/connection-manager.ts:144:21)

    console.log
      connection error: Error: disconnected from server
          at EventEmitter.<anonymous> (/data/Workspace/helios/starwards/modules/core/src/client/driver.ts:53:58)
          at /data/Workspace/helios/starwards/node_modules/colyseus.js/src/core/signal.ts:15:48
          at Array.forEach (<anonymous>)
          at EventEmitter.invoke (/data/Workspace/helios/starwards/node_modules/colyseus.js/src/core/signal.ts:15:19)
          at Function.register.invoke (/data/Workspace/helios/starwards/node_modules/colyseus.js/src/core/signal.ts:57:81)
          at WebSocket.connection.events.onclose (/data/Workspace/helios/starwards/node_modules/colyseus.js/src/Room.ts:89:30)
          at callListener (/data/Workspace/helios/starwards/node_modules/colyseus.js/node_modules/ws/lib/event-target.js:290:14)
          at WebSocket.onClose (/data/Workspace/helios/starwards/node_modules/colyseus.js/node_modules/ws/lib/event-target.js:220:9)
          at WebSocket.emit (node:events:524:28)
          at WebSocket.emitClose (/data/Workspace/helios/starwards/node_modules/colyseus.js/node_modules/ws/lib/websocket.js:272:10)
          at Socket.socketOnClose (/data/Workspace/helios/starwards/node_modules/colyseus.js/node_modules/ws/lib/websocket.js:1341:15)
          at Socket.emit (node:events:524:28)
          at TCP.<anonymous> (node:net:343:12)

      at ConnectionManager.onConnectionError (modules/core/src/client/connection-manager.ts:144:21)
          at Array.forEach (<anonymous>)

    console.log
      connection error: TypeError: Cannot read properties of undefined (reading 'decoder')
          at wireEvents (/data/Workspace/helios/starwards/node_modules/colyseus-events/src/wire-events.ts:30:40)
          at /data/Workspace/helios/starwards/modules/core/src/client/admin.ts:20:5
          at processTicksAndRejections (node:internal/process/task_queues:95:5)
          at /data/Workspace/helios/starwards/modules/core/src/client/connection-manager.ts:131:21

      at ConnectionManager.onConnectionError (modules/core/src/client/connection-manager.ts:144:21)

    console.log
      connection error: Error: disconnected from server
          at EventEmitter.<anonymous> (/data/Workspace/helios/starwards/modules/core/src/client/driver.ts:53:58)
          at /data/Workspace/helios/starwards/node_modules/colyseus.js/src/core/signal.ts:15:48
          at Array.forEach (<anonymous>)
          at EventEmitter.invoke (/data/Workspace/helios/starwards/node_modules/colyseus.js/src/core/signal.ts:15:19)
          at Function.register.invoke (/data/Workspace/helios/starwards/node_modules/colyseus.js/src/core/signal.ts:57:81)
          at WebSocket.connection.events.onclose (/data/Workspace/helios/starwards/node_modules/colyseus.js/src/Room.ts:89:30)
          at callListener (/data/Workspace/helios/starwards/node_modules/colyseus.js/node_modules/ws/lib/event-target.js:290:14)
          at WebSocket.onClose (/data/Workspace/helios/starwards/node_modules/colyseus.js/node_modules/ws/lib/event-target.js:220:9)
          at WebSocket.emit (node:events:524:28)
          at WebSocket.emitClose (/data/Workspace/helios/starwards/node_modules/colyseus.js/node_modules/ws/lib/websocket.js:272:10)
          at Socket.socketOnClose (/data/Workspace/helios/starwards/node_modules/colyseus.js/node_modules/ws/lib/websocket.js:1341:15)
          at Socket.emit (node:events:524:28)
          at TCP.<anonymous> (node:net:343:12)

      at ConnectionManager.onConnectionError (modules/core/src/client/connection-manager.ts:144:21)
          at Array.forEach (<anonymous>)

    console.log
      connection error: TypeError: Cannot read properties of undefined (reading 'decoder')
          at wireEvents (/data/Workspace/helios/starwards/node_modules/colyseus-events/src/wire-events.ts:30:40)
          at /data/Workspace/helios/starwards/modules/core/src/client/admin.ts:20:5
          at processTicksAndRejections (node:internal/process/task_queues:95:5)
          at /data/Workspace/helios/starwards/modules/core/src/client/connection-manager.ts:131:21

      at ConnectionManager.onConnectionError (modules/core/src/client/connection-manager.ts:144:21)

    console.log
      connection error: Error: disconnected from server
          at EventEmitter.<anonymous> (/data/Workspace/helios/starwards/modules/core/src/client/driver.ts:53:58)
          at /data/Workspace/helios/starwards/node_modules/colyseus.js/src/core/signal.ts:15:48
          at Array.forEach (<anonymous>)
          at EventEmitter.invoke (/data/Workspace/helios/starwards/node_modules/colyseus.js/src/core/signal.ts:15:19)
          at Function.register.invoke (/data/Workspace/helios/starwards/node_modules/colyseus.js/src/core/signal.ts:57:81)
          at WebSocket.connection.events.onclose (/data/Workspace/helios/starwards/node_modules/colyseus.js/src/Room.ts:89:30)
          at callListener (/data/Workspace/helios/starwards/node_modules/colyseus.js/node_modules/ws/lib/event-target.js:290:14)
          at WebSocket.onClose (/data/Workspace/helios/starwards/node_modules/colyseus.js/node_modules/ws/lib/event-target.js:220:9)
          at WebSocket.emit (node:events:524:28)
          at WebSocket.emitClose (/data/Workspace/helios/starwards/node_modules/colyseus.js/node_modules/ws/lib/websocket.js:272:10)
          at Socket.socketOnClose (/data/Workspace/helios/starwards/node_modules/colyseus.js/node_modules/ws/lib/websocket.js:1341:15)
          at Socket.emit (node:events:524:28)
          at TCP.<anonymous> (node:net:343:12)

      at ConnectionManager.onConnectionError (modules/core/src/client/connection-manager.ts:144:21)
          at Array.forEach (<anonymous>)

    console.log
      connection error: TypeError: Cannot read properties of undefined (reading 'decoder')
          at wireEvents (/data/Workspace/helios/starwards/node_modules/colyseus-events/src/wire-events.ts:30:40)
          at /data/Workspace/helios/starwards/modules/core/src/client/admin.ts:20:5
          at processTicksAndRejections (node:internal/process/task_queues:95:5)
          at /data/Workspace/helios/starwards/modules/core/src/client/connection-manager.ts:131:21

      at ConnectionManager.onConnectionError (modules/core/src/client/connection-manager.ts:144:21)

    console.log
      connection error: Error: disconnected from server
          at EventEmitter.<anonymous> (/data/Workspace/helios/starwards/modules/core/src/client/driver.ts:53:58)
          at /data/Workspace/helios/starwards/node_modules/colyseus.js/src/core/signal.ts:15:48
          at Array.forEach (<anonymous>)
          at EventEmitter.invoke (/data/Workspace/helios/starwards/node_modules/colyseus.js/src/core/signal.ts:15:19)
          at Function.register.invoke (/data/Workspace/helios/starwards/node_modules/colyseus.js/src/core/signal.ts:57:81)
          at WebSocket.connection.events.onclose (/data/Workspace/helios/starwards/node_modules/colyseus.js/src/Room.ts:89:30)
          at callListener (/data/Workspace/helios/starwards/node_modules/colyseus.js/node_modules/ws/lib/event-target.js:290:14)
          at WebSocket.onClose (/data/Workspace/helios/starwards/node_modules/colyseus.js/node_modules/ws/lib/event-target.js:220:9)
          at WebSocket.emit (node:events:524:28)
          at WebSocket.emitClose (/data/Workspace/helios/starwards/node_modules/colyseus.js/node_modules/ws/lib/websocket.js:272:10)
          at Socket.socketOnClose (/data/Workspace/helios/starwards/node_modules/colyseus.js/node_modules/ws/lib/websocket.js:1341:15)
          at Socket.emit (node:events:524:28)
          at TCP.<anonymous> (node:net:343:12)

      at ConnectionManager.onConnectionError (modules/core/src/client/connection-manager.ts:144:21)
          at Array.forEach (<anonymous>)

    console.log
      connection error: TypeError: Cannot read properties of undefined (reading 'decoder')
          at wireEvents (/data/Workspace/helios/starwards/node_modules/colyseus-events/src/wire-events.ts:30:40)
          at /data/Workspace/helios/starwards/modules/core/src/client/admin.ts:20:5
          at processTicksAndRejections (node:internal/process/task_queues:95:5)
          at /data/Workspace/helios/starwards/modules/core/src/client/connection-manager.ts:131:21

      at ConnectionManager.onConnectionError (modules/core/src/client/connection-manager.ts:144:21)

    console.log
      connection error: Error: disconnected from server
          at EventEmitter.<anonymous> (/data/Workspace/helios/starwards/modules/core/src/client/driver.ts:53:58)
          at /data/Workspace/helios/starwards/node_modules/colyseus.js/src/core/signal.ts:15:48
          at Array.forEach (<anonymous>)
          at EventEmitter.invoke (/data/Workspace/helios/starwards/node_modules/colyseus.js/src/core/signal.ts:15:19)
          at Function.register.invoke (/data/Workspace/helios/starwards/node_modules/colyseus.js/src/core/signal.ts:57:81)
          at WebSocket.connection.events.onclose (/data/Workspace/helios/starwards/node_modules/colyseus.js/src/Room.ts:89:30)
          at callListener (/data/Workspace/helios/starwards/node_modules/colyseus.js/node_modules/ws/lib/event-target.js:290:14)
          at WebSocket.onClose (/data/Workspace/helios/starwards/node_modules/colyseus.js/node_modules/ws/lib/event-target.js:220:9)
          at WebSocket.emit (node:events:524:28)
          at WebSocket.emitClose (/data/Workspace/helios/starwards/node_modules/colyseus.js/node_modules/ws/lib/websocket.js:272:10)
          at Socket.socketOnClose (/data/Workspace/helios/starwards/node_modules/colyseus.js/node_modules/ws/lib/websocket.js:1341:15)
          at Socket.emit (node:events:524:28)
          at TCP.<anonymous> (node:net:343:12)

      at ConnectionManager.onConnectionError (modules/core/src/client/connection-manager.ts:144:21)
          at Array.forEach (<anonymous>)

    console.log
      connection error: TypeError: Cannot read properties of undefined (reading 'decoder')
          at wireEvents (/data/Workspace/helios/starwards/node_modules/colyseus-events/src/wire-events.ts:30:40)
          at /data/Workspace/helios/starwards/modules/core/src/client/admin.ts:20:5
          at processTicksAndRejections (node:internal/process/task_queues:95:5)
          at /data/Workspace/helios/starwards/modules/core/src/client/connection-manager.ts:131:21

      at ConnectionManager.onConnectionError (modules/core/src/client/connection-manager.ts:144:21)

    console.log
      connection error: Error: disconnected from server
          at EventEmitter.<anonymous> (/data/Workspace/helios/starwards/modules/core/src/client/driver.ts:53:58)
          at /data/Workspace/helios/starwards/node_modules/colyseus.js/src/core/signal.ts:15:48
          at Array.forEach (<anonymous>)
          at EventEmitter.invoke (/data/Workspace/helios/starwards/node_modules/colyseus.js/src/core/signal.ts:15:19)
          at Function.register.invoke (/data/Workspace/helios/starwards/node_modules/colyseus.js/src/core/signal.ts:57:81)
          at WebSocket.connection.events.onclose (/data/Workspace/helios/starwards/node_modules/colyseus.js/src/Room.ts:89:30)
          at callListener (/data/Workspace/helios/starwards/node_modules/colyseus.js/node_modules/ws/lib/event-target.js:290:14)
          at WebSocket.onClose (/data/Workspace/helios/starwards/node_modules/colyseus.js/node_modules/ws/lib/event-target.js:220:9)
          at WebSocket.emit (node:events:524:28)
          at WebSocket.emitClose (/data/Workspace/helios/starwards/node_modules/colyseus.js/node_modules/ws/lib/websocket.js:272:10)
          at Socket.socketOnClose (/data/Workspace/helios/starwards/node_modules/colyseus.js/node_modules/ws/lib/websocket.js:1341:15)
          at Socket.emit (node:events:524:28)
          at TCP.<anonymous> (node:net:343:12)

      at ConnectionManager.onConnectionError (modules/core/src/client/connection-manager.ts:144:21)
          at Array.forEach (<anonymous>)

    console.log
      connection error: TypeError: Cannot read properties of undefined (reading 'decoder')
          at wireEvents (/data/Workspace/helios/starwards/node_modules/colyseus-events/src/wire-events.ts:30:40)
          at /data/Workspace/helios/starwards/modules/core/src/client/admin.ts:20:5
          at processTicksAndRejections (node:internal/process/task_queues:95:5)
          at /data/Workspace/helios/starwards/modules/core/src/client/connection-manager.ts:131:21

      at ConnectionManager.onConnectionError (modules/core/src/client/connection-manager.ts:144:21)

    console.log
      connection error: Error: disconnected from server
          at EventEmitter.<anonymous> (/data/Workspace/helios/starwards/modules/core/src/client/driver.ts:53:58)
          at /data/Workspace/helios/starwards/node_modules/colyseus.js/src/core/signal.ts:15:48
          at Array.forEach (<anonymous>)
          at EventEmitter.invoke (/data/Workspace/helios/starwards/node_modules/colyseus.js/src/core/signal.ts:15:19)
          at Function.register.invoke (/data/Workspace/helios/starwards/node_modules/colyseus.js/src/core/signal.ts:57:81)
          at WebSocket.connection.events.onclose (/data/Workspace/helios/starwards/node_modules/colyseus.js/src/Room.ts:89:30)
          at callListener (/data/Workspace/helios/starwards/node_modules/colyseus.js/node_modules/ws/lib/event-target.js:290:14)
          at WebSocket.onClose (/data/Workspace/helios/starwards/node_modules/colyseus.js/node_modules/ws/lib/event-target.js:220:9)
          at WebSocket.emit (node:events:524:28)
          at WebSocket.emitClose (/data/Workspace/helios/starwards/node_modules/colyseus.js/node_modules/ws/lib/websocket.js:272:10)
          at Socket.socketOnClose (/data/Workspace/helios/starwards/node_modules/colyseus.js/node_modules/ws/lib/websocket.js:1341:15)
          at Socket.emit (node:events:524:28)
          at TCP.<anonymous> (node:net:343:12)

      at ConnectionManager.onConnectionError (modules/core/src/client/connection-manager.ts:144:21)
          at Array.forEach (<anonymous>)

    console.log
      connection error: TypeError: Cannot read properties of undefined (reading 'decoder')
          at wireEvents (/data/Workspace/helios/starwards/node_modules/colyseus-events/src/wire-events.ts:30:40)
          at /data/Workspace/helios/starwards/modules/core/src/client/admin.ts:20:5
          at processTicksAndRejections (node:internal/process/task_queues:95:5)
          at /data/Workspace/helios/starwards/modules/core/src/client/connection-manager.ts:131:21

      at ConnectionManager.onConnectionError (modules/core/src/client/connection-manager.ts:144:21)

    console.log
      connection error: Error: disconnected from server
          at EventEmitter.<anonymous> (/data/Workspace/helios/starwards/modules/core/src/client/driver.ts:53:58)
          at /data/Workspace/helios/starwards/node_modules/colyseus.js/src/core/signal.ts:15:48
          at Array.forEach (<anonymous>)
          at EventEmitter.invoke (/data/Workspace/helios/starwards/node_modules/colyseus.js/src/core/signal.ts:15:19)
          at Function.register.invoke (/data/Workspace/helios/starwards/node_modules/colyseus.js/src/core/signal.ts:57:81)
          at WebSocket.connection.events.onclose (/data/Workspace/helios/starwards/node_modules/colyseus.js/src/Room.ts:89:30)
          at callListener (/data/Workspace/helios/starwards/node_modules/colyseus.js/node_modules/ws/lib/event-target.js:290:14)
          at WebSocket.onClose (/data/Workspace/helios/starwards/node_modules/colyseus.js/node_modules/ws/lib/event-target.js:220:9)
          at WebSocket.emit (node:events:524:28)
          at WebSocket.emitClose (/data/Workspace/helios/starwards/node_modules/colyseus.js/node_modules/ws/lib/websocket.js:272:10)
          at Socket.socketOnClose (/data/Workspace/helios/starwards/node_modules/colyseus.js/node_modules/ws/lib/websocket.js:1341:15)
          at Socket.emit (node:events:524:28)
          at TCP.<anonymous> (node:net:343:12)

      at ConnectionManager.onConnectionError (modules/core/src/client/connection-manager.ts:144:21)
          at Array.forEach (<anonymous>)

    console.log
      connection error: TypeError: Cannot read properties of undefined (reading 'decoder')
          at wireEvents (/data/Workspace/helios/starwards/node_modules/colyseus-events/src/wire-events.ts:30:40)
          at /data/Workspace/helios/starwards/modules/core/src/client/admin.ts:20:5
          at processTicksAndRejections (node:internal/process/task_queues:95:5)
          at /data/Workspace/helios/starwards/modules/core/src/client/connection-manager.ts:131:21

      at ConnectionManager.onConnectionError (modules/core/src/client/connection-manager.ts:144:21)

    console.log
      connection error: Error: disconnected from server
          at EventEmitter.<anonymous> (/data/Workspace/helios/starwards/modules/core/src/client/driver.ts:53:58)
          at /data/Workspace/helios/starwards/node_modules/colyseus.js/src/core/signal.ts:15:48
          at Array.forEach (<anonymous>)
          at EventEmitter.invoke (/data/Workspace/helios/starwards/node_modules/colyseus.js/src/core/signal.ts:15:19)
          at Function.register.invoke (/data/Workspace/helios/starwards/node_modules/colyseus.js/src/core/signal.ts:57:81)
          at WebSocket.connection.events.onclose (/data/Workspace/helios/starwards/node_modules/colyseus.js/src/Room.ts:89:30)
          at callListener (/data/Workspace/helios/starwards/node_modules/colyseus.js/node_modules/ws/lib/event-target.js:290:14)
          at WebSocket.onClose (/data/Workspace/helios/starwards/node_modules/colyseus.js/node_modules/ws/lib/event-target.js:220:9)
          at WebSocket.emit (node:events:524:28)
          at WebSocket.emitClose (/data/Workspace/helios/starwards/node_modules/colyseus.js/node_modules/ws/lib/websocket.js:272:10)
          at Socket.socketOnClose (/data/Workspace/helios/starwards/node_modules/colyseus.js/node_modules/ws/lib/websocket.js:1341:15)
          at Socket.emit (node:events:524:28)
          at TCP.<anonymous> (node:net:343:12)

      at ConnectionManager.onConnectionError (modules/core/src/client/connection-manager.ts:144:21)
          at Array.forEach (<anonymous>)

    console.log
      connection error: TypeError: Cannot read properties of undefined (reading 'decoder')
          at wireEvents (/data/Workspace/helios/starwards/node_modules/colyseus-events/src/wire-events.ts:30:40)
          at /data/Workspace/helios/starwards/modules/core/src/client/admin.ts:20:5
          at processTicksAndRejections (node:internal/process/task_queues:95:5)
          at /data/Workspace/helios/starwards/modules/core/src/client/connection-manager.ts:131:21

      at ConnectionManager.onConnectionError (modules/core/src/client/connection-manager.ts:144:21)

    console.log
      connection error: Error: disconnected from server
          at EventEmitter.<anonymous> (/data/Workspace/helios/starwards/modules/core/src/client/driver.ts:53:58)
          at /data/Workspace/helios/starwards/node_modules/colyseus.js/src/core/signal.ts:15:48
          at Array.forEach (<anonymous>)
          at EventEmitter.invoke (/data/Workspace/helios/starwards/node_modules/colyseus.js/src/core/signal.ts:15:19)
          at Function.register.invoke (/data/Workspace/helios/starwards/node_modules/colyseus.js/src/core/signal.ts:57:81)
          at WebSocket.connection.events.onclose (/data/Workspace/helios/starwards/node_modules/colyseus.js/src/Room.ts:89:30)
          at callListener (/data/Workspace/helios/starwards/node_modules/colyseus.js/node_modules/ws/lib/event-target.js:290:14)
          at WebSocket.onClose (/data/Workspace/helios/starwards/node_modules/colyseus.js/node_modules/ws/lib/event-target.js:220:9)
          at WebSocket.emit (node:events:524:28)
          at WebSocket.emitClose (/data/Workspace/helios/starwards/node_modules/colyseus.js/node_modules/ws/lib/websocket.js:272:10)
          at Socket.socketOnClose (/data/Workspace/helios/starwards/node_modules/colyseus.js/node_modules/ws/lib/websocket.js:1341:15)
          at Socket.emit (node:events:524:28)
          at TCP.<anonymous> (node:net:343:12)

      at ConnectionManager.onConnectionError (modules/core/src/client/connection-manager.ts:144:21)
          at Array.forEach (<anonymous>)

    console.log
      connection error: TypeError: Cannot read properties of undefined (reading 'decoder')
          at wireEvents (/data/Workspace/helios/starwards/node_modules/colyseus-events/src/wire-events.ts:30:40)
          at /data/Workspace/helios/starwards/modules/core/src/client/admin.ts:20:5
          at processTicksAndRejections (node:internal/process/task_queues:95:5)
          at /data/Workspace/helios/starwards/modules/core/src/client/connection-manager.ts:131:21

      at ConnectionManager.onConnectionError (modules/core/src/client/connection-manager.ts:144:21)

    console.log
      connection error: Error: disconnected from server
          at EventEmitter.<anonymous> (/data/Workspace/helios/starwards/modules/core/src/client/driver.ts:53:58)
          at /data/Workspace/helios/starwards/node_modules/colyseus.js/src/core/signal.ts:15:48
          at Array.forEach (<anonymous>)
          at EventEmitter.invoke (/data/Workspace/helios/starwards/node_modules/colyseus.js/src/core/signal.ts:15:19)
          at Function.register.invoke (/data/Workspace/helios/starwards/node_modules/colyseus.js/src/core/signal.ts:57:81)
          at WebSocket.connection.events.onclose (/data/Workspace/helios/starwards/node_modules/colyseus.js/src/Room.ts:89:30)
          at callListener (/data/Workspace/helios/starwards/node_modules/colyseus.js/node_modules/ws/lib/event-target.js:290:14)
          at WebSocket.onClose (/data/Workspace/helios/starwards/node_modules/colyseus.js/node_modules/ws/lib/event-target.js:220:9)
          at WebSocket.emit (node:events:524:28)
          at WebSocket.emitClose (/data/Workspace/helios/starwards/node_modules/colyseus.js/node_modules/ws/lib/websocket.js:272:10)
          at Socket.socketOnClose (/data/Workspace/helios/starwards/node_modules/colyseus.js/node_modules/ws/lib/websocket.js:1341:15)
          at Socket.emit (node:events:524:28)
          at TCP.<anonymous> (node:net:343:12)

      at ConnectionManager.onConnectionError (modules/core/src/client/connection-manager.ts:144:21)
          at Array.forEach (<anonymous>)

    console.log
      connection error: TypeError: Cannot read properties of undefined (reading 'decoder')
          at wireEvents (/data/Workspace/helios/starwards/node_modules/colyseus-events/src/wire-events.ts:30:40)
          at /data/Workspace/helios/starwards/modules/core/src/client/admin.ts:20:5
          at processTicksAndRejections (node:internal/process/task_queues:95:5)
          at /data/Workspace/helios/starwards/modules/core/src/client/connection-manager.ts:131:21

      at ConnectionManager.onConnectionError (modules/core/src/client/connection-manager.ts:144:21)

    console.log
      connection error: Error: disconnected from server
          at EventEmitter.<anonymous> (/data/Workspace/helios/starwards/modules/core/src/client/driver.ts:53:58)
          at /data/Workspace/helios/starwards/node_modules/colyseus.js/src/core/signal.ts:15:48
          at Array.forEach (<anonymous>)
          at EventEmitter.invoke (/data/Workspace/helios/starwards/node_modules/colyseus.js/src/core/signal.ts:15:19)
          at Function.register.invoke (/data/Workspace/helios/starwards/node_modules/colyseus.js/src/core/signal.ts:57:81)
          at WebSocket.connection.events.onclose (/data/Workspace/helios/starwards/node_modules/colyseus.js/src/Room.ts:89:30)
          at callListener (/data/Workspace/helios/starwards/node_modules/colyseus.js/node_modules/ws/lib/event-target.js:290:14)
          at WebSocket.onClose (/data/Workspace/helios/starwards/node_modules/colyseus.js/node_modules/ws/lib/event-target.js:220:9)
          at WebSocket.emit (node:events:524:28)
          at WebSocket.emitClose (/data/Workspace/helios/starwards/node_modules/colyseus.js/node_modules/ws/lib/websocket.js:272:10)
          at Socket.socketOnClose (/data/Workspace/helios/starwards/node_modules/colyseus.js/node_modules/ws/lib/websocket.js:1341:15)
          at Socket.emit (node:events:524:28)
          at TCP.<anonymous> (node:net:343:12)

      at ConnectionManager.onConnectionError (modules/core/src/client/connection-manager.ts:144:21)
          at Array.forEach (<anonymous>)

    console.log
      connection error: TypeError: Cannot read properties of undefined (reading 'decoder')
          at wireEvents (/data/Workspace/helios/starwards/node_modules/colyseus-events/src/wire-events.ts:30:40)
          at /data/Workspace/helios/starwards/modules/core/src/client/admin.ts:20:5
          at processTicksAndRejections (node:internal/process/task_queues:95:5)
          at /data/Workspace/helios/starwards/modules/core/src/client/connection-manager.ts:131:21

      at ConnectionManager.onConnectionError (modules/core/src/client/connection-manager.ts:144:21)

    console.log
      connection error: Error: disconnected from server
          at EventEmitter.<anonymous> (/data/Workspace/helios/starwards/modules/core/src/client/driver.ts:53:58)
          at /data/Workspace/helios/starwards/node_modules/colyseus.js/src/core/signal.ts:15:48
          at Array.forEach (<anonymous>)
          at EventEmitter.invoke (/data/Workspace/helios/starwards/node_modules/colyseus.js/src/core/signal.ts:15:19)
          at Function.register.invoke (/data/Workspace/helios/starwards/node_modules/colyseus.js/src/core/signal.ts:57:81)
          at WebSocket.connection.events.onclose (/data/Workspace/helios/starwards/node_modules/colyseus.js/src/Room.ts:89:30)
          at callListener (/data/Workspace/helios/starwards/node_modules/colyseus.js/node_modules/ws/lib/event-target.js:290:14)
          at WebSocket.onClose (/data/Workspace/helios/starwards/node_modules/colyseus.js/node_modules/ws/lib/event-target.js:220:9)
          at WebSocket.emit (node:events:524:28)
          at WebSocket.emitClose (/data/Workspace/helios/starwards/node_modules/colyseus.js/node_modules/ws/lib/websocket.js:272:10)
          at Socket.socketOnClose (/data/Workspace/helios/starwards/node_modules/colyseus.js/node_modules/ws/lib/websocket.js:1341:15)
          at Socket.emit (node:events:524:28)
          at TCP.<anonymous> (node:net:343:12)

      at ConnectionManager.onConnectionError (modules/core/src/client/connection-manager.ts:144:21)
          at Array.forEach (<anonymous>)

    console.log
      connection error: TypeError: Cannot read properties of undefined (reading 'decoder')
          at wireEvents (/data/Workspace/helios/starwards/node_modules/colyseus-events/src/wire-events.ts:30:40)
          at /data/Workspace/helios/starwards/modules/core/src/client/admin.ts:20:5
          at processTicksAndRejections (node:internal/process/task_queues:95:5)
          at /data/Workspace/helios/starwards/modules/core/src/client/connection-manager.ts:131:21

      at ConnectionManager.onConnectionError (modules/core/src/client/connection-manager.ts:144:21)

    console.log
      connection error: Error: disconnected from server
          at EventEmitter.<anonymous> (/data/Workspace/helios/starwards/modules/core/src/client/driver.ts:53:58)
          at /data/Workspace/helios/starwards/node_modules/colyseus.js/src/core/signal.ts:15:48
          at Array.forEach (<anonymous>)
          at EventEmitter.invoke (/data/Workspace/helios/starwards/node_modules/colyseus.js/src/core/signal.ts:15:19)
          at Function.register.invoke (/data/Workspace/helios/starwards/node_modules/colyseus.js/src/core/signal.ts:57:81)
          at WebSocket.connection.events.onclose (/data/Workspace/helios/starwards/node_modules/colyseus.js/src/Room.ts:89:30)
          at callListener (/data/Workspace/helios/starwards/node_modules/colyseus.js/node_modules/ws/lib/event-target.js:290:14)
          at WebSocket.onClose (/data/Workspace/helios/starwards/node_modules/colyseus.js/node_modules/ws/lib/event-target.js:220:9)
          at WebSocket.emit (node:events:524:28)
          at WebSocket.emitClose (/data/Workspace/helios/starwards/node_modules/colyseus.js/node_modules/ws/lib/websocket.js:272:10)
          at Socket.socketOnClose (/data/Workspace/helios/starwards/node_modules/colyseus.js/node_modules/ws/lib/websocket.js:1341:15)
          at Socket.emit (node:events:524:28)
          at TCP.<anonymous> (node:net:343:12)

      at ConnectionManager.onConnectionError (modules/core/src/client/connection-manager.ts:144:21)
          at Array.forEach (<anonymous>)

    console.log
      connection error: TypeError: Cannot read properties of undefined (reading 'decoder')
          at wireEvents (/data/Workspace/helios/starwards/node_modules/colyseus-events/src/wire-events.ts:30:40)
          at /data/Workspace/helios/starwards/modules/core/src/client/admin.ts:20:5
          at processTicksAndRejections (node:internal/process/task_queues:95:5)
          at /data/Workspace/helios/starwards/modules/core/src/client/connection-manager.ts:131:21

      at ConnectionManager.onConnectionError (modules/core/src/client/connection-manager.ts:144:21)

    console.log
      connection error: Error: disconnected from server
          at EventEmitter.<anonymous> (/data/Workspace/helios/starwards/modules/core/src/client/driver.ts:53:58)
          at /data/Workspace/helios/starwards/node_modules/colyseus.js/src/core/signal.ts:15:48
          at Array.forEach (<anonymous>)
          at EventEmitter.invoke (/data/Workspace/helios/starwards/node_modules/colyseus.js/src/core/signal.ts:15:19)
          at Function.register.invoke (/data/Workspace/helios/starwards/node_modules/colyseus.js/src/core/signal.ts:57:81)
          at WebSocket.connection.events.onclose (/data/Workspace/helios/starwards/node_modules/colyseus.js/src/Room.ts:89:30)
          at callListener (/data/Workspace/helios/starwards/node_modules/colyseus.js/node_modules/ws/lib/event-target.js:290:14)
          at WebSocket.onClose (/data/Workspace/helios/starwards/node_modules/colyseus.js/node_modules/ws/lib/event-target.js:220:9)
          at WebSocket.emit (node:events:524:28)
          at WebSocket.emitClose (/data/Workspace/helios/starwards/node_modules/colyseus.js/node_modules/ws/lib/websocket.js:272:10)
          at Socket.socketOnClose (/data/Workspace/helios/starwards/node_modules/colyseus.js/node_modules/ws/lib/websocket.js:1341:15)
          at Socket.emit (node:events:524:28)
          at TCP.<anonymous> (node:net:343:12)

      at ConnectionManager.onConnectionError (modules/core/src/client/connection-manager.ts:144:21)
          at Array.forEach (<anonymous>)

    console.log
      connection error: TypeError: Cannot read properties of undefined (reading 'decoder')
          at wireEvents (/data/Workspace/helios/starwards/node_modules/colyseus-events/src/wire-events.ts:30:40)
          at /data/Workspace/helios/starwards/modules/core/src/client/admin.ts:20:5
          at processTicksAndRejections (node:internal/process/task_queues:95:5)
          at /data/Workspace/helios/starwards/modules/core/src/client/connection-manager.ts:131:21

      at ConnectionManager.onConnectionError (modules/core/src/client/connection-manager.ts:144:21)

    console.log
      connection error: Error: disconnected from server
          at EventEmitter.<anonymous> (/data/Workspace/helios/starwards/modules/core/src/client/driver.ts:53:58)
          at /data/Workspace/helios/starwards/node_modules/colyseus.js/src/core/signal.ts:15:48
          at Array.forEach (<anonymous>)
          at EventEmitter.invoke (/data/Workspace/helios/starwards/node_modules/colyseus.js/src/core/signal.ts:15:19)
          at Function.register.invoke (/data/Workspace/helios/starwards/node_modules/colyseus.js/src/core/signal.ts:57:81)
          at WebSocket.connection.events.onclose (/data/Workspace/helios/starwards/node_modules/colyseus.js/src/Room.ts:89:30)
          at callListener (/data/Workspace/helios/starwards/node_modules/colyseus.js/node_modules/ws/lib/event-target.js:290:14)
          at WebSocket.onClose (/data/Workspace/helios/starwards/node_modules/colyseus.js/node_modules/ws/lib/event-target.js:220:9)
          at WebSocket.emit (node:events:524:28)
          at WebSocket.emitClose (/data/Workspace/helios/starwards/node_modules/colyseus.js/node_modules/ws/lib/websocket.js:272:10)
          at Socket.socketOnClose (/data/Workspace/helios/starwards/node_modules/colyseus.js/node_modules/ws/lib/websocket.js:1341:15)
          at Socket.emit (node:events:524:28)
          at TCP.<anonymous> (node:net:343:12)

      at ConnectionManager.onConnectionError (modules/core/src/client/connection-manager.ts:144:21)
          at Array.forEach (<anonymous>)

    console.log
      connection error: TypeError: Cannot read properties of undefined (reading 'decoder')
          at wireEvents (/data/Workspace/helios/starwards/node_modules/colyseus-events/src/wire-events.ts:30:40)
          at /data/Workspace/helios/starwards/modules/core/src/client/admin.ts:20:5
          at processTicksAndRejections (node:internal/process/task_queues:95:5)
          at /data/Workspace/helios/starwards/modules/core/src/client/connection-manager.ts:131:21

      at ConnectionManager.onConnectionError (modules/core/src/client/connection-manager.ts:144:21)

    console.log
      connection error: Error: disconnected from server
          at EventEmitter.<anonymous> (/data/Workspace/helios/starwards/modules/core/src/client/driver.ts:53:58)
          at /data/Workspace/helios/starwards/node_modules/colyseus.js/src/core/signal.ts:15:48
          at Array.forEach (<anonymous>)
          at EventEmitter.invoke (/data/Workspace/helios/starwards/node_modules/colyseus.js/src/core/signal.ts:15:19)
          at Function.register.invoke (/data/Workspace/helios/starwards/node_modules/colyseus.js/src/core/signal.ts:57:81)
          at WebSocket.connection.events.onclose (/data/Workspace/helios/starwards/node_modules/colyseus.js/src/Room.ts:89:30)
          at callListener (/data/Workspace/helios/starwards/node_modules/colyseus.js/node_modules/ws/lib/event-target.js:290:14)
          at WebSocket.onClose (/data/Workspace/helios/starwards/node_modules/colyseus.js/node_modules/ws/lib/event-target.js:220:9)
          at WebSocket.emit (node:events:524:28)
          at WebSocket.emitClose (/data/Workspace/helios/starwards/node_modules/colyseus.js/node_modules/ws/lib/websocket.js:272:10)
          at Socket.socketOnClose (/data/Workspace/helios/starwards/node_modules/colyseus.js/node_modules/ws/lib/websocket.js:1341:15)
          at Socket.emit (node:events:524:28)
          at TCP.<anonymous> (node:net:343:12)

      at ConnectionManager.onConnectionError (modules/core/src/client/connection-manager.ts:144:21)
          at Array.forEach (<anonymous>)

    console.log
      connection error: TypeError: Cannot read properties of undefined (reading 'decoder')
          at wireEvents (/data/Workspace/helios/starwards/node_modules/colyseus-events/src/wire-events.ts:30:40)
          at /data/Workspace/helios/starwards/modules/core/src/client/admin.ts:20:5
          at processTicksAndRejections (node:internal/process/task_queues:95:5)
          at /data/Workspace/helios/starwards/modules/core/src/client/connection-manager.ts:131:21

      at ConnectionManager.onConnectionError (modules/core/src/client/connection-manager.ts:144:21)

    console.log
      connection error: Error: disconnected from server
          at EventEmitter.<anonymous> (/data/Workspace/helios/starwards/modules/core/src/client/driver.ts:53:58)
          at /data/Workspace/helios/starwards/node_modules/colyseus.js/src/core/signal.ts:15:48
          at Array.forEach (<anonymous>)
          at EventEmitter.invoke (/data/Workspace/helios/starwards/node_modules/colyseus.js/src/core/signal.ts:15:19)
          at Function.register.invoke (/data/Workspace/helios/starwards/node_modules/colyseus.js/src/core/signal.ts:57:81)
          at WebSocket.connection.events.onclose (/data/Workspace/helios/starwards/node_modules/colyseus.js/src/Room.ts:89:30)
          at callListener (/data/Workspace/helios/starwards/node_modules/colyseus.js/node_modules/ws/lib/event-target.js:290:14)
          at WebSocket.onClose (/data/Workspace/helios/starwards/node_modules/colyseus.js/node_modules/ws/lib/event-target.js:220:9)
          at WebSocket.emit (node:events:524:28)
          at WebSocket.emitClose (/data/Workspace/helios/starwards/node_modules/colyseus.js/node_modules/ws/lib/websocket.js:272:10)
          at Socket.socketOnClose (/data/Workspace/helios/starwards/node_modules/colyseus.js/node_modules/ws/lib/websocket.js:1341:15)
          at Socket.emit (node:events:524:28)
          at TCP.<anonymous> (node:net:343:12)

      at ConnectionManager.onConnectionError (modules/core/src/client/connection-manager.ts:144:21)
          at Array.forEach (<anonymous>)

    console.log
      connection error: TypeError: Cannot read properties of undefined (reading 'decoder')
          at wireEvents (/data/Workspace/helios/starwards/node_modules/colyseus-events/src/wire-events.ts:30:40)
          at /data/Workspace/helios/starwards/modules/core/src/client/admin.ts:20:5
          at processTicksAndRejections (node:internal/process/task_queues:95:5)
          at /data/Workspace/helios/starwards/modules/core/src/client/connection-manager.ts:131:21

      at ConnectionManager.onConnectionError (modules/core/src/client/connection-manager.ts:144:21)

    console.log
      connection error: Error: disconnected from server
          at EventEmitter.<anonymous> (/data/Workspace/helios/starwards/modules/core/src/client/driver.ts:53:58)
          at /data/Workspace/helios/starwards/node_modules/colyseus.js/src/core/signal.ts:15:48
          at Array.forEach (<anonymous>)
          at EventEmitter.invoke (/data/Workspace/helios/starwards/node_modules/colyseus.js/src/core/signal.ts:15:19)
          at Function.register.invoke (/data/Workspace/helios/starwards/node_modules/colyseus.js/src/core/signal.ts:57:81)
          at WebSocket.connection.events.onclose (/data/Workspace/helios/starwards/node_modules/colyseus.js/src/Room.ts:89:30)
          at callListener (/data/Workspace/helios/starwards/node_modules/colyseus.js/node_modules/ws/lib/event-target.js:290:14)
          at WebSocket.onClose (/data/Workspace/helios/starwards/node_modules/colyseus.js/node_modules/ws/lib/event-target.js:220:9)
          at WebSocket.emit (node:events:524:28)
          at WebSocket.emitClose (/data/Workspace/helios/starwards/node_modules/colyseus.js/node_modules/ws/lib/websocket.js:272:10)
          at Socket.socketOnClose (/data/Workspace/helios/starwards/node_modules/colyseus.js/node_modules/ws/lib/websocket.js:1341:15)
          at Socket.emit (node:events:524:28)
          at TCP.<anonymous> (node:net:343:12)

      at ConnectionManager.onConnectionError (modules/core/src/client/connection-manager.ts:144:21)
          at Array.forEach (<anonymous>)

    console.log
      connection error: TypeError: Cannot read properties of undefined (reading 'decoder')
          at wireEvents (/data/Workspace/helios/starwards/node_modules/colyseus-events/src/wire-events.ts:30:40)
          at /data/Workspace/helios/starwards/modules/core/src/client/admin.ts:20:5
          at processTicksAndRejections (node:internal/process/task_queues:95:5)
          at /data/Workspace/helios/starwards/modules/core/src/client/connection-manager.ts:131:21

      at ConnectionManager.onConnectionError (modules/core/src/client/connection-manager.ts:144:21)

    console.log
      connection error: Error: disconnected from server
          at EventEmitter.<anonymous> (/data/Workspace/helios/starwards/modules/core/src/client/driver.ts:53:58)
          at /data/Workspace/helios/starwards/node_modules/colyseus.js/src/core/signal.ts:15:48
          at Array.forEach (<anonymous>)
          at EventEmitter.invoke (/data/Workspace/helios/starwards/node_modules/colyseus.js/src/core/signal.ts:15:19)
          at Function.register.invoke (/data/Workspace/helios/starwards/node_modules/colyseus.js/src/core/signal.ts:57:81)
          at WebSocket.connection.events.onclose (/data/Workspace/helios/starwards/node_modules/colyseus.js/src/Room.ts:89:30)
          at callListener (/data/Workspace/helios/starwards/node_modules/colyseus.js/node_modules/ws/lib/event-target.js:290:14)
          at WebSocket.onClose (/data/Workspace/helios/starwards/node_modules/colyseus.js/node_modules/ws/lib/event-target.js:220:9)
          at WebSocket.emit (node:events:524:28)
          at WebSocket.emitClose (/data/Workspace/helios/starwards/node_modules/colyseus.js/node_modules/ws/lib/websocket.js:272:10)
          at Socket.socketOnClose (/data/Workspace/helios/starwards/node_modules/colyseus.js/node_modules/ws/lib/websocket.js:1341:15)
          at Socket.emit (node:events:524:28)
          at TCP.<anonymous> (node:net:343:12)

      at ConnectionManager.onConnectionError (modules/core/src/client/connection-manager.ts:144:21)
          at Array.forEach (<anonymous>)

    console.log
      connection error: TypeError: Cannot read properties of undefined (reading 'decoder')
          at wireEvents (/data/Workspace/helios/starwards/node_modules/colyseus-events/src/wire-events.ts:30:40)
          at /data/Workspace/helios/starwards/modules/core/src/client/admin.ts:20:5
          at processTicksAndRejections (node:internal/process/task_queues:95:5)
          at /data/Workspace/helios/starwards/modules/core/src/client/connection-manager.ts:131:21

      at ConnectionManager.onConnectionError (modules/core/src/client/connection-manager.ts:144:21)

    console.log
      connection error: Error: disconnected from server
          at EventEmitter.<anonymous> (/data/Workspace/helios/starwards/modules/core/src/client/driver.ts:53:58)
          at /data/Workspace/helios/starwards/node_modules/colyseus.js/src/core/signal.ts:15:48
          at Array.forEach (<anonymous>)
          at EventEmitter.invoke (/data/Workspace/helios/starwards/node_modules/colyseus.js/src/core/signal.ts:15:19)
          at Function.register.invoke (/data/Workspace/helios/starwards/node_modules/colyseus.js/src/core/signal.ts:57:81)
          at WebSocket.connection.events.onclose (/data/Workspace/helios/starwards/node_modules/colyseus.js/src/Room.ts:89:30)
          at callListener (/data/Workspace/helios/starwards/node_modules/colyseus.js/node_modules/ws/lib/event-target.js:290:14)
          at WebSocket.onClose (/data/Workspace/helios/starwards/node_modules/colyseus.js/node_modules/ws/lib/event-target.js:220:9)
          at WebSocket.emit (node:events:524:28)
          at WebSocket.emitClose (/data/Workspace/helios/starwards/node_modules/colyseus.js/node_modules/ws/lib/websocket.js:272:10)
          at Socket.socketOnClose (/data/Workspace/helios/starwards/node_modules/colyseus.js/node_modules/ws/lib/websocket.js:1341:15)
          at Socket.emit (node:events:524:28)
          at TCP.<anonymous> (node:net:343:12)

      at ConnectionManager.onConnectionError (modules/core/src/client/connection-manager.ts:144:21)
          at Array.forEach (<anonymous>)

    console.log
      connection error: TypeError: Cannot read properties of undefined (reading 'decoder')
          at wireEvents (/data/Workspace/helios/starwards/node_modules/colyseus-events/src/wire-events.ts:30:40)
          at /data/Workspace/helios/starwards/modules/core/src/client/admin.ts:20:5
          at processTicksAndRejections (node:internal/process/task_queues:95:5)
          at /data/Workspace/helios/starwards/modules/core/src/client/connection-manager.ts:131:21

      at ConnectionManager.onConnectionError (modules/core/src/client/connection-manager.ts:144:21)

    console.log
      connection error: Error: disconnected from server
          at EventEmitter.<anonymous> (/data/Workspace/helios/starwards/modules/core/src/client/driver.ts:53:58)
          at /data/Workspace/helios/starwards/node_modules/colyseus.js/src/core/signal.ts:15:48
          at Array.forEach (<anonymous>)
          at EventEmitter.invoke (/data/Workspace/helios/starwards/node_modules/colyseus.js/src/core/signal.ts:15:19)
          at Function.register.invoke (/data/Workspace/helios/starwards/node_modules/colyseus.js/src/core/signal.ts:57:81)
          at WebSocket.connection.events.onclose (/data/Workspace/helios/starwards/node_modules/colyseus.js/src/Room.ts:89:30)
          at callListener (/data/Workspace/helios/starwards/node_modules/colyseus.js/node_modules/ws/lib/event-target.js:290:14)
          at WebSocket.onClose (/data/Workspace/helios/starwards/node_modules/colyseus.js/node_modules/ws/lib/event-target.js:220:9)
          at WebSocket.emit (node:events:524:28)
          at WebSocket.emitClose (/data/Workspace/helios/starwards/node_modules/colyseus.js/node_modules/ws/lib/websocket.js:272:10)
          at Socket.socketOnClose (/data/Workspace/helios/starwards/node_modules/colyseus.js/node_modules/ws/lib/websocket.js:1341:15)
          at Socket.emit (node:events:524:28)
          at TCP.<anonymous> (node:net:343:12)

      at ConnectionManager.onConnectionError (modules/core/src/client/connection-manager.ts:144:21)
          at Array.forEach (<anonymous>)

    console.log
      connection error: TypeError: Cannot read properties of undefined (reading 'decoder')
          at wireEvents (/data/Workspace/helios/starwards/node_modules/colyseus-events/src/wire-events.ts:30:40)
          at /data/Workspace/helios/starwards/modules/core/src/client/admin.ts:20:5
          at processTicksAndRejections (node:internal/process/task_queues:95:5)
          at /data/Workspace/helios/starwards/modules/core/src/client/connection-manager.ts:131:21

      at ConnectionManager.onConnectionError (modules/core/src/client/connection-manager.ts:144:21)

    console.log
      connection error: Error: disconnected from server
          at EventEmitter.<anonymous> (/data/Workspace/helios/starwards/modules/core/src/client/driver.ts:53:58)
          at /data/Workspace/helios/starwards/node_modules/colyseus.js/src/core/signal.ts:15:48
          at Array.forEach (<anonymous>)
          at EventEmitter.invoke (/data/Workspace/helios/starwards/node_modules/colyseus.js/src/core/signal.ts:15:19)
          at Function.register.invoke (/data/Workspace/helios/starwards/node_modules/colyseus.js/src/core/signal.ts:57:81)
          at WebSocket.connection.events.onclose (/data/Workspace/helios/starwards/node_modules/colyseus.js/src/Room.ts:89:30)
          at callListener (/data/Workspace/helios/starwards/node_modules/colyseus.js/node_modules/ws/lib/event-target.js:290:14)
          at WebSocket.onClose (/data/Workspace/helios/starwards/node_modules/colyseus.js/node_modules/ws/lib/event-target.js:220:9)
          at WebSocket.emit (node:events:524:28)
          at WebSocket.emitClose (/data/Workspace/helios/starwards/node_modules/colyseus.js/node_modules/ws/lib/websocket.js:272:10)
          at Socket.socketOnClose (/data/Workspace/helios/starwards/node_modules/colyseus.js/node_modules/ws/lib/websocket.js:1341:15)
          at Socket.emit (node:events:524:28)
          at TCP.<anonymous> (node:net:343:12)

      at ConnectionManager.onConnectionError (modules/core/src/client/connection-manager.ts:144:21)
          at Array.forEach (<anonymous>)

    console.log
      connection error: TypeError: Cannot read properties of undefined (reading 'decoder')
          at wireEvents (/data/Workspace/helios/starwards/node_modules/colyseus-events/src/wire-events.ts:30:40)
          at /data/Workspace/helios/starwards/modules/core/src/client/admin.ts:20:5
          at processTicksAndRejections (node:internal/process/task_queues:95:5)
          at /data/Workspace/helios/starwards/modules/core/src/client/connection-manager.ts:131:21

      at ConnectionManager.onConnectionError (modules/core/src/client/connection-manager.ts:144:21)

    console.log
      connection error: Error: disconnected from server
          at EventEmitter.<anonymous> (/data/Workspace/helios/starwards/modules/core/src/client/driver.ts:53:58)
          at /data/Workspace/helios/starwards/node_modules/colyseus.js/src/core/signal.ts:15:48
          at Array.forEach (<anonymous>)
          at EventEmitter.invoke (/data/Workspace/helios/starwards/node_modules/colyseus.js/src/core/signal.ts:15:19)
          at Function.register.invoke (/data/Workspace/helios/starwards/node_modules/colyseus.js/src/core/signal.ts:57:81)
          at WebSocket.connection.events.onclose (/data/Workspace/helios/starwards/node_modules/colyseus.js/src/Room.ts:89:30)
          at callListener (/data/Workspace/helios/starwards/node_modules/colyseus.js/node_modules/ws/lib/event-target.js:290:14)
          at WebSocket.onClose (/data/Workspace/helios/starwards/node_modules/colyseus.js/node_modules/ws/lib/event-target.js:220:9)
          at WebSocket.emit (node:events:524:28)
          at WebSocket.emitClose (/data/Workspace/helios/starwards/node_modules/colyseus.js/node_modules/ws/lib/websocket.js:272:10)
          at Socket.socketOnClose (/data/Workspace/helios/starwards/node_modules/colyseus.js/node_modules/ws/lib/websocket.js:1341:15)
          at Socket.emit (node:events:524:28)
          at TCP.<anonymous> (node:net:343:12)

      at ConnectionManager.onConnectionError (modules/core/src/client/connection-manager.ts:144:21)
          at Array.forEach (<anonymous>)

    console.log
      connection error: TypeError: Cannot read properties of undefined (reading 'decoder')
          at wireEvents (/data/Workspace/helios/starwards/node_modules/colyseus-events/src/wire-events.ts:30:40)
          at /data/Workspace/helios/starwards/modules/core/src/client/admin.ts:20:5
          at processTicksAndRejections (node:internal/process/task_queues:95:5)
          at /data/Workspace/helios/starwards/modules/core/src/client/connection-manager.ts:131:21

      at ConnectionManager.onConnectionError (modules/core/src/client/connection-manager.ts:144:21)

    console.log
      connection error: Error: disconnected from server
          at EventEmitter.<anonymous> (/data/Workspace/helios/starwards/modules/core/src/client/driver.ts:53:58)
          at /data/Workspace/helios/starwards/node_modules/colyseus.js/src/core/signal.ts:15:48
          at Array.forEach (<anonymous>)
          at EventEmitter.invoke (/data/Workspace/helios/starwards/node_modules/colyseus.js/src/core/signal.ts:15:19)
          at Function.register.invoke (/data/Workspace/helios/starwards/node_modules/colyseus.js/src/core/signal.ts:57:81)
          at WebSocket.connection.events.onclose (/data/Workspace/helios/starwards/node_modules/colyseus.js/src/Room.ts:89:30)
          at callListener (/data/Workspace/helios/starwards/node_modules/colyseus.js/node_modules/ws/lib/event-target.js:290:14)
          at WebSocket.onClose (/data/Workspace/helios/starwards/node_modules/colyseus.js/node_modules/ws/lib/event-target.js:220:9)
          at WebSocket.emit (node:events:524:28)
          at WebSocket.emitClose (/data/Workspace/helios/starwards/node_modules/colyseus.js/node_modules/ws/lib/websocket.js:272:10)
          at Socket.socketOnClose (/data/Workspace/helios/starwards/node_modules/colyseus.js/node_modules/ws/lib/websocket.js:1341:15)
          at Socket.emit (node:events:524:28)
          at TCP.<anonymous> (node:net:343:12)

      at ConnectionManager.onConnectionError (modules/core/src/client/connection-manager.ts:144:21)
          at Array.forEach (<anonymous>)

    console.log
      connection error: TypeError: Cannot read properties of undefined (reading 'decoder')
          at wireEvents (/data/Workspace/helios/starwards/node_modules/colyseus-events/src/wire-events.ts:30:40)
          at /data/Workspace/helios/starwards/modules/core/src/client/admin.ts:20:5
          at processTicksAndRejections (node:internal/process/task_queues:95:5)
          at /data/Workspace/helios/starwards/modules/core/src/client/connection-manager.ts:131:21

      at ConnectionManager.onConnectionError (modules/core/src/client/connection-manager.ts:144:21)

    console.log
      connection error: Error: disconnected from server
          at EventEmitter.<anonymous> (/data/Workspace/helios/starwards/modules/core/src/client/driver.ts:53:58)
          at /data/Workspace/helios/starwards/node_modules/colyseus.js/src/core/signal.ts:15:48
          at Array.forEach (<anonymous>)
          at EventEmitter.invoke (/data/Workspace/helios/starwards/node_modules/colyseus.js/src/core/signal.ts:15:19)
          at Function.register.invoke (/data/Workspace/helios/starwards/node_modules/colyseus.js/src/core/signal.ts:57:81)
          at WebSocket.connection.events.onclose (/data/Workspace/helios/starwards/node_modules/colyseus.js/src/Room.ts:89:30)
          at callListener (/data/Workspace/helios/starwards/node_modules/colyseus.js/node_modules/ws/lib/event-target.js:290:14)
          at WebSocket.onClose (/data/Workspace/helios/starwards/node_modules/colyseus.js/node_modules/ws/lib/event-target.js:220:9)
          at WebSocket.emit (node:events:524:28)
          at WebSocket.emitClose (/data/Workspace/helios/starwards/node_modules/colyseus.js/node_modules/ws/lib/websocket.js:272:10)
          at Socket.socketOnClose (/data/Workspace/helios/starwards/node_modules/colyseus.js/node_modules/ws/lib/websocket.js:1341:15)
          at Socket.emit (node:events:524:28)
          at TCP.<anonymous> (node:net:343:12)

      at ConnectionManager.onConnectionError (modules/core/src/client/connection-manager.ts:144:21)
          at Array.forEach (<anonymous>)

    console.log
      connection error: TypeError: Cannot read properties of undefined (reading 'decoder')
          at wireEvents (/data/Workspace/helios/starwards/node_modules/colyseus-events/src/wire-events.ts:30:40)
          at /data/Workspace/helios/starwards/modules/core/src/client/admin.ts:20:5
          at processTicksAndRejections (node:internal/process/task_queues:95:5)
          at /data/Workspace/helios/starwards/modules/core/src/client/connection-manager.ts:131:21

      at ConnectionManager.onConnectionError (modules/core/src/client/connection-manager.ts:144:21)

    console.log
      connection error: Error: disconnected from server
          at EventEmitter.<anonymous> (/data/Workspace/helios/starwards/modules/core/src/client/driver.ts:53:58)
          at /data/Workspace/helios/starwards/node_modules/colyseus.js/src/core/signal.ts:15:48
          at Array.forEach (<anonymous>)
          at EventEmitter.invoke (/data/Workspace/helios/starwards/node_modules/colyseus.js/src/core/signal.ts:15:19)
          at Function.register.invoke (/data/Workspace/helios/starwards/node_modules/colyseus.js/src/core/signal.ts:57:81)
          at WebSocket.connection.events.onclose (/data/Workspace/helios/starwards/node_modules/colyseus.js/src/Room.ts:89:30)
          at callListener (/data/Workspace/helios/starwards/node_modules/colyseus.js/node_modules/ws/lib/event-target.js:290:14)
          at WebSocket.onClose (/data/Workspace/helios/starwards/node_modules/colyseus.js/node_modules/ws/lib/event-target.js:220:9)
          at WebSocket.emit (node:events:524:28)
          at WebSocket.emitClose (/data/Workspace/helios/starwards/node_modules/colyseus.js/node_modules/ws/lib/websocket.js:272:10)
          at Socket.socketOnClose (/data/Workspace/helios/starwards/node_modules/colyseus.js/node_modules/ws/lib/websocket.js:1341:15)
          at Socket.emit (node:events:524:28)
          at TCP.<anonymous> (node:net:343:12)

      at ConnectionManager.onConnectionError (modules/core/src/client/connection-manager.ts:144:21)
          at Array.forEach (<anonymous>)

    console.log
      connection error: TypeError: Cannot read properties of undefined (reading 'decoder')
          at wireEvents (/data/Workspace/helios/starwards/node_modules/colyseus-events/src/wire-events.ts:30:40)
          at /data/Workspace/helios/starwards/modules/core/src/client/admin.ts:20:5
          at processTicksAndRejections (node:internal/process/task_queues:95:5)
          at /data/Workspace/helios/starwards/modules/core/src/client/connection-manager.ts:131:21

      at ConnectionManager.onConnectionError (modules/core/src/client/connection-manager.ts:144:21)

    console.log
      connection error: Error: disconnected from server
          at EventEmitter.<anonymous> (/data/Workspace/helios/starwards/modules/core/src/client/driver.ts:53:58)
          at /data/Workspace/helios/starwards/node_modules/colyseus.js/src/core/signal.ts:15:48
          at Array.forEach (<anonymous>)
          at EventEmitter.invoke (/data/Workspace/helios/starwards/node_modules/colyseus.js/src/core/signal.ts:15:19)
          at Function.register.invoke (/data/Workspace/helios/starwards/node_modules/colyseus.js/src/core/signal.ts:57:81)
          at WebSocket.connection.events.onclose (/data/Workspace/helios/starwards/node_modules/colyseus.js/src/Room.ts:89:30)
          at callListener (/data/Workspace/helios/starwards/node_modules/colyseus.js/node_modules/ws/lib/event-target.js:290:14)
          at WebSocket.onClose (/data/Workspace/helios/starwards/node_modules/colyseus.js/node_modules/ws/lib/event-target.js:220:9)
          at WebSocket.emit (node:events:524:28)
          at WebSocket.emitClose (/data/Workspace/helios/starwards/node_modules/colyseus.js/node_modules/ws/lib/websocket.js:272:10)
          at Socket.socketOnClose (/data/Workspace/helios/starwards/node_modules/colyseus.js/node_modules/ws/lib/websocket.js:1341:15)
          at Socket.emit (node:events:524:28)
          at TCP.<anonymous> (node:net:343:12)

      at ConnectionManager.onConnectionError (modules/core/src/client/connection-manager.ts:144:21)
          at Array.forEach (<anonymous>)

    console.log
      connection error: TypeError: Cannot read properties of undefined (reading 'decoder')
          at wireEvents (/data/Workspace/helios/starwards/node_modules/colyseus-events/src/wire-events.ts:30:40)
          at /data/Workspace/helios/starwards/modules/core/src/client/admin.ts:20:5
          at processTicksAndRejections (node:internal/process/task_queues:95:5)
          at /data/Workspace/helios/starwards/modules/core/src/client/connection-manager.ts:131:21

      at ConnectionManager.onConnectionError (modules/core/src/client/connection-manager.ts:144:21)

    console.log
      connection error: Error: disconnected from server
          at EventEmitter.<anonymous> (/data/Workspace/helios/starwards/modules/core/src/client/driver.ts:53:58)
          at /data/Workspace/helios/starwards/node_modules/colyseus.js/src/core/signal.ts:15:48
          at Array.forEach (<anonymous>)
          at EventEmitter.invoke (/data/Workspace/helios/starwards/node_modules/colyseus.js/src/core/signal.ts:15:19)
          at Function.register.invoke (/data/Workspace/helios/starwards/node_modules/colyseus.js/src/core/signal.ts:57:81)
          at WebSocket.connection.events.onclose (/data/Workspace/helios/starwards/node_modules/colyseus.js/src/Room.ts:89:30)
          at callListener (/data/Workspace/helios/starwards/node_modules/colyseus.js/node_modules/ws/lib/event-target.js:290:14)
          at WebSocket.onClose (/data/Workspace/helios/starwards/node_modules/colyseus.js/node_modules/ws/lib/event-target.js:220:9)
          at WebSocket.emit (node:events:524:28)
          at WebSocket.emitClose (/data/Workspace/helios/starwards/node_modules/colyseus.js/node_modules/ws/lib/websocket.js:272:10)
          at Socket.socketOnClose (/data/Workspace/helios/starwards/node_modules/colyseus.js/node_modules/ws/lib/websocket.js:1341:15)
          at Socket.emit (node:events:524:28)
          at TCP.<anonymous> (node:net:343:12)

      at ConnectionManager.onConnectionError (modules/core/src/client/connection-manager.ts:144:21)
          at Array.forEach (<anonymous>)

    console.log
      connection error: TypeError: Cannot read properties of undefined (reading 'decoder')
          at wireEvents (/data/Workspace/helios/starwards/node_modules/colyseus-events/src/wire-events.ts:30:40)
          at /data/Workspace/helios/starwards/modules/core/src/client/admin.ts:20:5
          at processTicksAndRejections (node:internal/process/task_queues:95:5)
          at /data/Workspace/helios/starwards/modules/core/src/client/connection-manager.ts:131:21

      at ConnectionManager.onConnectionError (modules/core/src/client/connection-manager.ts:144:21)

    console.log
      connection error: Error: disconnected from server
          at EventEmitter.<anonymous> (/data/Workspace/helios/starwards/modules/core/src/client/driver.ts:53:58)
          at /data/Workspace/helios/starwards/node_modules/colyseus.js/src/core/signal.ts:15:48
          at Array.forEach (<anonymous>)
          at EventEmitter.invoke (/data/Workspace/helios/starwards/node_modules/colyseus.js/src/core/signal.ts:15:19)
          at Function.register.invoke (/data/Workspace/helios/starwards/node_modules/colyseus.js/src/core/signal.ts:57:81)
          at WebSocket.connection.events.onclose (/data/Workspace/helios/starwards/node_modules/colyseus.js/src/Room.ts:89:30)
          at callListener (/data/Workspace/helios/starwards/node_modules/colyseus.js/node_modules/ws/lib/event-target.js:290:14)
          at WebSocket.onClose (/data/Workspace/helios/starwards/node_modules/colyseus.js/node_modules/ws/lib/event-target.js:220:9)
          at WebSocket.emit (node:events:524:28)
          at WebSocket.emitClose (/data/Workspace/helios/starwards/node_modules/colyseus.js/node_modules/ws/lib/websocket.js:272:10)
          at Socket.socketOnClose (/data/Workspace/helios/starwards/node_modules/colyseus.js/node_modules/ws/lib/websocket.js:1341:15)
          at Socket.emit (node:events:524:28)
          at TCP.<anonymous> (node:net:343:12)

      at ConnectionManager.onConnectionError (modules/core/src/client/connection-manager.ts:144:21)
          at Array.forEach (<anonymous>)

    console.log
      connection error: TypeError: Cannot read properties of undefined (reading 'decoder')
          at wireEvents (/data/Workspace/helios/starwards/node_modules/colyseus-events/src/wire-events.ts:30:40)
          at /data/Workspace/helios/starwards/modules/core/src/client/admin.ts:20:5
          at processTicksAndRejections (node:internal/process/task_queues:95:5)
          at /data/Workspace/helios/starwards/modules/core/src/client/connection-manager.ts:131:21

      at ConnectionManager.onConnectionError (modules/core/src/client/connection-manager.ts:144:21)

    console.log
      connection error: Error: disconnected from server
          at EventEmitter.<anonymous> (/data/Workspace/helios/starwards/modules/core/src/client/driver.ts:53:58)
          at /data/Workspace/helios/starwards/node_modules/colyseus.js/src/core/signal.ts:15:48
          at Array.forEach (<anonymous>)
          at EventEmitter.invoke (/data/Workspace/helios/starwards/node_modules/colyseus.js/src/core/signal.ts:15:19)
          at Function.register.invoke (/data/Workspace/helios/starwards/node_modules/colyseus.js/src/core/signal.ts:57:81)
          at WebSocket.connection.events.onclose (/data/Workspace/helios/starwards/node_modules/colyseus.js/src/Room.ts:89:30)
          at callListener (/data/Workspace/helios/starwards/node_modules/colyseus.js/node_modules/ws/lib/event-target.js:290:14)
          at WebSocket.onClose (/data/Workspace/helios/starwards/node_modules/colyseus.js/node_modules/ws/lib/event-target.js:220:9)
          at WebSocket.emit (node:events:524:28)
          at WebSocket.emitClose (/data/Workspace/helios/starwards/node_modules/colyseus.js/node_modules/ws/lib/websocket.js:272:10)
          at Socket.socketOnClose (/data/Workspace/helios/starwards/node_modules/colyseus.js/node_modules/ws/lib/websocket.js:1341:15)
          at Socket.emit (node:events:524:28)
          at TCP.<anonymous> (node:net:343:12)

      at ConnectionManager.onConnectionError (modules/core/src/client/connection-manager.ts:144:21)
          at Array.forEach (<anonymous>)

    console.log
      connection error: TypeError: Cannot read properties of undefined (reading 'decoder')
          at wireEvents (/data/Workspace/helios/starwards/node_modules/colyseus-events/src/wire-events.ts:30:40)
          at /data/Workspace/helios/starwards/modules/core/src/client/admin.ts:20:5
          at processTicksAndRejections (node:internal/process/task_queues:95:5)
          at /data/Workspace/helios/starwards/modules/core/src/client/connection-manager.ts:131:21

      at ConnectionManager.onConnectionError (modules/core/src/client/connection-manager.ts:144:21)

    console.log
      connection error: Error: disconnected from server
          at EventEmitter.<anonymous> (/data/Workspace/helios/starwards/modules/core/src/client/driver.ts:53:58)
          at /data/Workspace/helios/starwards/node_modules/colyseus.js/src/core/signal.ts:15:48
          at Array.forEach (<anonymous>)
          at EventEmitter.invoke (/data/Workspace/helios/starwards/node_modules/colyseus.js/src/core/signal.ts:15:19)
          at Function.register.invoke (/data/Workspace/helios/starwards/node_modules/colyseus.js/src/core/signal.ts:57:81)
          at WebSocket.connection.events.onclose (/data/Workspace/helios/starwards/node_modules/colyseus.js/src/Room.ts:89:30)
          at callListener (/data/Workspace/helios/starwards/node_modules/colyseus.js/node_modules/ws/lib/event-target.js:290:14)
          at WebSocket.onClose (/data/Workspace/helios/starwards/node_modules/colyseus.js/node_modules/ws/lib/event-target.js:220:9)
          at WebSocket.emit (node:events:524:28)
          at WebSocket.emitClose (/data/Workspace/helios/starwards/node_modules/colyseus.js/node_modules/ws/lib/websocket.js:272:10)
          at Socket.socketOnClose (/data/Workspace/helios/starwards/node_modules/colyseus.js/node_modules/ws/lib/websocket.js:1341:15)
          at Socket.emit (node:events:524:28)
          at TCP.<anonymous> (node:net:343:12)

      at ConnectionManager.onConnectionError (modules/core/src/client/connection-manager.ts:144:21)
          at Array.forEach (<anonymous>)

    console.log
      connection error: TypeError: Cannot read properties of undefined (reading 'decoder')
          at wireEvents (/data/Workspace/helios/starwards/node_modules/colyseus-events/src/wire-events.ts:30:40)
          at /data/Workspace/helios/starwards/modules/core/src/client/admin.ts:20:5
          at processTicksAndRejections (node:internal/process/task_queues:95:5)
          at /data/Workspace/helios/starwards/modules/core/src/client/connection-manager.ts:131:21

      at ConnectionManager.onConnectionError (modules/core/src/client/connection-manager.ts:144:21)

    console.log
      connection error: Error: disconnected from server
          at EventEmitter.<anonymous> (/data/Workspace/helios/starwards/modules/core/src/client/driver.ts:53:58)
          at /data/Workspace/helios/starwards/node_modules/colyseus.js/src/core/signal.ts:15:48
          at Array.forEach (<anonymous>)
          at EventEmitter.invoke (/data/Workspace/helios/starwards/node_modules/colyseus.js/src/core/signal.ts:15:19)
          at Function.register.invoke (/data/Workspace/helios/starwards/node_modules/colyseus.js/src/core/signal.ts:57:81)
          at WebSocket.connection.events.onclose (/data/Workspace/helios/starwards/node_modules/colyseus.js/src/Room.ts:89:30)
          at callListener (/data/Workspace/helios/starwards/node_modules/colyseus.js/node_modules/ws/lib/event-target.js:290:14)
          at WebSocket.onClose (/data/Workspace/helios/starwards/node_modules/colyseus.js/node_modules/ws/lib/event-target.js:220:9)
          at WebSocket.emit (node:events:524:28)
          at WebSocket.emitClose (/data/Workspace/helios/starwards/node_modules/colyseus.js/node_modules/ws/lib/websocket.js:272:10)
          at Socket.socketOnClose (/data/Workspace/helios/starwards/node_modules/colyseus.js/node_modules/ws/lib/websocket.js:1341:15)
          at Socket.emit (node:events:524:28)
          at TCP.<anonymous> (node:net:343:12)

      at ConnectionManager.onConnectionError (modules/core/src/client/connection-manager.ts:144:21)
          at Array.forEach (<anonymous>)

    console.log
      connection error: TypeError: Cannot read properties of undefined (reading 'decoder')
          at wireEvents (/data/Workspace/helios/starwards/node_modules/colyseus-events/src/wire-events.ts:30:40)
          at /data/Workspace/helios/starwards/modules/core/src/client/admin.ts:20:5
          at processTicksAndRejections (node:internal/process/task_queues:95:5)
          at /data/Workspace/helios/starwards/modules/core/src/client/connection-manager.ts:131:21

      at ConnectionManager.onConnectionError (modules/core/src/client/connection-manager.ts:144:21)

    console.log
      connection error: Error: disconnected from server
          at EventEmitter.<anonymous> (/data/Workspace/helios/starwards/modules/core/src/client/driver.ts:53:58)
          at /data/Workspace/helios/starwards/node_modules/colyseus.js/src/core/signal.ts:15:48
          at Array.forEach (<anonymous>)
          at EventEmitter.invoke (/data/Workspace/helios/starwards/node_modules/colyseus.js/src/core/signal.ts:15:19)
          at Function.register.invoke (/data/Workspace/helios/starwards/node_modules/colyseus.js/src/core/signal.ts:57:81)
          at WebSocket.connection.events.onclose (/data/Workspace/helios/starwards/node_modules/colyseus.js/src/Room.ts:89:30)
          at callListener (/data/Workspace/helios/starwards/node_modules/colyseus.js/node_modules/ws/lib/event-target.js:290:14)
          at WebSocket.onClose (/data/Workspace/helios/starwards/node_modules/colyseus.js/node_modules/ws/lib/event-target.js:220:9)
          at WebSocket.emit (node:events:524:28)
          at WebSocket.emitClose (/data/Workspace/helios/starwards/node_modules/colyseus.js/node_modules/ws/lib/websocket.js:272:10)
          at Socket.socketOnClose (/data/Workspace/helios/starwards/node_modules/colyseus.js/node_modules/ws/lib/websocket.js:1341:15)
          at Socket.emit (node:events:524:28)
          at TCP.<anonymous> (node:net:343:12)

      at ConnectionManager.onConnectionError (modules/core/src/client/connection-manager.ts:144:21)
          at Array.forEach (<anonymous>)

    console.log
      connection error: TypeError: Cannot read properties of undefined (reading 'decoder')
          at wireEvents (/data/Workspace/helios/starwards/node_modules/colyseus-events/src/wire-events.ts:30:40)
          at /data/Workspace/helios/starwards/modules/core/src/client/admin.ts:20:5
          at processTicksAndRejections (node:internal/process/task_queues:95:5)
          at /data/Workspace/helios/starwards/modules/core/src/client/connection-manager.ts:131:21

      at ConnectionManager.onConnectionError (modules/core/src/client/connection-manager.ts:144:21)

    console.log
      connection error: Error: disconnected from server
          at EventEmitter.<anonymous> (/data/Workspace/helios/starwards/modules/core/src/client/driver.ts:53:58)
          at /data/Workspace/helios/starwards/node_modules/colyseus.js/src/core/signal.ts:15:48
          at Array.forEach (<anonymous>)
          at EventEmitter.invoke (/data/Workspace/helios/starwards/node_modules/colyseus.js/src/core/signal.ts:15:19)
          at Function.register.invoke (/data/Workspace/helios/starwards/node_modules/colyseus.js/src/core/signal.ts:57:81)
          at WebSocket.connection.events.onclose (/data/Workspace/helios/starwards/node_modules/colyseus.js/src/Room.ts:89:30)
          at callListener (/data/Workspace/helios/starwards/node_modules/colyseus.js/node_modules/ws/lib/event-target.js:290:14)
          at WebSocket.onClose (/data/Workspace/helios/starwards/node_modules/colyseus.js/node_modules/ws/lib/event-target.js:220:9)
          at WebSocket.emit (node:events:524:28)
          at WebSocket.emitClose (/data/Workspace/helios/starwards/node_modules/colyseus.js/node_modules/ws/lib/websocket.js:272:10)
          at Socket.socketOnClose (/data/Workspace/helios/starwards/node_modules/colyseus.js/node_modules/ws/lib/websocket.js:1341:15)
          at Socket.emit (node:events:524:28)
          at TCP.<anonymous> (node:net:343:12)

      at ConnectionManager.onConnectionError (modules/core/src/client/connection-manager.ts:144:21)
          at Array.forEach (<anonymous>)

    console.log
      connection error: TypeError: Cannot read properties of undefined (reading 'decoder')
          at wireEvents (/data/Workspace/helios/starwards/node_modules/colyseus-events/src/wire-events.ts:30:40)
          at /data/Workspace/helios/starwards/modules/core/src/client/admin.ts:20:5
          at processTicksAndRejections (node:internal/process/task_queues:95:5)
          at /data/Workspace/helios/starwards/modules/core/src/client/connection-manager.ts:131:21

      at ConnectionManager.onConnectionError (modules/core/src/client/connection-manager.ts:144:21)

    console.log
      connection error: Error: disconnected from server
          at EventEmitter.<anonymous> (/data/Workspace/helios/starwards/modules/core/src/client/driver.ts:53:58)
          at /data/Workspace/helios/starwards/node_modules/colyseus.js/src/core/signal.ts:15:48
          at Array.forEach (<anonymous>)
          at EventEmitter.invoke (/data/Workspace/helios/starwards/node_modules/colyseus.js/src/core/signal.ts:15:19)
          at Function.register.invoke (/data/Workspace/helios/starwards/node_modules/colyseus.js/src/core/signal.ts:57:81)
          at WebSocket.connection.events.onclose (/data/Workspace/helios/starwards/node_modules/colyseus.js/src/Room.ts:89:30)
          at callListener (/data/Workspace/helios/starwards/node_modules/colyseus.js/node_modules/ws/lib/event-target.js:290:14)
          at WebSocket.onClose (/data/Workspace/helios/starwards/node_modules/colyseus.js/node_modules/ws/lib/event-target.js:220:9)
          at WebSocket.emit (node:events:524:28)
          at WebSocket.emitClose (/data/Workspace/helios/starwards/node_modules/colyseus.js/node_modules/ws/lib/websocket.js:272:10)
          at Socket.socketOnClose (/data/Workspace/helios/starwards/node_modules/colyseus.js/node_modules/ws/lib/websocket.js:1341:15)
          at Socket.emit (node:events:524:28)
          at TCP.<anonymous> (node:net:343:12)

      at ConnectionManager.onConnectionError (modules/core/src/client/connection-manager.ts:144:21)
          at Array.forEach (<anonymous>)

    console.log
      connection error: TypeError: Cannot read properties of undefined (reading 'decoder')
          at wireEvents (/data/Workspace/helios/starwards/node_modules/colyseus-events/src/wire-events.ts:30:40)
          at /data/Workspace/helios/starwards/modules/core/src/client/admin.ts:20:5
          at processTicksAndRejections (node:internal/process/task_queues:95:5)
          at /data/Workspace/helios/starwards/modules/core/src/client/connection-manager.ts:131:21

      at ConnectionManager.onConnectionError (modules/core/src/client/connection-manager.ts:144:21)

    console.log
      connection error: Error: disconnected from server
          at EventEmitter.<anonymous> (/data/Workspace/helios/starwards/modules/core/src/client/driver.ts:53:58)
          at /data/Workspace/helios/starwards/node_modules/colyseus.js/src/core/signal.ts:15:48
          at Array.forEach (<anonymous>)
          at EventEmitter.invoke (/data/Workspace/helios/starwards/node_modules/colyseus.js/src/core/signal.ts:15:19)
          at Function.register.invoke (/data/Workspace/helios/starwards/node_modules/colyseus.js/src/core/signal.ts:57:81)
          at WebSocket.connection.events.onclose (/data/Workspace/helios/starwards/node_modules/colyseus.js/src/Room.ts:89:30)
          at callListener (/data/Workspace/helios/starwards/node_modules/colyseus.js/node_modules/ws/lib/event-target.js:290:14)
          at WebSocket.onClose (/data/Workspace/helios/starwards/node_modules/colyseus.js/node_modules/ws/lib/event-target.js:220:9)
          at WebSocket.emit (node:events:524:28)
          at WebSocket.emitClose (/data/Workspace/helios/starwards/node_modules/colyseus.js/node_modules/ws/lib/websocket.js:272:10)
          at Socket.socketOnClose (/data/Workspace/helios/starwards/node_modules/colyseus.js/node_modules/ws/lib/websocket.js:1341:15)
          at Socket.emit (node:events:524:28)
          at TCP.<anonymous> (node:net:343:12)

      at ConnectionManager.onConnectionError (modules/core/src/client/connection-manager.ts:144:21)
          at Array.forEach (<anonymous>)

    console.log
      connection error: TypeError: Cannot read properties of undefined (reading 'decoder')
          at wireEvents (/data/Workspace/helios/starwards/node_modules/colyseus-events/src/wire-events.ts:30:40)
          at /data/Workspace/helios/starwards/modules/core/src/client/admin.ts:20:5
          at processTicksAndRejections (node:internal/process/task_queues:95:5)
          at /data/Workspace/helios/starwards/modules/core/src/client/connection-manager.ts:131:21

      at ConnectionManager.onConnectionError (modules/core/src/client/connection-manager.ts:144:21)

    console.log
      connection error: Error: disconnected from server
          at EventEmitter.<anonymous> (/data/Workspace/helios/starwards/modules/core/src/client/driver.ts:53:58)
          at /data/Workspace/helios/starwards/node_modules/colyseus.js/src/core/signal.ts:15:48
          at Array.forEach (<anonymous>)
          at EventEmitter.invoke (/data/Workspace/helios/starwards/node_modules/colyseus.js/src/core/signal.ts:15:19)
          at Function.register.invoke (/data/Workspace/helios/starwards/node_modules/colyseus.js/src/core/signal.ts:57:81)
          at WebSocket.connection.events.onclose (/data/Workspace/helios/starwards/node_modules/colyseus.js/src/Room.ts:89:30)
          at callListener (/data/Workspace/helios/starwards/node_modules/colyseus.js/node_modules/ws/lib/event-target.js:290:14)
          at WebSocket.onClose (/data/Workspace/helios/starwards/node_modules/colyseus.js/node_modules/ws/lib/event-target.js:220:9)
          at WebSocket.emit (node:events:524:28)
          at WebSocket.emitClose (/data/Workspace/helios/starwards/node_modules/colyseus.js/node_modules/ws/lib/websocket.js:272:10)
          at Socket.socketOnClose (/data/Workspace/helios/starwards/node_modules/colyseus.js/node_modules/ws/lib/websocket.js:1341:15)
          at Socket.emit (node:events:524:28)
          at TCP.<anonymous> (node:net:343:12)

      at ConnectionManager.onConnectionError (modules/core/src/client/connection-manager.ts:144:21)
          at Array.forEach (<anonymous>)

    console.log
      connection error: TypeError: Cannot read properties of undefined (reading 'decoder')
          at wireEvents (/data/Workspace/helios/starwards/node_modules/colyseus-events/src/wire-events.ts:30:40)
          at /data/Workspace/helios/starwards/modules/core/src/client/admin.ts:20:5
          at processTicksAndRejections (node:internal/process/task_queues:95:5)
          at /data/Workspace/helios/starwards/modules/core/src/client/connection-manager.ts:131:21

      at ConnectionManager.onConnectionError (modules/core/src/client/connection-manager.ts:144:21)

    console.log
      connection error: Error: disconnected from server
          at EventEmitter.<anonymous> (/data/Workspace/helios/starwards/modules/core/src/client/driver.ts:53:58)
          at /data/Workspace/helios/starwards/node_modules/colyseus.js/src/core/signal.ts:15:48
          at Array.forEach (<anonymous>)
          at EventEmitter.invoke (/data/Workspace/helios/starwards/node_modules/colyseus.js/src/core/signal.ts:15:19)
          at Function.register.invoke (/data/Workspace/helios/starwards/node_modules/colyseus.js/src/core/signal.ts:57:81)
          at WebSocket.connection.events.onclose (/data/Workspace/helios/starwards/node_modules/colyseus.js/src/Room.ts:89:30)
          at callListener (/data/Workspace/helios/starwards/node_modules/colyseus.js/node_modules/ws/lib/event-target.js:290:14)
          at WebSocket.onClose (/data/Workspace/helios/starwards/node_modules/colyseus.js/node_modules/ws/lib/event-target.js:220:9)
          at WebSocket.emit (node:events:524:28)
          at WebSocket.emitClose (/data/Workspace/helios/starwards/node_modules/colyseus.js/node_modules/ws/lib/websocket.js:272:10)
          at Socket.socketOnClose (/data/Workspace/helios/starwards/node_modules/colyseus.js/node_modules/ws/lib/websocket.js:1341:15)
          at Socket.emit (node:events:524:28)
          at TCP.<anonymous> (node:net:343:12)

      at ConnectionManager.onConnectionError (modules/core/src/client/connection-manager.ts:144:21)
          at Array.forEach (<anonymous>)

    console.log
      connection error: TypeError: Cannot read properties of undefined (reading 'decoder')
          at wireEvents (/data/Workspace/helios/starwards/node_modules/colyseus-events/src/wire-events.ts:30:40)
          at /data/Workspace/helios/starwards/modules/core/src/client/admin.ts:20:5
          at processTicksAndRejections (node:internal/process/task_queues:95:5)
          at /data/Workspace/helios/starwards/modules/core/src/client/connection-manager.ts:131:21

      at ConnectionManager.onConnectionError (modules/core/src/client/connection-manager.ts:144:21)

    console.log
      connection error: Error: disconnected from server
          at EventEmitter.<anonymous> (/data/Workspace/helios/starwards/modules/core/src/client/driver.ts:53:58)
          at /data/Workspace/helios/starwards/node_modules/colyseus.js/src/core/signal.ts:15:48
          at Array.forEach (<anonymous>)
          at EventEmitter.invoke (/data/Workspace/helios/starwards/node_modules/colyseus.js/src/core/signal.ts:15:19)
          at Function.register.invoke (/data/Workspace/helios/starwards/node_modules/colyseus.js/src/core/signal.ts:57:81)
          at WebSocket.connection.events.onclose (/data/Workspace/helios/starwards/node_modules/colyseus.js/src/Room.ts:89:30)
          at callListener (/data/Workspace/helios/starwards/node_modules/colyseus.js/node_modules/ws/lib/event-target.js:290:14)
          at WebSocket.onClose (/data/Workspace/helios/starwards/node_modules/colyseus.js/node_modules/ws/lib/event-target.js:220:9)
          at WebSocket.emit (node:events:524:28)
          at WebSocket.emitClose (/data/Workspace/helios/starwards/node_modules/colyseus.js/node_modules/ws/lib/websocket.js:272:10)
          at Socket.socketOnClose (/data/Workspace/helios/starwards/node_modules/colyseus.js/node_modules/ws/lib/websocket.js:1341:15)
          at Socket.emit (node:events:524:28)
          at TCP.<anonymous> (node:net:343:12)

      at ConnectionManager.onConnectionError (modules/core/src/client/connection-manager.ts:144:21)
          at Array.forEach (<anonymous>)

    console.log
      connection error: TypeError: Cannot read properties of undefined (reading 'decoder')
          at wireEvents (/data/Workspace/helios/starwards/node_modules/colyseus-events/src/wire-events.ts:30:40)
          at /data/Workspace/helios/starwards/modules/core/src/client/admin.ts:20:5
          at processTicksAndRejections (node:internal/process/task_queues:95:5)
          at /data/Workspace/helios/starwards/modules/core/src/client/connection-manager.ts:131:21

      at ConnectionManager.onConnectionError (modules/core/src/client/connection-manager.ts:144:21)

    console.log
      connection error: Error: disconnected from server
          at EventEmitter.<anonymous> (/data/Workspace/helios/starwards/modules/core/src/client/driver.ts:53:58)
          at /data/Workspace/helios/starwards/node_modules/colyseus.js/src/core/signal.ts:15:48
          at Array.forEach (<anonymous>)
          at EventEmitter.invoke (/data/Workspace/helios/starwards/node_modules/colyseus.js/src/core/signal.ts:15:19)
          at Function.register.invoke (/data/Workspace/helios/starwards/node_modules/colyseus.js/src/core/signal.ts:57:81)
          at WebSocket.connection.events.onclose (/data/Workspace/helios/starwards/node_modules/colyseus.js/src/Room.ts:89:30)
          at callListener (/data/Workspace/helios/starwards/node_modules/colyseus.js/node_modules/ws/lib/event-target.js:290:14)
          at WebSocket.onClose (/data/Workspace/helios/starwards/node_modules/colyseus.js/node_modules/ws/lib/event-target.js:220:9)
          at WebSocket.emit (node:events:524:28)
          at WebSocket.emitClose (/data/Workspace/helios/starwards/node_modules/colyseus.js/node_modules/ws/lib/websocket.js:272:10)
          at Socket.socketOnClose (/data/Workspace/helios/starwards/node_modules/colyseus.js/node_modules/ws/lib/websocket.js:1341:15)
          at Socket.emit (node:events:524:28)
          at TCP.<anonymous> (node:net:343:12)

      at ConnectionManager.onConnectionError (modules/core/src/client/connection-manager.ts:144:21)
          at Array.forEach (<anonymous>)

    console.log
      connection error: TypeError: Cannot read properties of undefined (reading 'decoder')
          at wireEvents (/data/Workspace/helios/starwards/node_modules/colyseus-events/src/wire-events.ts:30:40)
          at /data/Workspace/helios/starwards/modules/core/src/client/admin.ts:20:5
          at processTicksAndRejections (node:internal/process/task_queues:95:5)
          at /data/Workspace/helios/starwards/modules/core/src/client/connection-manager.ts:131:21

      at ConnectionManager.onConnectionError (modules/core/src/client/connection-manager.ts:144:21)

    console.log
      connection error: Error: disconnected from server
          at EventEmitter.<anonymous> (/data/Workspace/helios/starwards/modules/core/src/client/driver.ts:53:58)
          at /data/Workspace/helios/starwards/node_modules/colyseus.js/src/core/signal.ts:15:48
          at Array.forEach (<anonymous>)
          at EventEmitter.invoke (/data/Workspace/helios/starwards/node_modules/colyseus.js/src/core/signal.ts:15:19)
          at Function.register.invoke (/data/Workspace/helios/starwards/node_modules/colyseus.js/src/core/signal.ts:57:81)
          at WebSocket.connection.events.onclose (/data/Workspace/helios/starwards/node_modules/colyseus.js/src/Room.ts:89:30)
          at callListener (/data/Workspace/helios/starwards/node_modules/colyseus.js/node_modules/ws/lib/event-target.js:290:14)
          at WebSocket.onClose (/data/Workspace/helios/starwards/node_modules/colyseus.js/node_modules/ws/lib/event-target.js:220:9)
          at WebSocket.emit (node:events:524:28)
          at WebSocket.emitClose (/data/Workspace/helios/starwards/node_modules/colyseus.js/node_modules/ws/lib/websocket.js:272:10)
          at Socket.socketOnClose (/data/Workspace/helios/starwards/node_modules/colyseus.js/node_modules/ws/lib/websocket.js:1341:15)
          at Socket.emit (node:events:524:28)
          at TCP.<anonymous> (node:net:343:12)

      at ConnectionManager.onConnectionError (modules/core/src/client/connection-manager.ts:144:21)
          at Array.forEach (<anonymous>)

    console.log
      connection error: TypeError: Cannot read properties of undefined (reading 'decoder')
          at wireEvents (/data/Workspace/helios/starwards/node_modules/colyseus-events/src/wire-events.ts:30:40)
          at /data/Workspace/helios/starwards/modules/core/src/client/admin.ts:20:5
          at processTicksAndRejections (node:internal/process/task_queues:95:5)
          at /data/Workspace/helios/starwards/modules/core/src/client/connection-manager.ts:131:21

      at ConnectionManager.onConnectionError (modules/core/src/client/connection-manager.ts:144:21)

    console.log
      connection error: Error: disconnected from server
          at EventEmitter.<anonymous> (/data/Workspace/helios/starwards/modules/core/src/client/driver.ts:53:58)
          at /data/Workspace/helios/starwards/node_modules/colyseus.js/src/core/signal.ts:15:48
          at Array.forEach (<anonymous>)
          at EventEmitter.invoke (/data/Workspace/helios/starwards/node_modules/colyseus.js/src/core/signal.ts:15:19)
          at Function.register.invoke (/data/Workspace/helios/starwards/node_modules/colyseus.js/src/core/signal.ts:57:81)
          at WebSocket.connection.events.onclose (/data/Workspace/helios/starwards/node_modules/colyseus.js/src/Room.ts:89:30)
          at callListener (/data/Workspace/helios/starwards/node_modules/colyseus.js/node_modules/ws/lib/event-target.js:290:14)
          at WebSocket.onClose (/data/Workspace/helios/starwards/node_modules/colyseus.js/node_modules/ws/lib/event-target.js:220:9)
          at WebSocket.emit (node:events:524:28)
          at WebSocket.emitClose (/data/Workspace/helios/starwards/node_modules/colyseus.js/node_modules/ws/lib/websocket.js:272:10)
          at Socket.socketOnClose (/data/Workspace/helios/starwards/node_modules/colyseus.js/node_modules/ws/lib/websocket.js:1341:15)
          at Socket.emit (node:events:524:28)
          at TCP.<anonymous> (node:net:343:12)

      at ConnectionManager.onConnectionError (modules/core/src/client/connection-manager.ts:144:21)
          at Array.forEach (<anonymous>)

    console.log
      connection error: TypeError: Cannot read properties of undefined (reading 'decoder')
          at wireEvents (/data/Workspace/helios/starwards/node_modules/colyseus-events/src/wire-events.ts:30:40)
          at /data/Workspace/helios/starwards/modules/core/src/client/admin.ts:20:5
          at processTicksAndRejections (node:internal/process/task_queues:95:5)
          at /data/Workspace/helios/starwards/modules/core/src/client/connection-manager.ts:131:21

      at ConnectionManager.onConnectionError (modules/core/src/client/connection-manager.ts:144:21)

    console.log
      connection error: Error: disconnected from server
          at EventEmitter.<anonymous> (/data/Workspace/helios/starwards/modules/core/src/client/driver.ts:53:58)
          at /data/Workspace/helios/starwards/node_modules/colyseus.js/src/core/signal.ts:15:48
          at Array.forEach (<anonymous>)
          at EventEmitter.invoke (/data/Workspace/helios/starwards/node_modules/colyseus.js/src/core/signal.ts:15:19)
          at Function.register.invoke (/data/Workspace/helios/starwards/node_modules/colyseus.js/src/core/signal.ts:57:81)
          at WebSocket.connection.events.onclose (/data/Workspace/helios/starwards/node_modules/colyseus.js/src/Room.ts:89:30)
          at callListener (/data/Workspace/helios/starwards/node_modules/colyseus.js/node_modules/ws/lib/event-target.js:290:14)
          at WebSocket.onClose (/data/Workspace/helios/starwards/node_modules/colyseus.js/node_modules/ws/lib/event-target.js:220:9)
          at WebSocket.emit (node:events:524:28)
          at WebSocket.emitClose (/data/Workspace/helios/starwards/node_modules/colyseus.js/node_modules/ws/lib/websocket.js:272:10)
          at Socket.socketOnClose (/data/Workspace/helios/starwards/node_modules/colyseus.js/node_modules/ws/lib/websocket.js:1341:15)
          at Socket.emit (node:events:524:28)
          at TCP.<anonymous> (node:net:343:12)

      at ConnectionManager.onConnectionError (modules/core/src/client/connection-manager.ts:144:21)
          at Array.forEach (<anonymous>)

    console.log
      connection error: TypeError: Cannot read properties of undefined (reading 'decoder')
          at wireEvents (/data/Workspace/helios/starwards/node_modules/colyseus-events/src/wire-events.ts:30:40)
          at /data/Workspace/helios/starwards/modules/core/src/client/admin.ts:20:5
          at processTicksAndRejections (node:internal/process/task_queues:95:5)
          at /data/Workspace/helios/starwards/modules/core/src/client/connection-manager.ts:131:21

      at ConnectionManager.onConnectionError (modules/core/src/client/connection-manager.ts:144:21)

    console.log
      connection error: Error: disconnected from server
          at EventEmitter.<anonymous> (/data/Workspace/helios/starwards/modules/core/src/client/driver.ts:53:58)
          at /data/Workspace/helios/starwards/node_modules/colyseus.js/src/core/signal.ts:15:48
          at Array.forEach (<anonymous>)
          at EventEmitter.invoke (/data/Workspace/helios/starwards/node_modules/colyseus.js/src/core/signal.ts:15:19)
          at Function.register.invoke (/data/Workspace/helios/starwards/node_modules/colyseus.js/src/core/signal.ts:57:81)
          at WebSocket.connection.events.onclose (/data/Workspace/helios/starwards/node_modules/colyseus.js/src/Room.ts:89:30)
          at callListener (/data/Workspace/helios/starwards/node_modules/colyseus.js/node_modules/ws/lib/event-target.js:290:14)
          at WebSocket.onClose (/data/Workspace/helios/starwards/node_modules/colyseus.js/node_modules/ws/lib/event-target.js:220:9)
          at WebSocket.emit (node:events:524:28)
          at WebSocket.emitClose (/data/Workspace/helios/starwards/node_modules/colyseus.js/node_modules/ws/lib/websocket.js:272:10)
          at Socket.socketOnClose (/data/Workspace/helios/starwards/node_modules/colyseus.js/node_modules/ws/lib/websocket.js:1341:15)
          at Socket.emit (node:events:524:28)
          at TCP.<anonymous> (node:net:343:12)

      at ConnectionManager.onConnectionError (modules/core/src/client/connection-manager.ts:144:21)
          at Array.forEach (<anonymous>)

    console.log
      connection error: TypeError: Cannot read properties of undefined (reading 'decoder')
          at wireEvents (/data/Workspace/helios/starwards/node_modules/colyseus-events/src/wire-events.ts:30:40)
          at /data/Workspace/helios/starwards/modules/core/src/client/admin.ts:20:5
          at processTicksAndRejections (node:internal/process/task_queues:95:5)
          at /data/Workspace/helios/starwards/modules/core/src/client/connection-manager.ts:131:21

      at ConnectionManager.onConnectionError (modules/core/src/client/connection-manager.ts:144:21)

    console.log
      connection error: Error: disconnected from server
          at EventEmitter.<anonymous> (/data/Workspace/helios/starwards/modules/core/src/client/driver.ts:53:58)
          at /data/Workspace/helios/starwards/node_modules/colyseus.js/src/core/signal.ts:15:48
          at Array.forEach (<anonymous>)
          at EventEmitter.invoke (/data/Workspace/helios/starwards/node_modules/colyseus.js/src/core/signal.ts:15:19)
          at Function.register.invoke (/data/Workspace/helios/starwards/node_modules/colyseus.js/src/core/signal.ts:57:81)
          at WebSocket.connection.events.onclose (/data/Workspace/helios/starwards/node_modules/colyseus.js/src/Room.ts:89:30)
          at callListener (/data/Workspace/helios/starwards/node_modules/colyseus.js/node_modules/ws/lib/event-target.js:290:14)
          at WebSocket.onClose (/data/Workspace/helios/starwards/node_modules/colyseus.js/node_modules/ws/lib/event-target.js:220:9)
          at WebSocket.emit (node:events:524:28)
          at WebSocket.emitClose (/data/Workspace/helios/starwards/node_modules/colyseus.js/node_modules/ws/lib/websocket.js:272:10)
          at Socket.socketOnClose (/data/Workspace/helios/starwards/node_modules/colyseus.js/node_modules/ws/lib/websocket.js:1341:15)
          at Socket.emit (node:events:524:28)
          at TCP.<anonymous> (node:net:343:12)

      at ConnectionManager.onConnectionError (modules/core/src/client/connection-manager.ts:144:21)
          at Array.forEach (<anonymous>)

    console.log
      connection error: TypeError: Cannot read properties of undefined (reading 'decoder')
          at wireEvents (/data/Workspace/helios/starwards/node_modules/colyseus-events/src/wire-events.ts:30:40)
          at /data/Workspace/helios/starwards/modules/core/src/client/admin.ts:20:5
          at processTicksAndRejections (node:internal/process/task_queues:95:5)
          at /data/Workspace/helios/starwards/modules/core/src/client/connection-manager.ts:131:21

      at ConnectionManager.onConnectionError (modules/core/src/client/connection-manager.ts:144:21)

    console.log
      connection error: Error: disconnected from server
          at EventEmitter.<anonymous> (/data/Workspace/helios/starwards/modules/core/src/client/driver.ts:53:58)
          at /data/Workspace/helios/starwards/node_modules/colyseus.js/src/core/signal.ts:15:48
          at Array.forEach (<anonymous>)
          at EventEmitter.invoke (/data/Workspace/helios/starwards/node_modules/colyseus.js/src/core/signal.ts:15:19)
          at Function.register.invoke (/data/Workspace/helios/starwards/node_modules/colyseus.js/src/core/signal.ts:57:81)
          at WebSocket.connection.events.onclose (/data/Workspace/helios/starwards/node_modules/colyseus.js/src/Room.ts:89:30)
          at callListener (/data/Workspace/helios/starwards/node_modules/colyseus.js/node_modules/ws/lib/event-target.js:290:14)
          at WebSocket.onClose (/data/Workspace/helios/starwards/node_modules/colyseus.js/node_modules/ws/lib/event-target.js:220:9)
          at WebSocket.emit (node:events:524:28)
          at WebSocket.emitClose (/data/Workspace/helios/starwards/node_modules/colyseus.js/node_modules/ws/lib/websocket.js:272:10)
          at Socket.socketOnClose (/data/Workspace/helios/starwards/node_modules/colyseus.js/node_modules/ws/lib/websocket.js:1341:15)
          at Socket.emit (node:events:524:28)
          at TCP.<anonymous> (node:net:343:12)

      at ConnectionManager.onConnectionError (modules/core/src/client/connection-manager.ts:144:21)
          at Array.forEach (<anonymous>)

    console.log
      connection error: TypeError: Cannot read properties of undefined (reading 'decoder')
          at wireEvents (/data/Workspace/helios/starwards/node_modules/colyseus-events/src/wire-events.ts:30:40)
          at /data/Workspace/helios/starwards/modules/core/src/client/admin.ts:20:5
          at processTicksAndRejections (node:internal/process/task_queues:95:5)
          at /data/Workspace/helios/starwards/modules/core/src/client/connection-manager.ts:131:21

      at ConnectionManager.onConnectionError (modules/core/src/client/connection-manager.ts:144:21)

    console.log
      connection error: Error: disconnected from server
          at EventEmitter.<anonymous> (/data/Workspace/helios/starwards/modules/core/src/client/driver.ts:53:58)
          at /data/Workspace/helios/starwards/node_modules/colyseus.js/src/core/signal.ts:15:48
          at Array.forEach (<anonymous>)
          at EventEmitter.invoke (/data/Workspace/helios/starwards/node_modules/colyseus.js/src/core/signal.ts:15:19)
          at Function.register.invoke (/data/Workspace/helios/starwards/node_modules/colyseus.js/src/core/signal.ts:57:81)
          at WebSocket.connection.events.onclose (/data/Workspace/helios/starwards/node_modules/colyseus.js/src/Room.ts:89:30)
          at callListener (/data/Workspace/helios/starwards/node_modules/colyseus.js/node_modules/ws/lib/event-target.js:290:14)
          at WebSocket.onClose (/data/Workspace/helios/starwards/node_modules/colyseus.js/node_modules/ws/lib/event-target.js:220:9)
          at WebSocket.emit (node:events:524:28)
          at WebSocket.emitClose (/data/Workspace/helios/starwards/node_modules/colyseus.js/node_modules/ws/lib/websocket.js:272:10)
          at Socket.socketOnClose (/data/Workspace/helios/starwards/node_modules/colyseus.js/node_modules/ws/lib/websocket.js:1341:15)
          at Socket.emit (node:events:524:28)
          at TCP.<anonymous> (node:net:343:12)

      at ConnectionManager.onConnectionError (modules/core/src/client/connection-manager.ts:144:21)
          at Array.forEach (<anonymous>)

    console.log
      connection error: TypeError: Cannot read properties of undefined (reading 'decoder')
          at wireEvents (/data/Workspace/helios/starwards/node_modules/colyseus-events/src/wire-events.ts:30:40)
          at /data/Workspace/helios/starwards/modules/core/src/client/admin.ts:20:5
          at processTicksAndRejections (node:internal/process/task_queues:95:5)
          at /data/Workspace/helios/starwards/modules/core/src/client/connection-manager.ts:131:21

      at ConnectionManager.onConnectionError (modules/core/src/client/connection-manager.ts:144:21)

    console.log
      connection error: Error: disconnected from server
          at EventEmitter.<anonymous> (/data/Workspace/helios/starwards/modules/core/src/client/driver.ts:53:58)
          at /data/Workspace/helios/starwards/node_modules/colyseus.js/src/core/signal.ts:15:48
          at Array.forEach (<anonymous>)
          at EventEmitter.invoke (/data/Workspace/helios/starwards/node_modules/colyseus.js/src/core/signal.ts:15:19)
          at Function.register.invoke (/data/Workspace/helios/starwards/node_modules/colyseus.js/src/core/signal.ts:57:81)
          at WebSocket.connection.events.onclose (/data/Workspace/helios/starwards/node_modules/colyseus.js/src/Room.ts:89:30)
          at callListener (/data/Workspace/helios/starwards/node_modules/colyseus.js/node_modules/ws/lib/event-target.js:290:14)
          at WebSocket.onClose (/data/Workspace/helios/starwards/node_modules/colyseus.js/node_modules/ws/lib/event-target.js:220:9)
          at WebSocket.emit (node:events:524:28)
          at WebSocket.emitClose (/data/Workspace/helios/starwards/node_modules/colyseus.js/node_modules/ws/lib/websocket.js:272:10)
          at Socket.socketOnClose (/data/Workspace/helios/starwards/node_modules/colyseus.js/node_modules/ws/lib/websocket.js:1341:15)
          at Socket.emit (node:events:524:28)
          at TCP.<anonymous> (node:net:343:12)

      at ConnectionManager.onConnectionError (modules/core/src/client/connection-manager.ts:144:21)
          at Array.forEach (<anonymous>)

    console.log
      connection error: TypeError: Cannot read properties of undefined (reading 'decoder')
          at wireEvents (/data/Workspace/helios/starwards/node_modules/colyseus-events/src/wire-events.ts:30:40)
          at /data/Workspace/helios/starwards/modules/core/src/client/admin.ts:20:5
          at processTicksAndRejections (node:internal/process/task_queues:95:5)
          at /data/Workspace/helios/starwards/modules/core/src/client/connection-manager.ts:131:21

      at ConnectionManager.onConnectionError (modules/core/src/client/connection-manager.ts:144:21)

    console.log
      connection error: Error: disconnected from server
          at EventEmitter.<anonymous> (/data/Workspace/helios/starwards/modules/core/src/client/driver.ts:53:58)
          at /data/Workspace/helios/starwards/node_modules/colyseus.js/src/core/signal.ts:15:48
          at Array.forEach (<anonymous>)
          at EventEmitter.invoke (/data/Workspace/helios/starwards/node_modules/colyseus.js/src/core/signal.ts:15:19)
          at Function.register.invoke (/data/Workspace/helios/starwards/node_modules/colyseus.js/src/core/signal.ts:57:81)
          at WebSocket.connection.events.onclose (/data/Workspace/helios/starwards/node_modules/colyseus.js/src/Room.ts:89:30)
          at callListener (/data/Workspace/helios/starwards/node_modules/colyseus.js/node_modules/ws/lib/event-target.js:290:14)
          at WebSocket.onClose (/data/Workspace/helios/starwards/node_modules/colyseus.js/node_modules/ws/lib/event-target.js:220:9)
          at WebSocket.emit (node:events:524:28)
          at WebSocket.emitClose (/data/Workspace/helios/starwards/node_modules/colyseus.js/node_modules/ws/lib/websocket.js:272:10)
          at Socket.socketOnClose (/data/Workspace/helios/starwards/node_modules/colyseus.js/node_modules/ws/lib/websocket.js:1341:15)
          at Socket.emit (node:events:524:28)
          at TCP.<anonymous> (node:net:343:12)

      at ConnectionManager.onConnectionError (modules/core/src/client/connection-manager.ts:144:21)
          at Array.forEach (<anonymous>)

    console.log
      connection error: TypeError: Cannot read properties of undefined (reading 'decoder')
          at wireEvents (/data/Workspace/helios/starwards/node_modules/colyseus-events/src/wire-events.ts:30:40)
          at /data/Workspace/helios/starwards/modules/core/src/client/admin.ts:20:5
          at processTicksAndRejections (node:internal/process/task_queues:95:5)
          at /data/Workspace/helios/starwards/modules/core/src/client/connection-manager.ts:131:21

      at ConnectionManager.onConnectionError (modules/core/src/client/connection-manager.ts:144:21)

    console.log
      connection error: Error: disconnected from server
          at EventEmitter.<anonymous> (/data/Workspace/helios/starwards/modules/core/src/client/driver.ts:53:58)
          at /data/Workspace/helios/starwards/node_modules/colyseus.js/src/core/signal.ts:15:48
          at Array.forEach (<anonymous>)
          at EventEmitter.invoke (/data/Workspace/helios/starwards/node_modules/colyseus.js/src/core/signal.ts:15:19)
          at Function.register.invoke (/data/Workspace/helios/starwards/node_modules/colyseus.js/src/core/signal.ts:57:81)
          at WebSocket.connection.events.onclose (/data/Workspace/helios/starwards/node_modules/colyseus.js/src/Room.ts:89:30)
          at callListener (/data/Workspace/helios/starwards/node_modules/colyseus.js/node_modules/ws/lib/event-target.js:290:14)
          at WebSocket.onClose (/data/Workspace/helios/starwards/node_modules/colyseus.js/node_modules/ws/lib/event-target.js:220:9)
          at WebSocket.emit (node:events:524:28)
          at WebSocket.emitClose (/data/Workspace/helios/starwards/node_modules/colyseus.js/node_modules/ws/lib/websocket.js:272:10)
          at Socket.socketOnClose (/data/Workspace/helios/starwards/node_modules/colyseus.js/node_modules/ws/lib/websocket.js:1341:15)
          at Socket.emit (node:events:524:28)
          at TCP.<anonymous> (node:net:343:12)

      at ConnectionManager.onConnectionError (modules/core/src/client/connection-manager.ts:144:21)
          at Array.forEach (<anonymous>)

    console.log
      connection error: TypeError: Cannot read properties of undefined (reading 'decoder')
          at wireEvents (/data/Workspace/helios/starwards/node_modules/colyseus-events/src/wire-events.ts:30:40)
          at /data/Workspace/helios/starwards/modules/core/src/client/admin.ts:20:5
          at processTicksAndRejections (node:internal/process/task_queues:95:5)
          at /data/Workspace/helios/starwards/modules/core/src/client/connection-manager.ts:131:21

      at ConnectionManager.onConnectionError (modules/core/src/client/connection-manager.ts:144:21)

    console.log
      connection error: Error: disconnected from server
          at EventEmitter.<anonymous> (/data/Workspace/helios/starwards/modules/core/src/client/driver.ts:53:58)
          at /data/Workspace/helios/starwards/node_modules/colyseus.js/src/core/signal.ts:15:48
          at Array.forEach (<anonymous>)
          at EventEmitter.invoke (/data/Workspace/helios/starwards/node_modules/colyseus.js/src/core/signal.ts:15:19)
          at Function.register.invoke (/data/Workspace/helios/starwards/node_modules/colyseus.js/src/core/signal.ts:57:81)
          at WebSocket.connection.events.onclose (/data/Workspace/helios/starwards/node_modules/colyseus.js/src/Room.ts:89:30)
          at callListener (/data/Workspace/helios/starwards/node_modules/colyseus.js/node_modules/ws/lib/event-target.js:290:14)
          at WebSocket.onClose (/data/Workspace/helios/starwards/node_modules/colyseus.js/node_modules/ws/lib/event-target.js:220:9)
          at WebSocket.emit (node:events:524:28)
          at WebSocket.emitClose (/data/Workspace/helios/starwards/node_modules/colyseus.js/node_modules/ws/lib/websocket.js:272:10)
          at Socket.socketOnClose (/data/Workspace/helios/starwards/node_modules/colyseus.js/node_modules/ws/lib/websocket.js:1341:15)
          at Socket.emit (node:events:524:28)
          at TCP.<anonymous> (node:net:343:12)

      at ConnectionManager.onConnectionError (modules/core/src/client/connection-manager.ts:144:21)
          at Array.forEach (<anonymous>)

    console.log
      connection error: TypeError: Cannot read properties of undefined (reading 'decoder')
          at wireEvents (/data/Workspace/helios/starwards/node_modules/colyseus-events/src/wire-events.ts:30:40)
          at /data/Workspace/helios/starwards/modules/core/src/client/admin.ts:20:5
          at processTicksAndRejections (node:internal/process/task_queues:95:5)
          at /data/Workspace/helios/starwards/modules/core/src/client/connection-manager.ts:131:21

      at ConnectionManager.onConnectionError (modules/core/src/client/connection-manager.ts:144:21)

    console.log
      connection error: Error: disconnected from server
          at EventEmitter.<anonymous> (/data/Workspace/helios/starwards/modules/core/src/client/driver.ts:53:58)
          at /data/Workspace/helios/starwards/node_modules/colyseus.js/src/core/signal.ts:15:48
          at Array.forEach (<anonymous>)
          at EventEmitter.invoke (/data/Workspace/helios/starwards/node_modules/colyseus.js/src/core/signal.ts:15:19)
          at Function.register.invoke (/data/Workspace/helios/starwards/node_modules/colyseus.js/src/core/signal.ts:57:81)
          at WebSocket.connection.events.onclose (/data/Workspace/helios/starwards/node_modules/colyseus.js/src/Room.ts:89:30)
          at callListener (/data/Workspace/helios/starwards/node_modules/colyseus.js/node_modules/ws/lib/event-target.js:290:14)
          at WebSocket.onClose (/data/Workspace/helios/starwards/node_modules/colyseus.js/node_modules/ws/lib/event-target.js:220:9)
          at WebSocket.emit (node:events:524:28)
          at WebSocket.emitClose (/data/Workspace/helios/starwards/node_modules/colyseus.js/node_modules/ws/lib/websocket.js:272:10)
          at Socket.socketOnClose (/data/Workspace/helios/starwards/node_modules/colyseus.js/node_modules/ws/lib/websocket.js:1341:15)
          at Socket.emit (node:events:524:28)
          at TCP.<anonymous> (node:net:343:12)

      at ConnectionManager.onConnectionError (modules/core/src/client/connection-manager.ts:144:21)
          at Array.forEach (<anonymous>)

    console.log
      connection error: TypeError: Cannot read properties of undefined (reading 'decoder')
          at wireEvents (/data/Workspace/helios/starwards/node_modules/colyseus-events/src/wire-events.ts:30:40)
          at /data/Workspace/helios/starwards/modules/core/src/client/admin.ts:20:5
          at processTicksAndRejections (node:internal/process/task_queues:95:5)
          at /data/Workspace/helios/starwards/modules/core/src/client/connection-manager.ts:131:21

      at ConnectionManager.onConnectionError (modules/core/src/client/connection-manager.ts:144:21)

    console.log
      connection error: Error: disconnected from server
          at EventEmitter.<anonymous> (/data/Workspace/helios/starwards/modules/core/src/client/driver.ts:53:58)
          at /data/Workspace/helios/starwards/node_modules/colyseus.js/src/core/signal.ts:15:48
          at Array.forEach (<anonymous>)
          at EventEmitter.invoke (/data/Workspace/helios/starwards/node_modules/colyseus.js/src/core/signal.ts:15:19)
          at Function.register.invoke (/data/Workspace/helios/starwards/node_modules/colyseus.js/src/core/signal.ts:57:81)
          at WebSocket.connection.events.onclose (/data/Workspace/helios/starwards/node_modules/colyseus.js/src/Room.ts:89:30)
          at callListener (/data/Workspace/helios/starwards/node_modules/colyseus.js/node_modules/ws/lib/event-target.js:290:14)
          at WebSocket.onClose (/data/Workspace/helios/starwards/node_modules/colyseus.js/node_modules/ws/lib/event-target.js:220:9)
          at WebSocket.emit (node:events:524:28)
          at WebSocket.emitClose (/data/Workspace/helios/starwards/node_modules/colyseus.js/node_modules/ws/lib/websocket.js:272:10)
          at Socket.socketOnClose (/data/Workspace/helios/starwards/node_modules/colyseus.js/node_modules/ws/lib/websocket.js:1341:15)
          at Socket.emit (node:events:524:28)
          at TCP.<anonymous> (node:net:343:12)

      at ConnectionManager.onConnectionError (modules/core/src/client/connection-manager.ts:144:21)
          at Array.forEach (<anonymous>)

    console.log
      connection error: TypeError: Cannot read properties of undefined (reading 'decoder')
          at wireEvents (/data/Workspace/helios/starwards/node_modules/colyseus-events/src/wire-events.ts:30:40)
          at /data/Workspace/helios/starwards/modules/core/src/client/admin.ts:20:5
          at processTicksAndRejections (node:internal/process/task_queues:95:5)
          at /data/Workspace/helios/starwards/modules/core/src/client/connection-manager.ts:131:21

      at ConnectionManager.onConnectionError (modules/core/src/client/connection-manager.ts:144:21)

    console.log
      connection error: Error: disconnected from server
          at EventEmitter.<anonymous> (/data/Workspace/helios/starwards/modules/core/src/client/driver.ts:53:58)
          at /data/Workspace/helios/starwards/node_modules/colyseus.js/src/core/signal.ts:15:48
          at Array.forEach (<anonymous>)
          at EventEmitter.invoke (/data/Workspace/helios/starwards/node_modules/colyseus.js/src/core/signal.ts:15:19)
          at Function.register.invoke (/data/Workspace/helios/starwards/node_modules/colyseus.js/src/core/signal.ts:57:81)
          at WebSocket.connection.events.onclose (/data/Workspace/helios/starwards/node_modules/colyseus.js/src/Room.ts:89:30)
          at callListener (/data/Workspace/helios/starwards/node_modules/colyseus.js/node_modules/ws/lib/event-target.js:290:14)
          at WebSocket.onClose (/data/Workspace/helios/starwards/node_modules/colyseus.js/node_modules/ws/lib/event-target.js:220:9)
          at WebSocket.emit (node:events:524:28)
          at WebSocket.emitClose (/data/Workspace/helios/starwards/node_modules/colyseus.js/node_modules/ws/lib/websocket.js:272:10)
          at Socket.socketOnClose (/data/Workspace/helios/starwards/node_modules/colyseus.js/node_modules/ws/lib/websocket.js:1341:15)
          at Socket.emit (node:events:524:28)
          at TCP.<anonymous> (node:net:343:12)

      at ConnectionManager.onConnectionError (modules/core/src/client/connection-manager.ts:144:21)
          at Array.forEach (<anonymous>)

    console.log
      connection error: TypeError: Cannot read properties of undefined (reading 'decoder')
          at wireEvents (/data/Workspace/helios/starwards/node_modules/colyseus-events/src/wire-events.ts:30:40)
          at /data/Workspace/helios/starwards/modules/core/src/client/admin.ts:20:5
          at processTicksAndRejections (node:internal/process/task_queues:95:5)
          at /data/Workspace/helios/starwards/modules/core/src/client/connection-manager.ts:131:21

      at ConnectionManager.onConnectionError (modules/core/src/client/connection-manager.ts:144:21)

    console.log
      connection error: Error: disconnected from server
          at EventEmitter.<anonymous> (/data/Workspace/helios/starwards/modules/core/src/client/driver.ts:53:58)
          at /data/Workspace/helios/starwards/node_modules/colyseus.js/src/core/signal.ts:15:48
          at Array.forEach (<anonymous>)
          at EventEmitter.invoke (/data/Workspace/helios/starwards/node_modules/colyseus.js/src/core/signal.ts:15:19)
          at Function.register.invoke (/data/Workspace/helios/starwards/node_modules/colyseus.js/src/core/signal.ts:57:81)
          at WebSocket.connection.events.onclose (/data/Workspace/helios/starwards/node_modules/colyseus.js/src/Room.ts:89:30)
          at callListener (/data/Workspace/helios/starwards/node_modules/colyseus.js/node_modules/ws/lib/event-target.js:290:14)
          at WebSocket.onClose (/data/Workspace/helios/starwards/node_modules/colyseus.js/node_modules/ws/lib/event-target.js:220:9)
          at WebSocket.emit (node:events:524:28)
          at WebSocket.emitClose (/data/Workspace/helios/starwards/node_modules/colyseus.js/node_modules/ws/lib/websocket.js:272:10)
          at Socket.socketOnClose (/data/Workspace/helios/starwards/node_modules/colyseus.js/node_modules/ws/lib/websocket.js:1341:15)
          at Socket.emit (node:events:524:28)
          at TCP.<anonymous> (node:net:343:12)

      at ConnectionManager.onConnectionError (modules/core/src/client/connection-manager.ts:144:21)
          at Array.forEach (<anonymous>)

    console.log
      connection error: TypeError: Cannot read properties of undefined (reading 'decoder')
          at wireEvents (/data/Workspace/helios/starwards/node_modules/colyseus-events/src/wire-events.ts:30:40)
          at /data/Workspace/helios/starwards/modules/core/src/client/admin.ts:20:5
          at processTicksAndRejections (node:internal/process/task_queues:95:5)
          at /data/Workspace/helios/starwards/modules/core/src/client/connection-manager.ts:131:21

      at ConnectionManager.onConnectionError (modules/core/src/client/connection-manager.ts:144:21)

    console.log
      connection error: Error: disconnected from server
          at EventEmitter.<anonymous> (/data/Workspace/helios/starwards/modules/core/src/client/driver.ts:53:58)
          at /data/Workspace/helios/starwards/node_modules/colyseus.js/src/core/signal.ts:15:48
          at Array.forEach (<anonymous>)
          at EventEmitter.invoke (/data/Workspace/helios/starwards/node_modules/colyseus.js/src/core/signal.ts:15:19)
          at Function.register.invoke (/data/Workspace/helios/starwards/node_modules/colyseus.js/src/core/signal.ts:57:81)
          at WebSocket.connection.events.onclose (/data/Workspace/helios/starwards/node_modules/colyseus.js/src/Room.ts:89:30)
          at callListener (/data/Workspace/helios/starwards/node_modules/colyseus.js/node_modules/ws/lib/event-target.js:290:14)
          at WebSocket.onClose (/data/Workspace/helios/starwards/node_modules/colyseus.js/node_modules/ws/lib/event-target.js:220:9)
          at WebSocket.emit (node:events:524:28)
          at WebSocket.emitClose (/data/Workspace/helios/starwards/node_modules/colyseus.js/node_modules/ws/lib/websocket.js:272:10)
          at Socket.socketOnClose (/data/Workspace/helios/starwards/node_modules/colyseus.js/node_modules/ws/lib/websocket.js:1341:15)
          at Socket.emit (node:events:524:28)
          at TCP.<anonymous> (node:net:343:12)

      at ConnectionManager.onConnectionError (modules/core/src/client/connection-manager.ts:144:21)
          at Array.forEach (<anonymous>)

    console.log
      connection error: TypeError: Cannot read properties of undefined (reading 'decoder')
          at wireEvents (/data/Workspace/helios/starwards/node_modules/colyseus-events/src/wire-events.ts:30:40)
          at /data/Workspace/helios/starwards/modules/core/src/client/admin.ts:20:5
          at processTicksAndRejections (node:internal/process/task_queues:95:5)
          at /data/Workspace/helios/starwards/modules/core/src/client/connection-manager.ts:131:21

      at ConnectionManager.onConnectionError (modules/core/src/client/connection-manager.ts:144:21)

    console.log
      connection error: Error: disconnected from server
          at EventEmitter.<anonymous> (/data/Workspace/helios/starwards/modules/core/src/client/driver.ts:53:58)
          at /data/Workspace/helios/starwards/node_modules/colyseus.js/src/core/signal.ts:15:48
          at Array.forEach (<anonymous>)
          at EventEmitter.invoke (/data/Workspace/helios/starwards/node_modules/colyseus.js/src/core/signal.ts:15:19)
          at Function.register.invoke (/data/Workspace/helios/starwards/node_modules/colyseus.js/src/core/signal.ts:57:81)
          at WebSocket.connection.events.onclose (/data/Workspace/helios/starwards/node_modules/colyseus.js/src/Room.ts:89:30)
          at callListener (/data/Workspace/helios/starwards/node_modules/colyseus.js/node_modules/ws/lib/event-target.js:290:14)
          at WebSocket.onClose (/data/Workspace/helios/starwards/node_modules/colyseus.js/node_modules/ws/lib/event-target.js:220:9)
          at WebSocket.emit (node:events:524:28)
          at WebSocket.emitClose (/data/Workspace/helios/starwards/node_modules/colyseus.js/node_modules/ws/lib/websocket.js:272:10)
          at Socket.socketOnClose (/data/Workspace/helios/starwards/node_modules/colyseus.js/node_modules/ws/lib/websocket.js:1341:15)
          at Socket.emit (node:events:524:28)
          at TCP.<anonymous> (node:net:343:12)

      at ConnectionManager.onConnectionError (modules/core/src/client/connection-manager.ts:144:21)
          at Array.forEach (<anonymous>)

    console.log
      connection error: TypeError: Cannot read properties of undefined (reading 'decoder')
          at wireEvents (/data/Workspace/helios/starwards/node_modules/colyseus-events/src/wire-events.ts:30:40)
          at /data/Workspace/helios/starwards/modules/core/src/client/admin.ts:20:5
          at processTicksAndRejections (node:internal/process/task_queues:95:5)
          at /data/Workspace/helios/starwards/modules/core/src/client/connection-manager.ts:131:21

      at ConnectionManager.onConnectionError (modules/core/src/client/connection-manager.ts:144:21)

    console.log
      connection error: Error: disconnected from server
          at EventEmitter.<anonymous> (/data/Workspace/helios/starwards/modules/core/src/client/driver.ts:53:58)
          at /data/Workspace/helios/starwards/node_modules/colyseus.js/src/core/signal.ts:15:48
          at Array.forEach (<anonymous>)
          at EventEmitter.invoke (/data/Workspace/helios/starwards/node_modules/colyseus.js/src/core/signal.ts:15:19)
          at Function.register.invoke (/data/Workspace/helios/starwards/node_modules/colyseus.js/src/core/signal.ts:57:81)
          at WebSocket.connection.events.onclose (/data/Workspace/helios/starwards/node_modules/colyseus.js/src/Room.ts:89:30)
          at callListener (/data/Workspace/helios/starwards/node_modules/colyseus.js/node_modules/ws/lib/event-target.js:290:14)
          at WebSocket.onClose (/data/Workspace/helios/starwards/node_modules/colyseus.js/node_modules/ws/lib/event-target.js:220:9)
          at WebSocket.emit (node:events:524:28)
          at WebSocket.emitClose (/data/Workspace/helios/starwards/node_modules/colyseus.js/node_modules/ws/lib/websocket.js:272:10)
          at Socket.socketOnClose (/data/Workspace/helios/starwards/node_modules/colyseus.js/node_modules/ws/lib/websocket.js:1341:15)
          at Socket.emit (node:events:524:28)
          at TCP.<anonymous> (node:net:343:12)

      at ConnectionManager.onConnectionError (modules/core/src/client/connection-manager.ts:144:21)
          at Array.forEach (<anonymous>)

    console.log
      connection error: TypeError: Cannot read properties of undefined (reading 'decoder')
          at wireEvents (/data/Workspace/helios/starwards/node_modules/colyseus-events/src/wire-events.ts:30:40)
          at /data/Workspace/helios/starwards/modules/core/src/client/admin.ts:20:5
          at processTicksAndRejections (node:internal/process/task_queues:95:5)
          at /data/Workspace/helios/starwards/modules/core/src/client/connection-manager.ts:131:21

      at ConnectionManager.onConnectionError (modules/core/src/client/connection-manager.ts:144:21)

    console.log
      connection error: Error: disconnected from server
          at EventEmitter.<anonymous> (/data/Workspace/helios/starwards/modules/core/src/client/driver.ts:53:58)
          at /data/Workspace/helios/starwards/node_modules/colyseus.js/src/core/signal.ts:15:48
          at Array.forEach (<anonymous>)
          at EventEmitter.invoke (/data/Workspace/helios/starwards/node_modules/colyseus.js/src/core/signal.ts:15:19)
          at Function.register.invoke (/data/Workspace/helios/starwards/node_modules/colyseus.js/src/core/signal.ts:57:81)
          at WebSocket.connection.events.onclose (/data/Workspace/helios/starwards/node_modules/colyseus.js/src/Room.ts:89:30)
          at callListener (/data/Workspace/helios/starwards/node_modules/colyseus.js/node_modules/ws/lib/event-target.js:290:14)
          at WebSocket.onClose (/data/Workspace/helios/starwards/node_modules/colyseus.js/node_modules/ws/lib/event-target.js:220:9)
          at WebSocket.emit (node:events:524:28)
          at WebSocket.emitClose (/data/Workspace/helios/starwards/node_modules/colyseus.js/node_modules/ws/lib/websocket.js:272:10)
          at Socket.socketOnClose (/data/Workspace/helios/starwards/node_modules/colyseus.js/node_modules/ws/lib/websocket.js:1341:15)
          at Socket.emit (node:events:524:28)
          at TCP.<anonymous> (node:net:343:12)

      at ConnectionManager.onConnectionError (modules/core/src/client/connection-manager.ts:144:21)
          at Array.forEach (<anonymous>)

    console.log
      connection error: TypeError: Cannot read properties of undefined (reading 'decoder')
          at wireEvents (/data/Workspace/helios/starwards/node_modules/colyseus-events/src/wire-events.ts:30:40)
          at /data/Workspace/helios/starwards/modules/core/src/client/admin.ts:20:5
          at processTicksAndRejections (node:internal/process/task_queues:95:5)
          at /data/Workspace/helios/starwards/modules/core/src/client/connection-manager.ts:131:21

      at ConnectionManager.onConnectionError (modules/core/src/client/connection-manager.ts:144:21)

    console.log
      connection error: Error: disconnected from server
          at EventEmitter.<anonymous> (/data/Workspace/helios/starwards/modules/core/src/client/driver.ts:53:58)
          at /data/Workspace/helios/starwards/node_modules/colyseus.js/src/core/signal.ts:15:48
          at Array.forEach (<anonymous>)
          at EventEmitter.invoke (/data/Workspace/helios/starwards/node_modules/colyseus.js/src/core/signal.ts:15:19)
          at Function.register.invoke (/data/Workspace/helios/starwards/node_modules/colyseus.js/src/core/signal.ts:57:81)
          at WebSocket.connection.events.onclose (/data/Workspace/helios/starwards/node_modules/colyseus.js/src/Room.ts:89:30)
          at callListener (/data/Workspace/helios/starwards/node_modules/colyseus.js/node_modules/ws/lib/event-target.js:290:14)
          at WebSocket.onClose (/data/Workspace/helios/starwards/node_modules/colyseus.js/node_modules/ws/lib/event-target.js:220:9)
          at WebSocket.emit (node:events:524:28)
          at WebSocket.emitClose (/data/Workspace/helios/starwards/node_modules/colyseus.js/node_modules/ws/lib/websocket.js:272:10)
          at Socket.socketOnClose (/data/Workspace/helios/starwards/node_modules/colyseus.js/node_modules/ws/lib/websocket.js:1341:15)
          at Socket.emit (node:events:524:28)
          at TCP.<anonymous> (node:net:343:12)

      at ConnectionManager.onConnectionError (modules/core/src/client/connection-manager.ts:144:21)
          at Array.forEach (<anonymous>)

    console.log
      connection error: TypeError: Cannot read properties of undefined (reading 'decoder')
          at wireEvents (/data/Workspace/helios/starwards/node_modules/colyseus-events/src/wire-events.ts:30:40)
          at /data/Workspace/helios/starwards/modules/core/src/client/admin.ts:20:5
          at processTicksAndRejections (node:internal/process/task_queues:95:5)
          at /data/Workspace/helios/starwards/modules/core/src/client/connection-manager.ts:131:21

      at ConnectionManager.onConnectionError (modules/core/src/client/connection-manager.ts:144:21)

    console.log
      connection error: Error: disconnected from server
          at EventEmitter.<anonymous> (/data/Workspace/helios/starwards/modules/core/src/client/driver.ts:53:58)
          at /data/Workspace/helios/starwards/node_modules/colyseus.js/src/core/signal.ts:15:48
          at Array.forEach (<anonymous>)
          at EventEmitter.invoke (/data/Workspace/helios/starwards/node_modules/colyseus.js/src/core/signal.ts:15:19)
          at Function.register.invoke (/data/Workspace/helios/starwards/node_modules/colyseus.js/src/core/signal.ts:57:81)
          at WebSocket.connection.events.onclose (/data/Workspace/helios/starwards/node_modules/colyseus.js/src/Room.ts:89:30)
          at callListener (/data/Workspace/helios/starwards/node_modules/colyseus.js/node_modules/ws/lib/event-target.js:290:14)
          at WebSocket.onClose (/data/Workspace/helios/starwards/node_modules/colyseus.js/node_modules/ws/lib/event-target.js:220:9)
          at WebSocket.emit (node:events:524:28)
          at WebSocket.emitClose (/data/Workspace/helios/starwards/node_modules/colyseus.js/node_modules/ws/lib/websocket.js:272:10)
          at Socket.socketOnClose (/data/Workspace/helios/starwards/node_modules/colyseus.js/node_modules/ws/lib/websocket.js:1341:15)
          at Socket.emit (node:events:524:28)
          at TCP.<anonymous> (node:net:343:12)

      at ConnectionManager.onConnectionError (modules/core/src/client/connection-manager.ts:144:21)
          at Array.forEach (<anonymous>)

    console.log
      connection error: TypeError: Cannot read properties of undefined (reading 'decoder')
          at wireEvents (/data/Workspace/helios/starwards/node_modules/colyseus-events/src/wire-events.ts:30:40)
          at /data/Workspace/helios/starwards/modules/core/src/client/admin.ts:20:5
          at processTicksAndRejections (node:internal/process/task_queues:95:5)
          at /data/Workspace/helios/starwards/modules/core/src/client/connection-manager.ts:131:21

      at ConnectionManager.onConnectionError (modules/core/src/client/connection-manager.ts:144:21)

    console.log
      connection error: Error: disconnected from server
          at EventEmitter.<anonymous> (/data/Workspace/helios/starwards/modules/core/src/client/driver.ts:53:58)
          at /data/Workspace/helios/starwards/node_modules/colyseus.js/src/core/signal.ts:15:48
          at Array.forEach (<anonymous>)
          at EventEmitter.invoke (/data/Workspace/helios/starwards/node_modules/colyseus.js/src/core/signal.ts:15:19)
          at Function.register.invoke (/data/Workspace/helios/starwards/node_modules/colyseus.js/src/core/signal.ts:57:81)
          at WebSocket.connection.events.onclose (/data/Workspace/helios/starwards/node_modules/colyseus.js/src/Room.ts:89:30)
          at callListener (/data/Workspace/helios/starwards/node_modules/colyseus.js/node_modules/ws/lib/event-target.js:290:14)
          at WebSocket.onClose (/data/Workspace/helios/starwards/node_modules/colyseus.js/node_modules/ws/lib/event-target.js:220:9)
          at WebSocket.emit (node:events:524:28)
          at WebSocket.emitClose (/data/Workspace/helios/starwards/node_modules/colyseus.js/node_modules/ws/lib/websocket.js:272:10)
          at Socket.socketOnClose (/data/Workspace/helios/starwards/node_modules/colyseus.js/node_modules/ws/lib/websocket.js:1341:15)
          at Socket.emit (node:events:524:28)
          at TCP.<anonymous> (node:net:343:12)

      at ConnectionManager.onConnectionError (modules/core/src/client/connection-manager.ts:144:21)
          at Array.forEach (<anonymous>)

    console.log
      connection error: TypeError: Cannot read properties of undefined (reading 'decoder')
          at wireEvents (/data/Workspace/helios/starwards/node_modules/colyseus-events/src/wire-events.ts:30:40)
          at /data/Workspace/helios/starwards/modules/core/src/client/admin.ts:20:5
          at processTicksAndRejections (node:internal/process/task_queues:95:5)
          at /data/Workspace/helios/starwards/modules/core/src/client/connection-manager.ts:131:21

      at ConnectionManager.onConnectionError (modules/core/src/client/connection-manager.ts:144:21)

    console.log
      connection error: Error: disconnected from server
          at EventEmitter.<anonymous> (/data/Workspace/helios/starwards/modules/core/src/client/driver.ts:53:58)
          at /data/Workspace/helios/starwards/node_modules/colyseus.js/src/core/signal.ts:15:48
          at Array.forEach (<anonymous>)
          at EventEmitter.invoke (/data/Workspace/helios/starwards/node_modules/colyseus.js/src/core/signal.ts:15:19)
          at Function.register.invoke (/data/Workspace/helios/starwards/node_modules/colyseus.js/src/core/signal.ts:57:81)
          at WebSocket.connection.events.onclose (/data/Workspace/helios/starwards/node_modules/colyseus.js/src/Room.ts:89:30)
          at callListener (/data/Workspace/helios/starwards/node_modules/colyseus.js/node_modules/ws/lib/event-target.js:290:14)
          at WebSocket.onClose (/data/Workspace/helios/starwards/node_modules/colyseus.js/node_modules/ws/lib/event-target.js:220:9)
          at WebSocket.emit (node:events:524:28)
          at WebSocket.emitClose (/data/Workspace/helios/starwards/node_modules/colyseus.js/node_modules/ws/lib/websocket.js:272:10)
          at Socket.socketOnClose (/data/Workspace/helios/starwards/node_modules/colyseus.js/node_modules/ws/lib/websocket.js:1341:15)
          at Socket.emit (node:events:524:28)
          at TCP.<anonymous> (node:net:343:12)

      at ConnectionManager.onConnectionError (modules/core/src/client/connection-manager.ts:144:21)
          at Array.forEach (<anonymous>)

    console.log
      connection error: TypeError: Cannot read properties of undefined (reading 'decoder')
          at wireEvents (/data/Workspace/helios/starwards/node_modules/colyseus-events/src/wire-events.ts:30:40)
          at /data/Workspace/helios/starwards/modules/core/src/client/admin.ts:20:5
          at processTicksAndRejections (node:internal/process/task_queues:95:5)
          at /data/Workspace/helios/starwards/modules/core/src/client/connection-manager.ts:131:21

      at ConnectionManager.onConnectionError (modules/core/src/client/connection-manager.ts:144:21)

    console.log
      connection error: Error: disconnected from server
          at EventEmitter.<anonymous> (/data/Workspace/helios/starwards/modules/core/src/client/driver.ts:53:58)
          at /data/Workspace/helios/starwards/node_modules/colyseus.js/src/core/signal.ts:15:48
          at Array.forEach (<anonymous>)
          at EventEmitter.invoke (/data/Workspace/helios/starwards/node_modules/colyseus.js/src/core/signal.ts:15:19)
          at Function.register.invoke (/data/Workspace/helios/starwards/node_modules/colyseus.js/src/core/signal.ts:57:81)
          at WebSocket.connection.events.onclose (/data/Workspace/helios/starwards/node_modules/colyseus.js/src/Room.ts:89:30)
          at callListener (/data/Workspace/helios/starwards/node_modules/colyseus.js/node_modules/ws/lib/event-target.js:290:14)
          at WebSocket.onClose (/data/Workspace/helios/starwards/node_modules/colyseus.js/node_modules/ws/lib/event-target.js:220:9)
          at WebSocket.emit (node:events:524:28)
          at WebSocket.emitClose (/data/Workspace/helios/starwards/node_modules/colyseus.js/node_modules/ws/lib/websocket.js:272:10)
          at Socket.socketOnClose (/data/Workspace/helios/starwards/node_modules/colyseus.js/node_modules/ws/lib/websocket.js:1341:15)
          at Socket.emit (node:events:524:28)
          at TCP.<anonymous> (node:net:343:12)

      at ConnectionManager.onConnectionError (modules/core/src/client/connection-manager.ts:144:21)
          at Array.forEach (<anonymous>)

    console.log
      connection error: TypeError: Cannot read properties of undefined (reading 'decoder')
          at wireEvents (/data/Workspace/helios/starwards/node_modules/colyseus-events/src/wire-events.ts:30:40)
          at /data/Workspace/helios/starwards/modules/core/src/client/admin.ts:20:5
          at processTicksAndRejections (node:internal/process/task_queues:95:5)
          at /data/Workspace/helios/starwards/modules/core/src/client/connection-manager.ts:131:21

      at ConnectionManager.onConnectionError (modules/core/src/client/connection-manager.ts:144:21)

    console.log
      connection error: Error: disconnected from server
          at EventEmitter.<anonymous> (/data/Workspace/helios/starwards/modules/core/src/client/driver.ts:53:58)
          at /data/Workspace/helios/starwards/node_modules/colyseus.js/src/core/signal.ts:15:48
          at Array.forEach (<anonymous>)
          at EventEmitter.invoke (/data/Workspace/helios/starwards/node_modules/colyseus.js/src/core/signal.ts:15:19)
          at Function.register.invoke (/data/Workspace/helios/starwards/node_modules/colyseus.js/src/core/signal.ts:57:81)
          at WebSocket.connection.events.onclose (/data/Workspace/helios/starwards/node_modules/colyseus.js/src/Room.ts:89:30)
          at callListener (/data/Workspace/helios/starwards/node_modules/colyseus.js/node_modules/ws/lib/event-target.js:290:14)
          at WebSocket.onClose (/data/Workspace/helios/starwards/node_modules/colyseus.js/node_modules/ws/lib/event-target.js:220:9)
          at WebSocket.emit (node:events:524:28)
          at WebSocket.emitClose (/data/Workspace/helios/starwards/node_modules/colyseus.js/node_modules/ws/lib/websocket.js:272:10)
          at Socket.socketOnClose (/data/Workspace/helios/starwards/node_modules/colyseus.js/node_modules/ws/lib/websocket.js:1341:15)
          at Socket.emit (node:events:524:28)
          at TCP.<anonymous> (node:net:343:12)

      at ConnectionManager.onConnectionError (modules/core/src/client/connection-manager.ts:144:21)
          at Array.forEach (<anonymous>)

    console.log
      connection error: TypeError: Cannot read properties of undefined (reading 'decoder')
          at wireEvents (/data/Workspace/helios/starwards/node_modules/colyseus-events/src/wire-events.ts:30:40)
          at /data/Workspace/helios/starwards/modules/core/src/client/admin.ts:20:5
          at processTicksAndRejections (node:internal/process/task_queues:95:5)
          at /data/Workspace/helios/starwards/modules/core/src/client/connection-manager.ts:131:21

      at ConnectionManager.onConnectionError (modules/core/src/client/connection-manager.ts:144:21)

    console.log
      connection error: Error: disconnected from server
          at EventEmitter.<anonymous> (/data/Workspace/helios/starwards/modules/core/src/client/driver.ts:53:58)
          at /data/Workspace/helios/starwards/node_modules/colyseus.js/src/core/signal.ts:15:48
          at Array.forEach (<anonymous>)
          at EventEmitter.invoke (/data/Workspace/helios/starwards/node_modules/colyseus.js/src/core/signal.ts:15:19)
          at Function.register.invoke (/data/Workspace/helios/starwards/node_modules/colyseus.js/src/core/signal.ts:57:81)
          at WebSocket.connection.events.onclose (/data/Workspace/helios/starwards/node_modules/colyseus.js/src/Room.ts:89:30)
          at callListener (/data/Workspace/helios/starwards/node_modules/colyseus.js/node_modules/ws/lib/event-target.js:290:14)
          at WebSocket.onClose (/data/Workspace/helios/starwards/node_modules/colyseus.js/node_modules/ws/lib/event-target.js:220:9)
          at WebSocket.emit (node:events:524:28)
          at WebSocket.emitClose (/data/Workspace/helios/starwards/node_modules/colyseus.js/node_modules/ws/lib/websocket.js:272:10)
          at Socket.socketOnClose (/data/Workspace/helios/starwards/node_modules/colyseus.js/node_modules/ws/lib/websocket.js:1341:15)
          at Socket.emit (node:events:524:28)
          at TCP.<anonymous> (node:net:343:12)

      at ConnectionManager.onConnectionError (modules/core/src/client/connection-manager.ts:144:21)
          at Array.forEach (<anonymous>)

    console.log
      connection error: TypeError: Cannot read properties of undefined (reading 'decoder')
          at wireEvents (/data/Workspace/helios/starwards/node_modules/colyseus-events/src/wire-events.ts:30:40)
          at /data/Workspace/helios/starwards/modules/core/src/client/admin.ts:20:5
          at processTicksAndRejections (node:internal/process/task_queues:95:5)
          at /data/Workspace/helios/starwards/modules/core/src/client/connection-manager.ts:131:21

      at ConnectionManager.onConnectionError (modules/core/src/client/connection-manager.ts:144:21)

    console.log
      connection error: Error: disconnected from server
          at EventEmitter.<anonymous> (/data/Workspace/helios/starwards/modules/core/src/client/driver.ts:53:58)
          at /data/Workspace/helios/starwards/node_modules/colyseus.js/src/core/signal.ts:15:48
          at Array.forEach (<anonymous>)
          at EventEmitter.invoke (/data/Workspace/helios/starwards/node_modules/colyseus.js/src/core/signal.ts:15:19)
          at Function.register.invoke (/data/Workspace/helios/starwards/node_modules/colyseus.js/src/core/signal.ts:57:81)
          at WebSocket.connection.events.onclose (/data/Workspace/helios/starwards/node_modules/colyseus.js/src/Room.ts:89:30)
          at callListener (/data/Workspace/helios/starwards/node_modules/colyseus.js/node_modules/ws/lib/event-target.js:290:14)
          at WebSocket.onClose (/data/Workspace/helios/starwards/node_modules/colyseus.js/node_modules/ws/lib/event-target.js:220:9)
          at WebSocket.emit (node:events:524:28)
          at WebSocket.emitClose (/data/Workspace/helios/starwards/node_modules/colyseus.js/node_modules/ws/lib/websocket.js:272:10)
          at Socket.socketOnClose (/data/Workspace/helios/starwards/node_modules/colyseus.js/node_modules/ws/lib/websocket.js:1341:15)
          at Socket.emit (node:events:524:28)
          at TCP.<anonymous> (node:net:343:12)

      at ConnectionManager.onConnectionError (modules/core/src/client/connection-manager.ts:144:21)
          at Array.forEach (<anonymous>)

    console.log
      connection error: TypeError: Cannot read properties of undefined (reading 'decoder')
          at wireEvents (/data/Workspace/helios/starwards/node_modules/colyseus-events/src/wire-events.ts:30:40)
          at /data/Workspace/helios/starwards/modules/core/src/client/admin.ts:20:5
          at processTicksAndRejections (node:internal/process/task_queues:95:5)
          at /data/Workspace/helios/starwards/modules/core/src/client/connection-manager.ts:131:21

      at ConnectionManager.onConnectionError (modules/core/src/client/connection-manager.ts:144:21)

    console.log
      connection error: Error: disconnected from server
          at EventEmitter.<anonymous> (/data/Workspace/helios/starwards/modules/core/src/client/driver.ts:53:58)
          at /data/Workspace/helios/starwards/node_modules/colyseus.js/src/core/signal.ts:15:48
          at Array.forEach (<anonymous>)
          at EventEmitter.invoke (/data/Workspace/helios/starwards/node_modules/colyseus.js/src/core/signal.ts:15:19)
          at Function.register.invoke (/data/Workspace/helios/starwards/node_modules/colyseus.js/src/core/signal.ts:57:81)
          at WebSocket.connection.events.onclose (/data/Workspace/helios/starwards/node_modules/colyseus.js/src/Room.ts:89:30)
          at callListener (/data/Workspace/helios/starwards/node_modules/colyseus.js/node_modules/ws/lib/event-target.js:290:14)
          at WebSocket.onClose (/data/Workspace/helios/starwards/node_modules/colyseus.js/node_modules/ws/lib/event-target.js:220:9)
          at WebSocket.emit (node:events:524:28)
          at WebSocket.emitClose (/data/Workspace/helios/starwards/node_modules/colyseus.js/node_modules/ws/lib/websocket.js:272:10)
          at Socket.socketOnClose (/data/Workspace/helios/starwards/node_modules/colyseus.js/node_modules/ws/lib/websocket.js:1341:15)
          at Socket.emit (node:events:524:28)
          at TCP.<anonymous> (node:net:343:12)

      at ConnectionManager.onConnectionError (modules/core/src/client/connection-manager.ts:144:21)
          at Array.forEach (<anonymous>)

    console.log
      connection error: TypeError: Cannot read properties of undefined (reading 'decoder')
          at wireEvents (/data/Workspace/helios/starwards/node_modules/colyseus-events/src/wire-events.ts:30:40)
          at /data/Workspace/helios/starwards/modules/core/src/client/admin.ts:20:5
          at processTicksAndRejections (node:internal/process/task_queues:95:5)
          at /data/Workspace/helios/starwards/modules/core/src/client/connection-manager.ts:131:21

      at ConnectionManager.onConnectionError (modules/core/src/client/connection-manager.ts:144:21)

    console.log
      connection error: Error: disconnected from server
          at EventEmitter.<anonymous> (/data/Workspace/helios/starwards/modules/core/src/client/driver.ts:53:58)
          at /data/Workspace/helios/starwards/node_modules/colyseus.js/src/core/signal.ts:15:48
          at Array.forEach (<anonymous>)
          at EventEmitter.invoke (/data/Workspace/helios/starwards/node_modules/colyseus.js/src/core/signal.ts:15:19)
          at Function.register.invoke (/data/Workspace/helios/starwards/node_modules/colyseus.js/src/core/signal.ts:57:81)
          at WebSocket.connection.events.onclose (/data/Workspace/helios/starwards/node_modules/colyseus.js/src/Room.ts:89:30)
          at callListener (/data/Workspace/helios/starwards/node_modules/colyseus.js/node_modules/ws/lib/event-target.js:290:14)
          at WebSocket.onClose (/data/Workspace/helios/starwards/node_modules/colyseus.js/node_modules/ws/lib/event-target.js:220:9)
          at WebSocket.emit (node:events:524:28)
          at WebSocket.emitClose (/data/Workspace/helios/starwards/node_modules/colyseus.js/node_modules/ws/lib/websocket.js:272:10)
          at Socket.socketOnClose (/data/Workspace/helios/starwards/node_modules/colyseus.js/node_modules/ws/lib/websocket.js:1341:15)
          at Socket.emit (node:events:524:28)
          at TCP.<anonymous> (node:net:343:12)

      at ConnectionManager.onConnectionError (modules/core/src/client/connection-manager.ts:144:21)
          at Array.forEach (<anonymous>)

    console.log
      connection error: TypeError: Cannot read properties of undefined (reading 'decoder')
          at wireEvents (/data/Workspace/helios/starwards/node_modules/colyseus-events/src/wire-events.ts:30:40)
          at /data/Workspace/helios/starwards/modules/core/src/client/admin.ts:20:5
          at processTicksAndRejections (node:internal/process/task_queues:95:5)
          at /data/Workspace/helios/starwards/modules/core/src/client/connection-manager.ts:131:21

      at ConnectionManager.onConnectionError (modules/core/src/client/connection-manager.ts:144:21)

    console.log
      connection error: Error: disconnected from server
          at EventEmitter.<anonymous> (/data/Workspace/helios/starwards/modules/core/src/client/driver.ts:53:58)
          at /data/Workspace/helios/starwards/node_modules/colyseus.js/src/core/signal.ts:15:48
          at Array.forEach (<anonymous>)
          at EventEmitter.invoke (/data/Workspace/helios/starwards/node_modules/colyseus.js/src/core/signal.ts:15:19)
          at Function.register.invoke (/data/Workspace/helios/starwards/node_modules/colyseus.js/src/core/signal.ts:57:81)
          at WebSocket.connection.events.onclose (/data/Workspace/helios/starwards/node_modules/colyseus.js/src/Room.ts:89:30)
          at callListener (/data/Workspace/helios/starwards/node_modules/colyseus.js/node_modules/ws/lib/event-target.js:290:14)
          at WebSocket.onClose (/data/Workspace/helios/starwards/node_modules/colyseus.js/node_modules/ws/lib/event-target.js:220:9)
          at WebSocket.emit (node:events:524:28)
          at WebSocket.emitClose (/data/Workspace/helios/starwards/node_modules/colyseus.js/node_modules/ws/lib/websocket.js:272:10)
          at Socket.socketOnClose (/data/Workspace/helios/starwards/node_modules/colyseus.js/node_modules/ws/lib/websocket.js:1341:15)
          at Socket.emit (node:events:524:28)
          at TCP.<anonymous> (node:net:343:12)

      at ConnectionManager.onConnectionError (modules/core/src/client/connection-manager.ts:144:21)
          at Array.forEach (<anonymous>)

    console.log
      connection error: TypeError: Cannot read properties of undefined (reading 'decoder')
          at wireEvents (/data/Workspace/helios/starwards/node_modules/colyseus-events/src/wire-events.ts:30:40)
          at /data/Workspace/helios/starwards/modules/core/src/client/admin.ts:20:5
          at processTicksAndRejections (node:internal/process/task_queues:95:5)
          at /data/Workspace/helios/starwards/modules/core/src/client/connection-manager.ts:131:21

      at ConnectionManager.onConnectionError (modules/core/src/client/connection-manager.ts:144:21)

    console.log
      connection error: Error: disconnected from server
          at EventEmitter.<anonymous> (/data/Workspace/helios/starwards/modules/core/src/client/driver.ts:53:58)
          at /data/Workspace/helios/starwards/node_modules/colyseus.js/src/core/signal.ts:15:48
          at Array.forEach (<anonymous>)
          at EventEmitter.invoke (/data/Workspace/helios/starwards/node_modules/colyseus.js/src/core/signal.ts:15:19)
          at Function.register.invoke (/data/Workspace/helios/starwards/node_modules/colyseus.js/src/core/signal.ts:57:81)
          at WebSocket.connection.events.onclose (/data/Workspace/helios/starwards/node_modules/colyseus.js/src/Room.ts:89:30)
          at callListener (/data/Workspace/helios/starwards/node_modules/colyseus.js/node_modules/ws/lib/event-target.js:290:14)
          at WebSocket.onClose (/data/Workspace/helios/starwards/node_modules/colyseus.js/node_modules/ws/lib/event-target.js:220:9)
          at WebSocket.emit (node:events:524:28)
          at WebSocket.emitClose (/data/Workspace/helios/starwards/node_modules/colyseus.js/node_modules/ws/lib/websocket.js:272:10)
          at Socket.socketOnClose (/data/Workspace/helios/starwards/node_modules/colyseus.js/node_modules/ws/lib/websocket.js:1341:15)
          at Socket.emit (node:events:524:28)
          at TCP.<anonymous> (node:net:343:12)

      at ConnectionManager.onConnectionError (modules/core/src/client/connection-manager.ts:144:21)
          at Array.forEach (<anonymous>)

    console.log
      connection error: TypeError: Cannot read properties of undefined (reading 'decoder')
          at wireEvents (/data/Workspace/helios/starwards/node_modules/colyseus-events/src/wire-events.ts:30:40)
          at /data/Workspace/helios/starwards/modules/core/src/client/admin.ts:20:5
          at processTicksAndRejections (node:internal/process/task_queues:95:5)
          at /data/Workspace/helios/starwards/modules/core/src/client/connection-manager.ts:131:21

      at ConnectionManager.onConnectionError (modules/core/src/client/connection-manager.ts:144:21)

    console.log
      connection error: Error: disconnected from server
          at EventEmitter.<anonymous> (/data/Workspace/helios/starwards/modules/core/src/client/driver.ts:53:58)
          at /data/Workspace/helios/starwards/node_modules/colyseus.js/src/core/signal.ts:15:48
          at Array.forEach (<anonymous>)
          at EventEmitter.invoke (/data/Workspace/helios/starwards/node_modules/colyseus.js/src/core/signal.ts:15:19)
          at Function.register.invoke (/data/Workspace/helios/starwards/node_modules/colyseus.js/src/core/signal.ts:57:81)
          at WebSocket.connection.events.onclose (/data/Workspace/helios/starwards/node_modules/colyseus.js/src/Room.ts:89:30)
          at callListener (/data/Workspace/helios/starwards/node_modules/colyseus.js/node_modules/ws/lib/event-target.js:290:14)
          at WebSocket.onClose (/data/Workspace/helios/starwards/node_modules/colyseus.js/node_modules/ws/lib/event-target.js:220:9)
          at WebSocket.emit (node:events:524:28)
          at WebSocket.emitClose (/data/Workspace/helios/starwards/node_modules/colyseus.js/node_modules/ws/lib/websocket.js:272:10)
          at Socket.socketOnClose (/data/Workspace/helios/starwards/node_modules/colyseus.js/node_modules/ws/lib/websocket.js:1341:15)
          at Socket.emit (node:events:524:28)
          at TCP.<anonymous> (node:net:343:12)

      at ConnectionManager.onConnectionError (modules/core/src/client/connection-manager.ts:144:21)
          at Array.forEach (<anonymous>)

    console.log
      connection error: TypeError: Cannot read properties of undefined (reading 'decoder')
          at wireEvents (/data/Workspace/helios/starwards/node_modules/colyseus-events/src/wire-events.ts:30:40)
          at /data/Workspace/helios/starwards/modules/core/src/client/admin.ts:20:5
          at processTicksAndRejections (node:internal/process/task_queues:95:5)
          at /data/Workspace/helios/starwards/modules/core/src/client/connection-manager.ts:131:21

      at ConnectionManager.onConnectionError (modules/core/src/client/connection-manager.ts:144:21)

    console.log
      connection error: Error: disconnected from server
          at EventEmitter.<anonymous> (/data/Workspace/helios/starwards/modules/core/src/client/driver.ts:53:58)
          at /data/Workspace/helios/starwards/node_modules/colyseus.js/src/core/signal.ts:15:48
          at Array.forEach (<anonymous>)
          at EventEmitter.invoke (/data/Workspace/helios/starwards/node_modules/colyseus.js/src/core/signal.ts:15:19)
          at Function.register.invoke (/data/Workspace/helios/starwards/node_modules/colyseus.js/src/core/signal.ts:57:81)
          at WebSocket.connection.events.onclose (/data/Workspace/helios/starwards/node_modules/colyseus.js/src/Room.ts:89:30)
          at callListener (/data/Workspace/helios/starwards/node_modules/colyseus.js/node_modules/ws/lib/event-target.js:290:14)
          at WebSocket.onClose (/data/Workspace/helios/starwards/node_modules/colyseus.js/node_modules/ws/lib/event-target.js:220:9)
          at WebSocket.emit (node:events:524:28)
          at WebSocket.emitClose (/data/Workspace/helios/starwards/node_modules/colyseus.js/node_modules/ws/lib/websocket.js:272:10)
          at Socket.socketOnClose (/data/Workspace/helios/starwards/node_modules/colyseus.js/node_modules/ws/lib/websocket.js:1341:15)
          at Socket.emit (node:events:524:28)
          at TCP.<anonymous> (node:net:343:12)

      at ConnectionManager.onConnectionError (modules/core/src/client/connection-manager.ts:144:21)
          at Array.forEach (<anonymous>)

    console.log
      connection error: TypeError: Cannot read properties of undefined (reading 'decoder')
          at wireEvents (/data/Workspace/helios/starwards/node_modules/colyseus-events/src/wire-events.ts:30:40)
          at /data/Workspace/helios/starwards/modules/core/src/client/admin.ts:20:5
          at processTicksAndRejections (node:internal/process/task_queues:95:5)
          at /data/Workspace/helios/starwards/modules/core/src/client/connection-manager.ts:131:21

      at ConnectionManager.onConnectionError (modules/core/src/client/connection-manager.ts:144:21)

    console.log
      connection error: Error: disconnected from server
          at EventEmitter.<anonymous> (/data/Workspace/helios/starwards/modules/core/src/client/driver.ts:53:58)
          at /data/Workspace/helios/starwards/node_modules/colyseus.js/src/core/signal.ts:15:48
          at Array.forEach (<anonymous>)
          at EventEmitter.invoke (/data/Workspace/helios/starwards/node_modules/colyseus.js/src/core/signal.ts:15:19)
          at Function.register.invoke (/data/Workspace/helios/starwards/node_modules/colyseus.js/src/core/signal.ts:57:81)
          at WebSocket.connection.events.onclose (/data/Workspace/helios/starwards/node_modules/colyseus.js/src/Room.ts:89:30)
          at callListener (/data/Workspace/helios/starwards/node_modules/colyseus.js/node_modules/ws/lib/event-target.js:290:14)
          at WebSocket.onClose (/data/Workspace/helios/starwards/node_modules/colyseus.js/node_modules/ws/lib/event-target.js:220:9)
          at WebSocket.emit (node:events:524:28)
          at WebSocket.emitClose (/data/Workspace/helios/starwards/node_modules/colyseus.js/node_modules/ws/lib/websocket.js:272:10)
          at Socket.socketOnClose (/data/Workspace/helios/starwards/node_modules/colyseus.js/node_modules/ws/lib/websocket.js:1341:15)
          at Socket.emit (node:events:524:28)
          at TCP.<anonymous> (node:net:343:12)

      at ConnectionManager.onConnectionError (modules/core/src/client/connection-manager.ts:144:21)
          at Array.forEach (<anonymous>)

    console.log
      connection error: TypeError: Cannot read properties of undefined (reading 'decoder')
          at wireEvents (/data/Workspace/helios/starwards/node_modules/colyseus-events/src/wire-events.ts:30:40)
          at /data/Workspace/helios/starwards/modules/core/src/client/admin.ts:20:5
          at processTicksAndRejections (node:internal/process/task_queues:95:5)
          at /data/Workspace/helios/starwards/modules/core/src/client/connection-manager.ts:131:21

      at ConnectionManager.onConnectionError (modules/core/src/client/connection-manager.ts:144:21)

    console.log
      connection error: Error: disconnected from server
          at EventEmitter.<anonymous> (/data/Workspace/helios/starwards/modules/core/src/client/driver.ts:53:58)
          at /data/Workspace/helios/starwards/node_modules/colyseus.js/src/core/signal.ts:15:48
          at Array.forEach (<anonymous>)
          at EventEmitter.invoke (/data/Workspace/helios/starwards/node_modules/colyseus.js/src/core/signal.ts:15:19)
          at Function.register.invoke (/data/Workspace/helios/starwards/node_modules/colyseus.js/src/core/signal.ts:57:81)
          at WebSocket.connection.events.onclose (/data/Workspace/helios/starwards/node_modules/colyseus.js/src/Room.ts:89:30)
          at callListener (/data/Workspace/helios/starwards/node_modules/colyseus.js/node_modules/ws/lib/event-target.js:290:14)
          at WebSocket.onClose (/data/Workspace/helios/starwards/node_modules/colyseus.js/node_modules/ws/lib/event-target.js:220:9)
          at WebSocket.emit (node:events:524:28)
          at WebSocket.emitClose (/data/Workspace/helios/starwards/node_modules/colyseus.js/node_modules/ws/lib/websocket.js:272:10)
          at Socket.socketOnClose (/data/Workspace/helios/starwards/node_modules/colyseus.js/node_modules/ws/lib/websocket.js:1341:15)
          at Socket.emit (node:events:524:28)
          at TCP.<anonymous> (node:net:343:12)

      at ConnectionManager.onConnectionError (modules/core/src/client/connection-manager.ts:144:21)
          at Array.forEach (<anonymous>)

    console.log
      connection error: TypeError: Cannot read properties of undefined (reading 'decoder')
          at wireEvents (/data/Workspace/helios/starwards/node_modules/colyseus-events/src/wire-events.ts:30:40)
          at /data/Workspace/helios/starwards/modules/core/src/client/admin.ts:20:5
          at processTicksAndRejections (node:internal/process/task_queues:95:5)
          at /data/Workspace/helios/starwards/modules/core/src/client/connection-manager.ts:131:21

      at ConnectionManager.onConnectionError (modules/core/src/client/connection-manager.ts:144:21)

    console.log
      connection error: Error: disconnected from server
          at EventEmitter.<anonymous> (/data/Workspace/helios/starwards/modules/core/src/client/driver.ts:53:58)
          at /data/Workspace/helios/starwards/node_modules/colyseus.js/src/core/signal.ts:15:48
          at Array.forEach (<anonymous>)
          at EventEmitter.invoke (/data/Workspace/helios/starwards/node_modules/colyseus.js/src/core/signal.ts:15:19)
          at Function.register.invoke (/data/Workspace/helios/starwards/node_modules/colyseus.js/src/core/signal.ts:57:81)
          at WebSocket.connection.events.onclose (/data/Workspace/helios/starwards/node_modules/colyseus.js/src/Room.ts:89:30)
          at callListener (/data/Workspace/helios/starwards/node_modules/colyseus.js/node_modules/ws/lib/event-target.js:290:14)
          at WebSocket.onClose (/data/Workspace/helios/starwards/node_modules/colyseus.js/node_modules/ws/lib/event-target.js:220:9)
          at WebSocket.emit (node:events:524:28)
          at WebSocket.emitClose (/data/Workspace/helios/starwards/node_modules/colyseus.js/node_modules/ws/lib/websocket.js:272:10)
          at Socket.socketOnClose (/data/Workspace/helios/starwards/node_modules/colyseus.js/node_modules/ws/lib/websocket.js:1341:15)
          at Socket.emit (node:events:524:28)
          at TCP.<anonymous> (node:net:343:12)

      at ConnectionManager.onConnectionError (modules/core/src/client/connection-manager.ts:144:21)
          at Array.forEach (<anonymous>)

    console.log
      connection error: TypeError: Cannot read properties of undefined (reading 'decoder')
          at wireEvents (/data/Workspace/helios/starwards/node_modules/colyseus-events/src/wire-events.ts:30:40)
          at /data/Workspace/helios/starwards/modules/core/src/client/admin.ts:20:5
          at processTicksAndRejections (node:internal/process/task_queues:95:5)
          at /data/Workspace/helios/starwards/modules/core/src/client/connection-manager.ts:131:21

      at ConnectionManager.onConnectionError (modules/core/src/client/connection-manager.ts:144:21)

    console.log
      connection error: Error: disconnected from server
          at EventEmitter.<anonymous> (/data/Workspace/helios/starwards/modules/core/src/client/driver.ts:53:58)
          at /data/Workspace/helios/starwards/node_modules/colyseus.js/src/core/signal.ts:15:48
          at Array.forEach (<anonymous>)
          at EventEmitter.invoke (/data/Workspace/helios/starwards/node_modules/colyseus.js/src/core/signal.ts:15:19)
          at Function.register.invoke (/data/Workspace/helios/starwards/node_modules/colyseus.js/src/core/signal.ts:57:81)
          at WebSocket.connection.events.onclose (/data/Workspace/helios/starwards/node_modules/colyseus.js/src/Room.ts:89:30)
          at callListener (/data/Workspace/helios/starwards/node_modules/colyseus.js/node_modules/ws/lib/event-target.js:290:14)
          at WebSocket.onClose (/data/Workspace/helios/starwards/node_modules/colyseus.js/node_modules/ws/lib/event-target.js:220:9)
          at WebSocket.emit (node:events:524:28)
          at WebSocket.emitClose (/data/Workspace/helios/starwards/node_modules/colyseus.js/node_modules/ws/lib/websocket.js:272:10)
          at Socket.socketOnClose (/data/Workspace/helios/starwards/node_modules/colyseus.js/node_modules/ws/lib/websocket.js:1341:15)
          at Socket.emit (node:events:524:28)
          at TCP.<anonymous> (node:net:343:12)

      at ConnectionManager.onConnectionError (modules/core/src/client/connection-manager.ts:144:21)
          at Array.forEach (<anonymous>)

    console.log
      connection error: TypeError: Cannot read properties of undefined (reading 'decoder')
          at wireEvents (/data/Workspace/helios/starwards/node_modules/colyseus-events/src/wire-events.ts:30:40)
          at /data/Workspace/helios/starwards/modules/core/src/client/admin.ts:20:5
          at processTicksAndRejections (node:internal/process/task_queues:95:5)
          at /data/Workspace/helios/starwards/modules/core/src/client/connection-manager.ts:131:21

      at ConnectionManager.onConnectionError (modules/core/src/client/connection-manager.ts:144:21)

    console.log
      connection error: Error: disconnected from server
          at EventEmitter.<anonymous> (/data/Workspace/helios/starwards/modules/core/src/client/driver.ts:53:58)
          at /data/Workspace/helios/starwards/node_modules/colyseus.js/src/core/signal.ts:15:48
          at Array.forEach (<anonymous>)
          at EventEmitter.invoke (/data/Workspace/helios/starwards/node_modules/colyseus.js/src/core/signal.ts:15:19)
          at Function.register.invoke (/data/Workspace/helios/starwards/node_modules/colyseus.js/src/core/signal.ts:57:81)
          at WebSocket.connection.events.onclose (/data/Workspace/helios/starwards/node_modules/colyseus.js/src/Room.ts:89:30)
          at callListener (/data/Workspace/helios/starwards/node_modules/colyseus.js/node_modules/ws/lib/event-target.js:290:14)
          at WebSocket.onClose (/data/Workspace/helios/starwards/node_modules/colyseus.js/node_modules/ws/lib/event-target.js:220:9)
          at WebSocket.emit (node:events:524:28)
          at WebSocket.emitClose (/data/Workspace/helios/starwards/node_modules/colyseus.js/node_modules/ws/lib/websocket.js:272:10)
          at Socket.socketOnClose (/data/Workspace/helios/starwards/node_modules/colyseus.js/node_modules/ws/lib/websocket.js:1341:15)
          at Socket.emit (node:events:524:28)
          at TCP.<anonymous> (node:net:343:12)

      at ConnectionManager.onConnectionError (modules/core/src/client/connection-manager.ts:144:21)
          at Array.forEach (<anonymous>)

    console.log
      connection error: TypeError: Cannot read properties of undefined (reading 'decoder')
          at wireEvents (/data/Workspace/helios/starwards/node_modules/colyseus-events/src/wire-events.ts:30:40)
          at /data/Workspace/helios/starwards/modules/core/src/client/admin.ts:20:5
          at processTicksAndRejections (node:internal/process/task_queues:95:5)
          at /data/Workspace/helios/starwards/modules/core/src/client/connection-manager.ts:131:21

      at ConnectionManager.onConnectionError (modules/core/src/client/connection-manager.ts:144:21)

    console.log
      connection error: Error: disconnected from server
          at EventEmitter.<anonymous> (/data/Workspace/helios/starwards/modules/core/src/client/driver.ts:53:58)
          at /data/Workspace/helios/starwards/node_modules/colyseus.js/src/core/signal.ts:15:48
          at Array.forEach (<anonymous>)
          at EventEmitter.invoke (/data/Workspace/helios/starwards/node_modules/colyseus.js/src/core/signal.ts:15:19)
          at Function.register.invoke (/data/Workspace/helios/starwards/node_modules/colyseus.js/src/core/signal.ts:57:81)
          at WebSocket.connection.events.onclose (/data/Workspace/helios/starwards/node_modules/colyseus.js/src/Room.ts:89:30)
          at callListener (/data/Workspace/helios/starwards/node_modules/colyseus.js/node_modules/ws/lib/event-target.js:290:14)
          at WebSocket.onClose (/data/Workspace/helios/starwards/node_modules/colyseus.js/node_modules/ws/lib/event-target.js:220:9)
          at WebSocket.emit (node:events:524:28)
          at WebSocket.emitClose (/data/Workspace/helios/starwards/node_modules/colyseus.js/node_modules/ws/lib/websocket.js:272:10)
          at Socket.socketOnClose (/data/Workspace/helios/starwards/node_modules/colyseus.js/node_modules/ws/lib/websocket.js:1341:15)
          at Socket.emit (node:events:524:28)
          at TCP.<anonymous> (node:net:343:12)

      at ConnectionManager.onConnectionError (modules/core/src/client/connection-manager.ts:144:21)
          at Array.forEach (<anonymous>)

    console.log
      connection error: TypeError: Cannot read properties of undefined (reading 'decoder')
          at wireEvents (/data/Workspace/helios/starwards/node_modules/colyseus-events/src/wire-events.ts:30:40)
          at /data/Workspace/helios/starwards/modules/core/src/client/admin.ts:20:5
          at processTicksAndRejections (node:internal/process/task_queues:95:5)
          at /data/Workspace/helios/starwards/modules/core/src/client/connection-manager.ts:131:21

      at ConnectionManager.onConnectionError (modules/core/src/client/connection-manager.ts:144:21)

    console.log
      connection error: Error: disconnected from server
          at EventEmitter.<anonymous> (/data/Workspace/helios/starwards/modules/core/src/client/driver.ts:53:58)
          at /data/Workspace/helios/starwards/node_modules/colyseus.js/src/core/signal.ts:15:48
          at Array.forEach (<anonymous>)
          at EventEmitter.invoke (/data/Workspace/helios/starwards/node_modules/colyseus.js/src/core/signal.ts:15:19)
          at Function.register.invoke (/data/Workspace/helios/starwards/node_modules/colyseus.js/src/core/signal.ts:57:81)
          at WebSocket.connection.events.onclose (/data/Workspace/helios/starwards/node_modules/colyseus.js/src/Room.ts:89:30)
          at callListener (/data/Workspace/helios/starwards/node_modules/colyseus.js/node_modules/ws/lib/event-target.js:290:14)
          at WebSocket.onClose (/data/Workspace/helios/starwards/node_modules/colyseus.js/node_modules/ws/lib/event-target.js:220:9)
          at WebSocket.emit (node:events:524:28)
          at WebSocket.emitClose (/data/Workspace/helios/starwards/node_modules/colyseus.js/node_modules/ws/lib/websocket.js:272:10)
          at Socket.socketOnClose (/data/Workspace/helios/starwards/node_modules/colyseus.js/node_modules/ws/lib/websocket.js:1341:15)
          at Socket.emit (node:events:524:28)
          at TCP.<anonymous> (node:net:343:12)

      at ConnectionManager.onConnectionError (modules/core/src/client/connection-manager.ts:144:21)
          at Array.forEach (<anonymous>)

    console.log
      connection error: TypeError: Cannot read properties of undefined (reading 'decoder')
          at wireEvents (/data/Workspace/helios/starwards/node_modules/colyseus-events/src/wire-events.ts:30:40)
          at /data/Workspace/helios/starwards/modules/core/src/client/admin.ts:20:5
          at processTicksAndRejections (node:internal/process/task_queues:95:5)
          at /data/Workspace/helios/starwards/modules/core/src/client/connection-manager.ts:131:21

      at ConnectionManager.onConnectionError (modules/core/src/client/connection-manager.ts:144:21)

    console.log
      connection error: Error: disconnected from server
          at EventEmitter.<anonymous> (/data/Workspace/helios/starwards/modules/core/src/client/driver.ts:53:58)
          at /data/Workspace/helios/starwards/node_modules/colyseus.js/src/core/signal.ts:15:48
          at Array.forEach (<anonymous>)
          at EventEmitter.invoke (/data/Workspace/helios/starwards/node_modules/colyseus.js/src/core/signal.ts:15:19)
          at Function.register.invoke (/data/Workspace/helios/starwards/node_modules/colyseus.js/src/core/signal.ts:57:81)
          at WebSocket.connection.events.onclose (/data/Workspace/helios/starwards/node_modules/colyseus.js/src/Room.ts:89:30)
          at callListener (/data/Workspace/helios/starwards/node_modules/colyseus.js/node_modules/ws/lib/event-target.js:290:14)
          at WebSocket.onClose (/data/Workspace/helios/starwards/node_modules/colyseus.js/node_modules/ws/lib/event-target.js:220:9)
          at WebSocket.emit (node:events:524:28)
          at WebSocket.emitClose (/data/Workspace/helios/starwards/node_modules/colyseus.js/node_modules/ws/lib/websocket.js:272:10)
          at Socket.socketOnClose (/data/Workspace/helios/starwards/node_modules/colyseus.js/node_modules/ws/lib/websocket.js:1341:15)
          at Socket.emit (node:events:524:28)
          at TCP.<anonymous> (node:net:343:12)

      at ConnectionManager.onConnectionError (modules/core/src/client/connection-manager.ts:144:21)
          at Array.forEach (<anonymous>)

    console.log
      connection error: TypeError: Cannot read properties of undefined (reading 'decoder')
          at wireEvents (/data/Workspace/helios/starwards/node_modules/colyseus-events/src/wire-events.ts:30:40)
          at /data/Workspace/helios/starwards/modules/core/src/client/admin.ts:20:5
          at processTicksAndRejections (node:internal/process/task_queues:95:5)
          at /data/Workspace/helios/starwards/modules/core/src/client/connection-manager.ts:131:21

      at ConnectionManager.onConnectionError (modules/core/src/client/connection-manager.ts:144:21)

    console.log
      connection error: Error: disconnected from server
          at EventEmitter.<anonymous> (/data/Workspace/helios/starwards/modules/core/src/client/driver.ts:53:58)
          at /data/Workspace/helios/starwards/node_modules/colyseus.js/src/core/signal.ts:15:48
          at Array.forEach (<anonymous>)
          at EventEmitter.invoke (/data/Workspace/helios/starwards/node_modules/colyseus.js/src/core/signal.ts:15:19)
          at Function.register.invoke (/data/Workspace/helios/starwards/node_modules/colyseus.js/src/core/signal.ts:57:81)
          at WebSocket.connection.events.onclose (/data/Workspace/helios/starwards/node_modules/colyseus.js/src/Room.ts:89:30)
          at callListener (/data/Workspace/helios/starwards/node_modules/colyseus.js/node_modules/ws/lib/event-target.js:290:14)
          at WebSocket.onClose (/data/Workspace/helios/starwards/node_modules/colyseus.js/node_modules/ws/lib/event-target.js:220:9)
          at WebSocket.emit (node:events:524:28)
          at WebSocket.emitClose (/data/Workspace/helios/starwards/node_modules/colyseus.js/node_modules/ws/lib/websocket.js:272:10)
          at Socket.socketOnClose (/data/Workspace/helios/starwards/node_modules/colyseus.js/node_modules/ws/lib/websocket.js:1341:15)
          at Socket.emit (node:events:524:28)
          at TCP.<anonymous> (node:net:343:12)

      at ConnectionManager.onConnectionError (modules/core/src/client/connection-manager.ts:144:21)
          at Array.forEach (<anonymous>)

    console.log
      connection error: TypeError: Cannot read properties of undefined (reading 'decoder')
          at wireEvents (/data/Workspace/helios/starwards/node_modules/colyseus-events/src/wire-events.ts:30:40)
          at /data/Workspace/helios/starwards/modules/core/src/client/admin.ts:20:5
          at processTicksAndRejections (node:internal/process/task_queues:95:5)
          at /data/Workspace/helios/starwards/modules/core/src/client/connection-manager.ts:131:21

      at ConnectionManager.onConnectionError (modules/core/src/client/connection-manager.ts:144:21)

    console.log
      connection error: Error: disconnected from server
          at EventEmitter.<anonymous> (/data/Workspace/helios/starwards/modules/core/src/client/driver.ts:53:58)
          at /data/Workspace/helios/starwards/node_modules/colyseus.js/src/core/signal.ts:15:48
          at Array.forEach (<anonymous>)
          at EventEmitter.invoke (/data/Workspace/helios/starwards/node_modules/colyseus.js/src/core/signal.ts:15:19)
          at Function.register.invoke (/data/Workspace/helios/starwards/node_modules/colyseus.js/src/core/signal.ts:57:81)
          at WebSocket.connection.events.onclose (/data/Workspace/helios/starwards/node_modules/colyseus.js/src/Room.ts:89:30)
          at callListener (/data/Workspace/helios/starwards/node_modules/colyseus.js/node_modules/ws/lib/event-target.js:290:14)
          at WebSocket.onClose (/data/Workspace/helios/starwards/node_modules/colyseus.js/node_modules/ws/lib/event-target.js:220:9)
          at WebSocket.emit (node:events:524:28)
          at WebSocket.emitClose (/data/Workspace/helios/starwards/node_modules/colyseus.js/node_modules/ws/lib/websocket.js:272:10)
          at Socket.socketOnClose (/data/Workspace/helios/starwards/node_modules/colyseus.js/node_modules/ws/lib/websocket.js:1341:15)
          at Socket.emit (node:events:524:28)
          at TCP.<anonymous> (node:net:343:12)

      at ConnectionManager.onConnectionError (modules/core/src/client/connection-manager.ts:144:21)
          at Array.forEach (<anonymous>)

    console.log
      connection error: TypeError: Cannot read properties of undefined (reading 'decoder')
          at wireEvents (/data/Workspace/helios/starwards/node_modules/colyseus-events/src/wire-events.ts:30:40)
          at /data/Workspace/helios/starwards/modules/core/src/client/admin.ts:20:5
          at processTicksAndRejections (node:internal/process/task_queues:95:5)
          at /data/Workspace/helios/starwards/modules/core/src/client/connection-manager.ts:131:21

      at ConnectionManager.onConnectionError (modules/core/src/client/connection-manager.ts:144:21)

    console.log
      connection error: Error: disconnected from server
          at EventEmitter.<anonymous> (/data/Workspace/helios/starwards/modules/core/src/client/driver.ts:53:58)
          at /data/Workspace/helios/starwards/node_modules/colyseus.js/src/core/signal.ts:15:48
          at Array.forEach (<anonymous>)
          at EventEmitter.invoke (/data/Workspace/helios/starwards/node_modules/colyseus.js/src/core/signal.ts:15:19)
          at Function.register.invoke (/data/Workspace/helios/starwards/node_modules/colyseus.js/src/core/signal.ts:57:81)
          at WebSocket.connection.events.onclose (/data/Workspace/helios/starwards/node_modules/colyseus.js/src/Room.ts:89:30)
          at callListener (/data/Workspace/helios/starwards/node_modules/colyseus.js/node_modules/ws/lib/event-target.js:290:14)
          at WebSocket.onClose (/data/Workspace/helios/starwards/node_modules/colyseus.js/node_modules/ws/lib/event-target.js:220:9)
          at WebSocket.emit (node:events:524:28)
          at WebSocket.emitClose (/data/Workspace/helios/starwards/node_modules/colyseus.js/node_modules/ws/lib/websocket.js:272:10)
          at Socket.socketOnClose (/data/Workspace/helios/starwards/node_modules/colyseus.js/node_modules/ws/lib/websocket.js:1341:15)
          at Socket.emit (node:events:524:28)
          at TCP.<anonymous> (node:net:343:12)

      at ConnectionManager.onConnectionError (modules/core/src/client/connection-manager.ts:144:21)
          at Array.forEach (<anonymous>)

    console.log
      connection error: TypeError: Cannot read properties of undefined (reading 'decoder')
          at wireEvents (/data/Workspace/helios/starwards/node_modules/colyseus-events/src/wire-events.ts:30:40)
          at /data/Workspace/helios/starwards/modules/core/src/client/admin.ts:20:5
          at processTicksAndRejections (node:internal/process/task_queues:95:5)
          at /data/Workspace/helios/starwards/modules/core/src/client/connection-manager.ts:131:21

      at ConnectionManager.onConnectionError (modules/core/src/client/connection-manager.ts:144:21)

    console.log
      connection error: Error: disconnected from server
          at EventEmitter.<anonymous> (/data/Workspace/helios/starwards/modules/core/src/client/driver.ts:53:58)
          at /data/Workspace/helios/starwards/node_modules/colyseus.js/src/core/signal.ts:15:48
          at Array.forEach (<anonymous>)
          at EventEmitter.invoke (/data/Workspace/helios/starwards/node_modules/colyseus.js/src/core/signal.ts:15:19)
          at Function.register.invoke (/data/Workspace/helios/starwards/node_modules/colyseus.js/src/core/signal.ts:57:81)
          at WebSocket.connection.events.onclose (/data/Workspace/helios/starwards/node_modules/colyseus.js/src/Room.ts:89:30)
          at callListener (/data/Workspace/helios/starwards/node_modules/colyseus.js/node_modules/ws/lib/event-target.js:290:14)
          at WebSocket.onClose (/data/Workspace/helios/starwards/node_modules/colyseus.js/node_modules/ws/lib/event-target.js:220:9)
          at WebSocket.emit (node:events:524:28)
          at WebSocket.emitClose (/data/Workspace/helios/starwards/node_modules/colyseus.js/node_modules/ws/lib/websocket.js:272:10)
          at Socket.socketOnClose (/data/Workspace/helios/starwards/node_modules/colyseus.js/node_modules/ws/lib/websocket.js:1341:15)
          at Socket.emit (node:events:524:28)
          at TCP.<anonymous> (node:net:343:12)

      at ConnectionManager.onConnectionError (modules/core/src/client/connection-manager.ts:144:21)
          at Array.forEach (<anonymous>)

    console.log
      connection error: TypeError: Cannot read properties of undefined (reading 'decoder')
          at wireEvents (/data/Workspace/helios/starwards/node_modules/colyseus-events/src/wire-events.ts:30:40)
          at /data/Workspace/helios/starwards/modules/core/src/client/admin.ts:20:5
          at processTicksAndRejections (node:internal/process/task_queues:95:5)
          at /data/Workspace/helios/starwards/modules/core/src/client/connection-manager.ts:131:21

      at ConnectionManager.onConnectionError (modules/core/src/client/connection-manager.ts:144:21)

    console.log
      connection error: Error: disconnected from server
          at EventEmitter.<anonymous> (/data/Workspace/helios/starwards/modules/core/src/client/driver.ts:53:58)
          at /data/Workspace/helios/starwards/node_modules/colyseus.js/src/core/signal.ts:15:48
          at Array.forEach (<anonymous>)
          at EventEmitter.invoke (/data/Workspace/helios/starwards/node_modules/colyseus.js/src/core/signal.ts:15:19)
          at Function.register.invoke (/data/Workspace/helios/starwards/node_modules/colyseus.js/src/core/signal.ts:57:81)
          at WebSocket.connection.events.onclose (/data/Workspace/helios/starwards/node_modules/colyseus.js/src/Room.ts:89:30)
          at callListener (/data/Workspace/helios/starwards/node_modules/colyseus.js/node_modules/ws/lib/event-target.js:290:14)
          at WebSocket.onClose (/data/Workspace/helios/starwards/node_modules/colyseus.js/node_modules/ws/lib/event-target.js:220:9)
          at WebSocket.emit (node:events:524:28)
          at WebSocket.emitClose (/data/Workspace/helios/starwards/node_modules/colyseus.js/node_modules/ws/lib/websocket.js:272:10)
          at Socket.socketOnClose (/data/Workspace/helios/starwards/node_modules/colyseus.js/node_modules/ws/lib/websocket.js:1341:15)
          at Socket.emit (node:events:524:28)
          at TCP.<anonymous> (node:net:343:12)

      at ConnectionManager.onConnectionError (modules/core/src/client/connection-manager.ts:144:21)
          at Array.forEach (<anonymous>)

    console.log
      connection error: TypeError: Cannot read properties of undefined (reading 'decoder')
          at wireEvents (/data/Workspace/helios/starwards/node_modules/colyseus-events/src/wire-events.ts:30:40)
          at /data/Workspace/helios/starwards/modules/core/src/client/admin.ts:20:5
          at processTicksAndRejections (node:internal/process/task_queues:95:5)
          at /data/Workspace/helios/starwards/modules/core/src/client/connection-manager.ts:131:21

      at ConnectionManager.onConnectionError (modules/core/src/client/connection-manager.ts:144:21)

    console.log
      connection error: Error: disconnected from server
          at EventEmitter.<anonymous> (/data/Workspace/helios/starwards/modules/core/src/client/driver.ts:53:58)
          at /data/Workspace/helios/starwards/node_modules/colyseus.js/src/core/signal.ts:15:48
          at Array.forEach (<anonymous>)
          at EventEmitter.invoke (/data/Workspace/helios/starwards/node_modules/colyseus.js/src/core/signal.ts:15:19)
          at Function.register.invoke (/data/Workspace/helios/starwards/node_modules/colyseus.js/src/core/signal.ts:57:81)
          at WebSocket.connection.events.onclose (/data/Workspace/helios/starwards/node_modules/colyseus.js/src/Room.ts:89:30)
          at callListener (/data/Workspace/helios/starwards/node_modules/colyseus.js/node_modules/ws/lib/event-target.js:290:14)
          at WebSocket.onClose (/data/Workspace/helios/starwards/node_modules/colyseus.js/node_modules/ws/lib/event-target.js:220:9)
          at WebSocket.emit (node:events:524:28)
          at WebSocket.emitClose (/data/Workspace/helios/starwards/node_modules/colyseus.js/node_modules/ws/lib/websocket.js:272:10)
          at Socket.socketOnClose (/data/Workspace/helios/starwards/node_modules/colyseus.js/node_modules/ws/lib/websocket.js:1341:15)
          at Socket.emit (node:events:524:28)
          at TCP.<anonymous> (node:net:343:12)

      at ConnectionManager.onConnectionError (modules/core/src/client/connection-manager.ts:144:21)
          at Array.forEach (<anonymous>)

    console.log
      connection error: TypeError: Cannot read properties of undefined (reading 'decoder')
          at wireEvents (/data/Workspace/helios/starwards/node_modules/colyseus-events/src/wire-events.ts:30:40)
          at /data/Workspace/helios/starwards/modules/core/src/client/admin.ts:20:5
          at processTicksAndRejections (node:internal/process/task_queues:95:5)
          at /data/Workspace/helios/starwards/modules/core/src/client/connection-manager.ts:131:21

      at ConnectionManager.onConnectionError (modules/core/src/client/connection-manager.ts:144:21)

    console.log
      connection error: Error: disconnected from server
          at EventEmitter.<anonymous> (/data/Workspace/helios/starwards/modules/core/src/client/driver.ts:53:58)
          at /data/Workspace/helios/starwards/node_modules/colyseus.js/src/core/signal.ts:15:48
          at Array.forEach (<anonymous>)
          at EventEmitter.invoke (/data/Workspace/helios/starwards/node_modules/colyseus.js/src/core/signal.ts:15:19)
          at Function.register.invoke (/data/Workspace/helios/starwards/node_modules/colyseus.js/src/core/signal.ts:57:81)
          at WebSocket.connection.events.onclose (/data/Workspace/helios/starwards/node_modules/colyseus.js/src/Room.ts:89:30)
          at callListener (/data/Workspace/helios/starwards/node_modules/colyseus.js/node_modules/ws/lib/event-target.js:290:14)
          at WebSocket.onClose (/data/Workspace/helios/starwards/node_modules/colyseus.js/node_modules/ws/lib/event-target.js:220:9)
          at WebSocket.emit (node:events:524:28)
          at WebSocket.emitClose (/data/Workspace/helios/starwards/node_modules/colyseus.js/node_modules/ws/lib/websocket.js:272:10)
          at Socket.socketOnClose (/data/Workspace/helios/starwards/node_modules/colyseus.js/node_modules/ws/lib/websocket.js:1341:15)
          at Socket.emit (node:events:524:28)
          at TCP.<anonymous> (node:net:343:12)

      at ConnectionManager.onConnectionError (modules/core/src/client/connection-manager.ts:144:21)
          at Array.forEach (<anonymous>)

    console.log
      connection error: TypeError: Cannot read properties of undefined (reading 'decoder')
          at wireEvents (/data/Workspace/helios/starwards/node_modules/colyseus-events/src/wire-events.ts:30:40)
          at /data/Workspace/helios/starwards/modules/core/src/client/admin.ts:20:5
          at processTicksAndRejections (node:internal/process/task_queues:95:5)
          at /data/Workspace/helios/starwards/modules/core/src/client/connection-manager.ts:131:21

      at ConnectionManager.onConnectionError (modules/core/src/client/connection-manager.ts:144:21)

    console.log
      connection error: Error: disconnected from server
          at EventEmitter.<anonymous> (/data/Workspace/helios/starwards/modules/core/src/client/driver.ts:53:58)
          at /data/Workspace/helios/starwards/node_modules/colyseus.js/src/core/signal.ts:15:48
          at Array.forEach (<anonymous>)
          at EventEmitter.invoke (/data/Workspace/helios/starwards/node_modules/colyseus.js/src/core/signal.ts:15:19)
          at Function.register.invoke (/data/Workspace/helios/starwards/node_modules/colyseus.js/src/core/signal.ts:57:81)
          at WebSocket.connection.events.onclose (/data/Workspace/helios/starwards/node_modules/colyseus.js/src/Room.ts:89:30)
          at callListener (/data/Workspace/helios/starwards/node_modules/colyseus.js/node_modules/ws/lib/event-target.js:290:14)
          at WebSocket.onClose (/data/Workspace/helios/starwards/node_modules/colyseus.js/node_modules/ws/lib/event-target.js:220:9)
          at WebSocket.emit (node:events:524:28)
          at WebSocket.emitClose (/data/Workspace/helios/starwards/node_modules/colyseus.js/node_modules/ws/lib/websocket.js:272:10)
          at Socket.socketOnClose (/data/Workspace/helios/starwards/node_modules/colyseus.js/node_modules/ws/lib/websocket.js:1341:15)
          at Socket.emit (node:events:524:28)
          at TCP.<anonymous> (node:net:343:12)

      at ConnectionManager.onConnectionError (modules/core/src/client/connection-manager.ts:144:21)
          at Array.forEach (<anonymous>)

    console.log
      connection error: TypeError: Cannot read properties of undefined (reading 'decoder')
          at wireEvents (/data/Workspace/helios/starwards/node_modules/colyseus-events/src/wire-events.ts:30:40)
          at /data/Workspace/helios/starwards/modules/core/src/client/admin.ts:20:5
          at processTicksAndRejections (node:internal/process/task_queues:95:5)
          at /data/Workspace/helios/starwards/modules/core/src/client/connection-manager.ts:131:21

      at ConnectionManager.onConnectionError (modules/core/src/client/connection-manager.ts:144:21)

    console.log
      connection error: Error: disconnected from server
          at EventEmitter.<anonymous> (/data/Workspace/helios/starwards/modules/core/src/client/driver.ts:53:58)
          at /data/Workspace/helios/starwards/node_modules/colyseus.js/src/core/signal.ts:15:48
          at Array.forEach (<anonymous>)
          at EventEmitter.invoke (/data/Workspace/helios/starwards/node_modules/colyseus.js/src/core/signal.ts:15:19)
          at Function.register.invoke (/data/Workspace/helios/starwards/node_modules/colyseus.js/src/core/signal.ts:57:81)
          at WebSocket.connection.events.onclose (/data/Workspace/helios/starwards/node_modules/colyseus.js/src/Room.ts:89:30)
          at callListener (/data/Workspace/helios/starwards/node_modules/colyseus.js/node_modules/ws/lib/event-target.js:290:14)
          at WebSocket.onClose (/data/Workspace/helios/starwards/node_modules/colyseus.js/node_modules/ws/lib/event-target.js:220:9)
          at WebSocket.emit (node:events:524:28)
          at WebSocket.emitClose (/data/Workspace/helios/starwards/node_modules/colyseus.js/node_modules/ws/lib/websocket.js:272:10)
          at Socket.socketOnClose (/data/Workspace/helios/starwards/node_modules/colyseus.js/node_modules/ws/lib/websocket.js:1341:15)
          at Socket.emit (node:events:524:28)
          at TCP.<anonymous> (node:net:343:12)

      at ConnectionManager.onConnectionError (modules/core/src/client/connection-manager.ts:144:21)
          at Array.forEach (<anonymous>)

    console.log
      connection error: TypeError: Cannot read properties of undefined (reading 'decoder')
          at wireEvents (/data/Workspace/helios/starwards/node_modules/colyseus-events/src/wire-events.ts:30:40)
          at /data/Workspace/helios/starwards/modules/core/src/client/admin.ts:20:5
          at processTicksAndRejections (node:internal/process/task_queues:95:5)
          at /data/Workspace/helios/starwards/modules/core/src/client/connection-manager.ts:131:21

      at ConnectionManager.onConnectionError (modules/core/src/client/connection-manager.ts:144:21)

    console.log
      connection error: Error: disconnected from server
          at EventEmitter.<anonymous> (/data/Workspace/helios/starwards/modules/core/src/client/driver.ts:53:58)
          at /data/Workspace/helios/starwards/node_modules/colyseus.js/src/core/signal.ts:15:48
          at Array.forEach (<anonymous>)
          at EventEmitter.invoke (/data/Workspace/helios/starwards/node_modules/colyseus.js/src/core/signal.ts:15:19)
          at Function.register.invoke (/data/Workspace/helios/starwards/node_modules/colyseus.js/src/core/signal.ts:57:81)
          at WebSocket.connection.events.onclose (/data/Workspace/helios/starwards/node_modules/colyseus.js/src/Room.ts:89:30)
          at callListener (/data/Workspace/helios/starwards/node_modules/colyseus.js/node_modules/ws/lib/event-target.js:290:14)
          at WebSocket.onClose (/data/Workspace/helios/starwards/node_modules/colyseus.js/node_modules/ws/lib/event-target.js:220:9)
          at WebSocket.emit (node:events:524:28)
          at WebSocket.emitClose (/data/Workspace/helios/starwards/node_modules/colyseus.js/node_modules/ws/lib/websocket.js:272:10)
          at Socket.socketOnClose (/data/Workspace/helios/starwards/node_modules/colyseus.js/node_modules/ws/lib/websocket.js:1341:15)
          at Socket.emit (node:events:524:28)
          at TCP.<anonymous> (node:net:343:12)

      at ConnectionManager.onConnectionError (modules/core/src/client/connection-manager.ts:144:21)
          at Array.forEach (<anonymous>)

    console.log
      connection error: TypeError: Cannot read properties of undefined (reading 'decoder')
          at wireEvents (/data/Workspace/helios/starwards/node_modules/colyseus-events/src/wire-events.ts:30:40)
          at /data/Workspace/helios/starwards/modules/core/src/client/admin.ts:20:5
          at processTicksAndRejections (node:internal/process/task_queues:95:5)
          at /data/Workspace/helios/starwards/modules/core/src/client/connection-manager.ts:131:21

      at ConnectionManager.onConnectionError (modules/core/src/client/connection-manager.ts:144:21)

    console.log
      connection error: Error: disconnected from server
          at EventEmitter.<anonymous> (/data/Workspace/helios/starwards/modules/core/src/client/driver.ts:53:58)
          at /data/Workspace/helios/starwards/node_modules/colyseus.js/src/core/signal.ts:15:48
          at Array.forEach (<anonymous>)
          at EventEmitter.invoke (/data/Workspace/helios/starwards/node_modules/colyseus.js/src/core/signal.ts:15:19)
          at Function.register.invoke (/data/Workspace/helios/starwards/node_modules/colyseus.js/src/core/signal.ts:57:81)
          at WebSocket.connection.events.onclose (/data/Workspace/helios/starwards/node_modules/colyseus.js/src/Room.ts:89:30)
          at callListener (/data/Workspace/helios/starwards/node_modules/colyseus.js/node_modules/ws/lib/event-target.js:290:14)
          at WebSocket.onClose (/data/Workspace/helios/starwards/node_modules/colyseus.js/node_modules/ws/lib/event-target.js:220:9)
          at WebSocket.emit (node:events:524:28)
          at WebSocket.emitClose (/data/Workspace/helios/starwards/node_modules/colyseus.js/node_modules/ws/lib/websocket.js:272:10)
          at Socket.socketOnClose (/data/Workspace/helios/starwards/node_modules/colyseus.js/node_modules/ws/lib/websocket.js:1341:15)
          at Socket.emit (node:events:524:28)
          at TCP.<anonymous> (node:net:343:12)

      at ConnectionManager.onConnectionError (modules/core/src/client/connection-manager.ts:144:21)
          at Array.forEach (<anonymous>)

    console.log
      connection error: TypeError: Cannot read properties of undefined (reading 'decoder')
          at wireEvents (/data/Workspace/helios/starwards/node_modules/colyseus-events/src/wire-events.ts:30:40)
          at /data/Workspace/helios/starwards/modules/core/src/client/admin.ts:20:5
          at processTicksAndRejections (node:internal/process/task_queues:95:5)
          at /data/Workspace/helios/starwards/modules/core/src/client/connection-manager.ts:131:21

      at ConnectionManager.onConnectionError (modules/core/src/client/connection-manager.ts:144:21)

    console.log
      connection error: Error: disconnected from server
          at EventEmitter.<anonymous> (/data/Workspace/helios/starwards/modules/core/src/client/driver.ts:53:58)
          at /data/Workspace/helios/starwards/node_modules/colyseus.js/src/core/signal.ts:15:48
          at Array.forEach (<anonymous>)
          at EventEmitter.invoke (/data/Workspace/helios/starwards/node_modules/colyseus.js/src/core/signal.ts:15:19)
          at Function.register.invoke (/data/Workspace/helios/starwards/node_modules/colyseus.js/src/core/signal.ts:57:81)
          at WebSocket.connection.events.onclose (/data/Workspace/helios/starwards/node_modules/colyseus.js/src/Room.ts:89:30)
          at callListener (/data/Workspace/helios/starwards/node_modules/colyseus.js/node_modules/ws/lib/event-target.js:290:14)
          at WebSocket.onClose (/data/Workspace/helios/starwards/node_modules/colyseus.js/node_modules/ws/lib/event-target.js:220:9)
          at WebSocket.emit (node:events:524:28)
          at WebSocket.emitClose (/data/Workspace/helios/starwards/node_modules/colyseus.js/node_modules/ws/lib/websocket.js:272:10)
          at Socket.socketOnClose (/data/Workspace/helios/starwards/node_modules/colyseus.js/node_modules/ws/lib/websocket.js:1341:15)
          at Socket.emit (node:events:524:28)
          at TCP.<anonymous> (node:net:343:12)

      at ConnectionManager.onConnectionError (modules/core/src/client/connection-manager.ts:144:21)
          at Array.forEach (<anonymous>)

    console.log
      connection error: TypeError: Cannot read properties of undefined (reading 'decoder')
          at wireEvents (/data/Workspace/helios/starwards/node_modules/colyseus-events/src/wire-events.ts:30:40)
          at /data/Workspace/helios/starwards/modules/core/src/client/admin.ts:20:5
          at processTicksAndRejections (node:internal/process/task_queues:95:5)
          at /data/Workspace/helios/starwards/modules/core/src/client/connection-manager.ts:131:21

      at ConnectionManager.onConnectionError (modules/core/src/client/connection-manager.ts:144:21)

    console.log
      connection error: Error: disconnected from server
          at EventEmitter.<anonymous> (/data/Workspace/helios/starwards/modules/core/src/client/driver.ts:53:58)
          at /data/Workspace/helios/starwards/node_modules/colyseus.js/src/core/signal.ts:15:48
          at Array.forEach (<anonymous>)
          at EventEmitter.invoke (/data/Workspace/helios/starwards/node_modules/colyseus.js/src/core/signal.ts:15:19)
          at Function.register.invoke (/data/Workspace/helios/starwards/node_modules/colyseus.js/src/core/signal.ts:57:81)
          at WebSocket.connection.events.onclose (/data/Workspace/helios/starwards/node_modules/colyseus.js/src/Room.ts:89:30)
          at callListener (/data/Workspace/helios/starwards/node_modules/colyseus.js/node_modules/ws/lib/event-target.js:290:14)
          at WebSocket.onClose (/data/Workspace/helios/starwards/node_modules/colyseus.js/node_modules/ws/lib/event-target.js:220:9)
          at WebSocket.emit (node:events:524:28)
          at WebSocket.emitClose (/data/Workspace/helios/starwards/node_modules/colyseus.js/node_modules/ws/lib/websocket.js:272:10)
          at Socket.socketOnClose (/data/Workspace/helios/starwards/node_modules/colyseus.js/node_modules/ws/lib/websocket.js:1341:15)
          at Socket.emit (node:events:524:28)
          at TCP.<anonymous> (node:net:343:12)

      at ConnectionManager.onConnectionError (modules/core/src/client/connection-manager.ts:144:21)
          at Array.forEach (<anonymous>)

    console.log
      connection error: TypeError: Cannot read properties of undefined (reading 'decoder')
          at wireEvents (/data/Workspace/helios/starwards/node_modules/colyseus-events/src/wire-events.ts:30:40)
          at /data/Workspace/helios/starwards/modules/core/src/client/admin.ts:20:5
          at processTicksAndRejections (node:internal/process/task_queues:95:5)
          at /data/Workspace/helios/starwards/modules/core/src/client/connection-manager.ts:131:21

      at ConnectionManager.onConnectionError (modules/core/src/client/connection-manager.ts:144:21)

    console.log
      connection error: Error: disconnected from server
          at EventEmitter.<anonymous> (/data/Workspace/helios/starwards/modules/core/src/client/driver.ts:53:58)
          at /data/Workspace/helios/starwards/node_modules/colyseus.js/src/core/signal.ts:15:48
          at Array.forEach (<anonymous>)
          at EventEmitter.invoke (/data/Workspace/helios/starwards/node_modules/colyseus.js/src/core/signal.ts:15:19)
          at Function.register.invoke (/data/Workspace/helios/starwards/node_modules/colyseus.js/src/core/signal.ts:57:81)
          at WebSocket.connection.events.onclose (/data/Workspace/helios/starwards/node_modules/colyseus.js/src/Room.ts:89:30)
          at callListener (/data/Workspace/helios/starwards/node_modules/colyseus.js/node_modules/ws/lib/event-target.js:290:14)
          at WebSocket.onClose (/data/Workspace/helios/starwards/node_modules/colyseus.js/node_modules/ws/lib/event-target.js:220:9)
          at WebSocket.emit (node:events:524:28)
          at WebSocket.emitClose (/data/Workspace/helios/starwards/node_modules/colyseus.js/node_modules/ws/lib/websocket.js:272:10)
          at Socket.socketOnClose (/data/Workspace/helios/starwards/node_modules/colyseus.js/node_modules/ws/lib/websocket.js:1341:15)
          at Socket.emit (node:events:524:28)
          at TCP.<anonymous> (node:net:343:12)

      at ConnectionManager.onConnectionError (modules/core/src/client/connection-manager.ts:144:21)
          at Array.forEach (<anonymous>)

    console.log
      connection error: TypeError: Cannot read properties of undefined (reading 'decoder')
          at wireEvents (/data/Workspace/helios/starwards/node_modules/colyseus-events/src/wire-events.ts:30:40)
          at /data/Workspace/helios/starwards/modules/core/src/client/admin.ts:20:5
          at processTicksAndRejections (node:internal/process/task_queues:95:5)
          at /data/Workspace/helios/starwards/modules/core/src/client/connection-manager.ts:131:21

      at ConnectionManager.onConnectionError (modules/core/src/client/connection-manager.ts:144:21)

    console.log
      connection error: Error: disconnected from server
          at EventEmitter.<anonymous> (/data/Workspace/helios/starwards/modules/core/src/client/driver.ts:53:58)
          at /data/Workspace/helios/starwards/node_modules/colyseus.js/src/core/signal.ts:15:48
          at Array.forEach (<anonymous>)
          at EventEmitter.invoke (/data/Workspace/helios/starwards/node_modules/colyseus.js/src/core/signal.ts:15:19)
          at Function.register.invoke (/data/Workspace/helios/starwards/node_modules/colyseus.js/src/core/signal.ts:57:81)
          at WebSocket.connection.events.onclose (/data/Workspace/helios/starwards/node_modules/colyseus.js/src/Room.ts:89:30)
          at callListener (/data/Workspace/helios/starwards/node_modules/colyseus.js/node_modules/ws/lib/event-target.js:290:14)
          at WebSocket.onClose (/data/Workspace/helios/starwards/node_modules/colyseus.js/node_modules/ws/lib/event-target.js:220:9)
          at WebSocket.emit (node:events:524:28)
          at WebSocket.emitClose (/data/Workspace/helios/starwards/node_modules/colyseus.js/node_modules/ws/lib/websocket.js:272:10)
          at Socket.socketOnClose (/data/Workspace/helios/starwards/node_modules/colyseus.js/node_modules/ws/lib/websocket.js:1341:15)
          at Socket.emit (node:events:524:28)
          at TCP.<anonymous> (node:net:343:12)

      at ConnectionManager.onConnectionError (modules/core/src/client/connection-manager.ts:144:21)
          at Array.forEach (<anonymous>)

    console.log
      connection error: TypeError: Cannot read properties of undefined (reading 'decoder')
          at wireEvents (/data/Workspace/helios/starwards/node_modules/colyseus-events/src/wire-events.ts:30:40)
          at /data/Workspace/helios/starwards/modules/core/src/client/admin.ts:20:5
          at processTicksAndRejections (node:internal/process/task_queues:95:5)
          at /data/Workspace/helios/starwards/modules/core/src/client/connection-manager.ts:131:21

      at ConnectionManager.onConnectionError (modules/core/src/client/connection-manager.ts:144:21)

    console.log
      connection error: Error: disconnected from server
          at EventEmitter.<anonymous> (/data/Workspace/helios/starwards/modules/core/src/client/driver.ts:53:58)
          at /data/Workspace/helios/starwards/node_modules/colyseus.js/src/core/signal.ts:15:48
          at Array.forEach (<anonymous>)
          at EventEmitter.invoke (/data/Workspace/helios/starwards/node_modules/colyseus.js/src/core/signal.ts:15:19)
          at Function.register.invoke (/data/Workspace/helios/starwards/node_modules/colyseus.js/src/core/signal.ts:57:81)
          at WebSocket.connection.events.onclose (/data/Workspace/helios/starwards/node_modules/colyseus.js/src/Room.ts:89:30)
          at callListener (/data/Workspace/helios/starwards/node_modules/colyseus.js/node_modules/ws/lib/event-target.js:290:14)
          at WebSocket.onClose (/data/Workspace/helios/starwards/node_modules/colyseus.js/node_modules/ws/lib/event-target.js:220:9)
          at WebSocket.emit (node:events:524:28)
          at WebSocket.emitClose (/data/Workspace/helios/starwards/node_modules/colyseus.js/node_modules/ws/lib/websocket.js:272:10)
          at Socket.socketOnClose (/data/Workspace/helios/starwards/node_modules/colyseus.js/node_modules/ws/lib/websocket.js:1341:15)
          at Socket.emit (node:events:524:28)
          at TCP.<anonymous> (node:net:343:12)

      at ConnectionManager.onConnectionError (modules/core/src/client/connection-manager.ts:144:21)
          at Array.forEach (<anonymous>)

    console.log
      connection error: TypeError: Cannot read properties of undefined (reading 'decoder')
          at wireEvents (/data/Workspace/helios/starwards/node_modules/colyseus-events/src/wire-events.ts:30:40)
          at /data/Workspace/helios/starwards/modules/core/src/client/admin.ts:20:5
          at processTicksAndRejections (node:internal/process/task_queues:95:5)
          at /data/Workspace/helios/starwards/modules/core/src/client/connection-manager.ts:131:21

      at ConnectionManager.onConnectionError (modules/core/src/client/connection-manager.ts:144:21)

    console.log
      connection error: Error: disconnected from server
          at EventEmitter.<anonymous> (/data/Workspace/helios/starwards/modules/core/src/client/driver.ts:53:58)
          at /data/Workspace/helios/starwards/node_modules/colyseus.js/src/core/signal.ts:15:48
          at Array.forEach (<anonymous>)
          at EventEmitter.invoke (/data/Workspace/helios/starwards/node_modules/colyseus.js/src/core/signal.ts:15:19)
          at Function.register.invoke (/data/Workspace/helios/starwards/node_modules/colyseus.js/src/core/signal.ts:57:81)
          at WebSocket.connection.events.onclose (/data/Workspace/helios/starwards/node_modules/colyseus.js/src/Room.ts:89:30)
          at callListener (/data/Workspace/helios/starwards/node_modules/colyseus.js/node_modules/ws/lib/event-target.js:290:14)
          at WebSocket.onClose (/data/Workspace/helios/starwards/node_modules/colyseus.js/node_modules/ws/lib/event-target.js:220:9)
          at WebSocket.emit (node:events:524:28)
          at WebSocket.emitClose (/data/Workspace/helios/starwards/node_modules/colyseus.js/node_modules/ws/lib/websocket.js:272:10)
          at Socket.socketOnClose (/data/Workspace/helios/starwards/node_modules/colyseus.js/node_modules/ws/lib/websocket.js:1341:15)
          at Socket.emit (node:events:524:28)
          at TCP.<anonymous> (node:net:343:12)

      at ConnectionManager.onConnectionError (modules/core/src/client/connection-manager.ts:144:21)
          at Array.forEach (<anonymous>)

    console.log
      connection error: TypeError: Cannot read properties of undefined (reading 'decoder')
          at wireEvents (/data/Workspace/helios/starwards/node_modules/colyseus-events/src/wire-events.ts:30:40)
          at /data/Workspace/helios/starwards/modules/core/src/client/admin.ts:20:5
          at processTicksAndRejections (node:internal/process/task_queues:95:5)
          at /data/Workspace/helios/starwards/modules/core/src/client/connection-manager.ts:131:21

      at ConnectionManager.onConnectionError (modules/core/src/client/connection-manager.ts:144:21)

    console.log
      connection error: Error: disconnected from server
          at EventEmitter.<anonymous> (/data/Workspace/helios/starwards/modules/core/src/client/driver.ts:53:58)
          at /data/Workspace/helios/starwards/node_modules/colyseus.js/src/core/signal.ts:15:48
          at Array.forEach (<anonymous>)
          at EventEmitter.invoke (/data/Workspace/helios/starwards/node_modules/colyseus.js/src/core/signal.ts:15:19)
          at Function.register.invoke (/data/Workspace/helios/starwards/node_modules/colyseus.js/src/core/signal.ts:57:81)
          at WebSocket.connection.events.onclose (/data/Workspace/helios/starwards/node_modules/colyseus.js/src/Room.ts:89:30)
          at callListener (/data/Workspace/helios/starwards/node_modules/colyseus.js/node_modules/ws/lib/event-target.js:290:14)
          at WebSocket.onClose (/data/Workspace/helios/starwards/node_modules/colyseus.js/node_modules/ws/lib/event-target.js:220:9)
          at WebSocket.emit (node:events:524:28)
          at WebSocket.emitClose (/data/Workspace/helios/starwards/node_modules/colyseus.js/node_modules/ws/lib/websocket.js:272:10)
          at Socket.socketOnClose (/data/Workspace/helios/starwards/node_modules/colyseus.js/node_modules/ws/lib/websocket.js:1341:15)
          at Socket.emit (node:events:524:28)
          at TCP.<anonymous> (node:net:343:12)

      at ConnectionManager.onConnectionError (modules/core/src/client/connection-manager.ts:144:21)
          at Array.forEach (<anonymous>)

    console.log
      connection error: TypeError: Cannot read properties of undefined (reading 'decoder')
          at wireEvents (/data/Workspace/helios/starwards/node_modules/colyseus-events/src/wire-events.ts:30:40)
          at /data/Workspace/helios/starwards/modules/core/src/client/admin.ts:20:5
          at processTicksAndRejections (node:internal/process/task_queues:95:5)
          at /data/Workspace/helios/starwards/modules/core/src/client/connection-manager.ts:131:21

      at ConnectionManager.onConnectionError (modules/core/src/client/connection-manager.ts:144:21)

    console.log
      connection error: Error: disconnected from server
          at EventEmitter.<anonymous> (/data/Workspace/helios/starwards/modules/core/src/client/driver.ts:53:58)
          at /data/Workspace/helios/starwards/node_modules/colyseus.js/src/core/signal.ts:15:48
          at Array.forEach (<anonymous>)
          at EventEmitter.invoke (/data/Workspace/helios/starwards/node_modules/colyseus.js/src/core/signal.ts:15:19)
          at Function.register.invoke (/data/Workspace/helios/starwards/node_modules/colyseus.js/src/core/signal.ts:57:81)
          at WebSocket.connection.events.onclose (/data/Workspace/helios/starwards/node_modules/colyseus.js/src/Room.ts:89:30)
          at callListener (/data/Workspace/helios/starwards/node_modules/colyseus.js/node_modules/ws/lib/event-target.js:290:14)
          at WebSocket.onClose (/data/Workspace/helios/starwards/node_modules/colyseus.js/node_modules/ws/lib/event-target.js:220:9)
          at WebSocket.emit (node:events:524:28)
          at WebSocket.emitClose (/data/Workspace/helios/starwards/node_modules/colyseus.js/node_modules/ws/lib/websocket.js:272:10)
          at Socket.socketOnClose (/data/Workspace/helios/starwards/node_modules/colyseus.js/node_modules/ws/lib/websocket.js:1341:15)
          at Socket.emit (node:events:524:28)
          at TCP.<anonymous> (node:net:343:12)

      at ConnectionManager.onConnectionError (modules/core/src/client/connection-manager.ts:144:21)
          at Array.forEach (<anonymous>)

    console.log
      connection error: TypeError: Cannot read properties of undefined (reading 'decoder')
          at wireEvents (/data/Workspace/helios/starwards/node_modules/colyseus-events/src/wire-events.ts:30:40)
          at /data/Workspace/helios/starwards/modules/core/src/client/admin.ts:20:5
          at processTicksAndRejections (node:internal/process/task_queues:95:5)
          at /data/Workspace/helios/starwards/modules/core/src/client/connection-manager.ts:131:21

      at ConnectionManager.onConnectionError (modules/core/src/client/connection-manager.ts:144:21)

    console.log
      connection error: Error: disconnected from server
          at EventEmitter.<anonymous> (/data/Workspace/helios/starwards/modules/core/src/client/driver.ts:53:58)
          at /data/Workspace/helios/starwards/node_modules/colyseus.js/src/core/signal.ts:15:48
          at Array.forEach (<anonymous>)
          at EventEmitter.invoke (/data/Workspace/helios/starwards/node_modules/colyseus.js/src/core/signal.ts:15:19)
          at Function.register.invoke (/data/Workspace/helios/starwards/node_modules/colyseus.js/src/core/signal.ts:57:81)
          at WebSocket.connection.events.onclose (/data/Workspace/helios/starwards/node_modules/colyseus.js/src/Room.ts:89:30)
          at callListener (/data/Workspace/helios/starwards/node_modules/colyseus.js/node_modules/ws/lib/event-target.js:290:14)
          at WebSocket.onClose (/data/Workspace/helios/starwards/node_modules/colyseus.js/node_modules/ws/lib/event-target.js:220:9)
          at WebSocket.emit (node:events:524:28)
          at WebSocket.emitClose (/data/Workspace/helios/starwards/node_modules/colyseus.js/node_modules/ws/lib/websocket.js:272:10)
          at Socket.socketOnClose (/data/Workspace/helios/starwards/node_modules/colyseus.js/node_modules/ws/lib/websocket.js:1341:15)
          at Socket.emit (node:events:524:28)
          at TCP.<anonymous> (node:net:343:12)

      at ConnectionManager.onConnectionError (modules/core/src/client/connection-manager.ts:144:21)
          at Array.forEach (<anonymous>)

    console.log
      connection error: TypeError: Cannot read properties of undefined (reading 'decoder')
          at wireEvents (/data/Workspace/helios/starwards/node_modules/colyseus-events/src/wire-events.ts:30:40)
          at /data/Workspace/helios/starwards/modules/core/src/client/admin.ts:20:5
          at processTicksAndRejections (node:internal/process/task_queues:95:5)
          at /data/Workspace/helios/starwards/modules/core/src/client/connection-manager.ts:131:21

      at ConnectionManager.onConnectionError (modules/core/src/client/connection-manager.ts:144:21)

    console.log
      connection error: Error: disconnected from server
          at EventEmitter.<anonymous> (/data/Workspace/helios/starwards/modules/core/src/client/driver.ts:53:58)
          at /data/Workspace/helios/starwards/node_modules/colyseus.js/src/core/signal.ts:15:48
          at Array.forEach (<anonymous>)
          at EventEmitter.invoke (/data/Workspace/helios/starwards/node_modules/colyseus.js/src/core/signal.ts:15:19)
          at Function.register.invoke (/data/Workspace/helios/starwards/node_modules/colyseus.js/src/core/signal.ts:57:81)
          at WebSocket.connection.events.onclose (/data/Workspace/helios/starwards/node_modules/colyseus.js/src/Room.ts:89:30)
          at callListener (/data/Workspace/helios/starwards/node_modules/colyseus.js/node_modules/ws/lib/event-target.js:290:14)
          at WebSocket.onClose (/data/Workspace/helios/starwards/node_modules/colyseus.js/node_modules/ws/lib/event-target.js:220:9)
          at WebSocket.emit (node:events:524:28)
          at WebSocket.emitClose (/data/Workspace/helios/starwards/node_modules/colyseus.js/node_modules/ws/lib/websocket.js:272:10)
          at Socket.socketOnClose (/data/Workspace/helios/starwards/node_modules/colyseus.js/node_modules/ws/lib/websocket.js:1341:15)
          at Socket.emit (node:events:524:28)
          at TCP.<anonymous> (node:net:343:12)

      at ConnectionManager.onConnectionError (modules/core/src/client/connection-manager.ts:144:21)
          at Array.forEach (<anonymous>)

    console.log
      connection error: TypeError: Cannot read properties of undefined (reading 'decoder')
          at wireEvents (/data/Workspace/helios/starwards/node_modules/colyseus-events/src/wire-events.ts:30:40)
          at /data/Workspace/helios/starwards/modules/core/src/client/admin.ts:20:5
          at processTicksAndRejections (node:internal/process/task_queues:95:5)
          at /data/Workspace/helios/starwards/modules/core/src/client/connection-manager.ts:131:21

      at ConnectionManager.onConnectionError (modules/core/src/client/connection-manager.ts:144:21)

    console.log
      connection error: Error: disconnected from server
          at EventEmitter.<anonymous> (/data/Workspace/helios/starwards/modules/core/src/client/driver.ts:53:58)
          at /data/Workspace/helios/starwards/node_modules/colyseus.js/src/core/signal.ts:15:48
          at Array.forEach (<anonymous>)
          at EventEmitter.invoke (/data/Workspace/helios/starwards/node_modules/colyseus.js/src/core/signal.ts:15:19)
          at Function.register.invoke (/data/Workspace/helios/starwards/node_modules/colyseus.js/src/core/signal.ts:57:81)
          at WebSocket.connection.events.onclose (/data/Workspace/helios/starwards/node_modules/colyseus.js/src/Room.ts:89:30)
          at callListener (/data/Workspace/helios/starwards/node_modules/colyseus.js/node_modules/ws/lib/event-target.js:290:14)
          at WebSocket.onClose (/data/Workspace/helios/starwards/node_modules/colyseus.js/node_modules/ws/lib/event-target.js:220:9)
          at WebSocket.emit (node:events:524:28)
          at WebSocket.emitClose (/data/Workspace/helios/starwards/node_modules/colyseus.js/node_modules/ws/lib/websocket.js:272:10)
          at Socket.socketOnClose (/data/Workspace/helios/starwards/node_modules/colyseus.js/node_modules/ws/lib/websocket.js:1341:15)
          at Socket.emit (node:events:524:28)
          at TCP.<anonymous> (node:net:343:12)

      at ConnectionManager.onConnectionError (modules/core/src/client/connection-manager.ts:144:21)
          at Array.forEach (<anonymous>)

    console.log
      connection error: TypeError: Cannot read properties of undefined (reading 'decoder')
          at wireEvents (/data/Workspace/helios/starwards/node_modules/colyseus-events/src/wire-events.ts:30:40)
          at /data/Workspace/helios/starwards/modules/core/src/client/admin.ts:20:5
          at processTicksAndRejections (node:internal/process/task_queues:95:5)
          at /data/Workspace/helios/starwards/modules/core/src/client/connection-manager.ts:131:21

      at ConnectionManager.onConnectionError (modules/core/src/client/connection-manager.ts:144:21)

    console.log
      connection error: Error: disconnected from server
          at EventEmitter.<anonymous> (/data/Workspace/helios/starwards/modules/core/src/client/driver.ts:53:58)
          at /data/Workspace/helios/starwards/node_modules/colyseus.js/src/core/signal.ts:15:48
          at Array.forEach (<anonymous>)
          at EventEmitter.invoke (/data/Workspace/helios/starwards/node_modules/colyseus.js/src/core/signal.ts:15:19)
          at Function.register.invoke (/data/Workspace/helios/starwards/node_modules/colyseus.js/src/core/signal.ts:57:81)
          at WebSocket.connection.events.onclose (/data/Workspace/helios/starwards/node_modules/colyseus.js/src/Room.ts:89:30)
          at callListener (/data/Workspace/helios/starwards/node_modules/colyseus.js/node_modules/ws/lib/event-target.js:290:14)
          at WebSocket.onClose (/data/Workspace/helios/starwards/node_modules/colyseus.js/node_modules/ws/lib/event-target.js:220:9)
          at WebSocket.emit (node:events:524:28)
          at WebSocket.emitClose (/data/Workspace/helios/starwards/node_modules/colyseus.js/node_modules/ws/lib/websocket.js:272:10)
          at Socket.socketOnClose (/data/Workspace/helios/starwards/node_modules/colyseus.js/node_modules/ws/lib/websocket.js:1341:15)
          at Socket.emit (node:events:524:28)
          at TCP.<anonymous> (node:net:343:12)

      at ConnectionManager.onConnectionError (modules/core/src/client/connection-manager.ts:144:21)
          at Array.forEach (<anonymous>)

    console.log
      connection error: TypeError: Cannot read properties of undefined (reading 'decoder')
          at wireEvents (/data/Workspace/helios/starwards/node_modules/colyseus-events/src/wire-events.ts:30:40)
          at /data/Workspace/helios/starwards/modules/core/src/client/admin.ts:20:5
          at processTicksAndRejections (node:internal/process/task_queues:95:5)
          at /data/Workspace/helios/starwards/modules/core/src/client/connection-manager.ts:131:21

      at ConnectionManager.onConnectionError (modules/core/src/client/connection-manager.ts:144:21)

    console.log
      connection error: Error: disconnected from server
          at EventEmitter.<anonymous> (/data/Workspace/helios/starwards/modules/core/src/client/driver.ts:53:58)
          at /data/Workspace/helios/starwards/node_modules/colyseus.js/src/core/signal.ts:15:48
          at Array.forEach (<anonymous>)
          at EventEmitter.invoke (/data/Workspace/helios/starwards/node_modules/colyseus.js/src/core/signal.ts:15:19)
          at Function.register.invoke (/data/Workspace/helios/starwards/node_modules/colyseus.js/src/core/signal.ts:57:81)
          at WebSocket.connection.events.onclose (/data/Workspace/helios/starwards/node_modules/colyseus.js/src/Room.ts:89:30)
          at callListener (/data/Workspace/helios/starwards/node_modules/colyseus.js/node_modules/ws/lib/event-target.js:290:14)
          at WebSocket.onClose (/data/Workspace/helios/starwards/node_modules/colyseus.js/node_modules/ws/lib/event-target.js:220:9)
          at WebSocket.emit (node:events:524:28)
          at WebSocket.emitClose (/data/Workspace/helios/starwards/node_modules/colyseus.js/node_modules/ws/lib/websocket.js:272:10)
          at Socket.socketOnClose (/data/Workspace/helios/starwards/node_modules/colyseus.js/node_modules/ws/lib/websocket.js:1341:15)
          at Socket.emit (node:events:524:28)
          at TCP.<anonymous> (node:net:343:12)

      at ConnectionManager.onConnectionError (modules/core/src/client/connection-manager.ts:144:21)
          at Array.forEach (<anonymous>)

    console.log
      connection error: TypeError: Cannot read properties of undefined (reading 'decoder')
          at wireEvents (/data/Workspace/helios/starwards/node_modules/colyseus-events/src/wire-events.ts:30:40)
          at /data/Workspace/helios/starwards/modules/core/src/client/admin.ts:20:5
          at processTicksAndRejections (node:internal/process/task_queues:95:5)
          at /data/Workspace/helios/starwards/modules/core/src/client/connection-manager.ts:131:21

      at ConnectionManager.onConnectionError (modules/core/src/client/connection-manager.ts:144:21)

    console.log
      connection error: Error: disconnected from server
          at EventEmitter.<anonymous> (/data/Workspace/helios/starwards/modules/core/src/client/driver.ts:53:58)
          at /data/Workspace/helios/starwards/node_modules/colyseus.js/src/core/signal.ts:15:48
          at Array.forEach (<anonymous>)
          at EventEmitter.invoke (/data/Workspace/helios/starwards/node_modules/colyseus.js/src/core/signal.ts:15:19)
          at Function.register.invoke (/data/Workspace/helios/starwards/node_modules/colyseus.js/src/core/signal.ts:57:81)
          at WebSocket.connection.events.onclose (/data/Workspace/helios/starwards/node_modules/colyseus.js/src/Room.ts:89:30)
          at callListener (/data/Workspace/helios/starwards/node_modules/colyseus.js/node_modules/ws/lib/event-target.js:290:14)
          at WebSocket.onClose (/data/Workspace/helios/starwards/node_modules/colyseus.js/node_modules/ws/lib/event-target.js:220:9)
          at WebSocket.emit (node:events:524:28)
          at WebSocket.emitClose (/data/Workspace/helios/starwards/node_modules/colyseus.js/node_modules/ws/lib/websocket.js:272:10)
          at Socket.socketOnClose (/data/Workspace/helios/starwards/node_modules/colyseus.js/node_modules/ws/lib/websocket.js:1341:15)
          at Socket.emit (node:events:524:28)
          at TCP.<anonymous> (node:net:343:12)

      at ConnectionManager.onConnectionError (modules/core/src/client/connection-manager.ts:144:21)
          at Array.forEach (<anonymous>)

    console.log
      connection error: TypeError: Cannot read properties of undefined (reading 'decoder')
          at wireEvents (/data/Workspace/helios/starwards/node_modules/colyseus-events/src/wire-events.ts:30:40)
          at /data/Workspace/helios/starwards/modules/core/src/client/admin.ts:20:5
          at processTicksAndRejections (node:internal/process/task_queues:95:5)
          at /data/Workspace/helios/starwards/modules/core/src/client/connection-manager.ts:131:21

      at ConnectionManager.onConnectionError (modules/core/src/client/connection-manager.ts:144:21)

    console.log
      connection error: Error: disconnected from server
          at EventEmitter.<anonymous> (/data/Workspace/helios/starwards/modules/core/src/client/driver.ts:53:58)
          at /data/Workspace/helios/starwards/node_modules/colyseus.js/src/core/signal.ts:15:48
          at Array.forEach (<anonymous>)
          at EventEmitter.invoke (/data/Workspace/helios/starwards/node_modules/colyseus.js/src/core/signal.ts:15:19)
          at Function.register.invoke (/data/Workspace/helios/starwards/node_modules/colyseus.js/src/core/signal.ts:57:81)
          at WebSocket.connection.events.onclose (/data/Workspace/helios/starwards/node_modules/colyseus.js/src/Room.ts:89:30)
          at callListener (/data/Workspace/helios/starwards/node_modules/colyseus.js/node_modules/ws/lib/event-target.js:290:14)
          at WebSocket.onClose (/data/Workspace/helios/starwards/node_modules/colyseus.js/node_modules/ws/lib/event-target.js:220:9)
          at WebSocket.emit (node:events:524:28)
          at WebSocket.emitClose (/data/Workspace/helios/starwards/node_modules/colyseus.js/node_modules/ws/lib/websocket.js:272:10)
          at Socket.socketOnClose (/data/Workspace/helios/starwards/node_modules/colyseus.js/node_modules/ws/lib/websocket.js:1341:15)
          at Socket.emit (node:events:524:28)
          at TCP.<anonymous> (node:net:343:12)

      at ConnectionManager.onConnectionError (modules/core/src/client/connection-manager.ts:144:21)
          at Array.forEach (<anonymous>)

    console.log
      connection error: TypeError: Cannot read properties of undefined (reading 'decoder')
          at wireEvents (/data/Workspace/helios/starwards/node_modules/colyseus-events/src/wire-events.ts:30:40)
          at /data/Workspace/helios/starwards/modules/core/src/client/admin.ts:20:5
          at processTicksAndRejections (node:internal/process/task_queues:95:5)
          at /data/Workspace/helios/starwards/modules/core/src/client/connection-manager.ts:131:21

      at ConnectionManager.onConnectionError (modules/core/src/client/connection-manager.ts:144:21)

    console.log
      connection error: Error: disconnected from server
          at EventEmitter.<anonymous> (/data/Workspace/helios/starwards/modules/core/src/client/driver.ts:53:58)
          at /data/Workspace/helios/starwards/node_modules/colyseus.js/src/core/signal.ts:15:48
          at Array.forEach (<anonymous>)
          at EventEmitter.invoke (/data/Workspace/helios/starwards/node_modules/colyseus.js/src/core/signal.ts:15:19)
          at Function.register.invoke (/data/Workspace/helios/starwards/node_modules/colyseus.js/src/core/signal.ts:57:81)
          at WebSocket.connection.events.onclose (/data/Workspace/helios/starwards/node_modules/colyseus.js/src/Room.ts:89:30)
          at callListener (/data/Workspace/helios/starwards/node_modules/colyseus.js/node_modules/ws/lib/event-target.js:290:14)
          at WebSocket.onClose (/data/Workspace/helios/starwards/node_modules/colyseus.js/node_modules/ws/lib/event-target.js:220:9)
          at WebSocket.emit (node:events:524:28)
          at WebSocket.emitClose (/data/Workspace/helios/starwards/node_modules/colyseus.js/node_modules/ws/lib/websocket.js:272:10)
          at Socket.socketOnClose (/data/Workspace/helios/starwards/node_modules/colyseus.js/node_modules/ws/lib/websocket.js:1341:15)
          at Socket.emit (node:events:524:28)
          at TCP.<anonymous> (node:net:343:12)

      at ConnectionManager.onConnectionError (modules/core/src/client/connection-manager.ts:144:21)
          at Array.forEach (<anonymous>)

    console.log
      connection error: TypeError: Cannot read properties of undefined (reading 'decoder')
          at wireEvents (/data/Workspace/helios/starwards/node_modules/colyseus-events/src/wire-events.ts:30:40)
          at /data/Workspace/helios/starwards/modules/core/src/client/admin.ts:20:5
          at processTicksAndRejections (node:internal/process/task_queues:95:5)
          at /data/Workspace/helios/starwards/modules/core/src/client/connection-manager.ts:131:21

      at ConnectionManager.onConnectionError (modules/core/src/client/connection-manager.ts:144:21)

    console.log
      connection error: Error: disconnected from server
          at EventEmitter.<anonymous> (/data/Workspace/helios/starwards/modules/core/src/client/driver.ts:53:58)
          at /data/Workspace/helios/starwards/node_modules/colyseus.js/src/core/signal.ts:15:48
          at Array.forEach (<anonymous>)
          at EventEmitter.invoke (/data/Workspace/helios/starwards/node_modules/colyseus.js/src/core/signal.ts:15:19)
          at Function.register.invoke (/data/Workspace/helios/starwards/node_modules/colyseus.js/src/core/signal.ts:57:81)
          at WebSocket.connection.events.onclose (/data/Workspace/helios/starwards/node_modules/colyseus.js/src/Room.ts:89:30)
          at callListener (/data/Workspace/helios/starwards/node_modules/colyseus.js/node_modules/ws/lib/event-target.js:290:14)
          at WebSocket.onClose (/data/Workspace/helios/starwards/node_modules/colyseus.js/node_modules/ws/lib/event-target.js:220:9)
          at WebSocket.emit (node:events:524:28)
          at WebSocket.emitClose (/data/Workspace/helios/starwards/node_modules/colyseus.js/node_modules/ws/lib/websocket.js:272:10)
          at Socket.socketOnClose (/data/Workspace/helios/starwards/node_modules/colyseus.js/node_modules/ws/lib/websocket.js:1341:15)
          at Socket.emit (node:events:524:28)
          at TCP.<anonymous> (node:net:343:12)

      at ConnectionManager.onConnectionError (modules/core/src/client/connection-manager.ts:144:21)
          at Array.forEach (<anonymous>)

    console.log
      connection error: TypeError: Cannot read properties of undefined (reading 'decoder')
          at wireEvents (/data/Workspace/helios/starwards/node_modules/colyseus-events/src/wire-events.ts:30:40)
          at /data/Workspace/helios/starwards/modules/core/src/client/admin.ts:20:5
          at processTicksAndRejections (node:internal/process/task_queues:95:5)
          at /data/Workspace/helios/starwards/modules/core/src/client/connection-manager.ts:131:21

      at ConnectionManager.onConnectionError (modules/core/src/client/connection-manager.ts:144:21)

    console.log
      connection error: Error: disconnected from server
          at EventEmitter.<anonymous> (/data/Workspace/helios/starwards/modules/core/src/client/driver.ts:53:58)
          at /data/Workspace/helios/starwards/node_modules/colyseus.js/src/core/signal.ts:15:48
          at Array.forEach (<anonymous>)
          at EventEmitter.invoke (/data/Workspace/helios/starwards/node_modules/colyseus.js/src/core/signal.ts:15:19)
          at Function.register.invoke (/data/Workspace/helios/starwards/node_modules/colyseus.js/src/core/signal.ts:57:81)
          at WebSocket.connection.events.onclose (/data/Workspace/helios/starwards/node_modules/colyseus.js/src/Room.ts:89:30)
          at callListener (/data/Workspace/helios/starwards/node_modules/colyseus.js/node_modules/ws/lib/event-target.js:290:14)
          at WebSocket.onClose (/data/Workspace/helios/starwards/node_modules/colyseus.js/node_modules/ws/lib/event-target.js:220:9)
          at WebSocket.emit (node:events:524:28)
          at WebSocket.emitClose (/data/Workspace/helios/starwards/node_modules/colyseus.js/node_modules/ws/lib/websocket.js:272:10)
          at Socket.socketOnClose (/data/Workspace/helios/starwards/node_modules/colyseus.js/node_modules/ws/lib/websocket.js:1341:15)
          at Socket.emit (node:events:524:28)
          at TCP.<anonymous> (node:net:343:12)

      at ConnectionManager.onConnectionError (modules/core/src/client/connection-manager.ts:144:21)
          at Array.forEach (<anonymous>)

    console.log
      connection error: TypeError: Cannot read properties of undefined (reading 'decoder')
          at wireEvents (/data/Workspace/helios/starwards/node_modules/colyseus-events/src/wire-events.ts:30:40)
          at /data/Workspace/helios/starwards/modules/core/src/client/admin.ts:20:5
          at processTicksAndRejections (node:internal/process/task_queues:95:5)
          at /data/Workspace/helios/starwards/modules/core/src/client/connection-manager.ts:131:21

      at ConnectionManager.onConnectionError (modules/core/src/client/connection-manager.ts:144:21)

    console.log
      connection error: Error: disconnected from server
          at EventEmitter.<anonymous> (/data/Workspace/helios/starwards/modules/core/src/client/driver.ts:53:58)
          at /data/Workspace/helios/starwards/node_modules/colyseus.js/src/core/signal.ts:15:48
          at Array.forEach (<anonymous>)
          at EventEmitter.invoke (/data/Workspace/helios/starwards/node_modules/colyseus.js/src/core/signal.ts:15:19)
          at Function.register.invoke (/data/Workspace/helios/starwards/node_modules/colyseus.js/src/core/signal.ts:57:81)
          at WebSocket.connection.events.onclose (/data/Workspace/helios/starwards/node_modules/colyseus.js/src/Room.ts:89:30)
          at callListener (/data/Workspace/helios/starwards/node_modules/colyseus.js/node_modules/ws/lib/event-target.js:290:14)
          at WebSocket.onClose (/data/Workspace/helios/starwards/node_modules/colyseus.js/node_modules/ws/lib/event-target.js:220:9)
          at WebSocket.emit (node:events:524:28)
          at WebSocket.emitClose (/data/Workspace/helios/starwards/node_modules/colyseus.js/node_modules/ws/lib/websocket.js:272:10)
          at Socket.socketOnClose (/data/Workspace/helios/starwards/node_modules/colyseus.js/node_modules/ws/lib/websocket.js:1341:15)
          at Socket.emit (node:events:524:28)
          at TCP.<anonymous> (node:net:343:12)

      at ConnectionManager.onConnectionError (modules/core/src/client/connection-manager.ts:144:21)
          at Array.forEach (<anonymous>)

    console.log
      connection error: TypeError: Cannot read properties of undefined (reading 'decoder')
          at wireEvents (/data/Workspace/helios/starwards/node_modules/colyseus-events/src/wire-events.ts:30:40)
          at /data/Workspace/helios/starwards/modules/core/src/client/admin.ts:20:5
          at processTicksAndRejections (node:internal/process/task_queues:95:5)
          at /data/Workspace/helios/starwards/modules/core/src/client/connection-manager.ts:131:21

      at ConnectionManager.onConnectionError (modules/core/src/client/connection-manager.ts:144:21)

    console.log
      connection error: Error: disconnected from server
          at EventEmitter.<anonymous> (/data/Workspace/helios/starwards/modules/core/src/client/driver.ts:53:58)
          at /data/Workspace/helios/starwards/node_modules/colyseus.js/src/core/signal.ts:15:48
          at Array.forEach (<anonymous>)
          at EventEmitter.invoke (/data/Workspace/helios/starwards/node_modules/colyseus.js/src/core/signal.ts:15:19)
          at Function.register.invoke (/data/Workspace/helios/starwards/node_modules/colyseus.js/src/core/signal.ts:57:81)
          at WebSocket.connection.events.onclose (/data/Workspace/helios/starwards/node_modules/colyseus.js/src/Room.ts:89:30)
          at callListener (/data/Workspace/helios/starwards/node_modules/colyseus.js/node_modules/ws/lib/event-target.js:290:14)
          at WebSocket.onClose (/data/Workspace/helios/starwards/node_modules/colyseus.js/node_modules/ws/lib/event-target.js:220:9)
          at WebSocket.emit (node:events:524:28)
          at WebSocket.emitClose (/data/Workspace/helios/starwards/node_modules/colyseus.js/node_modules/ws/lib/websocket.js:272:10)
          at Socket.socketOnClose (/data/Workspace/helios/starwards/node_modules/colyseus.js/node_modules/ws/lib/websocket.js:1341:15)
          at Socket.emit (node:events:524:28)
          at TCP.<anonymous> (node:net:343:12)

      at ConnectionManager.onConnectionError (modules/core/src/client/connection-manager.ts:144:21)
          at Array.forEach (<anonymous>)

    console.log
      connection error: TypeError: Cannot read properties of undefined (reading 'decoder')
          at wireEvents (/data/Workspace/helios/starwards/node_modules/colyseus-events/src/wire-events.ts:30:40)
          at /data/Workspace/helios/starwards/modules/core/src/client/admin.ts:20:5
          at processTicksAndRejections (node:internal/process/task_queues:95:5)
          at /data/Workspace/helios/starwards/modules/core/src/client/connection-manager.ts:131:21

      at ConnectionManager.onConnectionError (modules/core/src/client/connection-manager.ts:144:21)

    console.log
      connection error: Error: disconnected from server
          at EventEmitter.<anonymous> (/data/Workspace/helios/starwards/modules/core/src/client/driver.ts:53:58)
          at /data/Workspace/helios/starwards/node_modules/colyseus.js/src/core/signal.ts:15:48
          at Array.forEach (<anonymous>)
          at EventEmitter.invoke (/data/Workspace/helios/starwards/node_modules/colyseus.js/src/core/signal.ts:15:19)
          at Function.register.invoke (/data/Workspace/helios/starwards/node_modules/colyseus.js/src/core/signal.ts:57:81)
          at WebSocket.connection.events.onclose (/data/Workspace/helios/starwards/node_modules/colyseus.js/src/Room.ts:89:30)
          at callListener (/data/Workspace/helios/starwards/node_modules/colyseus.js/node_modules/ws/lib/event-target.js:290:14)
          at WebSocket.onClose (/data/Workspace/helios/starwards/node_modules/colyseus.js/node_modules/ws/lib/event-target.js:220:9)
          at WebSocket.emit (node:events:524:28)
          at WebSocket.emitClose (/data/Workspace/helios/starwards/node_modules/colyseus.js/node_modules/ws/lib/websocket.js:272:10)
          at Socket.socketOnClose (/data/Workspace/helios/starwards/node_modules/colyseus.js/node_modules/ws/lib/websocket.js:1341:15)
          at Socket.emit (node:events:524:28)
          at TCP.<anonymous> (node:net:343:12)

      at ConnectionManager.onConnectionError (modules/core/src/client/connection-manager.ts:144:21)
          at Array.forEach (<anonymous>)

    console.log
      connection error: TypeError: Cannot read properties of undefined (reading 'decoder')
          at wireEvents (/data/Workspace/helios/starwards/node_modules/colyseus-events/src/wire-events.ts:30:40)
          at /data/Workspace/helios/starwards/modules/core/src/client/admin.ts:20:5
          at processTicksAndRejections (node:internal/process/task_queues:95:5)
          at /data/Workspace/helios/starwards/modules/core/src/client/connection-manager.ts:131:21

      at ConnectionManager.onConnectionError (modules/core/src/client/connection-manager.ts:144:21)

    console.log
      connection error: Error: disconnected from server
          at EventEmitter.<anonymous> (/data/Workspace/helios/starwards/modules/core/src/client/driver.ts:53:58)
          at /data/Workspace/helios/starwards/node_modules/colyseus.js/src/core/signal.ts:15:48
          at Array.forEach (<anonymous>)
          at EventEmitter.invoke (/data/Workspace/helios/starwards/node_modules/colyseus.js/src/core/signal.ts:15:19)
          at Function.register.invoke (/data/Workspace/helios/starwards/node_modules/colyseus.js/src/core/signal.ts:57:81)
          at WebSocket.connection.events.onclose (/data/Workspace/helios/starwards/node_modules/colyseus.js/src/Room.ts:89:30)
          at callListener (/data/Workspace/helios/starwards/node_modules/colyseus.js/node_modules/ws/lib/event-target.js:290:14)
          at WebSocket.onClose (/data/Workspace/helios/starwards/node_modules/colyseus.js/node_modules/ws/lib/event-target.js:220:9)
          at WebSocket.emit (node:events:524:28)
          at WebSocket.emitClose (/data/Workspace/helios/starwards/node_modules/colyseus.js/node_modules/ws/lib/websocket.js:272:10)
          at Socket.socketOnClose (/data/Workspace/helios/starwards/node_modules/colyseus.js/node_modules/ws/lib/websocket.js:1341:15)
          at Socket.emit (node:events:524:28)
          at TCP.<anonymous> (node:net:343:12)

      at ConnectionManager.onConnectionError (modules/core/src/client/connection-manager.ts:144:21)
          at Array.forEach (<anonymous>)

    console.log
      connection error: TypeError: Cannot read properties of undefined (reading 'decoder')
          at wireEvents (/data/Workspace/helios/starwards/node_modules/colyseus-events/src/wire-events.ts:30:40)
          at /data/Workspace/helios/starwards/modules/core/src/client/admin.ts:20:5
          at processTicksAndRejections (node:internal/process/task_queues:95:5)
          at /data/Workspace/helios/starwards/modules/core/src/client/connection-manager.ts:131:21

      at ConnectionManager.onConnectionError (modules/core/src/client/connection-manager.ts:144:21)

    console.log
      connection error: Error: disconnected from server
          at EventEmitter.<anonymous> (/data/Workspace/helios/starwards/modules/core/src/client/driver.ts:53:58)
          at /data/Workspace/helios/starwards/node_modules/colyseus.js/src/core/signal.ts:15:48
          at Array.forEach (<anonymous>)
          at EventEmitter.invoke (/data/Workspace/helios/starwards/node_modules/colyseus.js/src/core/signal.ts:15:19)
          at Function.register.invoke (/data/Workspace/helios/starwards/node_modules/colyseus.js/src/core/signal.ts:57:81)
          at WebSocket.connection.events.onclose (/data/Workspace/helios/starwards/node_modules/colyseus.js/src/Room.ts:89:30)
          at callListener (/data/Workspace/helios/starwards/node_modules/colyseus.js/node_modules/ws/lib/event-target.js:290:14)
          at WebSocket.onClose (/data/Workspace/helios/starwards/node_modules/colyseus.js/node_modules/ws/lib/event-target.js:220:9)
          at WebSocket.emit (node:events:524:28)
          at WebSocket.emitClose (/data/Workspace/helios/starwards/node_modules/colyseus.js/node_modules/ws/lib/websocket.js:272:10)
          at Socket.socketOnClose (/data/Workspace/helios/starwards/node_modules/colyseus.js/node_modules/ws/lib/websocket.js:1341:15)
          at Socket.emit (node:events:524:28)
          at TCP.<anonymous> (node:net:343:12)

      at ConnectionManager.onConnectionError (modules/core/src/client/connection-manager.ts:144:21)
          at Array.forEach (<anonymous>)

    console.log
      connection error: TypeError: Cannot read properties of undefined (reading 'decoder')
          at wireEvents (/data/Workspace/helios/starwards/node_modules/colyseus-events/src/wire-events.ts:30:40)
          at /data/Workspace/helios/starwards/modules/core/src/client/admin.ts:20:5
          at processTicksAndRejections (node:internal/process/task_queues:95:5)
          at /data/Workspace/helios/starwards/modules/core/src/client/connection-manager.ts:131:21

      at ConnectionManager.onConnectionError (modules/core/src/client/connection-manager.ts:144:21)

    console.log
      connection error: Error: disconnected from server
          at EventEmitter.<anonymous> (/data/Workspace/helios/starwards/modules/core/src/client/driver.ts:53:58)
          at /data/Workspace/helios/starwards/node_modules/colyseus.js/src/core/signal.ts:15:48
          at Array.forEach (<anonymous>)
          at EventEmitter.invoke (/data/Workspace/helios/starwards/node_modules/colyseus.js/src/core/signal.ts:15:19)
          at Function.register.invoke (/data/Workspace/helios/starwards/node_modules/colyseus.js/src/core/signal.ts:57:81)
          at WebSocket.connection.events.onclose (/data/Workspace/helios/starwards/node_modules/colyseus.js/src/Room.ts:89:30)
          at callListener (/data/Workspace/helios/starwards/node_modules/colyseus.js/node_modules/ws/lib/event-target.js:290:14)
          at WebSocket.onClose (/data/Workspace/helios/starwards/node_modules/colyseus.js/node_modules/ws/lib/event-target.js:220:9)
          at WebSocket.emit (node:events:524:28)
          at WebSocket.emitClose (/data/Workspace/helios/starwards/node_modules/colyseus.js/node_modules/ws/lib/websocket.js:272:10)
          at Socket.socketOnClose (/data/Workspace/helios/starwards/node_modules/colyseus.js/node_modules/ws/lib/websocket.js:1341:15)
          at Socket.emit (node:events:524:28)
          at TCP.<anonymous> (node:net:343:12)

      at ConnectionManager.onConnectionError (modules/core/src/client/connection-manager.ts:144:21)
          at Array.forEach (<anonymous>)

    console.log
      connection error: TypeError: Cannot read properties of undefined (reading 'decoder')
          at wireEvents (/data/Workspace/helios/starwards/node_modules/colyseus-events/src/wire-events.ts:30:40)
          at /data/Workspace/helios/starwards/modules/core/src/client/admin.ts:20:5
          at processTicksAndRejections (node:internal/process/task_queues:95:5)
          at /data/Workspace/helios/starwards/modules/core/src/client/connection-manager.ts:131:21

      at ConnectionManager.onConnectionError (modules/core/src/client/connection-manager.ts:144:21)

    console.log
      connection error: Error: disconnected from server
          at EventEmitter.<anonymous> (/data/Workspace/helios/starwards/modules/core/src/client/driver.ts:53:58)
          at /data/Workspace/helios/starwards/node_modules/colyseus.js/src/core/signal.ts:15:48
          at Array.forEach (<anonymous>)
          at EventEmitter.invoke (/data/Workspace/helios/starwards/node_modules/colyseus.js/src/core/signal.ts:15:19)
          at Function.register.invoke (/data/Workspace/helios/starwards/node_modules/colyseus.js/src/core/signal.ts:57:81)
          at WebSocket.connection.events.onclose (/data/Workspace/helios/starwards/node_modules/colyseus.js/src/Room.ts:89:30)
          at callListener (/data/Workspace/helios/starwards/node_modules/colyseus.js/node_modules/ws/lib/event-target.js:290:14)
          at WebSocket.onClose (/data/Workspace/helios/starwards/node_modules/colyseus.js/node_modules/ws/lib/event-target.js:220:9)
          at WebSocket.emit (node:events:524:28)
          at WebSocket.emitClose (/data/Workspace/helios/starwards/node_modules/colyseus.js/node_modules/ws/lib/websocket.js:272:10)
          at Socket.socketOnClose (/data/Workspace/helios/starwards/node_modules/colyseus.js/node_modules/ws/lib/websocket.js:1341:15)
          at Socket.emit (node:events:524:28)
          at TCP.<anonymous> (node:net:343:12)

      at ConnectionManager.onConnectionError (modules/core/src/client/connection-manager.ts:144:21)
          at Array.forEach (<anonymous>)

    console.log
      connection error: TypeError: Cannot read properties of undefined (reading 'decoder')
          at wireEvents (/data/Workspace/helios/starwards/node_modules/colyseus-events/src/wire-events.ts:30:40)
          at /data/Workspace/helios/starwards/modules/core/src/client/admin.ts:20:5
          at processTicksAndRejections (node:internal/process/task_queues:95:5)
          at /data/Workspace/helios/starwards/modules/core/src/client/connection-manager.ts:131:21

      at ConnectionManager.onConnectionError (modules/core/src/client/connection-manager.ts:144:21)

    console.log
      connection error: Error: disconnected from server
          at EventEmitter.<anonymous> (/data/Workspace/helios/starwards/modules/core/src/client/driver.ts:53:58)
          at /data/Workspace/helios/starwards/node_modules/colyseus.js/src/core/signal.ts:15:48
          at Array.forEach (<anonymous>)
          at EventEmitter.invoke (/data/Workspace/helios/starwards/node_modules/colyseus.js/src/core/signal.ts:15:19)
          at Function.register.invoke (/data/Workspace/helios/starwards/node_modules/colyseus.js/src/core/signal.ts:57:81)
          at WebSocket.connection.events.onclose (/data/Workspace/helios/starwards/node_modules/colyseus.js/src/Room.ts:89:30)
          at callListener (/data/Workspace/helios/starwards/node_modules/colyseus.js/node_modules/ws/lib/event-target.js:290:14)
          at WebSocket.onClose (/data/Workspace/helios/starwards/node_modules/colyseus.js/node_modules/ws/lib/event-target.js:220:9)
          at WebSocket.emit (node:events:524:28)
          at WebSocket.emitClose (/data/Workspace/helios/starwards/node_modules/colyseus.js/node_modules/ws/lib/websocket.js:272:10)
          at Socket.socketOnClose (/data/Workspace/helios/starwards/node_modules/colyseus.js/node_modules/ws/lib/websocket.js:1341:15)
          at Socket.emit (node:events:524:28)
          at TCP.<anonymous> (node:net:343:12)

      at ConnectionManager.onConnectionError (modules/core/src/client/connection-manager.ts:144:21)
          at Array.forEach (<anonymous>)

    console.log
      connection error: TypeError: Cannot read properties of undefined (reading 'decoder')
          at wireEvents (/data/Workspace/helios/starwards/node_modules/colyseus-events/src/wire-events.ts:30:40)
          at /data/Workspace/helios/starwards/modules/core/src/client/admin.ts:20:5
          at processTicksAndRejections (node:internal/process/task_queues:95:5)
          at /data/Workspace/helios/starwards/modules/core/src/client/connection-manager.ts:131:21

      at ConnectionManager.onConnectionError (modules/core/src/client/connection-manager.ts:144:21)

    console.log
      connection error: Error: disconnected from server
          at EventEmitter.<anonymous> (/data/Workspace/helios/starwards/modules/core/src/client/driver.ts:53:58)
          at /data/Workspace/helios/starwards/node_modules/colyseus.js/src/core/signal.ts:15:48
          at Array.forEach (<anonymous>)
          at EventEmitter.invoke (/data/Workspace/helios/starwards/node_modules/colyseus.js/src/core/signal.ts:15:19)
          at Function.register.invoke (/data/Workspace/helios/starwards/node_modules/colyseus.js/src/core/signal.ts:57:81)
          at WebSocket.connection.events.onclose (/data/Workspace/helios/starwards/node_modules/colyseus.js/src/Room.ts:89:30)
          at callListener (/data/Workspace/helios/starwards/node_modules/colyseus.js/node_modules/ws/lib/event-target.js:290:14)
          at WebSocket.onClose (/data/Workspace/helios/starwards/node_modules/colyseus.js/node_modules/ws/lib/event-target.js:220:9)
          at WebSocket.emit (node:events:524:28)
          at WebSocket.emitClose (/data/Workspace/helios/starwards/node_modules/colyseus.js/node_modules/ws/lib/websocket.js:272:10)
          at Socket.socketOnClose (/data/Workspace/helios/starwards/node_modules/colyseus.js/node_modules/ws/lib/websocket.js:1341:15)
          at Socket.emit (node:events:524:28)
          at TCP.<anonymous> (node:net:343:12)

      at ConnectionManager.onConnectionError (modules/core/src/client/connection-manager.ts:144:21)
          at Array.forEach (<anonymous>)

    console.log
      connection error: TypeError: Cannot read properties of undefined (reading 'decoder')
          at wireEvents (/data/Workspace/helios/starwards/node_modules/colyseus-events/src/wire-events.ts:30:40)
          at /data/Workspace/helios/starwards/modules/core/src/client/admin.ts:20:5
          at processTicksAndRejections (node:internal/process/task_queues:95:5)
          at /data/Workspace/helios/starwards/modules/core/src/client/connection-manager.ts:131:21

      at ConnectionManager.onConnectionError (modules/core/src/client/connection-manager.ts:144:21)

    console.log
      connection error: Error: disconnected from server
          at EventEmitter.<anonymous> (/data/Workspace/helios/starwards/modules/core/src/client/driver.ts:53:58)
          at /data/Workspace/helios/starwards/node_modules/colyseus.js/src/core/signal.ts:15:48
          at Array.forEach (<anonymous>)
          at EventEmitter.invoke (/data/Workspace/helios/starwards/node_modules/colyseus.js/src/core/signal.ts:15:19)
          at Function.register.invoke (/data/Workspace/helios/starwards/node_modules/colyseus.js/src/core/signal.ts:57:81)
          at WebSocket.connection.events.onclose (/data/Workspace/helios/starwards/node_modules/colyseus.js/src/Room.ts:89:30)
          at callListener (/data/Workspace/helios/starwards/node_modules/colyseus.js/node_modules/ws/lib/event-target.js:290:14)
          at WebSocket.onClose (/data/Workspace/helios/starwards/node_modules/colyseus.js/node_modules/ws/lib/event-target.js:220:9)
          at WebSocket.emit (node:events:524:28)
          at WebSocket.emitClose (/data/Workspace/helios/starwards/node_modules/colyseus.js/node_modules/ws/lib/websocket.js:272:10)
          at Socket.socketOnClose (/data/Workspace/helios/starwards/node_modules/colyseus.js/node_modules/ws/lib/websocket.js:1341:15)
          at Socket.emit (node:events:524:28)
          at TCP.<anonymous> (node:net:343:12)

      at ConnectionManager.onConnectionError (modules/core/src/client/connection-manager.ts:144:21)
          at Array.forEach (<anonymous>)

    console.log
      connection error: TypeError: Cannot read properties of undefined (reading 'decoder')
          at wireEvents (/data/Workspace/helios/starwards/node_modules/colyseus-events/src/wire-events.ts:30:40)
          at /data/Workspace/helios/starwards/modules/core/src/client/admin.ts:20:5
          at processTicksAndRejections (node:internal/process/task_queues:95:5)
          at /data/Workspace/helios/starwards/modules/core/src/client/connection-manager.ts:131:21

      at ConnectionManager.onConnectionError (modules/core/src/client/connection-manager.ts:144:21)

    console.log
      connection error: Error: disconnected from server
          at EventEmitter.<anonymous> (/data/Workspace/helios/starwards/modules/core/src/client/driver.ts:53:58)
          at /data/Workspace/helios/starwards/node_modules/colyseus.js/src/core/signal.ts:15:48
          at Array.forEach (<anonymous>)
          at EventEmitter.invoke (/data/Workspace/helios/starwards/node_modules/colyseus.js/src/core/signal.ts:15:19)
          at Function.register.invoke (/data/Workspace/helios/starwards/node_modules/colyseus.js/src/core/signal.ts:57:81)
          at WebSocket.connection.events.onclose (/data/Workspace/helios/starwards/node_modules/colyseus.js/src/Room.ts:89:30)
          at callListener (/data/Workspace/helios/starwards/node_modules/colyseus.js/node_modules/ws/lib/event-target.js:290:14)
          at WebSocket.onClose (/data/Workspace/helios/starwards/node_modules/colyseus.js/node_modules/ws/lib/event-target.js:220:9)
          at WebSocket.emit (node:events:524:28)
          at WebSocket.emitClose (/data/Workspace/helios/starwards/node_modules/colyseus.js/node_modules/ws/lib/websocket.js:272:10)
          at Socket.socketOnClose (/data/Workspace/helios/starwards/node_modules/colyseus.js/node_modules/ws/lib/websocket.js:1341:15)
          at Socket.emit (node:events:524:28)
          at TCP.<anonymous> (node:net:343:12)

      at ConnectionManager.onConnectionError (modules/core/src/client/connection-manager.ts:144:21)
          at Array.forEach (<anonymous>)

    console.log
      connection error: TypeError: Cannot read properties of undefined (reading 'decoder')
          at wireEvents (/data/Workspace/helios/starwards/node_modules/colyseus-events/src/wire-events.ts:30:40)
          at /data/Workspace/helios/starwards/modules/core/src/client/admin.ts:20:5
          at processTicksAndRejections (node:internal/process/task_queues:95:5)
          at /data/Workspace/helios/starwards/modules/core/src/client/connection-manager.ts:131:21

      at ConnectionManager.onConnectionError (modules/core/src/client/connection-manager.ts:144:21)

    console.log
      connection error: Error: disconnected from server
          at EventEmitter.<anonymous> (/data/Workspace/helios/starwards/modules/core/src/client/driver.ts:53:58)
          at /data/Workspace/helios/starwards/node_modules/colyseus.js/src/core/signal.ts:15:48
          at Array.forEach (<anonymous>)
          at EventEmitter.invoke (/data/Workspace/helios/starwards/node_modules/colyseus.js/src/core/signal.ts:15:19)
          at Function.register.invoke (/data/Workspace/helios/starwards/node_modules/colyseus.js/src/core/signal.ts:57:81)
          at WebSocket.connection.events.onclose (/data/Workspace/helios/starwards/node_modules/colyseus.js/src/Room.ts:89:30)
          at callListener (/data/Workspace/helios/starwards/node_modules/colyseus.js/node_modules/ws/lib/event-target.js:290:14)
          at WebSocket.onClose (/data/Workspace/helios/starwards/node_modules/colyseus.js/node_modules/ws/lib/event-target.js:220:9)
          at WebSocket.emit (node:events:524:28)
          at WebSocket.emitClose (/data/Workspace/helios/starwards/node_modules/colyseus.js/node_modules/ws/lib/websocket.js:272:10)
          at Socket.socketOnClose (/data/Workspace/helios/starwards/node_modules/colyseus.js/node_modules/ws/lib/websocket.js:1341:15)
          at Socket.emit (node:events:524:28)
          at TCP.<anonymous> (node:net:343:12)

      at ConnectionManager.onConnectionError (modules/core/src/client/connection-manager.ts:144:21)
          at Array.forEach (<anonymous>)

    console.log
      connection error: TypeError: Cannot read properties of undefined (reading 'decoder')
          at wireEvents (/data/Workspace/helios/starwards/node_modules/colyseus-events/src/wire-events.ts:30:40)
          at /data/Workspace/helios/starwards/modules/core/src/client/admin.ts:20:5
          at processTicksAndRejections (node:internal/process/task_queues:95:5)
          at /data/Workspace/helios/starwards/modules/core/src/client/connection-manager.ts:131:21

      at ConnectionManager.onConnectionError (modules/core/src/client/connection-manager.ts:144:21)

    console.log
      connection error: Error: disconnected from server
          at EventEmitter.<anonymous> (/data/Workspace/helios/starwards/modules/core/src/client/driver.ts:53:58)
          at /data/Workspace/helios/starwards/node_modules/colyseus.js/src/core/signal.ts:15:48
          at Array.forEach (<anonymous>)
          at EventEmitter.invoke (/data/Workspace/helios/starwards/node_modules/colyseus.js/src/core/signal.ts:15:19)
          at Function.register.invoke (/data/Workspace/helios/starwards/node_modules/colyseus.js/src/core/signal.ts:57:81)
          at WebSocket.connection.events.onclose (/data/Workspace/helios/starwards/node_modules/colyseus.js/src/Room.ts:89:30)
          at callListener (/data/Workspace/helios/starwards/node_modules/colyseus.js/node_modules/ws/lib/event-target.js:290:14)
          at WebSocket.onClose (/data/Workspace/helios/starwards/node_modules/colyseus.js/node_modules/ws/lib/event-target.js:220:9)
          at WebSocket.emit (node:events:524:28)
          at WebSocket.emitClose (/data/Workspace/helios/starwards/node_modules/colyseus.js/node_modules/ws/lib/websocket.js:272:10)
          at Socket.socketOnClose (/data/Workspace/helios/starwards/node_modules/colyseus.js/node_modules/ws/lib/websocket.js:1341:15)
          at Socket.emit (node:events:524:28)
          at TCP.<anonymous> (node:net:343:12)

      at ConnectionManager.onConnectionError (modules/core/src/client/connection-manager.ts:144:21)
          at Array.forEach (<anonymous>)

    console.log
      connection error: TypeError: Cannot read properties of undefined (reading 'decoder')
          at wireEvents (/data/Workspace/helios/starwards/node_modules/colyseus-events/src/wire-events.ts:30:40)
          at /data/Workspace/helios/starwards/modules/core/src/client/admin.ts:20:5
          at processTicksAndRejections (node:internal/process/task_queues:95:5)
          at /data/Workspace/helios/starwards/modules/core/src/client/connection-manager.ts:131:21

      at ConnectionManager.onConnectionError (modules/core/src/client/connection-manager.ts:144:21)

    console.log
      connection error: Error: disconnected from server
          at EventEmitter.<anonymous> (/data/Workspace/helios/starwards/modules/core/src/client/driver.ts:53:58)
          at /data/Workspace/helios/starwards/node_modules/colyseus.js/src/core/signal.ts:15:48
          at Array.forEach (<anonymous>)
          at EventEmitter.invoke (/data/Workspace/helios/starwards/node_modules/colyseus.js/src/core/signal.ts:15:19)
          at Function.register.invoke (/data/Workspace/helios/starwards/node_modules/colyseus.js/src/core/signal.ts:57:81)
          at WebSocket.connection.events.onclose (/data/Workspace/helios/starwards/node_modules/colyseus.js/src/Room.ts:89:30)
          at callListener (/data/Workspace/helios/starwards/node_modules/colyseus.js/node_modules/ws/lib/event-target.js:290:14)
          at WebSocket.onClose (/data/Workspace/helios/starwards/node_modules/colyseus.js/node_modules/ws/lib/event-target.js:220:9)
          at WebSocket.emit (node:events:524:28)
          at WebSocket.emitClose (/data/Workspace/helios/starwards/node_modules/colyseus.js/node_modules/ws/lib/websocket.js:272:10)
          at Socket.socketOnClose (/data/Workspace/helios/starwards/node_modules/colyseus.js/node_modules/ws/lib/websocket.js:1341:15)
          at Socket.emit (node:events:524:28)
          at TCP.<anonymous> (node:net:343:12)

      at ConnectionManager.onConnectionError (modules/core/src/client/connection-manager.ts:144:21)
          at Array.forEach (<anonymous>)

    console.log
      connection error: TypeError: Cannot read properties of undefined (reading 'decoder')
          at wireEvents (/data/Workspace/helios/starwards/node_modules/colyseus-events/src/wire-events.ts:30:40)
          at /data/Workspace/helios/starwards/modules/core/src/client/admin.ts:20:5
          at processTicksAndRejections (node:internal/process/task_queues:95:5)
          at /data/Workspace/helios/starwards/modules/core/src/client/connection-manager.ts:131:21

      at ConnectionManager.onConnectionError (modules/core/src/client/connection-manager.ts:144:21)

    console.log
      connection error: Error: disconnected from server
          at EventEmitter.<anonymous> (/data/Workspace/helios/starwards/modules/core/src/client/driver.ts:53:58)
          at /data/Workspace/helios/starwards/node_modules/colyseus.js/src/core/signal.ts:15:48
          at Array.forEach (<anonymous>)
          at EventEmitter.invoke (/data/Workspace/helios/starwards/node_modules/colyseus.js/src/core/signal.ts:15:19)
          at Function.register.invoke (/data/Workspace/helios/starwards/node_modules/colyseus.js/src/core/signal.ts:57:81)
          at WebSocket.connection.events.onclose (/data/Workspace/helios/starwards/node_modules/colyseus.js/src/Room.ts:89:30)
          at callListener (/data/Workspace/helios/starwards/node_modules/colyseus.js/node_modules/ws/lib/event-target.js:290:14)
          at WebSocket.onClose (/data/Workspace/helios/starwards/node_modules/colyseus.js/node_modules/ws/lib/event-target.js:220:9)
          at WebSocket.emit (node:events:524:28)
          at WebSocket.emitClose (/data/Workspace/helios/starwards/node_modules/colyseus.js/node_modules/ws/lib/websocket.js:272:10)
          at Socket.socketOnClose (/data/Workspace/helios/starwards/node_modules/colyseus.js/node_modules/ws/lib/websocket.js:1341:15)
          at Socket.emit (node:events:524:28)
          at TCP.<anonymous> (node:net:343:12)

      at ConnectionManager.onConnectionError (modules/core/src/client/connection-manager.ts:144:21)
          at Array.forEach (<anonymous>)

    console.log
      connection error: TypeError: Cannot read properties of undefined (reading 'decoder')
          at wireEvents (/data/Workspace/helios/starwards/node_modules/colyseus-events/src/wire-events.ts:30:40)
          at /data/Workspace/helios/starwards/modules/core/src/client/admin.ts:20:5
          at processTicksAndRejections (node:internal/process/task_queues:95:5)
          at /data/Workspace/helios/starwards/modules/core/src/client/connection-manager.ts:131:21

      at ConnectionManager.onConnectionError (modules/core/src/client/connection-manager.ts:144:21)

    console.log
      connection error: Error: disconnected from server
          at EventEmitter.<anonymous> (/data/Workspace/helios/starwards/modules/core/src/client/driver.ts:53:58)
          at /data/Workspace/helios/starwards/node_modules/colyseus.js/src/core/signal.ts:15:48
          at Array.forEach (<anonymous>)
          at EventEmitter.invoke (/data/Workspace/helios/starwards/node_modules/colyseus.js/src/core/signal.ts:15:19)
          at Function.register.invoke (/data/Workspace/helios/starwards/node_modules/colyseus.js/src/core/signal.ts:57:81)
          at WebSocket.connection.events.onclose (/data/Workspace/helios/starwards/node_modules/colyseus.js/src/Room.ts:89:30)
          at callListener (/data/Workspace/helios/starwards/node_modules/colyseus.js/node_modules/ws/lib/event-target.js:290:14)
          at WebSocket.onClose (/data/Workspace/helios/starwards/node_modules/colyseus.js/node_modules/ws/lib/event-target.js:220:9)
          at WebSocket.emit (node:events:524:28)
          at WebSocket.emitClose (/data/Workspace/helios/starwards/node_modules/colyseus.js/node_modules/ws/lib/websocket.js:272:10)
          at Socket.socketOnClose (/data/Workspace/helios/starwards/node_modules/colyseus.js/node_modules/ws/lib/websocket.js:1341:15)
          at Socket.emit (node:events:524:28)
          at TCP.<anonymous> (node:net:343:12)

      at ConnectionManager.onConnectionError (modules/core/src/client/connection-manager.ts:144:21)
          at Array.forEach (<anonymous>)

    console.log
      connection error: TypeError: Cannot read properties of undefined (reading 'decoder')
          at wireEvents (/data/Workspace/helios/starwards/node_modules/colyseus-events/src/wire-events.ts:30:40)
          at /data/Workspace/helios/starwards/modules/core/src/client/admin.ts:20:5
          at processTicksAndRejections (node:internal/process/task_queues:95:5)
          at /data/Workspace/helios/starwards/modules/core/src/client/connection-manager.ts:131:21

      at ConnectionManager.onConnectionError (modules/core/src/client/connection-manager.ts:144:21)

    console.log
      connection error: Error: disconnected from server
          at EventEmitter.<anonymous> (/data/Workspace/helios/starwards/modules/core/src/client/driver.ts:53:58)
          at /data/Workspace/helios/starwards/node_modules/colyseus.js/src/core/signal.ts:15:48
          at Array.forEach (<anonymous>)
          at EventEmitter.invoke (/data/Workspace/helios/starwards/node_modules/colyseus.js/src/core/signal.ts:15:19)
          at Function.register.invoke (/data/Workspace/helios/starwards/node_modules/colyseus.js/src/core/signal.ts:57:81)
          at WebSocket.connection.events.onclose (/data/Workspace/helios/starwards/node_modules/colyseus.js/src/Room.ts:89:30)
          at callListener (/data/Workspace/helios/starwards/node_modules/colyseus.js/node_modules/ws/lib/event-target.js:290:14)
          at WebSocket.onClose (/data/Workspace/helios/starwards/node_modules/colyseus.js/node_modules/ws/lib/event-target.js:220:9)
          at WebSocket.emit (node:events:524:28)
          at WebSocket.emitClose (/data/Workspace/helios/starwards/node_modules/colyseus.js/node_modules/ws/lib/websocket.js:272:10)
          at Socket.socketOnClose (/data/Workspace/helios/starwards/node_modules/colyseus.js/node_modules/ws/lib/websocket.js:1341:15)
          at Socket.emit (node:events:524:28)
          at TCP.<anonymous> (node:net:343:12)

      at ConnectionManager.onConnectionError (modules/core/src/client/connection-manager.ts:144:21)
          at Array.forEach (<anonymous>)

    console.log
      connection error: TypeError: Cannot read properties of undefined (reading 'decoder')
          at wireEvents (/data/Workspace/helios/starwards/node_modules/colyseus-events/src/wire-events.ts:30:40)
          at /data/Workspace/helios/starwards/modules/core/src/client/admin.ts:20:5
          at processTicksAndRejections (node:internal/process/task_queues:95:5)
          at /data/Workspace/helios/starwards/modules/core/src/client/connection-manager.ts:131:21

      at ConnectionManager.onConnectionError (modules/core/src/client/connection-manager.ts:144:21)

    console.log
      connection error: Error: disconnected from server
          at EventEmitter.<anonymous> (/data/Workspace/helios/starwards/modules/core/src/client/driver.ts:53:58)
          at /data/Workspace/helios/starwards/node_modules/colyseus.js/src/core/signal.ts:15:48
          at Array.forEach (<anonymous>)
          at EventEmitter.invoke (/data/Workspace/helios/starwards/node_modules/colyseus.js/src/core/signal.ts:15:19)
          at Function.register.invoke (/data/Workspace/helios/starwards/node_modules/colyseus.js/src/core/signal.ts:57:81)
          at WebSocket.connection.events.onclose (/data/Workspace/helios/starwards/node_modules/colyseus.js/src/Room.ts:89:30)
          at callListener (/data/Workspace/helios/starwards/node_modules/colyseus.js/node_modules/ws/lib/event-target.js:290:14)
          at WebSocket.onClose (/data/Workspace/helios/starwards/node_modules/colyseus.js/node_modules/ws/lib/event-target.js:220:9)
          at WebSocket.emit (node:events:524:28)
          at WebSocket.emitClose (/data/Workspace/helios/starwards/node_modules/colyseus.js/node_modules/ws/lib/websocket.js:272:10)
          at Socket.socketOnClose (/data/Workspace/helios/starwards/node_modules/colyseus.js/node_modules/ws/lib/websocket.js:1341:15)
          at Socket.emit (node:events:524:28)
          at TCP.<anonymous> (node:net:343:12)

      at ConnectionManager.onConnectionError (modules/core/src/client/connection-manager.ts:144:21)
          at Array.forEach (<anonymous>)

    console.log
      connection error: TypeError: Cannot read properties of undefined (reading 'decoder')
          at wireEvents (/data/Workspace/helios/starwards/node_modules/colyseus-events/src/wire-events.ts:30:40)
          at /data/Workspace/helios/starwards/modules/core/src/client/admin.ts:20:5
          at processTicksAndRejections (node:internal/process/task_queues:95:5)
          at /data/Workspace/helios/starwards/modules/core/src/client/connection-manager.ts:131:21

      at ConnectionManager.onConnectionError (modules/core/src/client/connection-manager.ts:144:21)

    console.log
      connection error: Error: disconnected from server
          at EventEmitter.<anonymous> (/data/Workspace/helios/starwards/modules/core/src/client/driver.ts:53:58)
          at /data/Workspace/helios/starwards/node_modules/colyseus.js/src/core/signal.ts:15:48
          at Array.forEach (<anonymous>)
          at EventEmitter.invoke (/data/Workspace/helios/starwards/node_modules/colyseus.js/src/core/signal.ts:15:19)
          at Function.register.invoke (/data/Workspace/helios/starwards/node_modules/colyseus.js/src/core/signal.ts:57:81)
          at WebSocket.connection.events.onclose (/data/Workspace/helios/starwards/node_modules/colyseus.js/src/Room.ts:89:30)
          at callListener (/data/Workspace/helios/starwards/node_modules/colyseus.js/node_modules/ws/lib/event-target.js:290:14)
          at WebSocket.onClose (/data/Workspace/helios/starwards/node_modules/colyseus.js/node_modules/ws/lib/event-target.js:220:9)
          at WebSocket.emit (node:events:524:28)
          at WebSocket.emitClose (/data/Workspace/helios/starwards/node_modules/colyseus.js/node_modules/ws/lib/websocket.js:272:10)
          at Socket.socketOnClose (/data/Workspace/helios/starwards/node_modules/colyseus.js/node_modules/ws/lib/websocket.js:1341:15)
          at Socket.emit (node:events:524:28)
          at TCP.<anonymous> (node:net:343:12)

      at ConnectionManager.onConnectionError (modules/core/src/client/connection-manager.ts:144:21)
          at Array.forEach (<anonymous>)

    console.log
      connection error: TypeError: Cannot read properties of undefined (reading 'decoder')
          at wireEvents (/data/Workspace/helios/starwards/node_modules/colyseus-events/src/wire-events.ts:30:40)
          at /data/Workspace/helios/starwards/modules/core/src/client/admin.ts:20:5
          at processTicksAndRejections (node:internal/process/task_queues:95:5)
          at /data/Workspace/helios/starwards/modules/core/src/client/connection-manager.ts:131:21

      at ConnectionManager.onConnectionError (modules/core/src/client/connection-manager.ts:144:21)

    console.log
      connection error: Error: disconnected from server
          at EventEmitter.<anonymous> (/data/Workspace/helios/starwards/modules/core/src/client/driver.ts:53:58)
          at /data/Workspace/helios/starwards/node_modules/colyseus.js/src/core/signal.ts:15:48
          at Array.forEach (<anonymous>)
          at EventEmitter.invoke (/data/Workspace/helios/starwards/node_modules/colyseus.js/src/core/signal.ts:15:19)
          at Function.register.invoke (/data/Workspace/helios/starwards/node_modules/colyseus.js/src/core/signal.ts:57:81)
          at WebSocket.connection.events.onclose (/data/Workspace/helios/starwards/node_modules/colyseus.js/src/Room.ts:89:30)
          at callListener (/data/Workspace/helios/starwards/node_modules/colyseus.js/node_modules/ws/lib/event-target.js:290:14)
          at WebSocket.onClose (/data/Workspace/helios/starwards/node_modules/colyseus.js/node_modules/ws/lib/event-target.js:220:9)
          at WebSocket.emit (node:events:524:28)
          at WebSocket.emitClose (/data/Workspace/helios/starwards/node_modules/colyseus.js/node_modules/ws/lib/websocket.js:272:10)
          at Socket.socketOnClose (/data/Workspace/helios/starwards/node_modules/colyseus.js/node_modules/ws/lib/websocket.js:1341:15)
          at Socket.emit (node:events:524:28)
          at TCP.<anonymous> (node:net:343:12)

      at ConnectionManager.onConnectionError (modules/core/src/client/connection-manager.ts:144:21)
          at Array.forEach (<anonymous>)

    console.log
      connection error: TypeError: Cannot read properties of undefined (reading 'decoder')
          at wireEvents (/data/Workspace/helios/starwards/node_modules/colyseus-events/src/wire-events.ts:30:40)
          at /data/Workspace/helios/starwards/modules/core/src/client/admin.ts:20:5
          at processTicksAndRejections (node:internal/process/task_queues:95:5)
          at /data/Workspace/helios/starwards/modules/core/src/client/connection-manager.ts:131:21

      at ConnectionManager.onConnectionError (modules/core/src/client/connection-manager.ts:144:21)

    console.log
      connection error: Error: disconnected from server
          at EventEmitter.<anonymous> (/data/Workspace/helios/starwards/modules/core/src/client/driver.ts:53:58)
          at /data/Workspace/helios/starwards/node_modules/colyseus.js/src/core/signal.ts:15:48
          at Array.forEach (<anonymous>)
          at EventEmitter.invoke (/data/Workspace/helios/starwards/node_modules/colyseus.js/src/core/signal.ts:15:19)
          at Function.register.invoke (/data/Workspace/helios/starwards/node_modules/colyseus.js/src/core/signal.ts:57:81)
          at WebSocket.connection.events.onclose (/data/Workspace/helios/starwards/node_modules/colyseus.js/src/Room.ts:89:30)
          at callListener (/data/Workspace/helios/starwards/node_modules/colyseus.js/node_modules/ws/lib/event-target.js:290:14)
          at WebSocket.onClose (/data/Workspace/helios/starwards/node_modules/colyseus.js/node_modules/ws/lib/event-target.js:220:9)
          at WebSocket.emit (node:events:524:28)
          at WebSocket.emitClose (/data/Workspace/helios/starwards/node_modules/colyseus.js/node_modules/ws/lib/websocket.js:272:10)
          at Socket.socketOnClose (/data/Workspace/helios/starwards/node_modules/colyseus.js/node_modules/ws/lib/websocket.js:1341:15)
          at Socket.emit (node:events:524:28)
          at TCP.<anonymous> (node:net:343:12)

      at ConnectionManager.onConnectionError (modules/core/src/client/connection-manager.ts:144:21)
          at Array.forEach (<anonymous>)

    console.log
      connection error: TypeError: Cannot read properties of undefined (reading 'decoder')
          at wireEvents (/data/Workspace/helios/starwards/node_modules/colyseus-events/src/wire-events.ts:30:40)
          at /data/Workspace/helios/starwards/modules/core/src/client/admin.ts:20:5
          at processTicksAndRejections (node:internal/process/task_queues:95:5)
          at /data/Workspace/helios/starwards/modules/core/src/client/connection-manager.ts:131:21

      at ConnectionManager.onConnectionError (modules/core/src/client/connection-manager.ts:144:21)

    console.log
      connection error: Error: disconnected from server
          at EventEmitter.<anonymous> (/data/Workspace/helios/starwards/modules/core/src/client/driver.ts:53:58)
          at /data/Workspace/helios/starwards/node_modules/colyseus.js/src/core/signal.ts:15:48
          at Array.forEach (<anonymous>)
          at EventEmitter.invoke (/data/Workspace/helios/starwards/node_modules/colyseus.js/src/core/signal.ts:15:19)
          at Function.register.invoke (/data/Workspace/helios/starwards/node_modules/colyseus.js/src/core/signal.ts:57:81)
          at WebSocket.connection.events.onclose (/data/Workspace/helios/starwards/node_modules/colyseus.js/src/Room.ts:89:30)
          at callListener (/data/Workspace/helios/starwards/node_modules/colyseus.js/node_modules/ws/lib/event-target.js:290:14)
          at WebSocket.onClose (/data/Workspace/helios/starwards/node_modules/colyseus.js/node_modules/ws/lib/event-target.js:220:9)
          at WebSocket.emit (node:events:524:28)
          at WebSocket.emitClose (/data/Workspace/helios/starwards/node_modules/colyseus.js/node_modules/ws/lib/websocket.js:272:10)
          at Socket.socketOnClose (/data/Workspace/helios/starwards/node_modules/colyseus.js/node_modules/ws/lib/websocket.js:1341:15)
          at Socket.emit (node:events:524:28)
          at TCP.<anonymous> (node:net:343:12)

      at ConnectionManager.onConnectionError (modules/core/src/client/connection-manager.ts:144:21)
          at Array.forEach (<anonymous>)

    console.log
      connection error: TypeError: Cannot read properties of undefined (reading 'decoder')
          at wireEvents (/data/Workspace/helios/starwards/node_modules/colyseus-events/src/wire-events.ts:30:40)
          at /data/Workspace/helios/starwards/modules/core/src/client/admin.ts:20:5
          at processTicksAndRejections (node:internal/process/task_queues:95:5)
          at /data/Workspace/helios/starwards/modules/core/src/client/connection-manager.ts:131:21

      at ConnectionManager.onConnectionError (modules/core/src/client/connection-manager.ts:144:21)

    console.log
      connection error: Error: disconnected from server
          at EventEmitter.<anonymous> (/data/Workspace/helios/starwards/modules/core/src/client/driver.ts:53:58)
          at /data/Workspace/helios/starwards/node_modules/colyseus.js/src/core/signal.ts:15:48
          at Array.forEach (<anonymous>)
          at EventEmitter.invoke (/data/Workspace/helios/starwards/node_modules/colyseus.js/src/core/signal.ts:15:19)
          at Function.register.invoke (/data/Workspace/helios/starwards/node_modules/colyseus.js/src/core/signal.ts:57:81)
          at WebSocket.connection.events.onclose (/data/Workspace/helios/starwards/node_modules/colyseus.js/src/Room.ts:89:30)
          at callListener (/data/Workspace/helios/starwards/node_modules/colyseus.js/node_modules/ws/lib/event-target.js:290:14)
          at WebSocket.onClose (/data/Workspace/helios/starwards/node_modules/colyseus.js/node_modules/ws/lib/event-target.js:220:9)
          at WebSocket.emit (node:events:524:28)
          at WebSocket.emitClose (/data/Workspace/helios/starwards/node_modules/colyseus.js/node_modules/ws/lib/websocket.js:272:10)
          at Socket.socketOnClose (/data/Workspace/helios/starwards/node_modules/colyseus.js/node_modules/ws/lib/websocket.js:1341:15)
          at Socket.emit (node:events:524:28)
          at TCP.<anonymous> (node:net:343:12)

      at ConnectionManager.onConnectionError (modules/core/src/client/connection-manager.ts:144:21)
          at Array.forEach (<anonymous>)

    console.log
      connection error: TypeError: Cannot read properties of undefined (reading 'decoder')
          at wireEvents (/data/Workspace/helios/starwards/node_modules/colyseus-events/src/wire-events.ts:30:40)
          at /data/Workspace/helios/starwards/modules/core/src/client/admin.ts:20:5
          at processTicksAndRejections (node:internal/process/task_queues:95:5)
          at /data/Workspace/helios/starwards/modules/core/src/client/connection-manager.ts:131:21

      at ConnectionManager.onConnectionError (modules/core/src/client/connection-manager.ts:144:21)

    console.log
      connection error: Error: disconnected from server
          at EventEmitter.<anonymous> (/data/Workspace/helios/starwards/modules/core/src/client/driver.ts:53:58)
          at /data/Workspace/helios/starwards/node_modules/colyseus.js/src/core/signal.ts:15:48
          at Array.forEach (<anonymous>)
          at EventEmitter.invoke (/data/Workspace/helios/starwards/node_modules/colyseus.js/src/core/signal.ts:15:19)
          at Function.register.invoke (/data/Workspace/helios/starwards/node_modules/colyseus.js/src/core/signal.ts:57:81)
          at WebSocket.connection.events.onclose (/data/Workspace/helios/starwards/node_modules/colyseus.js/src/Room.ts:89:30)
          at callListener (/data/Workspace/helios/starwards/node_modules/colyseus.js/node_modules/ws/lib/event-target.js:290:14)
          at WebSocket.onClose (/data/Workspace/helios/starwards/node_modules/colyseus.js/node_modules/ws/lib/event-target.js:220:9)
          at WebSocket.emit (node:events:524:28)
          at WebSocket.emitClose (/data/Workspace/helios/starwards/node_modules/colyseus.js/node_modules/ws/lib/websocket.js:272:10)
          at Socket.socketOnClose (/data/Workspace/helios/starwards/node_modules/colyseus.js/node_modules/ws/lib/websocket.js:1341:15)
          at Socket.emit (node:events:524:28)
          at TCP.<anonymous> (node:net:343:12)

      at ConnectionManager.onConnectionError (modules/core/src/client/connection-manager.ts:144:21)
          at Array.forEach (<anonymous>)

    console.log
      connection error: TypeError: Cannot read properties of undefined (reading 'decoder')
          at wireEvents (/data/Workspace/helios/starwards/node_modules/colyseus-events/src/wire-events.ts:30:40)
          at /data/Workspace/helios/starwards/modules/core/src/client/admin.ts:20:5
          at processTicksAndRejections (node:internal/process/task_queues:95:5)
          at /data/Workspace/helios/starwards/modules/core/src/client/connection-manager.ts:131:21

      at ConnectionManager.onConnectionError (modules/core/src/client/connection-manager.ts:144:21)

    console.log
      connection error: Error: disconnected from server
          at EventEmitter.<anonymous> (/data/Workspace/helios/starwards/modules/core/src/client/driver.ts:53:58)
          at /data/Workspace/helios/starwards/node_modules/colyseus.js/src/core/signal.ts:15:48
          at Array.forEach (<anonymous>)
          at EventEmitter.invoke (/data/Workspace/helios/starwards/node_modules/colyseus.js/src/core/signal.ts:15:19)
          at Function.register.invoke (/data/Workspace/helios/starwards/node_modules/colyseus.js/src/core/signal.ts:57:81)
          at WebSocket.connection.events.onclose (/data/Workspace/helios/starwards/node_modules/colyseus.js/src/Room.ts:89:30)
          at callListener (/data/Workspace/helios/starwards/node_modules/colyseus.js/node_modules/ws/lib/event-target.js:290:14)
          at WebSocket.onClose (/data/Workspace/helios/starwards/node_modules/colyseus.js/node_modules/ws/lib/event-target.js:220:9)
          at WebSocket.emit (node:events:524:28)
          at WebSocket.emitClose (/data/Workspace/helios/starwards/node_modules/colyseus.js/node_modules/ws/lib/websocket.js:272:10)
          at Socket.socketOnClose (/data/Workspace/helios/starwards/node_modules/colyseus.js/node_modules/ws/lib/websocket.js:1341:15)
          at Socket.emit (node:events:524:28)
          at TCP.<anonymous> (node:net:343:12)

      at ConnectionManager.onConnectionError (modules/core/src/client/connection-manager.ts:144:21)
          at Array.forEach (<anonymous>)

    console.log
      connection error: TypeError: Cannot read properties of undefined (reading 'decoder')
          at wireEvents (/data/Workspace/helios/starwards/node_modules/colyseus-events/src/wire-events.ts:30:40)
          at /data/Workspace/helios/starwards/modules/core/src/client/admin.ts:20:5
          at processTicksAndRejections (node:internal/process/task_queues:95:5)
          at /data/Workspace/helios/starwards/modules/core/src/client/connection-manager.ts:131:21

      at ConnectionManager.onConnectionError (modules/core/src/client/connection-manager.ts:144:21)

    console.log
      connection error: Error: disconnected from server
          at EventEmitter.<anonymous> (/data/Workspace/helios/starwards/modules/core/src/client/driver.ts:53:58)
          at /data/Workspace/helios/starwards/node_modules/colyseus.js/src/core/signal.ts:15:48
          at Array.forEach (<anonymous>)
          at EventEmitter.invoke (/data/Workspace/helios/starwards/node_modules/colyseus.js/src/core/signal.ts:15:19)
          at Function.register.invoke (/data/Workspace/helios/starwards/node_modules/colyseus.js/src/core/signal.ts:57:81)
          at WebSocket.connection.events.onclose (/data/Workspace/helios/starwards/node_modules/colyseus.js/src/Room.ts:89:30)
          at callListener (/data/Workspace/helios/starwards/node_modules/colyseus.js/node_modules/ws/lib/event-target.js:290:14)
          at WebSocket.onClose (/data/Workspace/helios/starwards/node_modules/colyseus.js/node_modules/ws/lib/event-target.js:220:9)
          at WebSocket.emit (node:events:524:28)
          at WebSocket.emitClose (/data/Workspace/helios/starwards/node_modules/colyseus.js/node_modules/ws/lib/websocket.js:272:10)
          at Socket.socketOnClose (/data/Workspace/helios/starwards/node_modules/colyseus.js/node_modules/ws/lib/websocket.js:1341:15)
          at Socket.emit (node:events:524:28)
          at TCP.<anonymous> (node:net:343:12)

      at ConnectionManager.onConnectionError (modules/core/src/client/connection-manager.ts:144:21)
          at Array.forEach (<anonymous>)

    console.log
      connection error: TypeError: Cannot read properties of undefined (reading 'decoder')
          at wireEvents (/data/Workspace/helios/starwards/node_modules/colyseus-events/src/wire-events.ts:30:40)
          at /data/Workspace/helios/starwards/modules/core/src/client/admin.ts:20:5
          at processTicksAndRejections (node:internal/process/task_queues:95:5)
          at /data/Workspace/helios/starwards/modules/core/src/client/connection-manager.ts:131:21

      at ConnectionManager.onConnectionError (modules/core/src/client/connection-manager.ts:144:21)

    console.log
      connection error: Error: disconnected from server
          at EventEmitter.<anonymous> (/data/Workspace/helios/starwards/modules/core/src/client/driver.ts:53:58)
          at /data/Workspace/helios/starwards/node_modules/colyseus.js/src/core/signal.ts:15:48
          at Array.forEach (<anonymous>)
          at EventEmitter.invoke (/data/Workspace/helios/starwards/node_modules/colyseus.js/src/core/signal.ts:15:19)
          at Function.register.invoke (/data/Workspace/helios/starwards/node_modules/colyseus.js/src/core/signal.ts:57:81)
          at WebSocket.connection.events.onclose (/data/Workspace/helios/starwards/node_modules/colyseus.js/src/Room.ts:89:30)
          at callListener (/data/Workspace/helios/starwards/node_modules/colyseus.js/node_modules/ws/lib/event-target.js:290:14)
          at WebSocket.onClose (/data/Workspace/helios/starwards/node_modules/colyseus.js/node_modules/ws/lib/event-target.js:220:9)
          at WebSocket.emit (node:events:524:28)
          at WebSocket.emitClose (/data/Workspace/helios/starwards/node_modules/colyseus.js/node_modules/ws/lib/websocket.js:272:10)
          at Socket.socketOnClose (/data/Workspace/helios/starwards/node_modules/colyseus.js/node_modules/ws/lib/websocket.js:1341:15)
          at Socket.emit (node:events:524:28)
          at TCP.<anonymous> (node:net:343:12)

      at ConnectionManager.onConnectionError (modules/core/src/client/connection-manager.ts:144:21)
          at Array.forEach (<anonymous>)

    console.log
      connection error: TypeError: Cannot read properties of undefined (reading 'decoder')
          at wireEvents (/data/Workspace/helios/starwards/node_modules/colyseus-events/src/wire-events.ts:30:40)
          at /data/Workspace/helios/starwards/modules/core/src/client/admin.ts:20:5
          at processTicksAndRejections (node:internal/process/task_queues:95:5)
          at /data/Workspace/helios/starwards/modules/core/src/client/connection-manager.ts:131:21

      at ConnectionManager.onConnectionError (modules/core/src/client/connection-manager.ts:144:21)

    console.log
      connection error: Error: disconnected from server
          at EventEmitter.<anonymous> (/data/Workspace/helios/starwards/modules/core/src/client/driver.ts:53:58)
          at /data/Workspace/helios/starwards/node_modules/colyseus.js/src/core/signal.ts:15:48
          at Array.forEach (<anonymous>)
          at EventEmitter.invoke (/data/Workspace/helios/starwards/node_modules/colyseus.js/src/core/signal.ts:15:19)
          at Function.register.invoke (/data/Workspace/helios/starwards/node_modules/colyseus.js/src/core/signal.ts:57:81)
          at WebSocket.connection.events.onclose (/data/Workspace/helios/starwards/node_modules/colyseus.js/src/Room.ts:89:30)
          at callListener (/data/Workspace/helios/starwards/node_modules/colyseus.js/node_modules/ws/lib/event-target.js:290:14)
          at WebSocket.onClose (/data/Workspace/helios/starwards/node_modules/colyseus.js/node_modules/ws/lib/event-target.js:220:9)
          at WebSocket.emit (node:events:524:28)
          at WebSocket.emitClose (/data/Workspace/helios/starwards/node_modules/colyseus.js/node_modules/ws/lib/websocket.js:272:10)
          at Socket.socketOnClose (/data/Workspace/helios/starwards/node_modules/colyseus.js/node_modules/ws/lib/websocket.js:1341:15)
          at Socket.emit (node:events:524:28)
          at TCP.<anonymous> (node:net:343:12)

      at ConnectionManager.onConnectionError (modules/core/src/client/connection-manager.ts:144:21)
          at Array.forEach (<anonymous>)

    console.log
      connection error: TypeError: Cannot read properties of undefined (reading 'decoder')
          at wireEvents (/data/Workspace/helios/starwards/node_modules/colyseus-events/src/wire-events.ts:30:40)
          at /data/Workspace/helios/starwards/modules/core/src/client/admin.ts:20:5
          at processTicksAndRejections (node:internal/process/task_queues:95:5)
          at /data/Workspace/helios/starwards/modules/core/src/client/connection-manager.ts:131:21

      at ConnectionManager.onConnectionError (modules/core/src/client/connection-manager.ts:144:21)

    console.log
      connection error: Error: disconnected from server
          at EventEmitter.<anonymous> (/data/Workspace/helios/starwards/modules/core/src/client/driver.ts:53:58)
          at /data/Workspace/helios/starwards/node_modules/colyseus.js/src/core/signal.ts:15:48
          at Array.forEach (<anonymous>)
          at EventEmitter.invoke (/data/Workspace/helios/starwards/node_modules/colyseus.js/src/core/signal.ts:15:19)
          at Function.register.invoke (/data/Workspace/helios/starwards/node_modules/colyseus.js/src/core/signal.ts:57:81)
          at WebSocket.connection.events.onclose (/data/Workspace/helios/starwards/node_modules/colyseus.js/src/Room.ts:89:30)
          at callListener (/data/Workspace/helios/starwards/node_modules/colyseus.js/node_modules/ws/lib/event-target.js:290:14)
          at WebSocket.onClose (/data/Workspace/helios/starwards/node_modules/colyseus.js/node_modules/ws/lib/event-target.js:220:9)
          at WebSocket.emit (node:events:524:28)
          at WebSocket.emitClose (/data/Workspace/helios/starwards/node_modules/colyseus.js/node_modules/ws/lib/websocket.js:272:10)
          at Socket.socketOnClose (/data/Workspace/helios/starwards/node_modules/colyseus.js/node_modules/ws/lib/websocket.js:1341:15)
          at Socket.emit (node:events:524:28)
          at TCP.<anonymous> (node:net:343:12)

      at ConnectionManager.onConnectionError (modules/core/src/client/connection-manager.ts:144:21)
          at Array.forEach (<anonymous>)

    console.log
      connection error: TypeError: Cannot read properties of undefined (reading 'decoder')
          at wireEvents (/data/Workspace/helios/starwards/node_modules/colyseus-events/src/wire-events.ts:30:40)
          at /data/Workspace/helios/starwards/modules/core/src/client/admin.ts:20:5
          at processTicksAndRejections (node:internal/process/task_queues:95:5)
          at /data/Workspace/helios/starwards/modules/core/src/client/connection-manager.ts:131:21

      at ConnectionManager.onConnectionError (modules/core/src/client/connection-manager.ts:144:21)

    console.log
      connection error: Error: disconnected from server
          at EventEmitter.<anonymous> (/data/Workspace/helios/starwards/modules/core/src/client/driver.ts:53:58)
          at /data/Workspace/helios/starwards/node_modules/colyseus.js/src/core/signal.ts:15:48
          at Array.forEach (<anonymous>)
          at EventEmitter.invoke (/data/Workspace/helios/starwards/node_modules/colyseus.js/src/core/signal.ts:15:19)
          at Function.register.invoke (/data/Workspace/helios/starwards/node_modules/colyseus.js/src/core/signal.ts:57:81)
          at WebSocket.connection.events.onclose (/data/Workspace/helios/starwards/node_modules/colyseus.js/src/Room.ts:89:30)
          at callListener (/data/Workspace/helios/starwards/node_modules/colyseus.js/node_modules/ws/lib/event-target.js:290:14)
          at WebSocket.onClose (/data/Workspace/helios/starwards/node_modules/colyseus.js/node_modules/ws/lib/event-target.js:220:9)
          at WebSocket.emit (node:events:524:28)
          at WebSocket.emitClose (/data/Workspace/helios/starwards/node_modules/colyseus.js/node_modules/ws/lib/websocket.js:272:10)
          at Socket.socketOnClose (/data/Workspace/helios/starwards/node_modules/colyseus.js/node_modules/ws/lib/websocket.js:1341:15)
          at Socket.emit (node:events:524:28)
          at TCP.<anonymous> (node:net:343:12)

      at ConnectionManager.onConnectionError (modules/core/src/client/connection-manager.ts:144:21)
          at Array.forEach (<anonymous>)

    console.log
      connection error: TypeError: Cannot read properties of undefined (reading 'decoder')
          at wireEvents (/data/Workspace/helios/starwards/node_modules/colyseus-events/src/wire-events.ts:30:40)
          at /data/Workspace/helios/starwards/modules/core/src/client/admin.ts:20:5
          at processTicksAndRejections (node:internal/process/task_queues:95:5)
          at /data/Workspace/helios/starwards/modules/core/src/client/connection-manager.ts:131:21

      at ConnectionManager.onConnectionError (modules/core/src/client/connection-manager.ts:144:21)

    console.log
      connection error: Error: disconnected from server
          at EventEmitter.<anonymous> (/data/Workspace/helios/starwards/modules/core/src/client/driver.ts:53:58)
          at /data/Workspace/helios/starwards/node_modules/colyseus.js/src/core/signal.ts:15:48
          at Array.forEach (<anonymous>)
          at EventEmitter.invoke (/data/Workspace/helios/starwards/node_modules/colyseus.js/src/core/signal.ts:15:19)
          at Function.register.invoke (/data/Workspace/helios/starwards/node_modules/colyseus.js/src/core/signal.ts:57:81)
          at WebSocket.connection.events.onclose (/data/Workspace/helios/starwards/node_modules/colyseus.js/src/Room.ts:89:30)
          at callListener (/data/Workspace/helios/starwards/node_modules/colyseus.js/node_modules/ws/lib/event-target.js:290:14)
          at WebSocket.onClose (/data/Workspace/helios/starwards/node_modules/colyseus.js/node_modules/ws/lib/event-target.js:220:9)
          at WebSocket.emit (node:events:524:28)
          at WebSocket.emitClose (/data/Workspace/helios/starwards/node_modules/colyseus.js/node_modules/ws/lib/websocket.js:272:10)
          at Socket.socketOnClose (/data/Workspace/helios/starwards/node_modules/colyseus.js/node_modules/ws/lib/websocket.js:1341:15)
          at Socket.emit (node:events:524:28)
          at TCP.<anonymous> (node:net:343:12)

      at ConnectionManager.onConnectionError (modules/core/src/client/connection-manager.ts:144:21)
          at Array.forEach (<anonymous>)

    console.log
      connection error: TypeError: Cannot read properties of undefined (reading 'decoder')
          at wireEvents (/data/Workspace/helios/starwards/node_modules/colyseus-events/src/wire-events.ts:30:40)
          at /data/Workspace/helios/starwards/modules/core/src/client/admin.ts:20:5
          at processTicksAndRejections (node:internal/process/task_queues:95:5)
          at /data/Workspace/helios/starwards/modules/core/src/client/connection-manager.ts:131:21

      at ConnectionManager.onConnectionError (modules/core/src/client/connection-manager.ts:144:21)

    console.log
      connection error: Error: disconnected from server
          at EventEmitter.<anonymous> (/data/Workspace/helios/starwards/modules/core/src/client/driver.ts:53:58)
          at /data/Workspace/helios/starwards/node_modules/colyseus.js/src/core/signal.ts:15:48
          at Array.forEach (<anonymous>)
          at EventEmitter.invoke (/data/Workspace/helios/starwards/node_modules/colyseus.js/src/core/signal.ts:15:19)
          at Function.register.invoke (/data/Workspace/helios/starwards/node_modules/colyseus.js/src/core/signal.ts:57:81)
          at WebSocket.connection.events.onclose (/data/Workspace/helios/starwards/node_modules/colyseus.js/src/Room.ts:89:30)
          at callListener (/data/Workspace/helios/starwards/node_modules/colyseus.js/node_modules/ws/lib/event-target.js:290:14)
          at WebSocket.onClose (/data/Workspace/helios/starwards/node_modules/colyseus.js/node_modules/ws/lib/event-target.js:220:9)
          at WebSocket.emit (node:events:524:28)
          at WebSocket.emitClose (/data/Workspace/helios/starwards/node_modules/colyseus.js/node_modules/ws/lib/websocket.js:272:10)
          at Socket.socketOnClose (/data/Workspace/helios/starwards/node_modules/colyseus.js/node_modules/ws/lib/websocket.js:1341:15)
          at Socket.emit (node:events:524:28)
          at TCP.<anonymous> (node:net:343:12)

      at ConnectionManager.onConnectionError (modules/core/src/client/connection-manager.ts:144:21)
          at Array.forEach (<anonymous>)

    console.log
      connection error: TypeError: Cannot read properties of undefined (reading 'decoder')
          at wireEvents (/data/Workspace/helios/starwards/node_modules/colyseus-events/src/wire-events.ts:30:40)
          at /data/Workspace/helios/starwards/modules/core/src/client/admin.ts:20:5
          at processTicksAndRejections (node:internal/process/task_queues:95:5)
          at /data/Workspace/helios/starwards/modules/core/src/client/connection-manager.ts:131:21

      at ConnectionManager.onConnectionError (modules/core/src/client/connection-manager.ts:144:21)

    console.log
      connection error: Error: disconnected from server
          at EventEmitter.<anonymous> (/data/Workspace/helios/starwards/modules/core/src/client/driver.ts:53:58)
          at /data/Workspace/helios/starwards/node_modules/colyseus.js/src/core/signal.ts:15:48
          at Array.forEach (<anonymous>)
          at EventEmitter.invoke (/data/Workspace/helios/starwards/node_modules/colyseus.js/src/core/signal.ts:15:19)
          at Function.register.invoke (/data/Workspace/helios/starwards/node_modules/colyseus.js/src/core/signal.ts:57:81)
          at WebSocket.connection.events.onclose (/data/Workspace/helios/starwards/node_modules/colyseus.js/src/Room.ts:89:30)
          at callListener (/data/Workspace/helios/starwards/node_modules/colyseus.js/node_modules/ws/lib/event-target.js:290:14)
          at WebSocket.onClose (/data/Workspace/helios/starwards/node_modules/colyseus.js/node_modules/ws/lib/event-target.js:220:9)
          at WebSocket.emit (node:events:524:28)
          at WebSocket.emitClose (/data/Workspace/helios/starwards/node_modules/colyseus.js/node_modules/ws/lib/websocket.js:272:10)
          at Socket.socketOnClose (/data/Workspace/helios/starwards/node_modules/colyseus.js/node_modules/ws/lib/websocket.js:1341:15)
          at Socket.emit (node:events:524:28)
          at TCP.<anonymous> (node:net:343:12)

      at ConnectionManager.onConnectionError (modules/core/src/client/connection-manager.ts:144:21)
          at Array.forEach (<anonymous>)

    console.log
      connection error: TypeError: Cannot read properties of undefined (reading 'decoder')
          at wireEvents (/data/Workspace/helios/starwards/node_modules/colyseus-events/src/wire-events.ts:30:40)
          at /data/Workspace/helios/starwards/modules/core/src/client/admin.ts:20:5
          at processTicksAndRejections (node:internal/process/task_queues:95:5)
          at /data/Workspace/helios/starwards/modules/core/src/client/connection-manager.ts:131:21

      at ConnectionManager.onConnectionError (modules/core/src/client/connection-manager.ts:144:21)

    console.log
      connection error: Error: disconnected from server
          at EventEmitter.<anonymous> (/data/Workspace/helios/starwards/modules/core/src/client/driver.ts:53:58)
          at /data/Workspace/helios/starwards/node_modules/colyseus.js/src/core/signal.ts:15:48
          at Array.forEach (<anonymous>)
          at EventEmitter.invoke (/data/Workspace/helios/starwards/node_modules/colyseus.js/src/core/signal.ts:15:19)
          at Function.register.invoke (/data/Workspace/helios/starwards/node_modules/colyseus.js/src/core/signal.ts:57:81)
          at WebSocket.connection.events.onclose (/data/Workspace/helios/starwards/node_modules/colyseus.js/src/Room.ts:89:30)
          at callListener (/data/Workspace/helios/starwards/node_modules/colyseus.js/node_modules/ws/lib/event-target.js:290:14)
          at WebSocket.onClose (/data/Workspace/helios/starwards/node_modules/colyseus.js/node_modules/ws/lib/event-target.js:220:9)
          at WebSocket.emit (node:events:524:28)
          at WebSocket.emitClose (/data/Workspace/helios/starwards/node_modules/colyseus.js/node_modules/ws/lib/websocket.js:272:10)
          at Socket.socketOnClose (/data/Workspace/helios/starwards/node_modules/colyseus.js/node_modules/ws/lib/websocket.js:1341:15)
          at Socket.emit (node:events:524:28)
          at TCP.<anonymous> (node:net:343:12)

      at ConnectionManager.onConnectionError (modules/core/src/client/connection-manager.ts:144:21)
          at Array.forEach (<anonymous>)

    console.log
      connection error: TypeError: Cannot read properties of undefined (reading 'decoder')
          at wireEvents (/data/Workspace/helios/starwards/node_modules/colyseus-events/src/wire-events.ts:30:40)
          at /data/Workspace/helios/starwards/modules/core/src/client/admin.ts:20:5
          at processTicksAndRejections (node:internal/process/task_queues:95:5)
          at /data/Workspace/helios/starwards/modules/core/src/client/connection-manager.ts:131:21

      at ConnectionManager.onConnectionError (modules/core/src/client/connection-manager.ts:144:21)

    console.log
      connection error: Error: disconnected from server
          at EventEmitter.<anonymous> (/data/Workspace/helios/starwards/modules/core/src/client/driver.ts:53:58)
          at /data/Workspace/helios/starwards/node_modules/colyseus.js/src/core/signal.ts:15:48
          at Array.forEach (<anonymous>)
          at EventEmitter.invoke (/data/Workspace/helios/starwards/node_modules/colyseus.js/src/core/signal.ts:15:19)
          at Function.register.invoke (/data/Workspace/helios/starwards/node_modules/colyseus.js/src/core/signal.ts:57:81)
          at WebSocket.connection.events.onclose (/data/Workspace/helios/starwards/node_modules/colyseus.js/src/Room.ts:89:30)
          at callListener (/data/Workspace/helios/starwards/node_modules/colyseus.js/node_modules/ws/lib/event-target.js:290:14)
          at WebSocket.onClose (/data/Workspace/helios/starwards/node_modules/colyseus.js/node_modules/ws/lib/event-target.js:220:9)
          at WebSocket.emit (node:events:524:28)
          at WebSocket.emitClose (/data/Workspace/helios/starwards/node_modules/colyseus.js/node_modules/ws/lib/websocket.js:272:10)
          at Socket.socketOnClose (/data/Workspace/helios/starwards/node_modules/colyseus.js/node_modules/ws/lib/websocket.js:1341:15)
          at Socket.emit (node:events:524:28)
          at TCP.<anonymous> (node:net:343:12)

      at ConnectionManager.onConnectionError (modules/core/src/client/connection-manager.ts:144:21)
          at Array.forEach (<anonymous>)

    console.log
      connection error: TypeError: Cannot read properties of undefined (reading 'decoder')
          at wireEvents (/data/Workspace/helios/starwards/node_modules/colyseus-events/src/wire-events.ts:30:40)
          at /data/Workspace/helios/starwards/modules/core/src/client/admin.ts:20:5
          at processTicksAndRejections (node:internal/process/task_queues:95:5)
          at /data/Workspace/helios/starwards/modules/core/src/client/connection-manager.ts:131:21

      at ConnectionManager.onConnectionError (modules/core/src/client/connection-manager.ts:144:21)

    console.log
      connection error: Error: disconnected from server
          at EventEmitter.<anonymous> (/data/Workspace/helios/starwards/modules/core/src/client/driver.ts:53:58)
          at /data/Workspace/helios/starwards/node_modules/colyseus.js/src/core/signal.ts:15:48
          at Array.forEach (<anonymous>)
          at EventEmitter.invoke (/data/Workspace/helios/starwards/node_modules/colyseus.js/src/core/signal.ts:15:19)
          at Function.register.invoke (/data/Workspace/helios/starwards/node_modules/colyseus.js/src/core/signal.ts:57:81)
          at WebSocket.connection.events.onclose (/data/Workspace/helios/starwards/node_modules/colyseus.js/src/Room.ts:89:30)
          at callListener (/data/Workspace/helios/starwards/node_modules/colyseus.js/node_modules/ws/lib/event-target.js:290:14)
          at WebSocket.onClose (/data/Workspace/helios/starwards/node_modules/colyseus.js/node_modules/ws/lib/event-target.js:220:9)
          at WebSocket.emit (node:events:524:28)
          at WebSocket.emitClose (/data/Workspace/helios/starwards/node_modules/colyseus.js/node_modules/ws/lib/websocket.js:272:10)
          at Socket.socketOnClose (/data/Workspace/helios/starwards/node_modules/colyseus.js/node_modules/ws/lib/websocket.js:1341:15)
          at Socket.emit (node:events:524:28)
          at TCP.<anonymous> (node:net:343:12)

      at ConnectionManager.onConnectionError (modules/core/src/client/connection-manager.ts:144:21)
          at Array.forEach (<anonymous>)

    console.log
      connection error: TypeError: Cannot read properties of undefined (reading 'decoder')
          at wireEvents (/data/Workspace/helios/starwards/node_modules/colyseus-events/src/wire-events.ts:30:40)
          at /data/Workspace/helios/starwards/modules/core/src/client/admin.ts:20:5
          at processTicksAndRejections (node:internal/process/task_queues:95:5)
          at /data/Workspace/helios/starwards/modules/core/src/client/connection-manager.ts:131:21

      at ConnectionManager.onConnectionError (modules/core/src/client/connection-manager.ts:144:21)

    console.log
      connection error: Error: disconnected from server
          at EventEmitter.<anonymous> (/data/Workspace/helios/starwards/modules/core/src/client/driver.ts:53:58)
          at /data/Workspace/helios/starwards/node_modules/colyseus.js/src/core/signal.ts:15:48
          at Array.forEach (<anonymous>)
          at EventEmitter.invoke (/data/Workspace/helios/starwards/node_modules/colyseus.js/src/core/signal.ts:15:19)
          at Function.register.invoke (/data/Workspace/helios/starwards/node_modules/colyseus.js/src/core/signal.ts:57:81)
          at WebSocket.connection.events.onclose (/data/Workspace/helios/starwards/node_modules/colyseus.js/src/Room.ts:89:30)
          at callListener (/data/Workspace/helios/starwards/node_modules/colyseus.js/node_modules/ws/lib/event-target.js:290:14)
          at WebSocket.onClose (/data/Workspace/helios/starwards/node_modules/colyseus.js/node_modules/ws/lib/event-target.js:220:9)
          at WebSocket.emit (node:events:524:28)
          at WebSocket.emitClose (/data/Workspace/helios/starwards/node_modules/colyseus.js/node_modules/ws/lib/websocket.js:272:10)
          at Socket.socketOnClose (/data/Workspace/helios/starwards/node_modules/colyseus.js/node_modules/ws/lib/websocket.js:1341:15)
          at Socket.emit (node:events:524:28)
          at TCP.<anonymous> (node:net:343:12)

      at ConnectionManager.onConnectionError (modules/core/src/client/connection-manager.ts:144:21)
          at Array.forEach (<anonymous>)

    console.log
      connection error: TypeError: Cannot read properties of undefined (reading 'decoder')
          at wireEvents (/data/Workspace/helios/starwards/node_modules/colyseus-events/src/wire-events.ts:30:40)
          at /data/Workspace/helios/starwards/modules/core/src/client/admin.ts:20:5
          at processTicksAndRejections (node:internal/process/task_queues:95:5)
          at /data/Workspace/helios/starwards/modules/core/src/client/connection-manager.ts:131:21

      at ConnectionManager.onConnectionError (modules/core/src/client/connection-manager.ts:144:21)

    console.log
      connection error: Error: disconnected from server
          at EventEmitter.<anonymous> (/data/Workspace/helios/starwards/modules/core/src/client/driver.ts:53:58)
          at /data/Workspace/helios/starwards/node_modules/colyseus.js/src/core/signal.ts:15:48
          at Array.forEach (<anonymous>)
          at EventEmitter.invoke (/data/Workspace/helios/starwards/node_modules/colyseus.js/src/core/signal.ts:15:19)
          at Function.register.invoke (/data/Workspace/helios/starwards/node_modules/colyseus.js/src/core/signal.ts:57:81)
          at WebSocket.connection.events.onclose (/data/Workspace/helios/starwards/node_modules/colyseus.js/src/Room.ts:89:30)
          at callListener (/data/Workspace/helios/starwards/node_modules/colyseus.js/node_modules/ws/lib/event-target.js:290:14)
          at WebSocket.onClose (/data/Workspace/helios/starwards/node_modules/colyseus.js/node_modules/ws/lib/event-target.js:220:9)
          at WebSocket.emit (node:events:524:28)
          at WebSocket.emitClose (/data/Workspace/helios/starwards/node_modules/colyseus.js/node_modules/ws/lib/websocket.js:272:10)
          at Socket.socketOnClose (/data/Workspace/helios/starwards/node_modules/colyseus.js/node_modules/ws/lib/websocket.js:1341:15)
          at Socket.emit (node:events:524:28)
          at TCP.<anonymous> (node:net:343:12)

      at ConnectionManager.onConnectionError (modules/core/src/client/connection-manager.ts:144:21)
          at Array.forEach (<anonymous>)

    console.log
      connection error: TypeError: Cannot read properties of undefined (reading 'decoder')
          at wireEvents (/data/Workspace/helios/starwards/node_modules/colyseus-events/src/wire-events.ts:30:40)
          at /data/Workspace/helios/starwards/modules/core/src/client/admin.ts:20:5
          at processTicksAndRejections (node:internal/process/task_queues:95:5)
          at /data/Workspace/helios/starwards/modules/core/src/client/connection-manager.ts:131:21

      at ConnectionManager.onConnectionError (modules/core/src/client/connection-manager.ts:144:21)

    console.log
      connection error: Error: disconnected from server
          at EventEmitter.<anonymous> (/data/Workspace/helios/starwards/modules/core/src/client/driver.ts:53:58)
          at /data/Workspace/helios/starwards/node_modules/colyseus.js/src/core/signal.ts:15:48
          at Array.forEach (<anonymous>)
          at EventEmitter.invoke (/data/Workspace/helios/starwards/node_modules/colyseus.js/src/core/signal.ts:15:19)
          at Function.register.invoke (/data/Workspace/helios/starwards/node_modules/colyseus.js/src/core/signal.ts:57:81)
          at WebSocket.connection.events.onclose (/data/Workspace/helios/starwards/node_modules/colyseus.js/src/Room.ts:89:30)
          at callListener (/data/Workspace/helios/starwards/node_modules/colyseus.js/node_modules/ws/lib/event-target.js:290:14)
          at WebSocket.onClose (/data/Workspace/helios/starwards/node_modules/colyseus.js/node_modules/ws/lib/event-target.js:220:9)
          at WebSocket.emit (node:events:524:28)
          at WebSocket.emitClose (/data/Workspace/helios/starwards/node_modules/colyseus.js/node_modules/ws/lib/websocket.js:272:10)
          at Socket.socketOnClose (/data/Workspace/helios/starwards/node_modules/colyseus.js/node_modules/ws/lib/websocket.js:1341:15)
          at Socket.emit (node:events:524:28)
          at TCP.<anonymous> (node:net:343:12)

      at ConnectionManager.onConnectionError (modules/core/src/client/connection-manager.ts:144:21)
          at Array.forEach (<anonymous>)

    console.log
      connection error: TypeError: Cannot read properties of undefined (reading 'decoder')
          at wireEvents (/data/Workspace/helios/starwards/node_modules/colyseus-events/src/wire-events.ts:30:40)
          at /data/Workspace/helios/starwards/modules/core/src/client/admin.ts:20:5
          at processTicksAndRejections (node:internal/process/task_queues:95:5)
          at /data/Workspace/helios/starwards/modules/core/src/client/connection-manager.ts:131:21

      at ConnectionManager.onConnectionError (modules/core/src/client/connection-manager.ts:144:21)

    console.log
      connection error: Error: disconnected from server
          at EventEmitter.<anonymous> (/data/Workspace/helios/starwards/modules/core/src/client/driver.ts:53:58)
          at /data/Workspace/helios/starwards/node_modules/colyseus.js/src/core/signal.ts:15:48
          at Array.forEach (<anonymous>)
          at EventEmitter.invoke (/data/Workspace/helios/starwards/node_modules/colyseus.js/src/core/signal.ts:15:19)
          at Function.register.invoke (/data/Workspace/helios/starwards/node_modules/colyseus.js/src/core/signal.ts:57:81)
          at WebSocket.connection.events.onclose (/data/Workspace/helios/starwards/node_modules/colyseus.js/src/Room.ts:89:30)
          at callListener (/data/Workspace/helios/starwards/node_modules/colyseus.js/node_modules/ws/lib/event-target.js:290:14)
          at WebSocket.onClose (/data/Workspace/helios/starwards/node_modules/colyseus.js/node_modules/ws/lib/event-target.js:220:9)
          at WebSocket.emit (node:events:524:28)
          at WebSocket.emitClose (/data/Workspace/helios/starwards/node_modules/colyseus.js/node_modules/ws/lib/websocket.js:272:10)
          at Socket.socketOnClose (/data/Workspace/helios/starwards/node_modules/colyseus.js/node_modules/ws/lib/websocket.js:1341:15)
          at Socket.emit (node:events:524:28)
          at TCP.<anonymous> (node:net:343:12)

      at ConnectionManager.onConnectionError (modules/core/src/client/connection-manager.ts:144:21)
          at Array.forEach (<anonymous>)

    console.log
      connection error: TypeError: Cannot read properties of undefined (reading 'decoder')
          at wireEvents (/data/Workspace/helios/starwards/node_modules/colyseus-events/src/wire-events.ts:30:40)
          at /data/Workspace/helios/starwards/modules/core/src/client/admin.ts:20:5
          at processTicksAndRejections (node:internal/process/task_queues:95:5)
          at /data/Workspace/helios/starwards/modules/core/src/client/connection-manager.ts:131:21

      at ConnectionManager.onConnectionError (modules/core/src/client/connection-manager.ts:144:21)

    console.log
      connection error: Error: disconnected from server
          at EventEmitter.<anonymous> (/data/Workspace/helios/starwards/modules/core/src/client/driver.ts:53:58)
          at /data/Workspace/helios/starwards/node_modules/colyseus.js/src/core/signal.ts:15:48
          at Array.forEach (<anonymous>)
          at EventEmitter.invoke (/data/Workspace/helios/starwards/node_modules/colyseus.js/src/core/signal.ts:15:19)
          at Function.register.invoke (/data/Workspace/helios/starwards/node_modules/colyseus.js/src/core/signal.ts:57:81)
          at WebSocket.connection.events.onclose (/data/Workspace/helios/starwards/node_modules/colyseus.js/src/Room.ts:89:30)
          at callListener (/data/Workspace/helios/starwards/node_modules/colyseus.js/node_modules/ws/lib/event-target.js:290:14)
          at WebSocket.onClose (/data/Workspace/helios/starwards/node_modules/colyseus.js/node_modules/ws/lib/event-target.js:220:9)
          at WebSocket.emit (node:events:524:28)
          at WebSocket.emitClose (/data/Workspace/helios/starwards/node_modules/colyseus.js/node_modules/ws/lib/websocket.js:272:10)
          at Socket.socketOnClose (/data/Workspace/helios/starwards/node_modules/colyseus.js/node_modules/ws/lib/websocket.js:1341:15)
          at Socket.emit (node:events:524:28)
          at TCP.<anonymous> (node:net:343:12)

      at ConnectionManager.onConnectionError (modules/core/src/client/connection-manager.ts:144:21)
          at Array.forEach (<anonymous>)

    console.log
      connection error: TypeError: Cannot read properties of undefined (reading 'decoder')
          at wireEvents (/data/Workspace/helios/starwards/node_modules/colyseus-events/src/wire-events.ts:30:40)
          at /data/Workspace/helios/starwards/modules/core/src/client/admin.ts:20:5
          at processTicksAndRejections (node:internal/process/task_queues:95:5)
          at /data/Workspace/helios/starwards/modules/core/src/client/connection-manager.ts:131:21

      at ConnectionManager.onConnectionError (modules/core/src/client/connection-manager.ts:144:21)

    console.log
      connection error: Error: disconnected from server
          at EventEmitter.<anonymous> (/data/Workspace/helios/starwards/modules/core/src/client/driver.ts:53:58)
          at /data/Workspace/helios/starwards/node_modules/colyseus.js/src/core/signal.ts:15:48
          at Array.forEach (<anonymous>)
          at EventEmitter.invoke (/data/Workspace/helios/starwards/node_modules/colyseus.js/src/core/signal.ts:15:19)
          at Function.register.invoke (/data/Workspace/helios/starwards/node_modules/colyseus.js/src/core/signal.ts:57:81)
          at WebSocket.connection.events.onclose (/data/Workspace/helios/starwards/node_modules/colyseus.js/src/Room.ts:89:30)
          at callListener (/data/Workspace/helios/starwards/node_modules/colyseus.js/node_modules/ws/lib/event-target.js:290:14)
          at WebSocket.onClose (/data/Workspace/helios/starwards/node_modules/colyseus.js/node_modules/ws/lib/event-target.js:220:9)
          at WebSocket.emit (node:events:524:28)
          at WebSocket.emitClose (/data/Workspace/helios/starwards/node_modules/colyseus.js/node_modules/ws/lib/websocket.js:272:10)
          at Socket.socketOnClose (/data/Workspace/helios/starwards/node_modules/colyseus.js/node_modules/ws/lib/websocket.js:1341:15)
          at Socket.emit (node:events:524:28)
          at TCP.<anonymous> (node:net:343:12)

      at ConnectionManager.onConnectionError (modules/core/src/client/connection-manager.ts:144:21)
          at Array.forEach (<anonymous>)

    console.log
      connection error: TypeError: Cannot read properties of undefined (reading 'decoder')
          at wireEvents (/data/Workspace/helios/starwards/node_modules/colyseus-events/src/wire-events.ts:30:40)
          at /data/Workspace/helios/starwards/modules/core/src/client/admin.ts:20:5
          at processTicksAndRejections (node:internal/process/task_queues:95:5)
          at /data/Workspace/helios/starwards/modules/core/src/client/connection-manager.ts:131:21

      at ConnectionManager.onConnectionError (modules/core/src/client/connection-manager.ts:144:21)

    console.log
      connection error: Error: disconnected from server
          at EventEmitter.<anonymous> (/data/Workspace/helios/starwards/modules/core/src/client/driver.ts:53:58)
          at /data/Workspace/helios/starwards/node_modules/colyseus.js/src/core/signal.ts:15:48
          at Array.forEach (<anonymous>)
          at EventEmitter.invoke (/data/Workspace/helios/starwards/node_modules/colyseus.js/src/core/signal.ts:15:19)
          at Function.register.invoke (/data/Workspace/helios/starwards/node_modules/colyseus.js/src/core/signal.ts:57:81)
          at WebSocket.connection.events.onclose (/data/Workspace/helios/starwards/node_modules/colyseus.js/src/Room.ts:89:30)
          at callListener (/data/Workspace/helios/starwards/node_modules/colyseus.js/node_modules/ws/lib/event-target.js:290:14)
          at WebSocket.onClose (/data/Workspace/helios/starwards/node_modules/colyseus.js/node_modules/ws/lib/event-target.js:220:9)
          at WebSocket.emit (node:events:524:28)
          at WebSocket.emitClose (/data/Workspace/helios/starwards/node_modules/colyseus.js/node_modules/ws/lib/websocket.js:272:10)
          at Socket.socketOnClose (/data/Workspace/helios/starwards/node_modules/colyseus.js/node_modules/ws/lib/websocket.js:1341:15)
          at Socket.emit (node:events:524:28)
          at TCP.<anonymous> (node:net:343:12)

      at ConnectionManager.onConnectionError (modules/core/src/client/connection-manager.ts:144:21)
          at Array.forEach (<anonymous>)

    console.log
      connection error: TypeError: Cannot read properties of undefined (reading 'decoder')
          at wireEvents (/data/Workspace/helios/starwards/node_modules/colyseus-events/src/wire-events.ts:30:40)
          at /data/Workspace/helios/starwards/modules/core/src/client/admin.ts:20:5
          at processTicksAndRejections (node:internal/process/task_queues:95:5)
          at /data/Workspace/helios/starwards/modules/core/src/client/connection-manager.ts:131:21

      at ConnectionManager.onConnectionError (modules/core/src/client/connection-manager.ts:144:21)

    console.log
      connection error: Error: disconnected from server
          at EventEmitter.<anonymous> (/data/Workspace/helios/starwards/modules/core/src/client/driver.ts:53:58)
          at /data/Workspace/helios/starwards/node_modules/colyseus.js/src/core/signal.ts:15:48
          at Array.forEach (<anonymous>)
          at EventEmitter.invoke (/data/Workspace/helios/starwards/node_modules/colyseus.js/src/core/signal.ts:15:19)
          at Function.register.invoke (/data/Workspace/helios/starwards/node_modules/colyseus.js/src/core/signal.ts:57:81)
          at WebSocket.connection.events.onclose (/data/Workspace/helios/starwards/node_modules/colyseus.js/src/Room.ts:89:30)
          at callListener (/data/Workspace/helios/starwards/node_modules/colyseus.js/node_modules/ws/lib/event-target.js:290:14)
          at WebSocket.onClose (/data/Workspace/helios/starwards/node_modules/colyseus.js/node_modules/ws/lib/event-target.js:220:9)
          at WebSocket.emit (node:events:524:28)
          at WebSocket.emitClose (/data/Workspace/helios/starwards/node_modules/colyseus.js/node_modules/ws/lib/websocket.js:272:10)
          at Socket.socketOnClose (/data/Workspace/helios/starwards/node_modules/colyseus.js/node_modules/ws/lib/websocket.js:1341:15)
          at Socket.emit (node:events:524:28)
          at TCP.<anonymous> (node:net:343:12)

      at ConnectionManager.onConnectionError (modules/core/src/client/connection-manager.ts:144:21)
          at Array.forEach (<anonymous>)

    console.log
      connection error: TypeError: Cannot read properties of undefined (reading 'decoder')
          at wireEvents (/data/Workspace/helios/starwards/node_modules/colyseus-events/src/wire-events.ts:30:40)
          at /data/Workspace/helios/starwards/modules/core/src/client/admin.ts:20:5
          at processTicksAndRejections (node:internal/process/task_queues:95:5)
          at /data/Workspace/helios/starwards/modules/core/src/client/connection-manager.ts:131:21

      at ConnectionManager.onConnectionError (modules/core/src/client/connection-manager.ts:144:21)

    console.log
      connection error: Error: disconnected from server
          at EventEmitter.<anonymous> (/data/Workspace/helios/starwards/modules/core/src/client/driver.ts:53:58)
          at /data/Workspace/helios/starwards/node_modules/colyseus.js/src/core/signal.ts:15:48
          at Array.forEach (<anonymous>)
          at EventEmitter.invoke (/data/Workspace/helios/starwards/node_modules/colyseus.js/src/core/signal.ts:15:19)
          at Function.register.invoke (/data/Workspace/helios/starwards/node_modules/colyseus.js/src/core/signal.ts:57:81)
          at WebSocket.connection.events.onclose (/data/Workspace/helios/starwards/node_modules/colyseus.js/src/Room.ts:89:30)
          at callListener (/data/Workspace/helios/starwards/node_modules/colyseus.js/node_modules/ws/lib/event-target.js:290:14)
          at WebSocket.onClose (/data/Workspace/helios/starwards/node_modules/colyseus.js/node_modules/ws/lib/event-target.js:220:9)
          at WebSocket.emit (node:events:524:28)
          at WebSocket.emitClose (/data/Workspace/helios/starwards/node_modules/colyseus.js/node_modules/ws/lib/websocket.js:272:10)
          at Socket.socketOnClose (/data/Workspace/helios/starwards/node_modules/colyseus.js/node_modules/ws/lib/websocket.js:1341:15)
          at Socket.emit (node:events:524:28)
          at TCP.<anonymous> (node:net:343:12)

      at ConnectionManager.onConnectionError (modules/core/src/client/connection-manager.ts:144:21)
          at Array.forEach (<anonymous>)

    console.log
      connection error: TypeError: Cannot read properties of undefined (reading 'decoder')
          at wireEvents (/data/Workspace/helios/starwards/node_modules/colyseus-events/src/wire-events.ts:30:40)
          at /data/Workspace/helios/starwards/modules/core/src/client/admin.ts:20:5
          at processTicksAndRejections (node:internal/process/task_queues:95:5)
          at /data/Workspace/helios/starwards/modules/core/src/client/connection-manager.ts:131:21

      at ConnectionManager.onConnectionError (modules/core/src/client/connection-manager.ts:144:21)

    console.log
      connection error: Error: disconnected from server
          at EventEmitter.<anonymous> (/data/Workspace/helios/starwards/modules/core/src/client/driver.ts:53:58)
          at /data/Workspace/helios/starwards/node_modules/colyseus.js/src/core/signal.ts:15:48
          at Array.forEach (<anonymous>)
          at EventEmitter.invoke (/data/Workspace/helios/starwards/node_modules/colyseus.js/src/core/signal.ts:15:19)
          at Function.register.invoke (/data/Workspace/helios/starwards/node_modules/colyseus.js/src/core/signal.ts:57:81)
          at WebSocket.connection.events.onclose (/data/Workspace/helios/starwards/node_modules/colyseus.js/src/Room.ts:89:30)
          at callListener (/data/Workspace/helios/starwards/node_modules/colyseus.js/node_modules/ws/lib/event-target.js:290:14)
          at WebSocket.onClose (/data/Workspace/helios/starwards/node_modules/colyseus.js/node_modules/ws/lib/event-target.js:220:9)
          at WebSocket.emit (node:events:524:28)
          at WebSocket.emitClose (/data/Workspace/helios/starwards/node_modules/colyseus.js/node_modules/ws/lib/websocket.js:272:10)
          at Socket.socketOnClose (/data/Workspace/helios/starwards/node_modules/colyseus.js/node_modules/ws/lib/websocket.js:1341:15)
          at Socket.emit (node:events:524:28)
          at TCP.<anonymous> (node:net:343:12)

      at ConnectionManager.onConnectionError (modules/core/src/client/connection-manager.ts:144:21)
          at Array.forEach (<anonymous>)

    console.log
      connection error: TypeError: Cannot read properties of undefined (reading 'decoder')
          at wireEvents (/data/Workspace/helios/starwards/node_modules/colyseus-events/src/wire-events.ts:30:40)
          at /data/Workspace/helios/starwards/modules/core/src/client/admin.ts:20:5
          at processTicksAndRejections (node:internal/process/task_queues:95:5)
          at /data/Workspace/helios/starwards/modules/core/src/client/connection-manager.ts:131:21

      at ConnectionManager.onConnectionError (modules/core/src/client/connection-manager.ts:144:21)

    console.log
      connection error: Error: disconnected from server
          at EventEmitter.<anonymous> (/data/Workspace/helios/starwards/modules/core/src/client/driver.ts:53:58)
          at /data/Workspace/helios/starwards/node_modules/colyseus.js/src/core/signal.ts:15:48
          at Array.forEach (<anonymous>)
          at EventEmitter.invoke (/data/Workspace/helios/starwards/node_modules/colyseus.js/src/core/signal.ts:15:19)
          at Function.register.invoke (/data/Workspace/helios/starwards/node_modules/colyseus.js/src/core/signal.ts:57:81)
          at WebSocket.connection.events.onclose (/data/Workspace/helios/starwards/node_modules/colyseus.js/src/Room.ts:89:30)
          at callListener (/data/Workspace/helios/starwards/node_modules/colyseus.js/node_modules/ws/lib/event-target.js:290:14)
          at WebSocket.onClose (/data/Workspace/helios/starwards/node_modules/colyseus.js/node_modules/ws/lib/event-target.js:220:9)
          at WebSocket.emit (node:events:524:28)
          at WebSocket.emitClose (/data/Workspace/helios/starwards/node_modules/colyseus.js/node_modules/ws/lib/websocket.js:272:10)
          at Socket.socketOnClose (/data/Workspace/helios/starwards/node_modules/colyseus.js/node_modules/ws/lib/websocket.js:1341:15)
          at Socket.emit (node:events:524:28)
          at TCP.<anonymous> (node:net:343:12)

      at ConnectionManager.onConnectionError (modules/core/src/client/connection-manager.ts:144:21)
          at Array.forEach (<anonymous>)

    console.log
      connection error: TypeError: Cannot read properties of undefined (reading 'decoder')
          at wireEvents (/data/Workspace/helios/starwards/node_modules/colyseus-events/src/wire-events.ts:30:40)
          at /data/Workspace/helios/starwards/modules/core/src/client/admin.ts:20:5
          at processTicksAndRejections (node:internal/process/task_queues:95:5)
          at /data/Workspace/helios/starwards/modules/core/src/client/connection-manager.ts:131:21

      at ConnectionManager.onConnectionError (modules/core/src/client/connection-manager.ts:144:21)

    console.log
      connection error: Error: disconnected from server
          at EventEmitter.<anonymous> (/data/Workspace/helios/starwards/modules/core/src/client/driver.ts:53:58)
          at /data/Workspace/helios/starwards/node_modules/colyseus.js/src/core/signal.ts:15:48
          at Array.forEach (<anonymous>)
          at EventEmitter.invoke (/data/Workspace/helios/starwards/node_modules/colyseus.js/src/core/signal.ts:15:19)
          at Function.register.invoke (/data/Workspace/helios/starwards/node_modules/colyseus.js/src/core/signal.ts:57:81)
          at WebSocket.connection.events.onclose (/data/Workspace/helios/starwards/node_modules/colyseus.js/src/Room.ts:89:30)
          at callListener (/data/Workspace/helios/starwards/node_modules/colyseus.js/node_modules/ws/lib/event-target.js:290:14)
          at WebSocket.onClose (/data/Workspace/helios/starwards/node_modules/colyseus.js/node_modules/ws/lib/event-target.js:220:9)
          at WebSocket.emit (node:events:524:28)
          at WebSocket.emitClose (/data/Workspace/helios/starwards/node_modules/colyseus.js/node_modules/ws/lib/websocket.js:272:10)
          at Socket.socketOnClose (/data/Workspace/helios/starwards/node_modules/colyseus.js/node_modules/ws/lib/websocket.js:1341:15)
          at Socket.emit (node:events:524:28)
          at TCP.<anonymous> (node:net:343:12)

      at ConnectionManager.onConnectionError (modules/core/src/client/connection-manager.ts:144:21)
          at Array.forEach (<anonymous>)

    console.log
      connection error: TypeError: Cannot read properties of undefined (reading 'decoder')
          at wireEvents (/data/Workspace/helios/starwards/node_modules/colyseus-events/src/wire-events.ts:30:40)
          at /data/Workspace/helios/starwards/modules/core/src/client/admin.ts:20:5
          at processTicksAndRejections (node:internal/process/task_queues:95:5)
          at /data/Workspace/helios/starwards/modules/core/src/client/connection-manager.ts:131:21

      at ConnectionManager.onConnectionError (modules/core/src/client/connection-manager.ts:144:21)

    console.log
      connection error: Error: disconnected from server
          at EventEmitter.<anonymous> (/data/Workspace/helios/starwards/modules/core/src/client/driver.ts:53:58)
          at /data/Workspace/helios/starwards/node_modules/colyseus.js/src/core/signal.ts:15:48
          at Array.forEach (<anonymous>)
          at EventEmitter.invoke (/data/Workspace/helios/starwards/node_modules/colyseus.js/src/core/signal.ts:15:19)
          at Function.register.invoke (/data/Workspace/helios/starwards/node_modules/colyseus.js/src/core/signal.ts:57:81)
          at WebSocket.connection.events.onclose (/data/Workspace/helios/starwards/node_modules/colyseus.js/src/Room.ts:89:30)
          at callListener (/data/Workspace/helios/starwards/node_modules/colyseus.js/node_modules/ws/lib/event-target.js:290:14)
          at WebSocket.onClose (/data/Workspace/helios/starwards/node_modules/colyseus.js/node_modules/ws/lib/event-target.js:220:9)
          at WebSocket.emit (node:events:524:28)
          at WebSocket.emitClose (/data/Workspace/helios/starwards/node_modules/colyseus.js/node_modules/ws/lib/websocket.js:272:10)
          at Socket.socketOnClose (/data/Workspace/helios/starwards/node_modules/colyseus.js/node_modules/ws/lib/websocket.js:1341:15)
          at Socket.emit (node:events:524:28)
          at TCP.<anonymous> (node:net:343:12)

      at ConnectionManager.onConnectionError (modules/core/src/client/connection-manager.ts:144:21)
          at Array.forEach (<anonymous>)

    console.log
      connection error: TypeError: Cannot read properties of undefined (reading 'decoder')
          at wireEvents (/data/Workspace/helios/starwards/node_modules/colyseus-events/src/wire-events.ts:30:40)
          at /data/Workspace/helios/starwards/modules/core/src/client/admin.ts:20:5
          at processTicksAndRejections (node:internal/process/task_queues:95:5)
          at /data/Workspace/helios/starwards/modules/core/src/client/connection-manager.ts:131:21

      at ConnectionManager.onConnectionError (modules/core/src/client/connection-manager.ts:144:21)

    console.log
      connection error: Error: disconnected from server
          at EventEmitter.<anonymous> (/data/Workspace/helios/starwards/modules/core/src/client/driver.ts:53:58)
          at /data/Workspace/helios/starwards/node_modules/colyseus.js/src/core/signal.ts:15:48
          at Array.forEach (<anonymous>)
          at EventEmitter.invoke (/data/Workspace/helios/starwards/node_modules/colyseus.js/src/core/signal.ts:15:19)
          at Function.register.invoke (/data/Workspace/helios/starwards/node_modules/colyseus.js/src/core/signal.ts:57:81)
          at WebSocket.connection.events.onclose (/data/Workspace/helios/starwards/node_modules/colyseus.js/src/Room.ts:89:30)
          at callListener (/data/Workspace/helios/starwards/node_modules/colyseus.js/node_modules/ws/lib/event-target.js:290:14)
          at WebSocket.onClose (/data/Workspace/helios/starwards/node_modules/colyseus.js/node_modules/ws/lib/event-target.js:220:9)
          at WebSocket.emit (node:events:524:28)
          at WebSocket.emitClose (/data/Workspace/helios/starwards/node_modules/colyseus.js/node_modules/ws/lib/websocket.js:272:10)
          at Socket.socketOnClose (/data/Workspace/helios/starwards/node_modules/colyseus.js/node_modules/ws/lib/websocket.js:1341:15)
          at Socket.emit (node:events:524:28)
          at TCP.<anonymous> (node:net:343:12)

      at ConnectionManager.onConnectionError (modules/core/src/client/connection-manager.ts:144:21)
          at Array.forEach (<anonymous>)

    console.log
      connection error: TypeError: Cannot read properties of undefined (reading 'decoder')
          at wireEvents (/data/Workspace/helios/starwards/node_modules/colyseus-events/src/wire-events.ts:30:40)
          at /data/Workspace/helios/starwards/modules/core/src/client/admin.ts:20:5
          at processTicksAndRejections (node:internal/process/task_queues:95:5)
          at /data/Workspace/helios/starwards/modules/core/src/client/connection-manager.ts:131:21

      at ConnectionManager.onConnectionError (modules/core/src/client/connection-manager.ts:144:21)

    console.log
      connection error: Error: disconnected from server
          at EventEmitter.<anonymous> (/data/Workspace/helios/starwards/modules/core/src/client/driver.ts:53:58)
          at /data/Workspace/helios/starwards/node_modules/colyseus.js/src/core/signal.ts:15:48
          at Array.forEach (<anonymous>)
          at EventEmitter.invoke (/data/Workspace/helios/starwards/node_modules/colyseus.js/src/core/signal.ts:15:19)
          at Function.register.invoke (/data/Workspace/helios/starwards/node_modules/colyseus.js/src/core/signal.ts:57:81)
          at WebSocket.connection.events.onclose (/data/Workspace/helios/starwards/node_modules/colyseus.js/src/Room.ts:89:30)
          at callListener (/data/Workspace/helios/starwards/node_modules/colyseus.js/node_modules/ws/lib/event-target.js:290:14)
          at WebSocket.onClose (/data/Workspace/helios/starwards/node_modules/colyseus.js/node_modules/ws/lib/event-target.js:220:9)
          at WebSocket.emit (node:events:524:28)
          at WebSocket.emitClose (/data/Workspace/helios/starwards/node_modules/colyseus.js/node_modules/ws/lib/websocket.js:272:10)
          at Socket.socketOnClose (/data/Workspace/helios/starwards/node_modules/colyseus.js/node_modules/ws/lib/websocket.js:1341:15)
          at Socket.emit (node:events:524:28)
          at TCP.<anonymous> (node:net:343:12)

      at ConnectionManager.onConnectionError (modules/core/src/client/connection-manager.ts:144:21)
          at Array.forEach (<anonymous>)

    console.log
      connection error: TypeError: Cannot read properties of undefined (reading 'decoder')
          at wireEvents (/data/Workspace/helios/starwards/node_modules/colyseus-events/src/wire-events.ts:30:40)
          at /data/Workspace/helios/starwards/modules/core/src/client/admin.ts:20:5
          at processTicksAndRejections (node:internal/process/task_queues:95:5)
          at /data/Workspace/helios/starwards/modules/core/src/client/connection-manager.ts:131:21

      at ConnectionManager.onConnectionError (modules/core/src/client/connection-manager.ts:144:21)

    console.log
      connection error: Error: disconnected from server
          at EventEmitter.<anonymous> (/data/Workspace/helios/starwards/modules/core/src/client/driver.ts:53:58)
          at /data/Workspace/helios/starwards/node_modules/colyseus.js/src/core/signal.ts:15:48
          at Array.forEach (<anonymous>)
          at EventEmitter.invoke (/data/Workspace/helios/starwards/node_modules/colyseus.js/src/core/signal.ts:15:19)
          at Function.register.invoke (/data/Workspace/helios/starwards/node_modules/colyseus.js/src/core/signal.ts:57:81)
          at WebSocket.connection.events.onclose (/data/Workspace/helios/starwards/node_modules/colyseus.js/src/Room.ts:89:30)
          at callListener (/data/Workspace/helios/starwards/node_modules/colyseus.js/node_modules/ws/lib/event-target.js:290:14)
          at WebSocket.onClose (/data/Workspace/helios/starwards/node_modules/colyseus.js/node_modules/ws/lib/event-target.js:220:9)
          at WebSocket.emit (node:events:524:28)
          at WebSocket.emitClose (/data/Workspace/helios/starwards/node_modules/colyseus.js/node_modules/ws/lib/websocket.js:272:10)
          at Socket.socketOnClose (/data/Workspace/helios/starwards/node_modules/colyseus.js/node_modules/ws/lib/websocket.js:1341:15)
          at Socket.emit (node:events:524:28)
          at TCP.<anonymous> (node:net:343:12)

      at ConnectionManager.onConnectionError (modules/core/src/client/connection-manager.ts:144:21)
          at Array.forEach (<anonymous>)

    console.log
      connection error: TypeError: Cannot read properties of undefined (reading 'decoder')
          at wireEvents (/data/Workspace/helios/starwards/node_modules/colyseus-events/src/wire-events.ts:30:40)
          at /data/Workspace/helios/starwards/modules/core/src/client/admin.ts:20:5
          at processTicksAndRejections (node:internal/process/task_queues:95:5)
          at /data/Workspace/helios/starwards/modules/core/src/client/connection-manager.ts:131:21

      at ConnectionManager.onConnectionError (modules/core/src/client/connection-manager.ts:144:21)

    console.log
      connection error: Error: disconnected from server
          at EventEmitter.<anonymous> (/data/Workspace/helios/starwards/modules/core/src/client/driver.ts:53:58)
          at /data/Workspace/helios/starwards/node_modules/colyseus.js/src/core/signal.ts:15:48
          at Array.forEach (<anonymous>)
          at EventEmitter.invoke (/data/Workspace/helios/starwards/node_modules/colyseus.js/src/core/signal.ts:15:19)
          at Function.register.invoke (/data/Workspace/helios/starwards/node_modules/colyseus.js/src/core/signal.ts:57:81)
          at WebSocket.connection.events.onclose (/data/Workspace/helios/starwards/node_modules/colyseus.js/src/Room.ts:89:30)
          at callListener (/data/Workspace/helios/starwards/node_modules/colyseus.js/node_modules/ws/lib/event-target.js:290:14)
          at WebSocket.onClose (/data/Workspace/helios/starwards/node_modules/colyseus.js/node_modules/ws/lib/event-target.js:220:9)
          at WebSocket.emit (node:events:524:28)
          at WebSocket.emitClose (/data/Workspace/helios/starwards/node_modules/colyseus.js/node_modules/ws/lib/websocket.js:272:10)
          at Socket.socketOnClose (/data/Workspace/helios/starwards/node_modules/colyseus.js/node_modules/ws/lib/websocket.js:1341:15)
          at Socket.emit (node:events:524:28)
          at TCP.<anonymous> (node:net:343:12)

      at ConnectionManager.onConnectionError (modules/core/src/client/connection-manager.ts:144:21)
          at Array.forEach (<anonymous>)

    console.log
      connection error: TypeError: Cannot read properties of undefined (reading 'decoder')
          at wireEvents (/data/Workspace/helios/starwards/node_modules/colyseus-events/src/wire-events.ts:30:40)
          at /data/Workspace/helios/starwards/modules/core/src/client/admin.ts:20:5
          at processTicksAndRejections (node:internal/process/task_queues:95:5)
          at /data/Workspace/helios/starwards/modules/core/src/client/connection-manager.ts:131:21

      at ConnectionManager.onConnectionError (modules/core/src/client/connection-manager.ts:144:21)

    console.log
      connection error: Error: disconnected from server
          at EventEmitter.<anonymous> (/data/Workspace/helios/starwards/modules/core/src/client/driver.ts:53:58)
          at /data/Workspace/helios/starwards/node_modules/colyseus.js/src/core/signal.ts:15:48
          at Array.forEach (<anonymous>)
          at EventEmitter.invoke (/data/Workspace/helios/starwards/node_modules/colyseus.js/src/core/signal.ts:15:19)
          at Function.register.invoke (/data/Workspace/helios/starwards/node_modules/colyseus.js/src/core/signal.ts:57:81)
          at WebSocket.connection.events.onclose (/data/Workspace/helios/starwards/node_modules/colyseus.js/src/Room.ts:89:30)
          at callListener (/data/Workspace/helios/starwards/node_modules/colyseus.js/node_modules/ws/lib/event-target.js:290:14)
          at WebSocket.onClose (/data/Workspace/helios/starwards/node_modules/colyseus.js/node_modules/ws/lib/event-target.js:220:9)
          at WebSocket.emit (node:events:524:28)
          at WebSocket.emitClose (/data/Workspace/helios/starwards/node_modules/colyseus.js/node_modules/ws/lib/websocket.js:272:10)
          at Socket.socketOnClose (/data/Workspace/helios/starwards/node_modules/colyseus.js/node_modules/ws/lib/websocket.js:1341:15)
          at Socket.emit (node:events:524:28)
          at TCP.<anonymous> (node:net:343:12)

      at ConnectionManager.onConnectionError (modules/core/src/client/connection-manager.ts:144:21)
          at Array.forEach (<anonymous>)

    console.log
      connection error: TypeError: Cannot read properties of undefined (reading 'decoder')
          at wireEvents (/data/Workspace/helios/starwards/node_modules/colyseus-events/src/wire-events.ts:30:40)
          at /data/Workspace/helios/starwards/modules/core/src/client/admin.ts:20:5
          at processTicksAndRejections (node:internal/process/task_queues:95:5)
          at /data/Workspace/helios/starwards/modules/core/src/client/connection-manager.ts:131:21

      at ConnectionManager.onConnectionError (modules/core/src/client/connection-manager.ts:144:21)

    console.log
      connection error: Error: disconnected from server
          at EventEmitter.<anonymous> (/data/Workspace/helios/starwards/modules/core/src/client/driver.ts:53:58)
          at /data/Workspace/helios/starwards/node_modules/colyseus.js/src/core/signal.ts:15:48
          at Array.forEach (<anonymous>)
          at EventEmitter.invoke (/data/Workspace/helios/starwards/node_modules/colyseus.js/src/core/signal.ts:15:19)
          at Function.register.invoke (/data/Workspace/helios/starwards/node_modules/colyseus.js/src/core/signal.ts:57:81)
          at WebSocket.connection.events.onclose (/data/Workspace/helios/starwards/node_modules/colyseus.js/src/Room.ts:89:30)
          at callListener (/data/Workspace/helios/starwards/node_modules/colyseus.js/node_modules/ws/lib/event-target.js:290:14)
          at WebSocket.onClose (/data/Workspace/helios/starwards/node_modules/colyseus.js/node_modules/ws/lib/event-target.js:220:9)
          at WebSocket.emit (node:events:524:28)
          at WebSocket.emitClose (/data/Workspace/helios/starwards/node_modules/colyseus.js/node_modules/ws/lib/websocket.js:272:10)
          at Socket.socketOnClose (/data/Workspace/helios/starwards/node_modules/colyseus.js/node_modules/ws/lib/websocket.js:1341:15)
          at Socket.emit (node:events:524:28)
          at TCP.<anonymous> (node:net:343:12)

      at ConnectionManager.onConnectionError (modules/core/src/client/connection-manager.ts:144:21)
          at Array.forEach (<anonymous>)

    console.log
      connection error: TypeError: Cannot read properties of undefined (reading 'decoder')
          at wireEvents (/data/Workspace/helios/starwards/node_modules/colyseus-events/src/wire-events.ts:30:40)
          at /data/Workspace/helios/starwards/modules/core/src/client/admin.ts:20:5
          at processTicksAndRejections (node:internal/process/task_queues:95:5)
          at /data/Workspace/helios/starwards/modules/core/src/client/connection-manager.ts:131:21

      at ConnectionManager.onConnectionError (modules/core/src/client/connection-manager.ts:144:21)

    console.log
      connection error: Error: disconnected from server
          at EventEmitter.<anonymous> (/data/Workspace/helios/starwards/modules/core/src/client/driver.ts:53:58)
          at /data/Workspace/helios/starwards/node_modules/colyseus.js/src/core/signal.ts:15:48
          at Array.forEach (<anonymous>)
          at EventEmitter.invoke (/data/Workspace/helios/starwards/node_modules/colyseus.js/src/core/signal.ts:15:19)
          at Function.register.invoke (/data/Workspace/helios/starwards/node_modules/colyseus.js/src/core/signal.ts:57:81)
          at WebSocket.connection.events.onclose (/data/Workspace/helios/starwards/node_modules/colyseus.js/src/Room.ts:89:30)
          at callListener (/data/Workspace/helios/starwards/node_modules/colyseus.js/node_modules/ws/lib/event-target.js:290:14)
          at WebSocket.onClose (/data/Workspace/helios/starwards/node_modules/colyseus.js/node_modules/ws/lib/event-target.js:220:9)
          at WebSocket.emit (node:events:524:28)
          at WebSocket.emitClose (/data/Workspace/helios/starwards/node_modules/colyseus.js/node_modules/ws/lib/websocket.js:272:10)
          at Socket.socketOnClose (/data/Workspace/helios/starwards/node_modules/colyseus.js/node_modules/ws/lib/websocket.js:1341:15)
          at Socket.emit (node:events:524:28)
          at TCP.<anonymous> (node:net:343:12)

      at ConnectionManager.onConnectionError (modules/core/src/client/connection-manager.ts:144:21)
          at Array.forEach (<anonymous>)

    console.log
      connection error: TypeError: Cannot read properties of undefined (reading 'decoder')
          at wireEvents (/data/Workspace/helios/starwards/node_modules/colyseus-events/src/wire-events.ts:30:40)
          at /data/Workspace/helios/starwards/modules/core/src/client/admin.ts:20:5
          at processTicksAndRejections (node:internal/process/task_queues:95:5)
          at /data/Workspace/helios/starwards/modules/core/src/client/connection-manager.ts:131:21

      at ConnectionManager.onConnectionError (modules/core/src/client/connection-manager.ts:144:21)

    console.log
      connection error: Error: disconnected from server
          at EventEmitter.<anonymous> (/data/Workspace/helios/starwards/modules/core/src/client/driver.ts:53:58)
          at /data/Workspace/helios/starwards/node_modules/colyseus.js/src/core/signal.ts:15:48
          at Array.forEach (<anonymous>)
          at EventEmitter.invoke (/data/Workspace/helios/starwards/node_modules/colyseus.js/src/core/signal.ts:15:19)
          at Function.register.invoke (/data/Workspace/helios/starwards/node_modules/colyseus.js/src/core/signal.ts:57:81)
          at WebSocket.connection.events.onclose (/data/Workspace/helios/starwards/node_modules/colyseus.js/src/Room.ts:89:30)
          at callListener (/data/Workspace/helios/starwards/node_modules/colyseus.js/node_modules/ws/lib/event-target.js:290:14)
          at WebSocket.onClose (/data/Workspace/helios/starwards/node_modules/colyseus.js/node_modules/ws/lib/event-target.js:220:9)
          at WebSocket.emit (node:events:524:28)
          at WebSocket.emitClose (/data/Workspace/helios/starwards/node_modules/colyseus.js/node_modules/ws/lib/websocket.js:272:10)
          at Socket.socketOnClose (/data/Workspace/helios/starwards/node_modules/colyseus.js/node_modules/ws/lib/websocket.js:1341:15)
          at Socket.emit (node:events:524:28)
          at TCP.<anonymous> (node:net:343:12)

      at ConnectionManager.onConnectionError (modules/core/src/client/connection-manager.ts:144:21)
          at Array.forEach (<anonymous>)

    console.log
      connection error: TypeError: Cannot read properties of undefined (reading 'decoder')
          at wireEvents (/data/Workspace/helios/starwards/node_modules/colyseus-events/src/wire-events.ts:30:40)
          at /data/Workspace/helios/starwards/modules/core/src/client/admin.ts:20:5
          at processTicksAndRejections (node:internal/process/task_queues:95:5)
          at /data/Workspace/helios/starwards/modules/core/src/client/connection-manager.ts:131:21

      at ConnectionManager.onConnectionError (modules/core/src/client/connection-manager.ts:144:21)

    console.log
      connection error: Error: disconnected from server
          at EventEmitter.<anonymous> (/data/Workspace/helios/starwards/modules/core/src/client/driver.ts:53:58)
          at /data/Workspace/helios/starwards/node_modules/colyseus.js/src/core/signal.ts:15:48
          at Array.forEach (<anonymous>)
          at EventEmitter.invoke (/data/Workspace/helios/starwards/node_modules/colyseus.js/src/core/signal.ts:15:19)
          at Function.register.invoke (/data/Workspace/helios/starwards/node_modules/colyseus.js/src/core/signal.ts:57:81)
          at WebSocket.connection.events.onclose (/data/Workspace/helios/starwards/node_modules/colyseus.js/src/Room.ts:89:30)
          at callListener (/data/Workspace/helios/starwards/node_modules/colyseus.js/node_modules/ws/lib/event-target.js:290:14)
          at WebSocket.onClose (/data/Workspace/helios/starwards/node_modules/colyseus.js/node_modules/ws/lib/event-target.js:220:9)
          at WebSocket.emit (node:events:524:28)
          at WebSocket.emitClose (/data/Workspace/helios/starwards/node_modules/colyseus.js/node_modules/ws/lib/websocket.js:272:10)
          at Socket.socketOnClose (/data/Workspace/helios/starwards/node_modules/colyseus.js/node_modules/ws/lib/websocket.js:1341:15)
          at Socket.emit (node:events:524:28)
          at TCP.<anonymous> (node:net:343:12)

      at ConnectionManager.onConnectionError (modules/core/src/client/connection-manager.ts:144:21)
          at Array.forEach (<anonymous>)

    console.log
      connection error: TypeError: Cannot read properties of undefined (reading 'decoder')
          at wireEvents (/data/Workspace/helios/starwards/node_modules/colyseus-events/src/wire-events.ts:30:40)
          at /data/Workspace/helios/starwards/modules/core/src/client/admin.ts:20:5
          at processTicksAndRejections (node:internal/process/task_queues:95:5)
          at /data/Workspace/helios/starwards/modules/core/src/client/connection-manager.ts:131:21

      at ConnectionManager.onConnectionError (modules/core/src/client/connection-manager.ts:144:21)

    console.log
      connection error: Error: disconnected from server
          at EventEmitter.<anonymous> (/data/Workspace/helios/starwards/modules/core/src/client/driver.ts:53:58)
          at /data/Workspace/helios/starwards/node_modules/colyseus.js/src/core/signal.ts:15:48
          at Array.forEach (<anonymous>)
          at EventEmitter.invoke (/data/Workspace/helios/starwards/node_modules/colyseus.js/src/core/signal.ts:15:19)
          at Function.register.invoke (/data/Workspace/helios/starwards/node_modules/colyseus.js/src/core/signal.ts:57:81)
          at WebSocket.connection.events.onclose (/data/Workspace/helios/starwards/node_modules/colyseus.js/src/Room.ts:89:30)
          at callListener (/data/Workspace/helios/starwards/node_modules/colyseus.js/node_modules/ws/lib/event-target.js:290:14)
          at WebSocket.onClose (/data/Workspace/helios/starwards/node_modules/colyseus.js/node_modules/ws/lib/event-target.js:220:9)
          at WebSocket.emit (node:events:524:28)
          at WebSocket.emitClose (/data/Workspace/helios/starwards/node_modules/colyseus.js/node_modules/ws/lib/websocket.js:272:10)
          at Socket.socketOnClose (/data/Workspace/helios/starwards/node_modules/colyseus.js/node_modules/ws/lib/websocket.js:1341:15)
          at Socket.emit (node:events:524:28)
          at TCP.<anonymous> (node:net:343:12)

      at ConnectionManager.onConnectionError (modules/core/src/client/connection-manager.ts:144:21)
          at Array.forEach (<anonymous>)

    console.log
      connection error: TypeError: Cannot read properties of undefined (reading 'decoder')
          at wireEvents (/data/Workspace/helios/starwards/node_modules/colyseus-events/src/wire-events.ts:30:40)
          at /data/Workspace/helios/starwards/modules/core/src/client/admin.ts:20:5
          at processTicksAndRejections (node:internal/process/task_queues:95:5)
          at /data/Workspace/helios/starwards/modules/core/src/client/connection-manager.ts:131:21

      at ConnectionManager.onConnectionError (modules/core/src/client/connection-manager.ts:144:21)

    console.log
      connection error: Error: disconnected from server
          at EventEmitter.<anonymous> (/data/Workspace/helios/starwards/modules/core/src/client/driver.ts:53:58)
          at /data/Workspace/helios/starwards/node_modules/colyseus.js/src/core/signal.ts:15:48
          at Array.forEach (<anonymous>)
          at EventEmitter.invoke (/data/Workspace/helios/starwards/node_modules/colyseus.js/src/core/signal.ts:15:19)
          at Function.register.invoke (/data/Workspace/helios/starwards/node_modules/colyseus.js/src/core/signal.ts:57:81)
          at WebSocket.connection.events.onclose (/data/Workspace/helios/starwards/node_modules/colyseus.js/src/Room.ts:89:30)
          at callListener (/data/Workspace/helios/starwards/node_modules/colyseus.js/node_modules/ws/lib/event-target.js:290:14)
          at WebSocket.onClose (/data/Workspace/helios/starwards/node_modules/colyseus.js/node_modules/ws/lib/event-target.js:220:9)
          at WebSocket.emit (node:events:524:28)
          at WebSocket.emitClose (/data/Workspace/helios/starwards/node_modules/colyseus.js/node_modules/ws/lib/websocket.js:272:10)
          at Socket.socketOnClose (/data/Workspace/helios/starwards/node_modules/colyseus.js/node_modules/ws/lib/websocket.js:1341:15)
          at Socket.emit (node:events:524:28)
          at TCP.<anonymous> (node:net:343:12)

      at ConnectionManager.onConnectionError (modules/core/src/client/connection-manager.ts:144:21)
          at Array.forEach (<anonymous>)

    console.log
      connection error: TypeError: Cannot read properties of undefined (reading 'decoder')
          at wireEvents (/data/Workspace/helios/starwards/node_modules/colyseus-events/src/wire-events.ts:30:40)
          at /data/Workspace/helios/starwards/modules/core/src/client/admin.ts:20:5
          at processTicksAndRejections (node:internal/process/task_queues:95:5)
          at /data/Workspace/helios/starwards/modules/core/src/client/connection-manager.ts:131:21

      at ConnectionManager.onConnectionError (modules/core/src/client/connection-manager.ts:144:21)

    console.log
      connection error: Error: disconnected from server
          at EventEmitter.<anonymous> (/data/Workspace/helios/starwards/modules/core/src/client/driver.ts:53:58)
          at /data/Workspace/helios/starwards/node_modules/colyseus.js/src/core/signal.ts:15:48
          at Array.forEach (<anonymous>)
          at EventEmitter.invoke (/data/Workspace/helios/starwards/node_modules/colyseus.js/src/core/signal.ts:15:19)
          at Function.register.invoke (/data/Workspace/helios/starwards/node_modules/colyseus.js/src/core/signal.ts:57:81)
          at WebSocket.connection.events.onclose (/data/Workspace/helios/starwards/node_modules/colyseus.js/src/Room.ts:89:30)
          at callListener (/data/Workspace/helios/starwards/node_modules/colyseus.js/node_modules/ws/lib/event-target.js:290:14)
          at WebSocket.onClose (/data/Workspace/helios/starwards/node_modules/colyseus.js/node_modules/ws/lib/event-target.js:220:9)
          at WebSocket.emit (node:events:524:28)
          at WebSocket.emitClose (/data/Workspace/helios/starwards/node_modules/colyseus.js/node_modules/ws/lib/websocket.js:272:10)
          at Socket.socketOnClose (/data/Workspace/helios/starwards/node_modules/colyseus.js/node_modules/ws/lib/websocket.js:1341:15)
          at Socket.emit (node:events:524:28)
          at TCP.<anonymous> (node:net:343:12)

      at ConnectionManager.onConnectionError (modules/core/src/client/connection-manager.ts:144:21)
          at Array.forEach (<anonymous>)

    console.log
      connection error: TypeError: Cannot read properties of undefined (reading 'decoder')
          at wireEvents (/data/Workspace/helios/starwards/node_modules/colyseus-events/src/wire-events.ts:30:40)
          at /data/Workspace/helios/starwards/modules/core/src/client/admin.ts:20:5
          at processTicksAndRejections (node:internal/process/task_queues:95:5)
          at /data/Workspace/helios/starwards/modules/core/src/client/connection-manager.ts:131:21

      at ConnectionManager.onConnectionError (modules/core/src/client/connection-manager.ts:144:21)

    console.log
      connection error: Error: disconnected from server
          at EventEmitter.<anonymous> (/data/Workspace/helios/starwards/modules/core/src/client/driver.ts:53:58)
          at /data/Workspace/helios/starwards/node_modules/colyseus.js/src/core/signal.ts:15:48
          at Array.forEach (<anonymous>)
          at EventEmitter.invoke (/data/Workspace/helios/starwards/node_modules/colyseus.js/src/core/signal.ts:15:19)
          at Function.register.invoke (/data/Workspace/helios/starwards/node_modules/colyseus.js/src/core/signal.ts:57:81)
          at WebSocket.connection.events.onclose (/data/Workspace/helios/starwards/node_modules/colyseus.js/src/Room.ts:89:30)
          at callListener (/data/Workspace/helios/starwards/node_modules/colyseus.js/node_modules/ws/lib/event-target.js:290:14)
          at WebSocket.onClose (/data/Workspace/helios/starwards/node_modules/colyseus.js/node_modules/ws/lib/event-target.js:220:9)
          at WebSocket.emit (node:events:524:28)
          at WebSocket.emitClose (/data/Workspace/helios/starwards/node_modules/colyseus.js/node_modules/ws/lib/websocket.js:272:10)
          at Socket.socketOnClose (/data/Workspace/helios/starwards/node_modules/colyseus.js/node_modules/ws/lib/websocket.js:1341:15)
          at Socket.emit (node:events:524:28)
          at TCP.<anonymous> (node:net:343:12)

      at ConnectionManager.onConnectionError (modules/core/src/client/connection-manager.ts:144:21)
          at Array.forEach (<anonymous>)

    console.log
      connection error: TypeError: Cannot read properties of undefined (reading 'decoder')
          at wireEvents (/data/Workspace/helios/starwards/node_modules/colyseus-events/src/wire-events.ts:30:40)
          at /data/Workspace/helios/starwards/modules/core/src/client/admin.ts:20:5
          at processTicksAndRejections (node:internal/process/task_queues:95:5)
          at /data/Workspace/helios/starwards/modules/core/src/client/connection-manager.ts:131:21

      at ConnectionManager.onConnectionError (modules/core/src/client/connection-manager.ts:144:21)

    console.log
      connection error: Error: disconnected from server
          at EventEmitter.<anonymous> (/data/Workspace/helios/starwards/modules/core/src/client/driver.ts:53:58)
          at /data/Workspace/helios/starwards/node_modules/colyseus.js/src/core/signal.ts:15:48
          at Array.forEach (<anonymous>)
          at EventEmitter.invoke (/data/Workspace/helios/starwards/node_modules/colyseus.js/src/core/signal.ts:15:19)
          at Function.register.invoke (/data/Workspace/helios/starwards/node_modules/colyseus.js/src/core/signal.ts:57:81)
          at WebSocket.connection.events.onclose (/data/Workspace/helios/starwards/node_modules/colyseus.js/src/Room.ts:89:30)
          at callListener (/data/Workspace/helios/starwards/node_modules/colyseus.js/node_modules/ws/lib/event-target.js:290:14)
          at WebSocket.onClose (/data/Workspace/helios/starwards/node_modules/colyseus.js/node_modules/ws/lib/event-target.js:220:9)
          at WebSocket.emit (node:events:524:28)
          at WebSocket.emitClose (/data/Workspace/helios/starwards/node_modules/colyseus.js/node_modules/ws/lib/websocket.js:272:10)
          at Socket.socketOnClose (/data/Workspace/helios/starwards/node_modules/colyseus.js/node_modules/ws/lib/websocket.js:1341:15)
          at Socket.emit (node:events:524:28)
          at TCP.<anonymous> (node:net:343:12)

      at ConnectionManager.onConnectionError (modules/core/src/client/connection-manager.ts:144:21)
          at Array.forEach (<anonymous>)

    console.log
      connection error: TypeError: Cannot read properties of undefined (reading 'decoder')
          at wireEvents (/data/Workspace/helios/starwards/node_modules/colyseus-events/src/wire-events.ts:30:40)
          at /data/Workspace/helios/starwards/modules/core/src/client/admin.ts:20:5
          at processTicksAndRejections (node:internal/process/task_queues:95:5)
          at /data/Workspace/helios/starwards/modules/core/src/client/connection-manager.ts:131:21

      at ConnectionManager.onConnectionError (modules/core/src/client/connection-manager.ts:144:21)

    console.log
      connection error: Error: disconnected from server
          at EventEmitter.<anonymous> (/data/Workspace/helios/starwards/modules/core/src/client/driver.ts:53:58)
          at /data/Workspace/helios/starwards/node_modules/colyseus.js/src/core/signal.ts:15:48
          at Array.forEach (<anonymous>)
          at EventEmitter.invoke (/data/Workspace/helios/starwards/node_modules/colyseus.js/src/core/signal.ts:15:19)
          at Function.register.invoke (/data/Workspace/helios/starwards/node_modules/colyseus.js/src/core/signal.ts:57:81)
          at WebSocket.connection.events.onclose (/data/Workspace/helios/starwards/node_modules/colyseus.js/src/Room.ts:89:30)
          at callListener (/data/Workspace/helios/starwards/node_modules/colyseus.js/node_modules/ws/lib/event-target.js:290:14)
          at WebSocket.onClose (/data/Workspace/helios/starwards/node_modules/colyseus.js/node_modules/ws/lib/event-target.js:220:9)
          at WebSocket.emit (node:events:524:28)
          at WebSocket.emitClose (/data/Workspace/helios/starwards/node_modules/colyseus.js/node_modules/ws/lib/websocket.js:272:10)
          at Socket.socketOnClose (/data/Workspace/helios/starwards/node_modules/colyseus.js/node_modules/ws/lib/websocket.js:1341:15)
          at Socket.emit (node:events:524:28)
          at TCP.<anonymous> (node:net:343:12)

      at ConnectionManager.onConnectionError (modules/core/src/client/connection-manager.ts:144:21)
          at Array.forEach (<anonymous>)

    console.log
      connection error: TypeError: Cannot read properties of undefined (reading 'decoder')
          at wireEvents (/data/Workspace/helios/starwards/node_modules/colyseus-events/src/wire-events.ts:30:40)
          at /data/Workspace/helios/starwards/modules/core/src/client/admin.ts:20:5
          at processTicksAndRejections (node:internal/process/task_queues:95:5)
          at /data/Workspace/helios/starwards/modules/core/src/client/connection-manager.ts:131:21

      at ConnectionManager.onConnectionError (modules/core/src/client/connection-manager.ts:144:21)

    console.log
      connection error: Error: disconnected from server
          at EventEmitter.<anonymous> (/data/Workspace/helios/starwards/modules/core/src/client/driver.ts:53:58)
          at /data/Workspace/helios/starwards/node_modules/colyseus.js/src/core/signal.ts:15:48
          at Array.forEach (<anonymous>)
          at EventEmitter.invoke (/data/Workspace/helios/starwards/node_modules/colyseus.js/src/core/signal.ts:15:19)
          at Function.register.invoke (/data/Workspace/helios/starwards/node_modules/colyseus.js/src/core/signal.ts:57:81)
          at WebSocket.connection.events.onclose (/data/Workspace/helios/starwards/node_modules/colyseus.js/src/Room.ts:89:30)
          at callListener (/data/Workspace/helios/starwards/node_modules/colyseus.js/node_modules/ws/lib/event-target.js:290:14)
          at WebSocket.onClose (/data/Workspace/helios/starwards/node_modules/colyseus.js/node_modules/ws/lib/event-target.js:220:9)
          at WebSocket.emit (node:events:524:28)
          at WebSocket.emitClose (/data/Workspace/helios/starwards/node_modules/colyseus.js/node_modules/ws/lib/websocket.js:272:10)
          at Socket.socketOnClose (/data/Workspace/helios/starwards/node_modules/colyseus.js/node_modules/ws/lib/websocket.js:1341:15)
          at Socket.emit (node:events:524:28)
          at TCP.<anonymous> (node:net:343:12)

      at ConnectionManager.onConnectionError (modules/core/src/client/connection-manager.ts:144:21)
          at Array.forEach (<anonymous>)

    console.log
      connection error: TypeError: Cannot read properties of undefined (reading 'decoder')
          at wireEvents (/data/Workspace/helios/starwards/node_modules/colyseus-events/src/wire-events.ts:30:40)
          at /data/Workspace/helios/starwards/modules/core/src/client/admin.ts:20:5
          at processTicksAndRejections (node:internal/process/task_queues:95:5)
          at /data/Workspace/helios/starwards/modules/core/src/client/connection-manager.ts:131:21

      at ConnectionManager.onConnectionError (modules/core/src/client/connection-manager.ts:144:21)

    console.log
      connection error: Error: disconnected from server
          at EventEmitter.<anonymous> (/data/Workspace/helios/starwards/modules/core/src/client/driver.ts:53:58)
          at /data/Workspace/helios/starwards/node_modules/colyseus.js/src/core/signal.ts:15:48
          at Array.forEach (<anonymous>)
          at EventEmitter.invoke (/data/Workspace/helios/starwards/node_modules/colyseus.js/src/core/signal.ts:15:19)
          at Function.register.invoke (/data/Workspace/helios/starwards/node_modules/colyseus.js/src/core/signal.ts:57:81)
          at WebSocket.connection.events.onclose (/data/Workspace/helios/starwards/node_modules/colyseus.js/src/Room.ts:89:30)
          at callListener (/data/Workspace/helios/starwards/node_modules/colyseus.js/node_modules/ws/lib/event-target.js:290:14)
          at WebSocket.onClose (/data/Workspace/helios/starwards/node_modules/colyseus.js/node_modules/ws/lib/event-target.js:220:9)
          at WebSocket.emit (node:events:524:28)
          at WebSocket.emitClose (/data/Workspace/helios/starwards/node_modules/colyseus.js/node_modules/ws/lib/websocket.js:272:10)
          at Socket.socketOnClose (/data/Workspace/helios/starwards/node_modules/colyseus.js/node_modules/ws/lib/websocket.js:1341:15)
          at Socket.emit (node:events:524:28)
          at TCP.<anonymous> (node:net:343:12)

      at ConnectionManager.onConnectionError (modules/core/src/client/connection-manager.ts:144:21)
          at Array.forEach (<anonymous>)

    console.log
      connection error: TypeError: Cannot read properties of undefined (reading 'decoder')
          at wireEvents (/data/Workspace/helios/starwards/node_modules/colyseus-events/src/wire-events.ts:30:40)
          at /data/Workspace/helios/starwards/modules/core/src/client/admin.ts:20:5
          at processTicksAndRejections (node:internal/process/task_queues:95:5)
          at /data/Workspace/helios/starwards/modules/core/src/client/connection-manager.ts:131:21

      at ConnectionManager.onConnectionError (modules/core/src/client/connection-manager.ts:144:21)

    console.log
      connection error: Error: disconnected from server
          at EventEmitter.<anonymous> (/data/Workspace/helios/starwards/modules/core/src/client/driver.ts:53:58)
          at /data/Workspace/helios/starwards/node_modules/colyseus.js/src/core/signal.ts:15:48
          at Array.forEach (<anonymous>)
          at EventEmitter.invoke (/data/Workspace/helios/starwards/node_modules/colyseus.js/src/core/signal.ts:15:19)
          at Function.register.invoke (/data/Workspace/helios/starwards/node_modules/colyseus.js/src/core/signal.ts:57:81)
          at WebSocket.connection.events.onclose (/data/Workspace/helios/starwards/node_modules/colyseus.js/src/Room.ts:89:30)
          at callListener (/data/Workspace/helios/starwards/node_modules/colyseus.js/node_modules/ws/lib/event-target.js:290:14)
          at WebSocket.onClose (/data/Workspace/helios/starwards/node_modules/colyseus.js/node_modules/ws/lib/event-target.js:220:9)
          at WebSocket.emit (node:events:524:28)
          at WebSocket.emitClose (/data/Workspace/helios/starwards/node_modules/colyseus.js/node_modules/ws/lib/websocket.js:272:10)
          at Socket.socketOnClose (/data/Workspace/helios/starwards/node_modules/colyseus.js/node_modules/ws/lib/websocket.js:1341:15)
          at Socket.emit (node:events:524:28)
          at TCP.<anonymous> (node:net:343:12)

      at ConnectionManager.onConnectionError (modules/core/src/client/connection-manager.ts:144:21)
          at Array.forEach (<anonymous>)

    console.log
      connection error: TypeError: Cannot read properties of undefined (reading 'decoder')
          at wireEvents (/data/Workspace/helios/starwards/node_modules/colyseus-events/src/wire-events.ts:30:40)
          at /data/Workspace/helios/starwards/modules/core/src/client/admin.ts:20:5
          at processTicksAndRejections (node:internal/process/task_queues:95:5)
          at /data/Workspace/helios/starwards/modules/core/src/client/connection-manager.ts:131:21

      at ConnectionManager.onConnectionError (modules/core/src/client/connection-manager.ts:144:21)

    console.log
      connection error: Error: disconnected from server
          at EventEmitter.<anonymous> (/data/Workspace/helios/starwards/modules/core/src/client/driver.ts:53:58)
          at /data/Workspace/helios/starwards/node_modules/colyseus.js/src/core/signal.ts:15:48
          at Array.forEach (<anonymous>)
          at EventEmitter.invoke (/data/Workspace/helios/starwards/node_modules/colyseus.js/src/core/signal.ts:15:19)
          at Function.register.invoke (/data/Workspace/helios/starwards/node_modules/colyseus.js/src/core/signal.ts:57:81)
          at WebSocket.connection.events.onclose (/data/Workspace/helios/starwards/node_modules/colyseus.js/src/Room.ts:89:30)
          at callListener (/data/Workspace/helios/starwards/node_modules/colyseus.js/node_modules/ws/lib/event-target.js:290:14)
          at WebSocket.onClose (/data/Workspace/helios/starwards/node_modules/colyseus.js/node_modules/ws/lib/event-target.js:220:9)
          at WebSocket.emit (node:events:524:28)
          at WebSocket.emitClose (/data/Workspace/helios/starwards/node_modules/colyseus.js/node_modules/ws/lib/websocket.js:272:10)
          at Socket.socketOnClose (/data/Workspace/helios/starwards/node_modules/colyseus.js/node_modules/ws/lib/websocket.js:1341:15)
          at Socket.emit (node:events:524:28)
          at TCP.<anonymous> (node:net:343:12)

      at ConnectionManager.onConnectionError (modules/core/src/client/connection-manager.ts:144:21)
          at Array.forEach (<anonymous>)

    console.log
      connection error: TypeError: Cannot read properties of undefined (reading 'decoder')
          at wireEvents (/data/Workspace/helios/starwards/node_modules/colyseus-events/src/wire-events.ts:30:40)
          at /data/Workspace/helios/starwards/modules/core/src/client/admin.ts:20:5
          at processTicksAndRejections (node:internal/process/task_queues:95:5)
          at /data/Workspace/helios/starwards/modules/core/src/client/connection-manager.ts:131:21

      at ConnectionManager.onConnectionError (modules/core/src/client/connection-manager.ts:144:21)

    console.log
      connection error: Error: disconnected from server
          at EventEmitter.<anonymous> (/data/Workspace/helios/starwards/modules/core/src/client/driver.ts:53:58)
          at /data/Workspace/helios/starwards/node_modules/colyseus.js/src/core/signal.ts:15:48
          at Array.forEach (<anonymous>)
          at EventEmitter.invoke (/data/Workspace/helios/starwards/node_modules/colyseus.js/src/core/signal.ts:15:19)
          at Function.register.invoke (/data/Workspace/helios/starwards/node_modules/colyseus.js/src/core/signal.ts:57:81)
          at WebSocket.connection.events.onclose (/data/Workspace/helios/starwards/node_modules/colyseus.js/src/Room.ts:89:30)
          at callListener (/data/Workspace/helios/starwards/node_modules/colyseus.js/node_modules/ws/lib/event-target.js:290:14)
          at WebSocket.onClose (/data/Workspace/helios/starwards/node_modules/colyseus.js/node_modules/ws/lib/event-target.js:220:9)
          at WebSocket.emit (node:events:524:28)
          at WebSocket.emitClose (/data/Workspace/helios/starwards/node_modules/colyseus.js/node_modules/ws/lib/websocket.js:272:10)
          at Socket.socketOnClose (/data/Workspace/helios/starwards/node_modules/colyseus.js/node_modules/ws/lib/websocket.js:1341:15)
          at Socket.emit (node:events:524:28)
          at TCP.<anonymous> (node:net:343:12)

      at ConnectionManager.onConnectionError (modules/core/src/client/connection-manager.ts:144:21)
          at Array.forEach (<anonymous>)

    console.log
      connection error: TypeError: Cannot read properties of undefined (reading 'decoder')
          at wireEvents (/data/Workspace/helios/starwards/node_modules/colyseus-events/src/wire-events.ts:30:40)
          at /data/Workspace/helios/starwards/modules/core/src/client/admin.ts:20:5
          at processTicksAndRejections (node:internal/process/task_queues:95:5)
          at /data/Workspace/helios/starwards/modules/core/src/client/connection-manager.ts:131:21

      at ConnectionManager.onConnectionError (modules/core/src/client/connection-manager.ts:144:21)

    console.log
      connection error: Error: disconnected from server
          at EventEmitter.<anonymous> (/data/Workspace/helios/starwards/modules/core/src/client/driver.ts:53:58)
          at /data/Workspace/helios/starwards/node_modules/colyseus.js/src/core/signal.ts:15:48
          at Array.forEach (<anonymous>)
          at EventEmitter.invoke (/data/Workspace/helios/starwards/node_modules/colyseus.js/src/core/signal.ts:15:19)
          at Function.register.invoke (/data/Workspace/helios/starwards/node_modules/colyseus.js/src/core/signal.ts:57:81)
          at WebSocket.connection.events.onclose (/data/Workspace/helios/starwards/node_modules/colyseus.js/src/Room.ts:89:30)
          at callListener (/data/Workspace/helios/starwards/node_modules/colyseus.js/node_modules/ws/lib/event-target.js:290:14)
          at WebSocket.onClose (/data/Workspace/helios/starwards/node_modules/colyseus.js/node_modules/ws/lib/event-target.js:220:9)
          at WebSocket.emit (node:events:524:28)
          at WebSocket.emitClose (/data/Workspace/helios/starwards/node_modules/colyseus.js/node_modules/ws/lib/websocket.js:272:10)
          at Socket.socketOnClose (/data/Workspace/helios/starwards/node_modules/colyseus.js/node_modules/ws/lib/websocket.js:1341:15)
          at Socket.emit (node:events:524:28)
          at TCP.<anonymous> (node:net:343:12)

      at ConnectionManager.onConnectionError (modules/core/src/client/connection-manager.ts:144:21)
          at Array.forEach (<anonymous>)

    console.log
      connection error: TypeError: Cannot read properties of undefined (reading 'decoder')
          at wireEvents (/data/Workspace/helios/starwards/node_modules/colyseus-events/src/wire-events.ts:30:40)
          at /data/Workspace/helios/starwards/modules/core/src/client/admin.ts:20:5
          at processTicksAndRejections (node:internal/process/task_queues:95:5)
          at /data/Workspace/helios/starwards/modules/core/src/client/connection-manager.ts:131:21

      at ConnectionManager.onConnectionError (modules/core/src/client/connection-manager.ts:144:21)

    console.log
      connection error: Error: disconnected from server
          at EventEmitter.<anonymous> (/data/Workspace/helios/starwards/modules/core/src/client/driver.ts:53:58)
          at /data/Workspace/helios/starwards/node_modules/colyseus.js/src/core/signal.ts:15:48
          at Array.forEach (<anonymous>)
          at EventEmitter.invoke (/data/Workspace/helios/starwards/node_modules/colyseus.js/src/core/signal.ts:15:19)
          at Function.register.invoke (/data/Workspace/helios/starwards/node_modules/colyseus.js/src/core/signal.ts:57:81)
          at WebSocket.connection.events.onclose (/data/Workspace/helios/starwards/node_modules/colyseus.js/src/Room.ts:89:30)
          at callListener (/data/Workspace/helios/starwards/node_modules/colyseus.js/node_modules/ws/lib/event-target.js:290:14)
          at WebSocket.onClose (/data/Workspace/helios/starwards/node_modules/colyseus.js/node_modules/ws/lib/event-target.js:220:9)
          at WebSocket.emit (node:events:524:28)
          at WebSocket.emitClose (/data/Workspace/helios/starwards/node_modules/colyseus.js/node_modules/ws/lib/websocket.js:272:10)
          at Socket.socketOnClose (/data/Workspace/helios/starwards/node_modules/colyseus.js/node_modules/ws/lib/websocket.js:1341:15)
          at Socket.emit (node:events:524:28)
          at TCP.<anonymous> (node:net:343:12)

      at ConnectionManager.onConnectionError (modules/core/src/client/connection-manager.ts:144:21)
          at Array.forEach (<anonymous>)

    console.log
      connection error: TypeError: Cannot read properties of undefined (reading 'decoder')
          at wireEvents (/data/Workspace/helios/starwards/node_modules/colyseus-events/src/wire-events.ts:30:40)
          at /data/Workspace/helios/starwards/modules/core/src/client/admin.ts:20:5
          at processTicksAndRejections (node:internal/process/task_queues:95:5)
          at /data/Workspace/helios/starwards/modules/core/src/client/connection-manager.ts:131:21

      at ConnectionManager.onConnectionError (modules/core/src/client/connection-manager.ts:144:21)

    console.log
      connection error: Error: disconnected from server
          at EventEmitter.<anonymous> (/data/Workspace/helios/starwards/modules/core/src/client/driver.ts:53:58)
          at /data/Workspace/helios/starwards/node_modules/colyseus.js/src/core/signal.ts:15:48
          at Array.forEach (<anonymous>)
          at EventEmitter.invoke (/data/Workspace/helios/starwards/node_modules/colyseus.js/src/core/signal.ts:15:19)
          at Function.register.invoke (/data/Workspace/helios/starwards/node_modules/colyseus.js/src/core/signal.ts:57:81)
          at WebSocket.connection.events.onclose (/data/Workspace/helios/starwards/node_modules/colyseus.js/src/Room.ts:89:30)
          at callListener (/data/Workspace/helios/starwards/node_modules/colyseus.js/node_modules/ws/lib/event-target.js:290:14)
          at WebSocket.onClose (/data/Workspace/helios/starwards/node_modules/colyseus.js/node_modules/ws/lib/event-target.js:220:9)
          at WebSocket.emit (node:events:524:28)
          at WebSocket.emitClose (/data/Workspace/helios/starwards/node_modules/colyseus.js/node_modules/ws/lib/websocket.js:272:10)
          at Socket.socketOnClose (/data/Workspace/helios/starwards/node_modules/colyseus.js/node_modules/ws/lib/websocket.js:1341:15)
          at Socket.emit (node:events:524:28)
          at TCP.<anonymous> (node:net:343:12)

      at ConnectionManager.onConnectionError (modules/core/src/client/connection-manager.ts:144:21)
          at Array.forEach (<anonymous>)

    console.log
      connection error: TypeError: Cannot read properties of undefined (reading 'decoder')
          at wireEvents (/data/Workspace/helios/starwards/node_modules/colyseus-events/src/wire-events.ts:30:40)
          at /data/Workspace/helios/starwards/modules/core/src/client/admin.ts:20:5
          at processTicksAndRejections (node:internal/process/task_queues:95:5)
          at /data/Workspace/helios/starwards/modules/core/src/client/connection-manager.ts:131:21

      at ConnectionManager.onConnectionError (modules/core/src/client/connection-manager.ts:144:21)

    console.log
      connection error: Error: disconnected from server
          at EventEmitter.<anonymous> (/data/Workspace/helios/starwards/modules/core/src/client/driver.ts:53:58)
          at /data/Workspace/helios/starwards/node_modules/colyseus.js/src/core/signal.ts:15:48
          at Array.forEach (<anonymous>)
          at EventEmitter.invoke (/data/Workspace/helios/starwards/node_modules/colyseus.js/src/core/signal.ts:15:19)
          at Function.register.invoke (/data/Workspace/helios/starwards/node_modules/colyseus.js/src/core/signal.ts:57:81)
          at WebSocket.connection.events.onclose (/data/Workspace/helios/starwards/node_modules/colyseus.js/src/Room.ts:89:30)
          at callListener (/data/Workspace/helios/starwards/node_modules/colyseus.js/node_modules/ws/lib/event-target.js:290:14)
          at WebSocket.onClose (/data/Workspace/helios/starwards/node_modules/colyseus.js/node_modules/ws/lib/event-target.js:220:9)
          at WebSocket.emit (node:events:524:28)
          at WebSocket.emitClose (/data/Workspace/helios/starwards/node_modules/colyseus.js/node_modules/ws/lib/websocket.js:272:10)
          at Socket.socketOnClose (/data/Workspace/helios/starwards/node_modules/colyseus.js/node_modules/ws/lib/websocket.js:1341:15)
          at Socket.emit (node:events:524:28)
          at TCP.<anonymous> (node:net:343:12)

      at ConnectionManager.onConnectionError (modules/core/src/client/connection-manager.ts:144:21)
          at Array.forEach (<anonymous>)

    console.log
      connection error: TypeError: Cannot read properties of undefined (reading 'decoder')
          at wireEvents (/data/Workspace/helios/starwards/node_modules/colyseus-events/src/wire-events.ts:30:40)
          at /data/Workspace/helios/starwards/modules/core/src/client/admin.ts:20:5
          at processTicksAndRejections (node:internal/process/task_queues:95:5)
          at /data/Workspace/helios/starwards/modules/core/src/client/connection-manager.ts:131:21

      at ConnectionManager.onConnectionError (modules/core/src/client/connection-manager.ts:144:21)

    console.log
      connection error: Error: disconnected from server
          at EventEmitter.<anonymous> (/data/Workspace/helios/starwards/modules/core/src/client/driver.ts:53:58)
          at /data/Workspace/helios/starwards/node_modules/colyseus.js/src/core/signal.ts:15:48
          at Array.forEach (<anonymous>)
          at EventEmitter.invoke (/data/Workspace/helios/starwards/node_modules/colyseus.js/src/core/signal.ts:15:19)
          at Function.register.invoke (/data/Workspace/helios/starwards/node_modules/colyseus.js/src/core/signal.ts:57:81)
          at WebSocket.connection.events.onclose (/data/Workspace/helios/starwards/node_modules/colyseus.js/src/Room.ts:89:30)
          at callListener (/data/Workspace/helios/starwards/node_modules/colyseus.js/node_modules/ws/lib/event-target.js:290:14)
          at WebSocket.onClose (/data/Workspace/helios/starwards/node_modules/colyseus.js/node_modules/ws/lib/event-target.js:220:9)
          at WebSocket.emit (node:events:524:28)
          at WebSocket.emitClose (/data/Workspace/helios/starwards/node_modules/colyseus.js/node_modules/ws/lib/websocket.js:272:10)
          at Socket.socketOnClose (/data/Workspace/helios/starwards/node_modules/colyseus.js/node_modules/ws/lib/websocket.js:1341:15)
          at Socket.emit (node:events:524:28)
          at TCP.<anonymous> (node:net:343:12)

      at ConnectionManager.onConnectionError (modules/core/src/client/connection-manager.ts:144:21)
          at Array.forEach (<anonymous>)

    console.log
      connection error: TypeError: Cannot read properties of undefined (reading 'decoder')
          at wireEvents (/data/Workspace/helios/starwards/node_modules/colyseus-events/src/wire-events.ts:30:40)
          at /data/Workspace/helios/starwards/modules/core/src/client/admin.ts:20:5
          at processTicksAndRejections (node:internal/process/task_queues:95:5)
          at /data/Workspace/helios/starwards/modules/core/src/client/connection-manager.ts:131:21

      at ConnectionManager.onConnectionError (modules/core/src/client/connection-manager.ts:144:21)

    console.log
      connection error: Error: disconnected from server
          at EventEmitter.<anonymous> (/data/Workspace/helios/starwards/modules/core/src/client/driver.ts:53:58)
          at /data/Workspace/helios/starwards/node_modules/colyseus.js/src/core/signal.ts:15:48
          at Array.forEach (<anonymous>)
          at EventEmitter.invoke (/data/Workspace/helios/starwards/node_modules/colyseus.js/src/core/signal.ts:15:19)
          at Function.register.invoke (/data/Workspace/helios/starwards/node_modules/colyseus.js/src/core/signal.ts:57:81)
          at WebSocket.connection.events.onclose (/data/Workspace/helios/starwards/node_modules/colyseus.js/src/Room.ts:89:30)
          at callListener (/data/Workspace/helios/starwards/node_modules/colyseus.js/node_modules/ws/lib/event-target.js:290:14)
          at WebSocket.onClose (/data/Workspace/helios/starwards/node_modules/colyseus.js/node_modules/ws/lib/event-target.js:220:9)
          at WebSocket.emit (node:events:524:28)
          at WebSocket.emitClose (/data/Workspace/helios/starwards/node_modules/colyseus.js/node_modules/ws/lib/websocket.js:272:10)
          at Socket.socketOnClose (/data/Workspace/helios/starwards/node_modules/colyseus.js/node_modules/ws/lib/websocket.js:1341:15)
          at Socket.emit (node:events:524:28)
          at TCP.<anonymous> (node:net:343:12)

      at ConnectionManager.onConnectionError (modules/core/src/client/connection-manager.ts:144:21)
          at Array.forEach (<anonymous>)

    console.log
      connection error: TypeError: Cannot read properties of undefined (reading 'decoder')
          at wireEvents (/data/Workspace/helios/starwards/node_modules/colyseus-events/src/wire-events.ts:30:40)
          at /data/Workspace/helios/starwards/modules/core/src/client/admin.ts:20:5
          at processTicksAndRejections (node:internal/process/task_queues:95:5)
          at /data/Workspace/helios/starwards/modules/core/src/client/connection-manager.ts:131:21

      at ConnectionManager.onConnectionError (modules/core/src/client/connection-manager.ts:144:21)

    console.log
      connection error: Error: disconnected from server
          at EventEmitter.<anonymous> (/data/Workspace/helios/starwards/modules/core/src/client/driver.ts:53:58)
          at /data/Workspace/helios/starwards/node_modules/colyseus.js/src/core/signal.ts:15:48
          at Array.forEach (<anonymous>)
          at EventEmitter.invoke (/data/Workspace/helios/starwards/node_modules/colyseus.js/src/core/signal.ts:15:19)
          at Function.register.invoke (/data/Workspace/helios/starwards/node_modules/colyseus.js/src/core/signal.ts:57:81)
          at WebSocket.connection.events.onclose (/data/Workspace/helios/starwards/node_modules/colyseus.js/src/Room.ts:89:30)
          at callListener (/data/Workspace/helios/starwards/node_modules/colyseus.js/node_modules/ws/lib/event-target.js:290:14)
          at WebSocket.onClose (/data/Workspace/helios/starwards/node_modules/colyseus.js/node_modules/ws/lib/event-target.js:220:9)
          at WebSocket.emit (node:events:524:28)
          at WebSocket.emitClose (/data/Workspace/helios/starwards/node_modules/colyseus.js/node_modules/ws/lib/websocket.js:272:10)
          at Socket.socketOnClose (/data/Workspace/helios/starwards/node_modules/colyseus.js/node_modules/ws/lib/websocket.js:1341:15)
          at Socket.emit (node:events:524:28)
          at TCP.<anonymous> (node:net:343:12)

      at ConnectionManager.onConnectionError (modules/core/src/client/connection-manager.ts:144:21)
          at Array.forEach (<anonymous>)

    console.log
      connection error: TypeError: Cannot read properties of undefined (reading 'decoder')
          at wireEvents (/data/Workspace/helios/starwards/node_modules/colyseus-events/src/wire-events.ts:30:40)
          at /data/Workspace/helios/starwards/modules/core/src/client/admin.ts:20:5
          at processTicksAndRejections (node:internal/process/task_queues:95:5)
          at /data/Workspace/helios/starwards/modules/core/src/client/connection-manager.ts:131:21

      at ConnectionManager.onConnectionError (modules/core/src/client/connection-manager.ts:144:21)

    console.log
      connection error: Error: disconnected from server
          at EventEmitter.<anonymous> (/data/Workspace/helios/starwards/modules/core/src/client/driver.ts:53:58)
          at /data/Workspace/helios/starwards/node_modules/colyseus.js/src/core/signal.ts:15:48
          at Array.forEach (<anonymous>)
          at EventEmitter.invoke (/data/Workspace/helios/starwards/node_modules/colyseus.js/src/core/signal.ts:15:19)
          at Function.register.invoke (/data/Workspace/helios/starwards/node_modules/colyseus.js/src/core/signal.ts:57:81)
          at WebSocket.connection.events.onclose (/data/Workspace/helios/starwards/node_modules/colyseus.js/src/Room.ts:89:30)
          at callListener (/data/Workspace/helios/starwards/node_modules/colyseus.js/node_modules/ws/lib/event-target.js:290:14)
          at WebSocket.onClose (/data/Workspace/helios/starwards/node_modules/colyseus.js/node_modules/ws/lib/event-target.js:220:9)
          at WebSocket.emit (node:events:524:28)
          at WebSocket.emitClose (/data/Workspace/helios/starwards/node_modules/colyseus.js/node_modules/ws/lib/websocket.js:272:10)
          at Socket.socketOnClose (/data/Workspace/helios/starwards/node_modules/colyseus.js/node_modules/ws/lib/websocket.js:1341:15)
          at Socket.emit (node:events:524:28)
          at TCP.<anonymous> (node:net:343:12)

      at ConnectionManager.onConnectionError (modules/core/src/client/connection-manager.ts:144:21)
          at Array.forEach (<anonymous>)

    console.log
      connection error: TypeError: Cannot read properties of undefined (reading 'decoder')
          at wireEvents (/data/Workspace/helios/starwards/node_modules/colyseus-events/src/wire-events.ts:30:40)
          at /data/Workspace/helios/starwards/modules/core/src/client/admin.ts:20:5
          at processTicksAndRejections (node:internal/process/task_queues:95:5)
          at /data/Workspace/helios/starwards/modules/core/src/client/connection-manager.ts:131:21

      at ConnectionManager.onConnectionError (modules/core/src/client/connection-manager.ts:144:21)

    console.log
      connection error: Error: disconnected from server
          at EventEmitter.<anonymous> (/data/Workspace/helios/starwards/modules/core/src/client/driver.ts:53:58)
          at /data/Workspace/helios/starwards/node_modules/colyseus.js/src/core/signal.ts:15:48
          at Array.forEach (<anonymous>)
          at EventEmitter.invoke (/data/Workspace/helios/starwards/node_modules/colyseus.js/src/core/signal.ts:15:19)
          at Function.register.invoke (/data/Workspace/helios/starwards/node_modules/colyseus.js/src/core/signal.ts:57:81)
          at WebSocket.connection.events.onclose (/data/Workspace/helios/starwards/node_modules/colyseus.js/src/Room.ts:89:30)
          at callListener (/data/Workspace/helios/starwards/node_modules/colyseus.js/node_modules/ws/lib/event-target.js:290:14)
          at WebSocket.onClose (/data/Workspace/helios/starwards/node_modules/colyseus.js/node_modules/ws/lib/event-target.js:220:9)
          at WebSocket.emit (node:events:524:28)
          at WebSocket.emitClose (/data/Workspace/helios/starwards/node_modules/colyseus.js/node_modules/ws/lib/websocket.js:272:10)
          at Socket.socketOnClose (/data/Workspace/helios/starwards/node_modules/colyseus.js/node_modules/ws/lib/websocket.js:1341:15)
          at Socket.emit (node:events:524:28)
          at TCP.<anonymous> (node:net:343:12)

      at ConnectionManager.onConnectionError (modules/core/src/client/connection-manager.ts:144:21)
          at Array.forEach (<anonymous>)

    console.log
      connection error: TypeError: Cannot read properties of undefined (reading 'decoder')
          at wireEvents (/data/Workspace/helios/starwards/node_modules/colyseus-events/src/wire-events.ts:30:40)
          at /data/Workspace/helios/starwards/modules/core/src/client/admin.ts:20:5
          at processTicksAndRejections (node:internal/process/task_queues:95:5)
          at /data/Workspace/helios/starwards/modules/core/src/client/connection-manager.ts:131:21

      at ConnectionManager.onConnectionError (modules/core/src/client/connection-manager.ts:144:21)

    console.log
      connection error: Error: disconnected from server
          at EventEmitter.<anonymous> (/data/Workspace/helios/starwards/modules/core/src/client/driver.ts:53:58)
          at /data/Workspace/helios/starwards/node_modules/colyseus.js/src/core/signal.ts:15:48
          at Array.forEach (<anonymous>)
          at EventEmitter.invoke (/data/Workspace/helios/starwards/node_modules/colyseus.js/src/core/signal.ts:15:19)
          at Function.register.invoke (/data/Workspace/helios/starwards/node_modules/colyseus.js/src/core/signal.ts:57:81)
          at WebSocket.connection.events.onclose (/data/Workspace/helios/starwards/node_modules/colyseus.js/src/Room.ts:89:30)
          at callListener (/data/Workspace/helios/starwards/node_modules/colyseus.js/node_modules/ws/lib/event-target.js:290:14)
          at WebSocket.onClose (/data/Workspace/helios/starwards/node_modules/colyseus.js/node_modules/ws/lib/event-target.js:220:9)
          at WebSocket.emit (node:events:524:28)
          at WebSocket.emitClose (/data/Workspace/helios/starwards/node_modules/colyseus.js/node_modules/ws/lib/websocket.js:272:10)
          at Socket.socketOnClose (/data/Workspace/helios/starwards/node_modules/colyseus.js/node_modules/ws/lib/websocket.js:1341:15)
          at Socket.emit (node:events:524:28)
          at TCP.<anonymous> (node:net:343:12)

      at ConnectionManager.onConnectionError (modules/core/src/client/connection-manager.ts:144:21)
          at Array.forEach (<anonymous>)

    console.log
      connection error: TypeError: Cannot read properties of undefined (reading 'decoder')
          at wireEvents (/data/Workspace/helios/starwards/node_modules/colyseus-events/src/wire-events.ts:30:40)
          at /data/Workspace/helios/starwards/modules/core/src/client/admin.ts:20:5
          at processTicksAndRejections (node:internal/process/task_queues:95:5)
          at /data/Workspace/helios/starwards/modules/core/src/client/connection-manager.ts:131:21

      at ConnectionManager.onConnectionError (modules/core/src/client/connection-manager.ts:144:21)

    console.log
      connection error: Error: disconnected from server
          at EventEmitter.<anonymous> (/data/Workspace/helios/starwards/modules/core/src/client/driver.ts:53:58)
          at /data/Workspace/helios/starwards/node_modules/colyseus.js/src/core/signal.ts:15:48
          at Array.forEach (<anonymous>)
          at EventEmitter.invoke (/data/Workspace/helios/starwards/node_modules/colyseus.js/src/core/signal.ts:15:19)
          at Function.register.invoke (/data/Workspace/helios/starwards/node_modules/colyseus.js/src/core/signal.ts:57:81)
          at WebSocket.connection.events.onclose (/data/Workspace/helios/starwards/node_modules/colyseus.js/src/Room.ts:89:30)
          at callListener (/data/Workspace/helios/starwards/node_modules/colyseus.js/node_modules/ws/lib/event-target.js:290:14)
          at WebSocket.onClose (/data/Workspace/helios/starwards/node_modules/colyseus.js/node_modules/ws/lib/event-target.js:220:9)
          at WebSocket.emit (node:events:524:28)
          at WebSocket.emitClose (/data/Workspace/helios/starwards/node_modules/colyseus.js/node_modules/ws/lib/websocket.js:272:10)
          at Socket.socketOnClose (/data/Workspace/helios/starwards/node_modules/colyseus.js/node_modules/ws/lib/websocket.js:1341:15)
          at Socket.emit (node:events:524:28)
          at TCP.<anonymous> (node:net:343:12)

      at ConnectionManager.onConnectionError (modules/core/src/client/connection-manager.ts:144:21)
          at Array.forEach (<anonymous>)

    console.log
      connection error: TypeError: Cannot read properties of undefined (reading 'decoder')
          at wireEvents (/data/Workspace/helios/starwards/node_modules/colyseus-events/src/wire-events.ts:30:40)
          at /data/Workspace/helios/starwards/modules/core/src/client/admin.ts:20:5
          at processTicksAndRejections (node:internal/process/task_queues:95:5)
          at /data/Workspace/helios/starwards/modules/core/src/client/connection-manager.ts:131:21

      at ConnectionManager.onConnectionError (modules/core/src/client/connection-manager.ts:144:21)

    console.log
      connection error: Error: disconnected from server
          at EventEmitter.<anonymous> (/data/Workspace/helios/starwards/modules/core/src/client/driver.ts:53:58)
          at /data/Workspace/helios/starwards/node_modules/colyseus.js/src/core/signal.ts:15:48
          at Array.forEach (<anonymous>)
          at EventEmitter.invoke (/data/Workspace/helios/starwards/node_modules/colyseus.js/src/core/signal.ts:15:19)
          at Function.register.invoke (/data/Workspace/helios/starwards/node_modules/colyseus.js/src/core/signal.ts:57:81)
          at WebSocket.connection.events.onclose (/data/Workspace/helios/starwards/node_modules/colyseus.js/src/Room.ts:89:30)
          at callListener (/data/Workspace/helios/starwards/node_modules/colyseus.js/node_modules/ws/lib/event-target.js:290:14)
          at WebSocket.onClose (/data/Workspace/helios/starwards/node_modules/colyseus.js/node_modules/ws/lib/event-target.js:220:9)
          at WebSocket.emit (node:events:524:28)
          at WebSocket.emitClose (/data/Workspace/helios/starwards/node_modules/colyseus.js/node_modules/ws/lib/websocket.js:272:10)
          at Socket.socketOnClose (/data/Workspace/helios/starwards/node_modules/colyseus.js/node_modules/ws/lib/websocket.js:1341:15)
          at Socket.emit (node:events:524:28)
          at TCP.<anonymous> (node:net:343:12)

      at ConnectionManager.onConnectionError (modules/core/src/client/connection-manager.ts:144:21)
          at Array.forEach (<anonymous>)

    console.log
      connection error: TypeError: Cannot read properties of undefined (reading 'decoder')
          at wireEvents (/data/Workspace/helios/starwards/node_modules/colyseus-events/src/wire-events.ts:30:40)
          at /data/Workspace/helios/starwards/modules/core/src/client/admin.ts:20:5
          at processTicksAndRejections (node:internal/process/task_queues:95:5)
          at /data/Workspace/helios/starwards/modules/core/src/client/connection-manager.ts:131:21

      at ConnectionManager.onConnectionError (modules/core/src/client/connection-manager.ts:144:21)

    console.log
      connection error: Error: disconnected from server
          at EventEmitter.<anonymous> (/data/Workspace/helios/starwards/modules/core/src/client/driver.ts:53:58)
          at /data/Workspace/helios/starwards/node_modules/colyseus.js/src/core/signal.ts:15:48
          at Array.forEach (<anonymous>)
          at EventEmitter.invoke (/data/Workspace/helios/starwards/node_modules/colyseus.js/src/core/signal.ts:15:19)
          at Function.register.invoke (/data/Workspace/helios/starwards/node_modules/colyseus.js/src/core/signal.ts:57:81)
          at WebSocket.connection.events.onclose (/data/Workspace/helios/starwards/node_modules/colyseus.js/src/Room.ts:89:30)
          at callListener (/data/Workspace/helios/starwards/node_modules/colyseus.js/node_modules/ws/lib/event-target.js:290:14)
          at WebSocket.onClose (/data/Workspace/helios/starwards/node_modules/colyseus.js/node_modules/ws/lib/event-target.js:220:9)
          at WebSocket.emit (node:events:524:28)
          at WebSocket.emitClose (/data/Workspace/helios/starwards/node_modules/colyseus.js/node_modules/ws/lib/websocket.js:272:10)
          at Socket.socketOnClose (/data/Workspace/helios/starwards/node_modules/colyseus.js/node_modules/ws/lib/websocket.js:1341:15)
          at Socket.emit (node:events:524:28)
          at TCP.<anonymous> (node:net:343:12)

      at ConnectionManager.onConnectionError (modules/core/src/client/connection-manager.ts:144:21)
          at Array.forEach (<anonymous>)

    console.log
      connection error: TypeError: Cannot read properties of undefined (reading 'decoder')
          at wireEvents (/data/Workspace/helios/starwards/node_modules/colyseus-events/src/wire-events.ts:30:40)
          at /data/Workspace/helios/starwards/modules/core/src/client/admin.ts:20:5
          at processTicksAndRejections (node:internal/process/task_queues:95:5)
          at /data/Workspace/helios/starwards/modules/core/src/client/connection-manager.ts:131:21

      at ConnectionManager.onConnectionError (modules/core/src/client/connection-manager.ts:144:21)

    console.log
      connection error: Error: disconnected from server
          at EventEmitter.<anonymous> (/data/Workspace/helios/starwards/modules/core/src/client/driver.ts:53:58)
          at /data/Workspace/helios/starwards/node_modules/colyseus.js/src/core/signal.ts:15:48
          at Array.forEach (<anonymous>)
          at EventEmitter.invoke (/data/Workspace/helios/starwards/node_modules/colyseus.js/src/core/signal.ts:15:19)
          at Function.register.invoke (/data/Workspace/helios/starwards/node_modules/colyseus.js/src/core/signal.ts:57:81)
          at WebSocket.connection.events.onclose (/data/Workspace/helios/starwards/node_modules/colyseus.js/src/Room.ts:89:30)
          at callListener (/data/Workspace/helios/starwards/node_modules/colyseus.js/node_modules/ws/lib/event-target.js:290:14)
          at WebSocket.onClose (/data/Workspace/helios/starwards/node_modules/colyseus.js/node_modules/ws/lib/event-target.js:220:9)
          at WebSocket.emit (node:events:524:28)
          at WebSocket.emitClose (/data/Workspace/helios/starwards/node_modules/colyseus.js/node_modules/ws/lib/websocket.js:272:10)
          at Socket.socketOnClose (/data/Workspace/helios/starwards/node_modules/colyseus.js/node_modules/ws/lib/websocket.js:1341:15)
          at Socket.emit (node:events:524:28)
          at TCP.<anonymous> (node:net:343:12)

      at ConnectionManager.onConnectionError (modules/core/src/client/connection-manager.ts:144:21)
          at Array.forEach (<anonymous>)

    console.log
      connection error: TypeError: Cannot read properties of undefined (reading 'decoder')
          at wireEvents (/data/Workspace/helios/starwards/node_modules/colyseus-events/src/wire-events.ts:30:40)
          at /data/Workspace/helios/starwards/modules/core/src/client/admin.ts:20:5
          at processTicksAndRejections (node:internal/process/task_queues:95:5)
          at /data/Workspace/helios/starwards/modules/core/src/client/connection-manager.ts:131:21

      at ConnectionManager.onConnectionError (modules/core/src/client/connection-manager.ts:144:21)

    console.log
      connection error: Error: disconnected from server
          at EventEmitter.<anonymous> (/data/Workspace/helios/starwards/modules/core/src/client/driver.ts:53:58)
          at /data/Workspace/helios/starwards/node_modules/colyseus.js/src/core/signal.ts:15:48
          at Array.forEach (<anonymous>)
          at EventEmitter.invoke (/data/Workspace/helios/starwards/node_modules/colyseus.js/src/core/signal.ts:15:19)
          at Function.register.invoke (/data/Workspace/helios/starwards/node_modules/colyseus.js/src/core/signal.ts:57:81)
          at WebSocket.connection.events.onclose (/data/Workspace/helios/starwards/node_modules/colyseus.js/src/Room.ts:89:30)
          at callListener (/data/Workspace/helios/starwards/node_modules/colyseus.js/node_modules/ws/lib/event-target.js:290:14)
          at WebSocket.onClose (/data/Workspace/helios/starwards/node_modules/colyseus.js/node_modules/ws/lib/event-target.js:220:9)
          at WebSocket.emit (node:events:524:28)
          at WebSocket.emitClose (/data/Workspace/helios/starwards/node_modules/colyseus.js/node_modules/ws/lib/websocket.js:272:10)
          at Socket.socketOnClose (/data/Workspace/helios/starwards/node_modules/colyseus.js/node_modules/ws/lib/websocket.js:1341:15)
          at Socket.emit (node:events:524:28)
          at TCP.<anonymous> (node:net:343:12)

      at ConnectionManager.onConnectionError (modules/core/src/client/connection-manager.ts:144:21)
          at Array.forEach (<anonymous>)

    console.log
      connection error: TypeError: Cannot read properties of undefined (reading 'decoder')
          at wireEvents (/data/Workspace/helios/starwards/node_modules/colyseus-events/src/wire-events.ts:30:40)
          at /data/Workspace/helios/starwards/modules/core/src/client/admin.ts:20:5
          at processTicksAndRejections (node:internal/process/task_queues:95:5)
          at /data/Workspace/helios/starwards/modules/core/src/client/connection-manager.ts:131:21

      at ConnectionManager.onConnectionError (modules/core/src/client/connection-manager.ts:144:21)

    console.log
      connection error: Error: disconnected from server
          at EventEmitter.<anonymous> (/data/Workspace/helios/starwards/modules/core/src/client/driver.ts:53:58)
          at /data/Workspace/helios/starwards/node_modules/colyseus.js/src/core/signal.ts:15:48
          at Array.forEach (<anonymous>)
          at EventEmitter.invoke (/data/Workspace/helios/starwards/node_modules/colyseus.js/src/core/signal.ts:15:19)
          at Function.register.invoke (/data/Workspace/helios/starwards/node_modules/colyseus.js/src/core/signal.ts:57:81)
          at WebSocket.connection.events.onclose (/data/Workspace/helios/starwards/node_modules/colyseus.js/src/Room.ts:89:30)
          at callListener (/data/Workspace/helios/starwards/node_modules/colyseus.js/node_modules/ws/lib/event-target.js:290:14)
          at WebSocket.onClose (/data/Workspace/helios/starwards/node_modules/colyseus.js/node_modules/ws/lib/event-target.js:220:9)
          at WebSocket.emit (node:events:524:28)
          at WebSocket.emitClose (/data/Workspace/helios/starwards/node_modules/colyseus.js/node_modules/ws/lib/websocket.js:272:10)
          at Socket.socketOnClose (/data/Workspace/helios/starwards/node_modules/colyseus.js/node_modules/ws/lib/websocket.js:1341:15)
          at Socket.emit (node:events:524:28)
          at TCP.<anonymous> (node:net:343:12)

      at ConnectionManager.onConnectionError (modules/core/src/client/connection-manager.ts:144:21)
          at Array.forEach (<anonymous>)

    console.log
      connection error: TypeError: Cannot read properties of undefined (reading 'decoder')
          at wireEvents (/data/Workspace/helios/starwards/node_modules/colyseus-events/src/wire-events.ts:30:40)
          at /data/Workspace/helios/starwards/modules/core/src/client/admin.ts:20:5
          at processTicksAndRejections (node:internal/process/task_queues:95:5)
          at /data/Workspace/helios/starwards/modules/core/src/client/connection-manager.ts:131:21

      at ConnectionManager.onConnectionError (modules/core/src/client/connection-manager.ts:144:21)

    console.log
      connection error: Error: disconnected from server
          at EventEmitter.<anonymous> (/data/Workspace/helios/starwards/modules/core/src/client/driver.ts:53:58)
          at /data/Workspace/helios/starwards/node_modules/colyseus.js/src/core/signal.ts:15:48
          at Array.forEach (<anonymous>)
          at EventEmitter.invoke (/data/Workspace/helios/starwards/node_modules/colyseus.js/src/core/signal.ts:15:19)
          at Function.register.invoke (/data/Workspace/helios/starwards/node_modules/colyseus.js/src/core/signal.ts:57:81)
          at WebSocket.connection.events.onclose (/data/Workspace/helios/starwards/node_modules/colyseus.js/src/Room.ts:89:30)
          at callListener (/data/Workspace/helios/starwards/node_modules/colyseus.js/node_modules/ws/lib/event-target.js:290:14)
          at WebSocket.onClose (/data/Workspace/helios/starwards/node_modules/colyseus.js/node_modules/ws/lib/event-target.js:220:9)
          at WebSocket.emit (node:events:524:28)
          at WebSocket.emitClose (/data/Workspace/helios/starwards/node_modules/colyseus.js/node_modules/ws/lib/websocket.js:272:10)
          at Socket.socketOnClose (/data/Workspace/helios/starwards/node_modules/colyseus.js/node_modules/ws/lib/websocket.js:1341:15)
          at Socket.emit (node:events:524:28)
          at TCP.<anonymous> (node:net:343:12)

      at ConnectionManager.onConnectionError (modules/core/src/client/connection-manager.ts:144:21)
          at Array.forEach (<anonymous>)

    console.log
      connection error: TypeError: Cannot read properties of undefined (reading 'decoder')
          at wireEvents (/data/Workspace/helios/starwards/node_modules/colyseus-events/src/wire-events.ts:30:40)
          at /data/Workspace/helios/starwards/modules/core/src/client/admin.ts:20:5
          at processTicksAndRejections (node:internal/process/task_queues:95:5)
          at /data/Workspace/helios/starwards/modules/core/src/client/connection-manager.ts:131:21

      at ConnectionManager.onConnectionError (modules/core/src/client/connection-manager.ts:144:21)

    console.log
      connection error: Error: disconnected from server
          at EventEmitter.<anonymous> (/data/Workspace/helios/starwards/modules/core/src/client/driver.ts:53:58)
          at /data/Workspace/helios/starwards/node_modules/colyseus.js/src/core/signal.ts:15:48
          at Array.forEach (<anonymous>)
          at EventEmitter.invoke (/data/Workspace/helios/starwards/node_modules/colyseus.js/src/core/signal.ts:15:19)
          at Function.register.invoke (/data/Workspace/helios/starwards/node_modules/colyseus.js/src/core/signal.ts:57:81)
          at WebSocket.connection.events.onclose (/data/Workspace/helios/starwards/node_modules/colyseus.js/src/Room.ts:89:30)
          at callListener (/data/Workspace/helios/starwards/node_modules/colyseus.js/node_modules/ws/lib/event-target.js:290:14)
          at WebSocket.onClose (/data/Workspace/helios/starwards/node_modules/colyseus.js/node_modules/ws/lib/event-target.js:220:9)
          at WebSocket.emit (node:events:524:28)
          at WebSocket.emitClose (/data/Workspace/helios/starwards/node_modules/colyseus.js/node_modules/ws/lib/websocket.js:272:10)
          at Socket.socketOnClose (/data/Workspace/helios/starwards/node_modules/colyseus.js/node_modules/ws/lib/websocket.js:1341:15)
          at Socket.emit (node:events:524:28)
          at TCP.<anonymous> (node:net:343:12)

      at ConnectionManager.onConnectionError (modules/core/src/client/connection-manager.ts:144:21)
          at Array.forEach (<anonymous>)

    console.log
      connection error: TypeError: Cannot read properties of undefined (reading 'decoder')
          at wireEvents (/data/Workspace/helios/starwards/node_modules/colyseus-events/src/wire-events.ts:30:40)
          at /data/Workspace/helios/starwards/modules/core/src/client/admin.ts:20:5
          at processTicksAndRejections (node:internal/process/task_queues:95:5)
          at /data/Workspace/helios/starwards/modules/core/src/client/connection-manager.ts:131:21

      at ConnectionManager.onConnectionError (modules/core/src/client/connection-manager.ts:144:21)

    console.log
      connection error: Error: disconnected from server
          at EventEmitter.<anonymous> (/data/Workspace/helios/starwards/modules/core/src/client/driver.ts:53:58)
          at /data/Workspace/helios/starwards/node_modules/colyseus.js/src/core/signal.ts:15:48
          at Array.forEach (<anonymous>)
          at EventEmitter.invoke (/data/Workspace/helios/starwards/node_modules/colyseus.js/src/core/signal.ts:15:19)
          at Function.register.invoke (/data/Workspace/helios/starwards/node_modules/colyseus.js/src/core/signal.ts:57:81)
          at WebSocket.connection.events.onclose (/data/Workspace/helios/starwards/node_modules/colyseus.js/src/Room.ts:89:30)
          at callListener (/data/Workspace/helios/starwards/node_modules/colyseus.js/node_modules/ws/lib/event-target.js:290:14)
          at WebSocket.onClose (/data/Workspace/helios/starwards/node_modules/colyseus.js/node_modules/ws/lib/event-target.js:220:9)
          at WebSocket.emit (node:events:524:28)
          at WebSocket.emitClose (/data/Workspace/helios/starwards/node_modules/colyseus.js/node_modules/ws/lib/websocket.js:272:10)
          at Socket.socketOnClose (/data/Workspace/helios/starwards/node_modules/colyseus.js/node_modules/ws/lib/websocket.js:1341:15)
          at Socket.emit (node:events:524:28)
          at TCP.<anonymous> (node:net:343:12)

      at ConnectionManager.onConnectionError (modules/core/src/client/connection-manager.ts:144:21)
          at Array.forEach (<anonymous>)

    console.log
      connection error: TypeError: Cannot read properties of undefined (reading 'decoder')
          at wireEvents (/data/Workspace/helios/starwards/node_modules/colyseus-events/src/wire-events.ts:30:40)
          at /data/Workspace/helios/starwards/modules/core/src/client/admin.ts:20:5
          at processTicksAndRejections (node:internal/process/task_queues:95:5)
          at /data/Workspace/helios/starwards/modules/core/src/client/connection-manager.ts:131:21

      at ConnectionManager.onConnectionError (modules/core/src/client/connection-manager.ts:144:21)

    console.log
      connection error: Error: disconnected from server
          at EventEmitter.<anonymous> (/data/Workspace/helios/starwards/modules/core/src/client/driver.ts:53:58)
          at /data/Workspace/helios/starwards/node_modules/colyseus.js/src/core/signal.ts:15:48
          at Array.forEach (<anonymous>)
          at EventEmitter.invoke (/data/Workspace/helios/starwards/node_modules/colyseus.js/src/core/signal.ts:15:19)
          at Function.register.invoke (/data/Workspace/helios/starwards/node_modules/colyseus.js/src/core/signal.ts:57:81)
          at WebSocket.connection.events.onclose (/data/Workspace/helios/starwards/node_modules/colyseus.js/src/Room.ts:89:30)
          at callListener (/data/Workspace/helios/starwards/node_modules/colyseus.js/node_modules/ws/lib/event-target.js:290:14)
          at WebSocket.onClose (/data/Workspace/helios/starwards/node_modules/colyseus.js/node_modules/ws/lib/event-target.js:220:9)
          at WebSocket.emit (node:events:524:28)
          at WebSocket.emitClose (/data/Workspace/helios/starwards/node_modules/colyseus.js/node_modules/ws/lib/websocket.js:272:10)
          at Socket.socketOnClose (/data/Workspace/helios/starwards/node_modules/colyseus.js/node_modules/ws/lib/websocket.js:1341:15)
          at Socket.emit (node:events:524:28)
          at TCP.<anonymous> (node:net:343:12)

      at ConnectionManager.onConnectionError (modules/core/src/client/connection-manager.ts:144:21)
          at Array.forEach (<anonymous>)

    console.log
      connection error: TypeError: Cannot read properties of undefined (reading 'decoder')
          at wireEvents (/data/Workspace/helios/starwards/node_modules/colyseus-events/src/wire-events.ts:30:40)
          at /data/Workspace/helios/starwards/modules/core/src/client/admin.ts:20:5
          at processTicksAndRejections (node:internal/process/task_queues:95:5)
          at /data/Workspace/helios/starwards/modules/core/src/client/connection-manager.ts:131:21

      at ConnectionManager.onConnectionError (modules/core/src/client/connection-manager.ts:144:21)

    console.log
      connection error: Error: disconnected from server
          at EventEmitter.<anonymous> (/data/Workspace/helios/starwards/modules/core/src/client/driver.ts:53:58)
          at /data/Workspace/helios/starwards/node_modules/colyseus.js/src/core/signal.ts:15:48
          at Array.forEach (<anonymous>)
          at EventEmitter.invoke (/data/Workspace/helios/starwards/node_modules/colyseus.js/src/core/signal.ts:15:19)
          at Function.register.invoke (/data/Workspace/helios/starwards/node_modules/colyseus.js/src/core/signal.ts:57:81)
          at WebSocket.connection.events.onclose (/data/Workspace/helios/starwards/node_modules/colyseus.js/src/Room.ts:89:30)
          at callListener (/data/Workspace/helios/starwards/node_modules/colyseus.js/node_modules/ws/lib/event-target.js:290:14)
          at WebSocket.onClose (/data/Workspace/helios/starwards/node_modules/colyseus.js/node_modules/ws/lib/event-target.js:220:9)
          at WebSocket.emit (node:events:524:28)
          at WebSocket.emitClose (/data/Workspace/helios/starwards/node_modules/colyseus.js/node_modules/ws/lib/websocket.js:272:10)
          at Socket.socketOnClose (/data/Workspace/helios/starwards/node_modules/colyseus.js/node_modules/ws/lib/websocket.js:1341:15)
          at Socket.emit (node:events:524:28)
          at TCP.<anonymous> (node:net:343:12)

      at ConnectionManager.onConnectionError (modules/core/src/client/connection-manager.ts:144:21)
          at Array.forEach (<anonymous>)

    console.log
      connection error: TypeError: Cannot read properties of undefined (reading 'decoder')
          at wireEvents (/data/Workspace/helios/starwards/node_modules/colyseus-events/src/wire-events.ts:30:40)
          at /data/Workspace/helios/starwards/modules/core/src/client/admin.ts:20:5
          at processTicksAndRejections (node:internal/process/task_queues:95:5)
          at /data/Workspace/helios/starwards/modules/core/src/client/connection-manager.ts:131:21

      at ConnectionManager.onConnectionError (modules/core/src/client/connection-manager.ts:144:21)

    console.log
      connection error: Error: disconnected from server
          at EventEmitter.<anonymous> (/data/Workspace/helios/starwards/modules/core/src/client/driver.ts:53:58)
          at /data/Workspace/helios/starwards/node_modules/colyseus.js/src/core/signal.ts:15:48
          at Array.forEach (<anonymous>)
          at EventEmitter.invoke (/data/Workspace/helios/starwards/node_modules/colyseus.js/src/core/signal.ts:15:19)
          at Function.register.invoke (/data/Workspace/helios/starwards/node_modules/colyseus.js/src/core/signal.ts:57:81)
          at WebSocket.connection.events.onclose (/data/Workspace/helios/starwards/node_modules/colyseus.js/src/Room.ts:89:30)
          at callListener (/data/Workspace/helios/starwards/node_modules/colyseus.js/node_modules/ws/lib/event-target.js:290:14)
          at WebSocket.onClose (/data/Workspace/helios/starwards/node_modules/colyseus.js/node_modules/ws/lib/event-target.js:220:9)
          at WebSocket.emit (node:events:524:28)
          at WebSocket.emitClose (/data/Workspace/helios/starwards/node_modules/colyseus.js/node_modules/ws/lib/websocket.js:272:10)
          at Socket.socketOnClose (/data/Workspace/helios/starwards/node_modules/colyseus.js/node_modules/ws/lib/websocket.js:1341:15)
          at Socket.emit (node:events:524:28)
          at TCP.<anonymous> (node:net:343:12)

      at ConnectionManager.onConnectionError (modules/core/src/client/connection-manager.ts:144:21)
          at Array.forEach (<anonymous>)

    console.log
      connection error: TypeError: Cannot read properties of undefined (reading 'decoder')
          at wireEvents (/data/Workspace/helios/starwards/node_modules/colyseus-events/src/wire-events.ts:30:40)
          at /data/Workspace/helios/starwards/modules/core/src/client/admin.ts:20:5
          at processTicksAndRejections (node:internal/process/task_queues:95:5)
          at /data/Workspace/helios/starwards/modules/core/src/client/connection-manager.ts:131:21

      at ConnectionManager.onConnectionError (modules/core/src/client/connection-manager.ts:144:21)

    console.log
      connection error: Error: disconnected from server
          at EventEmitter.<anonymous> (/data/Workspace/helios/starwards/modules/core/src/client/driver.ts:53:58)
          at /data/Workspace/helios/starwards/node_modules/colyseus.js/src/core/signal.ts:15:48
          at Array.forEach (<anonymous>)
          at EventEmitter.invoke (/data/Workspace/helios/starwards/node_modules/colyseus.js/src/core/signal.ts:15:19)
          at Function.register.invoke (/data/Workspace/helios/starwards/node_modules/colyseus.js/src/core/signal.ts:57:81)
          at WebSocket.connection.events.onclose (/data/Workspace/helios/starwards/node_modules/colyseus.js/src/Room.ts:89:30)
          at callListener (/data/Workspace/helios/starwards/node_modules/colyseus.js/node_modules/ws/lib/event-target.js:290:14)
          at WebSocket.onClose (/data/Workspace/helios/starwards/node_modules/colyseus.js/node_modules/ws/lib/event-target.js:220:9)
          at WebSocket.emit (node:events:524:28)
          at WebSocket.emitClose (/data/Workspace/helios/starwards/node_modules/colyseus.js/node_modules/ws/lib/websocket.js:272:10)
          at Socket.socketOnClose (/data/Workspace/helios/starwards/node_modules/colyseus.js/node_modules/ws/lib/websocket.js:1341:15)
          at Socket.emit (node:events:524:28)
          at TCP.<anonymous> (node:net:343:12)

      at ConnectionManager.onConnectionError (modules/core/src/client/connection-manager.ts:144:21)
          at Array.forEach (<anonymous>)

    console.log
      connection error: TypeError: Cannot read properties of undefined (reading 'decoder')
          at wireEvents (/data/Workspace/helios/starwards/node_modules/colyseus-events/src/wire-events.ts:30:40)
          at /data/Workspace/helios/starwards/modules/core/src/client/admin.ts:20:5
          at processTicksAndRejections (node:internal/process/task_queues:95:5)
          at /data/Workspace/helios/starwards/modules/core/src/client/connection-manager.ts:131:21

      at ConnectionManager.onConnectionError (modules/core/src/client/connection-manager.ts:144:21)

    console.log
      connection error: Error: disconnected from server
          at EventEmitter.<anonymous> (/data/Workspace/helios/starwards/modules/core/src/client/driver.ts:53:58)
          at /data/Workspace/helios/starwards/node_modules/colyseus.js/src/core/signal.ts:15:48
          at Array.forEach (<anonymous>)
          at EventEmitter.invoke (/data/Workspace/helios/starwards/node_modules/colyseus.js/src/core/signal.ts:15:19)
          at Function.register.invoke (/data/Workspace/helios/starwards/node_modules/colyseus.js/src/core/signal.ts:57:81)
          at WebSocket.connection.events.onclose (/data/Workspace/helios/starwards/node_modules/colyseus.js/src/Room.ts:89:30)
          at callListener (/data/Workspace/helios/starwards/node_modules/colyseus.js/node_modules/ws/lib/event-target.js:290:14)
          at WebSocket.onClose (/data/Workspace/helios/starwards/node_modules/colyseus.js/node_modules/ws/lib/event-target.js:220:9)
          at WebSocket.emit (node:events:524:28)
          at WebSocket.emitClose (/data/Workspace/helios/starwards/node_modules/colyseus.js/node_modules/ws/lib/websocket.js:272:10)
          at Socket.socketOnClose (/data/Workspace/helios/starwards/node_modules/colyseus.js/node_modules/ws/lib/websocket.js:1341:15)
          at Socket.emit (node:events:524:28)
          at TCP.<anonymous> (node:net:343:12)

      at ConnectionManager.onConnectionError (modules/core/src/client/connection-manager.ts:144:21)
          at Array.forEach (<anonymous>)

    console.log
      connection error: TypeError: Cannot read properties of undefined (reading 'decoder')
          at wireEvents (/data/Workspace/helios/starwards/node_modules/colyseus-events/src/wire-events.ts:30:40)
          at /data/Workspace/helios/starwards/modules/core/src/client/admin.ts:20:5
          at processTicksAndRejections (node:internal/process/task_queues:95:5)
          at /data/Workspace/helios/starwards/modules/core/src/client/connection-manager.ts:131:21

      at ConnectionManager.onConnectionError (modules/core/src/client/connection-manager.ts:144:21)

    console.log
      connection error: Error: disconnected from server
          at EventEmitter.<anonymous> (/data/Workspace/helios/starwards/modules/core/src/client/driver.ts:53:58)
          at /data/Workspace/helios/starwards/node_modules/colyseus.js/src/core/signal.ts:15:48
          at Array.forEach (<anonymous>)
          at EventEmitter.invoke (/data/Workspace/helios/starwards/node_modules/colyseus.js/src/core/signal.ts:15:19)
          at Function.register.invoke (/data/Workspace/helios/starwards/node_modules/colyseus.js/src/core/signal.ts:57:81)
          at WebSocket.connection.events.onclose (/data/Workspace/helios/starwards/node_modules/colyseus.js/src/Room.ts:89:30)
          at callListener (/data/Workspace/helios/starwards/node_modules/colyseus.js/node_modules/ws/lib/event-target.js:290:14)
          at WebSocket.onClose (/data/Workspace/helios/starwards/node_modules/colyseus.js/node_modules/ws/lib/event-target.js:220:9)
          at WebSocket.emit (node:events:524:28)
          at WebSocket.emitClose (/data/Workspace/helios/starwards/node_modules/colyseus.js/node_modules/ws/lib/websocket.js:272:10)
          at Socket.socketOnClose (/data/Workspace/helios/starwards/node_modules/colyseus.js/node_modules/ws/lib/websocket.js:1341:15)
          at Socket.emit (node:events:524:28)
          at TCP.<anonymous> (node:net:343:12)

      at ConnectionManager.onConnectionError (modules/core/src/client/connection-manager.ts:144:21)
          at Array.forEach (<anonymous>)

    console.log
      connection error: TypeError: Cannot read properties of undefined (reading 'decoder')
          at wireEvents (/data/Workspace/helios/starwards/node_modules/colyseus-events/src/wire-events.ts:30:40)
          at /data/Workspace/helios/starwards/modules/core/src/client/admin.ts:20:5
          at processTicksAndRejections (node:internal/process/task_queues:95:5)
          at /data/Workspace/helios/starwards/modules/core/src/client/connection-manager.ts:131:21

      at ConnectionManager.onConnectionError (modules/core/src/client/connection-manager.ts:144:21)

    console.log
      connection error: Error: disconnected from server
          at EventEmitter.<anonymous> (/data/Workspace/helios/starwards/modules/core/src/client/driver.ts:53:58)
          at /data/Workspace/helios/starwards/node_modules/colyseus.js/src/core/signal.ts:15:48
          at Array.forEach (<anonymous>)
          at EventEmitter.invoke (/data/Workspace/helios/starwards/node_modules/colyseus.js/src/core/signal.ts:15:19)
          at Function.register.invoke (/data/Workspace/helios/starwards/node_modules/colyseus.js/src/core/signal.ts:57:81)
          at WebSocket.connection.events.onclose (/data/Workspace/helios/starwards/node_modules/colyseus.js/src/Room.ts:89:30)
          at callListener (/data/Workspace/helios/starwards/node_modules/colyseus.js/node_modules/ws/lib/event-target.js:290:14)
          at WebSocket.onClose (/data/Workspace/helios/starwards/node_modules/colyseus.js/node_modules/ws/lib/event-target.js:220:9)
          at WebSocket.emit (node:events:524:28)
          at WebSocket.emitClose (/data/Workspace/helios/starwards/node_modules/colyseus.js/node_modules/ws/lib/websocket.js:272:10)
          at Socket.socketOnClose (/data/Workspace/helios/starwards/node_modules/colyseus.js/node_modules/ws/lib/websocket.js:1341:15)
          at Socket.emit (node:events:524:28)
          at TCP.<anonymous> (node:net:343:12)

      at ConnectionManager.onConnectionError (modules/core/src/client/connection-manager.ts:144:21)
          at Array.forEach (<anonymous>)

    console.log
      connection error: TypeError: Cannot read properties of undefined (reading 'decoder')
          at wireEvents (/data/Workspace/helios/starwards/node_modules/colyseus-events/src/wire-events.ts:30:40)
          at /data/Workspace/helios/starwards/modules/core/src/client/admin.ts:20:5
          at processTicksAndRejections (node:internal/process/task_queues:95:5)
          at /data/Workspace/helios/starwards/modules/core/src/client/connection-manager.ts:131:21

      at ConnectionManager.onConnectionError (modules/core/src/client/connection-manager.ts:144:21)

    console.log
      connection error: Error: disconnected from server
          at EventEmitter.<anonymous> (/data/Workspace/helios/starwards/modules/core/src/client/driver.ts:53:58)
          at /data/Workspace/helios/starwards/node_modules/colyseus.js/src/core/signal.ts:15:48
          at Array.forEach (<anonymous>)
          at EventEmitter.invoke (/data/Workspace/helios/starwards/node_modules/colyseus.js/src/core/signal.ts:15:19)
          at Function.register.invoke (/data/Workspace/helios/starwards/node_modules/colyseus.js/src/core/signal.ts:57:81)
          at WebSocket.connection.events.onclose (/data/Workspace/helios/starwards/node_modules/colyseus.js/src/Room.ts:89:30)
          at callListener (/data/Workspace/helios/starwards/node_modules/colyseus.js/node_modules/ws/lib/event-target.js:290:14)
          at WebSocket.onClose (/data/Workspace/helios/starwards/node_modules/colyseus.js/node_modules/ws/lib/event-target.js:220:9)
          at WebSocket.emit (node:events:524:28)
          at WebSocket.emitClose (/data/Workspace/helios/starwards/node_modules/colyseus.js/node_modules/ws/lib/websocket.js:272:10)
          at Socket.socketOnClose (/data/Workspace/helios/starwards/node_modules/colyseus.js/node_modules/ws/lib/websocket.js:1341:15)
          at Socket.emit (node:events:524:28)
          at TCP.<anonymous> (node:net:343:12)

      at ConnectionManager.onConnectionError (modules/core/src/client/connection-manager.ts:144:21)
          at Array.forEach (<anonymous>)

    console.log
      connection error: TypeError: Cannot read properties of undefined (reading 'decoder')
          at wireEvents (/data/Workspace/helios/starwards/node_modules/colyseus-events/src/wire-events.ts:30:40)
          at /data/Workspace/helios/starwards/modules/core/src/client/admin.ts:20:5
          at processTicksAndRejections (node:internal/process/task_queues:95:5)
          at /data/Workspace/helios/starwards/modules/core/src/client/connection-manager.ts:131:21

      at ConnectionManager.onConnectionError (modules/core/src/client/connection-manager.ts:144:21)

    console.log
      connection error: Error: disconnected from server
          at EventEmitter.<anonymous> (/data/Workspace/helios/starwards/modules/core/src/client/driver.ts:53:58)
          at /data/Workspace/helios/starwards/node_modules/colyseus.js/src/core/signal.ts:15:48
          at Array.forEach (<anonymous>)
          at EventEmitter.invoke (/data/Workspace/helios/starwards/node_modules/colyseus.js/src/core/signal.ts:15:19)
          at Function.register.invoke (/data/Workspace/helios/starwards/node_modules/colyseus.js/src/core/signal.ts:57:81)
          at WebSocket.connection.events.onclose (/data/Workspace/helios/starwards/node_modules/colyseus.js/src/Room.ts:89:30)
          at callListener (/data/Workspace/helios/starwards/node_modules/colyseus.js/node_modules/ws/lib/event-target.js:290:14)
          at WebSocket.onClose (/data/Workspace/helios/starwards/node_modules/colyseus.js/node_modules/ws/lib/event-target.js:220:9)
          at WebSocket.emit (node:events:524:28)
          at WebSocket.emitClose (/data/Workspace/helios/starwards/node_modules/colyseus.js/node_modules/ws/lib/websocket.js:272:10)
          at Socket.socketOnClose (/data/Workspace/helios/starwards/node_modules/colyseus.js/node_modules/ws/lib/websocket.js:1341:15)
          at Socket.emit (node:events:524:28)
          at TCP.<anonymous> (node:net:343:12)

      at ConnectionManager.onConnectionError (modules/core/src/client/connection-manager.ts:144:21)
          at Array.forEach (<anonymous>)

    console.log
      connection error: TypeError: Cannot read properties of undefined (reading 'decoder')
          at wireEvents (/data/Workspace/helios/starwards/node_modules/colyseus-events/src/wire-events.ts:30:40)
          at /data/Workspace/helios/starwards/modules/core/src/client/admin.ts:20:5
          at processTicksAndRejections (node:internal/process/task_queues:95:5)
          at /data/Workspace/helios/starwards/modules/core/src/client/connection-manager.ts:131:21

      at ConnectionManager.onConnectionError (modules/core/src/client/connection-manager.ts:144:21)

    console.log
      connection error: Error: disconnected from server
          at EventEmitter.<anonymous> (/data/Workspace/helios/starwards/modules/core/src/client/driver.ts:53:58)
          at /data/Workspace/helios/starwards/node_modules/colyseus.js/src/core/signal.ts:15:48
          at Array.forEach (<anonymous>)
          at EventEmitter.invoke (/data/Workspace/helios/starwards/node_modules/colyseus.js/src/core/signal.ts:15:19)
          at Function.register.invoke (/data/Workspace/helios/starwards/node_modules/colyseus.js/src/core/signal.ts:57:81)
          at WebSocket.connection.events.onclose (/data/Workspace/helios/starwards/node_modules/colyseus.js/src/Room.ts:89:30)
          at callListener (/data/Workspace/helios/starwards/node_modules/colyseus.js/node_modules/ws/lib/event-target.js:290:14)
          at WebSocket.onClose (/data/Workspace/helios/starwards/node_modules/colyseus.js/node_modules/ws/lib/event-target.js:220:9)
          at WebSocket.emit (node:events:524:28)
          at WebSocket.emitClose (/data/Workspace/helios/starwards/node_modules/colyseus.js/node_modules/ws/lib/websocket.js:272:10)
          at Socket.socketOnClose (/data/Workspace/helios/starwards/node_modules/colyseus.js/node_modules/ws/lib/websocket.js:1341:15)
          at Socket.emit (node:events:524:28)
          at TCP.<anonymous> (node:net:343:12)

      at ConnectionManager.onConnectionError (modules/core/src/client/connection-manager.ts:144:21)
          at Array.forEach (<anonymous>)

    console.log
      connection error: TypeError: Cannot read properties of undefined (reading 'decoder')
          at wireEvents (/data/Workspace/helios/starwards/node_modules/colyseus-events/src/wire-events.ts:30:40)
          at /data/Workspace/helios/starwards/modules/core/src/client/admin.ts:20:5
          at processTicksAndRejections (node:internal/process/task_queues:95:5)
          at /data/Workspace/helios/starwards/modules/core/src/client/connection-manager.ts:131:21

      at ConnectionManager.onConnectionError (modules/core/src/client/connection-manager.ts:144:21)

    console.log
      connection error: Error: disconnected from server
          at EventEmitter.<anonymous> (/data/Workspace/helios/starwards/modules/core/src/client/driver.ts:53:58)
          at /data/Workspace/helios/starwards/node_modules/colyseus.js/src/core/signal.ts:15:48
          at Array.forEach (<anonymous>)
          at EventEmitter.invoke (/data/Workspace/helios/starwards/node_modules/colyseus.js/src/core/signal.ts:15:19)
          at Function.register.invoke (/data/Workspace/helios/starwards/node_modules/colyseus.js/src/core/signal.ts:57:81)
          at WebSocket.connection.events.onclose (/data/Workspace/helios/starwards/node_modules/colyseus.js/src/Room.ts:89:30)
          at callListener (/data/Workspace/helios/starwards/node_modules/colyseus.js/node_modules/ws/lib/event-target.js:290:14)
          at WebSocket.onClose (/data/Workspace/helios/starwards/node_modules/colyseus.js/node_modules/ws/lib/event-target.js:220:9)
          at WebSocket.emit (node:events:524:28)
          at WebSocket.emitClose (/data/Workspace/helios/starwards/node_modules/colyseus.js/node_modules/ws/lib/websocket.js:272:10)
          at Socket.socketOnClose (/data/Workspace/helios/starwards/node_modules/colyseus.js/node_modules/ws/lib/websocket.js:1341:15)
          at Socket.emit (node:events:524:28)
          at TCP.<anonymous> (node:net:343:12)

      at ConnectionManager.onConnectionError (modules/core/src/client/connection-manager.ts:144:21)
          at Array.forEach (<anonymous>)

    console.log
      connection error: TypeError: Cannot read properties of undefined (reading 'decoder')
          at wireEvents (/data/Workspace/helios/starwards/node_modules/colyseus-events/src/wire-events.ts:30:40)
          at /data/Workspace/helios/starwards/modules/core/src/client/admin.ts:20:5
          at processTicksAndRejections (node:internal/process/task_queues:95:5)
          at /data/Workspace/helios/starwards/modules/core/src/client/connection-manager.ts:131:21

      at ConnectionManager.onConnectionError (modules/core/src/client/connection-manager.ts:144:21)

    console.log
      connection error: Error: disconnected from server
          at EventEmitter.<anonymous> (/data/Workspace/helios/starwards/modules/core/src/client/driver.ts:53:58)
          at /data/Workspace/helios/starwards/node_modules/colyseus.js/src/core/signal.ts:15:48
          at Array.forEach (<anonymous>)
          at EventEmitter.invoke (/data/Workspace/helios/starwards/node_modules/colyseus.js/src/core/signal.ts:15:19)
          at Function.register.invoke (/data/Workspace/helios/starwards/node_modules/colyseus.js/src/core/signal.ts:57:81)
          at WebSocket.connection.events.onclose (/data/Workspace/helios/starwards/node_modules/colyseus.js/src/Room.ts:89:30)
          at callListener (/data/Workspace/helios/starwards/node_modules/colyseus.js/node_modules/ws/lib/event-target.js:290:14)
          at WebSocket.onClose (/data/Workspace/helios/starwards/node_modules/colyseus.js/node_modules/ws/lib/event-target.js:220:9)
          at WebSocket.emit (node:events:524:28)
          at WebSocket.emitClose (/data/Workspace/helios/starwards/node_modules/colyseus.js/node_modules/ws/lib/websocket.js:272:10)
          at Socket.socketOnClose (/data/Workspace/helios/starwards/node_modules/colyseus.js/node_modules/ws/lib/websocket.js:1341:15)
          at Socket.emit (node:events:524:28)
          at TCP.<anonymous> (node:net:343:12)

      at ConnectionManager.onConnectionError (modules/core/src/client/connection-manager.ts:144:21)
          at Array.forEach (<anonymous>)

    console.log
      connection error: TypeError: Cannot read properties of undefined (reading 'decoder')
          at wireEvents (/data/Workspace/helios/starwards/node_modules/colyseus-events/src/wire-events.ts:30:40)
          at /data/Workspace/helios/starwards/modules/core/src/client/admin.ts:20:5
          at processTicksAndRejections (node:internal/process/task_queues:95:5)
          at /data/Workspace/helios/starwards/modules/core/src/client/connection-manager.ts:131:21

      at ConnectionManager.onConnectionError (modules/core/src/client/connection-manager.ts:144:21)

    console.log
      connection error: Error: disconnected from server
          at EventEmitter.<anonymous> (/data/Workspace/helios/starwards/modules/core/src/client/driver.ts:53:58)
          at /data/Workspace/helios/starwards/node_modules/colyseus.js/src/core/signal.ts:15:48
          at Array.forEach (<anonymous>)
          at EventEmitter.invoke (/data/Workspace/helios/starwards/node_modules/colyseus.js/src/core/signal.ts:15:19)
          at Function.register.invoke (/data/Workspace/helios/starwards/node_modules/colyseus.js/src/core/signal.ts:57:81)
          at WebSocket.connection.events.onclose (/data/Workspace/helios/starwards/node_modules/colyseus.js/src/Room.ts:89:30)
          at callListener (/data/Workspace/helios/starwards/node_modules/colyseus.js/node_modules/ws/lib/event-target.js:290:14)
          at WebSocket.onClose (/data/Workspace/helios/starwards/node_modules/colyseus.js/node_modules/ws/lib/event-target.js:220:9)
          at WebSocket.emit (node:events:524:28)
          at WebSocket.emitClose (/data/Workspace/helios/starwards/node_modules/colyseus.js/node_modules/ws/lib/websocket.js:272:10)
          at Socket.socketOnClose (/data/Workspace/helios/starwards/node_modules/colyseus.js/node_modules/ws/lib/websocket.js:1341:15)
          at Socket.emit (node:events:524:28)
          at TCP.<anonymous> (node:net:343:12)

      at ConnectionManager.onConnectionError (modules/core/src/client/connection-manager.ts:144:21)
          at Array.forEach (<anonymous>)

    console.log
      connection error: TypeError: Cannot read properties of undefined (reading 'decoder')
          at wireEvents (/data/Workspace/helios/starwards/node_modules/colyseus-events/src/wire-events.ts:30:40)
          at /data/Workspace/helios/starwards/modules/core/src/client/admin.ts:20:5
          at processTicksAndRejections (node:internal/process/task_queues:95:5)
          at /data/Workspace/helios/starwards/modules/core/src/client/connection-manager.ts:131:21

      at ConnectionManager.onConnectionError (modules/core/src/client/connection-manager.ts:144:21)

    console.log
      connection error: Error: disconnected from server
          at EventEmitter.<anonymous> (/data/Workspace/helios/starwards/modules/core/src/client/driver.ts:53:58)
          at /data/Workspace/helios/starwards/node_modules/colyseus.js/src/core/signal.ts:15:48
          at Array.forEach (<anonymous>)
          at EventEmitter.invoke (/data/Workspace/helios/starwards/node_modules/colyseus.js/src/core/signal.ts:15:19)
          at Function.register.invoke (/data/Workspace/helios/starwards/node_modules/colyseus.js/src/core/signal.ts:57:81)
          at WebSocket.connection.events.onclose (/data/Workspace/helios/starwards/node_modules/colyseus.js/src/Room.ts:89:30)
          at callListener (/data/Workspace/helios/starwards/node_modules/colyseus.js/node_modules/ws/lib/event-target.js:290:14)
          at WebSocket.onClose (/data/Workspace/helios/starwards/node_modules/colyseus.js/node_modules/ws/lib/event-target.js:220:9)
          at WebSocket.emit (node:events:524:28)
          at WebSocket.emitClose (/data/Workspace/helios/starwards/node_modules/colyseus.js/node_modules/ws/lib/websocket.js:272:10)
          at Socket.socketOnClose (/data/Workspace/helios/starwards/node_modules/colyseus.js/node_modules/ws/lib/websocket.js:1341:15)
          at Socket.emit (node:events:524:28)
          at TCP.<anonymous> (node:net:343:12)

      at ConnectionManager.onConnectionError (modules/core/src/client/connection-manager.ts:144:21)
          at Array.forEach (<anonymous>)

    console.log
      connection error: TypeError: Cannot read properties of undefined (reading 'decoder')
          at wireEvents (/data/Workspace/helios/starwards/node_modules/colyseus-events/src/wire-events.ts:30:40)
          at /data/Workspace/helios/starwards/modules/core/src/client/admin.ts:20:5
          at processTicksAndRejections (node:internal/process/task_queues:95:5)
          at /data/Workspace/helios/starwards/modules/core/src/client/connection-manager.ts:131:21

      at ConnectionManager.onConnectionError (modules/core/src/client/connection-manager.ts:144:21)

    console.log
      connection error: Error: disconnected from server
          at EventEmitter.<anonymous> (/data/Workspace/helios/starwards/modules/core/src/client/driver.ts:53:58)
          at /data/Workspace/helios/starwards/node_modules/colyseus.js/src/core/signal.ts:15:48
          at Array.forEach (<anonymous>)
          at EventEmitter.invoke (/data/Workspace/helios/starwards/node_modules/colyseus.js/src/core/signal.ts:15:19)
          at Function.register.invoke (/data/Workspace/helios/starwards/node_modules/colyseus.js/src/core/signal.ts:57:81)
          at WebSocket.connection.events.onclose (/data/Workspace/helios/starwards/node_modules/colyseus.js/src/Room.ts:89:30)
          at callListener (/data/Workspace/helios/starwards/node_modules/colyseus.js/node_modules/ws/lib/event-target.js:290:14)
          at WebSocket.onClose (/data/Workspace/helios/starwards/node_modules/colyseus.js/node_modules/ws/lib/event-target.js:220:9)
          at WebSocket.emit (node:events:524:28)
          at WebSocket.emitClose (/data/Workspace/helios/starwards/node_modules/colyseus.js/node_modules/ws/lib/websocket.js:272:10)
          at Socket.socketOnClose (/data/Workspace/helios/starwards/node_modules/colyseus.js/node_modules/ws/lib/websocket.js:1341:15)
          at Socket.emit (node:events:524:28)
          at TCP.<anonymous> (node:net:343:12)

      at ConnectionManager.onConnectionError (modules/core/src/client/connection-manager.ts:144:21)
          at Array.forEach (<anonymous>)

    console.log
      connection error: TypeError: Cannot read properties of undefined (reading 'decoder')
          at wireEvents (/data/Workspace/helios/starwards/node_modules/colyseus-events/src/wire-events.ts:30:40)
          at /data/Workspace/helios/starwards/modules/core/src/client/admin.ts:20:5
          at processTicksAndRejections (node:internal/process/task_queues:95:5)
          at /data/Workspace/helios/starwards/modules/core/src/client/connection-manager.ts:131:21

      at ConnectionManager.onConnectionError (modules/core/src/client/connection-manager.ts:144:21)

    console.log
      connection error: Error: disconnected from server
          at EventEmitter.<anonymous> (/data/Workspace/helios/starwards/modules/core/src/client/driver.ts:53:58)
          at /data/Workspace/helios/starwards/node_modules/colyseus.js/src/core/signal.ts:15:48
          at Array.forEach (<anonymous>)
          at EventEmitter.invoke (/data/Workspace/helios/starwards/node_modules/colyseus.js/src/core/signal.ts:15:19)
          at Function.register.invoke (/data/Workspace/helios/starwards/node_modules/colyseus.js/src/core/signal.ts:57:81)
          at WebSocket.connection.events.onclose (/data/Workspace/helios/starwards/node_modules/colyseus.js/src/Room.ts:89:30)
          at callListener (/data/Workspace/helios/starwards/node_modules/colyseus.js/node_modules/ws/lib/event-target.js:290:14)
          at WebSocket.onClose (/data/Workspace/helios/starwards/node_modules/colyseus.js/node_modules/ws/lib/event-target.js:220:9)
          at WebSocket.emit (node:events:524:28)
          at WebSocket.emitClose (/data/Workspace/helios/starwards/node_modules/colyseus.js/node_modules/ws/lib/websocket.js:272:10)
          at Socket.socketOnClose (/data/Workspace/helios/starwards/node_modules/colyseus.js/node_modules/ws/lib/websocket.js:1341:15)
          at Socket.emit (node:events:524:28)
          at TCP.<anonymous> (node:net:343:12)

      at ConnectionManager.onConnectionError (modules/core/src/client/connection-manager.ts:144:21)
          at Array.forEach (<anonymous>)

    console.log
      connection error: TypeError: Cannot read properties of undefined (reading 'decoder')
          at wireEvents (/data/Workspace/helios/starwards/node_modules/colyseus-events/src/wire-events.ts:30:40)
          at /data/Workspace/helios/starwards/modules/core/src/client/admin.ts:20:5
          at processTicksAndRejections (node:internal/process/task_queues:95:5)
          at /data/Workspace/helios/starwards/modules/core/src/client/connection-manager.ts:131:21

      at ConnectionManager.onConnectionError (modules/core/src/client/connection-manager.ts:144:21)

    console.log
      connection error: Error: disconnected from server
          at EventEmitter.<anonymous> (/data/Workspace/helios/starwards/modules/core/src/client/driver.ts:53:58)
          at /data/Workspace/helios/starwards/node_modules/colyseus.js/src/core/signal.ts:15:48
          at Array.forEach (<anonymous>)
          at EventEmitter.invoke (/data/Workspace/helios/starwards/node_modules/colyseus.js/src/core/signal.ts:15:19)
          at Function.register.invoke (/data/Workspace/helios/starwards/node_modules/colyseus.js/src/core/signal.ts:57:81)
          at WebSocket.connection.events.onclose (/data/Workspace/helios/starwards/node_modules/colyseus.js/src/Room.ts:89:30)
          at callListener (/data/Workspace/helios/starwards/node_modules/colyseus.js/node_modules/ws/lib/event-target.js:290:14)
          at WebSocket.onClose (/data/Workspace/helios/starwards/node_modules/colyseus.js/node_modules/ws/lib/event-target.js:220:9)
          at WebSocket.emit (node:events:524:28)
          at WebSocket.emitClose (/data/Workspace/helios/starwards/node_modules/colyseus.js/node_modules/ws/lib/websocket.js:272:10)
          at Socket.socketOnClose (/data/Workspace/helios/starwards/node_modules/colyseus.js/node_modules/ws/lib/websocket.js:1341:15)
          at Socket.emit (node:events:524:28)
          at TCP.<anonymous> (node:net:343:12)

      at ConnectionManager.onConnectionError (modules/core/src/client/connection-manager.ts:144:21)
          at Array.forEach (<anonymous>)

    console.log
      connection error: TypeError: Cannot read properties of undefined (reading 'decoder')
          at wireEvents (/data/Workspace/helios/starwards/node_modules/colyseus-events/src/wire-events.ts:30:40)
          at /data/Workspace/helios/starwards/modules/core/src/client/admin.ts:20:5
          at processTicksAndRejections (node:internal/process/task_queues:95:5)
          at /data/Workspace/helios/starwards/modules/core/src/client/connection-manager.ts:131:21

      at ConnectionManager.onConnectionError (modules/core/src/client/connection-manager.ts:144:21)

    console.log
      connection error: Error: disconnected from server
          at EventEmitter.<anonymous> (/data/Workspace/helios/starwards/modules/core/src/client/driver.ts:53:58)
          at /data/Workspace/helios/starwards/node_modules/colyseus.js/src/core/signal.ts:15:48
          at Array.forEach (<anonymous>)
          at EventEmitter.invoke (/data/Workspace/helios/starwards/node_modules/colyseus.js/src/core/signal.ts:15:19)
          at Function.register.invoke (/data/Workspace/helios/starwards/node_modules/colyseus.js/src/core/signal.ts:57:81)
          at WebSocket.connection.events.onclose (/data/Workspace/helios/starwards/node_modules/colyseus.js/src/Room.ts:89:30)
          at callListener (/data/Workspace/helios/starwards/node_modules/colyseus.js/node_modules/ws/lib/event-target.js:290:14)
          at WebSocket.onClose (/data/Workspace/helios/starwards/node_modules/colyseus.js/node_modules/ws/lib/event-target.js:220:9)
          at WebSocket.emit (node:events:524:28)
          at WebSocket.emitClose (/data/Workspace/helios/starwards/node_modules/colyseus.js/node_modules/ws/lib/websocket.js:272:10)
          at Socket.socketOnClose (/data/Workspace/helios/starwards/node_modules/colyseus.js/node_modules/ws/lib/websocket.js:1341:15)
          at Socket.emit (node:events:524:28)
          at TCP.<anonymous> (node:net:343:12)

      at ConnectionManager.onConnectionError (modules/core/src/client/connection-manager.ts:144:21)
          at Array.forEach (<anonymous>)

    console.log
      connection error: TypeError: Cannot read properties of undefined (reading 'decoder')
          at wireEvents (/data/Workspace/helios/starwards/node_modules/colyseus-events/src/wire-events.ts:30:40)
          at /data/Workspace/helios/starwards/modules/core/src/client/admin.ts:20:5
          at processTicksAndRejections (node:internal/process/task_queues:95:5)
          at /data/Workspace/helios/starwards/modules/core/src/client/connection-manager.ts:131:21

      at ConnectionManager.onConnectionError (modules/core/src/client/connection-manager.ts:144:21)

    console.log
      connection error: Error: disconnected from server
          at EventEmitter.<anonymous> (/data/Workspace/helios/starwards/modules/core/src/client/driver.ts:53:58)
          at /data/Workspace/helios/starwards/node_modules/colyseus.js/src/core/signal.ts:15:48
          at Array.forEach (<anonymous>)
          at EventEmitter.invoke (/data/Workspace/helios/starwards/node_modules/colyseus.js/src/core/signal.ts:15:19)
          at Function.register.invoke (/data/Workspace/helios/starwards/node_modules/colyseus.js/src/core/signal.ts:57:81)
          at WebSocket.connection.events.onclose (/data/Workspace/helios/starwards/node_modules/colyseus.js/src/Room.ts:89:30)
          at callListener (/data/Workspace/helios/starwards/node_modules/colyseus.js/node_modules/ws/lib/event-target.js:290:14)
          at WebSocket.onClose (/data/Workspace/helios/starwards/node_modules/colyseus.js/node_modules/ws/lib/event-target.js:220:9)
          at WebSocket.emit (node:events:524:28)
          at WebSocket.emitClose (/data/Workspace/helios/starwards/node_modules/colyseus.js/node_modules/ws/lib/websocket.js:272:10)
          at Socket.socketOnClose (/data/Workspace/helios/starwards/node_modules/colyseus.js/node_modules/ws/lib/websocket.js:1341:15)
          at Socket.emit (node:events:524:28)
          at TCP.<anonymous> (node:net:343:12)

      at ConnectionManager.onConnectionError (modules/core/src/client/connection-manager.ts:144:21)
          at Array.forEach (<anonymous>)

    console.log
      connection error: TypeError: Cannot read properties of undefined (reading 'decoder')
          at wireEvents (/data/Workspace/helios/starwards/node_modules/colyseus-events/src/wire-events.ts:30:40)
          at /data/Workspace/helios/starwards/modules/core/src/client/admin.ts:20:5
          at processTicksAndRejections (node:internal/process/task_queues:95:5)
          at /data/Workspace/helios/starwards/modules/core/src/client/connection-manager.ts:131:21

      at ConnectionManager.onConnectionError (modules/core/src/client/connection-manager.ts:144:21)

    console.log
      connection error: Error: disconnected from server
          at EventEmitter.<anonymous> (/data/Workspace/helios/starwards/modules/core/src/client/driver.ts:53:58)
          at /data/Workspace/helios/starwards/node_modules/colyseus.js/src/core/signal.ts:15:48
          at Array.forEach (<anonymous>)
          at EventEmitter.invoke (/data/Workspace/helios/starwards/node_modules/colyseus.js/src/core/signal.ts:15:19)
          at Function.register.invoke (/data/Workspace/helios/starwards/node_modules/colyseus.js/src/core/signal.ts:57:81)
          at WebSocket.connection.events.onclose (/data/Workspace/helios/starwards/node_modules/colyseus.js/src/Room.ts:89:30)
          at callListener (/data/Workspace/helios/starwards/node_modules/colyseus.js/node_modules/ws/lib/event-target.js:290:14)
          at WebSocket.onClose (/data/Workspace/helios/starwards/node_modules/colyseus.js/node_modules/ws/lib/event-target.js:220:9)
          at WebSocket.emit (node:events:524:28)
          at WebSocket.emitClose (/data/Workspace/helios/starwards/node_modules/colyseus.js/node_modules/ws/lib/websocket.js:272:10)
          at Socket.socketOnClose (/data/Workspace/helios/starwards/node_modules/colyseus.js/node_modules/ws/lib/websocket.js:1341:15)
          at Socket.emit (node:events:524:28)
          at TCP.<anonymous> (node:net:343:12)

      at ConnectionManager.onConnectionError (modules/core/src/client/connection-manager.ts:144:21)
          at Array.forEach (<anonymous>)

    console.log
      connection error: TypeError: Cannot read properties of undefined (reading 'decoder')
          at wireEvents (/data/Workspace/helios/starwards/node_modules/colyseus-events/src/wire-events.ts:30:40)
          at /data/Workspace/helios/starwards/modules/core/src/client/admin.ts:20:5
          at processTicksAndRejections (node:internal/process/task_queues:95:5)
          at /data/Workspace/helios/starwards/modules/core/src/client/connection-manager.ts:131:21

      at ConnectionManager.onConnectionError (modules/core/src/client/connection-manager.ts:144:21)

    console.log
      connection error: Error: disconnected from server
          at EventEmitter.<anonymous> (/data/Workspace/helios/starwards/modules/core/src/client/driver.ts:53:58)
          at /data/Workspace/helios/starwards/node_modules/colyseus.js/src/core/signal.ts:15:48
          at Array.forEach (<anonymous>)
          at EventEmitter.invoke (/data/Workspace/helios/starwards/node_modules/colyseus.js/src/core/signal.ts:15:19)
          at Function.register.invoke (/data/Workspace/helios/starwards/node_modules/colyseus.js/src/core/signal.ts:57:81)
          at WebSocket.connection.events.onclose (/data/Workspace/helios/starwards/node_modules/colyseus.js/src/Room.ts:89:30)
          at callListener (/data/Workspace/helios/starwards/node_modules/colyseus.js/node_modules/ws/lib/event-target.js:290:14)
          at WebSocket.onClose (/data/Workspace/helios/starwards/node_modules/colyseus.js/node_modules/ws/lib/event-target.js:220:9)
          at WebSocket.emit (node:events:524:28)
          at WebSocket.emitClose (/data/Workspace/helios/starwards/node_modules/colyseus.js/node_modules/ws/lib/websocket.js:272:10)
          at Socket.socketOnClose (/data/Workspace/helios/starwards/node_modules/colyseus.js/node_modules/ws/lib/websocket.js:1341:15)
          at Socket.emit (node:events:524:28)
          at TCP.<anonymous> (node:net:343:12)

      at ConnectionManager.onConnectionError (modules/core/src/client/connection-manager.ts:144:21)
          at Array.forEach (<anonymous>)

    console.log
      connection error: TypeError: Cannot read properties of undefined (reading 'decoder')
          at wireEvents (/data/Workspace/helios/starwards/node_modules/colyseus-events/src/wire-events.ts:30:40)
          at /data/Workspace/helios/starwards/modules/core/src/client/admin.ts:20:5
          at processTicksAndRejections (node:internal/process/task_queues:95:5)
          at /data/Workspace/helios/starwards/modules/core/src/client/connection-manager.ts:131:21

      at ConnectionManager.onConnectionError (modules/core/src/client/connection-manager.ts:144:21)

    console.log
      connection error: Error: disconnected from server
          at EventEmitter.<anonymous> (/data/Workspace/helios/starwards/modules/core/src/client/driver.ts:53:58)
          at /data/Workspace/helios/starwards/node_modules/colyseus.js/src/core/signal.ts:15:48
          at Array.forEach (<anonymous>)
          at EventEmitter.invoke (/data/Workspace/helios/starwards/node_modules/colyseus.js/src/core/signal.ts:15:19)
          at Function.register.invoke (/data/Workspace/helios/starwards/node_modules/colyseus.js/src/core/signal.ts:57:81)
          at WebSocket.connection.events.onclose (/data/Workspace/helios/starwards/node_modules/colyseus.js/src/Room.ts:89:30)
          at callListener (/data/Workspace/helios/starwards/node_modules/colyseus.js/node_modules/ws/lib/event-target.js:290:14)
          at WebSocket.onClose (/data/Workspace/helios/starwards/node_modules/colyseus.js/node_modules/ws/lib/event-target.js:220:9)
          at WebSocket.emit (node:events:524:28)
          at WebSocket.emitClose (/data/Workspace/helios/starwards/node_modules/colyseus.js/node_modules/ws/lib/websocket.js:272:10)
          at Socket.socketOnClose (/data/Workspace/helios/starwards/node_modules/colyseus.js/node_modules/ws/lib/websocket.js:1341:15)
          at Socket.emit (node:events:524:28)
          at TCP.<anonymous> (node:net:343:12)

      at ConnectionManager.onConnectionError (modules/core/src/client/connection-manager.ts:144:21)
          at Array.forEach (<anonymous>)

    console.log
      connection error: TypeError: Cannot read properties of undefined (reading 'decoder')
          at wireEvents (/data/Workspace/helios/starwards/node_modules/colyseus-events/src/wire-events.ts:30:40)
          at /data/Workspace/helios/starwards/modules/core/src/client/admin.ts:20:5
          at processTicksAndRejections (node:internal/process/task_queues:95:5)
          at /data/Workspace/helios/starwards/modules/core/src/client/connection-manager.ts:131:21

      at ConnectionManager.onConnectionError (modules/core/src/client/connection-manager.ts:144:21)

    console.log
      connection error: Error: disconnected from server
          at EventEmitter.<anonymous> (/data/Workspace/helios/starwards/modules/core/src/client/driver.ts:53:58)
          at /data/Workspace/helios/starwards/node_modules/colyseus.js/src/core/signal.ts:15:48
          at Array.forEach (<anonymous>)
          at EventEmitter.invoke (/data/Workspace/helios/starwards/node_modules/colyseus.js/src/core/signal.ts:15:19)
          at Function.register.invoke (/data/Workspace/helios/starwards/node_modules/colyseus.js/src/core/signal.ts:57:81)
          at WebSocket.connection.events.onclose (/data/Workspace/helios/starwards/node_modules/colyseus.js/src/Room.ts:89:30)
          at callListener (/data/Workspace/helios/starwards/node_modules/colyseus.js/node_modules/ws/lib/event-target.js:290:14)
          at WebSocket.onClose (/data/Workspace/helios/starwards/node_modules/colyseus.js/node_modules/ws/lib/event-target.js:220:9)
          at WebSocket.emit (node:events:524:28)
          at WebSocket.emitClose (/data/Workspace/helios/starwards/node_modules/colyseus.js/node_modules/ws/lib/websocket.js:272:10)
          at Socket.socketOnClose (/data/Workspace/helios/starwards/node_modules/colyseus.js/node_modules/ws/lib/websocket.js:1341:15)
          at Socket.emit (node:events:524:28)
          at TCP.<anonymous> (node:net:343:12)

      at ConnectionManager.onConnectionError (modules/core/src/client/connection-manager.ts:144:21)
          at Array.forEach (<anonymous>)

    console.log
      connection error: TypeError: Cannot read properties of undefined (reading 'decoder')
          at wireEvents (/data/Workspace/helios/starwards/node_modules/colyseus-events/src/wire-events.ts:30:40)
          at /data/Workspace/helios/starwards/modules/core/src/client/admin.ts:20:5
          at processTicksAndRejections (node:internal/process/task_queues:95:5)
          at /data/Workspace/helios/starwards/modules/core/src/client/connection-manager.ts:131:21

      at ConnectionManager.onConnectionError (modules/core/src/client/connection-manager.ts:144:21)

    console.log
      connection error: Error: disconnected from server
          at EventEmitter.<anonymous> (/data/Workspace/helios/starwards/modules/core/src/client/driver.ts:53:58)
          at /data/Workspace/helios/starwards/node_modules/colyseus.js/src/core/signal.ts:15:48
          at Array.forEach (<anonymous>)
          at EventEmitter.invoke (/data/Workspace/helios/starwards/node_modules/colyseus.js/src/core/signal.ts:15:19)
          at Function.register.invoke (/data/Workspace/helios/starwards/node_modules/colyseus.js/src/core/signal.ts:57:81)
          at WebSocket.connection.events.onclose (/data/Workspace/helios/starwards/node_modules/colyseus.js/src/Room.ts:89:30)
          at callListener (/data/Workspace/helios/starwards/node_modules/colyseus.js/node_modules/ws/lib/event-target.js:290:14)
          at WebSocket.onClose (/data/Workspace/helios/starwards/node_modules/colyseus.js/node_modules/ws/lib/event-target.js:220:9)
          at WebSocket.emit (node:events:524:28)
          at WebSocket.emitClose (/data/Workspace/helios/starwards/node_modules/colyseus.js/node_modules/ws/lib/websocket.js:272:10)
          at Socket.socketOnClose (/data/Workspace/helios/starwards/node_modules/colyseus.js/node_modules/ws/lib/websocket.js:1341:15)
          at Socket.emit (node:events:524:28)
          at TCP.<anonymous> (node:net:343:12)

      at ConnectionManager.onConnectionError (modules/core/src/client/connection-manager.ts:144:21)
          at Array.forEach (<anonymous>)

    console.log
      connection error: TypeError: Cannot read properties of undefined (reading 'decoder')
          at wireEvents (/data/Workspace/helios/starwards/node_modules/colyseus-events/src/wire-events.ts:30:40)
          at /data/Workspace/helios/starwards/modules/core/src/client/admin.ts:20:5
          at processTicksAndRejections (node:internal/process/task_queues:95:5)
          at /data/Workspace/helios/starwards/modules/core/src/client/connection-manager.ts:131:21

      at ConnectionManager.onConnectionError (modules/core/src/client/connection-manager.ts:144:21)

    console.log
      connection error: Error: disconnected from server
          at EventEmitter.<anonymous> (/data/Workspace/helios/starwards/modules/core/src/client/driver.ts:53:58)
          at /data/Workspace/helios/starwards/node_modules/colyseus.js/src/core/signal.ts:15:48
          at Array.forEach (<anonymous>)
          at EventEmitter.invoke (/data/Workspace/helios/starwards/node_modules/colyseus.js/src/core/signal.ts:15:19)
          at Function.register.invoke (/data/Workspace/helios/starwards/node_modules/colyseus.js/src/core/signal.ts:57:81)
          at WebSocket.connection.events.onclose (/data/Workspace/helios/starwards/node_modules/colyseus.js/src/Room.ts:89:30)
          at callListener (/data/Workspace/helios/starwards/node_modules/colyseus.js/node_modules/ws/lib/event-target.js:290:14)
          at WebSocket.onClose (/data/Workspace/helios/starwards/node_modules/colyseus.js/node_modules/ws/lib/event-target.js:220:9)
          at WebSocket.emit (node:events:524:28)
          at WebSocket.emitClose (/data/Workspace/helios/starwards/node_modules/colyseus.js/node_modules/ws/lib/websocket.js:272:10)
          at Socket.socketOnClose (/data/Workspace/helios/starwards/node_modules/colyseus.js/node_modules/ws/lib/websocket.js:1341:15)
          at Socket.emit (node:events:524:28)
          at TCP.<anonymous> (node:net:343:12)

      at ConnectionManager.onConnectionError (modules/core/src/client/connection-manager.ts:144:21)
          at Array.forEach (<anonymous>)

    console.log
      connection error: TypeError: Cannot read properties of undefined (reading 'decoder')
          at wireEvents (/data/Workspace/helios/starwards/node_modules/colyseus-events/src/wire-events.ts:30:40)
          at /data/Workspace/helios/starwards/modules/core/src/client/admin.ts:20:5
          at processTicksAndRejections (node:internal/process/task_queues:95:5)
          at /data/Workspace/helios/starwards/modules/core/src/client/connection-manager.ts:131:21

      at ConnectionManager.onConnectionError (modules/core/src/client/connection-manager.ts:144:21)

    console.log
      connection error: Error: disconnected from server
          at EventEmitter.<anonymous> (/data/Workspace/helios/starwards/modules/core/src/client/driver.ts:53:58)
          at /data/Workspace/helios/starwards/node_modules/colyseus.js/src/core/signal.ts:15:48
          at Array.forEach (<anonymous>)
          at EventEmitter.invoke (/data/Workspace/helios/starwards/node_modules/colyseus.js/src/core/signal.ts:15:19)
          at Function.register.invoke (/data/Workspace/helios/starwards/node_modules/colyseus.js/src/core/signal.ts:57:81)
          at WebSocket.connection.events.onclose (/data/Workspace/helios/starwards/node_modules/colyseus.js/src/Room.ts:89:30)
          at callListener (/data/Workspace/helios/starwards/node_modules/colyseus.js/node_modules/ws/lib/event-target.js:290:14)
          at WebSocket.onClose (/data/Workspace/helios/starwards/node_modules/colyseus.js/node_modules/ws/lib/event-target.js:220:9)
          at WebSocket.emit (node:events:524:28)
          at WebSocket.emitClose (/data/Workspace/helios/starwards/node_modules/colyseus.js/node_modules/ws/lib/websocket.js:272:10)
          at Socket.socketOnClose (/data/Workspace/helios/starwards/node_modules/colyseus.js/node_modules/ws/lib/websocket.js:1341:15)
          at Socket.emit (node:events:524:28)
          at TCP.<anonymous> (node:net:343:12)

      at ConnectionManager.onConnectionError (modules/core/src/client/connection-manager.ts:144:21)
          at Array.forEach (<anonymous>)

    console.log
      connection error: TypeError: Cannot read properties of undefined (reading 'decoder')
          at wireEvents (/data/Workspace/helios/starwards/node_modules/colyseus-events/src/wire-events.ts:30:40)
          at /data/Workspace/helios/starwards/modules/core/src/client/admin.ts:20:5
          at processTicksAndRejections (node:internal/process/task_queues:95:5)
          at /data/Workspace/helios/starwards/modules/core/src/client/connection-manager.ts:131:21

      at ConnectionManager.onConnectionError (modules/core/src/client/connection-manager.ts:144:21)

    console.log
      connection error: Error: disconnected from server
          at EventEmitter.<anonymous> (/data/Workspace/helios/starwards/modules/core/src/client/driver.ts:53:58)
          at /data/Workspace/helios/starwards/node_modules/colyseus.js/src/core/signal.ts:15:48
          at Array.forEach (<anonymous>)
          at EventEmitter.invoke (/data/Workspace/helios/starwards/node_modules/colyseus.js/src/core/signal.ts:15:19)
          at Function.register.invoke (/data/Workspace/helios/starwards/node_modules/colyseus.js/src/core/signal.ts:57:81)
          at WebSocket.connection.events.onclose (/data/Workspace/helios/starwards/node_modules/colyseus.js/src/Room.ts:89:30)
          at callListener (/data/Workspace/helios/starwards/node_modules/colyseus.js/node_modules/ws/lib/event-target.js:290:14)
          at WebSocket.onClose (/data/Workspace/helios/starwards/node_modules/colyseus.js/node_modules/ws/lib/event-target.js:220:9)
          at WebSocket.emit (node:events:524:28)
          at WebSocket.emitClose (/data/Workspace/helios/starwards/node_modules/colyseus.js/node_modules/ws/lib/websocket.js:272:10)
          at Socket.socketOnClose (/data/Workspace/helios/starwards/node_modules/colyseus.js/node_modules/ws/lib/websocket.js:1341:15)
          at Socket.emit (node:events:524:28)
          at TCP.<anonymous> (node:net:343:12)

      at ConnectionManager.onConnectionError (modules/core/src/client/connection-manager.ts:144:21)
          at Array.forEach (<anonymous>)

    console.log
      connection error: TypeError: Cannot read properties of undefined (reading 'decoder')
          at wireEvents (/data/Workspace/helios/starwards/node_modules/colyseus-events/src/wire-events.ts:30:40)
          at /data/Workspace/helios/starwards/modules/core/src/client/admin.ts:20:5
          at processTicksAndRejections (node:internal/process/task_queues:95:5)
          at /data/Workspace/helios/starwards/modules/core/src/client/connection-manager.ts:131:21

      at ConnectionManager.onConnectionError (modules/core/src/client/connection-manager.ts:144:21)

    console.log
      connection error: Error: disconnected from server
          at EventEmitter.<anonymous> (/data/Workspace/helios/starwards/modules/core/src/client/driver.ts:53:58)
          at /data/Workspace/helios/starwards/node_modules/colyseus.js/src/core/signal.ts:15:48
          at Array.forEach (<anonymous>)
          at EventEmitter.invoke (/data/Workspace/helios/starwards/node_modules/colyseus.js/src/core/signal.ts:15:19)
          at Function.register.invoke (/data/Workspace/helios/starwards/node_modules/colyseus.js/src/core/signal.ts:57:81)
          at WebSocket.connection.events.onclose (/data/Workspace/helios/starwards/node_modules/colyseus.js/src/Room.ts:89:30)
          at callListener (/data/Workspace/helios/starwards/node_modules/colyseus.js/node_modules/ws/lib/event-target.js:290:14)
          at WebSocket.onClose (/data/Workspace/helios/starwards/node_modules/colyseus.js/node_modules/ws/lib/event-target.js:220:9)
          at WebSocket.emit (node:events:524:28)
          at WebSocket.emitClose (/data/Workspace/helios/starwards/node_modules/colyseus.js/node_modules/ws/lib/websocket.js:272:10)
          at Socket.socketOnClose (/data/Workspace/helios/starwards/node_modules/colyseus.js/node_modules/ws/lib/websocket.js:1341:15)
          at Socket.emit (node:events:524:28)
          at TCP.<anonymous> (node:net:343:12)

      at ConnectionManager.onConnectionError (modules/core/src/client/connection-manager.ts:144:21)
          at Array.forEach (<anonymous>)

    console.log
      connection error: TypeError: Cannot read properties of undefined (reading 'decoder')
          at wireEvents (/data/Workspace/helios/starwards/node_modules/colyseus-events/src/wire-events.ts:30:40)
          at /data/Workspace/helios/starwards/modules/core/src/client/admin.ts:20:5
          at processTicksAndRejections (node:internal/process/task_queues:95:5)
          at /data/Workspace/helios/starwards/modules/core/src/client/connection-manager.ts:131:21

      at ConnectionManager.onConnectionError (modules/core/src/client/connection-manager.ts:144:21)

    console.log
      connection error: Error: disconnected from server
          at EventEmitter.<anonymous> (/data/Workspace/helios/starwards/modules/core/src/client/driver.ts:53:58)
          at /data/Workspace/helios/starwards/node_modules/colyseus.js/src/core/signal.ts:15:48
          at Array.forEach (<anonymous>)
          at EventEmitter.invoke (/data/Workspace/helios/starwards/node_modules/colyseus.js/src/core/signal.ts:15:19)
          at Function.register.invoke (/data/Workspace/helios/starwards/node_modules/colyseus.js/src/core/signal.ts:57:81)
          at WebSocket.connection.events.onclose (/data/Workspace/helios/starwards/node_modules/colyseus.js/src/Room.ts:89:30)
          at callListener (/data/Workspace/helios/starwards/node_modules/colyseus.js/node_modules/ws/lib/event-target.js:290:14)
          at WebSocket.onClose (/data/Workspace/helios/starwards/node_modules/colyseus.js/node_modules/ws/lib/event-target.js:220:9)
          at WebSocket.emit (node:events:524:28)
          at WebSocket.emitClose (/data/Workspace/helios/starwards/node_modules/colyseus.js/node_modules/ws/lib/websocket.js:272:10)
          at Socket.socketOnClose (/data/Workspace/helios/starwards/node_modules/colyseus.js/node_modules/ws/lib/websocket.js:1341:15)
          at Socket.emit (node:events:524:28)
          at TCP.<anonymous> (node:net:343:12)

      at ConnectionManager.onConnectionError (modules/core/src/client/connection-manager.ts:144:21)
          at Array.forEach (<anonymous>)

    console.log
      connection error: TypeError: Cannot read properties of undefined (reading 'decoder')
          at wireEvents (/data/Workspace/helios/starwards/node_modules/colyseus-events/src/wire-events.ts:30:40)
          at /data/Workspace/helios/starwards/modules/core/src/client/admin.ts:20:5
          at processTicksAndRejections (node:internal/process/task_queues:95:5)
          at /data/Workspace/helios/starwards/modules/core/src/client/connection-manager.ts:131:21

      at ConnectionManager.onConnectionError (modules/core/src/client/connection-manager.ts:144:21)

    console.log
      connection error: Error: disconnected from server
          at EventEmitter.<anonymous> (/data/Workspace/helios/starwards/modules/core/src/client/driver.ts:53:58)
          at /data/Workspace/helios/starwards/node_modules/colyseus.js/src/core/signal.ts:15:48
          at Array.forEach (<anonymous>)
          at EventEmitter.invoke (/data/Workspace/helios/starwards/node_modules/colyseus.js/src/core/signal.ts:15:19)
          at Function.register.invoke (/data/Workspace/helios/starwards/node_modules/colyseus.js/src/core/signal.ts:57:81)
          at WebSocket.connection.events.onclose (/data/Workspace/helios/starwards/node_modules/colyseus.js/src/Room.ts:89:30)
          at callListener (/data/Workspace/helios/starwards/node_modules/colyseus.js/node_modules/ws/lib/event-target.js:290:14)
          at WebSocket.onClose (/data/Workspace/helios/starwards/node_modules/colyseus.js/node_modules/ws/lib/event-target.js:220:9)
          at WebSocket.emit (node:events:524:28)
          at WebSocket.emitClose (/data/Workspace/helios/starwards/node_modules/colyseus.js/node_modules/ws/lib/websocket.js:272:10)
          at Socket.socketOnClose (/data/Workspace/helios/starwards/node_modules/colyseus.js/node_modules/ws/lib/websocket.js:1341:15)
          at Socket.emit (node:events:524:28)
          at TCP.<anonymous> (node:net:343:12)

      at ConnectionManager.onConnectionError (modules/core/src/client/connection-manager.ts:144:21)
          at Array.forEach (<anonymous>)

    console.log
      connection error: TypeError: Cannot read properties of undefined (reading 'decoder')
          at wireEvents (/data/Workspace/helios/starwards/node_modules/colyseus-events/src/wire-events.ts:30:40)
          at /data/Workspace/helios/starwards/modules/core/src/client/admin.ts:20:5
          at processTicksAndRejections (node:internal/process/task_queues:95:5)
          at /data/Workspace/helios/starwards/modules/core/src/client/connection-manager.ts:131:21

      at ConnectionManager.onConnectionError (modules/core/src/client/connection-manager.ts:144:21)

    console.log
      connection error: Error: disconnected from server
          at EventEmitter.<anonymous> (/data/Workspace/helios/starwards/modules/core/src/client/driver.ts:53:58)
          at /data/Workspace/helios/starwards/node_modules/colyseus.js/src/core/signal.ts:15:48
          at Array.forEach (<anonymous>)
          at EventEmitter.invoke (/data/Workspace/helios/starwards/node_modules/colyseus.js/src/core/signal.ts:15:19)
          at Function.register.invoke (/data/Workspace/helios/starwards/node_modules/colyseus.js/src/core/signal.ts:57:81)
          at WebSocket.connection.events.onclose (/data/Workspace/helios/starwards/node_modules/colyseus.js/src/Room.ts:89:30)
          at callListener (/data/Workspace/helios/starwards/node_modules/colyseus.js/node_modules/ws/lib/event-target.js:290:14)
          at WebSocket.onClose (/data/Workspace/helios/starwards/node_modules/colyseus.js/node_modules/ws/lib/event-target.js:220:9)
          at WebSocket.emit (node:events:524:28)
          at WebSocket.emitClose (/data/Workspace/helios/starwards/node_modules/colyseus.js/node_modules/ws/lib/websocket.js:272:10)
          at Socket.socketOnClose (/data/Workspace/helios/starwards/node_modules/colyseus.js/node_modules/ws/lib/websocket.js:1341:15)
          at Socket.emit (node:events:524:28)
          at TCP.<anonymous> (node:net:343:12)

      at ConnectionManager.onConnectionError (modules/core/src/client/connection-manager.ts:144:21)
          at Array.forEach (<anonymous>)

    console.log
      connection error: TypeError: Cannot read properties of undefined (reading 'decoder')
          at wireEvents (/data/Workspace/helios/starwards/node_modules/colyseus-events/src/wire-events.ts:30:40)
          at /data/Workspace/helios/starwards/modules/core/src/client/admin.ts:20:5
          at processTicksAndRejections (node:internal/process/task_queues:95:5)
          at /data/Workspace/helios/starwards/modules/core/src/client/connection-manager.ts:131:21

      at ConnectionManager.onConnectionError (modules/core/src/client/connection-manager.ts:144:21)

    console.log
      connection error: Error: disconnected from server
          at EventEmitter.<anonymous> (/data/Workspace/helios/starwards/modules/core/src/client/driver.ts:53:58)
          at /data/Workspace/helios/starwards/node_modules/colyseus.js/src/core/signal.ts:15:48
          at Array.forEach (<anonymous>)
          at EventEmitter.invoke (/data/Workspace/helios/starwards/node_modules/colyseus.js/src/core/signal.ts:15:19)
          at Function.register.invoke (/data/Workspace/helios/starwards/node_modules/colyseus.js/src/core/signal.ts:57:81)
          at WebSocket.connection.events.onclose (/data/Workspace/helios/starwards/node_modules/colyseus.js/src/Room.ts:89:30)
          at callListener (/data/Workspace/helios/starwards/node_modules/colyseus.js/node_modules/ws/lib/event-target.js:290:14)
          at WebSocket.onClose (/data/Workspace/helios/starwards/node_modules/colyseus.js/node_modules/ws/lib/event-target.js:220:9)
          at WebSocket.emit (node:events:524:28)
          at WebSocket.emitClose (/data/Workspace/helios/starwards/node_modules/colyseus.js/node_modules/ws/lib/websocket.js:272:10)
          at Socket.socketOnClose (/data/Workspace/helios/starwards/node_modules/colyseus.js/node_modules/ws/lib/websocket.js:1341:15)
          at Socket.emit (node:events:524:28)
          at TCP.<anonymous> (node:net:343:12)

      at ConnectionManager.onConnectionError (modules/core/src/client/connection-manager.ts:144:21)
          at Array.forEach (<anonymous>)

    console.log
      connection error: TypeError: Cannot read properties of undefined (reading 'decoder')
          at wireEvents (/data/Workspace/helios/starwards/node_modules/colyseus-events/src/wire-events.ts:30:40)
          at /data/Workspace/helios/starwards/modules/core/src/client/admin.ts:20:5
          at processTicksAndRejections (node:internal/process/task_queues:95:5)
          at /data/Workspace/helios/starwards/modules/core/src/client/connection-manager.ts:131:21

      at ConnectionManager.onConnectionError (modules/core/src/client/connection-manager.ts:144:21)

    console.log
      connection error: Error: disconnected from server
          at EventEmitter.<anonymous> (/data/Workspace/helios/starwards/modules/core/src/client/driver.ts:53:58)
          at /data/Workspace/helios/starwards/node_modules/colyseus.js/src/core/signal.ts:15:48
          at Array.forEach (<anonymous>)
          at EventEmitter.invoke (/data/Workspace/helios/starwards/node_modules/colyseus.js/src/core/signal.ts:15:19)
          at Function.register.invoke (/data/Workspace/helios/starwards/node_modules/colyseus.js/src/core/signal.ts:57:81)
          at WebSocket.connection.events.onclose (/data/Workspace/helios/starwards/node_modules/colyseus.js/src/Room.ts:89:30)
          at callListener (/data/Workspace/helios/starwards/node_modules/colyseus.js/node_modules/ws/lib/event-target.js:290:14)
          at WebSocket.onClose (/data/Workspace/helios/starwards/node_modules/colyseus.js/node_modules/ws/lib/event-target.js:220:9)
          at WebSocket.emit (node:events:524:28)
          at WebSocket.emitClose (/data/Workspace/helios/starwards/node_modules/colyseus.js/node_modules/ws/lib/websocket.js:272:10)
          at Socket.socketOnClose (/data/Workspace/helios/starwards/node_modules/colyseus.js/node_modules/ws/lib/websocket.js:1341:15)
          at Socket.emit (node:events:524:28)
          at TCP.<anonymous> (node:net:343:12)

      at ConnectionManager.onConnectionError (modules/core/src/client/connection-manager.ts:144:21)
          at Array.forEach (<anonymous>)

    console.log
      connection error: TypeError: Cannot read properties of undefined (reading 'decoder')
          at wireEvents (/data/Workspace/helios/starwards/node_modules/colyseus-events/src/wire-events.ts:30:40)
          at /data/Workspace/helios/starwards/modules/core/src/client/admin.ts:20:5
          at processTicksAndRejections (node:internal/process/task_queues:95:5)
          at /data/Workspace/helios/starwards/modules/core/src/client/connection-manager.ts:131:21

      at ConnectionManager.onConnectionError (modules/core/src/client/connection-manager.ts:144:21)

    console.log
      connection error: Error: disconnected from server
          at EventEmitter.<anonymous> (/data/Workspace/helios/starwards/modules/core/src/client/driver.ts:53:58)
          at /data/Workspace/helios/starwards/node_modules/colyseus.js/src/core/signal.ts:15:48
          at Array.forEach (<anonymous>)
          at EventEmitter.invoke (/data/Workspace/helios/starwards/node_modules/colyseus.js/src/core/signal.ts:15:19)
          at Function.register.invoke (/data/Workspace/helios/starwards/node_modules/colyseus.js/src/core/signal.ts:57:81)
          at WebSocket.connection.events.onclose (/data/Workspace/helios/starwards/node_modules/colyseus.js/src/Room.ts:89:30)
          at callListener (/data/Workspace/helios/starwards/node_modules/colyseus.js/node_modules/ws/lib/event-target.js:290:14)
          at WebSocket.onClose (/data/Workspace/helios/starwards/node_modules/colyseus.js/node_modules/ws/lib/event-target.js:220:9)
          at WebSocket.emit (node:events:524:28)
          at WebSocket.emitClose (/data/Workspace/helios/starwards/node_modules/colyseus.js/node_modules/ws/lib/websocket.js:272:10)
          at Socket.socketOnClose (/data/Workspace/helios/starwards/node_modules/colyseus.js/node_modules/ws/lib/websocket.js:1341:15)
          at Socket.emit (node:events:524:28)
          at TCP.<anonymous> (node:net:343:12)

      at ConnectionManager.onConnectionError (modules/core/src/client/connection-manager.ts:144:21)
          at Array.forEach (<anonymous>)

    console.log
      connection error: TypeError: Cannot read properties of undefined (reading 'decoder')
          at wireEvents (/data/Workspace/helios/starwards/node_modules/colyseus-events/src/wire-events.ts:30:40)
          at /data/Workspace/helios/starwards/modules/core/src/client/admin.ts:20:5
          at processTicksAndRejections (node:internal/process/task_queues:95:5)
          at /data/Workspace/helios/starwards/modules/core/src/client/connection-manager.ts:131:21

      at ConnectionManager.onConnectionError (modules/core/src/client/connection-manager.ts:144:21)

    console.log
      connection error: Error: disconnected from server
          at EventEmitter.<anonymous> (/data/Workspace/helios/starwards/modules/core/src/client/driver.ts:53:58)
          at /data/Workspace/helios/starwards/node_modules/colyseus.js/src/core/signal.ts:15:48
          at Array.forEach (<anonymous>)
          at EventEmitter.invoke (/data/Workspace/helios/starwards/node_modules/colyseus.js/src/core/signal.ts:15:19)
          at Function.register.invoke (/data/Workspace/helios/starwards/node_modules/colyseus.js/src/core/signal.ts:57:81)
          at WebSocket.connection.events.onclose (/data/Workspace/helios/starwards/node_modules/colyseus.js/src/Room.ts:89:30)
          at callListener (/data/Workspace/helios/starwards/node_modules/colyseus.js/node_modules/ws/lib/event-target.js:290:14)
          at WebSocket.onClose (/data/Workspace/helios/starwards/node_modules/colyseus.js/node_modules/ws/lib/event-target.js:220:9)
          at WebSocket.emit (node:events:524:28)
          at WebSocket.emitClose (/data/Workspace/helios/starwards/node_modules/colyseus.js/node_modules/ws/lib/websocket.js:272:10)
          at Socket.socketOnClose (/data/Workspace/helios/starwards/node_modules/colyseus.js/node_modules/ws/lib/websocket.js:1341:15)
          at Socket.emit (node:events:524:28)
          at TCP.<anonymous> (node:net:343:12)

      at ConnectionManager.onConnectionError (modules/core/src/client/connection-manager.ts:144:21)
          at Array.forEach (<anonymous>)

    console.log
      connection error: TypeError: Cannot read properties of undefined (reading 'decoder')
          at wireEvents (/data/Workspace/helios/starwards/node_modules/colyseus-events/src/wire-events.ts:30:40)
          at /data/Workspace/helios/starwards/modules/core/src/client/admin.ts:20:5
          at processTicksAndRejections (node:internal/process/task_queues:95:5)
          at /data/Workspace/helios/starwards/modules/core/src/client/connection-manager.ts:131:21

      at ConnectionManager.onConnectionError (modules/core/src/client/connection-manager.ts:144:21)

    console.log
      connection error: Error: disconnected from server
          at EventEmitter.<anonymous> (/data/Workspace/helios/starwards/modules/core/src/client/driver.ts:53:58)
          at /data/Workspace/helios/starwards/node_modules/colyseus.js/src/core/signal.ts:15:48
          at Array.forEach (<anonymous>)
          at EventEmitter.invoke (/data/Workspace/helios/starwards/node_modules/colyseus.js/src/core/signal.ts:15:19)
          at Function.register.invoke (/data/Workspace/helios/starwards/node_modules/colyseus.js/src/core/signal.ts:57:81)
          at WebSocket.connection.events.onclose (/data/Workspace/helios/starwards/node_modules/colyseus.js/src/Room.ts:89:30)
          at callListener (/data/Workspace/helios/starwards/node_modules/colyseus.js/node_modules/ws/lib/event-target.js:290:14)
          at WebSocket.onClose (/data/Workspace/helios/starwards/node_modules/colyseus.js/node_modules/ws/lib/event-target.js:220:9)
          at WebSocket.emit (node:events:524:28)
          at WebSocket.emitClose (/data/Workspace/helios/starwards/node_modules/colyseus.js/node_modules/ws/lib/websocket.js:272:10)
          at Socket.socketOnClose (/data/Workspace/helios/starwards/node_modules/colyseus.js/node_modules/ws/lib/websocket.js:1341:15)
          at Socket.emit (node:events:524:28)
          at TCP.<anonymous> (node:net:343:12)

      at ConnectionManager.onConnectionError (modules/core/src/client/connection-manager.ts:144:21)
          at Array.forEach (<anonymous>)

    console.log
      connection error: TypeError: Cannot read properties of undefined (reading 'decoder')
          at wireEvents (/data/Workspace/helios/starwards/node_modules/colyseus-events/src/wire-events.ts:30:40)
          at /data/Workspace/helios/starwards/modules/core/src/client/admin.ts:20:5
          at processTicksAndRejections (node:internal/process/task_queues:95:5)
          at /data/Workspace/helios/starwards/modules/core/src/client/connection-manager.ts:131:21

      at ConnectionManager.onConnectionError (modules/core/src/client/connection-manager.ts:144:21)

    console.log
      connection error: Error: disconnected from server
          at EventEmitter.<anonymous> (/data/Workspace/helios/starwards/modules/core/src/client/driver.ts:53:58)
          at /data/Workspace/helios/starwards/node_modules/colyseus.js/src/core/signal.ts:15:48
          at Array.forEach (<anonymous>)
          at EventEmitter.invoke (/data/Workspace/helios/starwards/node_modules/colyseus.js/src/core/signal.ts:15:19)
          at Function.register.invoke (/data/Workspace/helios/starwards/node_modules/colyseus.js/src/core/signal.ts:57:81)
          at WebSocket.connection.events.onclose (/data/Workspace/helios/starwards/node_modules/colyseus.js/src/Room.ts:89:30)
          at callListener (/data/Workspace/helios/starwards/node_modules/colyseus.js/node_modules/ws/lib/event-target.js:290:14)
          at WebSocket.onClose (/data/Workspace/helios/starwards/node_modules/colyseus.js/node_modules/ws/lib/event-target.js:220:9)
          at WebSocket.emit (node:events:524:28)
          at WebSocket.emitClose (/data/Workspace/helios/starwards/node_modules/colyseus.js/node_modules/ws/lib/websocket.js:272:10)
          at Socket.socketOnClose (/data/Workspace/helios/starwards/node_modules/colyseus.js/node_modules/ws/lib/websocket.js:1341:15)
          at Socket.emit (node:events:524:28)
          at TCP.<anonymous> (node:net:343:12)

      at ConnectionManager.onConnectionError (modules/core/src/client/connection-manager.ts:144:21)
          at Array.forEach (<anonymous>)

    console.log
      connection error: TypeError: Cannot read properties of undefined (reading 'decoder')
          at wireEvents (/data/Workspace/helios/starwards/node_modules/colyseus-events/src/wire-events.ts:30:40)
          at /data/Workspace/helios/starwards/modules/core/src/client/admin.ts:20:5
          at processTicksAndRejections (node:internal/process/task_queues:95:5)
          at /data/Workspace/helios/starwards/modules/core/src/client/connection-manager.ts:131:21

      at ConnectionManager.onConnectionError (modules/core/src/client/connection-manager.ts:144:21)

    console.log
      connection error: Error: disconnected from server
          at EventEmitter.<anonymous> (/data/Workspace/helios/starwards/modules/core/src/client/driver.ts:53:58)
          at /data/Workspace/helios/starwards/node_modules/colyseus.js/src/core/signal.ts:15:48
          at Array.forEach (<anonymous>)
          at EventEmitter.invoke (/data/Workspace/helios/starwards/node_modules/colyseus.js/src/core/signal.ts:15:19)
          at Function.register.invoke (/data/Workspace/helios/starwards/node_modules/colyseus.js/src/core/signal.ts:57:81)
          at WebSocket.connection.events.onclose (/data/Workspace/helios/starwards/node_modules/colyseus.js/src/Room.ts:89:30)
          at callListener (/data/Workspace/helios/starwards/node_modules/colyseus.js/node_modules/ws/lib/event-target.js:290:14)
          at WebSocket.onClose (/data/Workspace/helios/starwards/node_modules/colyseus.js/node_modules/ws/lib/event-target.js:220:9)
          at WebSocket.emit (node:events:524:28)
          at WebSocket.emitClose (/data/Workspace/helios/starwards/node_modules/colyseus.js/node_modules/ws/lib/websocket.js:272:10)
          at Socket.socketOnClose (/data/Workspace/helios/starwards/node_modules/colyseus.js/node_modules/ws/lib/websocket.js:1341:15)
          at Socket.emit (node:events:524:28)
          at TCP.<anonymous> (node:net:343:12)

      at ConnectionManager.onConnectionError (modules/core/src/client/connection-manager.ts:144:21)
          at Array.forEach (<anonymous>)

    console.log
      connection error: TypeError: Cannot read properties of undefined (reading 'decoder')
          at wireEvents (/data/Workspace/helios/starwards/node_modules/colyseus-events/src/wire-events.ts:30:40)
          at /data/Workspace/helios/starwards/modules/core/src/client/admin.ts:20:5
          at processTicksAndRejections (node:internal/process/task_queues:95:5)
          at /data/Workspace/helios/starwards/modules/core/src/client/connection-manager.ts:131:21

      at ConnectionManager.onConnectionError (modules/core/src/client/connection-manager.ts:144:21)

    console.log
      connection error: Error: disconnected from server
          at EventEmitter.<anonymous> (/data/Workspace/helios/starwards/modules/core/src/client/driver.ts:53:58)
          at /data/Workspace/helios/starwards/node_modules/colyseus.js/src/core/signal.ts:15:48
          at Array.forEach (<anonymous>)
          at EventEmitter.invoke (/data/Workspace/helios/starwards/node_modules/colyseus.js/src/core/signal.ts:15:19)
          at Function.register.invoke (/data/Workspace/helios/starwards/node_modules/colyseus.js/src/core/signal.ts:57:81)
          at WebSocket.connection.events.onclose (/data/Workspace/helios/starwards/node_modules/colyseus.js/src/Room.ts:89:30)
          at callListener (/data/Workspace/helios/starwards/node_modules/colyseus.js/node_modules/ws/lib/event-target.js:290:14)
          at WebSocket.onClose (/data/Workspace/helios/starwards/node_modules/colyseus.js/node_modules/ws/lib/event-target.js:220:9)
          at WebSocket.emit (node:events:524:28)
          at WebSocket.emitClose (/data/Workspace/helios/starwards/node_modules/colyseus.js/node_modules/ws/lib/websocket.js:272:10)
          at Socket.socketOnClose (/data/Workspace/helios/starwards/node_modules/colyseus.js/node_modules/ws/lib/websocket.js:1341:15)
          at Socket.emit (node:events:524:28)
          at TCP.<anonymous> (node:net:343:12)

      at ConnectionManager.onConnectionError (modules/core/src/client/connection-manager.ts:144:21)
          at Array.forEach (<anonymous>)

    console.log
      connection error: TypeError: Cannot read properties of undefined (reading 'decoder')
          at wireEvents (/data/Workspace/helios/starwards/node_modules/colyseus-events/src/wire-events.ts:30:40)
          at /data/Workspace/helios/starwards/modules/core/src/client/admin.ts:20:5
          at processTicksAndRejections (node:internal/process/task_queues:95:5)
          at /data/Workspace/helios/starwards/modules/core/src/client/connection-manager.ts:131:21

      at ConnectionManager.onConnectionError (modules/core/src/client/connection-manager.ts:144:21)

    console.log
      connection error: Error: disconnected from server
          at EventEmitter.<anonymous> (/data/Workspace/helios/starwards/modules/core/src/client/driver.ts:53:58)
          at /data/Workspace/helios/starwards/node_modules/colyseus.js/src/core/signal.ts:15:48
          at Array.forEach (<anonymous>)
          at EventEmitter.invoke (/data/Workspace/helios/starwards/node_modules/colyseus.js/src/core/signal.ts:15:19)
          at Function.register.invoke (/data/Workspace/helios/starwards/node_modules/colyseus.js/src/core/signal.ts:57:81)
          at WebSocket.connection.events.onclose (/data/Workspace/helios/starwards/node_modules/colyseus.js/src/Room.ts:89:30)
          at callListener (/data/Workspace/helios/starwards/node_modules/colyseus.js/node_modules/ws/lib/event-target.js:290:14)
          at WebSocket.onClose (/data/Workspace/helios/starwards/node_modules/colyseus.js/node_modules/ws/lib/event-target.js:220:9)
          at WebSocket.emit (node:events:524:28)
          at WebSocket.emitClose (/data/Workspace/helios/starwards/node_modules/colyseus.js/node_modules/ws/lib/websocket.js:272:10)
          at Socket.socketOnClose (/data/Workspace/helios/starwards/node_modules/colyseus.js/node_modules/ws/lib/websocket.js:1341:15)
          at Socket.emit (node:events:524:28)
          at TCP.<anonymous> (node:net:343:12)

      at ConnectionManager.onConnectionError (modules/core/src/client/connection-manager.ts:144:21)
          at Array.forEach (<anonymous>)

    console.log
      connection error: TypeError: Cannot read properties of undefined (reading 'decoder')
          at wireEvents (/data/Workspace/helios/starwards/node_modules/colyseus-events/src/wire-events.ts:30:40)
          at /data/Workspace/helios/starwards/modules/core/src/client/admin.ts:20:5
          at processTicksAndRejections (node:internal/process/task_queues:95:5)
          at /data/Workspace/helios/starwards/modules/core/src/client/connection-manager.ts:131:21

      at ConnectionManager.onConnectionError (modules/core/src/client/connection-manager.ts:144:21)

    console.log
      connection error: Error: disconnected from server
          at EventEmitter.<anonymous> (/data/Workspace/helios/starwards/modules/core/src/client/driver.ts:53:58)
          at /data/Workspace/helios/starwards/node_modules/colyseus.js/src/core/signal.ts:15:48
          at Array.forEach (<anonymous>)
          at EventEmitter.invoke (/data/Workspace/helios/starwards/node_modules/colyseus.js/src/core/signal.ts:15:19)
          at Function.register.invoke (/data/Workspace/helios/starwards/node_modules/colyseus.js/src/core/signal.ts:57:81)
          at WebSocket.connection.events.onclose (/data/Workspace/helios/starwards/node_modules/colyseus.js/src/Room.ts:89:30)
          at callListener (/data/Workspace/helios/starwards/node_modules/colyseus.js/node_modules/ws/lib/event-target.js:290:14)
          at WebSocket.onClose (/data/Workspace/helios/starwards/node_modules/colyseus.js/node_modules/ws/lib/event-target.js:220:9)
          at WebSocket.emit (node:events:524:28)
          at WebSocket.emitClose (/data/Workspace/helios/starwards/node_modules/colyseus.js/node_modules/ws/lib/websocket.js:272:10)
          at Socket.socketOnClose (/data/Workspace/helios/starwards/node_modules/colyseus.js/node_modules/ws/lib/websocket.js:1341:15)
          at Socket.emit (node:events:524:28)
          at TCP.<anonymous> (node:net:343:12)

      at ConnectionManager.onConnectionError (modules/core/src/client/connection-manager.ts:144:21)
          at Array.forEach (<anonymous>)

    console.log
      connection error: TypeError: Cannot read properties of undefined (reading 'decoder')
          at wireEvents (/data/Workspace/helios/starwards/node_modules/colyseus-events/src/wire-events.ts:30:40)
          at /data/Workspace/helios/starwards/modules/core/src/client/admin.ts:20:5
          at processTicksAndRejections (node:internal/process/task_queues:95:5)
          at /data/Workspace/helios/starwards/modules/core/src/client/connection-manager.ts:131:21

      at ConnectionManager.onConnectionError (modules/core/src/client/connection-manager.ts:144:21)

    console.log
      connection error: Error: disconnected from server
          at EventEmitter.<anonymous> (/data/Workspace/helios/starwards/modules/core/src/client/driver.ts:53:58)
          at /data/Workspace/helios/starwards/node_modules/colyseus.js/src/core/signal.ts:15:48
          at Array.forEach (<anonymous>)
          at EventEmitter.invoke (/data/Workspace/helios/starwards/node_modules/colyseus.js/src/core/signal.ts:15:19)
          at Function.register.invoke (/data/Workspace/helios/starwards/node_modules/colyseus.js/src/core/signal.ts:57:81)
          at WebSocket.connection.events.onclose (/data/Workspace/helios/starwards/node_modules/colyseus.js/src/Room.ts:89:30)
          at callListener (/data/Workspace/helios/starwards/node_modules/colyseus.js/node_modules/ws/lib/event-target.js:290:14)
          at WebSocket.onClose (/data/Workspace/helios/starwards/node_modules/colyseus.js/node_modules/ws/lib/event-target.js:220:9)
          at WebSocket.emit (node:events:524:28)
          at WebSocket.emitClose (/data/Workspace/helios/starwards/node_modules/colyseus.js/node_modules/ws/lib/websocket.js:272:10)
          at Socket.socketOnClose (/data/Workspace/helios/starwards/node_modules/colyseus.js/node_modules/ws/lib/websocket.js:1341:15)
          at Socket.emit (node:events:524:28)
          at TCP.<anonymous> (node:net:343:12)

      at ConnectionManager.onConnectionError (modules/core/src/client/connection-manager.ts:144:21)
          at Array.forEach (<anonymous>)

    console.log
      connection error: TypeError: Cannot read properties of undefined (reading 'decoder')
          at wireEvents (/data/Workspace/helios/starwards/node_modules/colyseus-events/src/wire-events.ts:30:40)
          at /data/Workspace/helios/starwards/modules/core/src/client/admin.ts:20:5
          at processTicksAndRejections (node:internal/process/task_queues:95:5)
          at /data/Workspace/helios/starwards/modules/core/src/client/connection-manager.ts:131:21

      at ConnectionManager.onConnectionError (modules/core/src/client/connection-manager.ts:144:21)

    console.log
      connection error: Error: disconnected from server
          at EventEmitter.<anonymous> (/data/Workspace/helios/starwards/modules/core/src/client/driver.ts:53:58)
          at /data/Workspace/helios/starwards/node_modules/colyseus.js/src/core/signal.ts:15:48
          at Array.forEach (<anonymous>)
          at EventEmitter.invoke (/data/Workspace/helios/starwards/node_modules/colyseus.js/src/core/signal.ts:15:19)
          at Function.register.invoke (/data/Workspace/helios/starwards/node_modules/colyseus.js/src/core/signal.ts:57:81)
          at WebSocket.connection.events.onclose (/data/Workspace/helios/starwards/node_modules/colyseus.js/src/Room.ts:89:30)
          at callListener (/data/Workspace/helios/starwards/node_modules/colyseus.js/node_modules/ws/lib/event-target.js:290:14)
          at WebSocket.onClose (/data/Workspace/helios/starwards/node_modules/colyseus.js/node_modules/ws/lib/event-target.js:220:9)
          at WebSocket.emit (node:events:524:28)
          at WebSocket.emitClose (/data/Workspace/helios/starwards/node_modules/colyseus.js/node_modules/ws/lib/websocket.js:272:10)
          at Socket.socketOnClose (/data/Workspace/helios/starwards/node_modules/colyseus.js/node_modules/ws/lib/websocket.js:1341:15)
          at Socket.emit (node:events:524:28)
          at TCP.<anonymous> (node:net:343:12)

      at ConnectionManager.onConnectionError (modules/core/src/client/connection-manager.ts:144:21)
          at Array.forEach (<anonymous>)

    console.log
      connection error: TypeError: Cannot read properties of undefined (reading 'decoder')
          at wireEvents (/data/Workspace/helios/starwards/node_modules/colyseus-events/src/wire-events.ts:30:40)
          at /data/Workspace/helios/starwards/modules/core/src/client/admin.ts:20:5
          at processTicksAndRejections (node:internal/process/task_queues:95:5)
          at /data/Workspace/helios/starwards/modules/core/src/client/connection-manager.ts:131:21

      at ConnectionManager.onConnectionError (modules/core/src/client/connection-manager.ts:144:21)

    console.log
      connection error: Error: disconnected from server
          at EventEmitter.<anonymous> (/data/Workspace/helios/starwards/modules/core/src/client/driver.ts:53:58)
          at /data/Workspace/helios/starwards/node_modules/colyseus.js/src/core/signal.ts:15:48
          at Array.forEach (<anonymous>)
          at EventEmitter.invoke (/data/Workspace/helios/starwards/node_modules/colyseus.js/src/core/signal.ts:15:19)
          at Function.register.invoke (/data/Workspace/helios/starwards/node_modules/colyseus.js/src/core/signal.ts:57:81)
          at WebSocket.connection.events.onclose (/data/Workspace/helios/starwards/node_modules/colyseus.js/src/Room.ts:89:30)
          at callListener (/data/Workspace/helios/starwards/node_modules/colyseus.js/node_modules/ws/lib/event-target.js:290:14)
          at WebSocket.onClose (/data/Workspace/helios/starwards/node_modules/colyseus.js/node_modules/ws/lib/event-target.js:220:9)
          at WebSocket.emit (node:events:524:28)
          at WebSocket.emitClose (/data/Workspace/helios/starwards/node_modules/colyseus.js/node_modules/ws/lib/websocket.js:272:10)
          at Socket.socketOnClose (/data/Workspace/helios/starwards/node_modules/colyseus.js/node_modules/ws/lib/websocket.js:1341:15)
          at Socket.emit (node:events:524:28)
          at TCP.<anonymous> (node:net:343:12)

      at ConnectionManager.onConnectionError (modules/core/src/client/connection-manager.ts:144:21)
          at Array.forEach (<anonymous>)

    console.log
      connection error: TypeError: Cannot read properties of undefined (reading 'decoder')
          at wireEvents (/data/Workspace/helios/starwards/node_modules/colyseus-events/src/wire-events.ts:30:40)
          at /data/Workspace/helios/starwards/modules/core/src/client/admin.ts:20:5
          at processTicksAndRejections (node:internal/process/task_queues:95:5)
          at /data/Workspace/helios/starwards/modules/core/src/client/connection-manager.ts:131:21

      at ConnectionManager.onConnectionError (modules/core/src/client/connection-manager.ts:144:21)

    console.log
      connection error: Error: disconnected from server
          at EventEmitter.<anonymous> (/data/Workspace/helios/starwards/modules/core/src/client/driver.ts:53:58)
          at /data/Workspace/helios/starwards/node_modules/colyseus.js/src/core/signal.ts:15:48
          at Array.forEach (<anonymous>)
          at EventEmitter.invoke (/data/Workspace/helios/starwards/node_modules/colyseus.js/src/core/signal.ts:15:19)
          at Function.register.invoke (/data/Workspace/helios/starwards/node_modules/colyseus.js/src/core/signal.ts:57:81)
          at WebSocket.connection.events.onclose (/data/Workspace/helios/starwards/node_modules/colyseus.js/src/Room.ts:89:30)
          at callListener (/data/Workspace/helios/starwards/node_modules/colyseus.js/node_modules/ws/lib/event-target.js:290:14)
          at WebSocket.onClose (/data/Workspace/helios/starwards/node_modules/colyseus.js/node_modules/ws/lib/event-target.js:220:9)
          at WebSocket.emit (node:events:524:28)
          at WebSocket.emitClose (/data/Workspace/helios/starwards/node_modules/colyseus.js/node_modules/ws/lib/websocket.js:272:10)
          at Socket.socketOnClose (/data/Workspace/helios/starwards/node_modules/colyseus.js/node_modules/ws/lib/websocket.js:1341:15)
          at Socket.emit (node:events:524:28)
          at TCP.<anonymous> (node:net:343:12)

      at ConnectionManager.onConnectionError (modules/core/src/client/connection-manager.ts:144:21)
          at Array.forEach (<anonymous>)

    console.log
      connection error: TypeError: Cannot read properties of undefined (reading 'decoder')
          at wireEvents (/data/Workspace/helios/starwards/node_modules/colyseus-events/src/wire-events.ts:30:40)
          at /data/Workspace/helios/starwards/modules/core/src/client/admin.ts:20:5
          at processTicksAndRejections (node:internal/process/task_queues:95:5)
          at /data/Workspace/helios/starwards/modules/core/src/client/connection-manager.ts:131:21

      at ConnectionManager.onConnectionError (modules/core/src/client/connection-manager.ts:144:21)

    console.log
      connection error: Error: disconnected from server
          at EventEmitter.<anonymous> (/data/Workspace/helios/starwards/modules/core/src/client/driver.ts:53:58)
          at /data/Workspace/helios/starwards/node_modules/colyseus.js/src/core/signal.ts:15:48
          at Array.forEach (<anonymous>)
          at EventEmitter.invoke (/data/Workspace/helios/starwards/node_modules/colyseus.js/src/core/signal.ts:15:19)
          at Function.register.invoke (/data/Workspace/helios/starwards/node_modules/colyseus.js/src/core/signal.ts:57:81)
          at WebSocket.connection.events.onclose (/data/Workspace/helios/starwards/node_modules/colyseus.js/src/Room.ts:89:30)
          at callListener (/data/Workspace/helios/starwards/node_modules/colyseus.js/node_modules/ws/lib/event-target.js:290:14)
          at WebSocket.onClose (/data/Workspace/helios/starwards/node_modules/colyseus.js/node_modules/ws/lib/event-target.js:220:9)
          at WebSocket.emit (node:events:524:28)
          at WebSocket.emitClose (/data/Workspace/helios/starwards/node_modules/colyseus.js/node_modules/ws/lib/websocket.js:272:10)
          at Socket.socketOnClose (/data/Workspace/helios/starwards/node_modules/colyseus.js/node_modules/ws/lib/websocket.js:1341:15)
          at Socket.emit (node:events:524:28)
          at TCP.<anonymous> (node:net:343:12)

      at ConnectionManager.onConnectionError (modules/core/src/client/connection-manager.ts:144:21)
          at Array.forEach (<anonymous>)

    console.log
      connection error: TypeError: Cannot read properties of undefined (reading 'decoder')
          at wireEvents (/data/Workspace/helios/starwards/node_modules/colyseus-events/src/wire-events.ts:30:40)
          at /data/Workspace/helios/starwards/modules/core/src/client/admin.ts:20:5
          at processTicksAndRejections (node:internal/process/task_queues:95:5)
          at /data/Workspace/helios/starwards/modules/core/src/client/connection-manager.ts:131:21

      at ConnectionManager.onConnectionError (modules/core/src/client/connection-manager.ts:144:21)

    console.log
      connection error: Error: disconnected from server
          at EventEmitter.<anonymous> (/data/Workspace/helios/starwards/modules/core/src/client/driver.ts:53:58)
          at /data/Workspace/helios/starwards/node_modules/colyseus.js/src/core/signal.ts:15:48
          at Array.forEach (<anonymous>)
          at EventEmitter.invoke (/data/Workspace/helios/starwards/node_modules/colyseus.js/src/core/signal.ts:15:19)
          at Function.register.invoke (/data/Workspace/helios/starwards/node_modules/colyseus.js/src/core/signal.ts:57:81)
          at WebSocket.connection.events.onclose (/data/Workspace/helios/starwards/node_modules/colyseus.js/src/Room.ts:89:30)
          at callListener (/data/Workspace/helios/starwards/node_modules/colyseus.js/node_modules/ws/lib/event-target.js:290:14)
          at WebSocket.onClose (/data/Workspace/helios/starwards/node_modules/colyseus.js/node_modules/ws/lib/event-target.js:220:9)
          at WebSocket.emit (node:events:524:28)
          at WebSocket.emitClose (/data/Workspace/helios/starwards/node_modules/colyseus.js/node_modules/ws/lib/websocket.js:272:10)
          at Socket.socketOnClose (/data/Workspace/helios/starwards/node_modules/colyseus.js/node_modules/ws/lib/websocket.js:1341:15)
          at Socket.emit (node:events:524:28)
          at TCP.<anonymous> (node:net:343:12)

      at ConnectionManager.onConnectionError (modules/core/src/client/connection-manager.ts:144:21)
          at Array.forEach (<anonymous>)

    console.log
      connection error: TypeError: Cannot read properties of undefined (reading 'decoder')
          at wireEvents (/data/Workspace/helios/starwards/node_modules/colyseus-events/src/wire-events.ts:30:40)
          at /data/Workspace/helios/starwards/modules/core/src/client/admin.ts:20:5
          at processTicksAndRejections (node:internal/process/task_queues:95:5)
          at /data/Workspace/helios/starwards/modules/core/src/client/connection-manager.ts:131:21

      at ConnectionManager.onConnectionError (modules/core/src/client/connection-manager.ts:144:21)

    console.log
      connection error: Error: disconnected from server
          at EventEmitter.<anonymous> (/data/Workspace/helios/starwards/modules/core/src/client/driver.ts:53:58)
          at /data/Workspace/helios/starwards/node_modules/colyseus.js/src/core/signal.ts:15:48
          at Array.forEach (<anonymous>)
          at EventEmitter.invoke (/data/Workspace/helios/starwards/node_modules/colyseus.js/src/core/signal.ts:15:19)
          at Function.register.invoke (/data/Workspace/helios/starwards/node_modules/colyseus.js/src/core/signal.ts:57:81)
          at WebSocket.connection.events.onclose (/data/Workspace/helios/starwards/node_modules/colyseus.js/src/Room.ts:89:30)
          at callListener (/data/Workspace/helios/starwards/node_modules/colyseus.js/node_modules/ws/lib/event-target.js:290:14)
          at WebSocket.onClose (/data/Workspace/helios/starwards/node_modules/colyseus.js/node_modules/ws/lib/event-target.js:220:9)
          at WebSocket.emit (node:events:524:28)
          at WebSocket.emitClose (/data/Workspace/helios/starwards/node_modules/colyseus.js/node_modules/ws/lib/websocket.js:272:10)
          at Socket.socketOnClose (/data/Workspace/helios/starwards/node_modules/colyseus.js/node_modules/ws/lib/websocket.js:1341:15)
          at Socket.emit (node:events:524:28)
          at TCP.<anonymous> (node:net:343:12)

      at ConnectionManager.onConnectionError (modules/core/src/client/connection-manager.ts:144:21)
          at Array.forEach (<anonymous>)

    console.log
      connection error: TypeError: Cannot read properties of undefined (reading 'decoder')
          at wireEvents (/data/Workspace/helios/starwards/node_modules/colyseus-events/src/wire-events.ts:30:40)
          at /data/Workspace/helios/starwards/modules/core/src/client/admin.ts:20:5
          at processTicksAndRejections (node:internal/process/task_queues:95:5)
          at /data/Workspace/helios/starwards/modules/core/src/client/connection-manager.ts:131:21

      at ConnectionManager.onConnectionError (modules/core/src/client/connection-manager.ts:144:21)

    console.log
      connection error: Error: disconnected from server
          at EventEmitter.<anonymous> (/data/Workspace/helios/starwards/modules/core/src/client/driver.ts:53:58)
          at /data/Workspace/helios/starwards/node_modules/colyseus.js/src/core/signal.ts:15:48
          at Array.forEach (<anonymous>)
          at EventEmitter.invoke (/data/Workspace/helios/starwards/node_modules/colyseus.js/src/core/signal.ts:15:19)
          at Function.register.invoke (/data/Workspace/helios/starwards/node_modules/colyseus.js/src/core/signal.ts:57:81)
          at WebSocket.connection.events.onclose (/data/Workspace/helios/starwards/node_modules/colyseus.js/src/Room.ts:89:30)
          at callListener (/data/Workspace/helios/starwards/node_modules/colyseus.js/node_modules/ws/lib/event-target.js:290:14)
          at WebSocket.onClose (/data/Workspace/helios/starwards/node_modules/colyseus.js/node_modules/ws/lib/event-target.js:220:9)
          at WebSocket.emit (node:events:524:28)
          at WebSocket.emitClose (/data/Workspace/helios/starwards/node_modules/colyseus.js/node_modules/ws/lib/websocket.js:272:10)
          at Socket.socketOnClose (/data/Workspace/helios/starwards/node_modules/colyseus.js/node_modules/ws/lib/websocket.js:1341:15)
          at Socket.emit (node:events:524:28)
          at TCP.<anonymous> (node:net:343:12)

      at ConnectionManager.onConnectionError (modules/core/src/client/connection-manager.ts:144:21)
          at Array.forEach (<anonymous>)

    console.log
      connection error: TypeError: Cannot read properties of undefined (reading 'decoder')
          at wireEvents (/data/Workspace/helios/starwards/node_modules/colyseus-events/src/wire-events.ts:30:40)
          at /data/Workspace/helios/starwards/modules/core/src/client/admin.ts:20:5
          at processTicksAndRejections (node:internal/process/task_queues:95:5)
          at /data/Workspace/helios/starwards/modules/core/src/client/connection-manager.ts:131:21

      at ConnectionManager.onConnectionError (modules/core/src/client/connection-manager.ts:144:21)

    console.log
      connection error: Error: disconnected from server
          at EventEmitter.<anonymous> (/data/Workspace/helios/starwards/modules/core/src/client/driver.ts:53:58)
          at /data/Workspace/helios/starwards/node_modules/colyseus.js/src/core/signal.ts:15:48
          at Array.forEach (<anonymous>)
          at EventEmitter.invoke (/data/Workspace/helios/starwards/node_modules/colyseus.js/src/core/signal.ts:15:19)
          at Function.register.invoke (/data/Workspace/helios/starwards/node_modules/colyseus.js/src/core/signal.ts:57:81)
          at WebSocket.connection.events.onclose (/data/Workspace/helios/starwards/node_modules/colyseus.js/src/Room.ts:89:30)
          at callListener (/data/Workspace/helios/starwards/node_modules/colyseus.js/node_modules/ws/lib/event-target.js:290:14)
          at WebSocket.onClose (/data/Workspace/helios/starwards/node_modules/colyseus.js/node_modules/ws/lib/event-target.js:220:9)
          at WebSocket.emit (node:events:524:28)
          at WebSocket.emitClose (/data/Workspace/helios/starwards/node_modules/colyseus.js/node_modules/ws/lib/websocket.js:272:10)
          at Socket.socketOnClose (/data/Workspace/helios/starwards/node_modules/colyseus.js/node_modules/ws/lib/websocket.js:1341:15)
          at Socket.emit (node:events:524:28)
          at TCP.<anonymous> (node:net:343:12)

      at ConnectionManager.onConnectionError (modules/core/src/client/connection-manager.ts:144:21)
          at Array.forEach (<anonymous>)

    console.log
      connection error: TypeError: Cannot read properties of undefined (reading 'decoder')
          at wireEvents (/data/Workspace/helios/starwards/node_modules/colyseus-events/src/wire-events.ts:30:40)
          at /data/Workspace/helios/starwards/modules/core/src/client/admin.ts:20:5
          at processTicksAndRejections (node:internal/process/task_queues:95:5)
          at /data/Workspace/helios/starwards/modules/core/src/client/connection-manager.ts:131:21

      at ConnectionManager.onConnectionError (modules/core/src/client/connection-manager.ts:144:21)

    console.log
      connection error: Error: disconnected from server
          at EventEmitter.<anonymous> (/data/Workspace/helios/starwards/modules/core/src/client/driver.ts:53:58)
          at /data/Workspace/helios/starwards/node_modules/colyseus.js/src/core/signal.ts:15:48
          at Array.forEach (<anonymous>)
          at EventEmitter.invoke (/data/Workspace/helios/starwards/node_modules/colyseus.js/src/core/signal.ts:15:19)
          at Function.register.invoke (/data/Workspace/helios/starwards/node_modules/colyseus.js/src/core/signal.ts:57:81)
          at WebSocket.connection.events.onclose (/data/Workspace/helios/starwards/node_modules/colyseus.js/src/Room.ts:89:30)
          at callListener (/data/Workspace/helios/starwards/node_modules/colyseus.js/node_modules/ws/lib/event-target.js:290:14)
          at WebSocket.onClose (/data/Workspace/helios/starwards/node_modules/colyseus.js/node_modules/ws/lib/event-target.js:220:9)
          at WebSocket.emit (node:events:524:28)
          at WebSocket.emitClose (/data/Workspace/helios/starwards/node_modules/colyseus.js/node_modules/ws/lib/websocket.js:272:10)
          at Socket.socketOnClose (/data/Workspace/helios/starwards/node_modules/colyseus.js/node_modules/ws/lib/websocket.js:1341:15)
          at Socket.emit (node:events:524:28)
          at TCP.<anonymous> (node:net:343:12)

      at ConnectionManager.onConnectionError (modules/core/src/client/connection-manager.ts:144:21)
          at Array.forEach (<anonymous>)

    console.log
      connection error: TypeError: Cannot read properties of undefined (reading 'decoder')
          at wireEvents (/data/Workspace/helios/starwards/node_modules/colyseus-events/src/wire-events.ts:30:40)
          at /data/Workspace/helios/starwards/modules/core/src/client/admin.ts:20:5
          at processTicksAndRejections (node:internal/process/task_queues:95:5)
          at /data/Workspace/helios/starwards/modules/core/src/client/connection-manager.ts:131:21

      at ConnectionManager.onConnectionError (modules/core/src/client/connection-manager.ts:144:21)

    console.log
      connection error: Error: disconnected from server
          at EventEmitter.<anonymous> (/data/Workspace/helios/starwards/modules/core/src/client/driver.ts:53:58)
          at /data/Workspace/helios/starwards/node_modules/colyseus.js/src/core/signal.ts:15:48
          at Array.forEach (<anonymous>)
          at EventEmitter.invoke (/data/Workspace/helios/starwards/node_modules/colyseus.js/src/core/signal.ts:15:19)
          at Function.register.invoke (/data/Workspace/helios/starwards/node_modules/colyseus.js/src/core/signal.ts:57:81)
          at WebSocket.connection.events.onclose (/data/Workspace/helios/starwards/node_modules/colyseus.js/src/Room.ts:89:30)
          at callListener (/data/Workspace/helios/starwards/node_modules/colyseus.js/node_modules/ws/lib/event-target.js:290:14)
          at WebSocket.onClose (/data/Workspace/helios/starwards/node_modules/colyseus.js/node_modules/ws/lib/event-target.js:220:9)
          at WebSocket.emit (node:events:524:28)
          at WebSocket.emitClose (/data/Workspace/helios/starwards/node_modules/colyseus.js/node_modules/ws/lib/websocket.js:272:10)
          at Socket.socketOnClose (/data/Workspace/helios/starwards/node_modules/colyseus.js/node_modules/ws/lib/websocket.js:1341:15)
          at Socket.emit (node:events:524:28)
          at TCP.<anonymous> (node:net:343:12)

      at ConnectionManager.onConnectionError (modules/core/src/client/connection-manager.ts:144:21)
          at Array.forEach (<anonymous>)

    console.log
      connection error: TypeError: Cannot read properties of undefined (reading 'decoder')
          at wireEvents (/data/Workspace/helios/starwards/node_modules/colyseus-events/src/wire-events.ts:30:40)
          at /data/Workspace/helios/starwards/modules/core/src/client/admin.ts:20:5
          at processTicksAndRejections (node:internal/process/task_queues:95:5)
          at /data/Workspace/helios/starwards/modules/core/src/client/connection-manager.ts:131:21

      at ConnectionManager.onConnectionError (modules/core/src/client/connection-manager.ts:144:21)

    console.log
      connection error: Error: disconnected from server
          at EventEmitter.<anonymous> (/data/Workspace/helios/starwards/modules/core/src/client/driver.ts:53:58)
          at /data/Workspace/helios/starwards/node_modules/colyseus.js/src/core/signal.ts:15:48
          at Array.forEach (<anonymous>)
          at EventEmitter.invoke (/data/Workspace/helios/starwards/node_modules/colyseus.js/src/core/signal.ts:15:19)
          at Function.register.invoke (/data/Workspace/helios/starwards/node_modules/colyseus.js/src/core/signal.ts:57:81)
          at WebSocket.connection.events.onclose (/data/Workspace/helios/starwards/node_modules/colyseus.js/src/Room.ts:89:30)
          at callListener (/data/Workspace/helios/starwards/node_modules/colyseus.js/node_modules/ws/lib/event-target.js:290:14)
          at WebSocket.onClose (/data/Workspace/helios/starwards/node_modules/colyseus.js/node_modules/ws/lib/event-target.js:220:9)
          at WebSocket.emit (node:events:524:28)
          at WebSocket.emitClose (/data/Workspace/helios/starwards/node_modules/colyseus.js/node_modules/ws/lib/websocket.js:272:10)
          at Socket.socketOnClose (/data/Workspace/helios/starwards/node_modules/colyseus.js/node_modules/ws/lib/websocket.js:1341:15)
          at Socket.emit (node:events:524:28)
          at TCP.<anonymous> (node:net:343:12)

      at ConnectionManager.onConnectionError (modules/core/src/client/connection-manager.ts:144:21)
          at Array.forEach (<anonymous>)

    console.log
      connection error: TypeError: Cannot read properties of undefined (reading 'decoder')
          at wireEvents (/data/Workspace/helios/starwards/node_modules/colyseus-events/src/wire-events.ts:30:40)
          at /data/Workspace/helios/starwards/modules/core/src/client/admin.ts:20:5
          at processTicksAndRejections (node:internal/process/task_queues:95:5)
          at /data/Workspace/helios/starwards/modules/core/src/client/connection-manager.ts:131:21

      at ConnectionManager.onConnectionError (modules/core/src/client/connection-manager.ts:144:21)

    console.log
      connection error: Error: disconnected from server
          at EventEmitter.<anonymous> (/data/Workspace/helios/starwards/modules/core/src/client/driver.ts:53:58)
          at /data/Workspace/helios/starwards/node_modules/colyseus.js/src/core/signal.ts:15:48
          at Array.forEach (<anonymous>)
          at EventEmitter.invoke (/data/Workspace/helios/starwards/node_modules/colyseus.js/src/core/signal.ts:15:19)
          at Function.register.invoke (/data/Workspace/helios/starwards/node_modules/colyseus.js/src/core/signal.ts:57:81)
          at WebSocket.connection.events.onclose (/data/Workspace/helios/starwards/node_modules/colyseus.js/src/Room.ts:89:30)
          at callListener (/data/Workspace/helios/starwards/node_modules/colyseus.js/node_modules/ws/lib/event-target.js:290:14)
          at WebSocket.onClose (/data/Workspace/helios/starwards/node_modules/colyseus.js/node_modules/ws/lib/event-target.js:220:9)
          at WebSocket.emit (node:events:524:28)
          at WebSocket.emitClose (/data/Workspace/helios/starwards/node_modules/colyseus.js/node_modules/ws/lib/websocket.js:272:10)
          at Socket.socketOnClose (/data/Workspace/helios/starwards/node_modules/colyseus.js/node_modules/ws/lib/websocket.js:1341:15)
          at Socket.emit (node:events:524:28)
          at TCP.<anonymous> (node:net:343:12)

      at ConnectionManager.onConnectionError (modules/core/src/client/connection-manager.ts:144:21)
          at Array.forEach (<anonymous>)

    console.log
      connection error: TypeError: Cannot read properties of undefined (reading 'decoder')
          at wireEvents (/data/Workspace/helios/starwards/node_modules/colyseus-events/src/wire-events.ts:30:40)
          at /data/Workspace/helios/starwards/modules/core/src/client/admin.ts:20:5
          at processTicksAndRejections (node:internal/process/task_queues:95:5)
          at /data/Workspace/helios/starwards/modules/core/src/client/connection-manager.ts:131:21

      at ConnectionManager.onConnectionError (modules/core/src/client/connection-manager.ts:144:21)

    console.log
      connection error: Error: disconnected from server
          at EventEmitter.<anonymous> (/data/Workspace/helios/starwards/modules/core/src/client/driver.ts:53:58)
          at /data/Workspace/helios/starwards/node_modules/colyseus.js/src/core/signal.ts:15:48
          at Array.forEach (<anonymous>)
          at EventEmitter.invoke (/data/Workspace/helios/starwards/node_modules/colyseus.js/src/core/signal.ts:15:19)
          at Function.register.invoke (/data/Workspace/helios/starwards/node_modules/colyseus.js/src/core/signal.ts:57:81)
          at WebSocket.connection.events.onclose (/data/Workspace/helios/starwards/node_modules/colyseus.js/src/Room.ts:89:30)
          at callListener (/data/Workspace/helios/starwards/node_modules/colyseus.js/node_modules/ws/lib/event-target.js:290:14)
          at WebSocket.onClose (/data/Workspace/helios/starwards/node_modules/colyseus.js/node_modules/ws/lib/event-target.js:220:9)
          at WebSocket.emit (node:events:524:28)
          at WebSocket.emitClose (/data/Workspace/helios/starwards/node_modules/colyseus.js/node_modules/ws/lib/websocket.js:272:10)
          at Socket.socketOnClose (/data/Workspace/helios/starwards/node_modules/colyseus.js/node_modules/ws/lib/websocket.js:1341:15)
          at Socket.emit (node:events:524:28)
          at TCP.<anonymous> (node:net:343:12)

      at ConnectionManager.onConnectionError (modules/core/src/client/connection-manager.ts:144:21)
          at Array.forEach (<anonymous>)

    console.log
      connection error: TypeError: Cannot read properties of undefined (reading 'decoder')
          at wireEvents (/data/Workspace/helios/starwards/node_modules/colyseus-events/src/wire-events.ts:30:40)
          at /data/Workspace/helios/starwards/modules/core/src/client/admin.ts:20:5
          at processTicksAndRejections (node:internal/process/task_queues:95:5)
          at /data/Workspace/helios/starwards/modules/core/src/client/connection-manager.ts:131:21

      at ConnectionManager.onConnectionError (modules/core/src/client/connection-manager.ts:144:21)

    console.log
      connection error: Error: disconnected from server
          at EventEmitter.<anonymous> (/data/Workspace/helios/starwards/modules/core/src/client/driver.ts:53:58)
          at /data/Workspace/helios/starwards/node_modules/colyseus.js/src/core/signal.ts:15:48
          at Array.forEach (<anonymous>)
          at EventEmitter.invoke (/data/Workspace/helios/starwards/node_modules/colyseus.js/src/core/signal.ts:15:19)
          at Function.register.invoke (/data/Workspace/helios/starwards/node_modules/colyseus.js/src/core/signal.ts:57:81)
          at WebSocket.connection.events.onclose (/data/Workspace/helios/starwards/node_modules/colyseus.js/src/Room.ts:89:30)
          at callListener (/data/Workspace/helios/starwards/node_modules/colyseus.js/node_modules/ws/lib/event-target.js:290:14)
          at WebSocket.onClose (/data/Workspace/helios/starwards/node_modules/colyseus.js/node_modules/ws/lib/event-target.js:220:9)
          at WebSocket.emit (node:events:524:28)
          at WebSocket.emitClose (/data/Workspace/helios/starwards/node_modules/colyseus.js/node_modules/ws/lib/websocket.js:272:10)
          at Socket.socketOnClose (/data/Workspace/helios/starwards/node_modules/colyseus.js/node_modules/ws/lib/websocket.js:1341:15)
          at Socket.emit (node:events:524:28)
          at TCP.<anonymous> (node:net:343:12)

      at ConnectionManager.onConnectionError (modules/core/src/client/connection-manager.ts:144:21)
          at Array.forEach (<anonymous>)

    console.log
      connection error: TypeError: Cannot read properties of undefined (reading 'decoder')
          at wireEvents (/data/Workspace/helios/starwards/node_modules/colyseus-events/src/wire-events.ts:30:40)
          at /data/Workspace/helios/starwards/modules/core/src/client/admin.ts:20:5
          at processTicksAndRejections (node:internal/process/task_queues:95:5)
          at /data/Workspace/helios/starwards/modules/core/src/client/connection-manager.ts:131:21

      at ConnectionManager.onConnectionError (modules/core/src/client/connection-manager.ts:144:21)

    console.log
      connection error: Error: disconnected from server
          at EventEmitter.<anonymous> (/data/Workspace/helios/starwards/modules/core/src/client/driver.ts:53:58)
          at /data/Workspace/helios/starwards/node_modules/colyseus.js/src/core/signal.ts:15:48
          at Array.forEach (<anonymous>)
          at EventEmitter.invoke (/data/Workspace/helios/starwards/node_modules/colyseus.js/src/core/signal.ts:15:19)
          at Function.register.invoke (/data/Workspace/helios/starwards/node_modules/colyseus.js/src/core/signal.ts:57:81)
          at WebSocket.connection.events.onclose (/data/Workspace/helios/starwards/node_modules/colyseus.js/src/Room.ts:89:30)
          at callListener (/data/Workspace/helios/starwards/node_modules/colyseus.js/node_modules/ws/lib/event-target.js:290:14)
          at WebSocket.onClose (/data/Workspace/helios/starwards/node_modules/colyseus.js/node_modules/ws/lib/event-target.js:220:9)
          at WebSocket.emit (node:events:524:28)
          at WebSocket.emitClose (/data/Workspace/helios/starwards/node_modules/colyseus.js/node_modules/ws/lib/websocket.js:272:10)
          at Socket.socketOnClose (/data/Workspace/helios/starwards/node_modules/colyseus.js/node_modules/ws/lib/websocket.js:1341:15)
          at Socket.emit (node:events:524:28)
          at TCP.<anonymous> (node:net:343:12)

      at ConnectionManager.onConnectionError (modules/core/src/client/connection-manager.ts:144:21)
          at Array.forEach (<anonymous>)

    console.log
      connection error: TypeError: Cannot read properties of undefined (reading 'decoder')
          at wireEvents (/data/Workspace/helios/starwards/node_modules/colyseus-events/src/wire-events.ts:30:40)
          at /data/Workspace/helios/starwards/modules/core/src/client/admin.ts:20:5
          at processTicksAndRejections (node:internal/process/task_queues:95:5)
          at /data/Workspace/helios/starwards/modules/core/src/client/connection-manager.ts:131:21

      at ConnectionManager.onConnectionError (modules/core/src/client/connection-manager.ts:144:21)

    console.log
      connection error: Error: disconnected from server
          at EventEmitter.<anonymous> (/data/Workspace/helios/starwards/modules/core/src/client/driver.ts:53:58)
          at /data/Workspace/helios/starwards/node_modules/colyseus.js/src/core/signal.ts:15:48
          at Array.forEach (<anonymous>)
          at EventEmitter.invoke (/data/Workspace/helios/starwards/node_modules/colyseus.js/src/core/signal.ts:15:19)
          at Function.register.invoke (/data/Workspace/helios/starwards/node_modules/colyseus.js/src/core/signal.ts:57:81)
          at WebSocket.connection.events.onclose (/data/Workspace/helios/starwards/node_modules/colyseus.js/src/Room.ts:89:30)
          at callListener (/data/Workspace/helios/starwards/node_modules/colyseus.js/node_modules/ws/lib/event-target.js:290:14)
          at WebSocket.onClose (/data/Workspace/helios/starwards/node_modules/colyseus.js/node_modules/ws/lib/event-target.js:220:9)
          at WebSocket.emit (node:events:524:28)
          at WebSocket.emitClose (/data/Workspace/helios/starwards/node_modules/colyseus.js/node_modules/ws/lib/websocket.js:272:10)
          at Socket.socketOnClose (/data/Workspace/helios/starwards/node_modules/colyseus.js/node_modules/ws/lib/websocket.js:1341:15)
          at Socket.emit (node:events:524:28)
          at TCP.<anonymous> (node:net:343:12)

      at ConnectionManager.onConnectionError (modules/core/src/client/connection-manager.ts:144:21)
          at Array.forEach (<anonymous>)

    console.log
      connection error: TypeError: Cannot read properties of undefined (reading 'decoder')
          at wireEvents (/data/Workspace/helios/starwards/node_modules/colyseus-events/src/wire-events.ts:30:40)
          at /data/Workspace/helios/starwards/modules/core/src/client/admin.ts:20:5
          at processTicksAndRejections (node:internal/process/task_queues:95:5)
          at /data/Workspace/helios/starwards/modules/core/src/client/connection-manager.ts:131:21

      at ConnectionManager.onConnectionError (modules/core/src/client/connection-manager.ts:144:21)

    console.log
      connection error: Error: disconnected from server
          at EventEmitter.<anonymous> (/data/Workspace/helios/starwards/modules/core/src/client/driver.ts:53:58)
          at /data/Workspace/helios/starwards/node_modules/colyseus.js/src/core/signal.ts:15:48
          at Array.forEach (<anonymous>)
          at EventEmitter.invoke (/data/Workspace/helios/starwards/node_modules/colyseus.js/src/core/signal.ts:15:19)
          at Function.register.invoke (/data/Workspace/helios/starwards/node_modules/colyseus.js/src/core/signal.ts:57:81)
          at WebSocket.connection.events.onclose (/data/Workspace/helios/starwards/node_modules/colyseus.js/src/Room.ts:89:30)
          at callListener (/data/Workspace/helios/starwards/node_modules/colyseus.js/node_modules/ws/lib/event-target.js:290:14)
          at WebSocket.onClose (/data/Workspace/helios/starwards/node_modules/colyseus.js/node_modules/ws/lib/event-target.js:220:9)
          at WebSocket.emit (node:events:524:28)
          at WebSocket.emitClose (/data/Workspace/helios/starwards/node_modules/colyseus.js/node_modules/ws/lib/websocket.js:272:10)
          at Socket.socketOnClose (/data/Workspace/helios/starwards/node_modules/colyseus.js/node_modules/ws/lib/websocket.js:1341:15)
          at Socket.emit (node:events:524:28)
          at TCP.<anonymous> (node:net:343:12)

      at ConnectionManager.onConnectionError (modules/core/src/client/connection-manager.ts:144:21)
          at Array.forEach (<anonymous>)

    console.log
      connection error: TypeError: Cannot read properties of undefined (reading 'decoder')
          at wireEvents (/data/Workspace/helios/starwards/node_modules/colyseus-events/src/wire-events.ts:30:40)
          at /data/Workspace/helios/starwards/modules/core/src/client/admin.ts:20:5
          at processTicksAndRejections (node:internal/process/task_queues:95:5)
          at /data/Workspace/helios/starwards/modules/core/src/client/connection-manager.ts:131:21

      at ConnectionManager.onConnectionError (modules/core/src/client/connection-manager.ts:144:21)

    console.log
      connection error: Error: disconnected from server
          at EventEmitter.<anonymous> (/data/Workspace/helios/starwards/modules/core/src/client/driver.ts:53:58)
          at /data/Workspace/helios/starwards/node_modules/colyseus.js/src/core/signal.ts:15:48
          at Array.forEach (<anonymous>)
          at EventEmitter.invoke (/data/Workspace/helios/starwards/node_modules/colyseus.js/src/core/signal.ts:15:19)
          at Function.register.invoke (/data/Workspace/helios/starwards/node_modules/colyseus.js/src/core/signal.ts:57:81)
          at WebSocket.connection.events.onclose (/data/Workspace/helios/starwards/node_modules/colyseus.js/src/Room.ts:89:30)
          at callListener (/data/Workspace/helios/starwards/node_modules/colyseus.js/node_modules/ws/lib/event-target.js:290:14)
          at WebSocket.onClose (/data/Workspace/helios/starwards/node_modules/colyseus.js/node_modules/ws/lib/event-target.js:220:9)
          at WebSocket.emit (node:events:524:28)
          at WebSocket.emitClose (/data/Workspace/helios/starwards/node_modules/colyseus.js/node_modules/ws/lib/websocket.js:272:10)
          at Socket.socketOnClose (/data/Workspace/helios/starwards/node_modules/colyseus.js/node_modules/ws/lib/websocket.js:1341:15)
          at Socket.emit (node:events:524:28)
          at TCP.<anonymous> (node:net:343:12)

      at ConnectionManager.onConnectionError (modules/core/src/client/connection-manager.ts:144:21)
          at Array.forEach (<anonymous>)

    console.log
      connection error: TypeError: Cannot read properties of undefined (reading 'decoder')
          at wireEvents (/data/Workspace/helios/starwards/node_modules/colyseus-events/src/wire-events.ts:30:40)
          at /data/Workspace/helios/starwards/modules/core/src/client/admin.ts:20:5
          at processTicksAndRejections (node:internal/process/task_queues:95:5)
          at /data/Workspace/helios/starwards/modules/core/src/client/connection-manager.ts:131:21

      at ConnectionManager.onConnectionError (modules/core/src/client/connection-manager.ts:144:21)

    console.log
      connection error: Error: disconnected from server
          at EventEmitter.<anonymous> (/data/Workspace/helios/starwards/modules/core/src/client/driver.ts:53:58)
          at /data/Workspace/helios/starwards/node_modules/colyseus.js/src/core/signal.ts:15:48
          at Array.forEach (<anonymous>)
          at EventEmitter.invoke (/data/Workspace/helios/starwards/node_modules/colyseus.js/src/core/signal.ts:15:19)
          at Function.register.invoke (/data/Workspace/helios/starwards/node_modules/colyseus.js/src/core/signal.ts:57:81)
          at WebSocket.connection.events.onclose (/data/Workspace/helios/starwards/node_modules/colyseus.js/src/Room.ts:89:30)
          at callListener (/data/Workspace/helios/starwards/node_modules/colyseus.js/node_modules/ws/lib/event-target.js:290:14)
          at WebSocket.onClose (/data/Workspace/helios/starwards/node_modules/colyseus.js/node_modules/ws/lib/event-target.js:220:9)
          at WebSocket.emit (node:events:524:28)
          at WebSocket.emitClose (/data/Workspace/helios/starwards/node_modules/colyseus.js/node_modules/ws/lib/websocket.js:272:10)
          at Socket.socketOnClose (/data/Workspace/helios/starwards/node_modules/colyseus.js/node_modules/ws/lib/websocket.js:1341:15)
          at Socket.emit (node:events:524:28)
          at TCP.<anonymous> (node:net:343:12)

      at ConnectionManager.onConnectionError (modules/core/src/client/connection-manager.ts:144:21)
          at Array.forEach (<anonymous>)

    console.log
      connection error: TypeError: Cannot read properties of undefined (reading 'decoder')
          at wireEvents (/data/Workspace/helios/starwards/node_modules/colyseus-events/src/wire-events.ts:30:40)
          at /data/Workspace/helios/starwards/modules/core/src/client/admin.ts:20:5
          at processTicksAndRejections (node:internal/process/task_queues:95:5)
          at /data/Workspace/helios/starwards/modules/core/src/client/connection-manager.ts:131:21

      at ConnectionManager.onConnectionError (modules/core/src/client/connection-manager.ts:144:21)

    console.log
      connection error: Error: disconnected from server
          at EventEmitter.<anonymous> (/data/Workspace/helios/starwards/modules/core/src/client/driver.ts:53:58)
          at /data/Workspace/helios/starwards/node_modules/colyseus.js/src/core/signal.ts:15:48
          at Array.forEach (<anonymous>)
          at EventEmitter.invoke (/data/Workspace/helios/starwards/node_modules/colyseus.js/src/core/signal.ts:15:19)
          at Function.register.invoke (/data/Workspace/helios/starwards/node_modules/colyseus.js/src/core/signal.ts:57:81)
          at WebSocket.connection.events.onclose (/data/Workspace/helios/starwards/node_modules/colyseus.js/src/Room.ts:89:30)
          at callListener (/data/Workspace/helios/starwards/node_modules/colyseus.js/node_modules/ws/lib/event-target.js:290:14)
          at WebSocket.onClose (/data/Workspace/helios/starwards/node_modules/colyseus.js/node_modules/ws/lib/event-target.js:220:9)
          at WebSocket.emit (node:events:524:28)
          at WebSocket.emitClose (/data/Workspace/helios/starwards/node_modules/colyseus.js/node_modules/ws/lib/websocket.js:272:10)
          at Socket.socketOnClose (/data/Workspace/helios/starwards/node_modules/colyseus.js/node_modules/ws/lib/websocket.js:1341:15)
          at Socket.emit (node:events:524:28)
          at TCP.<anonymous> (node:net:343:12)

      at ConnectionManager.onConnectionError (modules/core/src/client/connection-manager.ts:144:21)
          at Array.forEach (<anonymous>)

    console.log
      connection error: TypeError: Cannot read properties of undefined (reading 'decoder')
          at wireEvents (/data/Workspace/helios/starwards/node_modules/colyseus-events/src/wire-events.ts:30:40)
          at /data/Workspace/helios/starwards/modules/core/src/client/admin.ts:20:5
          at processTicksAndRejections (node:internal/process/task_queues:95:5)
          at /data/Workspace/helios/starwards/modules/core/src/client/connection-manager.ts:131:21

      at ConnectionManager.onConnectionError (modules/core/src/client/connection-manager.ts:144:21)

    console.log
      connection error: Error: disconnected from server
          at EventEmitter.<anonymous> (/data/Workspace/helios/starwards/modules/core/src/client/driver.ts:53:58)
          at /data/Workspace/helios/starwards/node_modules/colyseus.js/src/core/signal.ts:15:48
          at Array.forEach (<anonymous>)
          at EventEmitter.invoke (/data/Workspace/helios/starwards/node_modules/colyseus.js/src/core/signal.ts:15:19)
          at Function.register.invoke (/data/Workspace/helios/starwards/node_modules/colyseus.js/src/core/signal.ts:57:81)
          at WebSocket.connection.events.onclose (/data/Workspace/helios/starwards/node_modules/colyseus.js/src/Room.ts:89:30)
          at callListener (/data/Workspace/helios/starwards/node_modules/colyseus.js/node_modules/ws/lib/event-target.js:290:14)
          at WebSocket.onClose (/data/Workspace/helios/starwards/node_modules/colyseus.js/node_modules/ws/lib/event-target.js:220:9)
          at WebSocket.emit (node:events:524:28)
          at WebSocket.emitClose (/data/Workspace/helios/starwards/node_modules/colyseus.js/node_modules/ws/lib/websocket.js:272:10)
          at Socket.socketOnClose (/data/Workspace/helios/starwards/node_modules/colyseus.js/node_modules/ws/lib/websocket.js:1341:15)
          at Socket.emit (node:events:524:28)
          at TCP.<anonymous> (node:net:343:12)

      at ConnectionManager.onConnectionError (modules/core/src/client/connection-manager.ts:144:21)
          at Array.forEach (<anonymous>)

    console.log
      connection error: TypeError: Cannot read properties of undefined (reading 'decoder')
          at wireEvents (/data/Workspace/helios/starwards/node_modules/colyseus-events/src/wire-events.ts:30:40)
          at /data/Workspace/helios/starwards/modules/core/src/client/admin.ts:20:5
          at processTicksAndRejections (node:internal/process/task_queues:95:5)
          at /data/Workspace/helios/starwards/modules/core/src/client/connection-manager.ts:131:21

      at ConnectionManager.onConnectionError (modules/core/src/client/connection-manager.ts:144:21)

    console.log
      connection error: Error: disconnected from server
          at EventEmitter.<anonymous> (/data/Workspace/helios/starwards/modules/core/src/client/driver.ts:53:58)
          at /data/Workspace/helios/starwards/node_modules/colyseus.js/src/core/signal.ts:15:48
          at Array.forEach (<anonymous>)
          at EventEmitter.invoke (/data/Workspace/helios/starwards/node_modules/colyseus.js/src/core/signal.ts:15:19)
          at Function.register.invoke (/data/Workspace/helios/starwards/node_modules/colyseus.js/src/core/signal.ts:57:81)
          at WebSocket.connection.events.onclose (/data/Workspace/helios/starwards/node_modules/colyseus.js/src/Room.ts:89:30)
          at callListener (/data/Workspace/helios/starwards/node_modules/colyseus.js/node_modules/ws/lib/event-target.js:290:14)
          at WebSocket.onClose (/data/Workspace/helios/starwards/node_modules/colyseus.js/node_modules/ws/lib/event-target.js:220:9)
          at WebSocket.emit (node:events:524:28)
          at WebSocket.emitClose (/data/Workspace/helios/starwards/node_modules/colyseus.js/node_modules/ws/lib/websocket.js:272:10)
          at Socket.socketOnClose (/data/Workspace/helios/starwards/node_modules/colyseus.js/node_modules/ws/lib/websocket.js:1341:15)
          at Socket.emit (node:events:524:28)
          at TCP.<anonymous> (node:net:343:12)

      at ConnectionManager.onConnectionError (modules/core/src/client/connection-manager.ts:144:21)
          at Array.forEach (<anonymous>)

    console.log
      connection error: TypeError: Cannot read properties of undefined (reading 'decoder')
          at wireEvents (/data/Workspace/helios/starwards/node_modules/colyseus-events/src/wire-events.ts:30:40)
          at /data/Workspace/helios/starwards/modules/core/src/client/admin.ts:20:5
          at processTicksAndRejections (node:internal/process/task_queues:95:5)
          at /data/Workspace/helios/starwards/modules/core/src/client/connection-manager.ts:131:21

      at ConnectionManager.onConnectionError (modules/core/src/client/connection-manager.ts:144:21)

    console.log
      connection error: Error: disconnected from server
          at EventEmitter.<anonymous> (/data/Workspace/helios/starwards/modules/core/src/client/driver.ts:53:58)
          at /data/Workspace/helios/starwards/node_modules/colyseus.js/src/core/signal.ts:15:48
          at Array.forEach (<anonymous>)
          at EventEmitter.invoke (/data/Workspace/helios/starwards/node_modules/colyseus.js/src/core/signal.ts:15:19)
          at Function.register.invoke (/data/Workspace/helios/starwards/node_modules/colyseus.js/src/core/signal.ts:57:81)
          at WebSocket.connection.events.onclose (/data/Workspace/helios/starwards/node_modules/colyseus.js/src/Room.ts:89:30)
          at callListener (/data/Workspace/helios/starwards/node_modules/colyseus.js/node_modules/ws/lib/event-target.js:290:14)
          at WebSocket.onClose (/data/Workspace/helios/starwards/node_modules/colyseus.js/node_modules/ws/lib/event-target.js:220:9)
          at WebSocket.emit (node:events:524:28)
          at WebSocket.emitClose (/data/Workspace/helios/starwards/node_modules/colyseus.js/node_modules/ws/lib/websocket.js:272:10)
          at Socket.socketOnClose (/data/Workspace/helios/starwards/node_modules/colyseus.js/node_modules/ws/lib/websocket.js:1341:15)
          at Socket.emit (node:events:524:28)
          at TCP.<anonymous> (node:net:343:12)

      at ConnectionManager.onConnectionError (modules/core/src/client/connection-manager.ts:144:21)
          at Array.forEach (<anonymous>)

    console.log
      connection error: TypeError: Cannot read properties of undefined (reading 'decoder')
          at wireEvents (/data/Workspace/helios/starwards/node_modules/colyseus-events/src/wire-events.ts:30:40)
          at /data/Workspace/helios/starwards/modules/core/src/client/admin.ts:20:5
          at processTicksAndRejections (node:internal/process/task_queues:95:5)
          at /data/Workspace/helios/starwards/modules/core/src/client/connection-manager.ts:131:21

      at ConnectionManager.onConnectionError (modules/core/src/client/connection-manager.ts:144:21)

    console.log
      connection error: Error: disconnected from server
          at EventEmitter.<anonymous> (/data/Workspace/helios/starwards/modules/core/src/client/driver.ts:53:58)
          at /data/Workspace/helios/starwards/node_modules/colyseus.js/src/core/signal.ts:15:48
          at Array.forEach (<anonymous>)
          at EventEmitter.invoke (/data/Workspace/helios/starwards/node_modules/colyseus.js/src/core/signal.ts:15:19)
          at Function.register.invoke (/data/Workspace/helios/starwards/node_modules/colyseus.js/src/core/signal.ts:57:81)
          at WebSocket.connection.events.onclose (/data/Workspace/helios/starwards/node_modules/colyseus.js/src/Room.ts:89:30)
          at callListener (/data/Workspace/helios/starwards/node_modules/colyseus.js/node_modules/ws/lib/event-target.js:290:14)
          at WebSocket.onClose (/data/Workspace/helios/starwards/node_modules/colyseus.js/node_modules/ws/lib/event-target.js:220:9)
          at WebSocket.emit (node:events:524:28)
          at WebSocket.emitClose (/data/Workspace/helios/starwards/node_modules/colyseus.js/node_modules/ws/lib/websocket.js:272:10)
          at Socket.socketOnClose (/data/Workspace/helios/starwards/node_modules/colyseus.js/node_modules/ws/lib/websocket.js:1341:15)
          at Socket.emit (node:events:524:28)
          at TCP.<anonymous> (node:net:343:12)

      at ConnectionManager.onConnectionError (modules/core/src/client/connection-manager.ts:144:21)
          at Array.forEach (<anonymous>)

    console.log
      connection error: TypeError: Cannot read properties of undefined (reading 'decoder')
          at wireEvents (/data/Workspace/helios/starwards/node_modules/colyseus-events/src/wire-events.ts:30:40)
          at /data/Workspace/helios/starwards/modules/core/src/client/admin.ts:20:5
          at processTicksAndRejections (node:internal/process/task_queues:95:5)
          at /data/Workspace/helios/starwards/modules/core/src/client/connection-manager.ts:131:21

      at ConnectionManager.onConnectionError (modules/core/src/client/connection-manager.ts:144:21)

    console.log
      connection error: Error: disconnected from server
          at EventEmitter.<anonymous> (/data/Workspace/helios/starwards/modules/core/src/client/driver.ts:53:58)
          at /data/Workspace/helios/starwards/node_modules/colyseus.js/src/core/signal.ts:15:48
          at Array.forEach (<anonymous>)
          at EventEmitter.invoke (/data/Workspace/helios/starwards/node_modules/colyseus.js/src/core/signal.ts:15:19)
          at Function.register.invoke (/data/Workspace/helios/starwards/node_modules/colyseus.js/src/core/signal.ts:57:81)
          at WebSocket.connection.events.onclose (/data/Workspace/helios/starwards/node_modules/colyseus.js/src/Room.ts:89:30)
          at callListener (/data/Workspace/helios/starwards/node_modules/colyseus.js/node_modules/ws/lib/event-target.js:290:14)
          at WebSocket.onClose (/data/Workspace/helios/starwards/node_modules/colyseus.js/node_modules/ws/lib/event-target.js:220:9)
          at WebSocket.emit (node:events:524:28)
          at WebSocket.emitClose (/data/Workspace/helios/starwards/node_modules/colyseus.js/node_modules/ws/lib/websocket.js:272:10)
          at Socket.socketOnClose (/data/Workspace/helios/starwards/node_modules/colyseus.js/node_modules/ws/lib/websocket.js:1341:15)
          at Socket.emit (node:events:524:28)
          at TCP.<anonymous> (node:net:343:12)

      at ConnectionManager.onConnectionError (modules/core/src/client/connection-manager.ts:144:21)
          at Array.forEach (<anonymous>)

    console.log
      connection error: TypeError: Cannot read properties of undefined (reading 'decoder')
          at wireEvents (/data/Workspace/helios/starwards/node_modules/colyseus-events/src/wire-events.ts:30:40)
          at /data/Workspace/helios/starwards/modules/core/src/client/admin.ts:20:5
          at processTicksAndRejections (node:internal/process/task_queues:95:5)
          at /data/Workspace/helios/starwards/modules/core/src/client/connection-manager.ts:131:21

      at ConnectionManager.onConnectionError (modules/core/src/client/connection-manager.ts:144:21)

    console.log
      connection error: Error: disconnected from server
          at EventEmitter.<anonymous> (/data/Workspace/helios/starwards/modules/core/src/client/driver.ts:53:58)
          at /data/Workspace/helios/starwards/node_modules/colyseus.js/src/core/signal.ts:15:48
          at Array.forEach (<anonymous>)
          at EventEmitter.invoke (/data/Workspace/helios/starwards/node_modules/colyseus.js/src/core/signal.ts:15:19)
          at Function.register.invoke (/data/Workspace/helios/starwards/node_modules/colyseus.js/src/core/signal.ts:57:81)
          at WebSocket.connection.events.onclose (/data/Workspace/helios/starwards/node_modules/colyseus.js/src/Room.ts:89:30)
          at callListener (/data/Workspace/helios/starwards/node_modules/colyseus.js/node_modules/ws/lib/event-target.js:290:14)
          at WebSocket.onClose (/data/Workspace/helios/starwards/node_modules/colyseus.js/node_modules/ws/lib/event-target.js:220:9)
          at WebSocket.emit (node:events:524:28)
          at WebSocket.emitClose (/data/Workspace/helios/starwards/node_modules/colyseus.js/node_modules/ws/lib/websocket.js:272:10)
          at Socket.socketOnClose (/data/Workspace/helios/starwards/node_modules/colyseus.js/node_modules/ws/lib/websocket.js:1341:15)
          at Socket.emit (node:events:524:28)
          at TCP.<anonymous> (node:net:343:12)

      at ConnectionManager.onConnectionError (modules/core/src/client/connection-manager.ts:144:21)
          at Array.forEach (<anonymous>)

    console.log
      connection error: TypeError: Cannot read properties of undefined (reading 'decoder')
          at wireEvents (/data/Workspace/helios/starwards/node_modules/colyseus-events/src/wire-events.ts:30:40)
          at /data/Workspace/helios/starwards/modules/core/src/client/admin.ts:20:5
          at processTicksAndRejections (node:internal/process/task_queues:95:5)
          at /data/Workspace/helios/starwards/modules/core/src/client/connection-manager.ts:131:21

      at ConnectionManager.onConnectionError (modules/core/src/client/connection-manager.ts:144:21)

    console.log
      connection error: Error: disconnected from server
          at EventEmitter.<anonymous> (/data/Workspace/helios/starwards/modules/core/src/client/driver.ts:53:58)
          at /data/Workspace/helios/starwards/node_modules/colyseus.js/src/core/signal.ts:15:48
          at Array.forEach (<anonymous>)
          at EventEmitter.invoke (/data/Workspace/helios/starwards/node_modules/colyseus.js/src/core/signal.ts:15:19)
          at Function.register.invoke (/data/Workspace/helios/starwards/node_modules/colyseus.js/src/core/signal.ts:57:81)
          at WebSocket.connection.events.onclose (/data/Workspace/helios/starwards/node_modules/colyseus.js/src/Room.ts:89:30)
          at callListener (/data/Workspace/helios/starwards/node_modules/colyseus.js/node_modules/ws/lib/event-target.js:290:14)
          at WebSocket.onClose (/data/Workspace/helios/starwards/node_modules/colyseus.js/node_modules/ws/lib/event-target.js:220:9)
          at WebSocket.emit (node:events:524:28)
          at WebSocket.emitClose (/data/Workspace/helios/starwards/node_modules/colyseus.js/node_modules/ws/lib/websocket.js:272:10)
          at Socket.socketOnClose (/data/Workspace/helios/starwards/node_modules/colyseus.js/node_modules/ws/lib/websocket.js:1341:15)
          at Socket.emit (node:events:524:28)
          at TCP.<anonymous> (node:net:343:12)

      at ConnectionManager.onConnectionError (modules/core/src/client/connection-manager.ts:144:21)
          at Array.forEach (<anonymous>)

    console.log
      connection error: TypeError: Cannot read properties of undefined (reading 'decoder')
          at wireEvents (/data/Workspace/helios/starwards/node_modules/colyseus-events/src/wire-events.ts:30:40)
          at /data/Workspace/helios/starwards/modules/core/src/client/admin.ts:20:5
          at processTicksAndRejections (node:internal/process/task_queues:95:5)
          at /data/Workspace/helios/starwards/modules/core/src/client/connection-manager.ts:131:21

      at ConnectionManager.onConnectionError (modules/core/src/client/connection-manager.ts:144:21)

    console.log
      connection error: Error: disconnected from server
          at EventEmitter.<anonymous> (/data/Workspace/helios/starwards/modules/core/src/client/driver.ts:53:58)
          at /data/Workspace/helios/starwards/node_modules/colyseus.js/src/core/signal.ts:15:48
          at Array.forEach (<anonymous>)
          at EventEmitter.invoke (/data/Workspace/helios/starwards/node_modules/colyseus.js/src/core/signal.ts:15:19)
          at Function.register.invoke (/data/Workspace/helios/starwards/node_modules/colyseus.js/src/core/signal.ts:57:81)
          at WebSocket.connection.events.onclose (/data/Workspace/helios/starwards/node_modules/colyseus.js/src/Room.ts:89:30)
          at callListener (/data/Workspace/helios/starwards/node_modules/colyseus.js/node_modules/ws/lib/event-target.js:290:14)
          at WebSocket.onClose (/data/Workspace/helios/starwards/node_modules/colyseus.js/node_modules/ws/lib/event-target.js:220:9)
          at WebSocket.emit (node:events:524:28)
          at WebSocket.emitClose (/data/Workspace/helios/starwards/node_modules/colyseus.js/node_modules/ws/lib/websocket.js:272:10)
          at Socket.socketOnClose (/data/Workspace/helios/starwards/node_modules/colyseus.js/node_modules/ws/lib/websocket.js:1341:15)
          at Socket.emit (node:events:524:28)
          at TCP.<anonymous> (node:net:343:12)

      at ConnectionManager.onConnectionError (modules/core/src/client/connection-manager.ts:144:21)
          at Array.forEach (<anonymous>)

    console.log
      connection error: TypeError: Cannot read properties of undefined (reading 'decoder')
          at wireEvents (/data/Workspace/helios/starwards/node_modules/colyseus-events/src/wire-events.ts:30:40)
          at /data/Workspace/helios/starwards/modules/core/src/client/admin.ts:20:5
          at processTicksAndRejections (node:internal/process/task_queues:95:5)
          at /data/Workspace/helios/starwards/modules/core/src/client/connection-manager.ts:131:21

      at ConnectionManager.onConnectionError (modules/core/src/client/connection-manager.ts:144:21)

    console.log
      connection error: Error: disconnected from server
          at EventEmitter.<anonymous> (/data/Workspace/helios/starwards/modules/core/src/client/driver.ts:53:58)
          at /data/Workspace/helios/starwards/node_modules/colyseus.js/src/core/signal.ts:15:48
          at Array.forEach (<anonymous>)
          at EventEmitter.invoke (/data/Workspace/helios/starwards/node_modules/colyseus.js/src/core/signal.ts:15:19)
          at Function.register.invoke (/data/Workspace/helios/starwards/node_modules/colyseus.js/src/core/signal.ts:57:81)
          at WebSocket.connection.events.onclose (/data/Workspace/helios/starwards/node_modules/colyseus.js/src/Room.ts:89:30)
          at callListener (/data/Workspace/helios/starwards/node_modules/colyseus.js/node_modules/ws/lib/event-target.js:290:14)
          at WebSocket.onClose (/data/Workspace/helios/starwards/node_modules/colyseus.js/node_modules/ws/lib/event-target.js:220:9)
          at WebSocket.emit (node:events:524:28)
          at WebSocket.emitClose (/data/Workspace/helios/starwards/node_modules/colyseus.js/node_modules/ws/lib/websocket.js:272:10)
          at Socket.socketOnClose (/data/Workspace/helios/starwards/node_modules/colyseus.js/node_modules/ws/lib/websocket.js:1341:15)
          at Socket.emit (node:events:524:28)
          at TCP.<anonymous> (node:net:343:12)

      at ConnectionManager.onConnectionError (modules/core/src/client/connection-manager.ts:144:21)
          at Array.forEach (<anonymous>)

    console.log
      connection error: TypeError: Cannot read properties of undefined (reading 'decoder')
          at wireEvents (/data/Workspace/helios/starwards/node_modules/colyseus-events/src/wire-events.ts:30:40)
          at /data/Workspace/helios/starwards/modules/core/src/client/admin.ts:20:5
          at processTicksAndRejections (node:internal/process/task_queues:95:5)
          at /data/Workspace/helios/starwards/modules/core/src/client/connection-manager.ts:131:21

      at ConnectionManager.onConnectionError (modules/core/src/client/connection-manager.ts:144:21)

    console.log
      connection error: Error: disconnected from server
          at EventEmitter.<anonymous> (/data/Workspace/helios/starwards/modules/core/src/client/driver.ts:53:58)
          at /data/Workspace/helios/starwards/node_modules/colyseus.js/src/core/signal.ts:15:48
          at Array.forEach (<anonymous>)
          at EventEmitter.invoke (/data/Workspace/helios/starwards/node_modules/colyseus.js/src/core/signal.ts:15:19)
          at Function.register.invoke (/data/Workspace/helios/starwards/node_modules/colyseus.js/src/core/signal.ts:57:81)
          at WebSocket.connection.events.onclose (/data/Workspace/helios/starwards/node_modules/colyseus.js/src/Room.ts:89:30)
          at callListener (/data/Workspace/helios/starwards/node_modules/colyseus.js/node_modules/ws/lib/event-target.js:290:14)
          at WebSocket.onClose (/data/Workspace/helios/starwards/node_modules/colyseus.js/node_modules/ws/lib/event-target.js:220:9)
          at WebSocket.emit (node:events:524:28)
          at WebSocket.emitClose (/data/Workspace/helios/starwards/node_modules/colyseus.js/node_modules/ws/lib/websocket.js:272:10)
          at Socket.socketOnClose (/data/Workspace/helios/starwards/node_modules/colyseus.js/node_modules/ws/lib/websocket.js:1341:15)
          at Socket.emit (node:events:524:28)
          at TCP.<anonymous> (node:net:343:12)

      at ConnectionManager.onConnectionError (modules/core/src/client/connection-manager.ts:144:21)
          at Array.forEach (<anonymous>)

    console.log
      connection error: TypeError: Cannot read properties of undefined (reading 'decoder')
          at wireEvents (/data/Workspace/helios/starwards/node_modules/colyseus-events/src/wire-events.ts:30:40)
          at /data/Workspace/helios/starwards/modules/core/src/client/admin.ts:20:5
          at processTicksAndRejections (node:internal/process/task_queues:95:5)
          at /data/Workspace/helios/starwards/modules/core/src/client/connection-manager.ts:131:21

      at ConnectionManager.onConnectionError (modules/core/src/client/connection-manager.ts:144:21)

    console.log
      connection error: Error: disconnected from server
          at EventEmitter.<anonymous> (/data/Workspace/helios/starwards/modules/core/src/client/driver.ts:53:58)
          at /data/Workspace/helios/starwards/node_modules/colyseus.js/src/core/signal.ts:15:48
          at Array.forEach (<anonymous>)
          at EventEmitter.invoke (/data/Workspace/helios/starwards/node_modules/colyseus.js/src/core/signal.ts:15:19)
          at Function.register.invoke (/data/Workspace/helios/starwards/node_modules/colyseus.js/src/core/signal.ts:57:81)
          at WebSocket.connection.events.onclose (/data/Workspace/helios/starwards/node_modules/colyseus.js/src/Room.ts:89:30)
          at callListener (/data/Workspace/helios/starwards/node_modules/colyseus.js/node_modules/ws/lib/event-target.js:290:14)
          at WebSocket.onClose (/data/Workspace/helios/starwards/node_modules/colyseus.js/node_modules/ws/lib/event-target.js:220:9)
          at WebSocket.emit (node:events:524:28)
          at WebSocket.emitClose (/data/Workspace/helios/starwards/node_modules/colyseus.js/node_modules/ws/lib/websocket.js:272:10)
          at Socket.socketOnClose (/data/Workspace/helios/starwards/node_modules/colyseus.js/node_modules/ws/lib/websocket.js:1341:15)
          at Socket.emit (node:events:524:28)
          at TCP.<anonymous> (node:net:343:12)

      at ConnectionManager.onConnectionError (modules/core/src/client/connection-manager.ts:144:21)
          at Array.forEach (<anonymous>)

    console.log
      connection error: TypeError: Cannot read properties of undefined (reading 'decoder')
          at wireEvents (/data/Workspace/helios/starwards/node_modules/colyseus-events/src/wire-events.ts:30:40)
          at /data/Workspace/helios/starwards/modules/core/src/client/admin.ts:20:5
          at processTicksAndRejections (node:internal/process/task_queues:95:5)
          at /data/Workspace/helios/starwards/modules/core/src/client/connection-manager.ts:131:21

      at ConnectionManager.onConnectionError (modules/core/src/client/connection-manager.ts:144:21)

    console.log
      connection error: Error: disconnected from server
          at EventEmitter.<anonymous> (/data/Workspace/helios/starwards/modules/core/src/client/driver.ts:53:58)
          at /data/Workspace/helios/starwards/node_modules/colyseus.js/src/core/signal.ts:15:48
          at Array.forEach (<anonymous>)
          at EventEmitter.invoke (/data/Workspace/helios/starwards/node_modules/colyseus.js/src/core/signal.ts:15:19)
          at Function.register.invoke (/data/Workspace/helios/starwards/node_modules/colyseus.js/src/core/signal.ts:57:81)
          at WebSocket.connection.events.onclose (/data/Workspace/helios/starwards/node_modules/colyseus.js/src/Room.ts:89:30)
          at callListener (/data/Workspace/helios/starwards/node_modules/colyseus.js/node_modules/ws/lib/event-target.js:290:14)
          at WebSocket.onClose (/data/Workspace/helios/starwards/node_modules/colyseus.js/node_modules/ws/lib/event-target.js:220:9)
          at WebSocket.emit (node:events:524:28)
          at WebSocket.emitClose (/data/Workspace/helios/starwards/node_modules/colyseus.js/node_modules/ws/lib/websocket.js:272:10)
          at Socket.socketOnClose (/data/Workspace/helios/starwards/node_modules/colyseus.js/node_modules/ws/lib/websocket.js:1341:15)
          at Socket.emit (node:events:524:28)
          at TCP.<anonymous> (node:net:343:12)

      at ConnectionManager.onConnectionError (modules/core/src/client/connection-manager.ts:144:21)
          at Array.forEach (<anonymous>)

    console.log
      connection error: TypeError: Cannot read properties of undefined (reading 'decoder')
          at wireEvents (/data/Workspace/helios/starwards/node_modules/colyseus-events/src/wire-events.ts:30:40)
          at /data/Workspace/helios/starwards/modules/core/src/client/admin.ts:20:5
          at processTicksAndRejections (node:internal/process/task_queues:95:5)
          at /data/Workspace/helios/starwards/modules/core/src/client/connection-manager.ts:131:21

      at ConnectionManager.onConnectionError (modules/core/src/client/connection-manager.ts:144:21)

    console.log
      connection error: Error: disconnected from server
          at EventEmitter.<anonymous> (/data/Workspace/helios/starwards/modules/core/src/client/driver.ts:53:58)
          at /data/Workspace/helios/starwards/node_modules/colyseus.js/src/core/signal.ts:15:48
          at Array.forEach (<anonymous>)
          at EventEmitter.invoke (/data/Workspace/helios/starwards/node_modules/colyseus.js/src/core/signal.ts:15:19)
          at Function.register.invoke (/data/Workspace/helios/starwards/node_modules/colyseus.js/src/core/signal.ts:57:81)
          at WebSocket.connection.events.onclose (/data/Workspace/helios/starwards/node_modules/colyseus.js/src/Room.ts:89:30)
          at callListener (/data/Workspace/helios/starwards/node_modules/colyseus.js/node_modules/ws/lib/event-target.js:290:14)
          at WebSocket.onClose (/data/Workspace/helios/starwards/node_modules/colyseus.js/node_modules/ws/lib/event-target.js:220:9)
          at WebSocket.emit (node:events:524:28)
          at WebSocket.emitClose (/data/Workspace/helios/starwards/node_modules/colyseus.js/node_modules/ws/lib/websocket.js:272:10)
          at Socket.socketOnClose (/data/Workspace/helios/starwards/node_modules/colyseus.js/node_modules/ws/lib/websocket.js:1341:15)
          at Socket.emit (node:events:524:28)
          at TCP.<anonymous> (node:net:343:12)

      at ConnectionManager.onConnectionError (modules/core/src/client/connection-manager.ts:144:21)
          at Array.forEach (<anonymous>)

    console.log
      connection error: TypeError: Cannot read properties of undefined (reading 'decoder')
          at wireEvents (/data/Workspace/helios/starwards/node_modules/colyseus-events/src/wire-events.ts:30:40)
          at /data/Workspace/helios/starwards/modules/core/src/client/admin.ts:20:5
          at processTicksAndRejections (node:internal/process/task_queues:95:5)
          at /data/Workspace/helios/starwards/modules/core/src/client/connection-manager.ts:131:21

      at ConnectionManager.onConnectionError (modules/core/src/client/connection-manager.ts:144:21)

    console.log
      connection error: Error: disconnected from server
          at EventEmitter.<anonymous> (/data/Workspace/helios/starwards/modules/core/src/client/driver.ts:53:58)
          at /data/Workspace/helios/starwards/node_modules/colyseus.js/src/core/signal.ts:15:48
          at Array.forEach (<anonymous>)
          at EventEmitter.invoke (/data/Workspace/helios/starwards/node_modules/colyseus.js/src/core/signal.ts:15:19)
          at Function.register.invoke (/data/Workspace/helios/starwards/node_modules/colyseus.js/src/core/signal.ts:57:81)
          at WebSocket.connection.events.onclose (/data/Workspace/helios/starwards/node_modules/colyseus.js/src/Room.ts:89:30)
          at callListener (/data/Workspace/helios/starwards/node_modules/colyseus.js/node_modules/ws/lib/event-target.js:290:14)
          at WebSocket.onClose (/data/Workspace/helios/starwards/node_modules/colyseus.js/node_modules/ws/lib/event-target.js:220:9)
          at WebSocket.emit (node:events:524:28)
          at WebSocket.emitClose (/data/Workspace/helios/starwards/node_modules/colyseus.js/node_modules/ws/lib/websocket.js:272:10)
          at Socket.socketOnClose (/data/Workspace/helios/starwards/node_modules/colyseus.js/node_modules/ws/lib/websocket.js:1341:15)
          at Socket.emit (node:events:524:28)
          at TCP.<anonymous> (node:net:343:12)

      at ConnectionManager.onConnectionError (modules/core/src/client/connection-manager.ts:144:21)
          at Array.forEach (<anonymous>)

    console.log
      connection error: TypeError: Cannot read properties of undefined (reading 'decoder')
          at wireEvents (/data/Workspace/helios/starwards/node_modules/colyseus-events/src/wire-events.ts:30:40)
          at /data/Workspace/helios/starwards/modules/core/src/client/admin.ts:20:5
          at processTicksAndRejections (node:internal/process/task_queues:95:5)
          at /data/Workspace/helios/starwards/modules/core/src/client/connection-manager.ts:131:21

      at ConnectionManager.onConnectionError (modules/core/src/client/connection-manager.ts:144:21)

    console.log
      connection error: Error: disconnected from server
          at EventEmitter.<anonymous> (/data/Workspace/helios/starwards/modules/core/src/client/driver.ts:53:58)
          at /data/Workspace/helios/starwards/node_modules/colyseus.js/src/core/signal.ts:15:48
          at Array.forEach (<anonymous>)
          at EventEmitter.invoke (/data/Workspace/helios/starwards/node_modules/colyseus.js/src/core/signal.ts:15:19)
          at Function.register.invoke (/data/Workspace/helios/starwards/node_modules/colyseus.js/src/core/signal.ts:57:81)
          at WebSocket.connection.events.onclose (/data/Workspace/helios/starwards/node_modules/colyseus.js/src/Room.ts:89:30)
          at callListener (/data/Workspace/helios/starwards/node_modules/colyseus.js/node_modules/ws/lib/event-target.js:290:14)
          at WebSocket.onClose (/data/Workspace/helios/starwards/node_modules/colyseus.js/node_modules/ws/lib/event-target.js:220:9)
          at WebSocket.emit (node:events:524:28)
          at WebSocket.emitClose (/data/Workspace/helios/starwards/node_modules/colyseus.js/node_modules/ws/lib/websocket.js:272:10)
          at Socket.socketOnClose (/data/Workspace/helios/starwards/node_modules/colyseus.js/node_modules/ws/lib/websocket.js:1341:15)
          at Socket.emit (node:events:524:28)
          at TCP.<anonymous> (node:net:343:12)

      at ConnectionManager.onConnectionError (modules/core/src/client/connection-manager.ts:144:21)
          at Array.forEach (<anonymous>)

    console.log
      connection error: TypeError: Cannot read properties of undefined (reading 'decoder')
          at wireEvents (/data/Workspace/helios/starwards/node_modules/colyseus-events/src/wire-events.ts:30:40)
          at /data/Workspace/helios/starwards/modules/core/src/client/admin.ts:20:5
          at processTicksAndRejections (node:internal/process/task_queues:95:5)
          at /data/Workspace/helios/starwards/modules/core/src/client/connection-manager.ts:131:21

      at ConnectionManager.onConnectionError (modules/core/src/client/connection-manager.ts:144:21)

    console.log
      connection error: Error: disconnected from server
          at EventEmitter.<anonymous> (/data/Workspace/helios/starwards/modules/core/src/client/driver.ts:53:58)
          at /data/Workspace/helios/starwards/node_modules/colyseus.js/src/core/signal.ts:15:48
          at Array.forEach (<anonymous>)
          at EventEmitter.invoke (/data/Workspace/helios/starwards/node_modules/colyseus.js/src/core/signal.ts:15:19)
          at Function.register.invoke (/data/Workspace/helios/starwards/node_modules/colyseus.js/src/core/signal.ts:57:81)
          at WebSocket.connection.events.onclose (/data/Workspace/helios/starwards/node_modules/colyseus.js/src/Room.ts:89:30)
          at callListener (/data/Workspace/helios/starwards/node_modules/colyseus.js/node_modules/ws/lib/event-target.js:290:14)
          at WebSocket.onClose (/data/Workspace/helios/starwards/node_modules/colyseus.js/node_modules/ws/lib/event-target.js:220:9)
          at WebSocket.emit (node:events:524:28)
          at WebSocket.emitClose (/data/Workspace/helios/starwards/node_modules/colyseus.js/node_modules/ws/lib/websocket.js:272:10)
          at Socket.socketOnClose (/data/Workspace/helios/starwards/node_modules/colyseus.js/node_modules/ws/lib/websocket.js:1341:15)
          at Socket.emit (node:events:524:28)
          at TCP.<anonymous> (node:net:343:12)

      at ConnectionManager.onConnectionError (modules/core/src/client/connection-manager.ts:144:21)
          at Array.forEach (<anonymous>)

    console.log
      connection error: TypeError: Cannot read properties of undefined (reading 'decoder')
          at wireEvents (/data/Workspace/helios/starwards/node_modules/colyseus-events/src/wire-events.ts:30:40)
          at /data/Workspace/helios/starwards/modules/core/src/client/admin.ts:20:5
          at processTicksAndRejections (node:internal/process/task_queues:95:5)
          at /data/Workspace/helios/starwards/modules/core/src/client/connection-manager.ts:131:21

      at ConnectionManager.onConnectionError (modules/core/src/client/connection-manager.ts:144:21)

    console.log
      connection error: Error: disconnected from server
          at EventEmitter.<anonymous> (/data/Workspace/helios/starwards/modules/core/src/client/driver.ts:53:58)
          at /data/Workspace/helios/starwards/node_modules/colyseus.js/src/core/signal.ts:15:48
          at Array.forEach (<anonymous>)
          at EventEmitter.invoke (/data/Workspace/helios/starwards/node_modules/colyseus.js/src/core/signal.ts:15:19)
          at Function.register.invoke (/data/Workspace/helios/starwards/node_modules/colyseus.js/src/core/signal.ts:57:81)
          at WebSocket.connection.events.onclose (/data/Workspace/helios/starwards/node_modules/colyseus.js/src/Room.ts:89:30)
          at callListener (/data/Workspace/helios/starwards/node_modules/colyseus.js/node_modules/ws/lib/event-target.js:290:14)
          at WebSocket.onClose (/data/Workspace/helios/starwards/node_modules/colyseus.js/node_modules/ws/lib/event-target.js:220:9)
          at WebSocket.emit (node:events:524:28)
          at WebSocket.emitClose (/data/Workspace/helios/starwards/node_modules/colyseus.js/node_modules/ws/lib/websocket.js:272:10)
          at Socket.socketOnClose (/data/Workspace/helios/starwards/node_modules/colyseus.js/node_modules/ws/lib/websocket.js:1341:15)
          at Socket.emit (node:events:524:28)
          at TCP.<anonymous> (node:net:343:12)

      at ConnectionManager.onConnectionError (modules/core/src/client/connection-manager.ts:144:21)
          at Array.forEach (<anonymous>)

    console.log
      connection error: TypeError: Cannot read properties of undefined (reading 'decoder')
          at wireEvents (/data/Workspace/helios/starwards/node_modules/colyseus-events/src/wire-events.ts:30:40)
          at /data/Workspace/helios/starwards/modules/core/src/client/admin.ts:20:5
          at processTicksAndRejections (node:internal/process/task_queues:95:5)
          at /data/Workspace/helios/starwards/modules/core/src/client/connection-manager.ts:131:21

      at ConnectionManager.onConnectionError (modules/core/src/client/connection-manager.ts:144:21)

    console.log
      connection error: Error: disconnected from server
          at EventEmitter.<anonymous> (/data/Workspace/helios/starwards/modules/core/src/client/driver.ts:53:58)
          at /data/Workspace/helios/starwards/node_modules/colyseus.js/src/core/signal.ts:15:48
          at Array.forEach (<anonymous>)
          at EventEmitter.invoke (/data/Workspace/helios/starwards/node_modules/colyseus.js/src/core/signal.ts:15:19)
          at Function.register.invoke (/data/Workspace/helios/starwards/node_modules/colyseus.js/src/core/signal.ts:57:81)
          at WebSocket.connection.events.onclose (/data/Workspace/helios/starwards/node_modules/colyseus.js/src/Room.ts:89:30)
          at callListener (/data/Workspace/helios/starwards/node_modules/colyseus.js/node_modules/ws/lib/event-target.js:290:14)
          at WebSocket.onClose (/data/Workspace/helios/starwards/node_modules/colyseus.js/node_modules/ws/lib/event-target.js:220:9)
          at WebSocket.emit (node:events:524:28)
          at WebSocket.emitClose (/data/Workspace/helios/starwards/node_modules/colyseus.js/node_modules/ws/lib/websocket.js:272:10)
          at Socket.socketOnClose (/data/Workspace/helios/starwards/node_modules/colyseus.js/node_modules/ws/lib/websocket.js:1341:15)
          at Socket.emit (node:events:524:28)
          at TCP.<anonymous> (node:net:343:12)

      at ConnectionManager.onConnectionError (modules/core/src/client/connection-manager.ts:144:21)
          at Array.forEach (<anonymous>)

    console.log
      connection error: TypeError: Cannot read properties of undefined (reading 'decoder')
          at wireEvents (/data/Workspace/helios/starwards/node_modules/colyseus-events/src/wire-events.ts:30:40)
          at /data/Workspace/helios/starwards/modules/core/src/client/admin.ts:20:5
          at processTicksAndRejections (node:internal/process/task_queues:95:5)
          at /data/Workspace/helios/starwards/modules/core/src/client/connection-manager.ts:131:21

      at ConnectionManager.onConnectionError (modules/core/src/client/connection-manager.ts:144:21)

    console.log
      connection error: Error: disconnected from server
          at EventEmitter.<anonymous> (/data/Workspace/helios/starwards/modules/core/src/client/driver.ts:53:58)
          at /data/Workspace/helios/starwards/node_modules/colyseus.js/src/core/signal.ts:15:48
          at Array.forEach (<anonymous>)
          at EventEmitter.invoke (/data/Workspace/helios/starwards/node_modules/colyseus.js/src/core/signal.ts:15:19)
          at Function.register.invoke (/data/Workspace/helios/starwards/node_modules/colyseus.js/src/core/signal.ts:57:81)
          at WebSocket.connection.events.onclose (/data/Workspace/helios/starwards/node_modules/colyseus.js/src/Room.ts:89:30)
          at callListener (/data/Workspace/helios/starwards/node_modules/colyseus.js/node_modules/ws/lib/event-target.js:290:14)
          at WebSocket.onClose (/data/Workspace/helios/starwards/node_modules/colyseus.js/node_modules/ws/lib/event-target.js:220:9)
          at WebSocket.emit (node:events:524:28)
          at WebSocket.emitClose (/data/Workspace/helios/starwards/node_modules/colyseus.js/node_modules/ws/lib/websocket.js:272:10)
          at Socket.socketOnClose (/data/Workspace/helios/starwards/node_modules/colyseus.js/node_modules/ws/lib/websocket.js:1341:15)
          at Socket.emit (node:events:524:28)
          at TCP.<anonymous> (node:net:343:12)

      at ConnectionManager.onConnectionError (modules/core/src/client/connection-manager.ts:144:21)
          at Array.forEach (<anonymous>)

    console.log
      connection error: TypeError: Cannot read properties of undefined (reading 'decoder')
          at wireEvents (/data/Workspace/helios/starwards/node_modules/colyseus-events/src/wire-events.ts:30:40)
          at /data/Workspace/helios/starwards/modules/core/src/client/admin.ts:20:5
          at processTicksAndRejections (node:internal/process/task_queues:95:5)
          at /data/Workspace/helios/starwards/modules/core/src/client/connection-manager.ts:131:21

      at ConnectionManager.onConnectionError (modules/core/src/client/connection-manager.ts:144:21)

    console.log
      connection error: Error: disconnected from server
          at EventEmitter.<anonymous> (/data/Workspace/helios/starwards/modules/core/src/client/driver.ts:53:58)
          at /data/Workspace/helios/starwards/node_modules/colyseus.js/src/core/signal.ts:15:48
          at Array.forEach (<anonymous>)
          at EventEmitter.invoke (/data/Workspace/helios/starwards/node_modules/colyseus.js/src/core/signal.ts:15:19)
          at Function.register.invoke (/data/Workspace/helios/starwards/node_modules/colyseus.js/src/core/signal.ts:57:81)
          at WebSocket.connection.events.onclose (/data/Workspace/helios/starwards/node_modules/colyseus.js/src/Room.ts:89:30)
          at callListener (/data/Workspace/helios/starwards/node_modules/colyseus.js/node_modules/ws/lib/event-target.js:290:14)
          at WebSocket.onClose (/data/Workspace/helios/starwards/node_modules/colyseus.js/node_modules/ws/lib/event-target.js:220:9)
          at WebSocket.emit (node:events:524:28)
          at WebSocket.emitClose (/data/Workspace/helios/starwards/node_modules/colyseus.js/node_modules/ws/lib/websocket.js:272:10)
          at Socket.socketOnClose (/data/Workspace/helios/starwards/node_modules/colyseus.js/node_modules/ws/lib/websocket.js:1341:15)
          at Socket.emit (node:events:524:28)
          at TCP.<anonymous> (node:net:343:12)

      at ConnectionManager.onConnectionError (modules/core/src/client/connection-manager.ts:144:21)
          at Array.forEach (<anonymous>)

    console.log
      connection error: TypeError: Cannot read properties of undefined (reading 'decoder')
          at wireEvents (/data/Workspace/helios/starwards/node_modules/colyseus-events/src/wire-events.ts:30:40)
          at /data/Workspace/helios/starwards/modules/core/src/client/admin.ts:20:5
          at processTicksAndRejections (node:internal/process/task_queues:95:5)
          at /data/Workspace/helios/starwards/modules/core/src/client/connection-manager.ts:131:21

      at ConnectionManager.onConnectionError (modules/core/src/client/connection-manager.ts:144:21)

    console.log
      connection error: Error: disconnected from server
          at EventEmitter.<anonymous> (/data/Workspace/helios/starwards/modules/core/src/client/driver.ts:53:58)
          at /data/Workspace/helios/starwards/node_modules/colyseus.js/src/core/signal.ts:15:48
          at Array.forEach (<anonymous>)
          at EventEmitter.invoke (/data/Workspace/helios/starwards/node_modules/colyseus.js/src/core/signal.ts:15:19)
          at Function.register.invoke (/data/Workspace/helios/starwards/node_modules/colyseus.js/src/core/signal.ts:57:81)
          at WebSocket.connection.events.onclose (/data/Workspace/helios/starwards/node_modules/colyseus.js/src/Room.ts:89:30)
          at callListener (/data/Workspace/helios/starwards/node_modules/colyseus.js/node_modules/ws/lib/event-target.js:290:14)
          at WebSocket.onClose (/data/Workspace/helios/starwards/node_modules/colyseus.js/node_modules/ws/lib/event-target.js:220:9)
          at WebSocket.emit (node:events:524:28)
          at WebSocket.emitClose (/data/Workspace/helios/starwards/node_modules/colyseus.js/node_modules/ws/lib/websocket.js:272:10)
          at Socket.socketOnClose (/data/Workspace/helios/starwards/node_modules/colyseus.js/node_modules/ws/lib/websocket.js:1341:15)
          at Socket.emit (node:events:524:28)
          at TCP.<anonymous> (node:net:343:12)

      at ConnectionManager.onConnectionError (modules/core/src/client/connection-manager.ts:144:21)
          at Array.forEach (<anonymous>)

    console.log
      connection error: TypeError: Cannot read properties of undefined (reading 'decoder')
          at wireEvents (/data/Workspace/helios/starwards/node_modules/colyseus-events/src/wire-events.ts:30:40)
          at /data/Workspace/helios/starwards/modules/core/src/client/admin.ts:20:5
          at processTicksAndRejections (node:internal/process/task_queues:95:5)
          at /data/Workspace/helios/starwards/modules/core/src/client/connection-manager.ts:131:21

      at ConnectionManager.onConnectionError (modules/core/src/client/connection-manager.ts:144:21)

    console.log
      connection error: Error: disconnected from server
          at EventEmitter.<anonymous> (/data/Workspace/helios/starwards/modules/core/src/client/driver.ts:53:58)
          at /data/Workspace/helios/starwards/node_modules/colyseus.js/src/core/signal.ts:15:48
          at Array.forEach (<anonymous>)
          at EventEmitter.invoke (/data/Workspace/helios/starwards/node_modules/colyseus.js/src/core/signal.ts:15:19)
          at Function.register.invoke (/data/Workspace/helios/starwards/node_modules/colyseus.js/src/core/signal.ts:57:81)
          at WebSocket.connection.events.onclose (/data/Workspace/helios/starwards/node_modules/colyseus.js/src/Room.ts:89:30)
          at callListener (/data/Workspace/helios/starwards/node_modules/colyseus.js/node_modules/ws/lib/event-target.js:290:14)
          at WebSocket.onClose (/data/Workspace/helios/starwards/node_modules/colyseus.js/node_modules/ws/lib/event-target.js:220:9)
          at WebSocket.emit (node:events:524:28)
          at WebSocket.emitClose (/data/Workspace/helios/starwards/node_modules/colyseus.js/node_modules/ws/lib/websocket.js:272:10)
          at Socket.socketOnClose (/data/Workspace/helios/starwards/node_modules/colyseus.js/node_modules/ws/lib/websocket.js:1341:15)
          at Socket.emit (node:events:524:28)
          at TCP.<anonymous> (node:net:343:12)

      at ConnectionManager.onConnectionError (modules/core/src/client/connection-manager.ts:144:21)
          at Array.forEach (<anonymous>)

    console.log
      connection error: TypeError: Cannot read properties of undefined (reading 'decoder')
          at wireEvents (/data/Workspace/helios/starwards/node_modules/colyseus-events/src/wire-events.ts:30:40)
          at /data/Workspace/helios/starwards/modules/core/src/client/admin.ts:20:5
          at processTicksAndRejections (node:internal/process/task_queues:95:5)
          at /data/Workspace/helios/starwards/modules/core/src/client/connection-manager.ts:131:21

      at ConnectionManager.onConnectionError (modules/core/src/client/connection-manager.ts:144:21)

    console.log
      connection error: Error: disconnected from server
          at EventEmitter.<anonymous> (/data/Workspace/helios/starwards/modules/core/src/client/driver.ts:53:58)
          at /data/Workspace/helios/starwards/node_modules/colyseus.js/src/core/signal.ts:15:48
          at Array.forEach (<anonymous>)
          at EventEmitter.invoke (/data/Workspace/helios/starwards/node_modules/colyseus.js/src/core/signal.ts:15:19)
          at Function.register.invoke (/data/Workspace/helios/starwards/node_modules/colyseus.js/src/core/signal.ts:57:81)
          at WebSocket.connection.events.onclose (/data/Workspace/helios/starwards/node_modules/colyseus.js/src/Room.ts:89:30)
          at callListener (/data/Workspace/helios/starwards/node_modules/colyseus.js/node_modules/ws/lib/event-target.js:290:14)
          at WebSocket.onClose (/data/Workspace/helios/starwards/node_modules/colyseus.js/node_modules/ws/lib/event-target.js:220:9)
          at WebSocket.emit (node:events:524:28)
          at WebSocket.emitClose (/data/Workspace/helios/starwards/node_modules/colyseus.js/node_modules/ws/lib/websocket.js:272:10)
          at Socket.socketOnClose (/data/Workspace/helios/starwards/node_modules/colyseus.js/node_modules/ws/lib/websocket.js:1341:15)
          at Socket.emit (node:events:524:28)
          at TCP.<anonymous> (node:net:343:12)

      at ConnectionManager.onConnectionError (modules/core/src/client/connection-manager.ts:144:21)
          at Array.forEach (<anonymous>)

    console.log
      connection error: TypeError: Cannot read properties of undefined (reading 'decoder')
          at wireEvents (/data/Workspace/helios/starwards/node_modules/colyseus-events/src/wire-events.ts:30:40)
          at /data/Workspace/helios/starwards/modules/core/src/client/admin.ts:20:5
          at processTicksAndRejections (node:internal/process/task_queues:95:5)
          at /data/Workspace/helios/starwards/modules/core/src/client/connection-manager.ts:131:21

      at ConnectionManager.onConnectionError (modules/core/src/client/connection-manager.ts:144:21)

    console.log
      connection error: Error: disconnected from server
          at EventEmitter.<anonymous> (/data/Workspace/helios/starwards/modules/core/src/client/driver.ts:53:58)
          at /data/Workspace/helios/starwards/node_modules/colyseus.js/src/core/signal.ts:15:48
          at Array.forEach (<anonymous>)
          at EventEmitter.invoke (/data/Workspace/helios/starwards/node_modules/colyseus.js/src/core/signal.ts:15:19)
          at Function.register.invoke (/data/Workspace/helios/starwards/node_modules/colyseus.js/src/core/signal.ts:57:81)
          at WebSocket.connection.events.onclose (/data/Workspace/helios/starwards/node_modules/colyseus.js/src/Room.ts:89:30)
          at callListener (/data/Workspace/helios/starwards/node_modules/colyseus.js/node_modules/ws/lib/event-target.js:290:14)
          at WebSocket.onClose (/data/Workspace/helios/starwards/node_modules/colyseus.js/node_modules/ws/lib/event-target.js:220:9)
          at WebSocket.emit (node:events:524:28)
          at WebSocket.emitClose (/data/Workspace/helios/starwards/node_modules/colyseus.js/node_modules/ws/lib/websocket.js:272:10)
          at Socket.socketOnClose (/data/Workspace/helios/starwards/node_modules/colyseus.js/node_modules/ws/lib/websocket.js:1341:15)
          at Socket.emit (node:events:524:28)
          at TCP.<anonymous> (node:net:343:12)

      at ConnectionManager.onConnectionError (modules/core/src/client/connection-manager.ts:144:21)
          at Array.forEach (<anonymous>)

    console.log
      connection error: TypeError: Cannot read properties of undefined (reading 'decoder')
          at wireEvents (/data/Workspace/helios/starwards/node_modules/colyseus-events/src/wire-events.ts:30:40)
          at /data/Workspace/helios/starwards/modules/core/src/client/admin.ts:20:5
          at processTicksAndRejections (node:internal/process/task_queues:95:5)
          at /data/Workspace/helios/starwards/modules/core/src/client/connection-manager.ts:131:21

      at ConnectionManager.onConnectionError (modules/core/src/client/connection-manager.ts:144:21)

    console.log
      connection error: Error: disconnected from server
          at EventEmitter.<anonymous> (/data/Workspace/helios/starwards/modules/core/src/client/driver.ts:53:58)
          at /data/Workspace/helios/starwards/node_modules/colyseus.js/src/core/signal.ts:15:48
          at Array.forEach (<anonymous>)
          at EventEmitter.invoke (/data/Workspace/helios/starwards/node_modules/colyseus.js/src/core/signal.ts:15:19)
          at Function.register.invoke (/data/Workspace/helios/starwards/node_modules/colyseus.js/src/core/signal.ts:57:81)
          at WebSocket.connection.events.onclose (/data/Workspace/helios/starwards/node_modules/colyseus.js/src/Room.ts:89:30)
          at callListener (/data/Workspace/helios/starwards/node_modules/colyseus.js/node_modules/ws/lib/event-target.js:290:14)
          at WebSocket.onClose (/data/Workspace/helios/starwards/node_modules/colyseus.js/node_modules/ws/lib/event-target.js:220:9)
          at WebSocket.emit (node:events:524:28)
          at WebSocket.emitClose (/data/Workspace/helios/starwards/node_modules/colyseus.js/node_modules/ws/lib/websocket.js:272:10)
          at Socket.socketOnClose (/data/Workspace/helios/starwards/node_modules/colyseus.js/node_modules/ws/lib/websocket.js:1341:15)
          at Socket.emit (node:events:524:28)
          at TCP.<anonymous> (node:net:343:12)

      at ConnectionManager.onConnectionError (modules/core/src/client/connection-manager.ts:144:21)
          at Array.forEach (<anonymous>)

    console.log
      connection error: TypeError: Cannot read properties of undefined (reading 'decoder')
          at wireEvents (/data/Workspace/helios/starwards/node_modules/colyseus-events/src/wire-events.ts:30:40)
          at /data/Workspace/helios/starwards/modules/core/src/client/admin.ts:20:5
          at processTicksAndRejections (node:internal/process/task_queues:95:5)
          at /data/Workspace/helios/starwards/modules/core/src/client/connection-manager.ts:131:21

      at ConnectionManager.onConnectionError (modules/core/src/client/connection-manager.ts:144:21)

    console.log
      connection error: Error: disconnected from server
          at EventEmitter.<anonymous> (/data/Workspace/helios/starwards/modules/core/src/client/driver.ts:53:58)
          at /data/Workspace/helios/starwards/node_modules/colyseus.js/src/core/signal.ts:15:48
          at Array.forEach (<anonymous>)
          at EventEmitter.invoke (/data/Workspace/helios/starwards/node_modules/colyseus.js/src/core/signal.ts:15:19)
          at Function.register.invoke (/data/Workspace/helios/starwards/node_modules/colyseus.js/src/core/signal.ts:57:81)
          at WebSocket.connection.events.onclose (/data/Workspace/helios/starwards/node_modules/colyseus.js/src/Room.ts:89:30)
          at callListener (/data/Workspace/helios/starwards/node_modules/colyseus.js/node_modules/ws/lib/event-target.js:290:14)
          at WebSocket.onClose (/data/Workspace/helios/starwards/node_modules/colyseus.js/node_modules/ws/lib/event-target.js:220:9)
          at WebSocket.emit (node:events:524:28)
          at WebSocket.emitClose (/data/Workspace/helios/starwards/node_modules/colyseus.js/node_modules/ws/lib/websocket.js:272:10)
          at Socket.socketOnClose (/data/Workspace/helios/starwards/node_modules/colyseus.js/node_modules/ws/lib/websocket.js:1341:15)
          at Socket.emit (node:events:524:28)
          at TCP.<anonymous> (node:net:343:12)

      at ConnectionManager.onConnectionError (modules/core/src/client/connection-manager.ts:144:21)
          at Array.forEach (<anonymous>)

  ● client status › with server › getStatus() returns connected

    expect(received).toEqual(expected) // deep equality

    - Expected  - 2
    + Received  + 2

      Object {
    -   "status": 1,
    -   "text": "no active game",
    +   "status": 0,
    +   "text": "err: Cannot read properties of undefined (reading 'decoder')",
      }

       6 |
       7 | const waitForStatus = (actual: () => Promise<StatusInfo>, expected: Partial<StatusInfo>) =>
    >  8 |     waitFor(async () => expect(await actual()).toEqual(expected), 3_000);
         |                                                ^
       9 |
      10 | const connectedNoActiveGame = Object.freeze({ status: Status.CONNECTED, text: 'no active game' });
      11 | const shipFound = Object.freeze({ status: Status.SHIP_FOUND, text: '' });

      at modules/core/test/client-status.spec.ts:8:48
      at waitFor (modules/core/src/utils.ts:66:20)
      at Object.<anonymous> (modules/core/test/client-status.spec.ts:33:13)

  ● client status › with server › and a active game › getStatus() returns game running

    expect(received).toEqual(expected) // deep equality

    - Expected  - 2
    + Received  + 2

      Object {
    -   "status": 2,
    -   "text": "",
    +   "status": 0,
    +   "text": "err: disconnected from server",
      }

       6 |
       7 | const waitForStatus = (actual: () => Promise<StatusInfo>, expected: Partial<StatusInfo>) =>
    >  8 |     waitFor(async () => expect(await actual()).toEqual(expected), 3_000);
         |                                                ^
       9 |
      10 | const connectedNoActiveGame = Object.freeze({ status: Status.CONNECTED, text: 'no active game' });
      11 | const shipFound = Object.freeze({ status: Status.SHIP_FOUND, text: '' });

      at modules/core/test/client-status.spec.ts:8:48
      at waitFor (modules/core/src/utils.ts:66:20)
      at Object.<anonymous> (modules/core/test/client-status.spec.ts:41:17)

  ● client status › with server › and a active game › getStatus() returns ship not found

    expect(received).toEqual(expected) // deep equality

    - Expected  - 2
    + Received  + 2

      Object {
    -   "status": 2,
    -   "text": "ship not found",
    +   "status": 0,
    +   "text": "err: Cannot read properties of undefined (reading 'decoder')",
      }

       6 |
       7 | const waitForStatus = (actual: () => Promise<StatusInfo>, expected: Partial<StatusInfo>) =>
    >  8 |     waitFor(async () => expect(await actual()).toEqual(expected), 3_000);
         |                                                ^
       9 |
      10 | const connectedNoActiveGame = Object.freeze({ status: Status.CONNECTED, text: 'no active game' });
      11 | const shipFound = Object.freeze({ status: Status.SHIP_FOUND, text: '' });

      at modules/core/test/client-status.spec.ts:8:48
      at waitFor (modules/core/src/utils.ts:66:20)
      at Object.<anonymous> (modules/core/test/client-status.spec.ts:48:17)

  ● client status › with server › and a active game › getStatus() returns ship found

    expect(received).toEqual(expected) // deep equality

    - Expected  - 2
    + Received  + 2

      Object {
    -   "status": 3,
    -   "text": "",
    +   "status": 0,
    +   "text": "err: disconnected from server",
      }

       6 |
       7 | const waitForStatus = (actual: () => Promise<StatusInfo>, expected: Partial<StatusInfo>) =>
    >  8 |     waitFor(async () => expect(await actual()).toEqual(expected), 3_000);
         |                                                ^
       9 |
      10 | const connectedNoActiveGame = Object.freeze({ status: Status.CONNECTED, text: 'no active game' });
      11 | const shipFound = Object.freeze({ status: Status.SHIP_FOUND, text: '' });

      at modules/core/test/client-status.spec.ts:8:48
      at waitFor (modules/core/src/utils.ts:66:20)
      at Object.<anonymous> (modules/core/test/client-status.spec.ts:55:17)

  ● client status › with server › onStatusChange() emits current status

    expect(received).toBeTruthy()

    Received: false

      57 |         });
      58 |         it('onStatusChange() emits current status', async () => {
    > 59 |             await waitFor(() => expect(clientDriver.driver.isConnected).toBeTruthy(), 3_000);
         |                                                                         ^
      60 |             const statuses: StatusInfo[] = [];
      61 |             new ClientStatus(clientDriver.driver).onStatusChange((s) => statuses.push(s));
      62 |             await waitFor(() => expect(statuses).toEqual([connectedNoActiveGame]), 3_000);

      at modules/core/test/client-status.spec.ts:59:73
      at waitFor (modules/core/src/utils.ts:66:26)
      at Object.<anonymous> (modules/core/test/client-status.spec.ts:59:13)

  ● client status › with server › onStatusChange() tracks changes

    expect(received).toEqual(expected) // deep equality

    - Expected  - 2
    + Received  + 2

      Object {
    -   "status": 1,
    -   "text": "no active game",
    +   "status": 0,
    +   "text": "err: Cannot read properties of undefined (reading 'decoder')",
      }

      65 |             const statuses: StatusInfo[] = [];
      66 |             new ClientStatus(clientDriver.driver, test_map_1.testShipId).onStatusChange((s) => statuses.push(s));
    > 67 |             await waitFor(() => expect(statuses.pop()).toEqual(connectedNoActiveGame), 3_000);
         |                                                        ^
      68 |             await gameDriver.gameManager.startGame(test_map_1);
      69 |             await waitFor(() => expect(statuses.pop()).toEqual(shipFound), 3_000);
      70 |         });

      at modules/core/test/client-status.spec.ts:67:56
      at waitFor (modules/core/src/utils.ts:66:26)
      at Object.<anonymous> (modules/core/test/client-status.spec.ts:67:13)

  ● client status › with server › onStatusChange() detects disconnection and reconnection

    expect(received).toEqual(expected) // deep equality

    - Expected  - 2
    + Received  + 2

      Object {
    -   "status": 3,
    -   "text": "",
    +   "status": 0,
    +   "text": "err: Cannot read properties of undefined (reading 'decoder')",
      }

      73 |             new ClientStatus(clientDriver.driver, test_map_1.testShipId).onStatusChange((s) => statuses.push(s));
      74 |             await gameDriver.gameManager.startGame(test_map_1);
    > 75 |             await waitFor(() => expect(statuses.pop()).toEqual(shipFound), 3_000);
         |                                                        ^
      76 |             await gameDriver.sockets.stop();
      77 |             await waitFor(() => expect(statuses.pop()).toEqual(disconnected), 3_000);
      78 |             await gameDriver.sockets.resume();

      at modules/core/test/client-status.spec.ts:75:56
      at waitFor (modules/core/src/utils.ts:66:26)
      at Object.<anonymous> (modules/core/test/client-status.spec.ts:75:13)

A worker process has failed to exit gracefully and has been force exited. This is likely caused by tests leaking due to improper teardown. Try running with --detectOpenHandles to find leaks. Active timers can also cause this, ensure that .unref() was called on them.
Test Suites: 8 failed, 11 passed, 19 total
Tests:       21 failed, 2 skipped, 68 passed, 91 total
Snapshots:   0 total
Time:        23.779 s
Ran all test suites in 3 projects.
